2019-04-29 00:20:03 GC log file created /opt/logs/com.sankuai.hotel.cbs.pricecore/gc.log.1
Java HotSpot(TM) 64-Bit Server VM (25.45-b02) for linux-amd64 JRE (1.8.0_45-b14), built on Apr 10 2015 10:07:45 by "java_re" with gcc 4.3.0 20080428 (Red Hat 4.3.0-8)
Memory: 4k page, physical 8388608k(75799808k free), swap 33553404k(33379272k free)
CommandLine flags: -XX:+AlwaysPreTouch -XX:AutoBoxCacheMax=60000 -XX:CICompilerCount=4 -XX:ConcGCThreads=4 -XX:ErrorFile=/opt/logs/com.sankuai.hotel.cbs.pricecore/vmerr.log -XX:G1HeapRegionSize=4194304 -XX:GCLogFileSize=10485760 -XX:HeapDumpPath=/opt/logs/com.sankuai.hotel.cbs.pricecore/heaperr.log -XX:InitialCodeCacheSize=134217728 -XX:InitialHeapSize=4718592000 -XX:InitiatingHeapOccupancyPercent=45 -XX:MarkStackSize=4194304 -XX:MaxGCPauseMillis=60 -XX:MaxHeapSize=4718592000 -XX:MaxMetaspaceSize=268435456 -XX:MaxNewSize=2357198848 -XX:MetaspaceSize=268435456 -XX:MinHeapDeltaBytes=4194304 -XX:NewRatio=1 -XX:NumberOfGCLogFiles=5 -XX:-OmitStackTraceInFastThrow -XX:+PrintAdaptiveSizePolicy -XX:+PrintGC -XX:+PrintGCDateStamps -XX:+PrintGCDetails -XX:+PrintGCTimeStamps -XX:+PrintHeapAtGC -XX:+PrintTenuringDistribution -XX:ReservedCodeCacheSize=134217728 -XX:ThreadStackSize=512 -XX:+UseCompressedClassPointers -XX:+UseCompressedOops -XX:+UseFastUnorderedTimeStamps -XX:+UseG1GC -XX:+UseGCLogFileRotation 
{Heap before GC invocations=32853 (full 0):
 garbage-first heap   total 4608000K, used 3625009K [0x00000006a6c00000, 0x00000006a7002328, 0x00000007c0000000)
  region size 4096K, 562 young (2301952K), 9 survivors (36864K)
 Metaspace       used 124692K, capacity 128524K, committed 129664K, reserved 1165312K
  class space    used 13846K, capacity 14512K, committed 14720K, reserved 1048576K
2019-04-29T00:20:52.822+0800: 1496862.040: [GC pause (G1 Evacuation Pause) (young)
Desired survivor size 148897792 bytes, new threshold 15 (max 15)
- age   1:   24088480 bytes,   24088480 total
- age   2:     686808 bytes,   24775288 total
- age   3:     273520 bytes,   25048808 total
- age   4:     165144 bytes,   25213952 total
- age   5:     781368 bytes,   25995320 total
- age   6:     152144 bytes,   26147464 total
- age   7:     412240 bytes,   26559704 total
- age   8:     432520 bytes,   26992224 total
- age   9:     317776 bytes,   27310000 total
- age  10:     121688 bytes,   27431688 total
- age  11:     244928 bytes,   27676616 total
- age  12:     170176 bytes,   27846792 total
- age  13:     268384 bytes,   28115176 total
- age  14:     258128 bytes,   28373304 total
- age  15:     452920 bytes,   28826224 total
 1496862.041: [G1Ergonomics (CSet Construction) start choosing CSet, _pending_cards: 26034, predicted base time: 9.26 ms, remaining time: 50.74 ms, target pause time: 60.00 ms]
 1496862.041: [G1Ergonomics (CSet Construction) add young regions to CSet, eden: 553 regions, survivors: 9 regions, predicted young region time: 152.70 ms]
 1496862.041: [G1Ergonomics (CSet Construction) finish choosing CSet, eden: 553 regions, survivors: 9 regions, old: 0 regions, predicted pause time: 161.96 ms, target pause time: 60.00 ms]
, 0.0209350 secs]
   [Parallel Time: 18.7 ms, GC Workers: 8]
      [GC Worker Start (ms): Min: 1496862040.8, Avg: 1496862040.9, Max: 1496862040.9, Diff: 0.1]
      [Ext Root Scanning (ms): Min: 1.3, Avg: 1.5, Max: 2.4, Diff: 1.2, Sum: 12.2]
      [Update RS (ms): Min: 5.6, Avg: 6.4, Max: 6.8, Diff: 1.2, Sum: 51.2]
         [Processed Buffers: Min: 15, Avg: 25.5, Max: 42, Diff: 27, Sum: 204]
      [Scan RS (ms): Min: 0.0, Avg: 0.1, Max: 0.1, Diff: 0.1, Sum: 0.7]
      [Code Root Scanning (ms): Min: 0.0, Avg: 0.0, Max: 0.0, Diff: 0.0, Sum: 0.0]
      [Object Copy (ms): Min: 10.5, Avg: 10.5, Max: 10.6, Diff: 0.2, Sum: 84.3]
      [Termination (ms): Min: 0.0, Avg: 0.0, Max: 0.0, Diff: 0.0, Sum: 0.0]
      [GC Worker Other (ms): Min: 0.0, Avg: 0.1, Max: 0.1, Diff: 0.0, Sum: 0.4]
      [GC Worker Total (ms): Min: 18.6, Avg: 18.6, Max: 18.7, Diff: 0.1, Sum: 148.9]
      [GC Worker End (ms): Min: 1496862059.5, Avg: 1496862059.5, Max: 1496862059.5, Diff: 0.0]
   [Code Root Fixup: 0.2 ms]
   [Code Root Purge: 0.0 ms]
   [Clear CT: 0.2 ms]
   [Other: 1.8 ms]
      [Choose CSet: 0.0 ms]
      [Ref Proc: 0.2 ms]
      [Ref Enq: 0.0 ms]
      [Redirty Cards: 0.1 ms]
      [Humongous Reclaim: 0.0 ms]
      [Free CSet: 0.9 ms]
   [Eden: 2212.0M(2212.0M)->0.0B(2212.0M) Survivors: 36.0M->36.0M Heap: 3540.0M(4500.0M)->1328.7M(4500.0M)]
Heap after GC invocations=32854 (full 0):
 garbage-first heap   total 4608000K, used 1360594K [0x00000006a6c00000, 0x00000006a7002328, 0x00000007c0000000)
  region size 4096K, 9 young (36864K), 9 survivors (36864K)
 Metaspace       used 124692K, capacity 128524K, committed 129664K, reserved 1165312K
  class space    used 13846K, capacity 14512K, committed 14720K, reserved 1048576K
}
 [Times: user=0.12 sys=0.03, real=0.02 secs] 
{Heap before GC invocations=32854 (full 0):
 garbage-first heap   total 4608000K, used 3625682K [0x00000006a6c00000, 0x00000006a7002328, 0x00000007c0000000)
  region size 4096K, 562 young (2301952K), 9 survivors (36864K)
 Metaspace       used 124692K, capacity 128524K, committed 129664K, reserved 1165312K
  class space    used 13846K, capacity 14512K, committed 14720K, reserved 1048576K
2019-04-29T00:21:39.089+0800: 1496908.308: [GC pause (G1 Evacuation Pause) (young)
Desired survivor size 148897792 bytes, new threshold 15 (max 15)
- age   1:   17289224 bytes,   17289224 total
- age   2:     750648 bytes,   18039872 total
- age   3:     476160 bytes,   18516032 total
- age   4:     271144 bytes,   18787176 total
- age   5:     164024 bytes,   18951200 total
- age   6:     779128 bytes,   19730328 total
- age   7:     150040 bytes,   19880368 total
- age   8:     368744 bytes,   20249112 total
- age   9:     432520 bytes,   20681632 total
- age  10:     317552 bytes,   20999184 total
- age  11:     121352 bytes,   21120536 total
- age  12:     244816 bytes,   21365352 total
- age  13:     170176 bytes,   21535528 total
- age  14:     268384 bytes,   21803912 total
- age  15:     258064 bytes,   22061976 total
 1496908.308: [G1Ergonomics (CSet Construction) start choosing CSet, _pending_cards: 23960, predicted base time: 8.74 ms, remaining time: 51.26 ms, target pause time: 60.00 ms]
 1496908.308: [G1Ergonomics (CSet Construction) add young regions to CSet, eden: 553 regions, survivors: 9 regions, predicted young region time: 118.76 ms]
 1496908.308: [G1Ergonomics (CSet Construction) finish choosing CSet, eden: 553 regions, survivors: 9 regions, old: 0 regions, predicted pause time: 127.49 ms, target pause time: 60.00 ms]
, 0.0194750 secs]
   [Parallel Time: 17.6 ms, GC Workers: 8]
      [GC Worker Start (ms): Min: 1496908308.5, Avg: 1496908308.5, Max: 1496908308.5, Diff: 0.1]
      [Ext Root Scanning (ms): Min: 1.1, Avg: 1.3, Max: 2.1, Diff: 1.0, Sum: 10.6]
      [Update RS (ms): Min: 5.1, Avg: 5.8, Max: 6.1, Diff: 0.9, Sum: 46.3]
         [Processed Buffers: Min: 14, Avg: 24.8, Max: 53, Diff: 39, Sum: 198]
      [Scan RS (ms): Min: 0.0, Avg: 0.1, Max: 0.1, Diff: 0.1, Sum: 0.6]
      [Code Root Scanning (ms): Min: 0.0, Avg: 0.0, Max: 0.0, Diff: 0.0, Sum: 0.0]
      [Object Copy (ms): Min: 10.0, Avg: 10.2, Max: 10.3, Diff: 0.2, Sum: 81.7]
      [Termination (ms): Min: 0.0, Avg: 0.0, Max: 0.0, Diff: 0.0, Sum: 0.0]
      [GC Worker Other (ms): Min: 0.0, Avg: 0.0, Max: 0.1, Diff: 0.1, Sum: 0.3]
      [GC Worker Total (ms): Min: 17.4, Avg: 17.5, Max: 17.5, Diff: 0.1, Sum: 139.6]
      [GC Worker End (ms): Min: 1496908325.9, Avg: 1496908325.9, Max: 1496908326.0, Diff: 0.0]
   [Code Root Fixup: 0.2 ms]
   [Code Root Purge: 0.0 ms]
   [Clear CT: 0.3 ms]
   [Other: 1.4 ms]
      [Choose CSet: 0.0 ms]
      [Ref Proc: 0.2 ms]
      [Ref Enq: 0.0 ms]
      [Redirty Cards: 0.1 ms]
      [Humongous Reclaim: 0.0 ms]
      [Free CSet: 0.6 ms]
   [Eden: 2212.0M(2212.0M)->0.0B(2212.0M) Survivors: 36.0M->36.0M Heap: 3540.7M(4500.0M)->1329.2M(4500.0M)]
Heap after GC invocations=32855 (full 0):
 garbage-first heap   total 4608000K, used 1361129K [0x00000006a6c00000, 0x00000006a7002328, 0x00000007c0000000)
  region size 4096K, 9 young (36864K), 9 survivors (36864K)
 Metaspace       used 124692K, capacity 128524K, committed 129664K, reserved 1165312K
  class space    used 13846K, capacity 14512K, committed 14720K, reserved 1048576K
}
 [Times: user=0.13 sys=0.02, real=0.02 secs] 
{Heap before GC invocations=32855 (full 0):
 garbage-first heap   total 4608000K, used 3626217K [0x00000006a6c00000, 0x00000006a7002328, 0x00000007c0000000)
  region size 4096K, 562 young (2301952K), 9 survivors (36864K)
 Metaspace       used 124692K, capacity 128524K, committed 129664K, reserved 1165312K
  class space    used 13846K, capacity 14512K, committed 14720K, reserved 1048576K
2019-04-29T00:22:29.808+0800: 1496959.027: [GC pause (G1 Evacuation Pause) (young)
Desired survivor size 148897792 bytes, new threshold 15 (max 15)
- age   1:   16141216 bytes,   16141216 total
- age   2:    1688152 bytes,   17829368 total
- age   3:     288296 bytes,   18117664 total
- age   4:     473808 bytes,   18591472 total
- age   5:     269680 bytes,   18861152 total
- age   6:     163248 bytes,   19024400 total
- age   7:     776776 bytes,   19801176 total
- age   8:     149432 bytes,   19950608 total
- age   9:     365200 bytes,   20315808 total
- age  10:     432520 bytes,   20748328 total
- age  11:     317440 bytes,   21065768 total
- age  12:     121352 bytes,   21187120 total
- age  13:     244816 bytes,   21431936 total
- age  14:     170176 bytes,   21602112 total
- age  15:     268384 bytes,   21870496 total
 1496959.027: [G1Ergonomics (CSet Construction) start choosing CSet, _pending_cards: 23329, predicted base time: 8.50 ms, remaining time: 51.50 ms, target pause time: 60.00 ms]
 1496959.027: [G1Ergonomics (CSet Construction) add young regions to CSet, eden: 553 regions, survivors: 9 regions, predicted young region time: 91.41 ms]
 1496959.027: [G1Ergonomics (CSet Construction) finish choosing CSet, eden: 553 regions, survivors: 9 regions, old: 0 regions, predicted pause time: 99.91 ms, target pause time: 60.00 ms]
, 0.0200119 secs]
   [Parallel Time: 18.0 ms, GC Workers: 8]
      [GC Worker Start (ms): Min: 1496959026.8, Avg: 1496959026.9, Max: 1496959026.9, Diff: 0.1]
      [Ext Root Scanning (ms): Min: 1.1, Avg: 1.3, Max: 2.1, Diff: 1.0, Sum: 10.7]
      [Update RS (ms): Min: 5.0, Avg: 5.7, Max: 6.1, Diff: 1.1, Sum: 45.8]
         [Processed Buffers: Min: 17, Avg: 24.4, Max: 32, Diff: 15, Sum: 195]
      [Scan RS (ms): Min: 0.0, Avg: 0.1, Max: 0.1, Diff: 0.1, Sum: 0.6]
      [Code Root Scanning (ms): Min: 0.0, Avg: 0.0, Max: 0.0, Diff: 0.0, Sum: 0.0]
      [Object Copy (ms): Min: 10.6, Avg: 10.7, Max: 10.8, Diff: 0.3, Sum: 86.0]
      [Termination (ms): Min: 0.0, Avg: 0.0, Max: 0.0, Diff: 0.0, Sum: 0.0]
      [GC Worker Other (ms): Min: 0.0, Avg: 0.0, Max: 0.1, Diff: 0.1, Sum: 0.4]
      [GC Worker Total (ms): Min: 17.9, Avg: 17.9, Max: 18.0, Diff: 0.1, Sum: 143.5]
      [GC Worker End (ms): Min: 1496959044.8, Avg: 1496959044.8, Max: 1496959044.8, Diff: 0.1]
   [Code Root Fixup: 0.3 ms]
   [Code Root Purge: 0.0 ms]
   [Clear CT: 0.3 ms]
   [Other: 1.5 ms]
      [Choose CSet: 0.0 ms]
      [Ref Proc: 0.2 ms]
      [Ref Enq: 0.0 ms]
      [Redirty Cards: 0.1 ms]
      [Humongous Reclaim: 0.0 ms]
      [Free CSet: 0.6 ms]
   [Eden: 2212.0M(2212.0M)->0.0B(2212.0M) Survivors: 36.0M->36.0M Heap: 3541.2M(4500.0M)->1329.6M(4500.0M)]
Heap after GC invocations=32856 (full 0):
 garbage-first heap   total 4608000K, used 1361533K [0x00000006a6c00000, 0x00000006a7002328, 0x00000007c0000000)
  region size 4096K, 9 young (36864K), 9 survivors (36864K)
 Metaspace       used 124692K, capacity 128524K, committed 129664K, reserved 1165312K
  class space    used 13846K, capacity 14512K, committed 14720K, reserved 1048576K
}
 [Times: user=0.11 sys=0.03, real=0.02 secs] 
{Heap before GC invocations=32856 (full 0):
 garbage-first heap   total 4608000K, used 3626621K [0x00000006a6c00000, 0x00000006a7002328, 0x00000007c0000000)
  region size 4096K, 562 young (2301952K), 9 survivors (36864K)
 Metaspace       used 124692K, capacity 128524K, committed 129664K, reserved 1165312K
  class space    used 13846K, capacity 14512K, committed 14720K, reserved 1048576K
2019-04-29T00:23:29.865+0800: 1497019.084: [GC pause (G1 Evacuation Pause) (young)
Desired survivor size 148897792 bytes, new threshold 15 (max 15)
- age   1:   17908752 bytes,   17908752 total
- age   2:     849032 bytes,   18757784 total
- age   3:     862000 bytes,   19619784 total
- age   4:     283328 bytes,   19903112 total
- age   5:     473584 bytes,   20376696 total
- age   6:     269344 bytes,   20646040 total
- age   7:     163136 bytes,   20809176 total
- age   8:     776664 bytes,   21585840 total
- age   9:     149320 bytes,   21735160 total
- age  10:     364976 bytes,   22100136 total
- age  11:     432408 bytes,   22532544 total
- age  12:     317440 bytes,   22849984 total
- age  13:     121352 bytes,   22971336 total
- age  14:     244816 bytes,   23216152 total
- age  15:     169952 bytes,   23386104 total
 1497019.084: [G1Ergonomics (CSet Construction) start choosing CSet, _pending_cards: 23655, predicted base time: 8.56 ms, remaining time: 51.44 ms, target pause time: 60.00 ms]
 1497019.084: [G1Ergonomics (CSet Construction) add young regions to CSet, eden: 553 regions, survivors: 9 regions, predicted young region time: 77.73 ms]
 1497019.084: [G1Ergonomics (CSet Construction) finish choosing CSet, eden: 553 regions, survivors: 9 regions, old: 0 regions, predicted pause time: 86.29 ms, target pause time: 60.00 ms]
, 0.0203748 secs]
   [Parallel Time: 18.4 ms, GC Workers: 8]
      [GC Worker Start (ms): Min: 1497019083.9, Avg: 1497019083.9, Max: 1497019084.0, Diff: 0.1]
      [Ext Root Scanning (ms): Min: 1.0, Avg: 1.3, Max: 2.2, Diff: 1.2, Sum: 10.3]
      [Update RS (ms): Min: 5.2, Avg: 5.7, Max: 5.9, Diff: 0.8, Sum: 45.5]
         [Processed Buffers: Min: 15, Avg: 24.2, Max: 32, Diff: 17, Sum: 194]
      [Scan RS (ms): Min: 0.0, Avg: 0.1, Max: 0.2, Diff: 0.1, Sum: 0.6]
      [Code Root Scanning (ms): Min: 0.0, Avg: 0.0, Max: 0.0, Diff: 0.0, Sum: 0.0]
      [Object Copy (ms): Min: 10.9, Avg: 11.2, Max: 11.3, Diff: 0.4, Sum: 89.5]
      [Termination (ms): Min: 0.0, Avg: 0.0, Max: 0.0, Diff: 0.0, Sum: 0.0]
      [GC Worker Other (ms): Min: 0.0, Avg: 0.0, Max: 0.1, Diff: 0.1, Sum: 0.3]
      [GC Worker Total (ms): Min: 18.3, Avg: 18.3, Max: 18.3, Diff: 0.1, Sum: 146.2]
      [GC Worker End (ms): Min: 1497019102.2, Avg: 1497019102.2, Max: 1497019102.2, Diff: 0.1]
   [Code Root Fixup: 0.3 ms]
   [Code Root Purge: 0.0 ms]
   [Clear CT: 0.3 ms]
   [Other: 1.5 ms]
      [Choose CSet: 0.0 ms]
      [Ref Proc: 0.2 ms]
      [Ref Enq: 0.0 ms]
      [Redirty Cards: 0.1 ms]
      [Humongous Reclaim: 0.0 ms]
      [Free CSet: 0.6 ms]
   [Eden: 2212.0M(2212.0M)->0.0B(2212.0M) Survivors: 36.0M->36.0M Heap: 3541.6M(4500.0M)->1329.9M(4500.0M)]
Heap after GC invocations=32857 (full 0):
 garbage-first heap   total 4608000K, used 1361846K [0x00000006a6c00000, 0x00000006a7002328, 0x00000007c0000000)
  region size 4096K, 9 young (36864K), 9 survivors (36864K)
 Metaspace       used 124692K, capacity 128524K, committed 129664K, reserved 1165312K
  class space    used 13846K, capacity 14512K, committed 14720K, reserved 1048576K
}
 [Times: user=0.13 sys=0.03, real=0.02 secs] 
{Heap before GC invocations=32857 (full 0):
 garbage-first heap   total 4608000K, used 3626934K [0x00000006a6c00000, 0x00000006a7002328, 0x00000007c0000000)
  region size 4096K, 562 young (2301952K), 9 survivors (36864K)
 Metaspace       used 124692K, capacity 128524K, committed 129664K, reserved 1165312K
  class space    used 13846K, capacity 14512K, committed 14720K, reserved 1048576K
2019-04-29T00:24:33.116+0800: 1497082.334: [GC pause (G1 Evacuation Pause) (young)
Desired survivor size 148897792 bytes, new threshold 15 (max 15)
- age   1:   18799168 bytes,   18799168 total
- age   2:     399584 bytes,   19198752 total
- age   3:     328464 bytes,   19527216 total
- age   4:     845896 bytes,   20373112 total
- age   5:     283184 bytes,   20656296 total
- age   6:     473472 bytes,   21129768 total
- age   7:     269232 bytes,   21399000 total
- age   8:     163024 bytes,   21562024 total
- age   9:     776552 bytes,   22338576 total
- age  10:     149320 bytes,   22487896 total
- age  11:     364864 bytes,   22852760 total
- age  12:     432408 bytes,   23285168 total
- age  13:     317440 bytes,   23602608 total
- age  14:     121352 bytes,   23723960 total
- age  15:     244784 bytes,   23968744 total
 1497082.334: [G1Ergonomics (CSet Construction) start choosing CSet, _pending_cards: 24046, predicted base time: 8.59 ms, remaining time: 51.41 ms, target pause time: 60.00 ms]
 1497082.334: [G1Ergonomics (CSet Construction) add young regions to CSet, eden: 553 regions, survivors: 9 regions, predicted young region time: 70.33 ms]
 1497082.334: [G1Ergonomics (CSet Construction) finish choosing CSet, eden: 553 regions, survivors: 9 regions, old: 0 regions, predicted pause time: 78.92 ms, target pause time: 60.00 ms]
, 0.0209222 secs]
   [Parallel Time: 18.7 ms, GC Workers: 8]
      [GC Worker Start (ms): Min: 1497082334.7, Avg: 1497082334.7, Max: 1497082334.7, Diff: 0.1]
      [Ext Root Scanning (ms): Min: 1.1, Avg: 1.4, Max: 2.1, Diff: 1.0, Sum: 10.8]
      [Update RS (ms): Min: 5.1, Avg: 5.8, Max: 6.1, Diff: 1.0, Sum: 46.2]
         [Processed Buffers: Min: 16, Avg: 24.5, Max: 41, Diff: 25, Sum: 196]
      [Scan RS (ms): Min: 0.0, Avg: 0.1, Max: 0.1, Diff: 0.1, Sum: 0.6]
      [Code Root Scanning (ms): Min: 0.0, Avg: 0.0, Max: 0.0, Diff: 0.0, Sum: 0.0]
      [Object Copy (ms): Min: 11.3, Avg: 11.4, Max: 11.4, Diff: 0.1, Sum: 90.9]
      [Termination (ms): Min: 0.0, Avg: 0.0, Max: 0.0, Diff: 0.0, Sum: 0.0]
      [GC Worker Other (ms): Min: 0.0, Avg: 0.0, Max: 0.1, Diff: 0.1, Sum: 0.4]
      [GC Worker Total (ms): Min: 18.6, Avg: 18.6, Max: 18.7, Diff: 0.1, Sum: 149.0]
      [GC Worker End (ms): Min: 1497082353.3, Avg: 1497082353.3, Max: 1497082353.4, Diff: 0.1]
   [Code Root Fixup: 0.2 ms]
   [Code Root Purge: 0.0 ms]
   [Clear CT: 0.4 ms]
   [Other: 1.5 ms]
      [Choose CSet: 0.0 ms]
      [Ref Proc: 0.2 ms]
      [Ref Enq: 0.0 ms]
      [Redirty Cards: 0.1 ms]
      [Humongous Reclaim: 0.0 ms]
      [Free CSet: 0.7 ms]
   [Eden: 2212.0M(2212.0M)->0.0B(2212.0M) Survivors: 36.0M->36.0M Heap: 3541.9M(4500.0M)->1332.2M(4500.0M)]
Heap after GC invocations=32858 (full 0):
 garbage-first heap   total 4608000K, used 1364186K [0x00000006a6c00000, 0x00000006a7002328, 0x00000007c0000000)
  region size 4096K, 9 young (36864K), 9 survivors (36864K)
 Metaspace       used 124692K, capacity 128524K, committed 129664K, reserved 1165312K
  class space    used 13846K, capacity 14512K, committed 14720K, reserved 1048576K
}
 [Times: user=0.13 sys=0.03, real=0.02 secs] 
{Heap before GC invocations=32858 (full 0):
 garbage-first heap   total 4608000K, used 3629274K [0x00000006a6c00000, 0x00000006a7002328, 0x00000007c0000000)
  region size 4096K, 562 young (2301952K), 9 survivors (36864K)
 Metaspace       used 124692K, capacity 128524K, committed 129664K, reserved 1165312K
  class space    used 13846K, capacity 14512K, committed 14720K, reserved 1048576K
2019-04-29T00:25:19.172+0800: 1497128.391: [GC pause (G1 Evacuation Pause) (young)
Desired survivor size 148897792 bytes, new threshold 15 (max 15)
- age   1:   18945064 bytes,   18945064 total
- age   2:     570952 bytes,   19516016 total
- age   3:     395968 bytes,   19911984 total
- age   4:     283480 bytes,   20195464 total
- age   5:     844216 bytes,   21039680 total
- age   6:     281304 bytes,   21320984 total
- age   7:     473248 bytes,   21794232 total
- age   8:     269120 bytes,   22063352 total
- age   9:     163024 bytes,   22226376 total
- age  10:     776440 bytes,   23002816 total
- age  11:     149320 bytes,   23152136 total
- age  12:     364864 bytes,   23517000 total
- age  13:     432408 bytes,   23949408 total
- age  14:     317440 bytes,   24266848 total
- age  15:     121352 bytes,   24388200 total
 1497128.391: [G1Ergonomics (CSet Construction) start choosing CSet, _pending_cards: 23279, predicted base time: 8.43 ms, remaining time: 51.57 ms, target pause time: 60.00 ms]
 1497128.391: [G1Ergonomics (CSet Construction) add young regions to CSet, eden: 553 regions, survivors: 9 regions, predicted young region time: 116.74 ms]
 1497128.391: [G1Ergonomics (CSet Construction) finish choosing CSet, eden: 553 regions, survivors: 9 regions, old: 0 regions, predicted pause time: 125.17 ms, target pause time: 60.00 ms]
, 0.0197321 secs]
   [Parallel Time: 17.6 ms, GC Workers: 8]
      [GC Worker Start (ms): Min: 1497128391.6, Avg: 1497128391.6, Max: 1497128391.7, Diff: 0.1]
      [Ext Root Scanning (ms): Min: 1.0, Avg: 1.3, Max: 2.1, Diff: 1.0, Sum: 10.2]
      [Update RS (ms): Min: 5.0, Avg: 5.4, Max: 5.7, Diff: 0.7, Sum: 43.6]
         [Processed Buffers: Min: 13, Avg: 23.6, Max: 40, Diff: 27, Sum: 189]
      [Scan RS (ms): Min: 0.0, Avg: 0.1, Max: 0.2, Diff: 0.1, Sum: 0.7]
      [Code Root Scanning (ms): Min: 0.0, Avg: 0.0, Max: 0.0, Diff: 0.0, Sum: 0.0]
      [Object Copy (ms): Min: 10.4, Avg: 10.6, Max: 10.7, Diff: 0.3, Sum: 84.8]
      [Termination (ms): Min: 0.0, Avg: 0.0, Max: 0.0, Diff: 0.0, Sum: 0.0]
      [GC Worker Other (ms): Min: 0.0, Avg: 0.0, Max: 0.1, Diff: 0.1, Sum: 0.3]
      [GC Worker Total (ms): Min: 17.4, Avg: 17.5, Max: 17.5, Diff: 0.1, Sum: 139.6]
      [GC Worker End (ms): Min: 1497128409.0, Avg: 1497128409.1, Max: 1497128409.1, Diff: 0.1]
   [Code Root Fixup: 0.3 ms]
   [Code Root Purge: 0.0 ms]
   [Clear CT: 0.3 ms]
   [Other: 1.6 ms]
      [Choose CSet: 0.0 ms]
      [Ref Proc: 0.3 ms]
      [Ref Enq: 0.0 ms]
      [Redirty Cards: 0.1 ms]
      [Humongous Reclaim: 0.0 ms]
      [Free CSet: 0.7 ms]
   [Eden: 2212.0M(2212.0M)->0.0B(2212.0M) Survivors: 36.0M->36.0M Heap: 3544.2M(4500.0M)->1330.4M(4500.0M)]
Heap after GC invocations=32859 (full 0):
 garbage-first heap   total 4608000K, used 1362336K [0x00000006a6c00000, 0x00000006a7002328, 0x00000007c0000000)
  region size 4096K, 9 young (36864K), 9 survivors (36864K)
 Metaspace       used 124692K, capacity 128524K, committed 129664K, reserved 1165312K
  class space    used 13846K, capacity 14512K, committed 14720K, reserved 1048576K
}
 [Times: user=0.11 sys=0.03, real=0.02 secs] 
{Heap before GC invocations=32859 (full 0):
 garbage-first heap   total 4608000K, used 3627424K [0x00000006a6c00000, 0x00000006a7002328, 0x00000007c0000000)
  region size 4096K, 562 young (2301952K), 9 survivors (36864K)
 Metaspace       used 124692K, capacity 128524K, committed 129664K, reserved 1165312K
  class space    used 13846K, capacity 14512K, committed 14720K, reserved 1048576K
2019-04-29T00:26:04.521+0800: 1497173.740: [GC pause (G1 Evacuation Pause) (young)
Desired survivor size 148897792 bytes, new threshold 15 (max 15)
- age   1:   17010152 bytes,   17010152 total
- age   2:    1411488 bytes,   18421640 total
- age   3:     281496 bytes,   18703136 total
- age   4:     393048 bytes,   19096184 total
- age   5:     283144 bytes,   19379328 total
- age   6:     841640 bytes,   20220968 total
- age   7:     281192 bytes,   20502160 total
- age   8:     473136 bytes,   20975296 total
- age   9:     269120 bytes,   21244416 total
- age  10:     162912 bytes,   21407328 total
- age  11:     776216 bytes,   22183544 total
- age  12:     149208 bytes,   22332752 total
- age  13:     364640 bytes,   22697392 total
- age  14:     432408 bytes,   23129800 total
- age  15:     317440 bytes,   23447240 total
 1497173.740: [G1Ergonomics (CSet Construction) start choosing CSet, _pending_cards: 23266, predicted base time: 8.38 ms, remaining time: 51.62 ms, target pause time: 60.00 ms]
 1497173.740: [G1Ergonomics (CSet Construction) add young regions to CSet, eden: 553 regions, survivors: 9 regions, predicted young region time: 128.62 ms]
 1497173.740: [G1Ergonomics (CSet Construction) finish choosing CSet, eden: 553 regions, survivors: 9 regions, old: 0 regions, predicted pause time: 137.01 ms, target pause time: 60.00 ms]
, 0.0198592 secs]
   [Parallel Time: 18.0 ms, GC Workers: 8]
      [GC Worker Start (ms): Min: 1497173740.3, Avg: 1497173740.3, Max: 1497173740.4, Diff: 0.1]
      [Ext Root Scanning (ms): Min: 1.1, Avg: 1.6, Max: 4.6, Diff: 3.5, Sum: 13.1]
      [Update RS (ms): Min: 3.0, Avg: 5.6, Max: 6.1, Diff: 3.1, Sum: 44.5]
         [Processed Buffers: Min: 10, Avg: 24.5, Max: 38, Diff: 28, Sum: 196]
      [Scan RS (ms): Min: 0.0, Avg: 0.1, Max: 0.1, Diff: 0.1, Sum: 0.7]
      [Code Root Scanning (ms): Min: 0.0, Avg: 0.0, Max: 0.0, Diff: 0.0, Sum: 0.0]
      [Object Copy (ms): Min: 10.3, Avg: 10.6, Max: 10.7, Diff: 0.3, Sum: 84.7]
      [Termination (ms): Min: 0.0, Avg: 0.0, Max: 0.0, Diff: 0.0, Sum: 0.0]
      [GC Worker Other (ms): Min: 0.0, Avg: 0.0, Max: 0.1, Diff: 0.1, Sum: 0.3]
      [GC Worker Total (ms): Min: 17.9, Avg: 17.9, Max: 18.0, Diff: 0.1, Sum: 143.4]
      [GC Worker End (ms): Min: 1497173758.2, Avg: 1497173758.3, Max: 1497173758.3, Diff: 0.0]
   [Code Root Fixup: 0.2 ms]
   [Code Root Purge: 0.0 ms]
   [Clear CT: 0.2 ms]
   [Other: 1.4 ms]
      [Choose CSet: 0.0 ms]
      [Ref Proc: 0.2 ms]
      [Ref Enq: 0.0 ms]
      [Redirty Cards: 0.1 ms]
      [Humongous Reclaim: 0.0 ms]
      [Free CSet: 0.6 ms]
   [Eden: 2212.0M(2212.0M)->0.0B(2212.0M) Survivors: 36.0M->36.0M Heap: 3542.4M(4500.0M)->1330.8M(4500.0M)]
Heap after GC invocations=32860 (full 0):
 garbage-first heap   total 4608000K, used 1362700K [0x00000006a6c00000, 0x00000006a7002328, 0x00000007c0000000)
  region size 4096K, 9 young (36864K), 9 survivors (36864K)
 Metaspace       used 124692K, capacity 128524K, committed 129664K, reserved 1165312K
  class space    used 13846K, capacity 14512K, committed 14720K, reserved 1048576K
}
 [Times: user=0.12 sys=0.03, real=0.02 secs] 
{Heap before GC invocations=32860 (full 0):
 garbage-first heap   total 4608000K, used 3627788K [0x00000006a6c00000, 0x00000006a7002328, 0x00000007c0000000)
  region size 4096K, 562 young (2301952K), 9 survivors (36864K)
 Metaspace       used 124692K, capacity 128524K, committed 129664K, reserved 1165312K
  class space    used 13846K, capacity 14512K, committed 14720K, reserved 1048576K
2019-04-29T00:27:02.658+0800: 1497231.877: [GC pause (G1 Evacuation Pause) (young)
Desired survivor size 148897792 bytes, new threshold 15 (max 15)
- age   1:   16559376 bytes,   16559376 total
- age   2:    1133080 bytes,   17692456 total
- age   3:     562896 bytes,   18255352 total
- age   4:     280472 bytes,   18535824 total
- age   5:     392016 bytes,   18927840 total
- age   6:     281048 bytes,   19208888 total
- age   7:     796152 bytes,   20005040 total
- age   8:     280968 bytes,   20286008 total
- age   9:     472912 bytes,   20758920 total
- age  10:     268896 bytes,   21027816 total
- age  11:     162912 bytes,   21190728 total
- age  12:     776104 bytes,   21966832 total
- age  13:     149208 bytes,   22116040 total
- age  14:     364640 bytes,   22480680 total
- age  15:     432408 bytes,   22913088 total
 1497231.877: [G1Ergonomics (CSet Construction) start choosing CSet, _pending_cards: 24746, predicted base time: 8.75 ms, remaining time: 51.25 ms, target pause time: 60.00 ms]
 1497231.877: [G1Ergonomics (CSet Construction) add young regions to CSet, eden: 553 regions, survivors: 9 regions, predicted young region time: 103.46 ms]
 1497231.877: [G1Ergonomics (CSet Construction) finish choosing CSet, eden: 553 regions, survivors: 9 regions, old: 0 regions, predicted pause time: 112.22 ms, target pause time: 60.00 ms]
, 0.0218498 secs]
   [Parallel Time: 19.8 ms, GC Workers: 8]
      [GC Worker Start (ms): Min: 1497231877.4, Avg: 1497231877.4, Max: 1497231877.5, Diff: 0.1]
      [Ext Root Scanning (ms): Min: 1.1, Avg: 1.3, Max: 2.4, Diff: 1.3, Sum: 10.7]
      [Update RS (ms): Min: 4.9, Avg: 5.8, Max: 6.2, Diff: 1.3, Sum: 46.5]
         [Processed Buffers: Min: 15, Avg: 24.1, Max: 39, Diff: 24, Sum: 193]
      [Scan RS (ms): Min: 0.0, Avg: 0.1, Max: 0.1, Diff: 0.1, Sum: 0.6]
      [Code Root Scanning (ms): Min: 0.0, Avg: 0.0, Max: 0.0, Diff: 0.0, Sum: 0.0]
      [Object Copy (ms): Min: 12.3, Avg: 12.4, Max: 12.5, Diff: 0.2, Sum: 99.3]
      [Termination (ms): Min: 0.0, Avg: 0.0, Max: 0.0, Diff: 0.0, Sum: 0.0]
      [GC Worker Other (ms): Min: 0.0, Avg: 0.0, Max: 0.1, Diff: 0.1, Sum: 0.3]
      [GC Worker Total (ms): Min: 19.7, Avg: 19.7, Max: 19.8, Diff: 0.1, Sum: 157.6]
      [GC Worker End (ms): Min: 1497231897.1, Avg: 1497231897.1, Max: 1497231897.1, Diff: 0.1]
   [Code Root Fixup: 0.2 ms]
   [Code Root Purge: 0.0 ms]
   [Clear CT: 0.3 ms]
   [Other: 1.6 ms]
      [Choose CSet: 0.0 ms]
      [Ref Proc: 0.4 ms]
      [Ref Enq: 0.0 ms]
      [Redirty Cards: 0.1 ms]
      [Humongous Reclaim: 0.0 ms]
      [Free CSet: 0.6 ms]
   [Eden: 2212.0M(2212.0M)->0.0B(2212.0M) Survivors: 36.0M->36.0M Heap: 3542.8M(4500.0M)->1331.3M(4500.0M)]
Heap after GC invocations=32861 (full 0):
 garbage-first heap   total 4608000K, used 1363245K [0x00000006a6c00000, 0x00000006a7002328, 0x00000007c0000000)
  region size 4096K, 9 young (36864K), 9 survivors (36864K)
 Metaspace       used 124692K, capacity 128524K, committed 129664K, reserved 1165312K
  class space    used 13846K, capacity 14512K, committed 14720K, reserved 1048576K
}
 [Times: user=0.12 sys=0.04, real=0.03 secs] 
{Heap before GC invocations=32861 (full 0):
 garbage-first heap   total 4608000K, used 3628333K [0x00000006a6c00000, 0x00000006a7002328, 0x00000007c0000000)
  region size 4096K, 562 young (2301952K), 9 survivors (36864K)
 Metaspace       used 124692K, capacity 128524K, committed 129664K, reserved 1165312K
  class space    used 13846K, capacity 14512K, committed 14720K, reserved 1048576K
2019-04-29T00:28:00.493+0800: 1497289.711: [GC pause (G1 Evacuation Pause) (young)
Desired survivor size 148897792 bytes, new threshold 15 (max 15)
- age   1:   20098968 bytes,   20098968 total
- age   2:     831720 bytes,   20930688 total
- age   3:     373624 bytes,   21304312 total
- age   4:     558208 bytes,   21862520 total
- age   5:     279952 bytes,   22142472 total
- age   6:     391312 bytes,   22533784 total
- age   7:     280288 bytes,   22814072 total
- age   8:     791768 bytes,   23605840 total
- age   9:     280968 bytes,   23886808 total
- age  10:     472912 bytes,   24359720 total
- age  11:     268784 bytes,   24628504 total
- age  12:     162912 bytes,   24791416 total
- age  13:     776104 bytes,   25567520 total
- age  14:     149208 bytes,   25716728 total
- age  15:     364640 bytes,   26081368 total
 1497289.712: [G1Ergonomics (CSet Construction) start choosing CSet, _pending_cards: 24782, predicted base time: 8.72 ms, remaining time: 51.28 ms, target pause time: 60.00 ms]
 1497289.712: [G1Ergonomics (CSet Construction) add young regions to CSet, eden: 553 regions, survivors: 9 regions, predicted young region time: 103.26 ms]
 1497289.712: [G1Ergonomics (CSet Construction) finish choosing CSet, eden: 553 regions, survivors: 9 regions, old: 0 regions, predicted pause time: 111.97 ms, target pause time: 60.00 ms]
, 0.0247376 secs]
   [Parallel Time: 22.6 ms, GC Workers: 8]
      [GC Worker Start (ms): Min: 1497289711.8, Avg: 1497289711.8, Max: 1497289711.9, Diff: 0.1]
      [Ext Root Scanning (ms): Min: 1.3, Avg: 1.5, Max: 2.3, Diff: 1.1, Sum: 12.2]
      [Update RS (ms): Min: 6.1, Avg: 6.5, Max: 6.7, Diff: 0.6, Sum: 52.3]
         [Processed Buffers: Min: 15, Avg: 25.9, Max: 41, Diff: 26, Sum: 207]
      [Scan RS (ms): Min: 0.0, Avg: 0.1, Max: 0.1, Diff: 0.1, Sum: 0.7]
      [Code Root Scanning (ms): Min: 0.0, Avg: 0.0, Max: 0.0, Diff: 0.0, Sum: 0.0]
      [Object Copy (ms): Min: 14.0, Avg: 14.2, Max: 14.3, Diff: 0.3, Sum: 114.0]
      [Termination (ms): Min: 0.0, Avg: 0.0, Max: 0.0, Diff: 0.0, Sum: 0.0]
      [GC Worker Other (ms): Min: 0.0, Avg: 0.1, Max: 0.1, Diff: 0.1, Sum: 0.5]
      [GC Worker Total (ms): Min: 22.4, Avg: 22.5, Max: 22.5, Diff: 0.1, Sum: 179.7]
      [GC Worker End (ms): Min: 1497289734.3, Avg: 1497289734.3, Max: 1497289734.3, Diff: 0.1]
   [Code Root Fixup: 0.3 ms]
   [Code Root Purge: 0.0 ms]
   [Clear CT: 0.3 ms]
   [Other: 1.6 ms]
      [Choose CSet: 0.0 ms]
      [Ref Proc: 0.2 ms]
      [Ref Enq: 0.0 ms]
      [Redirty Cards: 0.1 ms]
      [Humongous Reclaim: 0.0 ms]
      [Free CSet: 0.7 ms]
   [Eden: 2212.0M(2212.0M)->0.0B(2212.0M) Survivors: 36.0M->36.0M Heap: 3543.3M(4500.0M)->1331.9M(4500.0M)]
Heap after GC invocations=32862 (full 0):
 garbage-first heap   total 4608000K, used 1363872K [0x00000006a6c00000, 0x00000006a7002328, 0x00000007c0000000)
  region size 4096K, 9 young (36864K), 9 survivors (36864K)
 Metaspace       used 124692K, capacity 128524K, committed 129664K, reserved 1165312K
  class space    used 13846K, capacity 14512K, committed 14720K, reserved 1048576K
}
 [Times: user=0.15 sys=0.03, real=0.02 secs] 
{Heap before GC invocations=32862 (full 0):
 garbage-first heap   total 4608000K, used 3628960K [0x00000006a6c00000, 0x00000006a7002328, 0x00000007c0000000)
  region size 4096K, 562 young (2301952K), 9 survivors (36864K)
 Metaspace       used 124692K, capacity 128524K, committed 129664K, reserved 1165312K
  class space    used 13846K, capacity 14512K, committed 14720K, reserved 1048576K
2019-04-29T00:28:50.816+0800: 1497340.034: [GC pause (G1 Evacuation Pause) (young)
Desired survivor size 148897792 bytes, new threshold 15 (max 15)
- age   1:   23877728 bytes,   23877728 total
- age   2:     585456 bytes,   24463184 total
- age   3:     524400 bytes,   24987584 total
- age   4:     370856 bytes,   25358440 total
- age   5:     556024 bytes,   25914464 total
- age   6:     279504 bytes,   26193968 total
- age   7:     391064 bytes,   26585032 total
- age   8:     278384 bytes,   26863416 total
- age   9:     598768 bytes,   27462184 total
- age  10:     280568 bytes,   27742752 total
- age  11:     472120 bytes,   28214872 total
- age  12:     267128 bytes,   28482000 total
- age  13:     162912 bytes,   28644912 total
- age  14:     776080 bytes,   29420992 total
- age  15:     149208 bytes,   29570200 total
 1497340.035: [G1Ergonomics (CSet Construction) start choosing CSet, _pending_cards: 23813, predicted base time: 8.82 ms, remaining time: 51.18 ms, target pause time: 60.00 ms]
 1497340.035: [G1Ergonomics (CSet Construction) add young regions to CSet, eden: 553 regions, survivors: 9 regions, predicted young region time: 107.53 ms]
 1497340.035: [G1Ergonomics (CSet Construction) finish choosing CSet, eden: 553 regions, survivors: 9 regions, old: 0 regions, predicted pause time: 116.35 ms, target pause time: 60.00 ms]
, 0.0200289 secs]
   [Parallel Time: 17.7 ms, GC Workers: 8]
      [GC Worker Start (ms): Min: 1497340034.7, Avg: 1497340034.8, Max: 1497340034.8, Diff: 0.1]
      [Ext Root Scanning (ms): Min: 1.1, Avg: 1.3, Max: 2.1, Diff: 1.0, Sum: 10.7]
      [Update RS (ms): Min: 5.4, Avg: 5.9, Max: 6.2, Diff: 0.9, Sum: 47.4]
         [Processed Buffers: Min: 14, Avg: 23.6, Max: 44, Diff: 30, Sum: 189]
      [Scan RS (ms): Min: 0.0, Avg: 0.1, Max: 0.2, Diff: 0.1, Sum: 0.6]
      [Code Root Scanning (ms): Min: 0.0, Avg: 0.0, Max: 0.0, Diff: 0.0, Sum: 0.0]
      [Object Copy (ms): Min: 10.1, Avg: 10.2, Max: 10.2, Diff: 0.2, Sum: 81.5]
      [Termination (ms): Min: 0.0, Avg: 0.0, Max: 0.0, Diff: 0.0, Sum: 0.0]
      [GC Worker Other (ms): Min: 0.0, Avg: 0.0, Max: 0.1, Diff: 0.0, Sum: 0.3]
      [GC Worker Total (ms): Min: 17.5, Avg: 17.6, Max: 17.6, Diff: 0.1, Sum: 140.5]
      [GC Worker End (ms): Min: 1497340052.3, Avg: 1497340052.3, Max: 1497340052.4, Diff: 0.0]
   [Code Root Fixup: 0.3 ms]
   [Code Root Purge: 0.0 ms]
   [Clear CT: 0.3 ms]
   [Other: 1.8 ms]
      [Choose CSet: 0.0 ms]
      [Ref Proc: 0.2 ms]
      [Ref Enq: 0.0 ms]
      [Redirty Cards: 0.1 ms]
      [Humongous Reclaim: 0.0 ms]
      [Free CSet: 0.9 ms]
   [Eden: 2212.0M(2212.0M)->0.0B(2212.0M) Survivors: 36.0M->36.0M Heap: 3543.9M(4500.0M)->1332.2M(4500.0M)]
Heap after GC invocations=32863 (full 0):
 garbage-first heap   total 4608000K, used 1364126K [0x00000006a6c00000, 0x00000006a7002328, 0x00000007c0000000)
  region size 4096K, 9 young (36864K), 9 survivors (36864K)
 Metaspace       used 124692K, capacity 128524K, committed 129664K, reserved 1165312K
  class space    used 13846K, capacity 14512K, committed 14720K, reserved 1048576K
}
 [Times: user=0.11 sys=0.03, real=0.02 secs] 
{Heap before GC invocations=32863 (full 0):
 garbage-first heap   total 4608000K, used 3629214K [0x00000006a6c00000, 0x00000006a7002328, 0x00000007c0000000)
  region size 4096K, 562 young (2301952K), 9 survivors (36864K)
 Metaspace       used 124692K, capacity 128524K, committed 129664K, reserved 1165312K
  class space    used 13846K, capacity 14512K, committed 14720K, reserved 1048576K
2019-04-29T00:29:39.928+0800: 1497389.147: [GC pause (G1 Evacuation Pause) (young)
Desired survivor size 148897792 bytes, new threshold 15 (max 15)
- age   1:   16151880 bytes,   16151880 total
- age   2:     876552 bytes,   17028432 total
- age   3:     442288 bytes,   17470720 total
- age   4:     522584 bytes,   17993304 total
- age   5:     369736 bytes,   18363040 total
- age   6:     555912 bytes,   18918952 total
- age   7:     279280 bytes,   19198232 total
- age   8:     390952 bytes,   19589184 total
- age   9:     278272 bytes,   19867456 total
- age  10:     598704 bytes,   20466160 total
- age  11:     280568 bytes,   20746728 total
- age  12:     472008 bytes,   21218736 total
- age  13:     265552 bytes,   21484288 total
- age  14:     162720 bytes,   21647008 total
- age  15:     776080 bytes,   22423088 total
 1497389.147: [G1Ergonomics (CSet Construction) start choosing CSet, _pending_cards: 23548, predicted base time: 8.72 ms, remaining time: 51.28 ms, target pause time: 60.00 ms]
 1497389.147: [G1Ergonomics (CSet Construction) add young regions to CSet, eden: 553 regions, survivors: 9 regions, predicted young region time: 82.90 ms]
 1497389.147: [G1Ergonomics (CSet Construction) finish choosing CSet, eden: 553 regions, survivors: 9 regions, old: 0 regions, predicted pause time: 91.62 ms, target pause time: 60.00 ms]
, 0.0200206 secs]
   [Parallel Time: 18.0 ms, GC Workers: 8]
      [GC Worker Start (ms): Min: 1497389147.2, Avg: 1497389147.3, Max: 1497389147.3, Diff: 0.1]
      [Ext Root Scanning (ms): Min: 1.1, Avg: 1.3, Max: 2.0, Diff: 1.0, Sum: 10.4]
      [Update RS (ms): Min: 5.0, Avg: 5.5, Max: 5.8, Diff: 0.8, Sum: 43.7]
         [Processed Buffers: Min: 16, Avg: 24.0, Max: 38, Diff: 22, Sum: 192]
      [Scan RS (ms): Min: 0.0, Avg: 0.1, Max: 0.1, Diff: 0.1, Sum: 0.6]
      [Code Root Scanning (ms): Min: 0.0, Avg: 0.0, Max: 0.0, Diff: 0.0, Sum: 0.0]
      [Object Copy (ms): Min: 10.9, Avg: 11.0, Max: 11.1, Diff: 0.2, Sum: 88.1]
      [Termination (ms): Min: 0.0, Avg: 0.0, Max: 0.0, Diff: 0.0, Sum: 0.0]
      [GC Worker Other (ms): Min: 0.0, Avg: 0.1, Max: 0.1, Diff: 0.1, Sum: 0.4]
      [GC Worker Total (ms): Min: 17.8, Avg: 17.9, Max: 17.9, Diff: 0.1, Sum: 143.2]
      [GC Worker End (ms): Min: 1497389165.1, Avg: 1497389165.2, Max: 1497389165.2, Diff: 0.1]
   [Code Root Fixup: 0.3 ms]
   [Code Root Purge: 0.0 ms]
   [Clear CT: 0.3 ms]
   [Other: 1.5 ms]
      [Choose CSet: 0.0 ms]
      [Ref Proc: 0.2 ms]
      [Ref Enq: 0.0 ms]
      [Redirty Cards: 0.1 ms]
      [Humongous Reclaim: 0.0 ms]
      [Free CSet: 0.6 ms]
   [Eden: 2212.0M(2212.0M)->0.0B(2212.0M) Survivors: 36.0M->36.0M Heap: 3544.2M(4500.0M)->1333.0M(4500.0M)]
Heap after GC invocations=32864 (full 0):
 garbage-first heap   total 4608000K, used 1364964K [0x00000006a6c00000, 0x00000006a7002328, 0x00000007c0000000)
  region size 4096K, 9 young (36864K), 9 survivors (36864K)
 Metaspace       used 124692K, capacity 128524K, committed 129664K, reserved 1165312K
  class space    used 13846K, capacity 14512K, committed 14720K, reserved 1048576K
}
 [Times: user=0.12 sys=0.02, real=0.02 secs] 
{Heap before GC invocations=32864 (full 0):
 garbage-first heap   total 4608000K, used 3630052K [0x00000006a6c00000, 0x00000006a7002328, 0x00000007c0000000)
  region size 4096K, 562 young (2301952K), 9 survivors (36864K)
 Metaspace       used 124692K, capacity 128524K, committed 129664K, reserved 1165312K
  class space    used 13846K, capacity 14512K, committed 14720K, reserved 1048576K
2019-04-29T00:30:15.720+0800: 1497424.938: [GC pause (G1 Evacuation Pause) (young)
Desired survivor size 148897792 bytes, new threshold 15 (max 15)
- age   1:   16842848 bytes,   16842848 total
- age   2:    1046336 bytes,   17889184 total
- age   3:     400008 bytes,   18289192 total
- age   4:     440192 bytes,   18729384 total
- age   5:     521768 bytes,   19251152 total
- age   6:     369064 bytes,   19620216 total
- age   7:     555688 bytes,   20175904 total
- age   8:     279168 bytes,   20455072 total
- age   9:     390840 bytes,   20845912 total
- age  10:     278160 bytes,   21124072 total
- age  11:     598480 bytes,   21722552 total
- age  12:     280568 bytes,   22003120 total
- age  13:     472008 bytes,   22475128 total
- age  14:     265552 bytes,   22740680 total
- age  15:     162720 bytes,   22903400 total
 1497424.938: [G1Ergonomics (CSet Construction) start choosing CSet, _pending_cards: 24257, predicted base time: 8.77 ms, remaining time: 51.23 ms, target pause time: 60.00 ms]
 1497424.938: [G1Ergonomics (CSet Construction) add young regions to CSet, eden: 553 regions, survivors: 9 regions, predicted young region time: 75.43 ms]
 1497424.938: [G1Ergonomics (CSet Construction) finish choosing CSet, eden: 553 regions, survivors: 9 regions, old: 0 regions, predicted pause time: 84.19 ms, target pause time: 60.00 ms]
, 0.0205626 secs]
   [Parallel Time: 18.5 ms, GC Workers: 8]
      [GC Worker Start (ms): Min: 1497424938.6, Avg: 1497424938.7, Max: 1497424938.7, Diff: 0.1]
      [Ext Root Scanning (ms): Min: 1.1, Avg: 1.6, Max: 4.4, Diff: 3.3, Sum: 12.8]
      [Update RS (ms): Min: 3.3, Avg: 5.9, Max: 6.4, Diff: 3.2, Sum: 46.9]
         [Processed Buffers: Min: 11, Avg: 25.4, Max: 41, Diff: 30, Sum: 203]
      [Scan RS (ms): Min: 0.0, Avg: 0.1, Max: 0.1, Diff: 0.1, Sum: 0.7]
      [Code Root Scanning (ms): Min: 0.0, Avg: 0.0, Max: 0.0, Diff: 0.0, Sum: 0.0]
      [Object Copy (ms): Min: 10.6, Avg: 10.7, Max: 10.8, Diff: 0.2, Sum: 85.6]
      [Termination (ms): Min: 0.0, Avg: 0.0, Max: 0.0, Diff: 0.0, Sum: 0.0]
      [GC Worker Other (ms): Min: 0.0, Avg: 0.1, Max: 0.1, Diff: 0.1, Sum: 0.4]
      [GC Worker Total (ms): Min: 18.2, Avg: 18.3, Max: 18.4, Diff: 0.1, Sum: 146.4]
      [GC Worker End (ms): Min: 1497424956.9, Avg: 1497424956.9, Max: 1497424957.0, Diff: 0.1]
   [Code Root Fixup: 0.2 ms]
   [Code Root Purge: 0.0 ms]
   [Clear CT: 0.3 ms]
   [Other: 1.5 ms]
      [Choose CSet: 0.0 ms]
      [Ref Proc: 0.3 ms]
      [Ref Enq: 0.0 ms]
      [Redirty Cards: 0.1 ms]
      [Humongous Reclaim: 0.0 ms]
      [Free CSet: 0.6 ms]
   [Eden: 2212.0M(2212.0M)->0.0B(2212.0M) Survivors: 36.0M->36.0M Heap: 3545.0M(4500.0M)->1333.4M(4500.0M)]
Heap after GC invocations=32865 (full 0):
 garbage-first heap   total 4608000K, used 1365407K [0x00000006a6c00000, 0x00000006a7002328, 0x00000007c0000000)
  region size 4096K, 9 young (36864K), 9 survivors (36864K)
 Metaspace       used 124692K, capacity 128524K, committed 129664K, reserved 1165312K
  class space    used 13846K, capacity 14512K, committed 14720K, reserved 1048576K
}
 [Times: user=0.12 sys=0.03, real=0.03 secs] 
{Heap before GC invocations=32865 (full 0):
 garbage-first heap   total 4608000K, used 3630495K [0x00000006a6c00000, 0x00000006a7002328, 0x00000007c0000000)
  region size 4096K, 562 young (2301952K), 9 survivors (36864K)
 Metaspace       used 124692K, capacity 128524K, committed 129664K, reserved 1165312K
  class space    used 13846K, capacity 14512K, committed 14720K, reserved 1048576K
2019-04-29T00:31:17.973+0800: 1497487.192: [GC pause (G1 Evacuation Pause) (young)
Desired survivor size 148897792 bytes, new threshold 15 (max 15)
- age   1:   16007544 bytes,   16007544 total
- age   2:    1765272 bytes,   17772816 total
- age   3:     322760 bytes,   18095576 total
- age   4:     390520 bytes,   18486096 total
- age   5:     439184 bytes,   18925280 total
- age   6:     492248 bytes,   19417528 total
- age   7:     367496 bytes,   19785024 total
- age   8:     555576 bytes,   20340600 total
- age   9:     279056 bytes,   20619656 total
- age  10:     390504 bytes,   21010160 total
- age  11:     278048 bytes,   21288208 total
- age  12:     598256 bytes,   21886464 total
- age  13:     280568 bytes,   22167032 total
- age  14:     472008 bytes,   22639040 total
- age  15:     265552 bytes,   22904592 total
 1497487.192: [G1Ergonomics (CSet Construction) start choosing CSet, _pending_cards: 24444, predicted base time: 8.93 ms, remaining time: 51.07 ms, target pause time: 60.00 ms]
 1497487.192: [G1Ergonomics (CSet Construction) add young regions to CSet, eden: 553 regions, survivors: 9 regions, predicted young region time: 62.49 ms]
 1497487.192: [G1Ergonomics (CSet Construction) finish choosing CSet, eden: 553 regions, survivors: 9 regions, old: 0 regions, predicted pause time: 71.41 ms, target pause time: 60.00 ms]
, 0.0223482 secs]
   [Parallel Time: 20.4 ms, GC Workers: 8]
      [GC Worker Start (ms): Min: 1497487192.6, Avg: 1497487192.6, Max: 1497487192.7, Diff: 0.1]
      [Ext Root Scanning (ms): Min: 1.1, Avg: 1.3, Max: 2.2, Diff: 1.2, Sum: 10.5]
      [Update RS (ms): Min: 5.1, Avg: 5.8, Max: 6.0, Diff: 0.9, Sum: 46.3]
         [Processed Buffers: Min: 18, Avg: 25.0, Max: 41, Diff: 23, Sum: 200]
      [Scan RS (ms): Min: 0.0, Avg: 0.1, Max: 0.2, Diff: 0.1, Sum: 0.6]
      [Code Root Scanning (ms): Min: 0.0, Avg: 0.0, Max: 0.0, Diff: 0.0, Sum: 0.0]
      [Object Copy (ms): Min: 12.8, Avg: 13.0, Max: 13.0, Diff: 0.2, Sum: 103.9]
      [Termination (ms): Min: 0.0, Avg: 0.0, Max: 0.0, Diff: 0.0, Sum: 0.0]
      [GC Worker Other (ms): Min: 0.0, Avg: 0.0, Max: 0.1, Diff: 0.1, Sum: 0.3]
      [GC Worker Total (ms): Min: 20.2, Avg: 20.2, Max: 20.3, Diff: 0.1, Sum: 161.8]
      [GC Worker End (ms): Min: 1497487212.8, Avg: 1497487212.8, Max: 1497487212.9, Diff: 0.0]
   [Code Root Fixup: 0.2 ms]
   [Code Root Purge: 0.0 ms]
   [Clear CT: 0.3 ms]
   [Other: 1.5 ms]
      [Choose CSet: 0.0 ms]
      [Ref Proc: 0.2 ms]
      [Ref Enq: 0.0 ms]
      [Redirty Cards: 0.1 ms]
      [Humongous Reclaim: 0.0 ms]
      [Free CSet: 0.6 ms]
   [Eden: 2212.0M(2212.0M)->0.0B(2212.0M) Survivors: 36.0M->36.0M Heap: 3545.4M(4500.0M)->1335.7M(4500.0M)]
Heap after GC invocations=32866 (full 0):
 garbage-first heap   total 4608000K, used 1367807K [0x00000006a6c00000, 0x00000006a7002328, 0x00000007c0000000)
  region size 4096K, 9 young (36864K), 9 survivors (36864K)
 Metaspace       used 124692K, capacity 128524K, committed 129664K, reserved 1165312K
  class space    used 13846K, capacity 14512K, committed 14720K, reserved 1048576K
}
 [Times: user=0.17 sys=0.00, real=0.02 secs] 
{Heap before GC invocations=32866 (full 0):
 garbage-first heap   total 4608000K, used 3632895K [0x00000006a6c00000, 0x00000006a7002328, 0x00000007c0000000)
  region size 4096K, 562 young (2301952K), 9 survivors (36864K)
 Metaspace       used 124692K, capacity 128524K, committed 129664K, reserved 1165312K
  class space    used 13846K, capacity 14512K, committed 14720K, reserved 1048576K
2019-04-29T00:32:11.777+0800: 1497540.996: [GC pause (G1 Evacuation Pause) (young)
Desired survivor size 148897792 bytes, new threshold 15 (max 15)
- age   1:   21612368 bytes,   21612368 total
- age   2:     820080 bytes,   22432448 total
- age   3:     227176 bytes,   22659624 total
- age   4:     269520 bytes,   22929144 total
- age   5:     388984 bytes,   23318128 total
- age   6:     439184 bytes,   23757312 total
- age   7:     491544 bytes,   24248856 total
- age   8:     366376 bytes,   24615232 total
- age   9:     555576 bytes,   25170808 total
- age  10:     278912 bytes,   25449720 total
- age  11:     390392 bytes,   25840112 total
- age  12:     270488 bytes,   26110600 total
- age  13:     515400 bytes,   26626000 total
- age  14:     280568 bytes,   26906568 total
- age  15:     472008 bytes,   27378576 total
 1497540.996: [G1Ergonomics (CSet Construction) start choosing CSet, _pending_cards: 23914, predicted base time: 8.69 ms, remaining time: 51.31 ms, target pause time: 60.00 ms]
 1497540.996: [G1Ergonomics (CSet Construction) add young regions to CSet, eden: 553 regions, survivors: 9 regions, predicted young region time: 59.97 ms]
 1497540.996: [G1Ergonomics (CSet Construction) finish choosing CSet, eden: 553 regions, survivors: 9 regions, old: 0 regions, predicted pause time: 68.66 ms, target pause time: 60.00 ms]
, 0.0209355 secs]
   [Parallel Time: 18.9 ms, GC Workers: 8]
      [GC Worker Start (ms): Min: 1497540996.0, Avg: 1497540996.1, Max: 1497540996.1, Diff: 0.1]
      [Ext Root Scanning (ms): Min: 1.2, Avg: 1.4, Max: 2.2, Diff: 1.0, Sum: 11.5]
      [Update RS (ms): Min: 5.4, Avg: 6.1, Max: 6.4, Diff: 1.0, Sum: 48.6]
         [Processed Buffers: Min: 12, Avg: 24.5, Max: 44, Diff: 32, Sum: 196]
      [Scan RS (ms): Min: 0.0, Avg: 0.1, Max: 0.1, Diff: 0.1, Sum: 0.7]
      [Code Root Scanning (ms): Min: 0.0, Avg: 0.0, Max: 0.0, Diff: 0.0, Sum: 0.0]
      [Object Copy (ms): Min: 10.9, Avg: 11.1, Max: 11.2, Diff: 0.2, Sum: 88.7]
      [Termination (ms): Min: 0.0, Avg: 0.0, Max: 0.0, Diff: 0.0, Sum: 0.0]
      [GC Worker Other (ms): Min: 0.0, Avg: 0.1, Max: 0.1, Diff: 0.1, Sum: 0.5]
      [GC Worker Total (ms): Min: 18.7, Avg: 18.7, Max: 18.8, Diff: 0.1, Sum: 149.9]
      [GC Worker End (ms): Min: 1497541014.8, Avg: 1497541014.8, Max: 1497541014.8, Diff: 0.1]
   [Code Root Fixup: 0.2 ms]
   [Code Root Purge: 0.0 ms]
   [Clear CT: 0.3 ms]
   [Other: 1.6 ms]
      [Choose CSet: 0.0 ms]
      [Ref Proc: 0.2 ms]
      [Ref Enq: 0.0 ms]
      [Redirty Cards: 0.1 ms]
      [Humongous Reclaim: 0.0 ms]
      [Free CSet: 0.6 ms]
   [Eden: 2212.0M(2212.0M)->0.0B(2212.0M) Survivors: 36.0M->36.0M Heap: 3547.7M(4500.0M)->1334.3M(4500.0M)]
Heap after GC invocations=32867 (full 0):
 garbage-first heap   total 4608000K, used 1366332K [0x00000006a6c00000, 0x00000006a7002328, 0x00000007c0000000)
  region size 4096K, 9 young (36864K), 9 survivors (36864K)
 Metaspace       used 124692K, capacity 128524K, committed 129664K, reserved 1165312K
  class space    used 13846K, capacity 14512K, committed 14720K, reserved 1048576K
}
 [Times: user=0.12 sys=0.03, real=0.02 secs] 
{Heap before GC invocations=32867 (full 0):
 garbage-first heap   total 4608000K, used 3631420K [0x00000006a6c00000, 0x00000006a7002328, 0x00000007c0000000)
  region size 4096K, 562 young (2301952K), 9 survivors (36864K)
 Metaspace       used 124692K, capacity 128524K, committed 129664K, reserved 1165312K
  class space    used 13846K, capacity 14512K, committed 14720K, reserved 1048576K
2019-04-29T00:33:09.418+0800: 1497598.637: [GC pause (G1 Evacuation Pause) (young)
Desired survivor size 148897792 bytes, new threshold 15 (max 15)
- age   1:   17509344 bytes,   17509344 total
- age   2:     809264 bytes,   18318608 total
- age   3:     813992 bytes,   19132600 total
- age   4:     223648 bytes,   19356248 total
- age   5:     267976 bytes,   19624224 total
- age   6:     387448 bytes,   20011672 total
- age   7:     438224 bytes,   20449896 total
- age   8:     490952 bytes,   20940848 total
- age   9:     365272 bytes,   21306120 total
- age  10:     555320 bytes,   21861440 total
- age  11:     278080 bytes,   22139520 total
- age  12:     389744 bytes,   22529264 total
- age  13:     270056 bytes,   22799320 total
- age  14:     509584 bytes,   23308904 total
- age  15:     280568 bytes,   23589472 total
 1497598.637: [G1Ergonomics (CSet Construction) start choosing CSet, _pending_cards: 24633, predicted base time: 8.99 ms, remaining time: 51.01 ms, target pause time: 60.00 ms]
 1497598.637: [G1Ergonomics (CSet Construction) add young regions to CSet, eden: 553 regions, survivors: 9 regions, predicted young region time: 67.79 ms]
 1497598.637: [G1Ergonomics (CSet Construction) finish choosing CSet, eden: 553 regions, survivors: 9 regions, old: 0 regions, predicted pause time: 76.78 ms, target pause time: 60.00 ms]
, 0.0211058 secs]
   [Parallel Time: 18.8 ms, GC Workers: 8]
      [GC Worker Start (ms): Min: 1497598637.5, Avg: 1497598637.5, Max: 1497598637.6, Diff: 0.1]
      [Ext Root Scanning (ms): Min: 1.1, Avg: 1.3, Max: 2.0, Diff: 0.9, Sum: 10.2]
      [Update RS (ms): Min: 5.2, Avg: 5.9, Max: 6.3, Diff: 1.0, Sum: 47.3]
         [Processed Buffers: Min: 14, Avg: 25.0, Max: 41, Diff: 27, Sum: 200]
      [Scan RS (ms): Min: 0.0, Avg: 0.1, Max: 0.1, Diff: 0.1, Sum: 0.6]
      [Code Root Scanning (ms): Min: 0.0, Avg: 0.0, Max: 0.0, Diff: 0.0, Sum: 0.0]
      [Object Copy (ms): Min: 11.2, Avg: 11.3, Max: 11.4, Diff: 0.2, Sum: 90.6]
      [Termination (ms): Min: 0.0, Avg: 0.0, Max: 0.0, Diff: 0.0, Sum: 0.0]
      [GC Worker Other (ms): Min: 0.0, Avg: 0.0, Max: 0.1, Diff: 0.1, Sum: 0.4]
      [GC Worker Total (ms): Min: 18.6, Avg: 18.6, Max: 18.7, Diff: 0.1, Sum: 149.2]
      [GC Worker End (ms): Min: 1497598656.1, Avg: 1497598656.2, Max: 1497598656.2, Diff: 0.1]
   [Code Root Fixup: 0.2 ms]
   [Code Root Purge: 0.0 ms]
   [Clear CT: 0.3 ms]
   [Other: 1.8 ms]
      [Choose CSet: 0.0 ms]
      [Ref Proc: 0.2 ms]
      [Ref Enq: 0.0 ms]
      [Redirty Cards: 0.1 ms]
      [Humongous Reclaim: 0.0 ms]
      [Free CSet: 0.9 ms]
   [Eden: 2212.0M(2212.0M)->0.0B(2212.0M) Survivors: 36.0M->36.0M Heap: 3546.3M(4500.0M)->1334.9M(4500.0M)]
Heap after GC invocations=32868 (full 0):
 garbage-first heap   total 4608000K, used 1366899K [0x00000006a6c00000, 0x00000006a7002328, 0x00000007c0000000)
  region size 4096K, 9 young (36864K), 9 survivors (36864K)
 Metaspace       used 124692K, capacity 128524K, committed 129664K, reserved 1165312K
  class space    used 13846K, capacity 14512K, committed 14720K, reserved 1048576K
}
 [Times: user=0.12 sys=0.03, real=0.03 secs] 
{Heap before GC invocations=32868 (full 0):
 garbage-first heap   total 4608000K, used 3631987K [0x00000006a6c00000, 0x00000006a7002328, 0x00000007c0000000)
  region size 4096K, 562 young (2301952K), 9 survivors (36864K)
 Metaspace       used 124692K, capacity 128524K, committed 129664K, reserved 1165312K
  class space    used 13846K, capacity 14512K, committed 14720K, reserved 1048576K
2019-04-29T00:34:16.220+0800: 1497665.439: [GC pause (G1 Evacuation Pause) (young)
Desired survivor size 148897792 bytes, new threshold 15 (max 15)
- age   1:   18308808 bytes,   18308808 total
- age   2:     394016 bytes,   18702824 total
- age   3:     318736 bytes,   19021560 total
- age   4:     810760 bytes,   19832320 total
- age   5:     222776 bytes,   20055096 total
- age   6:     267864 bytes,   20322960 total
- age   7:     385872 bytes,   20708832 total
- age   8:     438224 bytes,   21147056 total
- age   9:     488936 bytes,   21635992 total
- age  10:     364936 bytes,   22000928 total
- age  11:     555320 bytes,   22556248 total
- age  12:     278080 bytes,   22834328 total
- age  13:     389632 bytes,   23223960 total
- age  14:     270032 bytes,   23493992 total
- age  15:     509472 bytes,   24003464 total
 1497665.439: [G1Ergonomics (CSet Construction) start choosing CSet, _pending_cards: 24511, predicted base time: 8.86 ms, remaining time: 51.14 ms, target pause time: 60.00 ms]
 1497665.439: [G1Ergonomics (CSet Construction) add young regions to CSet, eden: 553 regions, survivors: 9 regions, predicted young region time: 86.17 ms]
 1497665.439: [G1Ergonomics (CSet Construction) finish choosing CSet, eden: 553 regions, survivors: 9 regions, old: 0 regions, predicted pause time: 95.03 ms, target pause time: 60.00 ms]
, 0.0195903 secs]
   [Parallel Time: 17.7 ms, GC Workers: 8]
      [GC Worker Start (ms): Min: 1497665438.9, Avg: 1497665438.9, Max: 1497665439.0, Diff: 0.1]
      [Ext Root Scanning (ms): Min: 1.1, Avg: 1.3, Max: 2.0, Diff: 0.9, Sum: 10.2]
      [Update RS (ms): Min: 5.5, Avg: 6.0, Max: 6.2, Diff: 0.7, Sum: 47.9]
         [Processed Buffers: Min: 15, Avg: 25.8, Max: 45, Diff: 30, Sum: 206]
      [Scan RS (ms): Min: 0.0, Avg: 0.1, Max: 0.2, Diff: 0.1, Sum: 0.7]
      [Code Root Scanning (ms): Min: 0.0, Avg: 0.0, Max: 0.0, Diff: 0.0, Sum: 0.0]
      [Object Copy (ms): Min: 10.1, Avg: 10.2, Max: 10.2, Diff: 0.1, Sum: 81.2]
      [Termination (ms): Min: 0.0, Avg: 0.0, Max: 0.0, Diff: 0.0, Sum: 0.0]
      [GC Worker Other (ms): Min: 0.0, Avg: 0.0, Max: 0.1, Diff: 0.1, Sum: 0.4]
      [GC Worker Total (ms): Min: 17.5, Avg: 17.6, Max: 17.6, Diff: 0.1, Sum: 140.5]
      [GC Worker End (ms): Min: 1497665456.5, Avg: 1497665456.5, Max: 1497665456.5, Diff: 0.1]
   [Code Root Fixup: 0.2 ms]
   [Code Root Purge: 0.0 ms]
   [Clear CT: 0.3 ms]
   [Other: 1.4 ms]
      [Choose CSet: 0.0 ms]
      [Ref Proc: 0.2 ms]
      [Ref Enq: 0.0 ms]
      [Redirty Cards: 0.1 ms]
      [Humongous Reclaim: 0.0 ms]
      [Free CSet: 0.6 ms]
   [Eden: 2212.0M(2212.0M)->0.0B(2212.0M) Survivors: 36.0M->36.0M Heap: 3546.9M(4500.0M)->1335.5M(4500.0M)]
Heap after GC invocations=32869 (full 0):
 garbage-first heap   total 4608000K, used 1367536K [0x00000006a6c00000, 0x00000006a7002328, 0x00000007c0000000)
  region size 4096K, 9 young (36864K), 9 survivors (36864K)
 Metaspace       used 124692K, capacity 128524K, committed 129664K, reserved 1165312K
  class space    used 13846K, capacity 14512K, committed 14720K, reserved 1048576K
}
 [Times: user=0.12 sys=0.03, real=0.01 secs] 
{Heap before GC invocations=32869 (full 0):
 garbage-first heap   total 4608000K, used 3632624K [0x00000006a6c00000, 0x00000006a7002328, 0x00000007c0000000)
  region size 4096K, 562 young (2301952K), 9 survivors (36864K)
 Metaspace       used 124692K, capacity 128524K, committed 129664K, reserved 1165312K
  class space    used 13846K, capacity 14512K, committed 14720K, reserved 1048576K
2019-04-29T00:34:59.901+0800: 1497709.119: [GC pause (G1 Evacuation Pause) (young)
Desired survivor size 148897792 bytes, new threshold 15 (max 15)
- age   1:   16000856 bytes,   16000856 total
- age   2:     300952 bytes,   16301808 total
- age   3:     220584 bytes,   16522392 total
- age   4:     310208 bytes,   16832600 total
- age   5:     809192 bytes,   17641792 total
- age   6:     222776 bytes,   17864568 total
- age   7:     267864 bytes,   18132432 total
- age   8:     385872 bytes,   18518304 total
- age   9:     437440 bytes,   18955744 total
- age  10:     488712 bytes,   19444456 total
- age  11:     364936 bytes,   19809392 total
- age  12:     555320 bytes,   20364712 total
- age  13:     278080 bytes,   20642792 total
- age  14:     389632 bytes,   21032424 total
- age  15:     270032 bytes,   21302456 total
 1497709.120: [G1Ergonomics (CSet Construction) start choosing CSet, _pending_cards: 24006, predicted base time: 8.67 ms, remaining time: 51.33 ms, target pause time: 60.00 ms]
 1497709.120: [G1Ergonomics (CSet Construction) add young regions to CSet, eden: 553 regions, survivors: 9 regions, predicted young region time: 72.96 ms]
 1497709.120: [G1Ergonomics (CSet Construction) finish choosing CSet, eden: 553 regions, survivors: 9 regions, old: 0 regions, predicted pause time: 81.63 ms, target pause time: 60.00 ms]
, 0.0197449 secs]
   [Parallel Time: 17.8 ms, GC Workers: 8]
      [GC Worker Start (ms): Min: 1497709119.8, Avg: 1497709119.8, Max: 1497709119.9, Diff: 0.1]
      [Ext Root Scanning (ms): Min: 1.1, Avg: 1.3, Max: 2.1, Diff: 1.0, Sum: 10.5]
      [Update RS (ms): Min: 5.4, Avg: 5.8, Max: 6.1, Diff: 0.8, Sum: 46.4]
         [Processed Buffers: Min: 16, Avg: 24.5, Max: 38, Diff: 22, Sum: 196]
      [Scan RS (ms): Min: 0.0, Avg: 0.1, Max: 0.1, Diff: 0.1, Sum: 0.6]
      [Code Root Scanning (ms): Min: 0.0, Avg: 0.0, Max: 0.0, Diff: 0.0, Sum: 0.0]
      [Object Copy (ms): Min: 10.2, Avg: 10.4, Max: 10.5, Diff: 0.3, Sum: 83.4]
      [Termination (ms): Min: 0.0, Avg: 0.0, Max: 0.0, Diff: 0.0, Sum: 0.0]
      [GC Worker Other (ms): Min: 0.0, Avg: 0.0, Max: 0.1, Diff: 0.1, Sum: 0.4]
      [GC Worker Total (ms): Min: 17.6, Avg: 17.7, Max: 17.7, Diff: 0.1, Sum: 141.3]
      [GC Worker End (ms): Min: 1497709137.5, Avg: 1497709137.5, Max: 1497709137.5, Diff: 0.1]
   [Code Root Fixup: 0.2 ms]
   [Code Root Purge: 0.0 ms]
   [Clear CT: 0.3 ms]
   [Other: 1.5 ms]
      [Choose CSet: 0.0 ms]
      [Ref Proc: 0.2 ms]
      [Ref Enq: 0.0 ms]
      [Redirty Cards: 0.1 ms]
      [Humongous Reclaim: 0.0 ms]
      [Free CSet: 0.6 ms]
   [Eden: 2212.0M(2212.0M)->0.0B(2212.0M) Survivors: 36.0M->36.0M Heap: 3547.5M(4500.0M)->1335.7M(4500.0M)]
Heap after GC invocations=32870 (full 0):
 garbage-first heap   total 4608000K, used 1367773K [0x00000006a6c00000, 0x00000006a7002328, 0x00000007c0000000)
  region size 4096K, 9 young (36864K), 9 survivors (36864K)
 Metaspace       used 124692K, capacity 128524K, committed 129664K, reserved 1165312K
  class space    used 13846K, capacity 14512K, committed 14720K, reserved 1048576K
}
 [Times: user=0.12 sys=0.03, real=0.02 secs] 
{Heap before GC invocations=32870 (full 0):
 garbage-first heap   total 4608000K, used 3632861K [0x00000006a6c00000, 0x00000006a7002328, 0x00000007c0000000)
  region size 4096K, 562 young (2301952K), 9 survivors (36864K)
 Metaspace       used 124692K, capacity 128524K, committed 129664K, reserved 1165312K
  class space    used 13846K, capacity 14512K, committed 14720K, reserved 1048576K
2019-04-29T00:35:42.771+0800: 1497751.990: [GC pause (G1 Evacuation Pause) (young)
Desired survivor size 148897792 bytes, new threshold 15 (max 15)
- age   1:   15735808 bytes,   15735808 total
- age   2:    1383408 bytes,   17119216 total
- age   3:     286856 bytes,   17406072 total
- age   4:     217216 bytes,   17623288 total
- age   5:     310064 bytes,   17933352 total
- age   6:     808520 bytes,   18741872 total
- age   7:     222776 bytes,   18964648 total
- age   8:     267864 bytes,   19232512 total
- age   9:     385872 bytes,   19618384 total
- age  10:     437216 bytes,   20055600 total
- age  11:     488600 bytes,   20544200 total
- age  12:     364824 bytes,   20909024 total
- age  13:     555320 bytes,   21464344 total
- age  14:     278048 bytes,   21742392 total
- age  15:     389632 bytes,   22132024 total
 1497751.990: [G1Ergonomics (CSet Construction) start choosing CSet, _pending_cards: 23772, predicted base time: 8.55 ms, remaining time: 51.45 ms, target pause time: 60.00 ms]
 1497751.990: [G1Ergonomics (CSet Construction) add young regions to CSet, eden: 553 regions, survivors: 9 regions, predicted young region time: 58.96 ms]
 1497751.990: [G1Ergonomics (CSet Construction) finish choosing CSet, eden: 553 regions, survivors: 9 regions, old: 0 regions, predicted pause time: 67.50 ms, target pause time: 60.00 ms]
, 0.0291804 secs]
   [Parallel Time: 27.2 ms, GC Workers: 8]
      [GC Worker Start (ms): Min: 1497751990.4, Avg: 1497751990.4, Max: 1497751990.4, Diff: 0.1]
      [Ext Root Scanning (ms): Min: 1.0, Avg: 1.3, Max: 2.3, Diff: 1.3, Sum: 10.7]
      [Update RS (ms): Min: 4.6, Avg: 5.5, Max: 6.0, Diff: 1.4, Sum: 44.3]
         [Processed Buffers: Min: 13, Avg: 25.2, Max: 45, Diff: 32, Sum: 202]
      [Scan RS (ms): Min: 0.0, Avg: 0.1, Max: 0.1, Diff: 0.1, Sum: 0.7]
      [Code Root Scanning (ms): Min: 0.0, Avg: 0.0, Max: 0.0, Diff: 0.0, Sum: 0.0]
      [Object Copy (ms): Min: 19.7, Avg: 19.8, Max: 20.0, Diff: 0.3, Sum: 158.8]
      [Termination (ms): Min: 0.0, Avg: 0.0, Max: 0.0, Diff: 0.0, Sum: 0.0]
      [GC Worker Other (ms): Min: 0.0, Avg: 0.1, Max: 0.1, Diff: 0.1, Sum: 0.4]
      [GC Worker Total (ms): Min: 26.8, Avg: 26.9, Max: 26.9, Diff: 0.1, Sum: 214.9]
      [GC Worker End (ms): Min: 1497752017.2, Avg: 1497752017.3, Max: 1497752017.3, Diff: 0.1]
   [Code Root Fixup: 0.3 ms]
   [Code Root Purge: 0.0 ms]
   [Clear CT: 0.3 ms]
   [Other: 1.4 ms]
      [Choose CSet: 0.0 ms]
      [Ref Proc: 0.2 ms]
      [Ref Enq: 0.0 ms]
      [Redirty Cards: 0.1 ms]
      [Humongous Reclaim: 0.0 ms]
      [Free CSet: 0.6 ms]
   [Eden: 2212.0M(2212.0M)->0.0B(2200.0M) Survivors: 36.0M->48.0M Heap: 3547.7M(4500.0M)->1350.5M(4500.0M)]
Heap after GC invocations=32871 (full 0):
 garbage-first heap   total 4608000K, used 1382939K [0x00000006a6c00000, 0x00000006a7002328, 0x00000007c0000000)
  region size 4096K, 12 young (49152K), 12 survivors (49152K)
 Metaspace       used 124692K, capacity 128524K, committed 129664K, reserved 1165312K
  class space    used 13846K, capacity 14512K, committed 14720K, reserved 1048576K
}
 [Times: user=0.17 sys=0.04, real=0.03 secs] 
{Heap before GC invocations=32871 (full 0):
 garbage-first heap   total 4608000K, used 3635739K [0x00000006a6c00000, 0x00000006a7002328, 0x00000007c0000000)
  region size 4096K, 562 young (2301952K), 12 survivors (49152K)
 Metaspace       used 124692K, capacity 128524K, committed 129664K, reserved 1165312K
  class space    used 13846K, capacity 14512K, committed 14720K, reserved 1048576K
2019-04-29T00:36:31.488+0800: 1497800.707: [GC pause (G1 Evacuation Pause) (young)
Desired survivor size 148897792 bytes, new threshold 15 (max 15)
- age   1:   32234352 bytes,   32234352 total
- age   2:    1214640 bytes,   33448992 total
- age   3:     209424 bytes,   33658416 total
- age   4:     235816 bytes,   33894232 total
- age   5:     216432 bytes,   34110664 total
- age   6:     283712 bytes,   34394376 total
- age   7:     313912 bytes,   34708288 total
- age   8:     222512 bytes,   34930800 total
- age   9:     267464 bytes,   35198264 total
- age  10:     382016 bytes,   35580280 total
- age  11:     437216 bytes,   36017496 total
- age  12:     488488 bytes,   36505984 total
- age  13:     364712 bytes,   36870696 total
- age  14:     555320 bytes,   37426016 total
- age  15:     278048 bytes,   37704064 total
 1497800.707: [G1Ergonomics (CSet Construction) start choosing CSet, _pending_cards: 23653, predicted base time: 8.53 ms, remaining time: 51.47 ms, target pause time: 60.00 ms]
 1497800.707: [G1Ergonomics (CSet Construction) add young regions to CSet, eden: 550 regions, survivors: 12 regions, predicted young region time: 61.07 ms]
 1497800.707: [G1Ergonomics (CSet Construction) finish choosing CSet, eden: 550 regions, survivors: 12 regions, old: 0 regions, predicted pause time: 69.60 ms, target pause time: 60.00 ms]
, 0.0210042 secs]
   [Parallel Time: 19.1 ms, GC Workers: 8]
      [GC Worker Start (ms): Min: 1497800707.1, Avg: 1497800707.1, Max: 1497800707.1, Diff: 0.1]
      [Ext Root Scanning (ms): Min: 1.0, Avg: 1.3, Max: 2.2, Diff: 1.2, Sum: 10.3]
      [Update RS (ms): Min: 4.9, Avg: 5.8, Max: 6.2, Diff: 1.3, Sum: 46.2]
         [Processed Buffers: Min: 16, Avg: 24.9, Max: 34, Diff: 18, Sum: 199]
      [Scan RS (ms): Min: 0.0, Avg: 0.1, Max: 0.1, Diff: 0.1, Sum: 0.6]
      [Code Root Scanning (ms): Min: 0.0, Avg: 0.0, Max: 0.0, Diff: 0.0, Sum: 0.0]
      [Object Copy (ms): Min: 11.7, Avg: 11.8, Max: 11.9, Diff: 0.2, Sum: 94.3]
      [Termination (ms): Min: 0.0, Avg: 0.0, Max: 0.0, Diff: 0.0, Sum: 0.0]
      [GC Worker Other (ms): Min: 0.0, Avg: 0.1, Max: 0.1, Diff: 0.1, Sum: 0.4]
      [GC Worker Total (ms): Min: 18.9, Avg: 19.0, Max: 19.0, Diff: 0.1, Sum: 151.9]
      [GC Worker End (ms): Min: 1497800726.0, Avg: 1497800726.1, Max: 1497800726.1, Diff: 0.1]
   [Code Root Fixup: 0.2 ms]
   [Code Root Purge: 0.0 ms]
   [Clear CT: 0.3 ms]
   [Other: 1.5 ms]
      [Choose CSet: 0.0 ms]
      [Ref Proc: 0.2 ms]
      [Ref Enq: 0.0 ms]
      [Redirty Cards: 0.1 ms]
      [Humongous Reclaim: 0.0 ms]
      [Free CSet: 0.6 ms]
   [Eden: 2200.0M(2200.0M)->0.0B(2212.0M) Survivors: 48.0M->36.0M Heap: 3550.5M(4500.0M)->1337.0M(4500.0M)]
Heap after GC invocations=32872 (full 0):
 garbage-first heap   total 4608000K, used 1369066K [0x00000006a6c00000, 0x00000006a7002328, 0x00000007c0000000)
  region size 4096K, 9 young (36864K), 9 survivors (36864K)
 Metaspace       used 124692K, capacity 128524K, committed 129664K, reserved 1165312K
  class space    used 13846K, capacity 14512K, committed 14720K, reserved 1048576K
}
 [Times: user=0.13 sys=0.03, real=0.02 secs] 
{Heap before GC invocations=32872 (full 0):
 garbage-first heap   total 4608000K, used 3634154K [0x00000006a6c00000, 0x00000006a7002328, 0x00000007c0000000)
  region size 4096K, 562 young (2301952K), 9 survivors (36864K)
 Metaspace       used 124692K, capacity 128524K, committed 129664K, reserved 1165312K
  class space    used 13846K, capacity 14512K, committed 14720K, reserved 1048576K
2019-04-29T00:37:47.044+0800: 1497876.263: [GC pause (G1 Evacuation Pause) (young)
Desired survivor size 148897792 bytes, new threshold 15 (max 15)
- age   1:   19395984 bytes,   19395984 total
- age   2:    1043232 bytes,   20439216 total
- age   3:     127064 bytes,   20566280 total
- age   4:     207696 bytes,   20773976 total
- age   5:     233992 bytes,   21007968 total
- age   6:     216320 bytes,   21224288 total
- age   7:     283264 bytes,   21507552 total
- age   8:     313352 bytes,   21820904 total
- age   9:     222400 bytes,   22043304 total
- age  10:     267352 bytes,   22310656 total
- age  11:     380312 bytes,   22690968 total
- age  12:     437216 bytes,   23128184 total
- age  13:     488376 bytes,   23616560 total
- age  14:     364488 bytes,   23981048 total
- age  15:     555320 bytes,   24536368 total
 1497876.263: [G1Ergonomics (CSet Construction) start choosing CSet, _pending_cards: 24929, predicted base time: 8.80 ms, remaining time: 51.20 ms, target pause time: 60.00 ms]
 1497876.263: [G1Ergonomics (CSet Construction) add young regions to CSet, eden: 553 regions, survivors: 9 regions, predicted young region time: 48.24 ms]
 1497876.263: [G1Ergonomics (CSet Construction) finish choosing CSet, eden: 553 regions, survivors: 9 regions, old: 0 regions, predicted pause time: 57.04 ms, target pause time: 60.00 ms]
, 0.0194243 secs]
   [Parallel Time: 17.5 ms, GC Workers: 8]
      [GC Worker Start (ms): Min: 1497876262.9, Avg: 1497876262.9, Max: 1497876263.0, Diff: 0.1]
      [Ext Root Scanning (ms): Min: 1.0, Avg: 1.3, Max: 2.1, Diff: 1.0, Sum: 10.5]
      [Update RS (ms): Min: 5.1, Avg: 5.8, Max: 6.1, Diff: 1.0, Sum: 46.5]
         [Processed Buffers: Min: 15, Avg: 25.6, Max: 37, Diff: 22, Sum: 205]
      [Scan RS (ms): Min: 0.0, Avg: 0.1, Max: 0.1, Diff: 0.1, Sum: 0.6]
      [Code Root Scanning (ms): Min: 0.0, Avg: 0.0, Max: 0.0, Diff: 0.0, Sum: 0.0]
      [Object Copy (ms): Min: 10.1, Avg: 10.1, Max: 10.2, Diff: 0.1, Sum: 81.0]
      [Termination (ms): Min: 0.0, Avg: 0.0, Max: 0.0, Diff: 0.0, Sum: 0.0]
      [GC Worker Other (ms): Min: 0.0, Avg: 0.1, Max: 0.1, Diff: 0.1, Sum: 0.4]
      [GC Worker Total (ms): Min: 17.4, Avg: 17.4, Max: 17.4, Diff: 0.1, Sum: 139.0]
      [GC Worker End (ms): Min: 1497876280.3, Avg: 1497876280.3, Max: 1497876280.3, Diff: 0.1]
   [Code Root Fixup: 0.2 ms]
   [Code Root Purge: 0.0 ms]
   [Clear CT: 0.3 ms]
   [Other: 1.4 ms]
      [Choose CSet: 0.0 ms]
      [Ref Proc: 0.2 ms]
      [Ref Enq: 0.0 ms]
      [Redirty Cards: 0.1 ms]
      [Humongous Reclaim: 0.0 ms]
      [Free CSet: 0.6 ms]
   [Eden: 2212.0M(2212.0M)->0.0B(2212.0M) Survivors: 36.0M->36.0M Heap: 3549.0M(4500.0M)->1337.6M(4500.0M)]
Heap after GC invocations=32873 (full 0):
 garbage-first heap   total 4608000K, used 1369717K [0x00000006a6c00000, 0x00000006a7002328, 0x00000007c0000000)
  region size 4096K, 9 young (36864K), 9 survivors (36864K)
 Metaspace       used 124692K, capacity 128524K, committed 129664K, reserved 1165312K
  class space    used 13846K, capacity 14512K, committed 14720K, reserved 1048576K
}
 [Times: user=0.14 sys=0.00, real=0.02 secs] 
{Heap before GC invocations=32873 (full 0):
 garbage-first heap   total 4608000K, used 3634805K [0x00000006a6c00000, 0x00000006a7002328, 0x00000007c0000000)
  region size 4096K, 562 young (2301952K), 9 survivors (36864K)
 Metaspace       used 124692K, capacity 128524K, committed 129664K, reserved 1165312K
  class space    used 13846K, capacity 14512K, committed 14720K, reserved 1048576K
2019-04-29T00:38:46.902+0800: 1497936.121: [GC pause (G1 Evacuation Pause) (young)
Desired survivor size 148897792 bytes, new threshold 15 (max 15)
- age   1:   17684464 bytes,   17684464 total
- age   2:     542752 bytes,   18227216 total
- age   3:     206544 bytes,   18433760 total
- age   4:     122672 bytes,   18556432 total
- age   5:     207360 bytes,   18763792 total
- age   6:     233880 bytes,   18997672 total
- age   7:     216208 bytes,   19213880 total
- age   8:     283040 bytes,   19496920 total
- age   9:     312792 bytes,   19809712 total
- age  10:     222288 bytes,   20032000 total
- age  11:     267352 bytes,   20299352 total
- age  12:     380312 bytes,   20679664 total
- age  13:     436992 bytes,   21116656 total
- age  14:     488376 bytes,   21605032 total
- age  15:     364488 bytes,   21969520 total
 1497936.121: [G1Ergonomics (CSet Construction) start choosing CSet, _pending_cards: 24767, predicted base time: 8.67 ms, remaining time: 51.33 ms, target pause time: 60.00 ms]
 1497936.121: [G1Ergonomics (CSet Construction) add young regions to CSet, eden: 553 regions, survivors: 9 regions, predicted young region time: 61.81 ms]
 1497936.121: [G1Ergonomics (CSet Construction) finish choosing CSet, eden: 553 regions, survivors: 9 regions, old: 0 regions, predicted pause time: 70.48 ms, target pause time: 60.00 ms]
, 0.0209203 secs]
   [Parallel Time: 18.9 ms, GC Workers: 8]
      [GC Worker Start (ms): Min: 1497936120.8, Avg: 1497936120.9, Max: 1497936120.9, Diff: 0.1]
      [Ext Root Scanning (ms): Min: 1.1, Avg: 1.6, Max: 4.4, Diff: 3.3, Sum: 12.9]
      [Update RS (ms): Min: 3.3, Avg: 5.9, Max: 6.5, Diff: 3.2, Sum: 47.2]
         [Processed Buffers: Min: 13, Avg: 23.9, Max: 43, Diff: 30, Sum: 191]
      [Scan RS (ms): Min: 0.0, Avg: 0.1, Max: 0.1, Diff: 0.1, Sum: 0.6]
      [Code Root Scanning (ms): Min: 0.0, Avg: 0.0, Max: 0.0, Diff: 0.0, Sum: 0.0]
      [Object Copy (ms): Min: 11.1, Avg: 11.2, Max: 11.3, Diff: 0.2, Sum: 89.3]
      [Termination (ms): Min: 0.0, Avg: 0.0, Max: 0.0, Diff: 0.0, Sum: 0.0]
      [GC Worker Other (ms): Min: 0.0, Avg: 0.0, Max: 0.1, Diff: 0.1, Sum: 0.3]
      [GC Worker Total (ms): Min: 18.8, Avg: 18.8, Max: 18.8, Diff: 0.1, Sum: 150.4]
      [GC Worker End (ms): Min: 1497936139.6, Avg: 1497936139.7, Max: 1497936139.7, Diff: 0.1]
   [Code Root Fixup: 0.2 ms]
   [Code Root Purge: 0.0 ms]
   [Clear CT: 0.3 ms]
   [Other: 1.5 ms]
      [Choose CSet: 0.0 ms]
      [Ref Proc: 0.2 ms]
      [Ref Enq: 0.0 ms]
      [Redirty Cards: 0.1 ms]
      [Humongous Reclaim: 0.0 ms]
      [Free CSet: 0.7 ms]
   [Eden: 2212.0M(2212.0M)->0.0B(2212.0M) Survivors: 36.0M->36.0M Heap: 3549.6M(4500.0M)->1340.3M(4500.0M)]
Heap after GC invocations=32874 (full 0):
 garbage-first heap   total 4608000K, used 1372461K [0x00000006a6c00000, 0x00000006a7002328, 0x00000007c0000000)
  region size 4096K, 9 young (36864K), 9 survivors (36864K)
 Metaspace       used 124692K, capacity 128524K, committed 129664K, reserved 1165312K
  class space    used 13846K, capacity 14512K, committed 14720K, reserved 1048576K
}
 [Times: user=0.16 sys=0.00, real=0.02 secs] 
{Heap before GC invocations=32874 (full 0):
 garbage-first heap   total 4608000K, used 3637549K [0x00000006a6c00000, 0x00000006a7002328, 0x00000007c0000000)
  region size 4096K, 562 young (2301952K), 9 survivors (36864K)
 Metaspace       used 124692K, capacity 128524K, committed 129664K, reserved 1165312K
  class space    used 13846K, capacity 14512K, committed 14720K, reserved 1048576K
2019-04-29T00:39:32.119+0800: 1497981.338: [GC pause (G1 Evacuation Pause) (young)
Desired survivor size 148897792 bytes, new threshold 15 (max 15)
- age   1:   20475632 bytes,   20475632 total
- age   2:     644272 bytes,   21119904 total
- age   3:     541712 bytes,   21661616 total
- age   4:     203568 bytes,   21865184 total
- age   5:     122672 bytes,   21987856 total
- age   6:     207136 bytes,   22194992 total
- age   7:     233768 bytes,   22428760 total
- age   8:     216208 bytes,   22644968 total
- age   9:     282928 bytes,   22927896 total
- age  10:     312680 bytes,   23240576 total
- age  11:     222288 bytes,   23462864 total
- age  12:     267352 bytes,   23730216 total
- age  13:     380312 bytes,   24110528 total
- age  14:     436992 bytes,   24547520 total
- age  15:     488376 bytes,   25035896 total
 1497981.338: [G1Ergonomics (CSet Construction) start choosing CSet, _pending_cards: 24509, predicted base time: 8.67 ms, remaining time: 51.33 ms, target pause time: 60.00 ms]
 1497981.338: [G1Ergonomics (CSet Construction) add young regions to CSet, eden: 553 regions, survivors: 9 regions, predicted young region time: 156.94 ms]
 1497981.338: [G1Ergonomics (CSet Construction) finish choosing CSet, eden: 553 regions, survivors: 9 regions, old: 0 regions, predicted pause time: 165.61 ms, target pause time: 60.00 ms]
, 0.0227189 secs]
   [Parallel Time: 20.8 ms, GC Workers: 8]
      [GC Worker Start (ms): Min: 1497981338.4, Avg: 1497981338.5, Max: 1497981338.5, Diff: 0.1]
      [Ext Root Scanning (ms): Min: 1.0, Avg: 1.3, Max: 2.2, Diff: 1.2, Sum: 10.1]
      [Update RS (ms): Min: 5.1, Avg: 5.7, Max: 6.1, Diff: 1.0, Sum: 45.8]
         [Processed Buffers: Min: 13, Avg: 25.4, Max: 34, Diff: 21, Sum: 203]
      [Scan RS (ms): Min: 0.0, Avg: 0.1, Max: 0.2, Diff: 0.1, Sum: 0.7]
      [Code Root Scanning (ms): Min: 0.0, Avg: 0.0, Max: 0.0, Diff: 0.0, Sum: 0.0]
      [Object Copy (ms): Min: 13.3, Avg: 13.5, Max: 13.6, Diff: 0.3, Sum: 108.4]
      [Termination (ms): Min: 0.0, Avg: 0.0, Max: 0.0, Diff: 0.0, Sum: 0.0]
      [GC Worker Other (ms): Min: 0.0, Avg: 0.0, Max: 0.1, Diff: 0.1, Sum: 0.4]
      [GC Worker Total (ms): Min: 20.6, Avg: 20.7, Max: 20.7, Diff: 0.1, Sum: 165.5]
      [GC Worker End (ms): Min: 1497981359.1, Avg: 1497981359.1, Max: 1497981359.2, Diff: 0.1]
   [Code Root Fixup: 0.2 ms]
   [Code Root Purge: 0.0 ms]
   [Clear CT: 0.2 ms]
   [Other: 1.5 ms]
      [Choose CSet: 0.0 ms]
      [Ref Proc: 0.2 ms]
      [Ref Enq: 0.0 ms]
      [Redirty Cards: 0.1 ms]
      [Humongous Reclaim: 0.0 ms]
      [Free CSet: 0.6 ms]
   [Eden: 2212.0M(2212.0M)->0.0B(2212.0M) Survivors: 36.0M->36.0M Heap: 3552.3M(4500.0M)->1338.9M(4500.0M)]
Heap after GC invocations=32875 (full 0):
 garbage-first heap   total 4608000K, used 1371045K [0x00000006a6c00000, 0x00000006a7002328, 0x00000007c0000000)
  region size 4096K, 9 young (36864K), 9 survivors (36864K)
 Metaspace       used 124692K, capacity 128524K, committed 129664K, reserved 1165312K
  class space    used 13846K, capacity 14512K, committed 14720K, reserved 1048576K
}
 [Times: user=0.13 sys=0.03, real=0.03 secs] 
{Heap before GC invocations=32875 (full 0):
 garbage-first heap   total 4608000K, used 3636133K [0x00000006a6c00000, 0x00000006a7002328, 0x00000007c0000000)
  region size 4096K, 562 young (2301952K), 9 survivors (36864K)
 Metaspace       used 124692K, capacity 128524K, committed 129664K, reserved 1165312K
  class space    used 13846K, capacity 14512K, committed 14720K, reserved 1048576K
2019-04-29T00:40:27.992+0800: 1498037.211: [GC pause (G1 Evacuation Pause) (young)
Desired survivor size 148897792 bytes, new threshold 15 (max 15)
- age   1:   21896800 bytes,   21896800 total
- age   2:    1769216 bytes,   23666016 total
- age   3:     584064 bytes,   24250080 total
- age   4:     474024 bytes,   24724104 total
- age   5:     201632 bytes,   24925736 total
- age   6:     122560 bytes,   25048296 total
- age   7:     206912 bytes,   25255208 total
- age   8:     233744 bytes,   25488952 total
- age   9:     216096 bytes,   25705048 total
- age  10:     282928 bytes,   25987976 total
- age  11:     312456 bytes,   26300432 total
- age  12:     222176 bytes,   26522608 total
- age  13:     267352 bytes,   26789960 total
- age  14:     380312 bytes,   27170272 total
- age  15:     436992 bytes,   27607264 total
 1498037.211: [G1Ergonomics (CSet Construction) start choosing CSet, _pending_cards: 24941, predicted base time: 8.68 ms, remaining time: 51.32 ms, target pause time: 60.00 ms]
 1498037.211: [G1Ergonomics (CSet Construction) add young regions to CSet, eden: 553 regions, survivors: 9 regions, predicted young region time: 145.04 ms]
 1498037.211: [G1Ergonomics (CSet Construction) finish choosing CSet, eden: 553 regions, survivors: 9 regions, old: 0 regions, predicted pause time: 153.72 ms, target pause time: 60.00 ms]
, 0.0207914 secs]
   [Parallel Time: 18.7 ms, GC Workers: 8]
      [GC Worker Start (ms): Min: 1498037211.4, Avg: 1498037211.4, Max: 1498037211.5, Diff: 0.1]
      [Ext Root Scanning (ms): Min: 1.2, Avg: 1.4, Max: 2.1, Diff: 0.9, Sum: 11.6]
      [Update RS (ms): Min: 5.7, Avg: 6.3, Max: 6.6, Diff: 0.9, Sum: 50.1]
         [Processed Buffers: Min: 17, Avg: 25.8, Max: 39, Diff: 22, Sum: 206]
      [Scan RS (ms): Min: 0.0, Avg: 0.1, Max: 0.1, Diff: 0.1, Sum: 0.6]
      [Code Root Scanning (ms): Min: 0.0, Avg: 0.0, Max: 0.0, Diff: 0.0, Sum: 0.0]
      [Object Copy (ms): Min: 10.6, Avg: 10.7, Max: 10.8, Diff: 0.2, Sum: 86.0]
      [Termination (ms): Min: 0.0, Avg: 0.0, Max: 0.0, Diff: 0.0, Sum: 0.0]
      [GC Worker Other (ms): Min: 0.0, Avg: 0.1, Max: 0.1, Diff: 0.1, Sum: 0.4]
      [GC Worker Total (ms): Min: 18.5, Avg: 18.6, Max: 18.6, Diff: 0.1, Sum: 148.7]
      [GC Worker End (ms): Min: 1498037230.0, Avg: 1498037230.0, Max: 1498037230.0, Diff: 0.0]
   [Code Root Fixup: 0.3 ms]
   [Code Root Purge: 0.0 ms]
   [Clear CT: 0.3 ms]
   [Other: 1.5 ms]
      [Choose CSet: 0.0 ms]
      [Ref Proc: 0.2 ms]
      [Ref Enq: 0.0 ms]
      [Redirty Cards: 0.1 ms]
      [Humongous Reclaim: 0.0 ms]
      [Free CSet: 0.6 ms]
   [Eden: 2212.0M(2212.0M)->0.0B(2212.0M) Survivors: 36.0M->36.0M Heap: 3550.9M(4500.0M)->1339.6M(4500.0M)]
Heap after GC invocations=32876 (full 0):
 garbage-first heap   total 4608000K, used 1371725K [0x00000006a6c00000, 0x00000006a7002328, 0x00000007c0000000)
  region size 4096K, 9 young (36864K), 9 survivors (36864K)
 Metaspace       used 124692K, capacity 128524K, committed 129664K, reserved 1165312K
  class space    used 13846K, capacity 14512K, committed 14720K, reserved 1048576K
}
 [Times: user=0.15 sys=0.00, real=0.02 secs] 
{Heap before GC invocations=32876 (full 0):
 garbage-first heap   total 4608000K, used 3636813K [0x00000006a6c00000, 0x00000006a7002328, 0x00000007c0000000)
  region size 4096K, 562 young (2301952K), 9 survivors (36864K)
 Metaspace       used 124692K, capacity 128524K, committed 129664K, reserved 1165312K
  class space    used 13846K, capacity 14512K, committed 14720K, reserved 1048576K
2019-04-29T00:41:29.823+0800: 1498099.042: [GC pause (G1 Evacuation Pause) (young)
Desired survivor size 148897792 bytes, new threshold 15 (max 15)
- age   1:   18172296 bytes,   18172296 total
- age   2:     729976 bytes,   18902272 total
- age   3:     728912 bytes,   19631184 total
- age   4:     579480 bytes,   20210664 total
- age   5:     473352 bytes,   20684016 total
- age   6:     199360 bytes,   20883376 total
- age   7:     122448 bytes,   21005824 total
- age   8:     206576 bytes,   21212400 total
- age   9:     233632 bytes,   21446032 total
- age  10:     215872 bytes,   21661904 total
- age  11:     282928 bytes,   21944832 total
- age  12:     312344 bytes,   22257176 total
- age  13:     222176 bytes,   22479352 total
- age  14:     267352 bytes,   22746704 total
- age  15:     380312 bytes,   23127016 total
 1498099.042: [G1Ergonomics (CSet Construction) start choosing CSet, _pending_cards: 24472, predicted base time: 8.78 ms, remaining time: 51.22 ms, target pause time: 60.00 ms]
 1498099.042: [G1Ergonomics (CSet Construction) add young regions to CSet, eden: 553 regions, survivors: 9 regions, predicted young region time: 168.69 ms]
 1498099.042: [G1Ergonomics (CSet Construction) finish choosing CSet, eden: 553 regions, survivors: 9 regions, old: 0 regions, predicted pause time: 177.46 ms, target pause time: 60.00 ms]
, 0.0199652 secs]
   [Parallel Time: 17.7 ms, GC Workers: 8]
      [GC Worker Start (ms): Min: 1498099042.5, Avg: 1498099042.5, Max: 1498099042.6, Diff: 0.1]
      [Ext Root Scanning (ms): Min: 1.0, Avg: 1.3, Max: 2.1, Diff: 1.1, Sum: 10.4]
      [Update RS (ms): Min: 5.4, Avg: 6.1, Max: 6.4, Diff: 1.0, Sum: 49.0]
         [Processed Buffers: Min: 18, Avg: 24.9, Max: 39, Diff: 21, Sum: 199]
      [Scan RS (ms): Min: 0.0, Avg: 0.1, Max: 0.1, Diff: 0.1, Sum: 0.6]
      [Code Root Scanning (ms): Min: 0.0, Avg: 0.0, Max: 0.0, Diff: 0.0, Sum: 0.0]
      [Object Copy (ms): Min: 10.0, Avg: 10.0, Max: 10.1, Diff: 0.2, Sum: 80.4]
      [Termination (ms): Min: 0.0, Avg: 0.0, Max: 0.0, Diff: 0.0, Sum: 0.0]
      [GC Worker Other (ms): Min: 0.0, Avg: 0.0, Max: 0.1, Diff: 0.0, Sum: 0.3]
      [GC Worker Total (ms): Min: 17.6, Avg: 17.6, Max: 17.6, Diff: 0.1, Sum: 140.8]
      [GC Worker End (ms): Min: 1498099060.1, Avg: 1498099060.1, Max: 1498099060.1, Diff: 0.0]
   [Code Root Fixup: 0.2 ms]
   [Code Root Purge: 0.0 ms]
   [Clear CT: 0.3 ms]
   [Other: 1.7 ms]
      [Choose CSet: 0.0 ms]
      [Ref Proc: 0.2 ms]
      [Ref Enq: 0.0 ms]
      [Redirty Cards: 0.1 ms]
      [Humongous Reclaim: 0.0 ms]
      [Free CSet: 0.9 ms]
   [Eden: 2212.0M(2212.0M)->0.0B(2212.0M) Survivors: 36.0M->36.0M Heap: 3551.6M(4500.0M)->1340.1M(4500.0M)]
Heap after GC invocations=32877 (full 0):
 garbage-first heap   total 4608000K, used 1372309K [0x00000006a6c00000, 0x00000006a7002328, 0x00000007c0000000)
  region size 4096K, 9 young (36864K), 9 survivors (36864K)
 Metaspace       used 124692K, capacity 128524K, committed 129664K, reserved 1165312K
  class space    used 13846K, capacity 14512K, committed 14720K, reserved 1048576K
}
 [Times: user=0.11 sys=0.02, real=0.02 secs] 
{Heap before GC invocations=32877 (full 0):
 garbage-first heap   total 4608000K, used 3637397K [0x00000006a6c00000, 0x00000006a7002328, 0x00000007c0000000)
  region size 4096K, 562 young (2301952K), 9 survivors (36864K)
 Metaspace       used 124692K, capacity 128524K, committed 129664K, reserved 1165312K
  class space    used 13846K, capacity 14512K, committed 14720K, reserved 1048576K
2019-04-29T00:42:17.949+0800: 1498147.168: [GC pause (G1 Evacuation Pause) (young)
Desired survivor size 148897792 bytes, new threshold 15 (max 15)
- age   1:   17090496 bytes,   17090496 total
- age   2:     763560 bytes,   17854056 total
- age   3:     428832 bytes,   18282888 total
- age   4:     727864 bytes,   19010752 total
- age   5:     578960 bytes,   19589712 total
- age   6:     473240 bytes,   20062952 total
- age   7:     154200 bytes,   20217152 total
- age   8:     122336 bytes,   20339488 total
- age   9:     206576 bytes,   20546064 total
- age  10:     233632 bytes,   20779696 total
- age  11:     215872 bytes,   20995568 total
- age  12:     275552 bytes,   21271120 total
- age  13:     274664 bytes,   21545784 total
- age  14:     222176 bytes,   21767960 total
- age  15:     267352 bytes,   22035312 total
 1498147.168: [G1Ergonomics (CSet Construction) start choosing CSet, _pending_cards: 23725, predicted base time: 8.61 ms, remaining time: 51.39 ms, target pause time: 60.00 ms]
 1498147.168: [G1Ergonomics (CSet Construction) add young regions to CSet, eden: 553 regions, survivors: 9 regions, predicted young region time: 131.19 ms]
 1498147.168: [G1Ergonomics (CSet Construction) finish choosing CSet, eden: 553 regions, survivors: 9 regions, old: 0 regions, predicted pause time: 139.80 ms, target pause time: 60.00 ms]
, 0.0192765 secs]
   [Parallel Time: 17.4 ms, GC Workers: 8]
      [GC Worker Start (ms): Min: 1498147168.5, Avg: 1498147168.6, Max: 1498147168.6, Diff: 0.1]
      [Ext Root Scanning (ms): Min: 1.0, Avg: 1.3, Max: 2.0, Diff: 1.0, Sum: 10.0]
      [Update RS (ms): Min: 5.0, Avg: 5.7, Max: 6.0, Diff: 1.0, Sum: 45.7]
         [Processed Buffers: Min: 14, Avg: 24.4, Max: 39, Diff: 25, Sum: 195]
      [Scan RS (ms): Min: 0.0, Avg: 0.1, Max: 0.2, Diff: 0.1, Sum: 0.6]
      [Code Root Scanning (ms): Min: 0.0, Avg: 0.0, Max: 0.0, Diff: 0.0, Sum: 0.0]
      [Object Copy (ms): Min: 10.1, Avg: 10.2, Max: 10.3, Diff: 0.2, Sum: 81.6]
      [Termination (ms): Min: 0.0, Avg: 0.0, Max: 0.0, Diff: 0.0, Sum: 0.0]
      [GC Worker Other (ms): Min: 0.0, Avg: 0.0, Max: 0.1, Diff: 0.1, Sum: 0.3]
      [GC Worker Total (ms): Min: 17.3, Avg: 17.3, Max: 17.3, Diff: 0.1, Sum: 138.3]
      [GC Worker End (ms): Min: 1498147185.8, Avg: 1498147185.9, Max: 1498147185.9, Diff: 0.1]
   [Code Root Fixup: 0.2 ms]
   [Code Root Purge: 0.0 ms]
   [Clear CT: 0.3 ms]
   [Other: 1.4 ms]
      [Choose CSet: 0.0 ms]
      [Ref Proc: 0.2 ms]
      [Ref Enq: 0.0 ms]
      [Redirty Cards: 0.1 ms]
      [Humongous Reclaim: 0.0 ms]
      [Free CSet: 0.6 ms]
   [Eden: 2212.0M(2212.0M)->0.0B(2212.0M) Survivors: 36.0M->36.0M Heap: 3552.1M(4500.0M)->1340.7M(4500.0M)]
Heap after GC invocations=32878 (full 0):
 garbage-first heap   total 4608000K, used 1372881K [0x00000006a6c00000, 0x00000006a7002328, 0x00000007c0000000)
  region size 4096K, 9 young (36864K), 9 survivors (36864K)
 Metaspace       used 124692K, capacity 128524K, committed 129664K, reserved 1165312K
  class space    used 13846K, capacity 14512K, committed 14720K, reserved 1048576K
}
 [Times: user=0.11 sys=0.02, real=0.02 secs] 
{Heap before GC invocations=32878 (full 0):
 garbage-first heap   total 4608000K, used 3637969K [0x00000006a6c00000, 0x00000006a7002328, 0x00000007c0000000)
  region size 4096K, 562 young (2301952K), 9 survivors (36864K)
 Metaspace       used 124692K, capacity 128524K, committed 129664K, reserved 1165312K
  class space    used 13846K, capacity 14512K, committed 14720K, reserved 1048576K
2019-04-29T00:42:52.772+0800: 1498181.991: [GC pause (G1 Evacuation Pause) (young)
Desired survivor size 148897792 bytes, new threshold 15 (max 15)
- age   1:   16899872 bytes,   16899872 total
- age   2:    1082296 bytes,   17982168 total
- age   3:     742176 bytes,   18724344 total
- age   4:     420784 bytes,   19145128 total
- age   5:     726344 bytes,   19871472 total
- age   6:     577224 bytes,   20448696 total
- age   7:     471784 bytes,   20920480 total
- age   8:     149728 bytes,   21070208 total
- age   9:     122120 bytes,   21192328 total
- age  10:     206392 bytes,   21398720 total
- age  11:     233560 bytes,   21632280 total
- age  12:     215584 bytes,   21847864 total
- age  13:     275408 bytes,   22123272 total
- age  14:     271784 bytes,   22395056 total
- age  15:     222176 bytes,   22617232 total
 1498181.991: [G1Ergonomics (CSet Construction) start choosing CSet, _pending_cards: 22400, predicted base time: 8.19 ms, remaining time: 51.81 ms, target pause time: 60.00 ms]
 1498181.991: [G1Ergonomics (CSet Construction) add young regions to CSet, eden: 553 regions, survivors: 9 regions, predicted young region time: 100.93 ms]
 1498181.991: [G1Ergonomics (CSet Construction) finish choosing CSet, eden: 553 regions, survivors: 9 regions, old: 0 regions, predicted pause time: 109.12 ms, target pause time: 60.00 ms]
, 0.0215229 secs]
   [Parallel Time: 19.6 ms, GC Workers: 8]
      [GC Worker Start (ms): Min: 1498181991.3, Avg: 1498181991.3, Max: 1498181991.3, Diff: 0.1]
      [Ext Root Scanning (ms): Min: 1.1, Avg: 1.3, Max: 2.1, Diff: 1.0, Sum: 10.4]
      [Update RS (ms): Min: 4.8, Avg: 5.4, Max: 5.7, Diff: 1.0, Sum: 43.6]
         [Processed Buffers: Min: 11, Avg: 23.1, Max: 46, Diff: 35, Sum: 185]
      [Scan RS (ms): Min: 0.0, Avg: 0.1, Max: 0.1, Diff: 0.1, Sum: 0.6]
      [Code Root Scanning (ms): Min: 0.0, Avg: 0.0, Max: 0.0, Diff: 0.0, Sum: 0.0]
      [Object Copy (ms): Min: 12.5, Avg: 12.6, Max: 12.6, Diff: 0.2, Sum: 100.7]
      [Termination (ms): Min: 0.0, Avg: 0.0, Max: 0.0, Diff: 0.0, Sum: 0.0]
      [GC Worker Other (ms): Min: 0.0, Avg: 0.0, Max: 0.1, Diff: 0.0, Sum: 0.3]
      [GC Worker Total (ms): Min: 19.4, Avg: 19.5, Max: 19.5, Diff: 0.1, Sum: 155.6]
      [GC Worker End (ms): Min: 1498182010.7, Avg: 1498182010.8, Max: 1498182010.8, Diff: 0.1]
   [Code Root Fixup: 0.2 ms]
   [Code Root Purge: 0.0 ms]
   [Clear CT: 0.3 ms]
   [Other: 1.4 ms]
      [Choose CSet: 0.0 ms]
      [Ref Proc: 0.2 ms]
      [Ref Enq: 0.0 ms]
      [Redirty Cards: 0.1 ms]
      [Humongous Reclaim: 0.0 ms]
      [Free CSet: 0.6 ms]
   [Eden: 2212.0M(2212.0M)->0.0B(2212.0M) Survivors: 36.0M->36.0M Heap: 3552.7M(4500.0M)->1341.0M(4500.0M)]
Heap after GC invocations=32879 (full 0):
 garbage-first heap   total 4608000K, used 1373196K [0x00000006a6c00000, 0x00000006a7002328, 0x00000007c0000000)
  region size 4096K, 9 young (36864K), 9 survivors (36864K)
 Metaspace       used 124692K, capacity 128524K, committed 129664K, reserved 1165312K
  class space    used 13846K, capacity 14512K, committed 14720K, reserved 1048576K
}
 [Times: user=0.16 sys=0.00, real=0.02 secs] 
{Heap before GC invocations=32879 (full 0):
 garbage-first heap   total 4608000K, used 3638284K [0x00000006a6c00000, 0x00000006a7002328, 0x00000007c0000000)
  region size 4096K, 562 young (2301952K), 9 survivors (36864K)
 Metaspace       used 124692K, capacity 128524K, committed 129664K, reserved 1165312K
  class space    used 13846K, capacity 14512K, committed 14720K, reserved 1048576K
2019-04-29T00:43:47.436+0800: 1498236.655: [GC pause (G1 Evacuation Pause) (young)
Desired survivor size 148897792 bytes, new threshold 15 (max 15)
- age   1:   20008256 bytes,   20008256 total
- age   2:    1836392 bytes,   21844648 total
- age   3:     268912 bytes,   22113560 total
- age   4:     738784 bytes,   22852344 total
- age   5:     417112 bytes,   23269456 total
- age   6:     726008 bytes,   23995464 total
- age   7:     577112 bytes,   24572576 total
- age   8:     469768 bytes,   25042344 total
- age   9:     149368 bytes,   25191712 total
- age  10:     122008 bytes,   25313720 total
- age  11:     206392 bytes,   25520112 total
- age  12:     233560 bytes,   25753672 total
- age  13:     215584 bytes,   25969256 total
- age  14:     275408 bytes,   26244664 total
- age  15:     271784 bytes,   26516448 total
 1498236.655: [G1Ergonomics (CSet Construction) start choosing CSet, _pending_cards: 23324, predicted base time: 8.38 ms, remaining time: 51.62 ms, target pause time: 60.00 ms]
 1498236.655: [G1Ergonomics (CSet Construction) add young regions to CSet, eden: 553 regions, survivors: 9 regions, predicted young region time: 104.85 ms]
 1498236.655: [G1Ergonomics (CSet Construction) finish choosing CSet, eden: 553 regions, survivors: 9 regions, old: 0 regions, predicted pause time: 113.23 ms, target pause time: 60.00 ms]
, 0.0208056 secs]
   [Parallel Time: 18.8 ms, GC Workers: 8]
      [GC Worker Start (ms): Min: 1498236655.5, Avg: 1498236655.6, Max: 1498236655.6, Diff: 0.1]
      [Ext Root Scanning (ms): Min: 1.1, Avg: 1.6, Max: 4.4, Diff: 3.3, Sum: 12.8]
      [Update RS (ms): Min: 3.0, Avg: 5.6, Max: 6.1, Diff: 3.1, Sum: 44.4]
         [Processed Buffers: Min: 14, Avg: 24.2, Max: 42, Diff: 28, Sum: 194]
      [Scan RS (ms): Min: 0.0, Avg: 0.1, Max: 0.1, Diff: 0.1, Sum: 0.7]
      [Code Root Scanning (ms): Min: 0.0, Avg: 0.0, Max: 0.0, Diff: 0.0, Sum: 0.0]
      [Object Copy (ms): Min: 11.2, Avg: 11.4, Max: 11.5, Diff: 0.3, Sum: 91.1]
      [Termination (ms): Min: 0.0, Avg: 0.0, Max: 0.0, Diff: 0.0, Sum: 0.1]
      [GC Worker Other (ms): Min: 0.0, Avg: 0.0, Max: 0.1, Diff: 0.0, Sum: 0.3]
      [GC Worker Total (ms): Min: 18.6, Avg: 18.7, Max: 18.8, Diff: 0.1, Sum: 149.5]
      [GC Worker End (ms): Min: 1498236674.2, Avg: 1498236674.3, Max: 1498236674.3, Diff: 0.1]
   [Code Root Fixup: 0.3 ms]
   [Code Root Purge: 0.0 ms]
   [Clear CT: 0.3 ms]
   [Other: 1.4 ms]
      [Choose CSet: 0.0 ms]
      [Ref Proc: 0.2 ms]
      [Ref Enq: 0.0 ms]
      [Redirty Cards: 0.1 ms]
      [Humongous Reclaim: 0.0 ms]
      [Free CSet: 0.6 ms]
   [Eden: 2212.0M(2212.0M)->0.0B(2212.0M) Survivors: 36.0M->36.0M Heap: 3553.0M(4500.0M)->1341.4M(4500.0M)]
Heap after GC invocations=32880 (full 0):
 garbage-first heap   total 4608000K, used 1373589K [0x00000006a6c00000, 0x00000006a7002328, 0x00000007c0000000)
  region size 4096K, 9 young (36864K), 9 survivors (36864K)
 Metaspace       used 124692K, capacity 128524K, committed 129664K, reserved 1165312K
  class space    used 13846K, capacity 14512K, committed 14720K, reserved 1048576K
}
 [Times: user=0.16 sys=0.00, real=0.02 secs] 
{Heap before GC invocations=32880 (full 0):
 garbage-first heap   total 4608000K, used 3638677K [0x00000006a6c00000, 0x00000006a7002328, 0x00000007c0000000)
  region size 4096K, 562 young (2301952K), 9 survivors (36864K)
 Metaspace       used 124692K, capacity 128524K, committed 129664K, reserved 1165312K
  class space    used 13846K, capacity 14512K, committed 14720K, reserved 1048576K
2019-04-29T00:44:44.039+0800: 1498293.258: [GC pause (G1 Evacuation Pause) (young)
Desired survivor size 148897792 bytes, new threshold 15 (max 15)
- age   1:   19534728 bytes,   19534728 total
- age   2:     390536 bytes,   19925264 total
- age   3:     238640 bytes,   20163904 total
- age   4:     251120 bytes,   20415024 total
- age   5:     709304 bytes,   21124328 total
- age   6:     417112 bytes,   21541440 total
- age   7:     726008 bytes,   22267448 total
- age   8:     577112 bytes,   22844560 total
- age   9:     469768 bytes,   23314328 total
- age  10:     148920 bytes,   23463248 total
- age  11:     122008 bytes,   23585256 total
- age  12:     206280 bytes,   23791536 total
- age  13:     233560 bytes,   24025096 total
- age  14:     215472 bytes,   24240568 total
- age  15:     275408 bytes,   24515976 total
 1498293.258: [G1Ergonomics (CSet Construction) start choosing CSet, _pending_cards: 24064, predicted base time: 8.64 ms, remaining time: 51.36 ms, target pause time: 60.00 ms]
 1498293.258: [G1Ergonomics (CSet Construction) add young regions to CSet, eden: 553 regions, survivors: 9 regions, predicted young region time: 126.23 ms]
 1498293.258: [G1Ergonomics (CSet Construction) finish choosing CSet, eden: 553 regions, survivors: 9 regions, old: 0 regions, predicted pause time: 134.87 ms, target pause time: 60.00 ms]
, 0.0228026 secs]
   [Parallel Time: 20.8 ms, GC Workers: 8]
      [GC Worker Start (ms): Min: 1498293258.2, Avg: 1498293258.3, Max: 1498293258.3, Diff: 0.1]
      [Ext Root Scanning (ms): Min: 1.0, Avg: 1.2, Max: 2.1, Diff: 1.0, Sum: 10.0]
      [Update RS (ms): Min: 4.9, Avg: 5.5, Max: 5.7, Diff: 0.8, Sum: 44.1]
         [Processed Buffers: Min: 14, Avg: 24.9, Max: 42, Diff: 28, Sum: 199]
      [Scan RS (ms): Min: 0.0, Avg: 0.1, Max: 0.1, Diff: 0.1, Sum: 0.6]
      [Code Root Scanning (ms): Min: 0.0, Avg: 0.0, Max: 0.0, Diff: 0.0, Sum: 0.0]
      [Object Copy (ms): Min: 13.7, Avg: 13.8, Max: 13.9, Diff: 0.2, Sum: 110.5]
      [Termination (ms): Min: 0.0, Avg: 0.0, Max: 0.0, Diff: 0.0, Sum: 0.0]
      [GC Worker Other (ms): Min: 0.0, Avg: 0.1, Max: 0.1, Diff: 0.1, Sum: 0.5]
      [GC Worker Total (ms): Min: 20.6, Avg: 20.7, Max: 20.8, Diff: 0.1, Sum: 165.7]
      [GC Worker End (ms): Min: 1498293278.9, Avg: 1498293279.0, Max: 1498293279.0, Diff: 0.1]
   [Code Root Fixup: 0.2 ms]
   [Code Root Purge: 0.0 ms]
   [Clear CT: 0.3 ms]
   [Other: 1.5 ms]
      [Choose CSet: 0.0 ms]
      [Ref Proc: 0.2 ms]
      [Ref Enq: 0.0 ms]
      [Redirty Cards: 0.1 ms]
      [Humongous Reclaim: 0.0 ms]
      [Free CSet: 0.6 ms]
   [Eden: 2212.0M(2212.0M)->0.0B(2212.0M) Survivors: 36.0M->36.0M Heap: 3553.4M(4500.0M)->1343.7M(4500.0M)]
Heap after GC invocations=32881 (full 0):
 garbage-first heap   total 4608000K, used 1375997K [0x00000006a6c00000, 0x00000006a7002328, 0x00000007c0000000)
  region size 4096K, 9 young (36864K), 9 survivors (36864K)
 Metaspace       used 124692K, capacity 128524K, committed 129664K, reserved 1165312K
  class space    used 13846K, capacity 14512K, committed 14720K, reserved 1048576K
}
 [Times: user=0.14 sys=0.03, real=0.03 secs] 
{Heap before GC invocations=32881 (full 0):
 garbage-first heap   total 4608000K, used 3641085K [0x00000006a6c00000, 0x00000006a7002328, 0x00000007c0000000)
  region size 4096K, 562 young (2301952K), 9 survivors (36864K)
 Metaspace       used 124692K, capacity 128524K, committed 129664K, reserved 1165312K
  class space    used 13846K, capacity 14512K, committed 14720K, reserved 1048576K
2019-04-29T00:45:15.977+0800: 1498325.196: [GC pause (G1 Evacuation Pause) (young)
Desired survivor size 148897792 bytes, new threshold 15 (max 15)
- age   1:   25754664 bytes,   25754664 total
- age   2:     774464 bytes,   26529128 total
- age   3:     133288 bytes,   26662416 total
- age   4:     227000 bytes,   26889416 total
- age   5:     245600 bytes,   27135016 total
- age   6:     671360 bytes,   27806376 total
- age   7:     415456 bytes,   28221832 total
- age   8:     726008 bytes,   28947840 total
- age   9:     576328 bytes,   29524168 total
- age  10:     469768 bytes,   29993936 total
- age  11:     147264 bytes,   30141200 total
- age  12:     122008 bytes,   30263208 total
- age  13:     206280 bytes,   30469488 total
- age  14:     233448 bytes,   30702936 total
- age  15:     215472 bytes,   30918408 total
 1498325.196: [G1Ergonomics (CSet Construction) start choosing CSet, _pending_cards: 22383, predicted base time: 8.12 ms, remaining time: 51.88 ms, target pause time: 60.00 ms]
 1498325.196: [G1Ergonomics (CSet Construction) add young regions to CSet, eden: 553 regions, survivors: 9 regions, predicted young region time: 310.36 ms]
 1498325.196: [G1Ergonomics (CSet Construction) finish choosing CSet, eden: 553 regions, survivors: 9 regions, old: 0 regions, predicted pause time: 318.48 ms, target pause time: 60.00 ms]
, 0.0270880 secs]
   [Parallel Time: 25.0 ms, GC Workers: 8]
      [GC Worker Start (ms): Min: 1498325196.1, Avg: 1498325196.2, Max: 1498325196.2, Diff: 0.1]
      [Ext Root Scanning (ms): Min: 1.0, Avg: 1.3, Max: 2.3, Diff: 1.3, Sum: 10.5]
      [Update RS (ms): Min: 4.7, Avg: 5.4, Max: 5.9, Diff: 1.2, Sum: 43.4]
         [Processed Buffers: Min: 14, Avg: 24.0, Max: 40, Diff: 26, Sum: 192]
      [Scan RS (ms): Min: 0.0, Avg: 0.1, Max: 0.1, Diff: 0.1, Sum: 0.7]
      [Code Root Scanning (ms): Min: 0.0, Avg: 0.0, Max: 0.0, Diff: 0.0, Sum: 0.0]
      [Object Copy (ms): Min: 17.8, Avg: 18.0, Max: 18.1, Diff: 0.3, Sum: 144.1]
      [Termination (ms): Min: 0.0, Avg: 0.0, Max: 0.0, Diff: 0.0, Sum: 0.0]
      [GC Worker Other (ms): Min: 0.0, Avg: 0.0, Max: 0.1, Diff: 0.1, Sum: 0.3]
      [GC Worker Total (ms): Min: 24.9, Avg: 24.9, Max: 25.0, Diff: 0.1, Sum: 199.1]
      [GC Worker End (ms): Min: 1498325221.0, Avg: 1498325221.1, Max: 1498325221.1, Diff: 0.1]
   [Code Root Fixup: 0.3 ms]
   [Code Root Purge: 0.0 ms]
   [Clear CT: 0.3 ms]
   [Other: 1.5 ms]
      [Choose CSet: 0.0 ms]
      [Ref Proc: 0.3 ms]
      [Ref Enq: 0.0 ms]
      [Redirty Cards: 0.1 ms]
      [Humongous Reclaim: 0.0 ms]
      [Free CSet: 0.6 ms]
   [Eden: 2212.0M(2212.0M)->0.0B(2200.0M) Survivors: 36.0M->48.0M Heap: 3555.7M(4500.0M)->1356.1M(4500.0M)]
Heap after GC invocations=32882 (full 0):
 garbage-first heap   total 4608000K, used 1388667K [0x00000006a6c00000, 0x00000006a7002328, 0x00000007c0000000)
  region size 4096K, 12 young (49152K), 12 survivors (49152K)
 Metaspace       used 124692K, capacity 128524K, committed 129664K, reserved 1165312K
  class space    used 13846K, capacity 14512K, committed 14720K, reserved 1048576K
}
 [Times: user=0.17 sys=0.04, real=0.03 secs] 
{Heap before GC invocations=32882 (full 0):
 garbage-first heap   total 4608000K, used 3641467K [0x00000006a6c00000, 0x00000006a7002328, 0x00000007c0000000)
  region size 4096K, 562 young (2301952K), 12 survivors (49152K)
 Metaspace       used 124692K, capacity 128524K, committed 129664K, reserved 1165312K
  class space    used 13846K, capacity 14512K, committed 14720K, reserved 1048576K
2019-04-29T00:46:27.154+0800: 1498396.373: [GC pause (G1 Evacuation Pause) (young)
Desired survivor size 148897792 bytes, new threshold 15 (max 15)
- age   1:   31371304 bytes,   31371304 total
- age   2:    2258720 bytes,   33630024 total
- age   3:     162136 bytes,   33792160 total
- age   4:     127584 bytes,   33919744 total
- age   5:     225112 bytes,   34144856 total
- age   6:     245264 bytes,   34390120 total
- age   7:     667728 bytes,   35057848 total
- age   8:     415432 bytes,   35473280 total
- age   9:     725896 bytes,   36199176 total
- age  10:     576328 bytes,   36775504 total
- age  11:     116576 bytes,   36892080 total
- age  12:     112936 bytes,   37005016 total
- age  13:     122008 bytes,   37127024 total
- age  14:     206280 bytes,   37333304 total
- age  15:     233448 bytes,   37566752 total
 1498396.373: [G1Ergonomics (CSet Construction) start choosing CSet, _pending_cards: 24553, predicted base time: 8.68 ms, remaining time: 51.32 ms, target pause time: 60.00 ms]
 1498396.373: [G1Ergonomics (CSet Construction) add young regions to CSet, eden: 550 regions, survivors: 12 regions, predicted young region time: 265.37 ms]
 1498396.373: [G1Ergonomics (CSet Construction) finish choosing CSet, eden: 550 regions, survivors: 12 regions, old: 0 regions, predicted pause time: 274.06 ms, target pause time: 60.00 ms]
, 0.0216968 secs]
   [Parallel Time: 19.4 ms, GC Workers: 8]
      [GC Worker Start (ms): Min: 1498396373.7, Avg: 1498396373.7, Max: 1498396373.8, Diff: 0.1]
      [Ext Root Scanning (ms): Min: 1.2, Avg: 1.5, Max: 2.3, Diff: 1.1, Sum: 11.8]
      [Update RS (ms): Min: 5.7, Avg: 6.3, Max: 6.7, Diff: 0.9, Sum: 50.4]
         [Processed Buffers: Min: 15, Avg: 25.2, Max: 38, Diff: 23, Sum: 202]
      [Scan RS (ms): Min: 0.0, Avg: 0.1, Max: 0.1, Diff: 0.1, Sum: 0.6]
      [Code Root Scanning (ms): Min: 0.0, Avg: 0.0, Max: 0.0, Diff: 0.0, Sum: 0.0]
      [Object Copy (ms): Min: 11.2, Avg: 11.3, Max: 11.4, Diff: 0.2, Sum: 90.5]
      [Termination (ms): Min: 0.0, Avg: 0.0, Max: 0.0, Diff: 0.0, Sum: 0.0]
      [GC Worker Other (ms): Min: 0.0, Avg: 0.0, Max: 0.1, Diff: 0.1, Sum: 0.4]
      [GC Worker Total (ms): Min: 19.2, Avg: 19.2, Max: 19.3, Diff: 0.1, Sum: 153.9]
      [GC Worker End (ms): Min: 1498396392.9, Avg: 1498396392.9, Max: 1498396393.0, Diff: 0.0]
   [Code Root Fixup: 0.2 ms]
   [Code Root Purge: 0.0 ms]
   [Clear CT: 0.3 ms]
   [Other: 1.8 ms]
      [Choose CSet: 0.0 ms]
      [Ref Proc: 0.2 ms]
      [Ref Enq: 0.0 ms]
      [Redirty Cards: 0.1 ms]
      [Humongous Reclaim: 0.0 ms]
      [Free CSet: 0.9 ms]
   [Eden: 2200.0M(2200.0M)->0.0B(2212.0M) Survivors: 48.0M->36.0M Heap: 3556.1M(4500.0M)->1342.4M(4500.0M)]
Heap after GC invocations=32883 (full 0):
 garbage-first heap   total 4608000K, used 1374652K [0x00000006a6c00000, 0x00000006a7002328, 0x00000007c0000000)
  region size 4096K, 9 young (36864K), 9 survivors (36864K)
 Metaspace       used 124692K, capacity 128524K, committed 129664K, reserved 1165312K
  class space    used 13846K, capacity 14512K, committed 14720K, reserved 1048576K
}
 [Times: user=0.13 sys=0.03, real=0.02 secs] 
{Heap before GC invocations=32883 (full 0):
 garbage-first heap   total 4608000K, used 3639740K [0x00000006a6c00000, 0x00000006a7002328, 0x00000007c0000000)
  region size 4096K, 562 young (2301952K), 9 survivors (36864K)
 Metaspace       used 124692K, capacity 128524K, committed 129664K, reserved 1165312K
  class space    used 13846K, capacity 14512K, committed 14720K, reserved 1048576K
2019-04-29T00:47:38.411+0800: 1498467.629: [GC pause (G1 Evacuation Pause) (young)
Desired survivor size 148897792 bytes, new threshold 15 (max 15)
- age   1:   19002576 bytes,   19002576 total
- age   2:     681360 bytes,   19683936 total
- age   3:     782920 bytes,   20466856 total
- age   4:     154520 bytes,   20621376 total
- age   5:     125512 bytes,   20746888 total
- age   6:     224856 bytes,   20971744 total
- age   7:     245080 bytes,   21216824 total
- age   8:     667504 bytes,   21884328 total
- age   9:     370528 bytes,   22254856 total
- age  10:     725784 bytes,   22980640 total
- age  11:     576328 bytes,   23556968 total
- age  12:     116576 bytes,   23673544 total
- age  13:     112784 bytes,   23786328 total
- age  14:     122008 bytes,   23908336 total
- age  15:     206280 bytes,   24114616 total
 1498467.630: [G1Ergonomics (CSet Construction) start choosing CSet, _pending_cards: 24697, predicted base time: 8.93 ms, remaining time: 51.07 ms, target pause time: 60.00 ms]
 1498467.630: [G1Ergonomics (CSet Construction) add young regions to CSet, eden: 553 regions, survivors: 9 regions, predicted young region time: 206.15 ms]
 1498467.630: [G1Ergonomics (CSet Construction) finish choosing CSet, eden: 553 regions, survivors: 9 regions, old: 0 regions, predicted pause time: 215.08 ms, target pause time: 60.00 ms]
, 0.0222160 secs]
   [Parallel Time: 20.3 ms, GC Workers: 8]
      [GC Worker Start (ms): Min: 1498467629.7, Avg: 1498467629.7, Max: 1498467629.8, Diff: 0.1]
      [Ext Root Scanning (ms): Min: 1.1, Avg: 1.3, Max: 2.1, Diff: 1.0, Sum: 10.6]
      [Update RS (ms): Min: 5.4, Avg: 5.9, Max: 6.2, Diff: 0.8, Sum: 47.2]
         [Processed Buffers: Min: 16, Avg: 24.0, Max: 35, Diff: 19, Sum: 192]
      [Scan RS (ms): Min: 0.0, Avg: 0.1, Max: 0.1, Diff: 0.1, Sum: 0.7]
      [Code Root Scanning (ms): Min: 0.0, Avg: 0.0, Max: 0.0, Diff: 0.0, Sum: 0.0]
      [Object Copy (ms): Min: 12.6, Avg: 12.7, Max: 12.8, Diff: 0.2, Sum: 102.0]
      [Termination (ms): Min: 0.0, Avg: 0.0, Max: 0.0, Diff: 0.0, Sum: 0.0]
      [GC Worker Other (ms): Min: 0.0, Avg: 0.0, Max: 0.1, Diff: 0.1, Sum: 0.3]
      [GC Worker Total (ms): Min: 20.1, Avg: 20.1, Max: 20.1, Diff: 0.0, Sum: 160.9]
      [GC Worker End (ms): Min: 1498467649.8, Avg: 1498467649.8, Max: 1498467649.9, Diff: 0.1]
   [Code Root Fixup: 0.3 ms]
   [Code Root Purge: 0.0 ms]
   [Clear CT: 0.3 ms]
   [Other: 1.4 ms]
      [Choose CSet: 0.0 ms]
      [Ref Proc: 0.2 ms]
      [Ref Enq: 0.0 ms]
      [Redirty Cards: 0.1 ms]
      [Humongous Reclaim: 0.0 ms]
      [Free CSet: 0.6 ms]
   [Eden: 2212.0M(2212.0M)->0.0B(2212.0M) Survivors: 36.0M->36.0M Heap: 3554.4M(4500.0M)->1342.8M(4500.0M)]
Heap after GC invocations=32884 (full 0):
 garbage-first heap   total 4608000K, used 1375014K [0x00000006a6c00000, 0x00000006a7002328, 0x00000007c0000000)
  region size 4096K, 9 young (36864K), 9 survivors (36864K)
 Metaspace       used 124692K, capacity 128524K, committed 129664K, reserved 1165312K
  class space    used 13846K, capacity 14512K, committed 14720K, reserved 1048576K
}
 [Times: user=0.14 sys=0.04, real=0.02 secs] 
{Heap before GC invocations=32884 (full 0):
 garbage-first heap   total 4608000K, used 3640102K [0x00000006a6c00000, 0x00000006a7002328, 0x00000007c0000000)
  region size 4096K, 562 young (2301952K), 9 survivors (36864K)
 Metaspace       used 124692K, capacity 128524K, committed 129664K, reserved 1165312K
  class space    used 13846K, capacity 14512K, committed 14720K, reserved 1048576K
2019-04-29T00:48:50.255+0800: 1498539.474: [GC pause (G1 Evacuation Pause) (young)
Desired survivor size 148897792 bytes, new threshold 15 (max 15)
- age   1:   20551664 bytes,   20551664 total
- age   2:    1943536 bytes,   22495200 total
- age   3:     671608 bytes,   23166808 total
- age   4:     779408 bytes,   23946216 total
- age   5:     154080 bytes,   24100296 total
- age   6:     124624 bytes,   24224920 total
- age   7:     224128 bytes,   24449048 total
- age   8:     244712 bytes,   24693760 total
- age   9:     667144 bytes,   25360904 total
- age  10:     367616 bytes,   25728520 total
- age  11:     725784 bytes,   26454304 total
- age  12:     576328 bytes,   27030632 total
- age  13:     116576 bytes,   27147208 total
- age  14:     112784 bytes,   27259992 total
- age  15:     122008 bytes,   27382000 total
 1498539.474: [G1Ergonomics (CSet Construction) start choosing CSet, _pending_cards: 24733, predicted base time: 8.86 ms, remaining time: 51.14 ms, target pause time: 60.00 ms]
 1498539.474: [G1Ergonomics (CSet Construction) add young regions to CSet, eden: 553 regions, survivors: 9 regions, predicted young region time: 249.72 ms]
 1498539.474: [G1Ergonomics (CSet Construction) finish choosing CSet, eden: 553 regions, survivors: 9 regions, old: 0 regions, predicted pause time: 258.58 ms, target pause time: 60.00 ms]
, 0.0288533 secs]
   [Parallel Time: 26.9 ms, GC Workers: 8]
      [GC Worker Start (ms): Min: 1498539474.2, Avg: 1498539474.2, Max: 1498539474.2, Diff: 0.1]
      [Ext Root Scanning (ms): Min: 1.1, Avg: 1.3, Max: 2.1, Diff: 1.0, Sum: 10.7]
      [Update RS (ms): Min: 5.5, Avg: 6.2, Max: 6.6, Diff: 1.1, Sum: 49.5]
         [Processed Buffers: Min: 13, Avg: 25.8, Max: 44, Diff: 31, Sum: 206]
      [Scan RS (ms): Min: 0.0, Avg: 0.1, Max: 0.1, Diff: 0.1, Sum: 0.7]
      [Code Root Scanning (ms): Min: 0.0, Avg: 0.0, Max: 0.0, Diff: 0.0, Sum: 0.0]
      [Object Copy (ms): Min: 18.9, Avg: 19.1, Max: 19.1, Diff: 0.2, Sum: 152.4]
      [Termination (ms): Min: 0.0, Avg: 0.0, Max: 0.0, Diff: 0.0, Sum: 0.0]
      [GC Worker Other (ms): Min: 0.0, Avg: 0.0, Max: 0.1, Diff: 0.1, Sum: 0.4]
      [GC Worker Total (ms): Min: 26.7, Avg: 26.7, Max: 26.8, Diff: 0.1, Sum: 213.7]
      [GC Worker End (ms): Min: 1498539500.9, Avg: 1498539500.9, Max: 1498539500.9, Diff: 0.1]
   [Code Root Fixup: 0.3 ms]
   [Code Root Purge: 0.0 ms]
   [Clear CT: 0.2 ms]
   [Other: 1.5 ms]
      [Choose CSet: 0.0 ms]
      [Ref Proc: 0.2 ms]
      [Ref Enq: 0.0 ms]
      [Redirty Cards: 0.1 ms]
      [Humongous Reclaim: 0.0 ms]
      [Free CSet: 0.6 ms]
   [Eden: 2212.0M(2212.0M)->0.0B(2196.0M) Survivors: 36.0M->52.0M Heap: 3554.8M(4500.0M)->1359.0M(4500.0M)]
Heap after GC invocations=32885 (full 0):
 garbage-first heap   total 4608000K, used 1391573K [0x00000006a6c00000, 0x00000006a7002328, 0x00000007c0000000)
  region size 4096K, 13 young (53248K), 13 survivors (53248K)
 Metaspace       used 124692K, capacity 128524K, committed 129664K, reserved 1165312K
  class space    used 13846K, capacity 14512K, committed 14720K, reserved 1048576K
}
 [Times: user=0.18 sys=0.05, real=0.03 secs] 
{Heap before GC invocations=32885 (full 0):
 garbage-first heap   total 4608000K, used 3640277K [0x00000006a6c00000, 0x00000006a7002328, 0x00000007c0000000)
  region size 4096K, 562 young (2301952K), 13 survivors (53248K)
 Metaspace       used 124692K, capacity 128524K, committed 129664K, reserved 1165312K
  class space    used 13846K, capacity 14512K, committed 14720K, reserved 1048576K
2019-04-29T00:50:00.101+0800: 1498609.320: [GC pause (G1 Evacuation Pause) (young)
Desired survivor size 148897792 bytes, new threshold 15 (max 15)
- age   1:   31731464 bytes,   31731464 total
- age   2:    1284240 bytes,   33015704 total
- age   3:     910568 bytes,   33926272 total
- age   4:     668456 bytes,   34594728 total
- age   5:     779072 bytes,   35373800 total
- age   6:     153744 bytes,   35527544 total
- age   7:     123952 bytes,   35651496 total
- age   8:     224128 bytes,   35875624 total
- age   9:     244712 bytes,   36120336 total
- age  10:     667112 bytes,   36787448 total
- age  11:     367616 bytes,   37155064 total
- age  12:     725784 bytes,   37880848 total
- age  13:     576328 bytes,   38457176 total
- age  14:     116576 bytes,   38573752 total
- age  15:     112784 bytes,   38686536 total
 1498609.320: [G1Ergonomics (CSet Construction) start choosing CSet, _pending_cards: 25126, predicted base time: 8.99 ms, remaining time: 51.01 ms, target pause time: 60.00 ms]
 1498609.320: [G1Ergonomics (CSet Construction) add young regions to CSet, eden: 549 regions, survivors: 13 regions, predicted young region time: 203.27 ms]
 1498609.320: [G1Ergonomics (CSet Construction) finish choosing CSet, eden: 549 regions, survivors: 13 regions, old: 0 regions, predicted pause time: 212.26 ms, target pause time: 60.00 ms]
, 0.0210378 secs]
   [Parallel Time: 19.1 ms, GC Workers: 8]
      [GC Worker Start (ms): Min: 1498609320.0, Avg: 1498609320.1, Max: 1498609320.1, Diff: 0.1]
      [Ext Root Scanning (ms): Min: 1.0, Avg: 1.3, Max: 2.0, Diff: 1.0, Sum: 10.2]
      [Update RS (ms): Min: 5.3, Avg: 6.0, Max: 6.4, Diff: 1.1, Sum: 48.0]
         [Processed Buffers: Min: 18, Avg: 24.9, Max: 40, Diff: 22, Sum: 199]
      [Scan RS (ms): Min: 0.0, Avg: 0.1, Max: 0.2, Diff: 0.1, Sum: 0.6]
      [Code Root Scanning (ms): Min: 0.0, Avg: 0.0, Max: 0.0, Diff: 0.0, Sum: 0.0]
      [Object Copy (ms): Min: 11.4, Avg: 11.5, Max: 11.5, Diff: 0.2, Sum: 91.7]
      [Termination (ms): Min: 0.0, Avg: 0.0, Max: 0.0, Diff: 0.0, Sum: 0.0]
      [GC Worker Other (ms): Min: 0.0, Avg: 0.1, Max: 0.1, Diff: 0.1, Sum: 0.6]
      [GC Worker Total (ms): Min: 18.8, Avg: 18.9, Max: 19.0, Diff: 0.1, Sum: 151.3]
      [GC Worker End (ms): Min: 1498609338.9, Avg: 1498609339.0, Max: 1498609339.0, Diff: 0.1]
   [Code Root Fixup: 0.2 ms]
   [Code Root Purge: 0.0 ms]
   [Clear CT: 0.3 ms]
   [Other: 1.5 ms]
      [Choose CSet: 0.0 ms]
      [Ref Proc: 0.2 ms]
      [Ref Enq: 0.0 ms]
      [Redirty Cards: 0.1 ms]
      [Humongous Reclaim: 0.0 ms]
      [Free CSet: 0.6 ms]
   [Eden: 2196.0M(2196.0M)->0.0B(2212.0M) Survivors: 52.0M->36.0M Heap: 3555.0M(4500.0M)->1343.1M(4500.0M)]
Heap after GC invocations=32886 (full 0):
 garbage-first heap   total 4608000K, used 1375356K [0x00000006a6c00000, 0x00000006a7002328, 0x00000007c0000000)
  region size 4096K, 9 young (36864K), 9 survivors (36864K)
 Metaspace       used 124692K, capacity 128524K, committed 129664K, reserved 1165312K
  class space    used 13846K, capacity 14512K, committed 14720K, reserved 1048576K
}
 [Times: user=0.13 sys=0.03, real=0.02 secs] 
{Heap before GC invocations=32886 (full 0):
 garbage-first heap   total 4608000K, used 3640444K [0x00000006a6c00000, 0x00000006a7002328, 0x00000007c0000000)
  region size 4096K, 562 young (2301952K), 9 survivors (36864K)
 Metaspace       used 124692K, capacity 128524K, committed 129664K, reserved 1165312K
  class space    used 13846K, capacity 14512K, committed 14720K, reserved 1048576K
2019-04-29T00:51:01.765+0800: 1498670.984: [GC pause (G1 Evacuation Pause) (young)
Desired survivor size 148897792 bytes, new threshold 15 (max 15)
- age   1:   16582568 bytes,   16582568 total
- age   2:     741104 bytes,   17323672 total
- age   3:     832040 bytes,   18155712 total
- age   4:     436664 bytes,   18592376 total
- age   5:     666976 bytes,   19259352 total
- age   6:     734480 bytes,   19993832 total
- age   7:     153520 bytes,   20147352 total
- age   8:     123616 bytes,   20270968 total
- age   9:     224128 bytes,   20495096 total
- age  10:     244712 bytes,   20739808 total
- age  11:     667112 bytes,   21406920 total
- age  12:     367616 bytes,   21774536 total
- age  13:     725784 bytes,   22500320 total
- age  14:     576328 bytes,   23076648 total
- age  15:     116576 bytes,   23193224 total
 1498670.984: [G1Ergonomics (CSet Construction) start choosing CSet, _pending_cards: 24793, predicted base time: 8.83 ms, remaining time: 51.17 ms, target pause time: 60.00 ms]
 1498670.984: [G1Ergonomics (CSet Construction) add young regions to CSet, eden: 553 regions, survivors: 9 regions, predicted young region time: 155.88 ms]
 1498670.984: [G1Ergonomics (CSet Construction) finish choosing CSet, eden: 553 regions, survivors: 9 regions, old: 0 regions, predicted pause time: 164.70 ms, target pause time: 60.00 ms]
, 0.0213387 secs]
   [Parallel Time: 19.3 ms, GC Workers: 8]
      [GC Worker Start (ms): Min: 1498670984.1, Avg: 1498670984.1, Max: 1498670984.2, Diff: 0.1]
      [Ext Root Scanning (ms): Min: 1.1, Avg: 1.6, Max: 4.4, Diff: 3.4, Sum: 12.7]
      [Update RS (ms): Min: 3.1, Avg: 5.9, Max: 6.5, Diff: 3.4, Sum: 47.1]
         [Processed Buffers: Min: 15, Avg: 25.9, Max: 47, Diff: 32, Sum: 207]
      [Scan RS (ms): Min: 0.0, Avg: 0.1, Max: 0.2, Diff: 0.1, Sum: 0.6]
      [Code Root Scanning (ms): Min: 0.0, Avg: 0.0, Max: 0.0, Diff: 0.0, Sum: 0.0]
      [Object Copy (ms): Min: 11.5, Avg: 11.6, Max: 11.7, Diff: 0.2, Sum: 92.5]
      [Termination (ms): Min: 0.0, Avg: 0.0, Max: 0.0, Diff: 0.0, Sum: 0.0]
      [GC Worker Other (ms): Min: 0.0, Avg: 0.0, Max: 0.1, Diff: 0.1, Sum: 0.4]
      [GC Worker Total (ms): Min: 19.1, Avg: 19.2, Max: 19.2, Diff: 0.1, Sum: 153.4]
      [GC Worker End (ms): Min: 1498671003.3, Avg: 1498671003.3, Max: 1498671003.3, Diff: 0.1]
   [Code Root Fixup: 0.3 ms]
   [Code Root Purge: 0.0 ms]
   [Clear CT: 0.3 ms]
   [Other: 1.5 ms]
      [Choose CSet: 0.0 ms]
      [Ref Proc: 0.2 ms]
      [Ref Enq: 0.0 ms]
      [Redirty Cards: 0.1 ms]
      [Humongous Reclaim: 0.0 ms]
      [Free CSet: 0.7 ms]
   [Eden: 2212.0M(2212.0M)->0.0B(2212.0M) Survivors: 36.0M->36.0M Heap: 3555.1M(4500.0M)->1343.3M(4500.0M)]
Heap after GC invocations=32887 (full 0):
 garbage-first heap   total 4608000K, used 1375526K [0x00000006a6c00000, 0x00000006a7002328, 0x00000007c0000000)
  region size 4096K, 9 young (36864K), 9 survivors (36864K)
 Metaspace       used 124692K, capacity 128524K, committed 129664K, reserved 1165312K
  class space    used 13846K, capacity 14512K, committed 14720K, reserved 1048576K
}
 [Times: user=0.16 sys=0.00, real=0.02 secs] 
{Heap before GC invocations=32887 (full 0):
 garbage-first heap   total 4608000K, used 3640614K [0x00000006a6c00000, 0x00000006a7002328, 0x00000007c0000000)
  region size 4096K, 562 young (2301952K), 9 survivors (36864K)
 Metaspace       used 124692K, capacity 128524K, committed 129664K, reserved 1165312K
  class space    used 13846K, capacity 14512K, committed 14720K, reserved 1048576K
2019-04-29T00:52:12.608+0800: 1498741.827: [GC pause (G1 Evacuation Pause) (young)
Desired survivor size 148897792 bytes, new threshold 15 (max 15)
- age   1:   17269768 bytes,   17269768 total
- age   2:     591968 bytes,   17861736 total
- age   3:     731600 bytes,   18593336 total
- age   4:     831448 bytes,   19424784 total
- age   5:     435640 bytes,   19860424 total
- age   6:     616248 bytes,   20476672 total
- age   7:     730552 bytes,   21207224 total
- age   8:     153336 bytes,   21360560 total
- age   9:     123432 bytes,   21483992 total
- age  10:     223984 bytes,   21707976 total
- age  11:     237056 bytes,   21945032 total
- age  12:     631056 bytes,   22576088 total
- age  13:     367616 bytes,   22943704 total
- age  14:     725784 bytes,   23669488 total
- age  15:     576328 bytes,   24245816 total
 1498741.827: [G1Ergonomics (CSet Construction) start choosing CSet, _pending_cards: 24818, predicted base time: 8.88 ms, remaining time: 51.12 ms, target pause time: 60.00 ms]
 1498741.827: [G1Ergonomics (CSet Construction) add young regions to CSet, eden: 553 regions, survivors: 9 regions, predicted young region time: 142.73 ms]
 1498741.827: [G1Ergonomics (CSet Construction) finish choosing CSet, eden: 553 regions, survivors: 9 regions, old: 0 regions, predicted pause time: 151.61 ms, target pause time: 60.00 ms]
, 0.0247330 secs]
   [Parallel Time: 22.5 ms, GC Workers: 8]
      [GC Worker Start (ms): Min: 1498741827.2, Avg: 1498741827.2, Max: 1498741827.2, Diff: 0.1]
      [Ext Root Scanning (ms): Min: 1.1, Avg: 1.4, Max: 2.3, Diff: 1.2, Sum: 11.1]
      [Update RS (ms): Min: 5.2, Avg: 6.0, Max: 6.3, Diff: 1.2, Sum: 47.9]
         [Processed Buffers: Min: 13, Avg: 26.0, Max: 37, Diff: 24, Sum: 208]
      [Scan RS (ms): Min: 0.0, Avg: 0.1, Max: 0.1, Diff: 0.1, Sum: 0.7]
      [Code Root Scanning (ms): Min: 0.0, Avg: 0.0, Max: 0.0, Diff: 0.0, Sum: 0.0]
      [Object Copy (ms): Min: 14.6, Avg: 14.7, Max: 14.8, Diff: 0.2, Sum: 117.8]
      [Termination (ms): Min: 0.0, Avg: 0.0, Max: 0.0, Diff: 0.0, Sum: 0.0]
      [GC Worker Other (ms): Min: 0.0, Avg: 0.1, Max: 0.2, Diff: 0.2, Sum: 0.8]
      [GC Worker Total (ms): Min: 22.2, Avg: 22.3, Max: 22.4, Diff: 0.2, Sum: 178.4]
      [GC Worker End (ms): Min: 1498741849.4, Avg: 1498741849.5, Max: 1498741849.6, Diff: 0.2]
   [Code Root Fixup: 0.3 ms]
   [Code Root Purge: 0.0 ms]
   [Clear CT: 0.4 ms]
   [Other: 1.5 ms]
      [Choose CSet: 0.0 ms]
      [Ref Proc: 0.2 ms]
      [Ref Enq: 0.0 ms]
      [Redirty Cards: 0.1 ms]
      [Humongous Reclaim: 0.0 ms]
      [Free CSet: 0.6 ms]
   [Eden: 2212.0M(2212.0M)->0.0B(2212.0M) Survivors: 36.0M->36.0M Heap: 3555.3M(4500.0M)->1345.9M(4500.0M)]
Heap after GC invocations=32888 (full 0):
 garbage-first heap   total 4608000K, used 1378185K [0x00000006a6c00000, 0x00000006a7002328, 0x00000007c0000000)
  region size 4096K, 9 young (36864K), 9 survivors (36864K)
 Metaspace       used 124692K, capacity 128524K, committed 129664K, reserved 1165312K
  class space    used 13846K, capacity 14512K, committed 14720K, reserved 1048576K
}
 [Times: user=0.15 sys=0.03, real=0.03 secs] 
{Heap before GC invocations=32888 (full 0):
 garbage-first heap   total 4608000K, used 3643273K [0x00000006a6c00000, 0x00000006a7002328, 0x00000007c0000000)
  region size 4096K, 562 young (2301952K), 9 survivors (36864K)
 Metaspace       used 124692K, capacity 128524K, committed 129664K, reserved 1165312K
  class space    used 13846K, capacity 14512K, committed 14720K, reserved 1048576K
2019-04-29T00:53:47.269+0800: 1498836.488: [GC pause (G1 Evacuation Pause) (young)
Desired survivor size 148897792 bytes, new threshold 15 (max 15)
- age   1:   22391112 bytes,   22391112 total
- age   2:     627032 bytes,   23018144 total
- age   3:     581312 bytes,   23599456 total
- age   4:     730472 bytes,   24329928 total
- age   5:     831448 bytes,   25161376 total
- age   6:     434616 bytes,   25595992 total
- age   7:     565016 bytes,   26161008 total
- age   8:     728624 bytes,   26889632 total
- age   9:     152816 bytes,   27042448 total
- age  10:     122856 bytes,   27165304 total
- age  11:     223768 bytes,   27389072 total
- age  12:     236480 bytes,   27625552 total
- age  13:     628392 bytes,   28253944 total
- age  14:     367616 bytes,   28621560 total
- age  15:     725784 bytes,   29347344 total
 1498836.488: [G1Ergonomics (CSet Construction) start choosing CSet, _pending_cards: 26414, predicted base time: 9.38 ms, remaining time: 50.62 ms, target pause time: 60.00 ms]
 1498836.488: [G1Ergonomics (CSet Construction) add young regions to CSet, eden: 553 regions, survivors: 9 regions, predicted young region time: 154.92 ms]
 1498836.488: [G1Ergonomics (CSet Construction) finish choosing CSet, eden: 553 regions, survivors: 9 regions, old: 0 regions, predicted pause time: 164.29 ms, target pause time: 60.00 ms]
, 0.0255665 secs]
   [Parallel Time: 23.6 ms, GC Workers: 8]
      [GC Worker Start (ms): Min: 1498836488.6, Avg: 1498836488.6, Max: 1498836488.7, Diff: 0.1]
      [Ext Root Scanning (ms): Min: 1.0, Avg: 1.3, Max: 2.2, Diff: 1.3, Sum: 10.1]
      [Update RS (ms): Min: 5.3, Avg: 6.2, Max: 6.6, Diff: 1.3, Sum: 49.6]
         [Processed Buffers: Min: 16, Avg: 27.0, Max: 38, Diff: 22, Sum: 216]
      [Scan RS (ms): Min: 0.0, Avg: 0.1, Max: 0.1, Diff: 0.1, Sum: 0.7]
      [Code Root Scanning (ms): Min: 0.0, Avg: 0.0, Max: 0.0, Diff: 0.0, Sum: 0.0]
      [Object Copy (ms): Min: 15.8, Avg: 15.9, Max: 16.0, Diff: 0.2, Sum: 127.2]
      [Termination (ms): Min: 0.0, Avg: 0.0, Max: 0.0, Diff: 0.0, Sum: 0.0]
      [GC Worker Other (ms): Min: 0.0, Avg: 0.0, Max: 0.1, Diff: 0.1, Sum: 0.3]
      [GC Worker Total (ms): Min: 23.5, Avg: 23.5, Max: 23.5, Diff: 0.1, Sum: 188.0]
      [GC Worker End (ms): Min: 1498836512.1, Avg: 1498836512.1, Max: 1498836512.2, Diff: 0.0]
   [Code Root Fixup: 0.2 ms]
   [Code Root Purge: 0.0 ms]
   [Clear CT: 0.3 ms]
   [Other: 1.5 ms]
      [Choose CSet: 0.0 ms]
      [Ref Proc: 0.2 ms]
      [Ref Enq: 0.0 ms]
      [Redirty Cards: 0.1 ms]
      [Humongous Reclaim: 0.0 ms]
      [Free CSet: 0.6 ms]
   [Eden: 2212.0M(2212.0M)->0.0B(2208.0M) Survivors: 36.0M->40.0M Heap: 3557.9M(4500.0M)->1348.9M(4500.0M)]
Heap after GC invocations=32889 (full 0):
 garbage-first heap   total 4608000K, used 1381308K [0x00000006a6c00000, 0x00000006a7002328, 0x00000007c0000000)
  region size 4096K, 10 young (40960K), 10 survivors (40960K)
 Metaspace       used 124692K, capacity 128524K, committed 129664K, reserved 1165312K
  class space    used 13846K, capacity 14512K, committed 14720K, reserved 1048576K
}
 [Times: user=0.15 sys=0.03, real=0.03 secs] 
{Heap before GC invocations=32889 (full 0):
 garbage-first heap   total 4608000K, used 3642300K [0x00000006a6c00000, 0x00000006a7002328, 0x00000007c0000000)
  region size 4096K, 562 young (2301952K), 10 survivors (40960K)
 Metaspace       used 124692K, capacity 128524K, committed 129664K, reserved 1165312K
  class space    used 13846K, capacity 14512K, committed 14720K, reserved 1048576K
2019-04-29T00:54:56.695+0800: 1498905.914: [GC pause (G1 Evacuation Pause) (young)
Desired survivor size 148897792 bytes, new threshold 15 (max 15)
- age   1:   24818696 bytes,   24818696 total
- age   2:     791272 bytes,   25609968 total
- age   3:     622384 bytes,   26232352 total
- age   4:     576352 bytes,   26808704 total
- age   5:     729800 bytes,   27538504 total
- age   6:     831336 bytes,   28369840 total
- age   7:     434504 bytes,   28804344 total
- age   8:     564680 bytes,   29369024 total
- age   9:     728624 bytes,   30097648 total
- age  10:     152816 bytes,   30250464 total
- age  11:     122856 bytes,   30373320 total
- age  12:     223768 bytes,   30597088 total
- age  13:     236480 bytes,   30833568 total
- age  14:     628392 bytes,   31461960 total
- age  15:     365936 bytes,   31827896 total
 1498905.914: [G1Ergonomics (CSet Construction) start choosing CSet, _pending_cards: 26050, predicted base time: 9.15 ms, remaining time: 50.85 ms, target pause time: 60.00 ms]
 1498905.914: [G1Ergonomics (CSet Construction) add young regions to CSet, eden: 552 regions, survivors: 10 regions, predicted young region time: 311.50 ms]
 1498905.914: [G1Ergonomics (CSet Construction) finish choosing CSet, eden: 552 regions, survivors: 10 regions, old: 0 regions, predicted pause time: 320.65 ms, target pause time: 60.00 ms]
, 0.0221814 secs]
   [Parallel Time: 20.2 ms, GC Workers: 8]
      [GC Worker Start (ms): Min: 1498905914.4, Avg: 1498905914.4, Max: 1498905914.6, Diff: 0.2]
      [Ext Root Scanning (ms): Min: 1.2, Avg: 1.6, Max: 2.2, Diff: 0.9, Sum: 12.5]
      [Update RS (ms): Min: 6.3, Avg: 6.7, Max: 7.0, Diff: 0.7, Sum: 53.8]
         [Processed Buffers: Min: 18, Avg: 26.2, Max: 48, Diff: 30, Sum: 210]
      [Scan RS (ms): Min: 0.0, Avg: 0.1, Max: 0.1, Diff: 0.1, Sum: 0.7]
      [Code Root Scanning (ms): Min: 0.0, Avg: 0.0, Max: 0.0, Diff: 0.0, Sum: 0.0]
      [Object Copy (ms): Min: 11.4, Avg: 11.6, Max: 11.7, Diff: 0.3, Sum: 92.6]
      [Termination (ms): Min: 0.0, Avg: 0.0, Max: 0.0, Diff: 0.0, Sum: 0.1]
      [GC Worker Other (ms): Min: 0.0, Avg: 0.0, Max: 0.1, Diff: 0.1, Sum: 0.4]
      [GC Worker Total (ms): Min: 19.9, Avg: 20.0, Max: 20.1, Diff: 0.2, Sum: 160.1]
      [GC Worker End (ms): Min: 1498905934.4, Avg: 1498905934.4, Max: 1498905934.5, Diff: 0.0]
   [Code Root Fixup: 0.2 ms]
   [Code Root Purge: 0.0 ms]
   [Clear CT: 0.3 ms]
   [Other: 1.5 ms]
      [Choose CSet: 0.0 ms]
      [Ref Proc: 0.2 ms]
      [Ref Enq: 0.0 ms]
      [Redirty Cards: 0.1 ms]
      [Humongous Reclaim: 0.0 ms]
      [Free CSet: 0.6 ms]
   [Eden: 2208.0M(2208.0M)->0.0B(2212.0M) Survivors: 40.0M->36.0M Heap: 3556.9M(4500.0M)->1345.6M(4500.0M)]
Heap after GC invocations=32890 (full 0):
 garbage-first heap   total 4608000K, used 1377856K [0x00000006a6c00000, 0x00000006a7002328, 0x00000007c0000000)
  region size 4096K, 9 young (36864K), 9 survivors (36864K)
 Metaspace       used 124692K, capacity 128524K, committed 129664K, reserved 1165312K
  class space    used 13846K, capacity 14512K, committed 14720K, reserved 1048576K
}
 [Times: user=0.17 sys=0.00, real=0.02 secs] 
{Heap before GC invocations=32890 (full 0):
 garbage-first heap   total 4608000K, used 3642944K [0x00000006a6c00000, 0x00000006a7002328, 0x00000007c0000000)
  region size 4096K, 562 young (2301952K), 9 survivors (36864K)
 Metaspace       used 124692K, capacity 128524K, committed 129664K, reserved 1165312K
  class space    used 13846K, capacity 14512K, committed 14720K, reserved 1048576K
2019-04-29T00:56:09.379+0800: 1498978.598: [GC pause (G1 Evacuation Pause) (young)
Desired survivor size 148897792 bytes, new threshold 15 (max 15)
- age   1:   17713488 bytes,   17713488 total
- age   2:     671632 bytes,   18385120 total
- age   3:     777608 bytes,   19162728 total
- age   4:     621008 bytes,   19783736 total
- age   5:     575792 bytes,   20359528 total
- age   6:     729576 bytes,   21089104 total
- age   7:     831224 bytes,   21920328 total
- age   8:     434280 bytes,   22354608 total
- age   9:     564232 bytes,   22918840 total
- age  10:     726856 bytes,   23645696 total
- age  11:     152816 bytes,   23798512 total
- age  12:     122856 bytes,   23921368 total
- age  13:     223768 bytes,   24145136 total
- age  14:     236480 bytes,   24381616 total
- age  15:     628392 bytes,   25010008 total
 1498978.598: [G1Ergonomics (CSet Construction) start choosing CSet, _pending_cards: 26191, predicted base time: 9.43 ms, remaining time: 50.57 ms, target pause time: 60.00 ms]
 1498978.598: [G1Ergonomics (CSet Construction) add young regions to CSet, eden: 553 regions, survivors: 9 regions, predicted young region time: 242.25 ms]
 1498978.598: [G1Ergonomics (CSet Construction) finish choosing CSet, eden: 553 regions, survivors: 9 regions, old: 0 regions, predicted pause time: 251.68 ms, target pause time: 60.00 ms]
, 0.0213727 secs]
   [Parallel Time: 19.1 ms, GC Workers: 8]
      [GC Worker Start (ms): Min: 1498978598.5, Avg: 1498978598.5, Max: 1498978598.6, Diff: 0.1]
      [Ext Root Scanning (ms): Min: 1.2, Avg: 1.4, Max: 2.2, Diff: 1.0, Sum: 11.0]
      [Update RS (ms): Min: 5.7, Avg: 6.3, Max: 6.6, Diff: 0.9, Sum: 50.4]
         [Processed Buffers: Min: 13, Avg: 26.2, Max: 36, Diff: 23, Sum: 210]
      [Scan RS (ms): Min: 0.0, Avg: 0.1, Max: 0.2, Diff: 0.1, Sum: 0.8]
      [Code Root Scanning (ms): Min: 0.0, Avg: 0.0, Max: 0.0, Diff: 0.0, Sum: 0.1]
      [Object Copy (ms): Min: 11.0, Avg: 11.1, Max: 11.2, Diff: 0.2, Sum: 89.2]
      [Termination (ms): Min: 0.0, Avg: 0.0, Max: 0.0, Diff: 0.0, Sum: 0.0]
      [GC Worker Other (ms): Min: 0.0, Avg: 0.0, Max: 0.1, Diff: 0.1, Sum: 0.4]
      [GC Worker Total (ms): Min: 18.9, Avg: 19.0, Max: 19.0, Diff: 0.1, Sum: 151.8]
      [GC Worker End (ms): Min: 1498978617.5, Avg: 1498978617.5, Max: 1498978617.5, Diff: 0.0]
   [Code Root Fixup: 0.2 ms]
   [Code Root Purge: 0.0 ms]
   [Clear CT: 0.3 ms]
   [Other: 1.8 ms]
      [Choose CSet: 0.0 ms]
      [Ref Proc: 0.3 ms]
      [Ref Enq: 0.0 ms]
      [Redirty Cards: 0.1 ms]
      [Humongous Reclaim: 0.0 ms]
      [Free CSet: 0.9 ms]
   [Eden: 2212.0M(2212.0M)->0.0B(2212.0M) Survivors: 36.0M->36.0M Heap: 3557.6M(4500.0M)->1346.4M(4500.0M)]
Heap after GC invocations=32891 (full 0):
 garbage-first heap   total 4608000K, used 1378676K [0x00000006a6c00000, 0x00000006a7002328, 0x00000007c0000000)
  region size 4096K, 9 young (36864K), 9 survivors (36864K)
 Metaspace       used 124692K, capacity 128524K, committed 129664K, reserved 1165312K
  class space    used 13846K, capacity 14512K, committed 14720K, reserved 1048576K
}
 [Times: user=0.16 sys=0.00, real=0.03 secs] 
{Heap before GC invocations=32891 (full 0):
 garbage-first heap   total 4608000K, used 3643764K [0x00000006a6c00000, 0x00000006a7002328, 0x00000007c0000000)
  region size 4096K, 562 young (2301952K), 9 survivors (36864K)
 Metaspace       used 124692K, capacity 128524K, committed 129664K, reserved 1165312K
  class space    used 13846K, capacity 14512K, committed 14720K, reserved 1048576K
2019-04-29T00:57:20.121+0800: 1499049.340: [GC pause (G1 Evacuation Pause) (young)
Desired survivor size 148897792 bytes, new threshold 15 (max 15)
- age   1:   16366680 bytes,   16366680 total
- age   2:     542312 bytes,   16908992 total
- age   3:     590064 bytes,   17499056 total
- age   4:     775816 bytes,   18274872 total
- age   5:     574168 bytes,   18849040 total
- age   6:     575008 bytes,   19424048 total
- age   7:     729128 bytes,   20153176 total
- age   8:     831112 bytes,   20984288 total
- age   9:     434168 bytes,   21418456 total
- age  10:     563896 bytes,   21982352 total
- age  11:     726744 bytes,   22709096 total
- age  12:     152816 bytes,   22861912 total
- age  13:     122856 bytes,   22984768 total
- age  14:     223768 bytes,   23208536 total
- age  15:     236480 bytes,   23445016 total
 1499049.340: [G1Ergonomics (CSet Construction) start choosing CSet, _pending_cards: 25280, predicted base time: 9.11 ms, remaining time: 50.89 ms, target pause time: 60.00 ms]
 1499049.340: [G1Ergonomics (CSet Construction) add young regions to CSet, eden: 553 regions, survivors: 9 regions, predicted young region time: 184.61 ms]
 1499049.340: [G1Ergonomics (CSet Construction) finish choosing CSet, eden: 553 regions, survivors: 9 regions, old: 0 regions, predicted pause time: 193.72 ms, target pause time: 60.00 ms]
, 0.0215726 secs]
   [Parallel Time: 19.5 ms, GC Workers: 8]
      [GC Worker Start (ms): Min: 1499049340.6, Avg: 1499049340.6, Max: 1499049340.6, Diff: 0.1]
      [Ext Root Scanning (ms): Min: 1.1, Avg: 1.4, Max: 2.1, Diff: 0.9, Sum: 11.1]
      [Update RS (ms): Min: 5.7, Avg: 6.3, Max: 6.6, Diff: 0.9, Sum: 50.0]
         [Processed Buffers: Min: 14, Avg: 24.5, Max: 45, Diff: 31, Sum: 196]
      [Scan RS (ms): Min: 0.0, Avg: 0.1, Max: 0.1, Diff: 0.1, Sum: 0.7]
      [Code Root Scanning (ms): Min: 0.0, Avg: 0.0, Max: 0.0, Diff: 0.0, Sum: 0.0]
      [Object Copy (ms): Min: 11.6, Avg: 11.7, Max: 11.8, Diff: 0.2, Sum: 93.3]
      [Termination (ms): Min: 0.0, Avg: 0.0, Max: 0.0, Diff: 0.0, Sum: 0.0]
      [GC Worker Other (ms): Min: 0.0, Avg: 0.0, Max: 0.1, Diff: 0.0, Sum: 0.4]
      [GC Worker Total (ms): Min: 19.4, Avg: 19.4, Max: 19.5, Diff: 0.1, Sum: 155.5]
      [GC Worker End (ms): Min: 1499049360.0, Avg: 1499049360.0, Max: 1499049360.1, Diff: 0.1]
   [Code Root Fixup: 0.2 ms]
   [Code Root Purge: 0.0 ms]
   [Clear CT: 0.3 ms]
   [Other: 1.5 ms]
      [Choose CSet: 0.0 ms]
      [Ref Proc: 0.2 ms]
      [Ref Enq: 0.0 ms]
      [Redirty Cards: 0.1 ms]
      [Humongous Reclaim: 0.0 ms]
      [Free CSet: 0.7 ms]
   [Eden: 2212.0M(2212.0M)->0.0B(2212.0M) Survivors: 36.0M->36.0M Heap: 3558.4M(4500.0M)->1346.9M(4500.0M)]
Heap after GC invocations=32892 (full 0):
 garbage-first heap   total 4608000K, used 1379270K [0x00000006a6c00000, 0x00000006a7002328, 0x00000007c0000000)
  region size 4096K, 9 young (36864K), 9 survivors (36864K)
 Metaspace       used 124692K, capacity 128524K, committed 129664K, reserved 1165312K
  class space    used 13846K, capacity 14512K, committed 14720K, reserved 1048576K
}
 [Times: user=0.13 sys=0.03, real=0.02 secs] 
{Heap before GC invocations=32892 (full 0):
 garbage-first heap   total 4608000K, used 3644358K [0x00000006a6c00000, 0x00000006a7002328, 0x00000007c0000000)
  region size 4096K, 562 young (2301952K), 9 survivors (36864K)
 Metaspace       used 124692K, capacity 128524K, committed 129664K, reserved 1165312K
  class space    used 13846K, capacity 14512K, committed 14720K, reserved 1048576K
2019-04-29T00:58:45.023+0800: 1499134.242: [GC pause (G1 Evacuation Pause) (young)
Desired survivor size 148897792 bytes, new threshold 15 (max 15)
- age   1:   17672440 bytes,   17672440 total
- age   2:     723496 bytes,   18395936 total
- age   3:     536184 bytes,   18932120 total
- age   4:     588584 bytes,   19520704 total
- age   5:     774856 bytes,   20295560 total
- age   6:     569176 bytes,   20864736 total
- age   7:     575008 bytes,   21439744 total
- age   8:     729016 bytes,   22168760 total
- age   9:     831112 bytes,   22999872 total
- age  10:     434168 bytes,   23434040 total
- age  11:     563784 bytes,   23997824 total
- age  12:     725064 bytes,   24722888 total
- age  13:     152784 bytes,   24875672 total
- age  14:     122856 bytes,   24998528 total
- age  15:     223768 bytes,   25222296 total
 1499134.242: [G1Ergonomics (CSet Construction) start choosing CSet, _pending_cards: 25538, predicted base time: 9.15 ms, remaining time: 50.85 ms, target pause time: 60.00 ms]
 1499134.242: [G1Ergonomics (CSet Construction) add young regions to CSet, eden: 553 regions, survivors: 9 regions, predicted young region time: 156.06 ms]
 1499134.242: [G1Ergonomics (CSet Construction) finish choosing CSet, eden: 553 regions, survivors: 9 regions, old: 0 regions, predicted pause time: 165.21 ms, target pause time: 60.00 ms]
, 0.0214614 secs]
   [Parallel Time: 19.5 ms, GC Workers: 8]
      [GC Worker Start (ms): Min: 1499134242.3, Avg: 1499134242.4, Max: 1499134242.4, Diff: 0.1]
      [Ext Root Scanning (ms): Min: 1.1, Avg: 1.3, Max: 2.2, Diff: 1.1, Sum: 10.7]
      [Update RS (ms): Min: 5.5, Avg: 6.3, Max: 6.6, Diff: 1.1, Sum: 50.6]
         [Processed Buffers: Min: 15, Avg: 25.0, Max: 37, Diff: 22, Sum: 200]
      [Scan RS (ms): Min: 0.0, Avg: 0.1, Max: 0.1, Diff: 0.1, Sum: 0.6]
      [Code Root Scanning (ms): Min: 0.0, Avg: 0.0, Max: 0.0, Diff: 0.0, Sum: 0.0]
      [Object Copy (ms): Min: 11.5, Avg: 11.6, Max: 11.6, Diff: 0.2, Sum: 92.6]
      [Termination (ms): Min: 0.0, Avg: 0.0, Max: 0.0, Diff: 0.0, Sum: 0.0]
      [GC Worker Other (ms): Min: 0.0, Avg: 0.0, Max: 0.1, Diff: 0.0, Sum: 0.3]
      [GC Worker Total (ms): Min: 19.3, Avg: 19.4, Max: 19.4, Diff: 0.1, Sum: 154.9]
      [GC Worker End (ms): Min: 1499134261.7, Avg: 1499134261.7, Max: 1499134261.8, Diff: 0.0]
   [Code Root Fixup: 0.2 ms]
   [Code Root Purge: 0.0 ms]
   [Clear CT: 0.3 ms]
   [Other: 1.5 ms]
      [Choose CSet: 0.0 ms]
      [Ref Proc: 0.2 ms]
      [Ref Enq: 0.0 ms]
      [Redirty Cards: 0.1 ms]
      [Humongous Reclaim: 0.0 ms]
      [Free CSet: 0.6 ms]
   [Eden: 2212.0M(2212.0M)->0.0B(2212.0M) Survivors: 36.0M->36.0M Heap: 3558.9M(4500.0M)->1347.3M(4500.0M)]
Heap after GC invocations=32893 (full 0):
 garbage-first heap   total 4608000K, used 1379603K [0x00000006a6c00000, 0x00000006a7002328, 0x00000007c0000000)
  region size 4096K, 9 young (36864K), 9 survivors (36864K)
 Metaspace       used 124692K, capacity 128524K, committed 129664K, reserved 1165312K
  class space    used 13846K, capacity 14512K, committed 14720K, reserved 1048576K
}
 [Times: user=0.13 sys=0.03, real=0.02 secs] 
{Heap before GC invocations=32893 (full 0):
 garbage-first heap   total 4608000K, used 3644691K [0x00000006a6c00000, 0x00000006a7002328, 0x00000007c0000000)
  region size 4096K, 562 young (2301952K), 9 survivors (36864K)
 Metaspace       used 124692K, capacity 128524K, committed 129664K, reserved 1165312K
  class space    used 13846K, capacity 14512K, committed 14720K, reserved 1048576K
2019-04-29T00:59:55.972+0800: 1499205.191: [GC pause (G1 Evacuation Pause) (young)
Desired survivor size 148897792 bytes, new threshold 15 (max 15)
- age   1:   16391392 bytes,   16391392 total
- age   2:     600520 bytes,   16991912 total
- age   3:     718264 bytes,   17710176 total
- age   4:     534368 bytes,   18244544 total
- age   5:     587800 bytes,   18832344 total
- age   6:     774520 bytes,   19606864 total
- age   7:     568616 bytes,   20175480 total
- age   8:     574984 bytes,   20750464 total
- age   9:     729016 bytes,   21479480 total
- age  10:     831112 bytes,   22310592 total
- age  11:     434168 bytes,   22744760 total
- age  12:     563784 bytes,   23308544 total
- age  13:     725040 bytes,   24033584 total
- age  14:     152784 bytes,   24186368 total
- age  15:     122856 bytes,   24309224 total
 1499205.191: [G1Ergonomics (CSet Construction) start choosing CSet, _pending_cards: 24202, predicted base time: 8.80 ms, remaining time: 51.20 ms, target pause time: 60.00 ms]
 1499205.191: [G1Ergonomics (CSet Construction) add young regions to CSet, eden: 553 regions, survivors: 9 regions, predicted young region time: 121.62 ms]
 1499205.191: [G1Ergonomics (CSet Construction) finish choosing CSet, eden: 553 regions, survivors: 9 regions, old: 0 regions, predicted pause time: 130.41 ms, target pause time: 60.00 ms]
, 0.0236022 secs]
   [Parallel Time: 21.7 ms, GC Workers: 8]
      [GC Worker Start (ms): Min: 1499205191.3, Avg: 1499205191.3, Max: 1499205191.3, Diff: 0.1]
      [Ext Root Scanning (ms): Min: 1.1, Avg: 1.3, Max: 2.2, Diff: 1.1, Sum: 10.5]
      [Update RS (ms): Min: 5.2, Avg: 6.0, Max: 6.4, Diff: 1.2, Sum: 48.2]
         [Processed Buffers: Min: 12, Avg: 24.8, Max: 38, Diff: 26, Sum: 198]
      [Scan RS (ms): Min: 0.0, Avg: 0.1, Max: 0.1, Diff: 0.1, Sum: 0.6]
      [Code Root Scanning (ms): Min: 0.0, Avg: 0.0, Max: 0.0, Diff: 0.0, Sum: 0.0]
      [Object Copy (ms): Min: 14.0, Avg: 14.1, Max: 14.2, Diff: 0.1, Sum: 112.8]
      [Termination (ms): Min: 0.0, Avg: 0.0, Max: 0.0, Diff: 0.0, Sum: 0.0]
      [GC Worker Other (ms): Min: 0.0, Avg: 0.1, Max: 0.1, Diff: 0.1, Sum: 0.4]
      [GC Worker Total (ms): Min: 21.5, Avg: 21.6, Max: 21.6, Diff: 0.1, Sum: 172.5]
      [GC Worker End (ms): Min: 1499205212.8, Avg: 1499205212.9, Max: 1499205212.9, Diff: 0.1]
   [Code Root Fixup: 0.2 ms]
   [Code Root Purge: 0.0 ms]
   [Clear CT: 0.2 ms]
   [Other: 1.5 ms]
      [Choose CSet: 0.0 ms]
      [Ref Proc: 0.2 ms]
      [Ref Enq: 0.0 ms]
      [Redirty Cards: 0.1 ms]
      [Humongous Reclaim: 0.0 ms]
      [Free CSet: 0.7 ms]
   [Eden: 2212.0M(2212.0M)->0.0B(2212.0M) Survivors: 36.0M->36.0M Heap: 3559.3M(4500.0M)->1349.5M(4500.0M)]
Heap after GC invocations=32894 (full 0):
 garbage-first heap   total 4608000K, used 1381893K [0x00000006a6c00000, 0x00000006a7002328, 0x00000007c0000000)
  region size 4096K, 9 young (36864K), 9 survivors (36864K)
 Metaspace       used 124692K, capacity 128524K, committed 129664K, reserved 1165312K
  class space    used 13846K, capacity 14512K, committed 14720K, reserved 1048576K
}
 [Times: user=0.14 sys=0.03, real=0.02 secs] 
{Heap before GC invocations=32894 (full 0):
 garbage-first heap   total 4608000K, used 3646981K [0x00000006a6c00000, 0x00000006a7002328, 0x00000007c0000000)
  region size 4096K, 562 young (2301952K), 9 survivors (36864K)
 Metaspace       used 124692K, capacity 128524K, committed 129664K, reserved 1165312K
  class space    used 13846K, capacity 14512K, committed 14720K, reserved 1048576K
2019-04-29T01:00:13.113+0800: 1499222.332: [GC pause (G1 Evacuation Pause) (young)
Desired survivor size 148897792 bytes, new threshold 15 (max 15)
- age   1:   21302616 bytes,   21302616 total
- age   2:     633984 bytes,   21936600 total
- age   3:     589712 bytes,   22526312 total
- age   4:     716776 bytes,   23243088 total
- age   5:     487472 bytes,   23730560 total
- age   6:     587688 bytes,   24318248 total
- age   7:     774184 bytes,   25092432 total
- age   8:     568280 bytes,   25660712 total
- age   9:     574872 bytes,   26235584 total
- age  10:     729016 bytes,   26964600 total
- age  11:     831000 bytes,   27795600 total
- age  12:     434168 bytes,   28229768 total
- age  13:     562208 bytes,   28791976 total
- age  14:     725040 bytes,   29517016 total
- age  15:     152784 bytes,   29669800 total
 1499222.332: [G1Ergonomics (CSet Construction) start choosing CSet, _pending_cards: 21251, predicted base time: 8.02 ms, remaining time: 51.98 ms, target pause time: 60.00 ms]
 1499222.332: [G1Ergonomics (CSet Construction) add young regions to CSet, eden: 553 regions, survivors: 9 regions, predicted young region time: 138.73 ms]
 1499222.332: [G1Ergonomics (CSet Construction) finish choosing CSet, eden: 553 regions, survivors: 9 regions, old: 0 regions, predicted pause time: 146.76 ms, target pause time: 60.00 ms]
, 0.0256403 secs]
   [Parallel Time: 22.9 ms, GC Workers: 8]
      [GC Worker Start (ms): Min: 1499222332.0, Avg: 1499222332.1, Max: 1499222332.1, Diff: 0.1]
      [Ext Root Scanning (ms): Min: 1.1, Avg: 1.3, Max: 2.1, Diff: 1.0, Sum: 10.6]
      [Update RS (ms): Min: 4.7, Avg: 5.4, Max: 5.7, Diff: 1.0, Sum: 43.2]
         [Processed Buffers: Min: 15, Avg: 24.1, Max: 47, Diff: 32, Sum: 193]
      [Scan RS (ms): Min: 0.0, Avg: 0.1, Max: 0.1, Diff: 0.1, Sum: 0.6]
      [Code Root Scanning (ms): Min: 0.0, Avg: 0.0, Max: 0.0, Diff: 0.0, Sum: 0.0]
      [Object Copy (ms): Min: 15.7, Avg: 15.8, Max: 15.9, Diff: 0.2, Sum: 126.5]
      [Termination (ms): Min: 0.0, Avg: 0.0, Max: 0.0, Diff: 0.0, Sum: 0.0]
      [GC Worker Other (ms): Min: 0.0, Avg: 0.0, Max: 0.1, Diff: 0.1, Sum: 0.4]
      [GC Worker Total (ms): Min: 22.6, Avg: 22.7, Max: 22.7, Diff: 0.1, Sum: 181.3]
      [GC Worker End (ms): Min: 1499222354.7, Avg: 1499222354.8, Max: 1499222354.8, Diff: 0.1]
   [Code Root Fixup: 0.3 ms]
   [Code Root Purge: 0.0 ms]
   [Clear CT: 0.3 ms]
   [Other: 2.2 ms]
      [Choose CSet: 0.0 ms]
      [Ref Proc: 0.2 ms]
      [Ref Enq: 0.0 ms]
      [Redirty Cards: 0.8 ms]
      [Humongous Reclaim: 0.0 ms]
      [Free CSet: 0.6 ms]
   [Eden: 2212.0M(2212.0M)->0.0B(2204.0M) Survivors: 36.0M->44.0M Heap: 3561.5M(4500.0M)->1355.7M(4500.0M)]
Heap after GC invocations=32895 (full 0):
 garbage-first heap   total 4608000K, used 1388240K [0x00000006a6c00000, 0x00000006a7002328, 0x00000007c0000000)
  region size 4096K, 11 young (45056K), 11 survivors (45056K)
 Metaspace       used 124692K, capacity 128524K, committed 129664K, reserved 1165312K
  class space    used 13846K, capacity 14512K, committed 14720K, reserved 1048576K
}
 [Times: user=0.18 sys=0.00, real=0.02 secs] 
{Heap before GC invocations=32895 (full 0):
 garbage-first heap   total 4608000K, used 3645136K [0x00000006a6c00000, 0x00000006a7002328, 0x00000007c0000000)
  region size 4096K, 562 young (2301952K), 11 survivors (45056K)
 Metaspace       used 124692K, capacity 128524K, committed 129664K, reserved 1165312K
  class space    used 13846K, capacity 14512K, committed 14720K, reserved 1048576K
2019-04-29T01:00:37.669+0800: 1499246.888: [GC pause (G1 Evacuation Pause) (young)
Desired survivor size 148897792 bytes, new threshold 15 (max 15)
- age   1:   21757960 bytes,   21757960 total
- age   2:    3280944 bytes,   25038904 total
- age   3:     625864 bytes,   25664768 total
- age   4:     588792 bytes,   26253560 total
- age   5:     675048 bytes,   26928608 total
- age   6:     487024 bytes,   27415632 total
- age   7:     587016 bytes,   28002648 total
- age   8:     449128 bytes,   28451776 total
- age   9:     472704 bytes,   28924480 total
- age  10:     574384 bytes,   29498864 total
- age  11:     728792 bytes,   30227656 total
- age  12:     831000 bytes,   31058656 total
- age  13:     433832 bytes,   31492488 total
- age  14:     560440 bytes,   32052928 total
- age  15:     723360 bytes,   32776288 total
 1499246.888: [G1Ergonomics (CSet Construction) start choosing CSet, _pending_cards: 22990, predicted base time: 8.86 ms, remaining time: 51.14 ms, target pause time: 60.00 ms]
 1499246.888: [G1Ergonomics (CSet Construction) add young regions to CSet, eden: 551 regions, survivors: 11 regions, predicted young region time: 341.53 ms]
 1499246.888: [G1Ergonomics (CSet Construction) finish choosing CSet, eden: 551 regions, survivors: 11 regions, old: 0 regions, predicted pause time: 350.39 ms, target pause time: 60.00 ms]
, 0.0221936 secs]
   [Parallel Time: 20.2 ms, GC Workers: 8]
      [GC Worker Start (ms): Min: 1499246888.0, Avg: 1499246888.1, Max: 1499246888.1, Diff: 0.1]
      [Ext Root Scanning (ms): Min: 1.0, Avg: 1.6, Max: 4.6, Diff: 3.6, Sum: 12.5]
      [Update RS (ms): Min: 2.6, Avg: 5.5, Max: 6.2, Diff: 3.6, Sum: 44.4]
         [Processed Buffers: Min: 16, Avg: 22.9, Max: 32, Diff: 16, Sum: 183]
      [Scan RS (ms): Min: 0.0, Avg: 0.1, Max: 0.1, Diff: 0.1, Sum: 0.6]
      [Code Root Scanning (ms): Min: 0.0, Avg: 0.0, Max: 0.0, Diff: 0.0, Sum: 0.0]
      [Object Copy (ms): Min: 12.7, Avg: 12.8, Max: 12.9, Diff: 0.2, Sum: 102.6]
      [Termination (ms): Min: 0.0, Avg: 0.0, Max: 0.0, Diff: 0.0, Sum: 0.1]
      [GC Worker Other (ms): Min: 0.0, Avg: 0.0, Max: 0.1, Diff: 0.0, Sum: 0.3]
      [GC Worker Total (ms): Min: 20.0, Avg: 20.1, Max: 20.1, Diff: 0.1, Sum: 160.5]
      [GC Worker End (ms): Min: 1499246908.1, Avg: 1499246908.2, Max: 1499246908.2, Diff: 0.0]
   [Code Root Fixup: 0.3 ms]
   [Code Root Purge: 0.0 ms]
   [Clear CT: 0.3 ms]
   [Other: 1.5 ms]
      [Choose CSet: 0.0 ms]
      [Ref Proc: 0.2 ms]
      [Ref Enq: 0.0 ms]
      [Redirty Cards: 0.1 ms]
      [Humongous Reclaim: 0.0 ms]
      [Free CSet: 0.6 ms]
   [Eden: 2204.0M(2204.0M)->0.0B(2212.0M) Survivors: 44.0M->36.0M Heap: 3559.7M(4500.0M)->1348.5M(4500.0M)]
Heap after GC invocations=32896 (full 0):
 garbage-first heap   total 4608000K, used 1380841K [0x00000006a6c00000, 0x00000006a7002328, 0x00000007c0000000)
  region size 4096K, 9 young (36864K), 9 survivors (36864K)
 Metaspace       used 124692K, capacity 128524K, committed 129664K, reserved 1165312K
  class space    used 13846K, capacity 14512K, committed 14720K, reserved 1048576K
}
 [Times: user=0.13 sys=0.03, real=0.03 secs] 
{Heap before GC invocations=32896 (full 0):
 garbage-first heap   total 4608000K, used 3645929K [0x00000006a6c00000, 0x00000006a7002328, 0x00000007c0000000)
  region size 4096K, 562 young (2301952K), 9 survivors (36864K)
 Metaspace       used 124692K, capacity 128524K, committed 129664K, reserved 1165312K
  class space    used 13846K, capacity 14512K, committed 14720K, reserved 1048576K
2019-04-29T01:01:07.939+0800: 1499277.157: [GC pause (G1 Evacuation Pause) (young)
Desired survivor size 148897792 bytes, new threshold 15 (max 15)
- age   1:   16457960 bytes,   16457960 total
- age   2:    1351936 bytes,   17809896 total
- age   3:    1540056 bytes,   19349952 total
- age   4:     624672 bytes,   19974624 total
- age   5:     588088 bytes,   20562712 total
- age   6:     630120 bytes,   21192832 total
- age   7:     486688 bytes,   21679520 total
- age   8:     587016 bytes,   22266536 total
- age   9:     441440 bytes,   22707976 total
- age  10:     393312 bytes,   23101288 total
- age  11:     529848 bytes,   23631136 total
- age  12:     728680 bytes,   24359816 total
- age  13:     831000 bytes,   25190816 total
- age  14:     433832 bytes,   25624648 total
- age  15:     560440 bytes,   26185088 total
 1499277.157: [G1Ergonomics (CSet Construction) start choosing CSet, _pending_cards: 24749, predicted base time: 9.21 ms, remaining time: 50.79 ms, target pause time: 60.00 ms]
 1499277.157: [G1Ergonomics (CSet Construction) add young regions to CSet, eden: 553 regions, survivors: 9 regions, predicted young region time: 270.69 ms]
 1499277.157: [G1Ergonomics (CSet Construction) finish choosing CSet, eden: 553 regions, survivors: 9 regions, old: 0 regions, predicted pause time: 279.89 ms, target pause time: 60.00 ms]
, 0.0221260 secs]
   [Parallel Time: 20.1 ms, GC Workers: 8]
      [GC Worker Start (ms): Min: 1499277157.6, Avg: 1499277157.7, Max: 1499277157.7, Diff: 0.1]
      [Ext Root Scanning (ms): Min: 1.1, Avg: 1.3, Max: 2.1, Diff: 0.9, Sum: 10.5]
      [Update RS (ms): Min: 5.2, Avg: 5.9, Max: 6.3, Diff: 1.1, Sum: 47.5]
         [Processed Buffers: Min: 14, Avg: 24.1, Max: 46, Diff: 32, Sum: 193]
      [Scan RS (ms): Min: 0.0, Avg: 0.1, Max: 0.2, Diff: 0.2, Sum: 0.6]
      [Code Root Scanning (ms): Min: 0.0, Avg: 0.0, Max: 0.0, Diff: 0.0, Sum: 0.0]
      [Object Copy (ms): Min: 12.6, Avg: 12.6, Max: 12.7, Diff: 0.2, Sum: 101.1]
      [Termination (ms): Min: 0.0, Avg: 0.0, Max: 0.0, Diff: 0.0, Sum: 0.1]
      [GC Worker Other (ms): Min: 0.0, Avg: 0.0, Max: 0.1, Diff: 0.0, Sum: 0.3]
      [GC Worker Total (ms): Min: 20.0, Avg: 20.0, Max: 20.1, Diff: 0.1, Sum: 160.2]
      [GC Worker End (ms): Min: 1499277177.7, Avg: 1499277177.7, Max: 1499277177.7, Diff: 0.0]
   [Code Root Fixup: 0.3 ms]
   [Code Root Purge: 0.0 ms]
   [Clear CT: 0.3 ms]
   [Other: 1.4 ms]
      [Choose CSet: 0.0 ms]
      [Ref Proc: 0.2 ms]
      [Ref Enq: 0.0 ms]
      [Redirty Cards: 0.1 ms]
      [Humongous Reclaim: 0.0 ms]
      [Free CSet: 0.6 ms]
   [Eden: 2212.0M(2212.0M)->0.0B(2212.0M) Survivors: 36.0M->36.0M Heap: 3560.5M(4500.0M)->1349.3M(4500.0M)]
Heap after GC invocations=32897 (full 0):
 garbage-first heap   total 4608000K, used 1381678K [0x00000006a6c00000, 0x00000006a7002328, 0x00000007c0000000)
  region size 4096K, 9 young (36864K), 9 survivors (36864K)
 Metaspace       used 124692K, capacity 128524K, committed 129664K, reserved 1165312K
  class space    used 13846K, capacity 14512K, committed 14720K, reserved 1048576K
}
 [Times: user=0.17 sys=0.00, real=0.03 secs] 
{Heap before GC invocations=32897 (full 0):
 garbage-first heap   total 4608000K, used 3646766K [0x00000006a6c00000, 0x00000006a7002328, 0x00000007c0000000)
  region size 4096K, 562 young (2301952K), 9 survivors (36864K)
 Metaspace       used 124692K, capacity 128524K, committed 129664K, reserved 1165312K
  class space    used 13846K, capacity 14512K, committed 14720K, reserved 1048576K
2019-04-29T01:01:33.010+0800: 1499302.229: [GC pause (G1 Evacuation Pause) (young)
Desired survivor size 148897792 bytes, new threshold 15 (max 15)
- age   1:   16808656 bytes,   16808656 total
- age   2:    1806176 bytes,   18614832 total
- age   3:     470792 bytes,   19085624 total
- age   4:     323504 bytes,   19409128 total
- age   5:     623104 bytes,   20032232 total
- age   6:     587296 bytes,   20619528 total
- age   7:     624264 bytes,   21243792 total
- age   8:     485144 bytes,   21728936 total
- age   9:     585632 bytes,   22314568 total
- age  10:     440328 bytes,   22754896 total
- age  11:     386664 bytes,   23141560 total
- age  12:     527312 bytes,   23668872 total
- age  13:     728680 bytes,   24397552 total
- age  14:     830776 bytes,   25228328 total
- age  15:     433832 bytes,   25662160 total
 1499302.229: [G1Ergonomics (CSet Construction) start choosing CSet, _pending_cards: 23543, predicted base time: 8.76 ms, remaining time: 51.24 ms, target pause time: 60.00 ms]
 1499302.229: [G1Ergonomics (CSet Construction) add young regions to CSet, eden: 553 regions, survivors: 9 regions, predicted young region time: 231.58 ms]
 1499302.229: [G1Ergonomics (CSet Construction) finish choosing CSet, eden: 553 regions, survivors: 9 regions, old: 0 regions, predicted pause time: 240.34 ms, target pause time: 60.00 ms]
, 0.0227975 secs]
   [Parallel Time: 20.6 ms, GC Workers: 8]
      [GC Worker Start (ms): Min: 1499302229.1, Avg: 1499302229.2, Max: 1499302229.2, Diff: 0.1]
      [Ext Root Scanning (ms): Min: 1.2, Avg: 1.5, Max: 2.4, Diff: 1.2, Sum: 11.7]
      [Update RS (ms): Min: 5.4, Avg: 6.1, Max: 6.5, Diff: 1.1, Sum: 48.9]
         [Processed Buffers: Min: 12, Avg: 23.4, Max: 31, Diff: 19, Sum: 187]
      [Scan RS (ms): Min: 0.0, Avg: 0.1, Max: 0.1, Diff: 0.1, Sum: 0.7]
      [Code Root Scanning (ms): Min: 0.0, Avg: 0.0, Max: 0.0, Diff: 0.0, Sum: 0.0]
      [Object Copy (ms): Min: 12.7, Avg: 12.8, Max: 12.8, Diff: 0.2, Sum: 102.1]
      [Termination (ms): Min: 0.0, Avg: 0.0, Max: 0.0, Diff: 0.0, Sum: 0.0]
      [GC Worker Other (ms): Min: 0.0, Avg: 0.1, Max: 0.1, Diff: 0.1, Sum: 0.5]
      [GC Worker Total (ms): Min: 20.4, Avg: 20.5, Max: 20.5, Diff: 0.1, Sum: 163.8]
      [GC Worker End (ms): Min: 1499302249.6, Avg: 1499302249.6, Max: 1499302249.7, Diff: 0.1]
   [Code Root Fixup: 0.3 ms]
   [Code Root Purge: 0.0 ms]
   [Clear CT: 0.3 ms]
   [Other: 1.7 ms]
      [Choose CSet: 0.0 ms]
      [Ref Proc: 0.2 ms]
      [Ref Enq: 0.0 ms]
      [Redirty Cards: 0.1 ms]
      [Humongous Reclaim: 0.0 ms]
      [Free CSet: 0.6 ms]
   [Eden: 2212.0M(2212.0M)->0.0B(2212.0M) Survivors: 36.0M->36.0M Heap: 3561.3M(4500.0M)->1350.0M(4500.0M)]
Heap after GC invocations=32898 (full 0):
 garbage-first heap   total 4608000K, used 1382434K [0x00000006a6c00000, 0x00000006a7002328, 0x00000007c0000000)
  region size 4096K, 9 young (36864K), 9 survivors (36864K)
 Metaspace       used 124692K, capacity 128524K, committed 129664K, reserved 1165312K
  class space    used 13846K, capacity 14512K, committed 14720K, reserved 1048576K
}
 [Times: user=0.14 sys=0.03, real=0.02 secs] 
{Heap before GC invocations=32898 (full 0):
 garbage-first heap   total 4608000K, used 3647522K [0x00000006a6c00000, 0x00000006a7002328, 0x00000007c0000000)
  region size 4096K, 562 young (2301952K), 9 survivors (36864K)
 Metaspace       used 124692K, capacity 128524K, committed 129664K, reserved 1165312K
  class space    used 13846K, capacity 14512K, committed 14720K, reserved 1048576K
2019-04-29T01:01:58.179+0800: 1499327.398: [GC pause (G1 Evacuation Pause) (young)
Desired survivor size 148897792 bytes, new threshold 15 (max 15)
- age   1:   17066616 bytes,   17066616 total
- age   2:    2272000 bytes,   19338616 total
- age   3:     592120 bytes,   19930736 total
- age   4:     263328 bytes,   20194064 total
- age   5:     322328 bytes,   20516392 total
- age   6:     622736 bytes,   21139128 total
- age   7:     587072 bytes,   21726200 total
- age   8:     624040 bytes,   22350240 total
- age   9:     485032 bytes,   22835272 total
- age  10:     585632 bytes,   23420904 total
- age  11:     440328 bytes,   23861232 total
- age  12:     386664 bytes,   24247896 total
- age  13:     527312 bytes,   24775208 total
- age  14:     728680 bytes,   25503888 total
- age  15:     830776 bytes,   26334664 total
 1499327.398: [G1Ergonomics (CSet Construction) start choosing CSet, _pending_cards: 23057, predicted base time: 8.79 ms, remaining time: 51.21 ms, target pause time: 60.00 ms]
 1499327.398: [G1Ergonomics (CSet Construction) add young regions to CSet, eden: 553 regions, survivors: 9 regions, predicted young region time: 224.09 ms]
 1499327.398: [G1Ergonomics (CSet Construction) finish choosing CSet, eden: 553 regions, survivors: 9 regions, old: 0 regions, predicted pause time: 232.88 ms, target pause time: 60.00 ms]
, 0.0220004 secs]
   [Parallel Time: 19.7 ms, GC Workers: 8]
      [GC Worker Start (ms): Min: 1499327398.1, Avg: 1499327398.1, Max: 1499327398.2, Diff: 0.1]
      [Ext Root Scanning (ms): Min: 1.1, Avg: 1.4, Max: 2.2, Diff: 1.1, Sum: 11.0]
      [Update RS (ms): Min: 5.4, Avg: 6.2, Max: 6.4, Diff: 1.1, Sum: 49.2]
         [Processed Buffers: Min: 12, Avg: 23.4, Max: 39, Diff: 27, Sum: 187]
      [Scan RS (ms): Min: 0.0, Avg: 0.1, Max: 0.2, Diff: 0.1, Sum: 0.7]
      [Code Root Scanning (ms): Min: 0.0, Avg: 0.0, Max: 0.0, Diff: 0.0, Sum: 0.0]
      [Object Copy (ms): Min: 11.7, Avg: 11.9, Max: 12.0, Diff: 0.3, Sum: 95.4]
      [Termination (ms): Min: 0.0, Avg: 0.0, Max: 0.0, Diff: 0.0, Sum: 0.0]
      [GC Worker Other (ms): Min: 0.0, Avg: 0.0, Max: 0.1, Diff: 0.1, Sum: 0.3]
      [GC Worker Total (ms): Min: 19.5, Avg: 19.6, Max: 19.6, Diff: 0.1, Sum: 156.7]
      [GC Worker End (ms): Min: 1499327417.7, Avg: 1499327417.7, Max: 1499327417.7, Diff: 0.0]
   [Code Root Fixup: 0.2 ms]
   [Code Root Purge: 0.0 ms]
   [Clear CT: 0.3 ms]
   [Other: 1.7 ms]
      [Choose CSet: 0.0 ms]
      [Ref Proc: 0.2 ms]
      [Ref Enq: 0.0 ms]
      [Redirty Cards: 0.1 ms]
      [Humongous Reclaim: 0.0 ms]
      [Free CSet: 0.9 ms]
   [Eden: 2212.0M(2212.0M)->0.0B(2212.0M) Survivors: 36.0M->36.0M Heap: 3562.0M(4500.0M)->1351.0M(4500.0M)]
Heap after GC invocations=32899 (full 0):
 garbage-first heap   total 4608000K, used 1383435K [0x00000006a6c00000, 0x00000006a7002328, 0x00000007c0000000)
  region size 4096K, 9 young (36864K), 9 survivors (36864K)
 Metaspace       used 124692K, capacity 128524K, committed 129664K, reserved 1165312K
  class space    used 13846K, capacity 14512K, committed 14720K, reserved 1048576K
}
 [Times: user=0.13 sys=0.03, real=0.03 secs] 
{Heap before GC invocations=32899 (full 0):
 garbage-first heap   total 4608000K, used 3648523K [0x00000006a6c00000, 0x00000006a7002328, 0x00000007c0000000)
  region size 4096K, 562 young (2301952K), 9 survivors (36864K)
 Metaspace       used 124692K, capacity 128524K, committed 129664K, reserved 1165312K
  class space    used 13846K, capacity 14512K, committed 14720K, reserved 1048576K
2019-04-29T01:02:19.332+0800: 1499348.551: [GC pause (G1 Evacuation Pause) (young)
Desired survivor size 148897792 bytes, new threshold 15 (max 15)
- age   1:   15692104 bytes,   15692104 total
- age   2:    1787208 bytes,   17479312 total
- age   3:     863256 bytes,   18342568 total
- age   4:     216472 bytes,   18559040 total
- age   5:     262112 bytes,   18821152 total
- age   6:     321280 bytes,   19142432 total
- age   7:     622736 bytes,   19765168 total
- age   8:     586960 bytes,   20352128 total
- age   9:     623928 bytes,   20976056 total
- age  10:     485032 bytes,   21461088 total
- age  11:     585632 bytes,   22046720 total
- age  12:     440328 bytes,   22487048 total
- age  13:     386552 bytes,   22873600 total
- age  14:     527312 bytes,   23400912 total
- age  15:     728680 bytes,   24129592 total
 1499348.551: [G1Ergonomics (CSet Construction) start choosing CSet, _pending_cards: 23557, predicted base time: 9.01 ms, remaining time: 50.99 ms, target pause time: 60.00 ms]
 1499348.551: [G1Ergonomics (CSet Construction) add young regions to CSet, eden: 553 regions, survivors: 9 regions, predicted young region time: 174.59 ms]
 1499348.551: [G1Ergonomics (CSet Construction) finish choosing CSet, eden: 553 regions, survivors: 9 regions, old: 0 regions, predicted pause time: 183.61 ms, target pause time: 60.00 ms]
, 0.0273292 secs]
   [Parallel Time: 25.2 ms, GC Workers: 8]
      [GC Worker Start (ms): Min: 1499348551.5, Avg: 1499348551.5, Max: 1499348551.6, Diff: 0.1]
      [Ext Root Scanning (ms): Min: 1.1, Avg: 1.3, Max: 2.1, Diff: 1.0, Sum: 10.8]
      [Update RS (ms): Min: 5.2, Avg: 5.7, Max: 6.0, Diff: 0.8, Sum: 45.4]
         [Processed Buffers: Min: 14, Avg: 23.9, Max: 39, Diff: 25, Sum: 191]
      [Scan RS (ms): Min: 0.0, Avg: 0.1, Max: 0.1, Diff: 0.1, Sum: 0.6]
      [Code Root Scanning (ms): Min: 0.0, Avg: 0.0, Max: 0.0, Diff: 0.0, Sum: 0.0]
      [Object Copy (ms): Min: 17.8, Avg: 18.0, Max: 18.1, Diff: 0.3, Sum: 143.9]
      [Termination (ms): Min: 0.0, Avg: 0.0, Max: 0.0, Diff: 0.0, Sum: 0.0]
      [GC Worker Other (ms): Min: 0.0, Avg: 0.0, Max: 0.1, Diff: 0.1, Sum: 0.3]
      [GC Worker Total (ms): Min: 25.1, Avg: 25.1, Max: 25.2, Diff: 0.1, Sum: 201.0]
      [GC Worker End (ms): Min: 1499348576.6, Avg: 1499348576.7, Max: 1499348576.7, Diff: 0.0]
   [Code Root Fixup: 0.3 ms]
   [Code Root Purge: 0.0 ms]
   [Clear CT: 0.3 ms]
   [Other: 1.6 ms]
      [Choose CSet: 0.0 ms]
      [Ref Proc: 0.2 ms]
      [Ref Enq: 0.0 ms]
      [Redirty Cards: 0.1 ms]
      [Humongous Reclaim: 0.0 ms]
      [Free CSet: 0.7 ms]
   [Eden: 2212.0M(2212.0M)->0.0B(2200.0M) Survivors: 36.0M->48.0M Heap: 3563.0M(4500.0M)->1364.0M(4500.0M)]
Heap after GC invocations=32900 (full 0):
 garbage-first heap   total 4608000K, used 1396747K [0x00000006a6c00000, 0x00000006a7002328, 0x00000007c0000000)
  region size 4096K, 12 young (49152K), 12 survivors (49152K)
 Metaspace       used 124692K, capacity 128524K, committed 129664K, reserved 1165312K
  class space    used 13846K, capacity 14512K, committed 14720K, reserved 1048576K
}
 [Times: user=0.17 sys=0.04, real=0.03 secs] 
{Heap before GC invocations=32900 (full 0):
 garbage-first heap   total 4608000K, used 3649547K [0x00000006a6c00000, 0x00000006a7002328, 0x00000007c0000000)
  region size 4096K, 562 young (2301952K), 12 survivors (49152K)
 Metaspace       used 124692K, capacity 128524K, committed 129664K, reserved 1165312K
  class space    used 13846K, capacity 14512K, committed 14720K, reserved 1048576K
2019-04-29T01:02:43.299+0800: 1499372.518: [GC pause (G1 Evacuation Pause) (young)
Desired survivor size 148897792 bytes, new threshold 15 (max 15)
- age   1:   27054168 bytes,   27054168 total
- age   2:    2002504 bytes,   29056672 total
- age   3:     987576 bytes,   30044248 total
- age   4:     269040 bytes,   30313288 total
- age   5:     209808 bytes,   30523096 total
- age   6:     260832 bytes,   30783928 total
- age   7:     318976 bytes,   31102904 total
- age   8:     622736 bytes,   31725640 total
- age   9:     586960 bytes,   32312600 total
- age  10:     623928 bytes,   32936528 total
- age  11:     485032 bytes,   33421560 total
- age  12:     585632 bytes,   34007192 total
- age  13:     440328 bytes,   34447520 total
- age  14:     386552 bytes,   34834072 total
- age  15:     527312 bytes,   35361384 total
 1499372.518: [G1Ergonomics (CSet Construction) start choosing CSet, _pending_cards: 23451, predicted base time: 8.84 ms, remaining time: 51.16 ms, target pause time: 60.00 ms]
 1499372.518: [G1Ergonomics (CSet Construction) add young regions to CSet, eden: 550 regions, survivors: 12 regions, predicted young region time: 173.84 ms]
 1499372.518: [G1Ergonomics (CSet Construction) finish choosing CSet, eden: 550 regions, survivors: 12 regions, old: 0 regions, predicted pause time: 182.69 ms, target pause time: 60.00 ms]
, 0.0212632 secs]
   [Parallel Time: 19.3 ms, GC Workers: 8]
      [GC Worker Start (ms): Min: 1499372518.6, Avg: 1499372518.6, Max: 1499372518.7, Diff: 0.1]
      [Ext Root Scanning (ms): Min: 1.1, Avg: 1.3, Max: 2.0, Diff: 0.9, Sum: 10.3]
      [Update RS (ms): Min: 5.1, Avg: 5.5, Max: 5.9, Diff: 0.8, Sum: 44.4]
         [Processed Buffers: Min: 14, Avg: 23.1, Max: 41, Diff: 27, Sum: 185]
      [Scan RS (ms): Min: 0.0, Avg: 0.1, Max: 0.1, Diff: 0.1, Sum: 0.6]
      [Code Root Scanning (ms): Min: 0.0, Avg: 0.0, Max: 0.0, Diff: 0.0, Sum: 0.0]
      [Object Copy (ms): Min: 12.0, Avg: 12.1, Max: 12.2, Diff: 0.2, Sum: 96.9]
      [Termination (ms): Min: 0.0, Avg: 0.0, Max: 0.0, Diff: 0.0, Sum: 0.0]
      [GC Worker Other (ms): Min: 0.0, Avg: 0.1, Max: 0.2, Diff: 0.2, Sum: 1.0]
      [GC Worker Total (ms): Min: 19.0, Avg: 19.2, Max: 19.3, Diff: 0.2, Sum: 153.3]
      [GC Worker End (ms): Min: 1499372537.7, Avg: 1499372537.8, Max: 1499372537.9, Diff: 0.2]
   [Code Root Fixup: 0.2 ms]
   [Code Root Purge: 0.0 ms]
   [Clear CT: 0.3 ms]
   [Other: 1.4 ms]
      [Choose CSet: 0.0 ms]
      [Ref Proc: 0.2 ms]
      [Ref Enq: 0.0 ms]
      [Redirty Cards: 0.1 ms]
      [Humongous Reclaim: 0.0 ms]
      [Free CSet: 0.6 ms]
   [Eden: 2200.0M(2200.0M)->0.0B(2212.0M) Survivors: 48.0M->36.0M Heap: 3564.0M(4500.0M)->1353.1M(4500.0M)]
Heap after GC invocations=32901 (full 0):
 garbage-first heap   total 4608000K, used 1385576K [0x00000006a6c00000, 0x00000006a7002328, 0x00000007c0000000)
  region size 4096K, 9 young (36864K), 9 survivors (36864K)
 Metaspace       used 124692K, capacity 128524K, committed 129664K, reserved 1165312K
  class space    used 13846K, capacity 14512K, committed 14720K, reserved 1048576K
}
 [Times: user=0.13 sys=0.03, real=0.03 secs] 
{Heap before GC invocations=32901 (full 0):
 garbage-first heap   total 4608000K, used 3650664K [0x00000006a6c00000, 0x00000006a7002328, 0x00000007c0000000)
  region size 4096K, 562 young (2301952K), 9 survivors (36864K)
 Metaspace       used 124692K, capacity 128524K, committed 129664K, reserved 1165312K
  class space    used 13846K, capacity 14512K, committed 14720K, reserved 1048576K
2019-04-29T01:03:05.437+0800: 1499394.656: [GC pause (G1 Evacuation Pause) (young)
Desired survivor size 148897792 bytes, new threshold 15 (max 15)
- age   1:   17403744 bytes,   17403744 total
- age   2:    1454736 bytes,   18858480 total
- age   3:    1249776 bytes,   20108256 total
- age   4:     127360 bytes,   20235616 total
- age   5:     268240 bytes,   20503856 total
- age   6:     209520 bytes,   20713376 total
- age   7:     259936 bytes,   20973312 total
- age   8:     317520 bytes,   21290832 total
- age   9:     622736 bytes,   21913568 total
- age  10:     586848 bytes,   22500416 total
- age  11:     623816 bytes,   23124232 total
- age  12:     484920 bytes,   23609152 total
- age  13:     585632 bytes,   24194784 total
- age  14:     440328 bytes,   24635112 total
- age  15:     386440 bytes,   25021552 total
 1499394.656: [G1Ergonomics (CSet Construction) start choosing CSet, _pending_cards: 22424, predicted base time: 8.45 ms, remaining time: 51.55 ms, target pause time: 60.00 ms]
 1499394.656: [G1Ergonomics (CSet Construction) add young regions to CSet, eden: 553 regions, survivors: 9 regions, predicted young region time: 135.01 ms]
 1499394.656: [G1Ergonomics (CSet Construction) finish choosing CSet, eden: 553 regions, survivors: 9 regions, old: 0 regions, predicted pause time: 143.46 ms, target pause time: 60.00 ms]
, 0.0206046 secs]
   [Parallel Time: 18.6 ms, GC Workers: 8]
      [GC Worker Start (ms): Min: 1499394656.5, Avg: 1499394656.5, Max: 1499394656.6, Diff: 0.1]
      [Ext Root Scanning (ms): Min: 1.0, Avg: 1.3, Max: 2.1, Diff: 1.1, Sum: 10.3]
      [Update RS (ms): Min: 4.7, Avg: 5.4, Max: 5.8, Diff: 1.1, Sum: 43.5]
         [Processed Buffers: Min: 12, Avg: 22.9, Max: 38, Diff: 26, Sum: 183]
      [Scan RS (ms): Min: 0.0, Avg: 0.1, Max: 0.1, Diff: 0.1, Sum: 0.6]
      [Code Root Scanning (ms): Min: 0.0, Avg: 0.0, Max: 0.0, Diff: 0.0, Sum: 0.0]
      [Object Copy (ms): Min: 11.5, Avg: 11.6, Max: 11.7, Diff: 0.2, Sum: 92.8]
      [Termination (ms): Min: 0.0, Avg: 0.0, Max: 0.0, Diff: 0.0, Sum: 0.0]
      [GC Worker Other (ms): Min: 0.0, Avg: 0.1, Max: 0.1, Diff: 0.1, Sum: 0.4]
      [GC Worker Total (ms): Min: 18.4, Avg: 18.5, Max: 18.5, Diff: 0.0, Sum: 147.7]
      [GC Worker End (ms): Min: 1499394674.9, Avg: 1499394675.0, Max: 1499394675.0, Diff: 0.1]
   [Code Root Fixup: 0.3 ms]
   [Code Root Purge: 0.0 ms]
   [Clear CT: 0.3 ms]
   [Other: 1.5 ms]
      [Choose CSet: 0.0 ms]
      [Ref Proc: 0.2 ms]
      [Ref Enq: 0.0 ms]
      [Redirty Cards: 0.1 ms]
      [Humongous Reclaim: 0.0 ms]
      [Free CSet: 0.6 ms]
   [Eden: 2212.0M(2212.0M)->0.0B(2212.0M) Survivors: 36.0M->36.0M Heap: 3565.1M(4500.0M)->1353.7M(4500.0M)]
Heap after GC invocations=32902 (full 0):
 garbage-first heap   total 4608000K, used 1386184K [0x00000006a6c00000, 0x00000006a7002328, 0x00000007c0000000)
  region size 4096K, 9 young (36864K), 9 survivors (36864K)
 Metaspace       used 124692K, capacity 128524K, committed 129664K, reserved 1165312K
  class space    used 13846K, capacity 14512K, committed 14720K, reserved 1048576K
}
 [Times: user=0.12 sys=0.03, real=0.02 secs] 
{Heap before GC invocations=32902 (full 0):
 garbage-first heap   total 4608000K, used 3651272K [0x00000006a6c00000, 0x00000006a7002328, 0x00000007c0000000)
  region size 4096K, 562 young (2301952K), 9 survivors (36864K)
 Metaspace       used 124692K, capacity 128524K, committed 129664K, reserved 1165312K
  class space    used 13846K, capacity 14512K, committed 14720K, reserved 1048576K
2019-04-29T01:03:28.955+0800: 1499418.173: [GC pause (G1 Evacuation Pause) (young)
Desired survivor size 148897792 bytes, new threshold 15 (max 15)
- age   1:   17250000 bytes,   17250000 total
- age   2:    1733392 bytes,   18983392 total
- age   3:     930072 bytes,   19913464 total
- age   4:     245912 bytes,   20159376 total
- age   5:     126912 bytes,   20286288 total
- age   6:     249152 bytes,   20535440 total
- age   7:     206904 bytes,   20742344 total
- age   8:     255960 bytes,   20998304 total
- age   9:     317440 bytes,   21315744 total
- age  10:     622736 bytes,   21938480 total
- age  11:     586848 bytes,   22525328 total
- age  12:     623704 bytes,   23149032 total
- age  13:     484808 bytes,   23633840 total
- age  14:     585632 bytes,   24219472 total
- age  15:     440328 bytes,   24659800 total
 1499418.174: [G1Ergonomics (CSet Construction) start choosing CSet, _pending_cards: 22407, predicted base time: 8.36 ms, remaining time: 51.64 ms, target pause time: 60.00 ms]
 1499418.174: [G1Ergonomics (CSet Construction) add young regions to CSet, eden: 553 regions, survivors: 9 regions, predicted young region time: 130.72 ms]
 1499418.174: [G1Ergonomics (CSet Construction) finish choosing CSet, eden: 553 regions, survivors: 9 regions, old: 0 regions, predicted pause time: 139.08 ms, target pause time: 60.00 ms]
, 0.0201624 secs]
   [Parallel Time: 18.2 ms, GC Workers: 8]
      [GC Worker Start (ms): Min: 1499418173.7, Avg: 1499418173.8, Max: 1499418173.8, Diff: 0.1]
      [Ext Root Scanning (ms): Min: 1.2, Avg: 1.7, Max: 4.6, Diff: 3.4, Sum: 13.5]
      [Update RS (ms): Min: 2.7, Avg: 5.4, Max: 6.0, Diff: 3.4, Sum: 43.4]
         [Processed Buffers: Min: 14, Avg: 22.6, Max: 32, Diff: 18, Sum: 181]
      [Scan RS (ms): Min: 0.0, Avg: 0.1, Max: 0.1, Diff: 0.1, Sum: 0.6]
      [Code Root Scanning (ms): Min: 0.0, Avg: 0.0, Max: 0.0, Diff: 0.0, Sum: 0.0]
      [Object Copy (ms): Min: 10.7, Avg: 10.8, Max: 10.9, Diff: 0.2, Sum: 86.5]
      [Termination (ms): Min: 0.0, Avg: 0.0, Max: 0.0, Diff: 0.0, Sum: 0.0]
      [GC Worker Other (ms): Min: 0.0, Avg: 0.0, Max: 0.1, Diff: 0.1, Sum: 0.4]
      [GC Worker Total (ms): Min: 18.0, Avg: 18.1, Max: 18.1, Diff: 0.1, Sum: 144.4]
      [GC Worker End (ms): Min: 1499418191.8, Avg: 1499418191.8, Max: 1499418191.9, Diff: 0.1]
   [Code Root Fixup: 0.2 ms]
   [Code Root Purge: 0.0 ms]
   [Clear CT: 0.3 ms]
   [Other: 1.5 ms]
      [Choose CSet: 0.0 ms]
      [Ref Proc: 0.2 ms]
      [Ref Enq: 0.0 ms]
      [Redirty Cards: 0.1 ms]
      [Humongous Reclaim: 0.0 ms]
      [Free CSet: 0.6 ms]
   [Eden: 2212.0M(2212.0M)->0.0B(2212.0M) Survivors: 36.0M->36.0M Heap: 3565.7M(4500.0M)->1354.4M(4500.0M)]
Heap after GC invocations=32903 (full 0):
 garbage-first heap   total 4608000K, used 1386877K [0x00000006a6c00000, 0x00000006a7002328, 0x00000007c0000000)
  region size 4096K, 9 young (36864K), 9 survivors (36864K)
 Metaspace       used 124692K, capacity 128524K, committed 129664K, reserved 1165312K
  class space    used 13846K, capacity 14512K, committed 14720K, reserved 1048576K
}
 [Times: user=0.11 sys=0.03, real=0.02 secs] 
{Heap before GC invocations=32903 (full 0):
 garbage-first heap   total 4608000K, used 3651965K [0x00000006a6c00000, 0x00000006a7002328, 0x00000007c0000000)
  region size 4096K, 562 young (2301952K), 9 survivors (36864K)
 Metaspace       used 124692K, capacity 128524K, committed 129664K, reserved 1165312K
  class space    used 13846K, capacity 14512K, committed 14720K, reserved 1048576K
2019-04-29T01:03:53.097+0800: 1499442.316: [GC pause (G1 Evacuation Pause) (young)
Desired survivor size 148897792 bytes, new threshold 15 (max 15)
- age   1:   15865816 bytes,   15865816 total
- age   2:    1658072 bytes,   17523888 total
- age   3:     972176 bytes,   18496064 total
- age   4:     103184 bytes,   18599248 total
- age   5:     245352 bytes,   18844600 total
- age   6:     126784 bytes,   18971384 total
- age   7:     248704 bytes,   19220088 total
- age   8:     206632 bytes,   19426720 total
- age   9:     254456 bytes,   19681176 total
- age  10:     317440 bytes,   19998616 total
- age  11:     622736 bytes,   20621352 total
- age  12:     586848 bytes,   21208200 total
- age  13:     623704 bytes,   21831904 total
- age  14:     484808 bytes,   22316712 total
- age  15:     585632 bytes,   22902344 total
 1499442.316: [G1Ergonomics (CSet Construction) start choosing CSet, _pending_cards: 22260, predicted base time: 8.38 ms, remaining time: 51.62 ms, target pause time: 60.00 ms]
 1499442.316: [G1Ergonomics (CSet Construction) add young regions to CSet, eden: 553 regions, survivors: 9 regions, predicted young region time: 100.77 ms]
 1499442.316: [G1Ergonomics (CSet Construction) finish choosing CSet, eden: 553 regions, survivors: 9 regions, old: 0 regions, predicted pause time: 109.14 ms, target pause time: 60.00 ms]
, 0.0194526 secs]
   [Parallel Time: 17.5 ms, GC Workers: 8]
      [GC Worker Start (ms): Min: 1499442316.4, Avg: 1499442316.4, Max: 1499442316.5, Diff: 0.1]
      [Ext Root Scanning (ms): Min: 1.2, Avg: 1.4, Max: 2.3, Diff: 1.1, Sum: 11.4]
      [Update RS (ms): Min: 4.4, Avg: 5.2, Max: 5.7, Diff: 1.2, Sum: 42.0]
         [Processed Buffers: Min: 16, Avg: 23.4, Max: 30, Diff: 14, Sum: 187]
      [Scan RS (ms): Min: 0.0, Avg: 0.1, Max: 0.2, Diff: 0.1, Sum: 0.8]
      [Code Root Scanning (ms): Min: 0.0, Avg: 0.0, Max: 0.0, Diff: 0.0, Sum: 0.0]
      [Object Copy (ms): Min: 10.4, Avg: 10.5, Max: 10.6, Diff: 0.2, Sum: 84.3]
      [Termination (ms): Min: 0.0, Avg: 0.0, Max: 0.0, Diff: 0.0, Sum: 0.0]
      [GC Worker Other (ms): Min: 0.0, Avg: 0.0, Max: 0.1, Diff: 0.1, Sum: 0.3]
      [GC Worker Total (ms): Min: 17.3, Avg: 17.4, Max: 17.4, Diff: 0.1, Sum: 138.8]
      [GC Worker End (ms): Min: 1499442333.8, Avg: 1499442333.8, Max: 1499442333.8, Diff: 0.0]
   [Code Root Fixup: 0.2 ms]
   [Code Root Purge: 0.0 ms]
   [Clear CT: 0.3 ms]
   [Other: 1.5 ms]
      [Choose CSet: 0.0 ms]
      [Ref Proc: 0.2 ms]
      [Ref Enq: 0.0 ms]
      [Redirty Cards: 0.1 ms]
      [Humongous Reclaim: 0.0 ms]
      [Free CSet: 0.6 ms]
   [Eden: 2212.0M(2212.0M)->0.0B(2212.0M) Survivors: 36.0M->36.0M Heap: 3566.4M(4500.0M)->1355.2M(4500.0M)]
Heap after GC invocations=32904 (full 0):
 garbage-first heap   total 4608000K, used 1387707K [0x00000006a6c00000, 0x00000006a7002328, 0x00000007c0000000)
  region size 4096K, 9 young (36864K), 9 survivors (36864K)
 Metaspace       used 124692K, capacity 128524K, committed 129664K, reserved 1165312K
  class space    used 13846K, capacity 14512K, committed 14720K, reserved 1048576K
}
 [Times: user=0.14 sys=0.00, real=0.02 secs] 
{Heap before GC invocations=32904 (full 0):
 garbage-first heap   total 4608000K, used 3652795K [0x00000006a6c00000, 0x00000006a7002328, 0x00000007c0000000)
  region size 4096K, 562 young (2301952K), 9 survivors (36864K)
 Metaspace       used 124692K, capacity 128524K, committed 129664K, reserved 1165312K
  class space    used 13846K, capacity 14512K, committed 14720K, reserved 1048576K
2019-04-29T01:04:21.069+0800: 1499470.288: [GC pause (G1 Evacuation Pause) (young)
Desired survivor size 148897792 bytes, new threshold 15 (max 15)
- age   1:   16030480 bytes,   16030480 total
- age   2:    1686088 bytes,   17716568 total
- age   3:     979720 bytes,   18696288 total
- age   4:     162216 bytes,   18858504 total
- age   5:      95104 bytes,   18953608 total
- age   6:     243344 bytes,   19196952 total
- age   7:     126272 bytes,   19323224 total
- age   8:     248592 bytes,   19571816 total
- age   9:     206600 bytes,   19778416 total
- age  10:     254456 bytes,   20032872 total
- age  11:     315760 bytes,   20348632 total
- age  12:     622736 bytes,   20971368 total
- age  13:     586848 bytes,   21558216 total
- age  14:     623704 bytes,   22181920 total
- age  15:     484808 bytes,   22666728 total
 1499470.288: [G1Ergonomics (CSet Construction) start choosing CSet, _pending_cards: 22498, predicted base time: 8.34 ms, remaining time: 51.66 ms, target pause time: 60.00 ms]
 1499470.288: [G1Ergonomics (CSet Construction) add young regions to CSet, eden: 553 regions, survivors: 9 regions, predicted young region time: 77.27 ms]
 1499470.288: [G1Ergonomics (CSet Construction) finish choosing CSet, eden: 553 regions, survivors: 9 regions, old: 0 regions, predicted pause time: 85.61 ms, target pause time: 60.00 ms]
, 0.0211625 secs]
   [Parallel Time: 18.9 ms, GC Workers: 8]
      [GC Worker Start (ms): Min: 1499470288.7, Avg: 1499470288.7, Max: 1499470288.8, Diff: 0.1]
      [Ext Root Scanning (ms): Min: 1.2, Avg: 1.5, Max: 2.2, Diff: 1.0, Sum: 12.0]
      [Update RS (ms): Min: 5.5, Avg: 6.0, Max: 6.3, Diff: 0.8, Sum: 48.2]
         [Processed Buffers: Min: 15, Avg: 22.6, Max: 38, Diff: 23, Sum: 181]
      [Scan RS (ms): Min: 0.0, Avg: 0.1, Max: 0.1, Diff: 0.1, Sum: 0.7]
      [Code Root Scanning (ms): Min: 0.0, Avg: 0.0, Max: 0.0, Diff: 0.0, Sum: 0.0]
      [Object Copy (ms): Min: 10.9, Avg: 11.1, Max: 11.1, Diff: 0.2, Sum: 88.6]
      [Termination (ms): Min: 0.0, Avg: 0.0, Max: 0.0, Diff: 0.0, Sum: 0.0]
      [GC Worker Other (ms): Min: 0.0, Avg: 0.1, Max: 0.1, Diff: 0.1, Sum: 0.4]
      [GC Worker Total (ms): Min: 18.7, Avg: 18.7, Max: 18.8, Diff: 0.1, Sum: 149.9]
      [GC Worker End (ms): Min: 1499470307.5, Avg: 1499470307.5, Max: 1499470307.5, Diff: 0.0]
   [Code Root Fixup: 0.3 ms]
   [Code Root Purge: 0.0 ms]
   [Clear CT: 0.2 ms]
   [Other: 1.8 ms]
      [Choose CSet: 0.0 ms]
      [Ref Proc: 0.2 ms]
      [Ref Enq: 0.0 ms]
      [Redirty Cards: 0.1 ms]
      [Humongous Reclaim: 0.0 ms]
      [Free CSet: 0.9 ms]
   [Eden: 2212.0M(2212.0M)->0.0B(2212.0M) Survivors: 36.0M->36.0M Heap: 3567.2M(4500.0M)->1356.0M(4500.0M)]
Heap after GC invocations=32905 (full 0):
 garbage-first heap   total 4608000K, used 1388571K [0x00000006a6c00000, 0x00000006a7002328, 0x00000007c0000000)
  region size 4096K, 9 young (36864K), 9 survivors (36864K)
 Metaspace       used 124692K, capacity 128524K, committed 129664K, reserved 1165312K
  class space    used 13846K, capacity 14512K, committed 14720K, reserved 1048576K
}
 [Times: user=0.11 sys=0.04, real=0.03 secs] 
{Heap before GC invocations=32905 (full 0):
 garbage-first heap   total 4608000K, used 3653659K [0x00000006a6c00000, 0x00000006a7002328, 0x00000007c0000000)
  region size 4096K, 562 young (2301952K), 9 survivors (36864K)
 Metaspace       used 124692K, capacity 128524K, committed 129664K, reserved 1165312K
  class space    used 13846K, capacity 14512K, committed 14720K, reserved 1048576K
2019-04-29T01:04:44.875+0800: 1499494.093: [GC pause (G1 Evacuation Pause) (young)
Desired survivor size 148897792 bytes, new threshold 15 (max 15)
- age   1:   16633632 bytes,   16633632 total
- age   2:    2522792 bytes,   19156424 total
- age   3:     540416 bytes,   19696840 total
- age   4:     172984 bytes,   19869824 total
- age   5:     161176 bytes,   20031000 total
- age   6:      94704 bytes,   20125704 total
- age   7:     242464 bytes,   20368168 total
- age   8:     125208 bytes,   20493376 total
- age   9:     247904 bytes,   20741280 total
- age  10:     206488 bytes,   20947768 total
- age  11:     254344 bytes,   21202112 total
- age  12:     315760 bytes,   21517872 total
- age  13:     622736 bytes,   22140608 total
- age  14:     586848 bytes,   22727456 total
- age  15:     623704 bytes,   23351160 total
 1499494.094: [G1Ergonomics (CSet Construction) start choosing CSet, _pending_cards: 22078, predicted base time: 8.50 ms, remaining time: 51.50 ms, target pause time: 60.00 ms]
 1499494.094: [G1Ergonomics (CSet Construction) add young regions to CSet, eden: 553 regions, survivors: 9 regions, predicted young region time: 60.71 ms]
 1499494.094: [G1Ergonomics (CSet Construction) finish choosing CSet, eden: 553 regions, survivors: 9 regions, old: 0 regions, predicted pause time: 69.21 ms, target pause time: 60.00 ms]
, 0.0189811 secs]
   [Parallel Time: 17.0 ms, GC Workers: 8]
      [GC Worker Start (ms): Min: 1499494093.8, Avg: 1499494093.8, Max: 1499494093.9, Diff: 0.1]
      [Ext Root Scanning (ms): Min: 1.1, Avg: 1.3, Max: 2.1, Diff: 1.0, Sum: 10.6]
      [Update RS (ms): Min: 5.0, Avg: 5.4, Max: 5.7, Diff: 0.7, Sum: 43.2]
         [Processed Buffers: Min: 16, Avg: 22.6, Max: 31, Diff: 15, Sum: 181]
      [Scan RS (ms): Min: 0.0, Avg: 0.1, Max: 0.1, Diff: 0.1, Sum: 0.6]
      [Code Root Scanning (ms): Min: 0.0, Avg: 0.0, Max: 0.0, Diff: 0.0, Sum: 0.0]
      [Object Copy (ms): Min: 9.8, Avg: 10.1, Max: 10.2, Diff: 0.3, Sum: 80.5]
      [Termination (ms): Min: 0.0, Avg: 0.0, Max: 0.0, Diff: 0.0, Sum: 0.0]
      [GC Worker Other (ms): Min: 0.0, Avg: 0.0, Max: 0.1, Diff: 0.1, Sum: 0.3]
      [GC Worker Total (ms): Min: 16.9, Avg: 16.9, Max: 17.0, Diff: 0.1, Sum: 135.3]
      [GC Worker End (ms): Min: 1499494110.7, Avg: 1499494110.7, Max: 1499494110.8, Diff: 0.1]
   [Code Root Fixup: 0.2 ms]
   [Code Root Purge: 0.0 ms]
   [Clear CT: 0.2 ms]
   [Other: 1.5 ms]
      [Choose CSet: 0.0 ms]
      [Ref Proc: 0.3 ms]
      [Ref Enq: 0.0 ms]
      [Redirty Cards: 0.1 ms]
      [Humongous Reclaim: 0.0 ms]
      [Free CSet: 0.6 ms]
   [Eden: 2212.0M(2212.0M)->0.0B(2212.0M) Survivors: 36.0M->36.0M Heap: 3568.0M(4500.0M)->1356.8M(4500.0M)]
Heap after GC invocations=32906 (full 0):
 garbage-first heap   total 4608000K, used 1389384K [0x00000006a6c00000, 0x00000006a7002328, 0x00000007c0000000)
  region size 4096K, 9 young (36864K), 9 survivors (36864K)
 Metaspace       used 124692K, capacity 128524K, committed 129664K, reserved 1165312K
  class space    used 13846K, capacity 14512K, committed 14720K, reserved 1048576K
}
 [Times: user=0.11 sys=0.02, real=0.02 secs] 
{Heap before GC invocations=32906 (full 0):
 garbage-first heap   total 4608000K, used 3654472K [0x00000006a6c00000, 0x00000006a7002328, 0x00000007c0000000)
  region size 4096K, 562 young (2301952K), 9 survivors (36864K)
 Metaspace       used 124692K, capacity 128524K, committed 129664K, reserved 1165312K
  class space    used 13846K, capacity 14512K, committed 14720K, reserved 1048576K
2019-04-29T01:05:05.261+0800: 1499514.480: [GC pause (G1 Evacuation Pause) (young)
Desired survivor size 148897792 bytes, new threshold 15 (max 15)
- age   1:   15970544 bytes,   15970544 total
- age   2:    1984672 bytes,   17955216 total
- age   3:     621120 bytes,   18576336 total
- age   4:      98200 bytes,   18674536 total
- age   5:     172360 bytes,   18846896 total
- age   6:     160392 bytes,   19007288 total
- age   7:      92872 bytes,   19100160 total
- age   8:     242240 bytes,   19342400 total
- age   9:     124960 bytes,   19467360 total
- age  10:     247904 bytes,   19715264 total
- age  11:     206488 bytes,   19921752 total
- age  12:     254120 bytes,   20175872 total
- age  13:     315760 bytes,   20491632 total
- age  14:     622736 bytes,   21114368 total
- age  15:     586848 bytes,   21701216 total
 1499514.480: [G1Ergonomics (CSet Construction) start choosing CSet, _pending_cards: 21701, predicted base time: 8.30 ms, remaining time: 51.70 ms, target pause time: 60.00 ms]
 1499514.480: [G1Ergonomics (CSet Construction) add young regions to CSet, eden: 553 regions, survivors: 9 regions, predicted young region time: 59.55 ms]
 1499514.480: [G1Ergonomics (CSet Construction) finish choosing CSet, eden: 553 regions, survivors: 9 regions, old: 0 regions, predicted pause time: 67.84 ms, target pause time: 60.00 ms]
, 0.0187025 secs]
   [Parallel Time: 16.8 ms, GC Workers: 8]
      [GC Worker Start (ms): Min: 1499514480.5, Avg: 1499514480.5, Max: 1499514480.6, Diff: 0.1]
      [Ext Root Scanning (ms): Min: 1.0, Avg: 1.3, Max: 2.1, Diff: 1.1, Sum: 10.2]
      [Update RS (ms): Min: 4.6, Avg: 5.4, Max: 5.7, Diff: 1.1, Sum: 43.1]
         [Processed Buffers: Min: 12, Avg: 22.5, Max: 35, Diff: 23, Sum: 180]
      [Scan RS (ms): Min: 0.0, Avg: 0.1, Max: 0.1, Diff: 0.1, Sum: 0.7]
      [Code Root Scanning (ms): Min: 0.0, Avg: 0.0, Max: 0.0, Diff: 0.0, Sum: 0.0]
      [Object Copy (ms): Min: 9.8, Avg: 9.9, Max: 10.0, Diff: 0.2, Sum: 79.1]
      [Termination (ms): Min: 0.0, Avg: 0.0, Max: 0.0, Diff: 0.0, Sum: 0.0]
      [GC Worker Other (ms): Min: 0.0, Avg: 0.1, Max: 0.1, Diff: 0.1, Sum: 0.4]
      [GC Worker Total (ms): Min: 16.7, Avg: 16.7, Max: 16.7, Diff: 0.1, Sum: 133.6]
      [GC Worker End (ms): Min: 1499514497.2, Avg: 1499514497.2, Max: 1499514497.2, Diff: 0.1]
   [Code Root Fixup: 0.2 ms]
   [Code Root Purge: 0.0 ms]
   [Clear CT: 0.3 ms]
   [Other: 1.4 ms]
      [Choose CSet: 0.0 ms]
      [Ref Proc: 0.2 ms]
      [Ref Enq: 0.0 ms]
      [Redirty Cards: 0.1 ms]
      [Humongous Reclaim: 0.0 ms]
      [Free CSet: 0.6 ms]
   [Eden: 2212.0M(2212.0M)->0.0B(2212.0M) Survivors: 36.0M->36.0M Heap: 3568.8M(4500.0M)->1357.8M(4500.0M)]
Heap after GC invocations=32907 (full 0):
 garbage-first heap   total 4608000K, used 1390387K [0x00000006a6c00000, 0x00000006a7002328, 0x00000007c0000000)
  region size 4096K, 9 young (36864K), 9 survivors (36864K)
 Metaspace       used 124692K, capacity 128524K, committed 129664K, reserved 1165312K
  class space    used 13846K, capacity 14512K, committed 14720K, reserved 1048576K
}
 [Times: user=0.11 sys=0.03, real=0.02 secs] 
{Heap before GC invocations=32907 (full 0):
 garbage-first heap   total 4608000K, used 3655475K [0x00000006a6c00000, 0x00000006a7002328, 0x00000007c0000000)
  region size 4096K, 562 young (2301952K), 9 survivors (36864K)
 Metaspace       used 124692K, capacity 128524K, committed 129664K, reserved 1165312K
  class space    used 13846K, capacity 14512K, committed 14720K, reserved 1048576K
2019-04-29T01:05:34.427+0800: 1499543.646: [GC pause (G1 Evacuation Pause) (young)
Desired survivor size 148897792 bytes, new threshold 15 (max 15)
- age   1:   16156576 bytes,   16156576 total
- age   2:    1650768 bytes,   17807344 total
- age   3:    1131304 bytes,   18938648 total
- age   4:     157240 bytes,   19095888 total
- age   5:      97080 bytes,   19192968 total
- age   6:     172008 bytes,   19364976 total
- age   7:     159512 bytes,   19524488 total
- age   8:      91896 bytes,   19616384 total
- age   9:     242240 bytes,   19858624 total
- age  10:     124960 bytes,   19983584 total
- age  11:     247904 bytes,   20231488 total
- age  12:     206488 bytes,   20437976 total
- age  13:     254120 bytes,   20692096 total
- age  14:     315760 bytes,   21007856 total
- age  15:     622736 bytes,   21630592 total
 1499543.646: [G1Ergonomics (CSet Construction) start choosing CSet, _pending_cards: 22780, predicted base time: 8.49 ms, remaining time: 51.51 ms, target pause time: 60.00 ms]
 1499543.646: [G1Ergonomics (CSet Construction) add young regions to CSet, eden: 553 regions, survivors: 9 regions, predicted young region time: 54.05 ms]
 1499543.646: [G1Ergonomics (CSet Construction) finish choosing CSet, eden: 553 regions, survivors: 9 regions, old: 0 regions, predicted pause time: 62.54 ms, target pause time: 60.00 ms]
, 0.0194421 secs]
   [Parallel Time: 17.5 ms, GC Workers: 8]
      [GC Worker Start (ms): Min: 1499543646.5, Avg: 1499543646.6, Max: 1499543646.6, Diff: 0.1]
      [Ext Root Scanning (ms): Min: 1.0, Avg: 1.6, Max: 4.4, Diff: 3.3, Sum: 12.4]
      [Update RS (ms): Min: 2.7, Avg: 5.4, Max: 5.9, Diff: 3.2, Sum: 43.4]
         [Processed Buffers: Min: 14, Avg: 22.8, Max: 37, Diff: 23, Sum: 182]
      [Scan RS (ms): Min: 0.0, Avg: 0.1, Max: 0.1, Diff: 0.1, Sum: 0.6]
      [Code Root Scanning (ms): Min: 0.0, Avg: 0.0, Max: 0.0, Diff: 0.0, Sum: 0.0]
      [Object Copy (ms): Min: 10.1, Avg: 10.3, Max: 10.3, Diff: 0.3, Sum: 82.1]
      [Termination (ms): Min: 0.0, Avg: 0.0, Max: 0.0, Diff: 0.0, Sum: 0.0]
      [GC Worker Other (ms): Min: 0.0, Avg: 0.0, Max: 0.1, Diff: 0.1, Sum: 0.3]
      [GC Worker Total (ms): Min: 17.3, Avg: 17.4, Max: 17.4, Diff: 0.1, Sum: 138.8]
      [GC Worker End (ms): Min: 1499543663.9, Avg: 1499543663.9, Max: 1499543663.9, Diff: 0.1]
   [Code Root Fixup: 0.2 ms]
   [Code Root Purge: 0.0 ms]
   [Clear CT: 0.3 ms]
   [Other: 1.5 ms]
      [Choose CSet: 0.0 ms]
      [Ref Proc: 0.2 ms]
      [Ref Enq: 0.0 ms]
      [Redirty Cards: 0.1 ms]
      [Humongous Reclaim: 0.0 ms]
      [Free CSet: 0.6 ms]
   [Eden: 2212.0M(2212.0M)->0.0B(2216.0M) Survivors: 36.0M->32.0M Heap: 3569.8M(4500.0M)->1356.7M(4500.0M)]
Heap after GC invocations=32908 (full 0):
 garbage-first heap   total 4608000K, used 1389210K [0x00000006a6c00000, 0x00000006a7002328, 0x00000007c0000000)
  region size 4096K, 8 young (32768K), 8 survivors (32768K)
 Metaspace       used 124692K, capacity 128524K, committed 129664K, reserved 1165312K
  class space    used 13846K, capacity 14512K, committed 14720K, reserved 1048576K
}
 [Times: user=0.12 sys=0.03, real=0.02 secs] 
{Heap before GC invocations=32908 (full 0):
 garbage-first heap   total 4608000K, used 3658394K [0x00000006a6c00000, 0x00000006a7002328, 0x00000007c0000000)
  region size 4096K, 562 young (2301952K), 8 survivors (32768K)
 Metaspace       used 124692K, capacity 128524K, committed 129664K, reserved 1165312K
  class space    used 13846K, capacity 14512K, committed 14720K, reserved 1048576K
2019-04-29T01:05:55.531+0800: 1499564.750: [GC pause (G1 Evacuation Pause) (young)
Desired survivor size 148897792 bytes, new threshold 15 (max 15)
- age   1:   16617584 bytes,   16617584 total
- age   2:    2183192 bytes,   18800776 total
- age   3:     702680 bytes,   19503456 total
- age   4:     110896 bytes,   19614352 total
- age   5:     150208 bytes,   19764560 total
- age   6:      95856 bytes,   19860416 total
- age   7:     170112 bytes,   20030528 total
- age   8:     159104 bytes,   20189632 total
- age   9:      91680 bytes,   20281312 total
- age  10:     242240 bytes,   20523552 total
- age  11:     124960 bytes,   20648512 total
- age  12:     247904 bytes,   20896416 total
- age  13:     199360 bytes,   21095776 total
- age  14:     217560 bytes,   21313336 total
- age  15:     315760 bytes,   21629096 total
 1499564.750: [G1Ergonomics (CSet Construction) start choosing CSet, _pending_cards: 21649, predicted base time: 8.19 ms, remaining time: 51.81 ms, target pause time: 60.00 ms]
 1499564.750: [G1Ergonomics (CSet Construction) add young regions to CSet, eden: 554 regions, survivors: 8 regions, predicted young region time: 58.20 ms]
 1499564.750: [G1Ergonomics (CSet Construction) finish choosing CSet, eden: 554 regions, survivors: 8 regions, old: 0 regions, predicted pause time: 66.39 ms, target pause time: 60.00 ms]
, 0.0190481 secs]
   [Parallel Time: 16.9 ms, GC Workers: 8]
      [GC Worker Start (ms): Min: 1499564750.6, Avg: 1499564750.7, Max: 1499564750.7, Diff: 0.1]
      [Ext Root Scanning (ms): Min: 1.1, Avg: 1.4, Max: 2.2, Diff: 1.1, Sum: 11.4]
      [Update RS (ms): Min: 5.0, Avg: 5.8, Max: 6.1, Diff: 1.1, Sum: 46.2]
         [Processed Buffers: Min: 17, Avg: 22.8, Max: 36, Diff: 19, Sum: 182]
      [Scan RS (ms): Min: 0.0, Avg: 0.1, Max: 0.1, Diff: 0.1, Sum: 0.7]
      [Code Root Scanning (ms): Min: 0.0, Avg: 0.0, Max: 0.0, Diff: 0.0, Sum: 0.0]
      [Object Copy (ms): Min: 9.4, Avg: 9.5, Max: 9.5, Diff: 0.2, Sum: 75.6]
      [Termination (ms): Min: 0.0, Avg: 0.0, Max: 0.0, Diff: 0.0, Sum: 0.0]
      [GC Worker Other (ms): Min: 0.0, Avg: 0.1, Max: 0.1, Diff: 0.0, Sum: 0.5]
      [GC Worker Total (ms): Min: 16.8, Avg: 16.8, Max: 16.9, Diff: 0.1, Sum: 134.5]
      [GC Worker End (ms): Min: 1499564767.4, Avg: 1499564767.5, Max: 1499564767.5, Diff: 0.1]
   [Code Root Fixup: 0.2 ms]
   [Code Root Purge: 0.0 ms]
   [Clear CT: 0.3 ms]
   [Other: 1.7 ms]
      [Choose CSet: 0.0 ms]
      [Ref Proc: 0.3 ms]
      [Ref Enq: 0.0 ms]
      [Redirty Cards: 0.1 ms]
      [Humongous Reclaim: 0.0 ms]
      [Free CSet: 0.7 ms]
   [Eden: 2216.0M(2216.0M)->0.0B(2212.0M) Survivors: 32.0M->36.0M Heap: 3572.7M(4500.0M)->1359.4M(4500.0M)]
Heap after GC invocations=32909 (full 0):
 garbage-first heap   total 4608000K, used 1392006K [0x00000006a6c00000, 0x00000006a7002328, 0x00000007c0000000)
  region size 4096K, 9 young (36864K), 9 survivors (36864K)
 Metaspace       used 124692K, capacity 128524K, committed 129664K, reserved 1165312K
  class space    used 13846K, capacity 14512K, committed 14720K, reserved 1048576K
}
 [Times: user=0.10 sys=0.03, real=0.02 secs] 
{Heap before GC invocations=32909 (full 0):
 garbage-first heap   total 4608000K, used 3657094K [0x00000006a6c00000, 0x00000006a7002328, 0x00000007c0000000)
  region size 4096K, 562 young (2301952K), 9 survivors (36864K)
 Metaspace       used 124692K, capacity 128524K, committed 129664K, reserved 1165312K
  class space    used 13846K, capacity 14512K, committed 14720K, reserved 1048576K
2019-04-29T01:06:20.367+0800: 1499589.586: [GC pause (G1 Evacuation Pause) (young)
Desired survivor size 148897792 bytes, new threshold 15 (max 15)
- age   1:   15967024 bytes,   15967024 total
- age   2:    2117232 bytes,   18084256 total
- age   3:     752072 bytes,   18836328 total
- age   4:     121504 bytes,   18957832 total
- age   5:     110376 bytes,   19068208 total
- age   6:     100528 bytes,   19168736 total
- age   7:      93968 bytes,   19262704 total
- age   8:     167592 bytes,   19430296 total
- age   9:     159032 bytes,   19589328 total
- age  10:      91464 bytes,   19680792 total
- age  11:     242168 bytes,   19922960 total
- age  12:     124960 bytes,   20047920 total
- age  13:     247688 bytes,   20295608 total
- age  14:     198552 bytes,   20494160 total
- age  15:     212120 bytes,   20706280 total
 1499589.586: [G1Ergonomics (CSet Construction) start choosing CSet, _pending_cards: 21229, predicted base time: 8.26 ms, remaining time: 51.74 ms, target pause time: 60.00 ms]
 1499589.586: [G1Ergonomics (CSet Construction) add young regions to CSet, eden: 553 regions, survivors: 9 regions, predicted young region time: 45.09 ms]
 1499589.586: [G1Ergonomics (CSet Construction) finish choosing CSet, eden: 553 regions, survivors: 9 regions, old: 0 regions, predicted pause time: 53.35 ms, target pause time: 60.00 ms]
, 0.0187264 secs]
   [Parallel Time: 16.4 ms, GC Workers: 8]
      [GC Worker Start (ms): Min: 1499589586.5, Avg: 1499589586.5, Max: 1499589586.6, Diff: 0.1]
      [Ext Root Scanning (ms): Min: 1.3, Avg: 1.9, Max: 4.2, Diff: 2.9, Sum: 15.1]
      [Update RS (ms): Min: 3.0, Avg: 5.4, Max: 6.1, Diff: 3.1, Sum: 42.9]
         [Processed Buffers: Min: 13, Avg: 22.6, Max: 35, Diff: 22, Sum: 181]
      [Scan RS (ms): Min: 0.0, Avg: 0.1, Max: 0.1, Diff: 0.1, Sum: 0.7]
      [Code Root Scanning (ms): Min: 0.0, Avg: 0.0, Max: 0.0, Diff: 0.0, Sum: 0.0]
      [Object Copy (ms): Min: 8.7, Avg: 8.9, Max: 9.0, Diff: 0.2, Sum: 71.0]
      [Termination (ms): Min: 0.0, Avg: 0.0, Max: 0.1, Diff: 0.1, Sum: 0.3]
      [GC Worker Other (ms): Min: 0.0, Avg: 0.0, Max: 0.1, Diff: 0.0, Sum: 0.2]
      [GC Worker Total (ms): Min: 16.2, Avg: 16.3, Max: 16.3, Diff: 0.1, Sum: 130.2]
      [GC Worker End (ms): Min: 1499589602.8, Avg: 1499589602.8, Max: 1499589602.8, Diff: 0.0]
   [Code Root Fixup: 0.2 ms]
   [Code Root Purge: 0.0 ms]
   [Clear CT: 0.3 ms]
   [Other: 1.8 ms]
      [Choose CSet: 0.0 ms]
      [Ref Proc: 0.2 ms]
      [Ref Enq: 0.0 ms]
      [Redirty Cards: 0.1 ms]
      [Humongous Reclaim: 0.0 ms]
      [Free CSet: 0.9 ms]
   [Eden: 2212.0M(2212.0M)->0.0B(2212.0M) Survivors: 36.0M->36.0M Heap: 3571.4M(4500.0M)->1359.3M(4500.0M)]
Heap after GC invocations=32910 (full 0):
 garbage-first heap   total 4608000K, used 1391933K [0x00000006a6c00000, 0x00000006a7002328, 0x00000007c0000000)
  region size 4096K, 9 young (36864K), 9 survivors (36864K)
 Metaspace       used 124692K, capacity 128524K, committed 129664K, reserved 1165312K
  class space    used 13846K, capacity 14512K, committed 14720K, reserved 1048576K
}
 [Times: user=0.10 sys=0.03, real=0.02 secs] 
{Heap before GC invocations=32910 (full 0):
 garbage-first heap   total 4608000K, used 3657021K [0x00000006a6c00000, 0x00000006a7002328, 0x00000007c0000000)
  region size 4096K, 562 young (2301952K), 9 survivors (36864K)
 Metaspace       used 124692K, capacity 128524K, committed 129664K, reserved 1165312K
  class space    used 13846K, capacity 14512K, committed 14720K, reserved 1048576K
2019-04-29T01:06:47.048+0800: 1499616.266: [GC pause (G1 Evacuation Pause) (young)
Desired survivor size 148897792 bytes, new threshold 15 (max 15)
- age   1:   15348960 bytes,   15348960 total
- age   2:    1412240 bytes,   16761200 total
- age   3:    1102360 bytes,   17863560 total
- age   4:     156680 bytes,   18020240 total
- age   5:     121168 bytes,   18141408 total
- age   6:     109848 bytes,   18251256 total
- age   7:      99504 bytes,   18350760 total
- age   8:      92912 bytes,   18443672 total
- age   9:     167144 bytes,   18610816 total
- age  10:     158808 bytes,   18769624 total
- age  11:      91464 bytes,   18861088 total
- age  12:     242168 bytes,   19103256 total
- age  13:     124960 bytes,   19228216 total
- age  14:     247688 bytes,   19475904 total
- age  15:     198552 bytes,   19674456 total
 1499616.266: [G1Ergonomics (CSet Construction) start choosing CSet, _pending_cards: 20783, predicted base time: 8.36 ms, remaining time: 51.64 ms, target pause time: 60.00 ms]
 1499616.266: [G1Ergonomics (CSet Construction) add young regions to CSet, eden: 553 regions, survivors: 9 regions, predicted young region time: 44.74 ms]
 1499616.266: [G1Ergonomics (CSet Construction) finish choosing CSet, eden: 553 regions, survivors: 9 regions, old: 0 regions, predicted pause time: 53.10 ms, target pause time: 60.00 ms]
, 0.0170757 secs]
   [Parallel Time: 15.2 ms, GC Workers: 8]
      [GC Worker Start (ms): Min: 1499616266.6, Avg: 1499616266.7, Max: 1499616266.7, Diff: 0.1]
      [Ext Root Scanning (ms): Min: 1.0, Avg: 1.3, Max: 2.0, Diff: 1.0, Sum: 10.3]
      [Update RS (ms): Min: 4.4, Avg: 5.0, Max: 5.3, Diff: 0.9, Sum: 39.8]
         [Processed Buffers: Min: 12, Avg: 22.4, Max: 35, Diff: 23, Sum: 179]
      [Scan RS (ms): Min: 0.0, Avg: 0.1, Max: 0.2, Diff: 0.1, Sum: 0.6]
      [Code Root Scanning (ms): Min: 0.0, Avg: 0.0, Max: 0.0, Diff: 0.0, Sum: 0.0]
      [Object Copy (ms): Min: 8.6, Avg: 8.7, Max: 8.7, Diff: 0.1, Sum: 69.3]
      [Termination (ms): Min: 0.0, Avg: 0.0, Max: 0.0, Diff: 0.0, Sum: 0.0]
      [GC Worker Other (ms): Min: 0.0, Avg: 0.0, Max: 0.1, Diff: 0.1, Sum: 0.4]
      [GC Worker Total (ms): Min: 15.0, Avg: 15.1, Max: 15.1, Diff: 0.1, Sum: 120.4]
      [GC Worker End (ms): Min: 1499616281.7, Avg: 1499616281.7, Max: 1499616281.7, Diff: 0.1]
   [Code Root Fixup: 0.2 ms]
   [Code Root Purge: 0.0 ms]
   [Clear CT: 0.3 ms]
   [Other: 1.4 ms]
      [Choose CSet: 0.0 ms]
      [Ref Proc: 0.2 ms]
      [Ref Enq: 0.0 ms]
      [Redirty Cards: 0.1 ms]
      [Humongous Reclaim: 0.0 ms]
      [Free CSet: 0.6 ms]
   [Eden: 2212.0M(2212.0M)->0.0B(2216.0M) Survivors: 36.0M->32.0M Heap: 3571.3M(4500.0M)->1358.0M(4500.0M)]
Heap after GC invocations=32911 (full 0):
 garbage-first heap   total 4608000K, used 1390573K [0x00000006a6c00000, 0x00000006a7002328, 0x00000007c0000000)
  region size 4096K, 8 young (32768K), 8 survivors (32768K)
 Metaspace       used 124692K, capacity 128524K, committed 129664K, reserved 1165312K
  class space    used 13846K, capacity 14512K, committed 14720K, reserved 1048576K
}
 [Times: user=0.10 sys=0.02, real=0.02 secs] 
{Heap before GC invocations=32911 (full 0):
 garbage-first heap   total 4608000K, used 3659757K [0x00000006a6c00000, 0x00000006a7002328, 0x00000007c0000000)
  region size 4096K, 562 young (2301952K), 8 survivors (32768K)
 Metaspace       used 124692K, capacity 128524K, committed 129664K, reserved 1165312K
  class space    used 13846K, capacity 14512K, committed 14720K, reserved 1048576K
2019-04-29T01:07:13.229+0800: 1499642.447: [GC pause (G1 Evacuation Pause) (young)
Desired survivor size 148897792 bytes, new threshold 15 (max 15)
- age   1:   15210816 bytes,   15210816 total
- age   2:    1837424 bytes,   17048240 total
- age   3:     540608 bytes,   17588848 total
- age   4:      97672 bytes,   17686520 total
- age   5:     156200 bytes,   17842720 total
- age   6:     120688 bytes,   17963408 total
- age   7:     108784 bytes,   18072192 total
- age   8:      99392 bytes,   18171584 total
- age   9:      92912 bytes,   18264496 total
- age  10:     167144 bytes,   18431640 total
- age  11:     158808 bytes,   18590448 total
- age  12:      91464 bytes,   18681912 total
- age  13:     242168 bytes,   18924080 total
- age  14:     124960 bytes,   19049040 total
- age  15:     247688 bytes,   19296728 total
 1499642.448: [G1Ergonomics (CSet Construction) start choosing CSet, _pending_cards: 20781, predicted base time: 8.17 ms, remaining time: 51.83 ms, target pause time: 60.00 ms]
 1499642.448: [G1Ergonomics (CSet Construction) add young regions to CSet, eden: 554 regions, survivors: 8 regions, predicted young region time: 36.50 ms]
 1499642.448: [G1Ergonomics (CSet Construction) finish choosing CSet, eden: 554 regions, survivors: 8 regions, old: 0 regions, predicted pause time: 44.66 ms, target pause time: 60.00 ms]
, 0.0178695 secs]
   [Parallel Time: 16.1 ms, GC Workers: 8]
      [GC Worker Start (ms): Min: 1499642447.7, Avg: 1499642447.8, Max: 1499642447.8, Diff: 0.1]
      [Ext Root Scanning (ms): Min: 1.1, Avg: 1.3, Max: 2.1, Diff: 1.0, Sum: 10.5]
      [Update RS (ms): Min: 4.5, Avg: 5.1, Max: 5.4, Diff: 0.9, Sum: 40.5]
         [Processed Buffers: Min: 11, Avg: 22.0, Max: 42, Diff: 31, Sum: 176]
      [Scan RS (ms): Min: 0.0, Avg: 0.1, Max: 0.2, Diff: 0.1, Sum: 0.6]
      [Code Root Scanning (ms): Min: 0.0, Avg: 0.0, Max: 0.0, Diff: 0.0, Sum: 0.0]
      [Object Copy (ms): Min: 9.3, Avg: 9.4, Max: 9.5, Diff: 0.2, Sum: 75.6]
      [Termination (ms): Min: 0.0, Avg: 0.0, Max: 0.0, Diff: 0.0, Sum: 0.0]
      [GC Worker Other (ms): Min: 0.0, Avg: 0.0, Max: 0.1, Diff: 0.1, Sum: 0.3]
      [GC Worker Total (ms): Min: 15.9, Avg: 15.9, Max: 16.0, Diff: 0.1, Sum: 127.5]
      [GC Worker End (ms): Min: 1499642463.7, Avg: 1499642463.7, Max: 1499642463.8, Diff: 0.1]
   [Code Root Fixup: 0.2 ms]
   [Code Root Purge: 0.0 ms]
   [Clear CT: 0.2 ms]
   [Other: 1.4 ms]
      [Choose CSet: 0.0 ms]
      [Ref Proc: 0.2 ms]
      [Ref Enq: 0.0 ms]
      [Redirty Cards: 0.1 ms]
      [Humongous Reclaim: 0.0 ms]
      [Free CSet: 0.6 ms]
   [Eden: 2216.0M(2216.0M)->0.0B(2212.0M) Survivors: 32.0M->36.0M Heap: 3574.0M(4500.0M)->1361.1M(4500.0M)]
Heap after GC invocations=32912 (full 0):
 garbage-first heap   total 4608000K, used 1393771K [0x00000006a6c00000, 0x00000006a7002328, 0x00000007c0000000)
  region size 4096K, 9 young (36864K), 9 survivors (36864K)
 Metaspace       used 124692K, capacity 128524K, committed 129664K, reserved 1165312K
  class space    used 13846K, capacity 14512K, committed 14720K, reserved 1048576K
}
 [Times: user=0.14 sys=0.00, real=0.02 secs] 
{Heap before GC invocations=32912 (full 0):
 garbage-first heap   total 4608000K, used 3658859K [0x00000006a6c00000, 0x00000006a7002328, 0x00000007c0000000)
  region size 4096K, 562 young (2301952K), 9 survivors (36864K)
 Metaspace       used 124692K, capacity 128524K, committed 129664K, reserved 1165312K
  class space    used 13846K, capacity 14512K, committed 14720K, reserved 1048576K
2019-04-29T01:07:38.971+0800: 1499668.190: [GC pause (G1 Evacuation Pause) (young)
Desired survivor size 148897792 bytes, new threshold 15 (max 15)
- age   1:   16467144 bytes,   16467144 total
- age   2:    1864328 bytes,   18331472 total
- age   3:     615008 bytes,   18946480 total
- age   4:     129912 bytes,   19076392 total
- age   5:      97048 bytes,   19173440 total
- age   6:     155816 bytes,   19329256 total
- age   7:     119664 bytes,   19448920 total
- age   8:     108784 bytes,   19557704 total
- age   9:      99392 bytes,   19657096 total
- age  10:      92800 bytes,   19749896 total
- age  11:     165488 bytes,   19915384 total
- age  12:     158808 bytes,   20074192 total
- age  13:      91352 bytes,   20165544 total
- age  14:     242168 bytes,   20407712 total
- age  15:     124960 bytes,   20532672 total
 1499668.190: [G1Ergonomics (CSet Construction) start choosing CSet, _pending_cards: 21070, predicted base time: 8.10 ms, remaining time: 51.90 ms, target pause time: 60.00 ms]
 1499668.190: [G1Ergonomics (CSet Construction) add young regions to CSet, eden: 553 regions, survivors: 9 regions, predicted young region time: 29.80 ms]
 1499668.190: [G1Ergonomics (CSet Construction) finish choosing CSet, eden: 553 regions, survivors: 9 regions, old: 0 regions, predicted pause time: 37.89 ms, target pause time: 60.00 ms]
, 0.0187077 secs]
   [Parallel Time: 16.7 ms, GC Workers: 8]
      [GC Worker Start (ms): Min: 1499668189.9, Avg: 1499668189.9, Max: 1499668189.9, Diff: 0.1]
      [Ext Root Scanning (ms): Min: 1.2, Avg: 1.7, Max: 4.4, Diff: 3.2, Sum: 13.3]
      [Update RS (ms): Min: 2.3, Avg: 4.9, Max: 5.6, Diff: 3.3, Sum: 39.3]
         [Processed Buffers: Min: 12, Avg: 22.0, Max: 41, Diff: 29, Sum: 176]
      [Scan RS (ms): Min: 0.0, Avg: 0.1, Max: 0.1, Diff: 0.1, Sum: 0.6]
      [Code Root Scanning (ms): Min: 0.0, Avg: 0.0, Max: 0.0, Diff: 0.0, Sum: 0.0]
      [Object Copy (ms): Min: 9.8, Avg: 9.9, Max: 10.0, Diff: 0.2, Sum: 79.0]
      [Termination (ms): Min: 0.0, Avg: 0.0, Max: 0.0, Diff: 0.0, Sum: 0.0]
      [GC Worker Other (ms): Min: 0.0, Avg: 0.0, Max: 0.1, Diff: 0.1, Sum: 0.4]
      [GC Worker Total (ms): Min: 16.6, Avg: 16.6, Max: 16.6, Diff: 0.1, Sum: 132.7]
      [GC Worker End (ms): Min: 1499668206.5, Avg: 1499668206.5, Max: 1499668206.5, Diff: 0.1]
   [Code Root Fixup: 0.3 ms]
   [Code Root Purge: 0.0 ms]
   [Clear CT: 0.3 ms]
   [Other: 1.4 ms]
      [Choose CSet: 0.0 ms]
      [Ref Proc: 0.2 ms]
      [Ref Enq: 0.0 ms]
      [Redirty Cards: 0.1 ms]
      [Humongous Reclaim: 0.0 ms]
      [Free CSet: 0.6 ms]
   [Eden: 2212.0M(2212.0M)->0.0B(2212.0M) Survivors: 36.0M->36.0M Heap: 3573.1M(4500.0M)->1360.6M(4500.0M)]
Heap after GC invocations=32913 (full 0):
 garbage-first heap   total 4608000K, used 1393238K [0x00000006a6c00000, 0x00000006a7002328, 0x00000007c0000000)
  region size 4096K, 9 young (36864K), 9 survivors (36864K)
 Metaspace       used 124692K, capacity 128524K, committed 129664K, reserved 1165312K
  class space    used 13846K, capacity 14512K, committed 14720K, reserved 1048576K
}
 [Times: user=0.11 sys=0.02, real=0.02 secs] 
{Heap before GC invocations=32913 (full 0):
 garbage-first heap   total 4608000K, used 3658326K [0x00000006a6c00000, 0x00000006a7002328, 0x00000007c0000000)
  region size 4096K, 562 young (2301952K), 9 survivors (36864K)
 Metaspace       used 124692K, capacity 128524K, committed 129664K, reserved 1165312K
  class space    used 13846K, capacity 14512K, committed 14720K, reserved 1048576K
2019-04-29T01:08:06.854+0800: 1499696.072: [GC pause (G1 Evacuation Pause) (young)
Desired survivor size 148897792 bytes, new threshold 15 (max 15)
- age   1:   17001120 bytes,   17001120 total
- age   2:    2281016 bytes,   19282136 total
- age   3:     701544 bytes,   19983680 total
- age   4:     171544 bytes,   20155224 total
- age   5:     128568 bytes,   20283792 total
- age   6:      90320 bytes,   20374112 total
- age   7:     153848 bytes,   20527960 total
- age   8:     118944 bytes,   20646904 total
- age   9:     108784 bytes,   20755688 total
- age  10:      99360 bytes,   20855048 total
- age  11:      92800 bytes,   20947848 total
- age  12:     165488 bytes,   21113336 total
- age  13:     158808 bytes,   21272144 total
- age  14:      91352 bytes,   21363496 total
- age  15:     242168 bytes,   21605664 total
 1499696.073: [G1Ergonomics (CSet Construction) start choosing CSet, _pending_cards: 21002, predicted base time: 8.10 ms, remaining time: 51.90 ms, target pause time: 60.00 ms]
 1499696.073: [G1Ergonomics (CSet Construction) add young regions to CSet, eden: 553 regions, survivors: 9 regions, predicted young region time: 32.82 ms]
 1499696.073: [G1Ergonomics (CSet Construction) finish choosing CSet, eden: 553 regions, survivors: 9 regions, old: 0 regions, predicted pause time: 40.93 ms, target pause time: 60.00 ms]
, 0.0172466 secs]
   [Parallel Time: 15.2 ms, GC Workers: 8]
      [GC Worker Start (ms): Min: 1499696072.9, Avg: 1499696072.9, Max: 1499696072.9, Diff: 0.1]
      [Ext Root Scanning (ms): Min: 1.1, Avg: 1.4, Max: 2.2, Diff: 1.1, Sum: 10.9]
      [Update RS (ms): Min: 4.3, Avg: 5.1, Max: 5.4, Diff: 1.1, Sum: 40.6]
         [Processed Buffers: Min: 11, Avg: 21.8, Max: 35, Diff: 24, Sum: 174]
      [Scan RS (ms): Min: 0.0, Avg: 0.1, Max: 0.2, Diff: 0.2, Sum: 0.8]
      [Code Root Scanning (ms): Min: 0.0, Avg: 0.0, Max: 0.0, Diff: 0.0, Sum: 0.0]
      [Object Copy (ms): Min: 8.4, Avg: 8.5, Max: 8.5, Diff: 0.1, Sum: 67.6]
      [Termination (ms): Min: 0.0, Avg: 0.0, Max: 0.0, Diff: 0.0, Sum: 0.0]
      [GC Worker Other (ms): Min: 0.0, Avg: 0.0, Max: 0.1, Diff: 0.1, Sum: 0.4]
      [GC Worker Total (ms): Min: 15.0, Avg: 15.1, Max: 15.1, Diff: 0.1, Sum: 120.4]
      [GC Worker End (ms): Min: 1499696087.9, Avg: 1499696088.0, Max: 1499696088.0, Diff: 0.1]
   [Code Root Fixup: 0.2 ms]
   [Code Root Purge: 0.0 ms]
   [Clear CT: 0.3 ms]
   [Other: 1.6 ms]
      [Choose CSet: 0.0 ms]
      [Ref Proc: 0.2 ms]
      [Ref Enq: 0.0 ms]
      [Redirty Cards: 0.1 ms]
      [Humongous Reclaim: 0.0 ms]
      [Free CSet: 0.6 ms]
   [Eden: 2212.0M(2212.0M)->0.0B(2216.0M) Survivors: 36.0M->32.0M Heap: 3572.6M(4500.0M)->1358.9M(4500.0M)]
Heap after GC invocations=32914 (full 0):
 garbage-first heap   total 4608000K, used 1391471K [0x00000006a6c00000, 0x00000006a7002328, 0x00000007c0000000)
  region size 4096K, 8 young (32768K), 8 survivors (32768K)
 Metaspace       used 124692K, capacity 128524K, committed 129664K, reserved 1165312K
  class space    used 13846K, capacity 14512K, committed 14720K, reserved 1048576K
}
 [Times: user=0.13 sys=0.00, real=0.02 secs] 
{Heap before GC invocations=32914 (full 0):
 garbage-first heap   total 4608000K, used 3660655K [0x00000006a6c00000, 0x00000006a7002328, 0x00000007c0000000)
  region size 4096K, 562 young (2301952K), 8 survivors (32768K)
 Metaspace       used 124692K, capacity 128524K, committed 129664K, reserved 1165312K
  class space    used 13846K, capacity 14512K, committed 14720K, reserved 1048576K
2019-04-29T01:08:34.932+0800: 1499724.151: [GC pause (G1 Evacuation Pause) (young)
Desired survivor size 148897792 bytes, new threshold 15 (max 15)
- age   1:   14302520 bytes,   14302520 total
- age   2:    1870240 bytes,   16172760 total
- age   3:     914472 bytes,   17087232 total
- age   4:     121416 bytes,   17208648 total
- age   5:     170088 bytes,   17378736 total
- age   6:     126784 bytes,   17505520 total
- age   7:      89584 bytes,   17595104 total
- age   8:     153512 bytes,   17748616 total
- age   9:     118832 bytes,   17867448 total
- age  10:     108784 bytes,   17976232 total
- age  11:      99360 bytes,   18075592 total
- age  12:      92800 bytes,   18168392 total
- age  13:     165488 bytes,   18333880 total
- age  14:     158808 bytes,   18492688 total
- age  15:      91352 bytes,   18584040 total
 1499724.151: [G1Ergonomics (CSet Construction) start choosing CSet, _pending_cards: 21022, predicted base time: 8.06 ms, remaining time: 51.94 ms, target pause time: 60.00 ms]
 1499724.151: [G1Ergonomics (CSet Construction) add young regions to CSet, eden: 554 regions, survivors: 8 regions, predicted young region time: 27.11 ms]
 1499724.151: [G1Ergonomics (CSet Construction) finish choosing CSet, eden: 554 regions, survivors: 8 regions, old: 0 regions, predicted pause time: 35.17 ms, target pause time: 60.00 ms]
, 0.0184655 secs]
   [Parallel Time: 16.3 ms, GC Workers: 8]
      [GC Worker Start (ms): Min: 1499724150.9, Avg: 1499724151.0, Max: 1499724151.1, Diff: 0.1]
      [Ext Root Scanning (ms): Min: 1.1, Avg: 1.4, Max: 2.1, Diff: 1.0, Sum: 10.8]
      [Update RS (ms): Min: 5.0, Avg: 5.4, Max: 5.7, Diff: 0.7, Sum: 43.5]
         [Processed Buffers: Min: 12, Avg: 21.0, Max: 41, Diff: 29, Sum: 168]
      [Scan RS (ms): Min: 0.0, Avg: 0.1, Max: 0.1, Diff: 0.1, Sum: 0.6]
      [Code Root Scanning (ms): Min: 0.0, Avg: 0.0, Max: 0.0, Diff: 0.0, Sum: 0.0]
      [Object Copy (ms): Min: 9.0, Avg: 9.2, Max: 9.3, Diff: 0.3, Sum: 73.4]
      [Termination (ms): Min: 0.0, Avg: 0.0, Max: 0.0, Diff: 0.0, Sum: 0.0]
      [GC Worker Other (ms): Min: 0.0, Avg: 0.1, Max: 0.1, Diff: 0.1, Sum: 0.4]
      [GC Worker Total (ms): Min: 16.0, Avg: 16.1, Max: 16.2, Diff: 0.1, Sum: 128.8]
      [GC Worker End (ms): Min: 1499724167.1, Avg: 1499724167.1, Max: 1499724167.1, Diff: 0.0]
   [Code Root Fixup: 0.2 ms]
   [Code Root Purge: 0.0 ms]
   [Clear CT: 0.3 ms]
   [Other: 1.7 ms]
      [Choose CSet: 0.0 ms]
      [Ref Proc: 0.2 ms]
      [Ref Enq: 0.0 ms]
      [Redirty Cards: 0.1 ms]
      [Humongous Reclaim: 0.0 ms]
      [Free CSet: 0.9 ms]
   [Eden: 2216.0M(2216.0M)->0.0B(2212.0M) Survivors: 32.0M->36.0M Heap: 3574.9M(4500.0M)->1360.5M(4500.0M)]
Heap after GC invocations=32915 (full 0):
 garbage-first heap   total 4608000K, used 1393141K [0x00000006a6c00000, 0x00000006a7002328, 0x00000007c0000000)
  region size 4096K, 9 young (36864K), 9 survivors (36864K)
 Metaspace       used 124692K, capacity 128524K, committed 129664K, reserved 1165312K
  class space    used 13846K, capacity 14512K, committed 14720K, reserved 1048576K
}
 [Times: user=0.10 sys=0.03, real=0.02 secs] 
{Heap before GC invocations=32915 (full 0):
 garbage-first heap   total 4608000K, used 3658229K [0x00000006a6c00000, 0x00000006a7002328, 0x00000007c0000000)
  region size 4096K, 562 young (2301952K), 9 survivors (36864K)
 Metaspace       used 124692K, capacity 128524K, committed 129664K, reserved 1165312K
  class space    used 13846K, capacity 14512K, committed 14720K, reserved 1048576K
2019-04-29T01:09:01.285+0800: 1499750.503: [GC pause (G1 Evacuation Pause) (young)
Desired survivor size 148897792 bytes, new threshold 15 (max 15)
- age   1:   15836096 bytes,   15836096 total
- age   2:    2206432 bytes,   18042528 total
- age   3:     320776 bytes,   18363304 total
- age   4:     707744 bytes,   19071048 total
- age   5:     120792 bytes,   19191840 total
- age   6:     169944 bytes,   19361784 total
- age   7:     125984 bytes,   19487768 total
- age   8:      89584 bytes,   19577352 total
- age   9:     153512 bytes,   19730864 total
- age  10:     118832 bytes,   19849696 total
- age  11:     108784 bytes,   19958480 total
- age  12:      99360 bytes,   20057840 total
- age  13:      92800 bytes,   20150640 total
- age  14:     165488 bytes,   20316128 total
- age  15:     158808 bytes,   20474936 total
 1499750.504: [G1Ergonomics (CSet Construction) start choosing CSet, _pending_cards: 21001, predicted base time: 8.12 ms, remaining time: 51.88 ms, target pause time: 60.00 ms]
 1499750.504: [G1Ergonomics (CSet Construction) add young regions to CSet, eden: 553 regions, survivors: 9 regions, predicted young region time: 26.00 ms]
 1499750.504: [G1Ergonomics (CSet Construction) finish choosing CSet, eden: 553 regions, survivors: 9 regions, old: 0 regions, predicted pause time: 34.12 ms, target pause time: 60.00 ms]
, 0.0183875 secs]
   [Parallel Time: 16.4 ms, GC Workers: 8]
      [GC Worker Start (ms): Min: 1499750503.7, Avg: 1499750503.8, Max: 1499750503.8, Diff: 0.1]
      [Ext Root Scanning (ms): Min: 1.2, Avg: 1.4, Max: 2.1, Diff: 0.9, Sum: 11.3]
      [Update RS (ms): Min: 4.6, Avg: 5.2, Max: 5.4, Diff: 0.9, Sum: 41.3]
         [Processed Buffers: Min: 16, Avg: 22.1, Max: 35, Diff: 19, Sum: 177]
      [Scan RS (ms): Min: 0.0, Avg: 0.1, Max: 0.2, Diff: 0.1, Sum: 0.8]
      [Code Root Scanning (ms): Min: 0.0, Avg: 0.0, Max: 0.0, Diff: 0.0, Sum: 0.0]
      [Object Copy (ms): Min: 9.5, Avg: 9.6, Max: 9.7, Diff: 0.2, Sum: 76.8]
      [Termination (ms): Min: 0.0, Avg: 0.0, Max: 0.0, Diff: 0.0, Sum: 0.0]
      [GC Worker Other (ms): Min: 0.0, Avg: 0.1, Max: 0.1, Diff: 0.1, Sum: 0.5]
      [GC Worker Total (ms): Min: 16.3, Avg: 16.3, Max: 16.4, Diff: 0.1, Sum: 130.7]
      [GC Worker End (ms): Min: 1499750520.1, Avg: 1499750520.1, Max: 1499750520.1, Diff: 0.1]
   [Code Root Fixup: 0.2 ms]
   [Code Root Purge: 0.0 ms]
   [Clear CT: 0.3 ms]
   [Other: 1.4 ms]
      [Choose CSet: 0.0 ms]
      [Ref Proc: 0.2 ms]
      [Ref Enq: 0.0 ms]
      [Redirty Cards: 0.1 ms]
      [Humongous Reclaim: 0.0 ms]
      [Free CSet: 0.6 ms]
   [Eden: 2212.0M(2212.0M)->0.0B(2212.0M) Survivors: 36.0M->36.0M Heap: 3572.5M(4500.0M)->1361.2M(4500.0M)]
Heap after GC invocations=32916 (full 0):
 garbage-first heap   total 4608000K, used 1393890K [0x00000006a6c00000, 0x00000006a7002328, 0x00000007c0000000)
  region size 4096K, 9 young (36864K), 9 survivors (36864K)
 Metaspace       used 124692K, capacity 128524K, committed 129664K, reserved 1165312K
  class space    used 13846K, capacity 14512K, committed 14720K, reserved 1048576K
}
 [Times: user=0.13 sys=0.00, real=0.02 secs] 
{Heap before GC invocations=32916 (full 0):
 garbage-first heap   total 4608000K, used 3658978K [0x00000006a6c00000, 0x00000006a7002328, 0x00000007c0000000)
  region size 4096K, 562 young (2301952K), 9 survivors (36864K)
 Metaspace       used 124692K, capacity 128524K, committed 129664K, reserved 1165312K
  class space    used 13846K, capacity 14512K, committed 14720K, reserved 1048576K
2019-04-29T01:09:31.010+0800: 1499780.229: [GC pause (G1 Evacuation Pause) (young)
Desired survivor size 148897792 bytes, new threshold 15 (max 15)
- age   1:   17275096 bytes,   17275096 total
- age   2:    2116112 bytes,   19391208 total
- age   3:     622160 bytes,   20013368 total
- age   4:     143264 bytes,   20156632 total
- age   5:     121744 bytes,   20278376 total
- age   6:      95056 bytes,   20373432 total
- age   7:     169944 bytes,   20543376 total
- age   8:     124280 bytes,   20667656 total
- age   9:      89440 bytes,   20757096 total
- age  10:     153512 bytes,   20910608 total
- age  11:     118832 bytes,   21029440 total
- age  12:     108784 bytes,   21138224 total
- age  13:      99360 bytes,   21237584 total
- age  14:      92800 bytes,   21330384 total
- age  15:     165464 bytes,   21495848 total
 1499780.229: [G1Ergonomics (CSet Construction) start choosing CSet, _pending_cards: 21382, predicted base time: 8.16 ms, remaining time: 51.84 ms, target pause time: 60.00 ms]
 1499780.229: [G1Ergonomics (CSet Construction) add young regions to CSet, eden: 553 regions, survivors: 9 regions, predicted young region time: 21.37 ms]
 1499780.229: [G1Ergonomics (CSet Construction) finish choosing CSet, eden: 553 regions, survivors: 9 regions, old: 0 regions, predicted pause time: 29.52 ms, target pause time: 60.00 ms]
, 0.0180343 secs]
   [Parallel Time: 16.0 ms, GC Workers: 8]
      [GC Worker Start (ms): Min: 1499780228.9, Avg: 1499780228.9, Max: 1499780229.0, Diff: 0.1]
      [Ext Root Scanning (ms): Min: 1.1, Avg: 1.3, Max: 2.0, Diff: 0.9, Sum: 10.5]
      [Update RS (ms): Min: 4.5, Avg: 5.2, Max: 5.4, Diff: 0.9, Sum: 41.2]
         [Processed Buffers: Min: 13, Avg: 22.0, Max: 52, Diff: 39, Sum: 176]
      [Scan RS (ms): Min: 0.0, Avg: 0.1, Max: 0.1, Diff: 0.1, Sum: 0.6]
      [Code Root Scanning (ms): Min: 0.0, Avg: 0.0, Max: 0.0, Diff: 0.0, Sum: 0.0]
      [Object Copy (ms): Min: 9.2, Avg: 9.3, Max: 9.4, Diff: 0.2, Sum: 74.2]
      [Termination (ms): Min: 0.0, Avg: 0.0, Max: 0.0, Diff: 0.0, Sum: 0.0]
      [GC Worker Other (ms): Min: 0.0, Avg: 0.0, Max: 0.1, Diff: 0.1, Sum: 0.3]
      [GC Worker Total (ms): Min: 15.8, Avg: 15.9, Max: 15.9, Diff: 0.1, Sum: 127.0]
      [GC Worker End (ms): Min: 1499780244.8, Avg: 1499780244.8, Max: 1499780244.8, Diff: 0.0]
   [Code Root Fixup: 0.2 ms]
   [Code Root Purge: 0.0 ms]
   [Clear CT: 0.3 ms]
   [Other: 1.4 ms]
      [Choose CSet: 0.0 ms]
      [Ref Proc: 0.2 ms]
      [Ref Enq: 0.0 ms]
      [Redirty Cards: 0.1 ms]
      [Humongous Reclaim: 0.0 ms]
      [Free CSet: 0.6 ms]
   [Eden: 2212.0M(2212.0M)->0.0B(2212.0M) Survivors: 36.0M->36.0M Heap: 3573.2M(4500.0M)->1361.5M(4500.0M)]
Heap after GC invocations=32917 (full 0):
 garbage-first heap   total 4608000K, used 1394136K [0x00000006a6c00000, 0x00000006a7002328, 0x00000007c0000000)
  region size 4096K, 9 young (36864K), 9 survivors (36864K)
 Metaspace       used 124692K, capacity 128524K, committed 129664K, reserved 1165312K
  class space    used 13846K, capacity 14512K, committed 14720K, reserved 1048576K
}
 [Times: user=0.11 sys=0.02, real=0.01 secs] 
{Heap before GC invocations=32917 (full 0):
 garbage-first heap   total 4608000K, used 3659224K [0x00000006a6c00000, 0x00000006a7002328, 0x00000007c0000000)
  region size 4096K, 562 young (2301952K), 9 survivors (36864K)
 Metaspace       used 124692K, capacity 128524K, committed 129664K, reserved 1165312K
  class space    used 13846K, capacity 14512K, committed 14720K, reserved 1048576K
2019-04-29T01:09:58.092+0800: 1499807.311: [GC pause (G1 Evacuation Pause) (young)
Desired survivor size 148897792 bytes, new threshold 15 (max 15)
- age   1:   15885240 bytes,   15885240 total
- age   2:    2195688 bytes,   18080928 total
- age   3:     687880 bytes,   18768808 total
- age   4:     238816 bytes,   19007624 total
- age   5:     143120 bytes,   19150744 total
- age   6:     120984 bytes,   19271728 total
- age   7:      94456 bytes,   19366184 total
- age   8:     169008 bytes,   19535192 total
- age   9:     124280 bytes,   19659472 total
- age  10:      89440 bytes,   19748912 total
- age  11:     153512 bytes,   19902424 total
- age  12:     118832 bytes,   20021256 total
- age  13:     108784 bytes,   20130040 total
- age  14:      99360 bytes,   20229400 total
- age  15:      92800 bytes,   20322200 total
 1499807.311: [G1Ergonomics (CSet Construction) start choosing CSet, _pending_cards: 21443, predicted base time: 8.11 ms, remaining time: 51.89 ms, target pause time: 60.00 ms]
 1499807.311: [G1Ergonomics (CSet Construction) add young regions to CSet, eden: 553 regions, survivors: 9 regions, predicted young region time: 25.05 ms]
 1499807.311: [G1Ergonomics (CSet Construction) finish choosing CSet, eden: 553 regions, survivors: 9 regions, old: 0 regions, predicted pause time: 33.17 ms, target pause time: 60.00 ms]
, 0.0185220 secs]
   [Parallel Time: 16.5 ms, GC Workers: 8]
      [GC Worker Start (ms): Min: 1499807311.5, Avg: 1499807311.5, Max: 1499807311.5, Diff: 0.1]
      [Ext Root Scanning (ms): Min: 1.1, Avg: 1.4, Max: 2.1, Diff: 0.9, Sum: 10.8]
      [Update RS (ms): Min: 4.5, Avg: 5.2, Max: 5.5, Diff: 1.0, Sum: 41.2]
         [Processed Buffers: Min: 16, Avg: 22.0, Max: 33, Diff: 17, Sum: 176]
      [Scan RS (ms): Min: 0.0, Avg: 0.1, Max: 0.1, Diff: 0.1, Sum: 0.7]
      [Code Root Scanning (ms): Min: 0.0, Avg: 0.0, Max: 0.0, Diff: 0.0, Sum: 0.0]
      [Object Copy (ms): Min: 9.7, Avg: 9.8, Max: 9.8, Diff: 0.2, Sum: 78.1]
      [Termination (ms): Min: 0.0, Avg: 0.0, Max: 0.0, Diff: 0.0, Sum: 0.0]
      [GC Worker Other (ms): Min: 0.0, Avg: 0.0, Max: 0.1, Diff: 0.1, Sum: 0.4]
      [GC Worker Total (ms): Min: 16.4, Avg: 16.4, Max: 16.4, Diff: 0.1, Sum: 131.2]
      [GC Worker End (ms): Min: 1499807327.9, Avg: 1499807327.9, Max: 1499807327.9, Diff: 0.1]
   [Code Root Fixup: 0.2 ms]
   [Code Root Purge: 0.0 ms]
   [Clear CT: 0.3 ms]
   [Other: 1.5 ms]
      [Choose CSet: 0.0 ms]
      [Ref Proc: 0.2 ms]
      [Ref Enq: 0.0 ms]
      [Redirty Cards: 0.1 ms]
      [Humongous Reclaim: 0.0 ms]
      [Free CSet: 0.6 ms]
   [Eden: 2212.0M(2212.0M)->0.0B(2212.0M) Survivors: 36.0M->36.0M Heap: 3573.5M(4500.0M)->1361.1M(4500.0M)]
Heap after GC invocations=32918 (full 0):
 garbage-first heap   total 4608000K, used 1393805K [0x00000006a6c00000, 0x00000006a7002328, 0x00000007c0000000)
  region size 4096K, 9 young (36864K), 9 survivors (36864K)
 Metaspace       used 124692K, capacity 128524K, committed 129664K, reserved 1165312K
  class space    used 13846K, capacity 14512K, committed 14720K, reserved 1048576K
}
 [Times: user=0.14 sys=0.00, real=0.02 secs] 
{Heap before GC invocations=32918 (full 0):
 garbage-first heap   total 4608000K, used 3658893K [0x00000006a6c00000, 0x00000006a7002328, 0x00000007c0000000)
  region size 4096K, 562 young (2301952K), 9 survivors (36864K)
 Metaspace       used 124692K, capacity 128524K, committed 129664K, reserved 1165312K
  class space    used 13846K, capacity 14512K, committed 14720K, reserved 1048576K
2019-04-29T01:10:16.447+0800: 1499825.666: [GC pause (G1 Evacuation Pause) (young)
Desired survivor size 148897792 bytes, new threshold 15 (max 15)
- age   1:   17289672 bytes,   17289672 total
- age   2:    2046320 bytes,   19335992 total
- age   3:     743424 bytes,   20079416 total
- age   4:     414832 bytes,   20494248 total
- age   5:     237384 bytes,   20731632 total
- age   6:     142080 bytes,   20873712 total
- age   7:     119600 bytes,   20993312 total
- age   8:      94456 bytes,   21087768 total
- age   9:     169008 bytes,   21256776 total
- age  10:     124280 bytes,   21381056 total
- age  11:      89440 bytes,   21470496 total
- age  12:     153512 bytes,   21624008 total
- age  13:     118832 bytes,   21742840 total
- age  14:     108784 bytes,   21851624 total
- age  15:      99360 bytes,   21950984 total
 1499825.666: [G1Ergonomics (CSet Construction) start choosing CSet, _pending_cards: 20496, predicted base time: 7.82 ms, remaining time: 52.18 ms, target pause time: 60.00 ms]
 1499825.666: [G1Ergonomics (CSet Construction) add young regions to CSet, eden: 553 regions, survivors: 9 regions, predicted young region time: 23.93 ms]
 1499825.666: [G1Ergonomics (CSet Construction) finish choosing CSet, eden: 553 regions, survivors: 9 regions, old: 0 regions, predicted pause time: 31.75 ms, target pause time: 60.00 ms]
, 0.0187789 secs]
   [Parallel Time: 16.8 ms, GC Workers: 8]
      [GC Worker Start (ms): Min: 1499825666.5, Avg: 1499825666.5, Max: 1499825666.5, Diff: 0.1]
      [Ext Root Scanning (ms): Min: 1.1, Avg: 1.6, Max: 4.4, Diff: 3.3, Sum: 13.0]
      [Update RS (ms): Min: 2.3, Avg: 5.0, Max: 5.5, Diff: 3.3, Sum: 40.0]
         [Processed Buffers: Min: 12, Avg: 22.5, Max: 47, Diff: 35, Sum: 180]
      [Scan RS (ms): Min: 0.0, Avg: 0.1, Max: 0.1, Diff: 0.1, Sum: 0.6]
      [Code Root Scanning (ms): Min: 0.0, Avg: 0.0, Max: 0.0, Diff: 0.0, Sum: 0.0]
      [Object Copy (ms): Min: 9.8, Avg: 9.9, Max: 10.0, Diff: 0.1, Sum: 79.4]
      [Termination (ms): Min: 0.0, Avg: 0.0, Max: 0.0, Diff: 0.0, Sum: 0.0]
      [GC Worker Other (ms): Min: 0.0, Avg: 0.0, Max: 0.1, Diff: 0.0, Sum: 0.3]
      [GC Worker Total (ms): Min: 16.6, Avg: 16.7, Max: 16.7, Diff: 0.1, Sum: 133.3]
      [GC Worker End (ms): Min: 1499825683.2, Avg: 1499825683.2, Max: 1499825683.2, Diff: 0.0]
   [Code Root Fixup: 0.3 ms]
   [Code Root Purge: 0.0 ms]
   [Clear CT: 0.3 ms]
   [Other: 1.4 ms]
      [Choose CSet: 0.0 ms]
      [Ref Proc: 0.2 ms]
      [Ref Enq: 0.0 ms]
      [Redirty Cards: 0.1 ms]
      [Humongous Reclaim: 0.0 ms]
      [Free CSet: 0.6 ms]
   [Eden: 2212.0M(2212.0M)->0.0B(2212.0M) Survivors: 36.0M->36.0M Heap: 3573.1M(4500.0M)->1361.7M(4500.0M)]
Heap after GC invocations=32919 (full 0):
 garbage-first heap   total 4608000K, used 1394417K [0x00000006a6c00000, 0x00000006a7002328, 0x00000007c0000000)
  region size 4096K, 9 young (36864K), 9 survivors (36864K)
 Metaspace       used 124692K, capacity 128524K, committed 129664K, reserved 1165312K
  class space    used 13846K, capacity 14512K, committed 14720K, reserved 1048576K
}
 [Times: user=0.10 sys=0.03, real=0.02 secs] 
{Heap before GC invocations=32919 (full 0):
 garbage-first heap   total 4608000K, used 3659505K [0x00000006a6c00000, 0x00000006a7002328, 0x00000007c0000000)
  region size 4096K, 562 young (2301952K), 9 survivors (36864K)
 Metaspace       used 124692K, capacity 128524K, committed 129664K, reserved 1165312K
  class space    used 13846K, capacity 14512K, committed 14720K, reserved 1048576K
2019-04-29T01:10:41.624+0800: 1499850.843: [GC pause (G1 Evacuation Pause) (young)
Desired survivor size 148897792 bytes, new threshold 15 (max 15)
- age   1:   16172712 bytes,   16172712 total
- age   2:    2087768 bytes,   18260480 total
- age   3:    1031040 bytes,   19291520 total
- age   4:     531368 bytes,   19822888 total
- age   5:     414576 bytes,   20237464 total
- age   6:     237112 bytes,   20474576 total
- age   7:     117208 bytes,   20591784 total
- age   8:     119152 bytes,   20710936 total
- age   9:      91392 bytes,   20802328 total
- age  10:     155744 bytes,   20958072 total
- age  11:     124168 bytes,   21082240 total
- age  12:      89440 bytes,   21171680 total
- age  13:     152840 bytes,   21324520 total
- age  14:     118272 bytes,   21442792 total
- age  15:     108560 bytes,   21551352 total
 1499850.843: [G1Ergonomics (CSet Construction) start choosing CSet, _pending_cards: 21663, predicted base time: 8.18 ms, remaining time: 51.82 ms, target pause time: 60.00 ms]
 1499850.843: [G1Ergonomics (CSet Construction) add young regions to CSet, eden: 553 regions, survivors: 9 regions, predicted young region time: 31.66 ms]
 1499850.843: [G1Ergonomics (CSet Construction) finish choosing CSet, eden: 553 regions, survivors: 9 regions, old: 0 regions, predicted pause time: 39.84 ms, target pause time: 60.00 ms]
, 0.0183976 secs]
   [Parallel Time: 16.4 ms, GC Workers: 8]
      [GC Worker Start (ms): Min: 1499850843.6, Avg: 1499850843.6, Max: 1499850843.6, Diff: 0.1]
      [Ext Root Scanning (ms): Min: 1.1, Avg: 1.4, Max: 2.1, Diff: 1.0, Sum: 10.8]
      [Update RS (ms): Min: 4.7, Avg: 5.1, Max: 5.4, Diff: 0.7, Sum: 40.8]
         [Processed Buffers: Min: 12, Avg: 22.1, Max: 35, Diff: 23, Sum: 177]
      [Scan RS (ms): Min: 0.0, Avg: 0.1, Max: 0.1, Diff: 0.1, Sum: 0.7]
      [Code Root Scanning (ms): Min: 0.0, Avg: 0.0, Max: 0.0, Diff: 0.0, Sum: 0.0]
      [Object Copy (ms): Min: 9.5, Avg: 9.7, Max: 9.8, Diff: 0.3, Sum: 77.8]
      [Termination (ms): Min: 0.0, Avg: 0.0, Max: 0.0, Diff: 0.0, Sum: 0.0]
      [GC Worker Other (ms): Min: 0.0, Avg: 0.0, Max: 0.1, Diff: 0.1, Sum: 0.3]
      [GC Worker Total (ms): Min: 16.3, Avg: 16.3, Max: 16.3, Diff: 0.1, Sum: 130.5]
      [GC Worker End (ms): Min: 1499850859.9, Avg: 1499850859.9, Max: 1499850859.9, Diff: 0.1]
   [Code Root Fixup: 0.2 ms]
   [Code Root Purge: 0.0 ms]
   [Clear CT: 0.3 ms]
   [Other: 1.4 ms]
      [Choose CSet: 0.0 ms]
      [Ref Proc: 0.2 ms]
      [Ref Enq: 0.0 ms]
      [Redirty Cards: 0.1 ms]
      [Humongous Reclaim: 0.0 ms]
      [Free CSet: 0.6 ms]
   [Eden: 2212.0M(2212.0M)->0.0B(2212.0M) Survivors: 36.0M->36.0M Heap: 3573.7M(4500.0M)->1361.9M(4500.0M)]
Heap after GC invocations=32920 (full 0):
 garbage-first heap   total 4608000K, used 1394574K [0x00000006a6c00000, 0x00000006a7002328, 0x00000007c0000000)
  region size 4096K, 9 young (36864K), 9 survivors (36864K)
 Metaspace       used 124692K, capacity 128524K, committed 129664K, reserved 1165312K
  class space    used 13846K, capacity 14512K, committed 14720K, reserved 1048576K
}
 [Times: user=0.11 sys=0.03, real=0.02 secs] 
{Heap before GC invocations=32920 (full 0):
 garbage-first heap   total 4608000K, used 3659662K [0x00000006a6c00000, 0x00000006a7002328, 0x00000007c0000000)
  region size 4096K, 562 young (2301952K), 9 survivors (36864K)
 Metaspace       used 124692K, capacity 128524K, committed 129664K, reserved 1165312K
  class space    used 13846K, capacity 14512K, committed 14720K, reserved 1048576K
2019-04-29T01:11:06.362+0800: 1499875.580: [GC pause (G1 Evacuation Pause) (young)
Desired survivor size 148897792 bytes, new threshold 15 (max 15)
- age   1:   15325552 bytes,   15325552 total
- age   2:    2600880 bytes,   17926432 total
- age   3:    1355456 bytes,   19281888 total
- age   4:     237464 bytes,   19519352 total
- age   5:     524784 bytes,   20044136 total
- age   6:     414512 bytes,   20458648 total
- age   7:     236376 bytes,   20695024 total
- age   8:     116648 bytes,   20811672 total
- age   9:     118704 bytes,   20930376 total
- age  10:      91168 bytes,   21021544 total
- age  11:      92568 bytes,   21114112 total
- age  12:     124168 bytes,   21238280 total
- age  13:      89328 bytes,   21327608 total
- age  14:     152728 bytes,   21480336 total
- age  15:     118160 bytes,   21598496 total
 1499875.581: [G1Ergonomics (CSet Construction) start choosing CSet, _pending_cards: 20799, predicted base time: 7.87 ms, remaining time: 52.13 ms, target pause time: 60.00 ms]
 1499875.581: [G1Ergonomics (CSet Construction) add young regions to CSet, eden: 553 regions, survivors: 9 regions, predicted young region time: 27.08 ms]
 1499875.581: [G1Ergonomics (CSet Construction) finish choosing CSet, eden: 553 regions, survivors: 9 regions, old: 0 regions, predicted pause time: 34.96 ms, target pause time: 60.00 ms]
, 0.0192201 secs]
   [Parallel Time: 17.3 ms, GC Workers: 8]
      [GC Worker Start (ms): Min: 1499875580.7, Avg: 1499875580.7, Max: 1499875580.8, Diff: 0.1]
      [Ext Root Scanning (ms): Min: 1.1, Avg: 1.4, Max: 2.2, Diff: 1.1, Sum: 10.8]
      [Update RS (ms): Min: 4.3, Avg: 5.1, Max: 5.4, Diff: 1.1, Sum: 40.9]
         [Processed Buffers: Min: 13, Avg: 21.5, Max: 31, Diff: 18, Sum: 172]
      [Scan RS (ms): Min: 0.0, Avg: 0.1, Max: 0.1, Diff: 0.1, Sum: 0.6]
      [Code Root Scanning (ms): Min: 0.0, Avg: 0.0, Max: 0.0, Diff: 0.0, Sum: 0.0]
      [Object Copy (ms): Min: 10.5, Avg: 10.6, Max: 10.7, Diff: 0.1, Sum: 84.9]
      [Termination (ms): Min: 0.0, Avg: 0.0, Max: 0.0, Diff: 0.0, Sum: 0.0]
      [GC Worker Other (ms): Min: 0.0, Avg: 0.0, Max: 0.1, Diff: 0.1, Sum: 0.4]
      [GC Worker Total (ms): Min: 17.2, Avg: 17.2, Max: 17.2, Diff: 0.1, Sum: 137.6]
      [GC Worker End (ms): Min: 1499875597.9, Avg: 1499875597.9, Max: 1499875598.0, Diff: 0.1]
   [Code Root Fixup: 0.3 ms]
   [Code Root Purge: 0.0 ms]
   [Clear CT: 0.3 ms]
   [Other: 1.4 ms]
      [Choose CSet: 0.0 ms]
      [Ref Proc: 0.2 ms]
      [Ref Enq: 0.0 ms]
      [Redirty Cards: 0.1 ms]
      [Humongous Reclaim: 0.0 ms]
      [Free CSet: 0.6 ms]
   [Eden: 2212.0M(2212.0M)->0.0B(2212.0M) Survivors: 36.0M->36.0M Heap: 3573.9M(4500.0M)->1362.1M(4500.0M)]
Heap after GC invocations=32921 (full 0):
 garbage-first heap   total 4608000K, used 1394739K [0x00000006a6c00000, 0x00000006a7002328, 0x00000007c0000000)
  region size 4096K, 9 young (36864K), 9 survivors (36864K)
 Metaspace       used 124692K, capacity 128524K, committed 129664K, reserved 1165312K
  class space    used 13846K, capacity 14512K, committed 14720K, reserved 1048576K
}
 [Times: user=0.12 sys=0.03, real=0.02 secs] 
{Heap before GC invocations=32921 (full 0):
 garbage-first heap   total 4608000K, used 3659827K [0x00000006a6c00000, 0x00000006a7002328, 0x00000007c0000000)
  region size 4096K, 562 young (2301952K), 9 survivors (36864K)
 Metaspace       used 124692K, capacity 128524K, committed 129664K, reserved 1165312K
  class space    used 13846K, capacity 14512K, committed 14720K, reserved 1048576K
2019-04-29T01:11:32.834+0800: 1499902.053: [GC pause (G1 Evacuation Pause) (young)
Desired survivor size 148897792 bytes, new threshold 15 (max 15)
- age   1:   16795896 bytes,   16795896 total
- age   2:    1845480 bytes,   18641376 total
- age   3:    1879760 bytes,   20521136 total
- age   4:     284584 bytes,   20805720 total
- age   5:     237096 bytes,   21042816 total
- age   6:     481872 bytes,   21524688 total
- age   7:     414512 bytes,   21939200 total
- age   8:     236376 bytes,   22175576 total
- age   9:     116536 bytes,   22292112 total
- age  10:     118704 bytes,   22410816 total
- age  11:      91168 bytes,   22501984 total
- age  12:      85936 bytes,   22587920 total
- age  13:     124168 bytes,   22712088 total
- age  14:      89328 bytes,   22801416 total
- age  15:     152728 bytes,   22954144 total
 1499902.053: [G1Ergonomics (CSet Construction) start choosing CSet, _pending_cards: 21370, predicted base time: 7.99 ms, remaining time: 52.01 ms, target pause time: 60.00 ms]
 1499902.053: [G1Ergonomics (CSet Construction) add young regions to CSet, eden: 553 regions, survivors: 9 regions, predicted young region time: 43.91 ms]
 1499902.053: [G1Ergonomics (CSet Construction) finish choosing CSet, eden: 553 regions, survivors: 9 regions, old: 0 regions, predicted pause time: 51.91 ms, target pause time: 60.00 ms]
, 0.0210246 secs]
   [Parallel Time: 18.7 ms, GC Workers: 8]
      [GC Worker Start (ms): Min: 1499902053.3, Avg: 1499902053.3, Max: 1499902053.4, Diff: 0.1]
      [Ext Root Scanning (ms): Min: 1.3, Avg: 1.5, Max: 2.2, Diff: 0.9, Sum: 12.1]
      [Update RS (ms): Min: 5.1, Avg: 5.7, Max: 6.1, Diff: 1.0, Sum: 45.9]
         [Processed Buffers: Min: 13, Avg: 22.0, Max: 33, Diff: 20, Sum: 176]
      [Scan RS (ms): Min: 0.0, Avg: 0.1, Max: 0.1, Diff: 0.1, Sum: 0.6]
      [Code Root Scanning (ms): Min: 0.0, Avg: 0.0, Max: 0.0, Diff: 0.0, Sum: 0.0]
      [Object Copy (ms): Min: 11.1, Avg: 11.2, Max: 11.3, Diff: 0.2, Sum: 89.5]
      [Termination (ms): Min: 0.0, Avg: 0.0, Max: 0.0, Diff: 0.0, Sum: 0.0]
      [GC Worker Other (ms): Min: 0.0, Avg: 0.1, Max: 0.1, Diff: 0.1, Sum: 0.5]
      [GC Worker Total (ms): Min: 18.5, Avg: 18.6, Max: 18.6, Diff: 0.1, Sum: 148.6]
      [GC Worker End (ms): Min: 1499902071.9, Avg: 1499902071.9, Max: 1499902071.9, Diff: 0.1]
   [Code Root Fixup: 0.2 ms]
   [Code Root Purge: 0.0 ms]
   [Clear CT: 0.3 ms]
   [Other: 1.8 ms]
      [Choose CSet: 0.0 ms]
      [Ref Proc: 0.2 ms]
      [Ref Enq: 0.0 ms]
      [Redirty Cards: 0.1 ms]
      [Humongous Reclaim: 0.0 ms]
      [Free CSet: 0.9 ms]
   [Eden: 2212.0M(2212.0M)->0.0B(2212.0M) Survivors: 36.0M->36.0M Heap: 3574.1M(4500.0M)->1362.3M(4500.0M)]
Heap after GC invocations=32922 (full 0):
 garbage-first heap   total 4608000K, used 1394951K [0x00000006a6c00000, 0x00000006a7002328, 0x00000007c0000000)
  region size 4096K, 9 young (36864K), 9 survivors (36864K)
 Metaspace       used 124692K, capacity 128524K, committed 129664K, reserved 1165312K
  class space    used 13846K, capacity 14512K, committed 14720K, reserved 1048576K
}
 [Times: user=0.11 sys=0.04, real=0.02 secs] 
{Heap before GC invocations=32922 (full 0):
 garbage-first heap   total 4608000K, used 3660039K [0x00000006a6c00000, 0x00000006a7002328, 0x00000007c0000000)
  region size 4096K, 562 young (2301952K), 9 survivors (36864K)
 Metaspace       used 124692K, capacity 128524K, committed 129664K, reserved 1165312K
  class space    used 13846K, capacity 14512K, committed 14720K, reserved 1048576K
2019-04-29T01:12:01.511+0800: 1499930.730: [GC pause (G1 Evacuation Pause) (young)
Desired survivor size 148897792 bytes, new threshold 15 (max 15)
- age   1:   17428920 bytes,   17428920 total
- age   2:    1946832 bytes,   19375752 total
- age   3:     927672 bytes,   20303424 total
- age   4:    1298280 bytes,   21601704 total
- age   5:     283176 bytes,   21884880 total
- age   6:     236808 bytes,   22121688 total
- age   7:     480392 bytes,   22602080 total
- age   8:     414512 bytes,   23016592 total
- age   9:     236376 bytes,   23252968 total
- age  10:     116536 bytes,   23369504 total
- age  11:     118704 bytes,   23488208 total
- age  12:      91168 bytes,   23579376 total
- age  13:      85936 bytes,   23665312 total
- age  14:     124168 bytes,   23789480 total
- age  15:      89328 bytes,   23878808 total
 1499930.730: [G1Ergonomics (CSet Construction) start choosing CSet, _pending_cards: 21503, predicted base time: 8.32 ms, remaining time: 51.68 ms, target pause time: 60.00 ms]
 1499930.730: [G1Ergonomics (CSet Construction) add young regions to CSet, eden: 553 regions, survivors: 9 regions, predicted young region time: 42.69 ms]
 1499930.730: [G1Ergonomics (CSet Construction) finish choosing CSet, eden: 553 regions, survivors: 9 regions, old: 0 regions, predicted pause time: 51.01 ms, target pause time: 60.00 ms]
, 0.0186475 secs]
   [Parallel Time: 16.7 ms, GC Workers: 8]
      [GC Worker Start (ms): Min: 1499930730.2, Avg: 1499930730.2, Max: 1499930730.2, Diff: 0.1]
      [Ext Root Scanning (ms): Min: 1.1, Avg: 1.4, Max: 2.3, Diff: 1.1, Sum: 11.1]
      [Update RS (ms): Min: 4.5, Avg: 5.3, Max: 5.6, Diff: 1.1, Sum: 42.2]
         [Processed Buffers: Min: 15, Avg: 21.9, Max: 42, Diff: 27, Sum: 175]
      [Scan RS (ms): Min: 0.0, Avg: 0.1, Max: 0.2, Diff: 0.1, Sum: 0.6]
      [Code Root Scanning (ms): Min: 0.0, Avg: 0.0, Max: 0.0, Diff: 0.0, Sum: 0.0]
      [Object Copy (ms): Min: 9.7, Avg: 9.8, Max: 9.9, Diff: 0.2, Sum: 78.5]
      [Termination (ms): Min: 0.0, Avg: 0.0, Max: 0.0, Diff: 0.0, Sum: 0.0]
      [GC Worker Other (ms): Min: 0.0, Avg: 0.0, Max: 0.1, Diff: 0.1, Sum: 0.4]
      [GC Worker Total (ms): Min: 16.5, Avg: 16.6, Max: 16.7, Diff: 0.1, Sum: 132.8]
      [GC Worker End (ms): Min: 1499930746.8, Avg: 1499930746.8, Max: 1499930746.8, Diff: 0.0]
   [Code Root Fixup: 0.2 ms]
   [Code Root Purge: 0.0 ms]
   [Clear CT: 0.3 ms]
   [Other: 1.4 ms]
      [Choose CSet: 0.0 ms]
      [Ref Proc: 0.2 ms]
      [Ref Enq: 0.0 ms]
      [Redirty Cards: 0.1 ms]
      [Humongous Reclaim: 0.0 ms]
      [Free CSet: 0.6 ms]
   [Eden: 2212.0M(2212.0M)->0.0B(2212.0M) Survivors: 36.0M->36.0M Heap: 3574.3M(4500.0M)->1362.4M(4500.0M)]
Heap after GC invocations=32923 (full 0):
 garbage-first heap   total 4608000K, used 1395127K [0x00000006a6c00000, 0x00000006a7002328, 0x00000007c0000000)
  region size 4096K, 9 young (36864K), 9 survivors (36864K)
 Metaspace       used 124692K, capacity 128524K, committed 129664K, reserved 1165312K
  class space    used 13846K, capacity 14512K, committed 14720K, reserved 1048576K
}
 [Times: user=0.11 sys=0.03, real=0.02 secs] 
{Heap before GC invocations=32923 (full 0):
 garbage-first heap   total 4608000K, used 3660215K [0x00000006a6c00000, 0x00000006a7002328, 0x00000007c0000000)
  region size 4096K, 562 young (2301952K), 9 survivors (36864K)
 Metaspace       used 124692K, capacity 128524K, committed 129664K, reserved 1165312K
  class space    used 13846K, capacity 14512K, committed 14720K, reserved 1048576K
2019-04-29T01:12:26.628+0800: 1499955.847: [GC pause (G1 Evacuation Pause) (young)
Desired survivor size 148897792 bytes, new threshold 15 (max 15)
- age   1:   14730288 bytes,   14730288 total
- age   2:    1889080 bytes,   16619368 total
- age   3:     580064 bytes,   17199432 total
- age   4:     348640 bytes,   17548072 total
- age   5:    1295944 bytes,   18844016 total
- age   6:     282112 bytes,   19126128 total
- age   7:     236560 bytes,   19362688 total
- age   8:     480392 bytes,   19843080 total
- age   9:     414512 bytes,   20257592 total
- age  10:     236376 bytes,   20493968 total
- age  11:     116536 bytes,   20610504 total
- age  12:     118632 bytes,   20729136 total
- age  13:      91168 bytes,   20820304 total
- age  14:      85936 bytes,   20906240 total
- age  15:     124168 bytes,   21030408 total
 1499955.847: [G1Ergonomics (CSet Construction) start choosing CSet, _pending_cards: 21481, predicted base time: 8.23 ms, remaining time: 51.77 ms, target pause time: 60.00 ms]
 1499955.847: [G1Ergonomics (CSet Construction) add young regions to CSet, eden: 553 regions, survivors: 9 regions, predicted young region time: 39.67 ms]
 1499955.847: [G1Ergonomics (CSet Construction) finish choosing CSet, eden: 553 regions, survivors: 9 regions, old: 0 regions, predicted pause time: 47.89 ms, target pause time: 60.00 ms]
, 0.0189616 secs]
   [Parallel Time: 17.0 ms, GC Workers: 8]
      [GC Worker Start (ms): Min: 1499955846.9, Avg: 1499955847.0, Max: 1499955847.0, Diff: 0.1]
      [Ext Root Scanning (ms): Min: 1.0, Avg: 1.3, Max: 2.0, Diff: 1.0, Sum: 10.2]
      [Update RS (ms): Min: 4.6, Avg: 5.2, Max: 5.5, Diff: 1.0, Sum: 41.3]
         [Processed Buffers: Min: 16, Avg: 22.5, Max: 33, Diff: 17, Sum: 180]
      [Scan RS (ms): Min: 0.0, Avg: 0.1, Max: 0.1, Diff: 0.1, Sum: 0.6]
      [Code Root Scanning (ms): Min: 0.0, Avg: 0.0, Max: 0.0, Diff: 0.0, Sum: 0.0]
      [Object Copy (ms): Min: 10.3, Avg: 10.4, Max: 10.5, Diff: 0.2, Sum: 82.8]
      [Termination (ms): Min: 0.0, Avg: 0.0, Max: 0.0, Diff: 0.0, Sum: 0.0]
      [GC Worker Other (ms): Min: 0.0, Avg: 0.0, Max: 0.1, Diff: 0.1, Sum: 0.3]
      [GC Worker Total (ms): Min: 16.9, Avg: 16.9, Max: 17.0, Diff: 0.1, Sum: 135.3]
      [GC Worker End (ms): Min: 1499955863.9, Avg: 1499955863.9, Max: 1499955863.9, Diff: 0.0]
   [Code Root Fixup: 0.2 ms]
   [Code Root Purge: 0.0 ms]
   [Clear CT: 0.3 ms]
   [Other: 1.4 ms]
      [Choose CSet: 0.0 ms]
      [Ref Proc: 0.2 ms]
      [Ref Enq: 0.0 ms]
      [Redirty Cards: 0.1 ms]
      [Humongous Reclaim: 0.0 ms]
      [Free CSet: 0.6 ms]
   [Eden: 2212.0M(2212.0M)->0.0B(2212.0M) Survivors: 36.0M->36.0M Heap: 3574.4M(4500.0M)->1362.2M(4500.0M)]
Heap after GC invocations=32924 (full 0):
 garbage-first heap   total 4608000K, used 1394931K [0x00000006a6c00000, 0x00000006a7002328, 0x00000007c0000000)
  region size 4096K, 9 young (36864K), 9 survivors (36864K)
 Metaspace       used 124692K, capacity 128524K, committed 129664K, reserved 1165312K
  class space    used 13846K, capacity 14512K, committed 14720K, reserved 1048576K
}
 [Times: user=0.11 sys=0.02, real=0.02 secs] 
{Heap before GC invocations=32924 (full 0):
 garbage-first heap   total 4608000K, used 3660019K [0x00000006a6c00000, 0x00000006a7002328, 0x00000007c0000000)
  region size 4096K, 562 young (2301952K), 9 survivors (36864K)
 Metaspace       used 124692K, capacity 128524K, committed 129664K, reserved 1165312K
  class space    used 13846K, capacity 14512K, committed 14720K, reserved 1048576K
2019-04-29T01:12:52.474+0800: 1499981.693: [GC pause (G1 Evacuation Pause) (young)
Desired survivor size 148897792 bytes, new threshold 15 (max 15)
- age   1:   16136400 bytes,   16136400 total
- age   2:    2021432 bytes,   18157832 total
- age   3:     496368 bytes,   18654200 total
- age   4:     192464 bytes,   18846664 total
- age   5:     341784 bytes,   19188448 total
- age   6:    1294920 bytes,   20483368 total
- age   7:     279888 bytes,   20763256 total
- age   8:     235808 bytes,   20999064 total
- age   9:     480360 bytes,   21479424 total
- age  10:     414512 bytes,   21893936 total
- age  11:     236376 bytes,   22130312 total
- age  12:     116536 bytes,   22246848 total
- age  13:     118632 bytes,   22365480 total
- age  14:      91168 bytes,   22456648 total
- age  15:      85936 bytes,   22542584 total
 1499981.693: [G1Ergonomics (CSet Construction) start choosing CSet, _pending_cards: 21256, predicted base time: 8.06 ms, remaining time: 51.94 ms, target pause time: 60.00 ms]
 1499981.693: [G1Ergonomics (CSet Construction) add young regions to CSet, eden: 553 regions, survivors: 9 regions, predicted young region time: 43.71 ms]
 1499981.693: [G1Ergonomics (CSet Construction) finish choosing CSet, eden: 553 regions, survivors: 9 regions, old: 0 regions, predicted pause time: 51.76 ms, target pause time: 60.00 ms]
, 0.0190192 secs]
   [Parallel Time: 17.0 ms, GC Workers: 8]
      [GC Worker Start (ms): Min: 1499981693.3, Avg: 1499981693.3, Max: 1499981693.4, Diff: 0.1]
      [Ext Root Scanning (ms): Min: 1.2, Avg: 1.7, Max: 4.4, Diff: 3.2, Sum: 13.5]
      [Update RS (ms): Min: 2.8, Avg: 5.1, Max: 5.7, Diff: 2.9, Sum: 40.9]
         [Processed Buffers: Min: 7, Avg: 21.6, Max: 43, Diff: 36, Sum: 173]
      [Scan RS (ms): Min: 0.0, Avg: 0.1, Max: 0.1, Diff: 0.1, Sum: 0.6]
      [Code Root Scanning (ms): Min: 0.0, Avg: 0.0, Max: 0.0, Diff: 0.0, Sum: 0.0]
      [Object Copy (ms): Min: 9.7, Avg: 10.0, Max: 10.1, Diff: 0.4, Sum: 79.7]
      [Termination (ms): Min: 0.0, Avg: 0.0, Max: 0.0, Diff: 0.0, Sum: 0.0]
      [GC Worker Other (ms): Min: 0.0, Avg: 0.0, Max: 0.1, Diff: 0.1, Sum: 0.3]
      [GC Worker Total (ms): Min: 16.8, Avg: 16.9, Max: 17.0, Diff: 0.1, Sum: 135.1]
      [GC Worker End (ms): Min: 1499981710.2, Avg: 1499981710.2, Max: 1499981710.3, Diff: 0.1]
   [Code Root Fixup: 0.2 ms]
   [Code Root Purge: 0.0 ms]
   [Clear CT: 0.3 ms]
   [Other: 1.4 ms]
      [Choose CSet: 0.0 ms]
      [Ref Proc: 0.2 ms]
      [Ref Enq: 0.0 ms]
      [Redirty Cards: 0.1 ms]
      [Humongous Reclaim: 0.0 ms]
      [Free CSet: 0.7 ms]
   [Eden: 2212.0M(2212.0M)->0.0B(2212.0M) Survivors: 36.0M->36.0M Heap: 3574.2M(4500.0M)->1362.7M(4500.0M)]
Heap after GC invocations=32925 (full 0):
 garbage-first heap   total 4608000K, used 1395429K [0x00000006a6c00000, 0x00000006a7002328, 0x00000007c0000000)
  region size 4096K, 9 young (36864K), 9 survivors (36864K)
 Metaspace       used 124692K, capacity 128524K, committed 129664K, reserved 1165312K
  class space    used 13846K, capacity 14512K, committed 14720K, reserved 1048576K
}
 [Times: user=0.11 sys=0.03, real=0.02 secs] 
{Heap before GC invocations=32925 (full 0):
 garbage-first heap   total 4608000K, used 3660517K [0x00000006a6c00000, 0x00000006a7002328, 0x00000007c0000000)
  region size 4096K, 562 young (2301952K), 9 survivors (36864K)
 Metaspace       used 124692K, capacity 128524K, committed 129664K, reserved 1165312K
  class space    used 13846K, capacity 14512K, committed 14720K, reserved 1048576K
2019-04-29T01:13:19.848+0800: 1500009.067: [GC pause (G1 Evacuation Pause) (young)
Desired survivor size 148897792 bytes, new threshold 15 (max 15)
- age   1:   15207728 bytes,   15207728 total
- age   2:    1874104 bytes,   17081832 total
- age   3:     801224 bytes,   17883056 total
- age   4:     287168 bytes,   18170224 total
- age   5:     188736 bytes,   18358960 total
- age   6:     341240 bytes,   18700200 total
- age   7:    1294136 bytes,   19994336 total
- age   8:     279376 bytes,   20273712 total
- age   9:     235808 bytes,   20509520 total
- age  10:     476248 bytes,   20985768 total
- age  11:     414512 bytes,   21400280 total
- age  12:     236376 bytes,   21636656 total
- age  13:     116536 bytes,   21753192 total
- age  14:     118632 bytes,   21871824 total
- age  15:      91168 bytes,   21962992 total
 1500009.067: [G1Ergonomics (CSet Construction) start choosing CSet, _pending_cards: 21584, predicted base time: 8.20 ms, remaining time: 51.80 ms, target pause time: 60.00 ms]
 1500009.067: [G1Ergonomics (CSet Construction) add young regions to CSet, eden: 553 regions, survivors: 9 regions, predicted young region time: 36.93 ms]
 1500009.067: [G1Ergonomics (CSet Construction) finish choosing CSet, eden: 553 regions, survivors: 9 regions, old: 0 regions, predicted pause time: 45.13 ms, target pause time: 60.00 ms]
, 0.0196883 secs]
   [Parallel Time: 17.7 ms, GC Workers: 8]
      [GC Worker Start (ms): Min: 1500009067.1, Avg: 1500009067.1, Max: 1500009067.2, Diff: 0.1]
      [Ext Root Scanning (ms): Min: 1.0, Avg: 1.3, Max: 2.2, Diff: 1.1, Sum: 10.4]
      [Update RS (ms): Min: 4.4, Avg: 5.2, Max: 5.6, Diff: 1.1, Sum: 41.8]
         [Processed Buffers: Min: 13, Avg: 23.0, Max: 36, Diff: 23, Sum: 184]
      [Scan RS (ms): Min: 0.0, Avg: 0.1, Max: 0.1, Diff: 0.1, Sum: 0.6]
      [Code Root Scanning (ms): Min: 0.0, Avg: 0.0, Max: 0.0, Diff: 0.0, Sum: 0.0]
      [Object Copy (ms): Min: 10.9, Avg: 11.0, Max: 11.1, Diff: 0.2, Sum: 88.1]
      [Termination (ms): Min: 0.0, Avg: 0.0, Max: 0.0, Diff: 0.0, Sum: 0.0]
      [GC Worker Other (ms): Min: 0.0, Avg: 0.0, Max: 0.1, Diff: 0.1, Sum: 0.3]
      [GC Worker Total (ms): Min: 17.6, Avg: 17.7, Max: 17.7, Diff: 0.1, Sum: 141.3]
      [GC Worker End (ms): Min: 1500009084.8, Avg: 1500009084.8, Max: 1500009084.8, Diff: 0.0]
   [Code Root Fixup: 0.2 ms]
   [Code Root Purge: 0.0 ms]
   [Clear CT: 0.3 ms]
   [Other: 1.4 ms]
      [Choose CSet: 0.0 ms]
      [Ref Proc: 0.2 ms]
      [Ref Enq: 0.0 ms]
      [Redirty Cards: 0.1 ms]
      [Humongous Reclaim: 0.0 ms]
      [Free CSet: 0.6 ms]
   [Eden: 2212.0M(2212.0M)->0.0B(2212.0M) Survivors: 36.0M->36.0M Heap: 3574.7M(4500.0M)->1362.8M(4500.0M)]
Heap after GC invocations=32926 (full 0):
 garbage-first heap   total 4608000K, used 1395547K [0x00000006a6c00000, 0x00000006a7002328, 0x00000007c0000000)
  region size 4096K, 9 young (36864K), 9 survivors (36864K)
 Metaspace       used 124692K, capacity 128524K, committed 129664K, reserved 1165312K
  class space    used 13846K, capacity 14512K, committed 14720K, reserved 1048576K
}
 [Times: user=0.12 sys=0.03, real=0.02 secs] 
{Heap before GC invocations=32926 (full 0):
 garbage-first heap   total 4608000K, used 3660635K [0x00000006a6c00000, 0x00000006a7002328, 0x00000007c0000000)
  region size 4096K, 562 young (2301952K), 9 survivors (36864K)
 Metaspace       used 124692K, capacity 128524K, committed 129664K, reserved 1165312K
  class space    used 13846K, capacity 14512K, committed 14720K, reserved 1048576K
2019-04-29T01:13:46.522+0800: 1500035.740: [GC pause (G1 Evacuation Pause) (young)
Desired survivor size 148897792 bytes, new threshold 15 (max 15)
- age   1:   17176008 bytes,   17176008 total
- age   2:    1728008 bytes,   18904016 total
- age   3:     695256 bytes,   19599272 total
- age   4:     148000 bytes,   19747272 total
- age   5:     179928 bytes,   19927200 total
- age   6:     188464 bytes,   20115664 total
- age   7:     340280 bytes,   20455944 total
- age   8:    1292616 bytes,   21748560 total
- age   9:     279376 bytes,   22027936 total
- age  10:     235808 bytes,   22263744 total
- age  11:     476248 bytes,   22739992 total
- age  12:     414512 bytes,   23154504 total
- age  13:     236376 bytes,   23390880 total
- age  14:     116536 bytes,   23507416 total
- age  15:     118632 bytes,   23626048 total
 1500035.741: [G1Ergonomics (CSet Construction) start choosing CSet, _pending_cards: 21086, predicted base time: 7.99 ms, remaining time: 52.01 ms, target pause time: 60.00 ms]
 1500035.741: [G1Ergonomics (CSet Construction) add young regions to CSet, eden: 553 regions, survivors: 9 regions, predicted young region time: 39.00 ms]
 1500035.741: [G1Ergonomics (CSet Construction) finish choosing CSet, eden: 553 regions, survivors: 9 regions, old: 0 regions, predicted pause time: 46.98 ms, target pause time: 60.00 ms]
, 0.0194071 secs]
   [Parallel Time: 17.1 ms, GC Workers: 8]
      [GC Worker Start (ms): Min: 1500035740.9, Avg: 1500035740.9, Max: 1500035741.0, Diff: 0.1]
      [Ext Root Scanning (ms): Min: 1.2, Avg: 1.4, Max: 2.2, Diff: 1.0, Sum: 11.6]
      [Update RS (ms): Min: 5.4, Avg: 6.0, Max: 6.2, Diff: 0.8, Sum: 48.0]
         [Processed Buffers: Min: 11, Avg: 22.5, Max: 43, Diff: 32, Sum: 180]
      [Scan RS (ms): Min: 0.0, Avg: 0.1, Max: 0.1, Diff: 0.1, Sum: 0.7]
      [Code Root Scanning (ms): Min: 0.0, Avg: 0.0, Max: 0.0, Diff: 0.0, Sum: 0.0]
      [Object Copy (ms): Min: 9.2, Avg: 9.3, Max: 9.4, Diff: 0.3, Sum: 74.8]
      [Termination (ms): Min: 0.0, Avg: 0.0, Max: 0.0, Diff: 0.0, Sum: 0.0]
      [GC Worker Other (ms): Min: 0.0, Avg: 0.1, Max: 0.1, Diff: 0.1, Sum: 0.4]
      [GC Worker Total (ms): Min: 16.9, Avg: 16.9, Max: 17.0, Diff: 0.1, Sum: 135.5]
      [GC Worker End (ms): Min: 1500035757.8, Avg: 1500035757.9, Max: 1500035757.9, Diff: 0.1]
   [Code Root Fixup: 0.3 ms]
   [Code Root Purge: 0.0 ms]
   [Clear CT: 0.3 ms]
   [Other: 1.8 ms]
      [Choose CSet: 0.0 ms]
      [Ref Proc: 0.2 ms]
      [Ref Enq: 0.0 ms]
      [Redirty Cards: 0.1 ms]
      [Humongous Reclaim: 0.0 ms]
      [Free CSet: 0.9 ms]
   [Eden: 2212.0M(2212.0M)->0.0B(2212.0M) Survivors: 36.0M->36.0M Heap: 3574.8M(4500.0M)->1363.0M(4500.0M)]
Heap after GC invocations=32927 (full 0):
 garbage-first heap   total 4608000K, used 1395709K [0x00000006a6c00000, 0x00000006a7002328, 0x00000007c0000000)
  region size 4096K, 9 young (36864K), 9 survivors (36864K)
 Metaspace       used 124692K, capacity 128524K, committed 129664K, reserved 1165312K
  class space    used 13846K, capacity 14512K, committed 14720K, reserved 1048576K
}
 [Times: user=0.10 sys=0.04, real=0.02 secs] 
{Heap before GC invocations=32927 (full 0):
 garbage-first heap   total 4608000K, used 3660797K [0x00000006a6c00000, 0x00000006a7002328, 0x00000007c0000000)
  region size 4096K, 562 young (2301952K), 9 survivors (36864K)
 Metaspace       used 124692K, capacity 128524K, committed 129664K, reserved 1165312K
  class space    used 13846K, capacity 14512K, committed 14720K, reserved 1048576K
2019-04-29T01:14:12.200+0800: 1500061.419: [GC pause (G1 Evacuation Pause) (young)
Desired survivor size 148897792 bytes, new threshold 15 (max 15)
- age   1:   14225896 bytes,   14225896 total
- age   2:    1958368 bytes,   16184264 total
- age   3:     346312 bytes,   16530576 total
- age   4:     182240 bytes,   16712816 total
- age   5:     146888 bytes,   16859704 total
- age   6:     179096 bytes,   17038800 total
- age   7:     188464 bytes,   17227264 total
- age   8:     340280 bytes,   17567544 total
- age   9:    1292616 bytes,   18860160 total
- age  10:     279376 bytes,   19139536 total
- age  11:     235808 bytes,   19375344 total
- age  12:     476248 bytes,   19851592 total
- age  13:     414512 bytes,   20266104 total
- age  14:     236376 bytes,   20502480 total
- age  15:     116536 bytes,   20619016 total
 1500061.419: [G1Ergonomics (CSet Construction) start choosing CSet, _pending_cards: 21265, predicted base time: 8.44 ms, remaining time: 51.56 ms, target pause time: 60.00 ms]
 1500061.419: [G1Ergonomics (CSet Construction) add young regions to CSet, eden: 553 regions, survivors: 9 regions, predicted young region time: 36.29 ms]
 1500061.419: [G1Ergonomics (CSet Construction) finish choosing CSet, eden: 553 regions, survivors: 9 regions, old: 0 regions, predicted pause time: 44.73 ms, target pause time: 60.00 ms]
, 0.0177564 secs]
   [Parallel Time: 15.9 ms, GC Workers: 8]
      [GC Worker Start (ms): Min: 1500061419.2, Avg: 1500061419.3, Max: 1500061419.3, Diff: 0.1]
      [Ext Root Scanning (ms): Min: 1.1, Avg: 1.3, Max: 2.0, Diff: 0.9, Sum: 10.5]
      [Update RS (ms): Min: 4.8, Avg: 5.2, Max: 5.5, Diff: 0.7, Sum: 42.0]
         [Processed Buffers: Min: 11, Avg: 22.2, Max: 44, Diff: 33, Sum: 178]
      [Scan RS (ms): Min: 0.0, Avg: 0.1, Max: 0.2, Diff: 0.1, Sum: 0.6]
      [Code Root Scanning (ms): Min: 0.0, Avg: 0.0, Max: 0.0, Diff: 0.0, Sum: 0.0]
      [Object Copy (ms): Min: 9.0, Avg: 9.1, Max: 9.2, Diff: 0.2, Sum: 73.0]
      [Termination (ms): Min: 0.0, Avg: 0.0, Max: 0.0, Diff: 0.0, Sum: 0.0]
      [GC Worker Other (ms): Min: 0.0, Avg: 0.0, Max: 0.1, Diff: 0.0, Sum: 0.3]
      [GC Worker Total (ms): Min: 15.7, Avg: 15.8, Max: 15.9, Diff: 0.1, Sum: 126.5]
      [GC Worker End (ms): Min: 1500061435.1, Avg: 1500061435.1, Max: 1500061435.1, Diff: 0.0]
   [Code Root Fixup: 0.2 ms]
   [Code Root Purge: 0.0 ms]
   [Clear CT: 0.2 ms]
   [Other: 1.4 ms]
      [Choose CSet: 0.0 ms]
      [Ref Proc: 0.2 ms]
      [Ref Enq: 0.0 ms]
      [Redirty Cards: 0.1 ms]
      [Humongous Reclaim: 0.0 ms]
      [Free CSet: 0.6 ms]
   [Eden: 2212.0M(2212.0M)->0.0B(2212.0M) Survivors: 36.0M->36.0M Heap: 3575.0M(4500.0M)->1362.8M(4500.0M)]
Heap after GC invocations=32928 (full 0):
 garbage-first heap   total 4608000K, used 1395473K [0x00000006a6c00000, 0x00000006a7002328, 0x00000007c0000000)
  region size 4096K, 9 young (36864K), 9 survivors (36864K)
 Metaspace       used 124692K, capacity 128524K, committed 129664K, reserved 1165312K
  class space    used 13846K, capacity 14512K, committed 14720K, reserved 1048576K
}
 [Times: user=0.13 sys=0.00, real=0.01 secs] 
{Heap before GC invocations=32928 (full 0):
 garbage-first heap   total 4608000K, used 3660561K [0x00000006a6c00000, 0x00000006a7002328, 0x00000007c0000000)
  region size 4096K, 562 young (2301952K), 9 survivors (36864K)
 Metaspace       used 124692K, capacity 128524K, committed 129664K, reserved 1165312K
  class space    used 13846K, capacity 14512K, committed 14720K, reserved 1048576K
2019-04-29T01:14:39.853+0800: 1500089.072: [GC pause (G1 Evacuation Pause) (young)
Desired survivor size 148897792 bytes, new threshold 15 (max 15)
- age   1:   13690904 bytes,   13690904 total
- age   2:    1906544 bytes,   15597448 total
- age   3:     630808 bytes,   16228256 total
- age   4:     130968 bytes,   16359224 total
- age   5:     175624 bytes,   16534848 total
- age   6:     146792 bytes,   16681640 total
- age   7:     177136 bytes,   16858776 total
- age   8:     188464 bytes,   17047240 total
- age   9:     340136 bytes,   17387376 total
- age  10:    1292592 bytes,   18679968 total
- age  11:     279376 bytes,   18959344 total
- age  12:     235808 bytes,   19195152 total
- age  13:     476248 bytes,   19671400 total
- age  14:     414512 bytes,   20085912 total
- age  15:     236376 bytes,   20322288 total
 1500089.072: [G1Ergonomics (CSet Construction) start choosing CSet, _pending_cards: 21571, predicted base time: 8.37 ms, remaining time: 51.63 ms, target pause time: 60.00 ms]
 1500089.072: [G1Ergonomics (CSet Construction) add young regions to CSet, eden: 553 regions, survivors: 9 regions, predicted young region time: 30.71 ms]
 1500089.072: [G1Ergonomics (CSet Construction) finish choosing CSet, eden: 553 regions, survivors: 9 regions, old: 0 regions, predicted pause time: 39.08 ms, target pause time: 60.00 ms]
, 0.0189264 secs]
   [Parallel Time: 17.0 ms, GC Workers: 8]
      [GC Worker Start (ms): Min: 1500089071.9, Avg: 1500089072.0, Max: 1500089072.0, Diff: 0.1]
      [Ext Root Scanning (ms): Min: 1.1, Avg: 1.3, Max: 2.1, Diff: 1.0, Sum: 10.4]
      [Update RS (ms): Min: 4.5, Avg: 5.2, Max: 5.5, Diff: 1.0, Sum: 41.5]
         [Processed Buffers: Min: 13, Avg: 22.1, Max: 31, Diff: 18, Sum: 177]
      [Scan RS (ms): Min: 0.0, Avg: 0.1, Max: 0.1, Diff: 0.1, Sum: 0.6]
      [Code Root Scanning (ms): Min: 0.0, Avg: 0.0, Max: 0.0, Diff: 0.0, Sum: 0.0]
      [Object Copy (ms): Min: 10.2, Avg: 10.3, Max: 10.4, Diff: 0.2, Sum: 82.5]
      [Termination (ms): Min: 0.0, Avg: 0.0, Max: 0.0, Diff: 0.0, Sum: 0.0]
      [GC Worker Other (ms): Min: 0.0, Avg: 0.0, Max: 0.1, Diff: 0.1, Sum: 0.3]
      [GC Worker Total (ms): Min: 16.9, Avg: 16.9, Max: 17.0, Diff: 0.1, Sum: 135.4]
      [GC Worker End (ms): Min: 1500089088.9, Avg: 1500089088.9, Max: 1500089088.9, Diff: 0.1]
   [Code Root Fixup: 0.2 ms]
   [Code Root Purge: 0.0 ms]
   [Clear CT: 0.3 ms]
   [Other: 1.4 ms]
      [Choose CSet: 0.0 ms]
      [Ref Proc: 0.2 ms]
      [Ref Enq: 0.0 ms]
      [Redirty Cards: 0.1 ms]
      [Humongous Reclaim: 0.0 ms]
      [Free CSet: 0.6 ms]
   [Eden: 2212.0M(2212.0M)->0.0B(2212.0M) Survivors: 36.0M->36.0M Heap: 3574.8M(4500.0M)->1363.4M(4500.0M)]
Heap after GC invocations=32929 (full 0):
 garbage-first heap   total 4608000K, used 1396153K [0x00000006a6c00000, 0x00000006a7002328, 0x00000007c0000000)
  region size 4096K, 9 young (36864K), 9 survivors (36864K)
 Metaspace       used 124692K, capacity 128524K, committed 129664K, reserved 1165312K
  class space    used 13846K, capacity 14512K, committed 14720K, reserved 1048576K
}
 [Times: user=0.11 sys=0.03, real=0.02 secs] 
{Heap before GC invocations=32929 (full 0):
 garbage-first heap   total 4608000K, used 3661241K [0x00000006a6c00000, 0x00000006a7002328, 0x00000007c0000000)
  region size 4096K, 562 young (2301952K), 9 survivors (36864K)
 Metaspace       used 124692K, capacity 128524K, committed 129664K, reserved 1165312K
  class space    used 13846K, capacity 14512K, committed 14720K, reserved 1048576K
2019-04-29T01:15:01.864+0800: 1500111.082: [GC pause (G1 Evacuation Pause) (young)
Desired survivor size 148897792 bytes, new threshold 15 (max 15)
- age   1:   15883960 bytes,   15883960 total
- age   2:    1674912 bytes,   17558872 total
- age   3:     674352 bytes,   18233224 total
- age   4:     185184 bytes,   18418408 total
- age   5:     130568 bytes,   18548976 total
- age   6:     175304 bytes,   18724280 total
- age   7:     146040 bytes,   18870320 total
- age   8:     176016 bytes,   19046336 total
- age   9:     187328 bytes,   19233664 total
- age  10:     340024 bytes,   19573688 total
- age  11:    1292592 bytes,   20866280 total
- age  12:     279376 bytes,   21145656 total
- age  13:     235808 bytes,   21381464 total
- age  14:     476248 bytes,   21857712 total
- age  15:     414512 bytes,   22272224 total
 1500111.082: [G1Ergonomics (CSet Construction) start choosing CSet, _pending_cards: 20625, predicted base time: 7.98 ms, remaining time: 52.02 ms, target pause time: 60.00 ms]
 1500111.082: [G1Ergonomics (CSet Construction) add young regions to CSet, eden: 553 regions, survivors: 9 regions, predicted young region time: 36.96 ms]
 1500111.082: [G1Ergonomics (CSet Construction) finish choosing CSet, eden: 553 regions, survivors: 9 regions, old: 0 regions, predicted pause time: 44.94 ms, target pause time: 60.00 ms]
, 0.0190565 secs]
   [Parallel Time: 16.9 ms, GC Workers: 8]
      [GC Worker Start (ms): Min: 1500111082.6, Avg: 1500111082.6, Max: 1500111082.7, Diff: 0.1]
      [Ext Root Scanning (ms): Min: 1.1, Avg: 1.6, Max: 4.3, Diff: 3.3, Sum: 12.6]
      [Update RS (ms): Min: 2.4, Avg: 5.1, Max: 5.7, Diff: 3.3, Sum: 41.0]
         [Processed Buffers: Min: 13, Avg: 22.0, Max: 37, Diff: 24, Sum: 176]
      [Scan RS (ms): Min: 0.0, Avg: 0.1, Max: 0.1, Diff: 0.1, Sum: 0.6]
      [Code Root Scanning (ms): Min: 0.0, Avg: 0.0, Max: 0.0, Diff: 0.0, Sum: 0.0]
      [Object Copy (ms): Min: 9.4, Avg: 9.6, Max: 9.8, Diff: 0.3, Sum: 77.2]
      [Termination (ms): Min: 0.0, Avg: 0.0, Max: 0.0, Diff: 0.0, Sum: 0.0]
      [GC Worker Other (ms): Min: 0.0, Avg: 0.2, Max: 0.2, Diff: 0.2, Sum: 1.4]
      [GC Worker Total (ms): Min: 16.5, Avg: 16.6, Max: 16.7, Diff: 0.2, Sum: 132.9]
      [GC Worker End (ms): Min: 1500111099.1, Avg: 1500111099.2, Max: 1500111099.3, Diff: 0.2]
   [Code Root Fixup: 0.2 ms]
   [Code Root Purge: 0.0 ms]
   [Clear CT: 0.4 ms]
   [Other: 1.5 ms]
      [Choose CSet: 0.0 ms]
      [Ref Proc: 0.2 ms]
      [Ref Enq: 0.0 ms]
      [Redirty Cards: 0.1 ms]
      [Humongous Reclaim: 0.0 ms]
      [Free CSet: 0.6 ms]
   [Eden: 2212.0M(2212.0M)->0.0B(2212.0M) Survivors: 36.0M->36.0M Heap: 3575.4M(4500.0M)->1363.9M(4500.0M)]
Heap after GC invocations=32930 (full 0):
 garbage-first heap   total 4608000K, used 1396682K [0x00000006a6c00000, 0x00000006a7002328, 0x00000007c0000000)
  region size 4096K, 9 young (36864K), 9 survivors (36864K)
 Metaspace       used 124692K, capacity 128524K, committed 129664K, reserved 1165312K
  class space    used 13846K, capacity 14512K, committed 14720K, reserved 1048576K
}
 [Times: user=0.11 sys=0.02, real=0.02 secs] 
{Heap before GC invocations=32930 (full 0):
 garbage-first heap   total 4608000K, used 3661770K [0x00000006a6c00000, 0x00000006a7002328, 0x00000007c0000000)
  region size 4096K, 562 young (2301952K), 9 survivors (36864K)
 Metaspace       used 124692K, capacity 128524K, committed 129664K, reserved 1165312K
  class space    used 13846K, capacity 14512K, committed 14720K, reserved 1048576K
2019-04-29T01:15:26.205+0800: 1500135.424: [GC pause (G1 Evacuation Pause) (young)
Desired survivor size 148897792 bytes, new threshold 15 (max 15)
- age   1:   14361464 bytes,   14361464 total
- age   2:    2032416 bytes,   16393880 total
- age   3:     756520 bytes,   17150400 total
- age   4:      93232 bytes,   17243632 total
- age   5:      97824 bytes,   17341456 total
- age   6:     130328 bytes,   17471784 total
- age   7:     172904 bytes,   17644688 total
- age   8:     145816 bytes,   17790504 total
- age   9:     175680 bytes,   17966184 total
- age  10:     187216 bytes,   18153400 total
- age  11:     339912 bytes,   18493312 total
- age  12:    1292368 bytes,   19785680 total
- age  13:     279376 bytes,   20065056 total
- age  14:     235808 bytes,   20300864 total
- age  15:     476136 bytes,   20777000 total
 1500135.424: [G1Ergonomics (CSet Construction) start choosing CSet, _pending_cards: 21850, predicted base time: 8.54 ms, remaining time: 51.46 ms, target pause time: 60.00 ms]
 1500135.424: [G1Ergonomics (CSet Construction) add young regions to CSet, eden: 553 regions, survivors: 9 regions, predicted young region time: 30.25 ms]
 1500135.424: [G1Ergonomics (CSet Construction) finish choosing CSet, eden: 553 regions, survivors: 9 regions, old: 0 regions, predicted pause time: 38.80 ms, target pause time: 60.00 ms]
, 0.0175668 secs]
   [Parallel Time: 15.8 ms, GC Workers: 8]
      [GC Worker Start (ms): Min: 1500135424.1, Avg: 1500135424.1, Max: 1500135424.1, Diff: 0.1]
      [Ext Root Scanning (ms): Min: 1.0, Avg: 1.3, Max: 2.2, Diff: 1.2, Sum: 10.3]
      [Update RS (ms): Min: 4.5, Avg: 5.3, Max: 5.6, Diff: 1.2, Sum: 42.3]
         [Processed Buffers: Min: 15, Avg: 22.6, Max: 47, Diff: 32, Sum: 181]
      [Scan RS (ms): Min: 0.0, Avg: 0.1, Max: 0.1, Diff: 0.1, Sum: 0.6]
      [Code Root Scanning (ms): Min: 0.0, Avg: 0.0, Max: 0.0, Diff: 0.0, Sum: 0.0]
      [Object Copy (ms): Min: 8.9, Avg: 9.0, Max: 9.1, Diff: 0.2, Sum: 71.8]
      [Termination (ms): Min: 0.0, Avg: 0.0, Max: 0.0, Diff: 0.0, Sum: 0.0]
      [GC Worker Other (ms): Min: 0.0, Avg: 0.0, Max: 0.1, Diff: 0.0, Sum: 0.3]
      [GC Worker Total (ms): Min: 15.7, Avg: 15.7, Max: 15.7, Diff: 0.1, Sum: 125.5]
      [GC Worker End (ms): Min: 1500135439.8, Avg: 1500135439.8, Max: 1500135439.8, Diff: 0.0]
   [Code Root Fixup: 0.2 ms]
   [Code Root Purge: 0.0 ms]
   [Clear CT: 0.2 ms]
   [Other: 1.4 ms]
      [Choose CSet: 0.0 ms]
      [Ref Proc: 0.2 ms]
      [Ref Enq: 0.0 ms]
      [Redirty Cards: 0.1 ms]
      [Humongous Reclaim: 0.0 ms]
      [Free CSet: 0.6 ms]
   [Eden: 2212.0M(2212.0M)->0.0B(2212.0M) Survivors: 36.0M->36.0M Heap: 3575.9M(4500.0M)->1364.2M(4500.0M)]
Heap after GC invocations=32931 (full 0):
 garbage-first heap   total 4608000K, used 1396937K [0x00000006a6c00000, 0x00000006a7002328, 0x00000007c0000000)
  region size 4096K, 9 young (36864K), 9 survivors (36864K)
 Metaspace       used 124692K, capacity 128524K, committed 129664K, reserved 1165312K
  class space    used 13846K, capacity 14512K, committed 14720K, reserved 1048576K
}
 [Times: user=0.11 sys=0.02, real=0.02 secs] 
{Heap before GC invocations=32931 (full 0):
 garbage-first heap   total 4608000K, used 3662025K [0x00000006a6c00000, 0x00000006a7002328, 0x00000007c0000000)
  region size 4096K, 562 young (2301952K), 9 survivors (36864K)
 Metaspace       used 124692K, capacity 128524K, committed 129664K, reserved 1165312K
  class space    used 13846K, capacity 14512K, committed 14720K, reserved 1048576K
2019-04-29T01:15:53.262+0800: 1500162.481: [GC pause (G1 Evacuation Pause) (young)
Desired survivor size 148897792 bytes, new threshold 15 (max 15)
- age   1:   13626688 bytes,   13626688 total
- age   2:    1524840 bytes,   15151528 total
- age   3:     809520 bytes,   15961048 total
- age   4:     122480 bytes,   16083528 total
- age   5:      93120 bytes,   16176648 total
- age   6:      97424 bytes,   16274072 total
- age   7:     128992 bytes,   16403064 total
- age   8:     172432 bytes,   16575496 total
- age   9:     145816 bytes,   16721312 total
- age  10:     174784 bytes,   16896096 total
- age  11:     186992 bytes,   17083088 total
- age  12:     339576 bytes,   17422664 total
- age  13:    1292256 bytes,   18714920 total
- age  14:     279264 bytes,   18994184 total
- age  15:     235808 bytes,   19229992 total
 1500162.481: [G1Ergonomics (CSet Construction) start choosing CSet, _pending_cards: 21964, predicted base time: 8.39 ms, remaining time: 51.61 ms, target pause time: 60.00 ms]
 1500162.481: [G1Ergonomics (CSet Construction) add young regions to CSet, eden: 553 regions, survivors: 9 regions, predicted young region time: 25.12 ms]
 1500162.481: [G1Ergonomics (CSet Construction) finish choosing CSet, eden: 553 regions, survivors: 9 regions, old: 0 regions, predicted pause time: 33.51 ms, target pause time: 60.00 ms]
, 0.0231794 secs]
   [Parallel Time: 21.2 ms, GC Workers: 8]
      [GC Worker Start (ms): Min: 1500162480.9, Avg: 1500162480.9, Max: 1500162481.0, Diff: 0.1]
      [Ext Root Scanning (ms): Min: 1.2, Avg: 1.4, Max: 2.2, Diff: 0.9, Sum: 11.5]
      [Update RS (ms): Min: 5.2, Avg: 5.8, Max: 6.1, Diff: 0.8, Sum: 46.3]
         [Processed Buffers: Min: 13, Avg: 22.4, Max: 45, Diff: 32, Sum: 179]
      [Scan RS (ms): Min: 0.0, Avg: 0.1, Max: 0.1, Diff: 0.1, Sum: 0.7]
      [Code Root Scanning (ms): Min: 0.0, Avg: 0.0, Max: 0.0, Diff: 0.0, Sum: 0.0]
      [Object Copy (ms): Min: 13.6, Avg: 13.7, Max: 13.8, Diff: 0.2, Sum: 109.5]
      [Termination (ms): Min: 0.0, Avg: 0.0, Max: 0.0, Diff: 0.0, Sum: 0.0]
      [GC Worker Other (ms): Min: 0.0, Avg: 0.1, Max: 0.1, Diff: 0.1, Sum: 0.5]
      [GC Worker Total (ms): Min: 21.0, Avg: 21.1, Max: 21.1, Diff: 0.0, Sum: 168.5]
      [GC Worker End (ms): Min: 1500162502.0, Avg: 1500162502.0, Max: 1500162502.0, Diff: 0.1]
   [Code Root Fixup: 0.2 ms]
   [Code Root Purge: 0.0 ms]
   [Clear CT: 0.3 ms]
   [Other: 1.5 ms]
      [Choose CSet: 0.0 ms]
      [Ref Proc: 0.2 ms]
      [Ref Enq: 0.0 ms]
      [Redirty Cards: 0.1 ms]
      [Humongous Reclaim: 0.0 ms]
      [Free CSet: 0.6 ms]
   [Eden: 2212.0M(2212.0M)->0.0B(2212.0M) Survivors: 36.0M->36.0M Heap: 3576.2M(4500.0M)->1365.1M(4500.0M)]
Heap after GC invocations=32932 (full 0):
 garbage-first heap   total 4608000K, used 1397867K [0x00000006a6c00000, 0x00000006a7002328, 0x00000007c0000000)
  region size 4096K, 9 young (36864K), 9 survivors (36864K)
 Metaspace       used 124692K, capacity 128524K, committed 129664K, reserved 1165312K
  class space    used 13846K, capacity 14512K, committed 14720K, reserved 1048576K
}
 [Times: user=0.17 sys=0.00, real=0.02 secs] 
{Heap before GC invocations=32932 (full 0):
 garbage-first heap   total 4608000K, used 3662955K [0x00000006a6c00000, 0x00000006a7002328, 0x00000007c0000000)
  region size 4096K, 562 young (2301952K), 9 survivors (36864K)
 Metaspace       used 124692K, capacity 128524K, committed 129664K, reserved 1165312K
  class space    used 13846K, capacity 14512K, committed 14720K, reserved 1048576K
2019-04-29T01:16:17.789+0800: 1500187.008: [GC pause (G1 Evacuation Pause) (young)
Desired survivor size 148897792 bytes, new threshold 15 (max 15)
- age   1:   22610904 bytes,   22610904 total
- age   2:    1810968 bytes,   24421872 total
- age   3:     681736 bytes,   25103608 total
- age   4:      91456 bytes,   25195064 total
- age   5:     116040 bytes,   25311104 total
- age   6:      92056 bytes,   25403160 total
- age   7:      96352 bytes,   25499512 total
- age   8:     127088 bytes,   25626600 total
- age   9:     172400 bytes,   25799000 total
- age  10:     145816 bytes,   25944816 total
- age  11:     174448 bytes,   26119264 total
- age  12:     186880 bytes,   26306144 total
- age  13:     339576 bytes,   26645720 total
- age  14:    1247696 bytes,   27893416 total
- age  15:     279264 bytes,   28172680 total
 1500187.008: [G1Ergonomics (CSet Construction) start choosing CSet, _pending_cards: 21266, predicted base time: 8.31 ms, remaining time: 51.69 ms, target pause time: 60.00 ms]
 1500187.008: [G1Ergonomics (CSet Construction) add young regions to CSet, eden: 553 regions, survivors: 9 regions, predicted young region time: 39.57 ms]
 1500187.008: [G1Ergonomics (CSet Construction) finish choosing CSet, eden: 553 regions, survivors: 9 regions, old: 0 regions, predicted pause time: 47.89 ms, target pause time: 60.00 ms]
, 0.0227432 secs]
   [Parallel Time: 20.5 ms, GC Workers: 8]
      [GC Worker Start (ms): Min: 1500187008.6, Avg: 1500187008.6, Max: 1500187008.7, Diff: 0.1]
      [Ext Root Scanning (ms): Min: 1.0, Avg: 1.3, Max: 2.0, Diff: 1.0, Sum: 10.1]
      [Update RS (ms): Min: 4.8, Avg: 5.4, Max: 5.7, Diff: 1.0, Sum: 43.3]
         [Processed Buffers: Min: 14, Avg: 22.2, Max: 45, Diff: 31, Sum: 178]
      [Scan RS (ms): Min: 0.0, Avg: 0.1, Max: 0.1, Diff: 0.1, Sum: 0.6]
      [Code Root Scanning (ms): Min: 0.0, Avg: 0.0, Max: 0.0, Diff: 0.0, Sum: 0.0]
      [Object Copy (ms): Min: 13.5, Avg: 13.6, Max: 13.6, Diff: 0.2, Sum: 108.6]
      [Termination (ms): Min: 0.0, Avg: 0.0, Max: 0.0, Diff: 0.0, Sum: 0.0]
      [GC Worker Other (ms): Min: 0.0, Avg: 0.1, Max: 0.1, Diff: 0.1, Sum: 0.4]
      [GC Worker Total (ms): Min: 20.4, Avg: 20.4, Max: 20.5, Diff: 0.1, Sum: 163.2]
      [GC Worker End (ms): Min: 1500187029.0, Avg: 1500187029.0, Max: 1500187029.0, Diff: 0.1]
   [Code Root Fixup: 0.2 ms]
   [Code Root Purge: 0.0 ms]
   [Clear CT: 0.3 ms]
   [Other: 1.7 ms]
      [Choose CSet: 0.0 ms]
      [Ref Proc: 0.2 ms]
      [Ref Enq: 0.0 ms]
      [Redirty Cards: 0.1 ms]
      [Humongous Reclaim: 0.0 ms]
      [Free CSet: 0.9 ms]
   [Eden: 2212.0M(2212.0M)->0.0B(2212.0M) Survivors: 36.0M->36.0M Heap: 3577.1M(4500.0M)->1367.5M(4500.0M)]
Heap after GC invocations=32933 (full 0):
 garbage-first heap   total 4608000K, used 1400304K [0x00000006a6c00000, 0x00000006a7002328, 0x00000007c0000000)
  region size 4096K, 9 young (36864K), 9 survivors (36864K)
 Metaspace       used 124692K, capacity 128524K, committed 129664K, reserved 1165312K
  class space    used 13846K, capacity 14512K, committed 14720K, reserved 1048576K
}
 [Times: user=0.14 sys=0.03, real=0.03 secs] 
{Heap before GC invocations=32933 (full 0):
 garbage-first heap   total 4608000K, used 3665392K [0x00000006a6c00000, 0x00000006a7002328, 0x00000007c0000000)
  region size 4096K, 562 young (2301952K), 9 survivors (36864K)
 Metaspace       used 124692K, capacity 128524K, committed 129664K, reserved 1165312K
  class space    used 13846K, capacity 14512K, committed 14720K, reserved 1048576K
2019-04-29T01:16:41.541+0800: 1500210.760: [GC pause (G1 Evacuation Pause) (young)
Desired survivor size 148897792 bytes, new threshold 15 (max 15)
- age   1:   24719216 bytes,   24719216 total
- age   2:    2036376 bytes,   26755592 total
- age   3:     775296 bytes,   27530888 total
- age   4:      95872 bytes,   27626760 total
- age   5:      91424 bytes,   27718184 total
- age   6:     115736 bytes,   27833920 total
- age   7:      92056 bytes,   27925976 total
- age   8:      95384 bytes,   28021360 total
- age   9:     125568 bytes,   28146928 total
- age  10:     171888 bytes,   28318816 total
- age  11:     145264 bytes,   28464080 total
- age  12:     174336 bytes,   28638416 total
- age  13:     185968 bytes,   28824384 total
- age  14:     339248 bytes,   29163632 total
- age  15:     505656 bytes,   29669288 total
 1500210.760: [G1Ergonomics (CSet Construction) start choosing CSet, _pending_cards: 21155, predicted base time: 8.22 ms, remaining time: 51.78 ms, target pause time: 60.00 ms]
 1500210.760: [G1Ergonomics (CSet Construction) add young regions to CSet, eden: 553 regions, survivors: 9 regions, predicted young region time: 185.95 ms]
 1500210.760: [G1Ergonomics (CSet Construction) finish choosing CSet, eden: 553 regions, survivors: 9 regions, old: 0 regions, predicted pause time: 194.17 ms, target pause time: 60.00 ms]
, 0.0180124 secs]
   [Parallel Time: 16.1 ms, GC Workers: 8]
      [GC Worker Start (ms): Min: 1500210760.2, Avg: 1500210760.2, Max: 1500210760.3, Diff: 0.1]
      [Ext Root Scanning (ms): Min: 1.1, Avg: 1.4, Max: 2.1, Diff: 1.0, Sum: 11.1]
      [Update RS (ms): Min: 4.9, Avg: 5.3, Max: 5.6, Diff: 0.8, Sum: 42.6]
         [Processed Buffers: Min: 12, Avg: 22.4, Max: 44, Diff: 32, Sum: 179]
      [Scan RS (ms): Min: 0.0, Avg: 0.1, Max: 0.1, Diff: 0.1, Sum: 0.6]
      [Code Root Scanning (ms): Min: 0.0, Avg: 0.0, Max: 0.0, Diff: 0.0, Sum: 0.0]
      [Object Copy (ms): Min: 9.0, Avg: 9.1, Max: 9.3, Diff: 0.3, Sum: 73.2]
      [Termination (ms): Min: 0.0, Avg: 0.0, Max: 0.0, Diff: 0.0, Sum: 0.0]
      [GC Worker Other (ms): Min: 0.0, Avg: 0.0, Max: 0.1, Diff: 0.0, Sum: 0.3]
      [GC Worker Total (ms): Min: 15.9, Avg: 16.0, Max: 16.0, Diff: 0.1, Sum: 127.9]
      [GC Worker End (ms): Min: 1500210776.2, Avg: 1500210776.2, Max: 1500210776.3, Diff: 0.0]
   [Code Root Fixup: 0.2 ms]
   [Code Root Purge: 0.0 ms]
   [Clear CT: 0.3 ms]
   [Other: 1.4 ms]
      [Choose CSet: 0.0 ms]
      [Ref Proc: 0.2 ms]
      [Ref Enq: 0.0 ms]
      [Redirty Cards: 0.1 ms]
      [Humongous Reclaim: 0.0 ms]
      [Free CSet: 0.6 ms]
   [Eden: 2212.0M(2212.0M)->0.0B(2212.0M) Survivors: 36.0M->36.0M Heap: 3579.5M(4500.0M)->1366.1M(4500.0M)]
Heap after GC invocations=32934 (full 0):
 garbage-first heap   total 4608000K, used 1398905K [0x00000006a6c00000, 0x00000006a7002328, 0x00000007c0000000)
  region size 4096K, 9 young (36864K), 9 survivors (36864K)
 Metaspace       used 124692K, capacity 128524K, committed 129664K, reserved 1165312K
  class space    used 13846K, capacity 14512K, committed 14720K, reserved 1048576K
}
 [Times: user=0.11 sys=0.03, real=0.01 secs] 
{Heap before GC invocations=32934 (full 0):
 garbage-first heap   total 4608000K, used 3663993K [0x00000006a6c00000, 0x00000006a7002328, 0x00000007c0000000)
  region size 4096K, 562 young (2301952K), 9 survivors (36864K)
 Metaspace       used 124692K, capacity 128524K, committed 129664K, reserved 1165312K
  class space    used 13846K, capacity 14512K, committed 14720K, reserved 1048576K
2019-04-29T01:17:06.493+0800: 1500235.711: [GC pause (G1 Evacuation Pause) (young)
Desired survivor size 148897792 bytes, new threshold 15 (max 15)
- age   1:   14416096 bytes,   14416096 total
- age   2:    2861048 bytes,   17277144 total
- age   3:    1033208 bytes,   18310352 total
- age   4:     194472 bytes,   18504824 total
- age   5:      94880 bytes,   18599704 total
- age   6:      90800 bytes,   18690504 total
- age   7:     113848 bytes,   18804352 total
- age   8:      92056 bytes,   18896408 total
- age   9:      95384 bytes,   18991792 total
- age  10:     121456 bytes,   19113248 total
- age  11:     171888 bytes,   19285136 total
- age  12:     145264 bytes,   19430400 total
- age  13:     174336 bytes,   19604736 total
- age  14:     184288 bytes,   19789024 total
- age  15:     339248 bytes,   20128272 total
 1500235.712: [G1Ergonomics (CSet Construction) start choosing CSet, _pending_cards: 21780, predicted base time: 8.33 ms, remaining time: 51.67 ms, target pause time: 60.00 ms]
 1500235.712: [G1Ergonomics (CSet Construction) add young regions to CSet, eden: 553 regions, survivors: 9 regions, predicted young region time: 138.54 ms]
 1500235.712: [G1Ergonomics (CSet Construction) finish choosing CSet, eden: 553 regions, survivors: 9 regions, old: 0 regions, predicted pause time: 146.87 ms, target pause time: 60.00 ms]
, 0.0180960 secs]
   [Parallel Time: 16.2 ms, GC Workers: 8]
      [GC Worker Start (ms): Min: 1500235711.7, Avg: 1500235711.8, Max: 1500235711.8, Diff: 0.1]
      [Ext Root Scanning (ms): Min: 1.1, Avg: 1.3, Max: 2.2, Diff: 1.1, Sum: 10.7]
      [Update RS (ms): Min: 4.8, Avg: 5.4, Max: 5.7, Diff: 0.9, Sum: 42.9]
         [Processed Buffers: Min: 15, Avg: 23.1, Max: 30, Diff: 15, Sum: 185]
      [Scan RS (ms): Min: 0.0, Avg: 0.1, Max: 0.1, Diff: 0.1, Sum: 0.6]
      [Code Root Scanning (ms): Min: 0.0, Avg: 0.0, Max: 0.0, Diff: 0.0, Sum: 0.0]
      [Object Copy (ms): Min: 9.0, Avg: 9.2, Max: 9.3, Diff: 0.3, Sum: 73.8]
      [Termination (ms): Min: 0.0, Avg: 0.0, Max: 0.0, Diff: 0.0, Sum: 0.0]
      [GC Worker Other (ms): Min: 0.0, Avg: 0.1, Max: 0.1, Diff: 0.1, Sum: 0.4]
      [GC Worker Total (ms): Min: 16.0, Avg: 16.1, Max: 16.1, Diff: 0.1, Sum: 128.5]
      [GC Worker End (ms): Min: 1500235727.8, Avg: 1500235727.8, Max: 1500235727.8, Diff: 0.1]
   [Code Root Fixup: 0.3 ms]
   [Code Root Purge: 0.0 ms]
   [Clear CT: 0.3 ms]
   [Other: 1.4 ms]
      [Choose CSet: 0.0 ms]
      [Ref Proc: 0.2 ms]
      [Ref Enq: 0.0 ms]
      [Redirty Cards: 0.1 ms]
      [Humongous Reclaim: 0.0 ms]
      [Free CSet: 0.6 ms]
   [Eden: 2212.0M(2212.0M)->0.0B(2212.0M) Survivors: 36.0M->36.0M Heap: 3578.1M(4500.0M)->1366.4M(4500.0M)]
Heap after GC invocations=32935 (full 0):
 garbage-first heap   total 4608000K, used 1399233K [0x00000006a6c00000, 0x00000006a7002328, 0x00000007c0000000)
  region size 4096K, 9 young (36864K), 9 survivors (36864K)
 Metaspace       used 124692K, capacity 128524K, committed 129664K, reserved 1165312K
  class space    used 13846K, capacity 14512K, committed 14720K, reserved 1048576K
}
 [Times: user=0.11 sys=0.03, real=0.02 secs] 
{Heap before GC invocations=32935 (full 0):
 garbage-first heap   total 4608000K, used 3664321K [0x00000006a6c00000, 0x00000006a7002328, 0x00000007c0000000)
  region size 4096K, 562 young (2301952K), 9 survivors (36864K)
 Metaspace       used 124692K, capacity 128524K, committed 129664K, reserved 1165312K
  class space    used 13846K, capacity 14512K, committed 14720K, reserved 1048576K
2019-04-29T01:17:35.028+0800: 1500264.247: [GC pause (G1 Evacuation Pause) (young)
Desired survivor size 148897792 bytes, new threshold 15 (max 15)
- age   1:   15613248 bytes,   15613248 total
- age   2:    1629888 bytes,   17243136 total
- age   3:     950064 bytes,   18193200 total
- age   4:     388784 bytes,   18581984 total
- age   5:     193544 bytes,   18775528 total
- age   6:      94208 bytes,   18869736 total
- age   7:      89200 bytes,   18958936 total
- age   8:     113512 bytes,   19072448 total
- age   9:      92056 bytes,   19164504 total
- age  10:      95384 bytes,   19259888 total
- age  11:     121456 bytes,   19381344 total
- age  12:     171888 bytes,   19553232 total
- age  13:     145264 bytes,   19698496 total
- age  14:     174336 bytes,   19872832 total
- age  15:     184288 bytes,   20057120 total
 1500264.247: [G1Ergonomics (CSet Construction) start choosing CSet, _pending_cards: 22243, predicted base time: 8.37 ms, remaining time: 51.63 ms, target pause time: 60.00 ms]
 1500264.247: [G1Ergonomics (CSet Construction) add young regions to CSet, eden: 553 regions, survivors: 9 regions, predicted young region time: 104.88 ms]
 1500264.247: [G1Ergonomics (CSet Construction) finish choosing CSet, eden: 553 regions, survivors: 9 regions, old: 0 regions, predicted pause time: 113.25 ms, target pause time: 60.00 ms]
, 0.0239288 secs]
   [Parallel Time: 22.0 ms, GC Workers: 8]
      [GC Worker Start (ms): Min: 1500264246.9, Avg: 1500264246.9, Max: 1500264247.0, Diff: 0.1]
      [Ext Root Scanning (ms): Min: 1.1, Avg: 1.4, Max: 2.2, Diff: 1.0, Sum: 11.2]
      [Update RS (ms): Min: 4.8, Avg: 5.5, Max: 5.8, Diff: 1.0, Sum: 43.6]
         [Processed Buffers: Min: 15, Avg: 23.4, Max: 40, Diff: 25, Sum: 187]
      [Scan RS (ms): Min: 0.0, Avg: 0.1, Max: 0.1, Diff: 0.1, Sum: 0.6]
      [Code Root Scanning (ms): Min: 0.0, Avg: 0.0, Max: 0.0, Diff: 0.0, Sum: 0.0]
      [Object Copy (ms): Min: 14.8, Avg: 14.9, Max: 15.0, Diff: 0.2, Sum: 119.1]
      [Termination (ms): Min: 0.0, Avg: 0.0, Max: 0.0, Diff: 0.0, Sum: 0.0]
      [GC Worker Other (ms): Min: 0.0, Avg: 0.0, Max: 0.1, Diff: 0.1, Sum: 0.4]
      [GC Worker Total (ms): Min: 21.8, Avg: 21.9, Max: 21.9, Diff: 0.1, Sum: 175.0]
      [GC Worker End (ms): Min: 1500264268.8, Avg: 1500264268.8, Max: 1500264268.8, Diff: 0.1]
   [Code Root Fixup: 0.2 ms]
   [Code Root Purge: 0.0 ms]
   [Clear CT: 0.3 ms]
   [Other: 1.4 ms]
      [Choose CSet: 0.0 ms]
      [Ref Proc: 0.2 ms]
      [Ref Enq: 0.0 ms]
      [Redirty Cards: 0.1 ms]
      [Humongous Reclaim: 0.0 ms]
      [Free CSet: 0.6 ms]
   [Eden: 2212.0M(2212.0M)->0.0B(2212.0M) Survivors: 36.0M->36.0M Heap: 3578.4M(4500.0M)->1369.0M(4500.0M)]
Heap after GC invocations=32936 (full 0):
 garbage-first heap   total 4608000K, used 1401849K [0x00000006a6c00000, 0x00000006a7002328, 0x00000007c0000000)
  region size 4096K, 9 young (36864K), 9 survivors (36864K)
 Metaspace       used 124692K, capacity 128524K, committed 129664K, reserved 1165312K
  class space    used 13846K, capacity 14512K, committed 14720K, reserved 1048576K
}
 [Times: user=0.15 sys=0.04, real=0.03 secs] 
{Heap before GC invocations=32936 (full 0):
 garbage-first heap   total 4608000K, used 3666937K [0x00000006a6c00000, 0x00000006a7002328, 0x00000007c0000000)
  region size 4096K, 562 young (2301952K), 9 survivors (36864K)
 Metaspace       used 124692K, capacity 128524K, committed 129664K, reserved 1165312K
  class space    used 13846K, capacity 14512K, committed 14720K, reserved 1048576K
2019-04-29T01:17:58.836+0800: 1500288.055: [GC pause (G1 Evacuation Pause) (young)
Desired survivor size 148897792 bytes, new threshold 15 (max 15)
- age   1:   26054240 bytes,   26054240 total
- age   2:    1849608 bytes,   27903848 total
- age   3:     577328 bytes,   28481176 total
- age   4:     357008 bytes,   28838184 total
- age   5:     380656 bytes,   29218840 total
- age   6:     192280 bytes,   29411120 total
- age   7:      91472 bytes,   29502592 total
- age   8:      89200 bytes,   29591792 total
- age   9:     113480 bytes,   29705272 total
- age  10:      92056 bytes,   29797328 total
- age  11:      95384 bytes,   29892712 total
- age  12:     121456 bytes,   30014168 total
- age  13:     171888 bytes,   30186056 total
- age  14:     145264 bytes,   30331320 total
- age  15:     174336 bytes,   30505656 total
 1500288.055: [G1Ergonomics (CSet Construction) start choosing CSet, _pending_cards: 22210, predicted base time: 8.31 ms, remaining time: 51.69 ms, target pause time: 60.00 ms]
 1500288.055: [G1Ergonomics (CSet Construction) add young regions to CSet, eden: 553 regions, survivors: 9 regions, predicted young region time: 108.22 ms]
 1500288.055: [G1Ergonomics (CSet Construction) finish choosing CSet, eden: 553 regions, survivors: 9 regions, old: 0 regions, predicted pause time: 116.54 ms, target pause time: 60.00 ms]
, 0.0200946 secs]
   [Parallel Time: 18.2 ms, GC Workers: 8]
      [GC Worker Start (ms): Min: 1500288054.9, Avg: 1500288054.9, Max: 1500288054.9, Diff: 0.1]
      [Ext Root Scanning (ms): Min: 1.1, Avg: 1.6, Max: 4.3, Diff: 3.3, Sum: 12.7]
      [Update RS (ms): Min: 2.7, Avg: 5.2, Max: 5.8, Diff: 3.1, Sum: 41.5]
         [Processed Buffers: Min: 14, Avg: 23.4, Max: 32, Diff: 18, Sum: 187]
      [Scan RS (ms): Min: 0.0, Avg: 0.1, Max: 0.1, Diff: 0.1, Sum: 0.6]
      [Code Root Scanning (ms): Min: 0.0, Avg: 0.0, Max: 0.0, Diff: 0.0, Sum: 0.0]
      [Object Copy (ms): Min: 11.0, Avg: 11.1, Max: 11.2, Diff: 0.2, Sum: 89.0]
      [Termination (ms): Min: 0.0, Avg: 0.0, Max: 0.0, Diff: 0.0, Sum: 0.0]
      [GC Worker Other (ms): Min: 0.0, Avg: 0.0, Max: 0.1, Diff: 0.1, Sum: 0.3]
      [GC Worker Total (ms): Min: 18.0, Avg: 18.0, Max: 18.1, Diff: 0.1, Sum: 144.3]
      [GC Worker End (ms): Min: 1500288072.9, Avg: 1500288072.9, Max: 1500288073.0, Diff: 0.0]
   [Code Root Fixup: 0.3 ms]
   [Code Root Purge: 0.0 ms]
   [Clear CT: 0.3 ms]
   [Other: 1.4 ms]
      [Choose CSet: 0.0 ms]
      [Ref Proc: 0.2 ms]
      [Ref Enq: 0.0 ms]
      [Redirty Cards: 0.1 ms]
      [Humongous Reclaim: 0.0 ms]
      [Free CSet: 0.6 ms]
   [Eden: 2212.0M(2212.0M)->0.0B(2212.0M) Survivors: 36.0M->36.0M Heap: 3581.0M(4500.0M)->1367.2M(4500.0M)]
Heap after GC invocations=32937 (full 0):
 garbage-first heap   total 4608000K, used 1400036K [0x00000006a6c00000, 0x00000006a7002328, 0x00000007c0000000)
  region size 4096K, 9 young (36864K), 9 survivors (36864K)
 Metaspace       used 124692K, capacity 128524K, committed 129664K, reserved 1165312K
  class space    used 13846K, capacity 14512K, committed 14720K, reserved 1048576K
}
 [Times: user=0.13 sys=0.03, real=0.02 secs] 
{Heap before GC invocations=32937 (full 0):
 garbage-first heap   total 4608000K, used 3665124K [0x00000006a6c00000, 0x00000006a7002328, 0x00000007c0000000)
  region size 4096K, 562 young (2301952K), 9 survivors (36864K)
 Metaspace       used 124692K, capacity 128524K, committed 129664K, reserved 1165312K
  class space    used 13846K, capacity 14512K, committed 14720K, reserved 1048576K
2019-04-29T01:18:23.358+0800: 1500312.577: [GC pause (G1 Evacuation Pause) (young)
Desired survivor size 148897792 bytes, new threshold 15 (max 15)
- age   1:   18017040 bytes,   18017040 total
- age   2:    2409872 bytes,   20426912 total
- age   3:     695504 bytes,   21122416 total
- age   4:     202328 bytes,   21324744 total
- age   5:     356544 bytes,   21681288 total
- age   6:     379544 bytes,   22060832 total
- age   7:     192280 bytes,   22253112 total
- age   8:      91472 bytes,   22344584 total
- age   9:      89200 bytes,   22433784 total
- age  10:     113480 bytes,   22547264 total
- age  11:      92056 bytes,   22639320 total
- age  12:      95384 bytes,   22734704 total
- age  13:     121456 bytes,   22856160 total
- age  14:     171888 bytes,   23028048 total
- age  15:     145264 bytes,   23173312 total
 1500312.577: [G1Ergonomics (CSet Construction) start choosing CSet, _pending_cards: 21510, predicted base time: 8.12 ms, remaining time: 51.88 ms, target pause time: 60.00 ms]
 1500312.577: [G1Ergonomics (CSet Construction) add young regions to CSet, eden: 553 regions, survivors: 9 regions, predicted young region time: 114.23 ms]
 1500312.577: [G1Ergonomics (CSet Construction) finish choosing CSet, eden: 553 regions, survivors: 9 regions, old: 0 regions, predicted pause time: 122.35 ms, target pause time: 60.00 ms]
, 0.0187238 secs]
   [Parallel Time: 16.6 ms, GC Workers: 8]
      [GC Worker Start (ms): Min: 1500312577.3, Avg: 1500312577.4, Max: 1500312577.4, Diff: 0.1]
      [Ext Root Scanning (ms): Min: 1.2, Avg: 1.4, Max: 2.4, Diff: 1.2, Sum: 11.4]
      [Update RS (ms): Min: 4.6, Avg: 5.3, Max: 5.5, Diff: 1.0, Sum: 42.1]
         [Processed Buffers: Min: 15, Avg: 22.5, Max: 45, Diff: 30, Sum: 180]
      [Scan RS (ms): Min: 0.0, Avg: 0.1, Max: 0.2, Diff: 0.2, Sum: 0.6]
      [Code Root Scanning (ms): Min: 0.0, Avg: 0.0, Max: 0.0, Diff: 0.0, Sum: 0.0]
      [Object Copy (ms): Min: 9.5, Avg: 9.6, Max: 9.7, Diff: 0.3, Sum: 77.0]
      [Termination (ms): Min: 0.0, Avg: 0.0, Max: 0.0, Diff: 0.0, Sum: 0.0]
      [GC Worker Other (ms): Min: 0.0, Avg: 0.1, Max: 0.1, Diff: 0.1, Sum: 0.5]
      [GC Worker Total (ms): Min: 16.4, Avg: 16.4, Max: 16.5, Diff: 0.1, Sum: 131.6]
      [GC Worker End (ms): Min: 1500312593.8, Avg: 1500312593.8, Max: 1500312593.8, Diff: 0.1]
   [Code Root Fixup: 0.2 ms]
   [Code Root Purge: 0.0 ms]
   [Clear CT: 0.3 ms]
   [Other: 1.6 ms]
      [Choose CSet: 0.0 ms]
      [Ref Proc: 0.2 ms]
      [Ref Enq: 0.0 ms]
      [Redirty Cards: 0.1 ms]
      [Humongous Reclaim: 0.0 ms]
      [Free CSet: 0.7 ms]
   [Eden: 2212.0M(2212.0M)->0.0B(2212.0M) Survivors: 36.0M->36.0M Heap: 3579.2M(4500.0M)->1367.5M(4500.0M)]
Heap after GC invocations=32938 (full 0):
 garbage-first heap   total 4608000K, used 1400274K [0x00000006a6c00000, 0x00000006a7002328, 0x00000007c0000000)
  region size 4096K, 9 young (36864K), 9 survivors (36864K)
 Metaspace       used 124692K, capacity 128524K, committed 129664K, reserved 1165312K
  class space    used 13846K, capacity 14512K, committed 14720K, reserved 1048576K
}
 [Times: user=0.10 sys=0.02, real=0.02 secs] 
{Heap before GC invocations=32938 (full 0):
 garbage-first heap   total 4608000K, used 3665362K [0x00000006a6c00000, 0x00000006a7002328, 0x00000007c0000000)
  region size 4096K, 562 young (2301952K), 9 survivors (36864K)
 Metaspace       used 124692K, capacity 128524K, committed 129664K, reserved 1165312K
  class space    used 13846K, capacity 14512K, committed 14720K, reserved 1048576K
2019-04-29T01:18:51.550+0800: 1500340.769: [GC pause (G1 Evacuation Pause) (young)
Desired survivor size 148897792 bytes, new threshold 15 (max 15)
- age   1:   15654576 bytes,   15654576 total
- age   2:    2096816 bytes,   17751392 total
- age   3:    1357856 bytes,   19109248 total
- age   4:     108504 bytes,   19217752 total
- age   5:     201736 bytes,   19419488 total
- age   6:     356144 bytes,   19775632 total
- age   7:     379192 bytes,   20154824 total
- age   8:     191008 bytes,   20345832 total
- age   9:      91248 bytes,   20437080 total
- age  10:      89200 bytes,   20526280 total
- age  11:     113480 bytes,   20639760 total
- age  12:      92056 bytes,   20731816 total
- age  13:      95384 bytes,   20827200 total
- age  14:     121456 bytes,   20948656 total
- age  15:     171888 bytes,   21120544 total
 1500340.769: [G1Ergonomics (CSet Construction) start choosing CSet, _pending_cards: 20837, predicted base time: 8.00 ms, remaining time: 52.00 ms, target pause time: 60.00 ms]
 1500340.769: [G1Ergonomics (CSet Construction) add young regions to CSet, eden: 553 regions, survivors: 9 regions, predicted young region time: 89.40 ms]
 1500340.769: [G1Ergonomics (CSet Construction) finish choosing CSet, eden: 553 regions, survivors: 9 regions, old: 0 regions, predicted pause time: 97.39 ms, target pause time: 60.00 ms]
, 0.0183784 secs]
   [Parallel Time: 16.4 ms, GC Workers: 8]
      [GC Worker Start (ms): Min: 1500340768.9, Avg: 1500340768.9, Max: 1500340769.0, Diff: 0.1]
      [Ext Root Scanning (ms): Min: 1.3, Avg: 1.6, Max: 2.2, Diff: 0.9, Sum: 12.5]
      [Update RS (ms): Min: 5.0, Avg: 5.6, Max: 5.8, Diff: 0.8, Sum: 44.9]
         [Processed Buffers: Min: 11, Avg: 20.6, Max: 34, Diff: 23, Sum: 165]
      [Scan RS (ms): Min: 0.0, Avg: 0.1, Max: 0.1, Diff: 0.1, Sum: 0.7]
      [Code Root Scanning (ms): Min: 0.0, Avg: 0.0, Max: 0.0, Diff: 0.0, Sum: 0.0]
      [Object Copy (ms): Min: 8.8, Avg: 8.9, Max: 9.0, Diff: 0.2, Sum: 71.6]
      [Termination (ms): Min: 0.0, Avg: 0.0, Max: 0.0, Diff: 0.0, Sum: 0.0]
      [GC Worker Other (ms): Min: 0.0, Avg: 0.1, Max: 0.1, Diff: 0.1, Sum: 0.4]
      [GC Worker Total (ms): Min: 16.2, Avg: 16.3, Max: 16.3, Diff: 0.1, Sum: 130.1]
      [GC Worker End (ms): Min: 1500340785.1, Avg: 1500340785.2, Max: 1500340785.2, Diff: 0.0]
   [Code Root Fixup: 0.2 ms]
   [Code Root Purge: 0.0 ms]
   [Clear CT: 0.3 ms]
   [Other: 1.5 ms]
      [Choose CSet: 0.0 ms]
      [Ref Proc: 0.2 ms]
      [Ref Enq: 0.0 ms]
      [Redirty Cards: 0.1 ms]
      [Humongous Reclaim: 0.0 ms]
      [Free CSet: 0.6 ms]
   [Eden: 2212.0M(2212.0M)->0.0B(2212.0M) Survivors: 36.0M->36.0M Heap: 3579.5M(4500.0M)->1367.3M(4500.0M)]
Heap after GC invocations=32939 (full 0):
 garbage-first heap   total 4608000K, used 1400143K [0x00000006a6c00000, 0x00000006a7002328, 0x00000007c0000000)
  region size 4096K, 9 young (36864K), 9 survivors (36864K)
 Metaspace       used 124692K, capacity 128524K, committed 129664K, reserved 1165312K
  class space    used 13846K, capacity 14512K, committed 14720K, reserved 1048576K
}
 [Times: user=0.11 sys=0.02, real=0.01 secs] 
{Heap before GC invocations=32939 (full 0):
 garbage-first heap   total 4608000K, used 3665231K [0x00000006a6c00000, 0x00000006a7002328, 0x00000007c0000000)
  region size 4096K, 562 young (2301952K), 9 survivors (36864K)
 Metaspace       used 124692K, capacity 128524K, committed 129664K, reserved 1165312K
  class space    used 13846K, capacity 14512K, committed 14720K, reserved 1048576K
2019-04-29T01:19:16.343+0800: 1500365.562: [GC pause (G1 Evacuation Pause) (young)
Desired survivor size 148897792 bytes, new threshold 15 (max 15)
- age   1:   14215152 bytes,   14215152 total
- age   2:    1812704 bytes,   16027856 total
- age   3:     984248 bytes,   17012104 total
- age   4:     562792 bytes,   17574896 total
- age   5:     107736 bytes,   17682632 total
- age   6:     201416 bytes,   17884048 total
- age   7:     355696 bytes,   18239744 total
- age   8:     379080 bytes,   18618824 total
- age   9:     190784 bytes,   18809608 total
- age  10:      91248 bytes,   18900856 total
- age  11:      89200 bytes,   18990056 total
- age  12:     113480 bytes,   19103536 total
- age  13:      92056 bytes,   19195592 total
- age  14:      95384 bytes,   19290976 total
- age  15:     121456 bytes,   19412432 total
 1500365.562: [G1Ergonomics (CSet Construction) start choosing CSet, _pending_cards: 21602, predicted base time: 8.43 ms, remaining time: 51.57 ms, target pause time: 60.00 ms]
 1500365.562: [G1Ergonomics (CSet Construction) add young regions to CSet, eden: 553 regions, survivors: 9 regions, predicted young region time: 67.34 ms]
 1500365.562: [G1Ergonomics (CSet Construction) finish choosing CSet, eden: 553 regions, survivors: 9 regions, old: 0 regions, predicted pause time: 75.77 ms, target pause time: 60.00 ms]
, 0.0223442 secs]
   [Parallel Time: 20.1 ms, GC Workers: 8]
      [GC Worker Start (ms): Min: 1500365562.4, Avg: 1500365562.5, Max: 1500365562.5, Diff: 0.1]
      [Ext Root Scanning (ms): Min: 1.1, Avg: 1.4, Max: 2.0, Diff: 0.9, Sum: 11.0]
      [Update RS (ms): Min: 4.9, Avg: 5.3, Max: 5.6, Diff: 0.7, Sum: 42.6]
         [Processed Buffers: Min: 11, Avg: 22.9, Max: 49, Diff: 38, Sum: 183]
      [Scan RS (ms): Min: 0.0, Avg: 0.1, Max: 0.2, Diff: 0.1, Sum: 0.7]
      [Code Root Scanning (ms): Min: 0.0, Avg: 0.0, Max: 0.0, Diff: 0.0, Sum: 0.0]
      [Object Copy (ms): Min: 13.0, Avg: 13.2, Max: 13.2, Diff: 0.3, Sum: 105.2]
      [Termination (ms): Min: 0.0, Avg: 0.0, Max: 0.0, Diff: 0.0, Sum: 0.0]
      [GC Worker Other (ms): Min: 0.0, Avg: 0.0, Max: 0.1, Diff: 0.1, Sum: 0.3]
      [GC Worker Total (ms): Min: 19.9, Avg: 20.0, Max: 20.0, Diff: 0.1, Sum: 159.8]
      [GC Worker End (ms): Min: 1500365582.4, Avg: 1500365582.4, Max: 1500365582.5, Diff: 0.0]
   [Code Root Fixup: 0.3 ms]
   [Code Root Purge: 0.0 ms]
   [Clear CT: 0.2 ms]
   [Other: 1.8 ms]
      [Choose CSet: 0.0 ms]
      [Ref Proc: 0.2 ms]
      [Ref Enq: 0.0 ms]
      [Redirty Cards: 0.1 ms]
      [Humongous Reclaim: 0.0 ms]
      [Free CSet: 1.0 ms]
   [Eden: 2212.0M(2212.0M)->0.0B(2212.0M) Survivors: 36.0M->36.0M Heap: 3579.3M(4500.0M)->1367.9M(4500.0M)]
Heap after GC invocations=32940 (full 0):
 garbage-first heap   total 4608000K, used 1400689K [0x00000006a6c00000, 0x00000006a7002328, 0x00000007c0000000)
  region size 4096K, 9 young (36864K), 9 survivors (36864K)
 Metaspace       used 124692K, capacity 128524K, committed 129664K, reserved 1165312K
  class space    used 13846K, capacity 14512K, committed 14720K, reserved 1048576K
}
 [Times: user=0.14 sys=0.02, real=0.02 secs] 
{Heap before GC invocations=32940 (full 0):
 garbage-first heap   total 4608000K, used 3665777K [0x00000006a6c00000, 0x00000006a7002328, 0x00000007c0000000)
  region size 4096K, 562 young (2301952K), 9 survivors (36864K)
 Metaspace       used 124692K, capacity 128524K, committed 129664K, reserved 1165312K
  class space    used 13846K, capacity 14512K, committed 14720K, reserved 1048576K
2019-04-29T01:19:45.013+0800: 1500394.231: [GC pause (G1 Evacuation Pause) (young)
Desired survivor size 148897792 bytes, new threshold 15 (max 15)
- age   1:   21389560 bytes,   21389560 total
- age   2:    1991424 bytes,   23380984 total
- age   3:     473056 bytes,   23854040 total
- age   4:     566576 bytes,   24420616 total
- age   5:     555136 bytes,   24975752 total
- age   6:     107288 bytes,   25083040 total
- age   7:     201000 bytes,   25284040 total
- age   8:     355696 bytes,   25639736 total
- age   9:     379048 bytes,   26018784 total
- age  10:     190672 bytes,   26209456 total
- age  11:      91248 bytes,   26300704 total
- age  12:      89200 bytes,   26389904 total
- age  13:     113480 bytes,   26503384 total
- age  14:      92056 bytes,   26595440 total
- age  15:      95384 bytes,   26690824 total
 1500394.231: [G1Ergonomics (CSet Construction) start choosing CSet, _pending_cards: 21502, predicted base time: 8.29 ms, remaining time: 51.71 ms, target pause time: 60.00 ms]
 1500394.231: [G1Ergonomics (CSet Construction) add young regions to CSet, eden: 553 regions, survivors: 9 regions, predicted young region time: 68.70 ms]
 1500394.231: [G1Ergonomics (CSet Construction) finish choosing CSet, eden: 553 regions, survivors: 9 regions, old: 0 regions, predicted pause time: 77.00 ms, target pause time: 60.00 ms]
, 0.0190789 secs]
   [Parallel Time: 17.0 ms, GC Workers: 8]
      [GC Worker Start (ms): Min: 1500394231.6, Avg: 1500394231.7, Max: 1500394231.7, Diff: 0.1]
      [Ext Root Scanning (ms): Min: 1.1, Avg: 1.3, Max: 2.0, Diff: 0.9, Sum: 10.3]
      [Update RS (ms): Min: 5.1, Avg: 5.7, Max: 5.9, Diff: 0.9, Sum: 45.7]
         [Processed Buffers: Min: 5, Avg: 22.2, Max: 41, Diff: 36, Sum: 178]
      [Scan RS (ms): Min: 0.0, Avg: 0.1, Max: 0.1, Diff: 0.1, Sum: 0.7]
      [Code Root Scanning (ms): Min: 0.0, Avg: 0.0, Max: 0.0, Diff: 0.0, Sum: 0.0]
      [Object Copy (ms): Min: 9.5, Avg: 9.7, Max: 9.8, Diff: 0.3, Sum: 77.8]
      [Termination (ms): Min: 0.0, Avg: 0.0, Max: 0.0, Diff: 0.0, Sum: 0.0]
      [GC Worker Other (ms): Min: 0.0, Avg: 0.0, Max: 0.1, Diff: 0.1, Sum: 0.4]
      [GC Worker Total (ms): Min: 16.8, Avg: 16.9, Max: 16.9, Diff: 0.1, Sum: 134.8]
      [GC Worker End (ms): Min: 1500394248.5, Avg: 1500394248.5, Max: 1500394248.5, Diff: 0.1]
   [Code Root Fixup: 0.3 ms]
   [Code Root Purge: 0.0 ms]
   [Clear CT: 0.3 ms]
   [Other: 1.5 ms]
      [Choose CSet: 0.0 ms]
      [Ref Proc: 0.2 ms]
      [Ref Enq: 0.0 ms]
      [Redirty Cards: 0.1 ms]
      [Humongous Reclaim: 0.0 ms]
      [Free CSet: 0.7 ms]
   [Eden: 2212.0M(2212.0M)->0.0B(2212.0M) Survivors: 36.0M->36.0M Heap: 3579.9M(4500.0M)->1368.0M(4500.0M)]
Heap after GC invocations=32941 (full 0):
 garbage-first heap   total 4608000K, used 1400833K [0x00000006a6c00000, 0x00000006a7002328, 0x00000007c0000000)
  region size 4096K, 9 young (36864K), 9 survivors (36864K)
 Metaspace       used 124692K, capacity 128524K, committed 129664K, reserved 1165312K
  class space    used 13846K, capacity 14512K, committed 14720K, reserved 1048576K
}
 [Times: user=0.11 sys=0.03, real=0.02 secs] 
{Heap before GC invocations=32941 (full 0):
 garbage-first heap   total 4608000K, used 3665921K [0x00000006a6c00000, 0x00000006a7002328, 0x00000007c0000000)
  region size 4096K, 562 young (2301952K), 9 survivors (36864K)
 Metaspace       used 124692K, capacity 128524K, committed 129664K, reserved 1165312K
  class space    used 13846K, capacity 14512K, committed 14720K, reserved 1048576K
2019-04-29T01:20:04.739+0800: 1500413.957: [GC pause (G1 Evacuation Pause) (young)
Desired survivor size 148897792 bytes, new threshold 15 (max 15)
- age   1:   15406440 bytes,   15406440 total
- age   2:    2404512 bytes,   17810952 total
- age   3:     498952 bytes,   18309904 total
- age   4:     231992 bytes,   18541896 total
- age   5:     559504 bytes,   19101400 total
- age   6:     553624 bytes,   19655024 total
- age   7:     107040 bytes,   19762064 total
- age   8:     200224 bytes,   19962288 total
- age   9:     355696 bytes,   20317984 total
- age  10:     379048 bytes,   20697032 total
- age  11:     190560 bytes,   20887592 total
- age  12:      91248 bytes,   20978840 total
- age  13:      89200 bytes,   21068040 total
- age  14:     113480 bytes,   21181520 total
- age  15:      92056 bytes,   21273576 total
 1500413.958: [G1Ergonomics (CSet Construction) start choosing CSet, _pending_cards: 20383, predicted base time: 8.07 ms, remaining time: 51.93 ms, target pause time: 60.00 ms]
 1500413.958: [G1Ergonomics (CSet Construction) add young regions to CSet, eden: 553 regions, survivors: 9 regions, predicted young region time: 52.26 ms]
 1500413.958: [G1Ergonomics (CSet Construction) finish choosing CSet, eden: 553 regions, survivors: 9 regions, old: 0 regions, predicted pause time: 60.33 ms, target pause time: 60.00 ms]
, 0.0218896 secs]
   [Parallel Time: 19.2 ms, GC Workers: 8]
      [GC Worker Start (ms): Min: 1500413957.7, Avg: 1500413957.7, Max: 1500413957.8, Diff: 0.1]
      [Ext Root Scanning (ms): Min: 1.1, Avg: 1.3, Max: 2.0, Diff: 1.0, Sum: 10.4]
      [Update RS (ms): Min: 4.4, Avg: 5.0, Max: 5.3, Diff: 0.9, Sum: 40.2]
         [Processed Buffers: Min: 13, Avg: 21.9, Max: 42, Diff: 29, Sum: 175]
      [Scan RS (ms): Min: 0.0, Avg: 0.1, Max: 0.2, Diff: 0.1, Sum: 0.6]
      [Code Root Scanning (ms): Min: 0.0, Avg: 0.0, Max: 0.0, Diff: 0.0, Sum: 0.0]
      [Object Copy (ms): Min: 12.6, Avg: 12.7, Max: 12.7, Diff: 0.2, Sum: 101.4]
      [Termination (ms): Min: 0.0, Avg: 0.0, Max: 0.0, Diff: 0.0, Sum: 0.0]
      [GC Worker Other (ms): Min: 0.0, Avg: 0.0, Max: 0.1, Diff: 0.0, Sum: 0.3]
      [GC Worker Total (ms): Min: 19.1, Avg: 19.1, Max: 19.1, Diff: 0.0, Sum: 153.0]
      [GC Worker End (ms): Min: 1500413976.8, Avg: 1500413976.8, Max: 1500413976.9, Diff: 0.0]
   [Code Root Fixup: 0.3 ms]
   [Code Root Purge: 0.0 ms]
   [Clear CT: 0.3 ms]
   [Other: 2.0 ms]
      [Choose CSet: 0.0 ms]
      [Ref Proc: 0.2 ms]
      [Ref Enq: 0.0 ms]
      [Redirty Cards: 0.7 ms]
      [Humongous Reclaim: 0.0 ms]
      [Free CSet: 0.7 ms]
   [Eden: 2212.0M(2212.0M)->0.0B(2208.0M) Survivors: 36.0M->40.0M Heap: 3580.0M(4500.0M)->1373.5M(4500.0M)]
Heap after GC invocations=32942 (full 0):
 garbage-first heap   total 4608000K, used 1406469K [0x00000006a6c00000, 0x00000006a7002328, 0x00000007c0000000)
  region size 4096K, 10 young (40960K), 10 survivors (40960K)
 Metaspace       used 124692K, capacity 128524K, committed 129664K, reserved 1165312K
  class space    used 13846K, capacity 14512K, committed 14720K, reserved 1048576K
}
 [Times: user=0.13 sys=0.03, real=0.03 secs] 
{Heap before GC invocations=32942 (full 0):
 garbage-first heap   total 4608000K, used 3667461K [0x00000006a6c00000, 0x00000006a7002328, 0x00000007c0000000)
  region size 4096K, 562 young (2301952K), 10 survivors (40960K)
 Metaspace       used 124692K, capacity 128524K, committed 129664K, reserved 1165312K
  class space    used 13846K, capacity 14512K, committed 14720K, reserved 1048576K
2019-04-29T01:20:31.178+0800: 1500440.396: [GC pause (G1 Evacuation Pause) (young)
Desired survivor size 148897792 bytes, new threshold 15 (max 15)
- age   1:   19978888 bytes,   19978888 total
- age   2:    2192096 bytes,   22170984 total
- age   3:    1484952 bytes,   23655936 total
- age   4:     123528 bytes,   23779464 total
- age   5:     217024 bytes,   23996488 total
- age   6:     558704 bytes,   24555192 total
- age   7:     551792 bytes,   25106984 total
- age   8:     106928 bytes,   25213912 total
- age   9:     188560 bytes,   25402472 total
- age  10:     355696 bytes,   25758168 total
- age  11:     378000 bytes,   26136168 total
- age  12:     190560 bytes,   26326728 total
- age  13:      91248 bytes,   26417976 total
- age  14:      89200 bytes,   26507176 total
- age  15:     113480 bytes,   26620656 total
 1500440.397: [G1Ergonomics (CSet Construction) start choosing CSet, _pending_cards: 21327, predicted base time: 8.46 ms, remaining time: 51.54 ms, target pause time: 60.00 ms]
 1500440.397: [G1Ergonomics (CSet Construction) add young regions to CSet, eden: 552 regions, survivors: 10 regions, predicted young region time: 42.55 ms]
 1500440.397: [G1Ergonomics (CSet Construction) finish choosing CSet, eden: 552 regions, survivors: 10 regions, old: 0 regions, predicted pause time: 51.01 ms, target pause time: 60.00 ms]
, 0.0209263 secs]
   [Parallel Time: 19.0 ms, GC Workers: 8]
      [GC Worker Start (ms): Min: 1500440396.8, Avg: 1500440396.8, Max: 1500440396.8, Diff: 0.1]
      [Ext Root Scanning (ms): Min: 1.1, Avg: 1.3, Max: 2.2, Diff: 1.1, Sum: 10.6]
      [Update RS (ms): Min: 4.6, Avg: 5.1, Max: 5.4, Diff: 0.8, Sum: 41.1]
         [Processed Buffers: Min: 14, Avg: 21.6, Max: 49, Diff: 35, Sum: 173]
      [Scan RS (ms): Min: 0.0, Avg: 0.1, Max: 0.2, Diff: 0.1, Sum: 0.6]
      [Code Root Scanning (ms): Min: 0.0, Avg: 0.0, Max: 0.0, Diff: 0.0, Sum: 0.0]
      [Object Copy (ms): Min: 12.1, Avg: 12.3, Max: 12.4, Diff: 0.3, Sum: 98.6]
      [Termination (ms): Min: 0.0, Avg: 0.0, Max: 0.0, Diff: 0.0, Sum: 0.0]
      [GC Worker Other (ms): Min: 0.0, Avg: 0.0, Max: 0.1, Diff: 0.0, Sum: 0.3]
      [GC Worker Total (ms): Min: 18.9, Avg: 18.9, Max: 18.9, Diff: 0.1, Sum: 151.2]
      [GC Worker End (ms): Min: 1500440415.7, Avg: 1500440415.7, Max: 1500440415.7, Diff: 0.0]
   [Code Root Fixup: 0.3 ms]
   [Code Root Purge: 0.0 ms]
   [Clear CT: 0.2 ms]
   [Other: 1.4 ms]
      [Choose CSet: 0.0 ms]
      [Ref Proc: 0.2 ms]
      [Ref Enq: 0.0 ms]
      [Redirty Cards: 0.1 ms]
      [Humongous Reclaim: 0.0 ms]
      [Free CSet: 0.6 ms]
   [Eden: 2208.0M(2208.0M)->0.0B(2212.0M) Survivors: 40.0M->36.0M Heap: 3581.5M(4500.0M)->1368.3M(4500.0M)]
Heap after GC invocations=32943 (full 0):
 garbage-first heap   total 4608000K, used 1401124K [0x00000006a6c00000, 0x00000006a7002328, 0x00000007c0000000)
  region size 4096K, 9 young (36864K), 9 survivors (36864K)
 Metaspace       used 124692K, capacity 128524K, committed 129664K, reserved 1165312K
  class space    used 13846K, capacity 14512K, committed 14720K, reserved 1048576K
}
 [Times: user=0.13 sys=0.03, real=0.02 secs] 
{Heap before GC invocations=32943 (full 0):
 garbage-first heap   total 4608000K, used 3666212K [0x00000006a6c00000, 0x00000006a7002328, 0x00000007c0000000)
  region size 4096K, 562 young (2301952K), 9 survivors (36864K)
 Metaspace       used 124692K, capacity 128524K, committed 129664K, reserved 1165312K
  class space    used 13846K, capacity 14512K, committed 14720K, reserved 1048576K
2019-04-29T01:20:49.506+0800: 1500458.725: [GC pause (G1 Evacuation Pause) (young)
Desired survivor size 148897792 bytes, new threshold 15 (max 15)
- age   1:   18605856 bytes,   18605856 total
- age   2:    1727160 bytes,   20333016 total
- age   3:    1215688 bytes,   21548704 total
- age   4:     727096 bytes,   22275800 total
- age   5:     123160 bytes,   22398960 total
- age   6:     215648 bytes,   22614608 total
- age   7:     558528 bytes,   23173136 total
- age   8:     545856 bytes,   23718992 total
- age   9:     106928 bytes,   23825920 total
- age  10:     188560 bytes,   24014480 total
- age  11:     355696 bytes,   24370176 total
- age  12:     376344 bytes,   24746520 total
- age  13:     190560 bytes,   24937080 total
- age  14:      91248 bytes,   25028328 total
- age  15:      89200 bytes,   25117528 total
 1500458.725: [G1Ergonomics (CSet Construction) start choosing CSet, _pending_cards: 20458, predicted base time: 8.08 ms, remaining time: 51.92 ms, target pause time: 60.00 ms]
 1500458.725: [G1Ergonomics (CSet Construction) add young regions to CSet, eden: 553 regions, survivors: 9 regions, predicted young region time: 38.62 ms]
 1500458.725: [G1Ergonomics (CSet Construction) finish choosing CSet, eden: 553 regions, survivors: 9 regions, old: 0 regions, predicted pause time: 46.70 ms, target pause time: 60.00 ms]
, 0.0195220 secs]
   [Parallel Time: 17.5 ms, GC Workers: 8]
      [GC Worker Start (ms): Min: 1500458724.9, Avg: 1500458724.9, Max: 1500458724.9, Diff: 0.1]
      [Ext Root Scanning (ms): Min: 1.1, Avg: 1.6, Max: 4.4, Diff: 3.3, Sum: 12.9]
      [Update RS (ms): Min: 2.3, Avg: 5.1, Max: 5.8, Diff: 3.4, Sum: 40.5]
         [Processed Buffers: Min: 14, Avg: 22.4, Max: 45, Diff: 31, Sum: 179]
      [Scan RS (ms): Min: 0.0, Avg: 0.1, Max: 0.1, Diff: 0.1, Sum: 0.7]
      [Code Root Scanning (ms): Min: 0.0, Avg: 0.0, Max: 0.0, Diff: 0.0, Sum: 0.0]
      [Object Copy (ms): Min: 10.5, Avg: 10.6, Max: 10.7, Diff: 0.2, Sum: 84.8]
      [Termination (ms): Min: 0.0, Avg: 0.0, Max: 0.0, Diff: 0.0, Sum: 0.0]
      [GC Worker Other (ms): Min: 0.0, Avg: 0.0, Max: 0.1, Diff: 0.1, Sum: 0.4]
      [GC Worker Total (ms): Min: 17.3, Avg: 17.4, Max: 17.5, Diff: 0.1, Sum: 139.2]
      [GC Worker End (ms): Min: 1500458742.3, Avg: 1500458742.3, Max: 1500458742.3, Diff: 0.1]
   [Code Root Fixup: 0.3 ms]
   [Code Root Purge: 0.0 ms]
   [Clear CT: 0.3 ms]
   [Other: 1.4 ms]
      [Choose CSet: 0.0 ms]
      [Ref Proc: 0.2 ms]
      [Ref Enq: 0.0 ms]
      [Redirty Cards: 0.1 ms]
      [Humongous Reclaim: 0.0 ms]
      [Free CSet: 0.6 ms]
   [Eden: 2212.0M(2212.0M)->0.0B(2212.0M) Survivors: 36.0M->36.0M Heap: 3580.3M(4500.0M)->1368.4M(4500.0M)]
Heap after GC invocations=32944 (full 0):
 garbage-first heap   total 4608000K, used 1401271K [0x00000006a6c00000, 0x00000006a7002328, 0x00000007c0000000)
  region size 4096K, 9 young (36864K), 9 survivors (36864K)
 Metaspace       used 124692K, capacity 128524K, committed 129664K, reserved 1165312K
  class space    used 13846K, capacity 14512K, committed 14720K, reserved 1048576K
}
 [Times: user=0.11 sys=0.03, real=0.02 secs] 
{Heap before GC invocations=32944 (full 0):
 garbage-first heap   total 4608000K, used 3666359K [0x00000006a6c00000, 0x00000006a7002328, 0x00000007c0000000)
  region size 4096K, 562 young (2301952K), 9 survivors (36864K)
 Metaspace       used 124692K, capacity 128524K, committed 129664K, reserved 1165312K
  class space    used 13846K, capacity 14512K, committed 14720K, reserved 1048576K
2019-04-29T01:21:14.095+0800: 1500483.314: [GC pause (G1 Evacuation Pause) (young)
Desired survivor size 148897792 bytes, new threshold 15 (max 15)
- age   1:   16149120 bytes,   16149120 total
- age   2:    1870576 bytes,   18019696 total
- age   3:    1382560 bytes,   19402256 total
- age   4:     286456 bytes,   19688712 total
- age   5:     166568 bytes,   19855280 total
- age   6:     122552 bytes,   19977832 total
- age   7:     214800 bytes,   20192632 total
- age   8:     558528 bytes,   20751160 total
- age   9:     545488 bytes,   21296648 total
- age  10:     106928 bytes,   21403576 total
- age  11:     186904 bytes,   21590480 total
- age  12:     354016 bytes,   21944496 total
- age  13:     376320 bytes,   22320816 total
- age  14:     190560 bytes,   22511376 total
- age  15:      91248 bytes,   22602624 total
 1500483.314: [G1Ergonomics (CSet Construction) start choosing CSet, _pending_cards: 21429, predicted base time: 8.32 ms, remaining time: 51.68 ms, target pause time: 60.00 ms]
 1500483.314: [G1Ergonomics (CSet Construction) add young regions to CSet, eden: 553 regions, survivors: 9 regions, predicted young region time: 32.11 ms]
 1500483.314: [G1Ergonomics (CSet Construction) finish choosing CSet, eden: 553 regions, survivors: 9 regions, old: 0 regions, predicted pause time: 40.44 ms, target pause time: 60.00 ms]
, 0.0194389 secs]
   [Parallel Time: 17.4 ms, GC Workers: 8]
      [GC Worker Start (ms): Min: 1500483313.8, Avg: 1500483313.9, Max: 1500483313.9, Diff: 0.1]
      [Ext Root Scanning (ms): Min: 1.0, Avg: 1.3, Max: 2.2, Diff: 1.2, Sum: 10.5]
      [Update RS (ms): Min: 4.4, Avg: 5.3, Max: 5.6, Diff: 1.2, Sum: 42.3]
         [Processed Buffers: Min: 14, Avg: 22.5, Max: 35, Diff: 21, Sum: 180]
      [Scan RS (ms): Min: 0.0, Avg: 0.1, Max: 0.1, Diff: 0.1, Sum: 0.6]
      [Code Root Scanning (ms): Min: 0.0, Avg: 0.0, Max: 0.0, Diff: 0.0, Sum: 0.0]
      [Object Copy (ms): Min: 10.5, Avg: 10.6, Max: 10.7, Diff: 0.2, Sum: 84.6]
      [Termination (ms): Min: 0.0, Avg: 0.0, Max: 0.0, Diff: 0.0, Sum: 0.1]
      [GC Worker Other (ms): Min: 0.0, Avg: 0.0, Max: 0.1, Diff: 0.0, Sum: 0.3]
      [GC Worker Total (ms): Min: 17.2, Avg: 17.3, Max: 17.3, Diff: 0.1, Sum: 138.4]
      [GC Worker End (ms): Min: 1500483331.2, Avg: 1500483331.2, Max: 1500483331.2, Diff: 0.0]
   [Code Root Fixup: 0.2 ms]
   [Code Root Purge: 0.0 ms]
   [Clear CT: 0.3 ms]
   [Other: 1.5 ms]
      [Choose CSet: 0.0 ms]
      [Ref Proc: 0.2 ms]
      [Ref Enq: 0.0 ms]
      [Redirty Cards: 0.1 ms]
      [Humongous Reclaim: 0.0 ms]
      [Free CSet: 0.7 ms]
   [Eden: 2212.0M(2212.0M)->0.0B(2212.0M) Survivors: 36.0M->36.0M Heap: 3580.4M(4500.0M)->1370.6M(4500.0M)]
Heap after GC invocations=32945 (full 0):
 garbage-first heap   total 4608000K, used 1403445K [0x00000006a6c00000, 0x00000006a7002328, 0x00000007c0000000)
  region size 4096K, 9 young (36864K), 9 survivors (36864K)
 Metaspace       used 124692K, capacity 128524K, committed 129664K, reserved 1165312K
  class space    used 13846K, capacity 14512K, committed 14720K, reserved 1048576K
}
 [Times: user=0.12 sys=0.02, real=0.02 secs] 
{Heap before GC invocations=32945 (full 0):
 garbage-first heap   total 4608000K, used 3668533K [0x00000006a6c00000, 0x00000006a7002328, 0x00000007c0000000)
  region size 4096K, 562 young (2301952K), 9 survivors (36864K)
 Metaspace       used 124692K, capacity 128524K, committed 129664K, reserved 1165312K
  class space    used 13846K, capacity 14512K, committed 14720K, reserved 1048576K
2019-04-29T01:21:40.795+0800: 1500510.014: [GC pause (G1 Evacuation Pause) (young)
Desired survivor size 148897792 bytes, new threshold 15 (max 15)
- age   1:   17258224 bytes,   17258224 total
- age   2:    1630928 bytes,   18889152 total
- age   3:    1411856 bytes,   20301008 total
- age   4:     329408 bytes,   20630416 total
- age   5:     278568 bytes,   20908984 total
- age   6:     165776 bytes,   21074760 total
- age   7:     122328 bytes,   21197088 total
- age   8:     214728 bytes,   21411816 total
- age   9:     556808 bytes,   21968624 total
- age  10:     501600 bytes,   22470224 total
- age  11:     106928 bytes,   22577152 total
- age  12:     186880 bytes,   22764032 total
- age  13:     354016 bytes,   23118048 total
- age  14:     376296 bytes,   23494344 total
- age  15:     154928 bytes,   23649272 total
 1500510.014: [G1Ergonomics (CSet Construction) start choosing CSet, _pending_cards: 22257, predicted base time: 8.44 ms, remaining time: 51.56 ms, target pause time: 60.00 ms]
 1500510.014: [G1Ergonomics (CSet Construction) add young regions to CSet, eden: 553 regions, survivors: 9 regions, predicted young region time: 129.02 ms]
 1500510.014: [G1Ergonomics (CSet Construction) finish choosing CSet, eden: 553 regions, survivors: 9 regions, old: 0 regions, predicted pause time: 137.46 ms, target pause time: 60.00 ms]
, 0.0191008 secs]
   [Parallel Time: 17.1 ms, GC Workers: 8]
      [GC Worker Start (ms): Min: 1500510014.2, Avg: 1500510014.3, Max: 1500510014.3, Diff: 0.1]
      [Ext Root Scanning (ms): Min: 1.1, Avg: 1.4, Max: 2.2, Diff: 1.1, Sum: 10.9]
      [Update RS (ms): Min: 4.6, Avg: 5.3, Max: 5.6, Diff: 1.0, Sum: 42.5]
         [Processed Buffers: Min: 15, Avg: 22.4, Max: 37, Diff: 22, Sum: 179]
      [Scan RS (ms): Min: 0.0, Avg: 0.1, Max: 0.2, Diff: 0.1, Sum: 0.6]
      [Code Root Scanning (ms): Min: 0.0, Avg: 0.0, Max: 0.0, Diff: 0.0, Sum: 0.0]
      [Object Copy (ms): Min: 10.0, Avg: 10.2, Max: 10.3, Diff: 0.3, Sum: 81.5]
      [Termination (ms): Min: 0.0, Avg: 0.0, Max: 0.0, Diff: 0.0, Sum: 0.0]
      [GC Worker Other (ms): Min: 0.0, Avg: 0.0, Max: 0.1, Diff: 0.0, Sum: 0.3]
      [GC Worker Total (ms): Min: 16.9, Avg: 17.0, Max: 17.1, Diff: 0.1, Sum: 135.9]
      [GC Worker End (ms): Min: 1500510031.2, Avg: 1500510031.3, Max: 1500510031.3, Diff: 0.0]
   [Code Root Fixup: 0.3 ms]
   [Code Root Purge: 0.0 ms]
   [Clear CT: 0.2 ms]
   [Other: 1.5 ms]
      [Choose CSet: 0.0 ms]
      [Ref Proc: 0.2 ms]
      [Ref Enq: 0.0 ms]
      [Redirty Cards: 0.1 ms]
      [Humongous Reclaim: 0.0 ms]
      [Free CSet: 0.6 ms]
   [Eden: 2212.0M(2212.0M)->0.0B(2212.0M) Survivors: 36.0M->36.0M Heap: 3582.6M(4500.0M)->1368.7M(4500.0M)]
Heap after GC invocations=32946 (full 0):
 garbage-first heap   total 4608000K, used 1401599K [0x00000006a6c00000, 0x00000006a7002328, 0x00000007c0000000)
  region size 4096K, 9 young (36864K), 9 survivors (36864K)
 Metaspace       used 124692K, capacity 128524K, committed 129664K, reserved 1165312K
  class space    used 13846K, capacity 14512K, committed 14720K, reserved 1048576K
}
 [Times: user=0.11 sys=0.03, real=0.02 secs] 
{Heap before GC invocations=32946 (full 0):
 garbage-first heap   total 4608000K, used 3666687K [0x00000006a6c00000, 0x00000006a7002328, 0x00000007c0000000)
  region size 4096K, 562 young (2301952K), 9 survivors (36864K)
 Metaspace       used 124692K, capacity 128524K, committed 129664K, reserved 1165312K
  class space    used 13846K, capacity 14512K, committed 14720K, reserved 1048576K
2019-04-29T01:22:09.714+0800: 1500538.933: [GC pause (G1 Evacuation Pause) (young)
Desired survivor size 148897792 bytes, new threshold 15 (max 15)
- age   1:   15815776 bytes,   15815776 total
- age   2:    1678296 bytes,   17494072 total
- age   3:     965952 bytes,   18460024 total
- age   4:     191144 bytes,   18651168 total
- age   5:     290240 bytes,   18941408 total
- age   6:     276000 bytes,   19217408 total
- age   7:     164320 bytes,   19381728 total
- age   8:     122112 bytes,   19503840 total
- age   9:     214040 bytes,   19717880 total
- age  10:     555800 bytes,   20273680 total
- age  11:     498496 bytes,   20772176 total
- age  12:     106928 bytes,   20879104 total
- age  13:     186880 bytes,   21065984 total
- age  14:     353944 bytes,   21419928 total
- age  15:     376080 bytes,   21796008 total
 1500538.933: [G1Ergonomics (CSet Construction) start choosing CSet, _pending_cards: 22253, predicted base time: 8.34 ms, remaining time: 51.66 ms, target pause time: 60.00 ms]
 1500538.933: [G1Ergonomics (CSet Construction) add young regions to CSet, eden: 553 regions, survivors: 9 regions, predicted young region time: 101.69 ms]
 1500538.933: [G1Ergonomics (CSet Construction) finish choosing CSet, eden: 553 regions, survivors: 9 regions, old: 0 regions, predicted pause time: 110.03 ms, target pause time: 60.00 ms]
, 0.0184913 secs]
   [Parallel Time: 16.5 ms, GC Workers: 8]
      [GC Worker Start (ms): Min: 1500538933.1, Avg: 1500538933.2, Max: 1500538933.2, Diff: 0.1]
      [Ext Root Scanning (ms): Min: 1.0, Avg: 1.3, Max: 2.1, Diff: 1.1, Sum: 10.4]
      [Update RS (ms): Min: 4.7, Avg: 5.4, Max: 5.8, Diff: 1.1, Sum: 43.5]
         [Processed Buffers: Min: 17, Avg: 23.0, Max: 32, Diff: 15, Sum: 184]
      [Scan RS (ms): Min: 0.0, Avg: 0.1, Max: 0.1, Diff: 0.1, Sum: 0.7]
      [Code Root Scanning (ms): Min: 0.0, Avg: 0.0, Max: 0.0, Diff: 0.0, Sum: 0.0]
      [Object Copy (ms): Min: 9.4, Avg: 9.5, Max: 9.6, Diff: 0.2, Sum: 76.2]
      [Termination (ms): Min: 0.0, Avg: 0.0, Max: 0.0, Diff: 0.0, Sum: 0.0]
      [GC Worker Other (ms): Min: 0.0, Avg: 0.0, Max: 0.1, Diff: 0.1, Sum: 0.3]
      [GC Worker Total (ms): Min: 16.3, Avg: 16.4, Max: 16.4, Diff: 0.1, Sum: 131.2]
      [GC Worker End (ms): Min: 1500538949.5, Avg: 1500538949.6, Max: 1500538949.6, Diff: 0.0]
   [Code Root Fixup: 0.2 ms]
   [Code Root Purge: 0.0 ms]
   [Clear CT: 0.3 ms]
   [Other: 1.5 ms]
      [Choose CSet: 0.0 ms]
      [Ref Proc: 0.2 ms]
      [Ref Enq: 0.0 ms]
      [Redirty Cards: 0.1 ms]
      [Humongous Reclaim: 0.0 ms]
      [Free CSet: 0.6 ms]
   [Eden: 2212.0M(2212.0M)->0.0B(2212.0M) Survivors: 36.0M->36.0M Heap: 3580.7M(4500.0M)->1369.2M(4500.0M)]
Heap after GC invocations=32947 (full 0):
 garbage-first heap   total 4608000K, used 1402050K [0x00000006a6c00000, 0x00000006a7002328, 0x00000007c0000000)
  region size 4096K, 9 young (36864K), 9 survivors (36864K)
 Metaspace       used 124692K, capacity 128524K, committed 129664K, reserved 1165312K
  class space    used 13846K, capacity 14512K, committed 14720K, reserved 1048576K
}
 [Times: user=0.11 sys=0.02, real=0.02 secs] 
{Heap before GC invocations=32947 (full 0):
 garbage-first heap   total 4608000K, used 3667138K [0x00000006a6c00000, 0x00000006a7002328, 0x00000007c0000000)
  region size 4096K, 562 young (2301952K), 9 survivors (36864K)
 Metaspace       used 124692K, capacity 128524K, committed 129664K, reserved 1165312K
  class space    used 13846K, capacity 14512K, committed 14720K, reserved 1048576K
2019-04-29T01:22:38.549+0800: 1500567.768: [GC pause (G1 Evacuation Pause) (young)
Desired survivor size 148897792 bytes, new threshold 15 (max 15)
- age   1:   14736672 bytes,   14736672 total
- age   2:    2184248 bytes,   16920920 total
- age   3:     411440 bytes,   17332360 total
- age   4:     454720 bytes,   17787080 total
- age   5:     186864 bytes,   17973944 total
- age   6:     287216 bytes,   18261160 total
- age   7:     274232 bytes,   18535392 total
- age   8:     164320 bytes,   18699712 total
- age   9:     122112 bytes,   18821824 total
- age  10:     214008 bytes,   19035832 total
- age  11:     555800 bytes,   19591632 total
- age  12:     498496 bytes,   20090128 total
- age  13:     106928 bytes,   20197056 total
- age  14:     186880 bytes,   20383936 total
- age  15:     353944 bytes,   20737880 total
 1500567.768: [G1Ergonomics (CSet Construction) start choosing CSet, _pending_cards: 22580, predicted base time: 8.36 ms, remaining time: 51.64 ms, target pause time: 60.00 ms]
 1500567.768: [G1Ergonomics (CSet Construction) add young regions to CSet, eden: 553 regions, survivors: 9 regions, predicted young region time: 81.36 ms]
 1500567.768: [G1Ergonomics (CSet Construction) finish choosing CSet, eden: 553 regions, survivors: 9 regions, old: 0 regions, predicted pause time: 89.72 ms, target pause time: 60.00 ms]
, 0.0222273 secs]
   [Parallel Time: 20.1 ms, GC Workers: 8]
      [GC Worker Start (ms): Min: 1500567768.1, Avg: 1500567768.1, Max: 1500567768.2, Diff: 0.1]
      [Ext Root Scanning (ms): Min: 1.1, Avg: 1.4, Max: 2.1, Diff: 0.9, Sum: 11.2]
      [Update RS (ms): Min: 5.2, Avg: 5.8, Max: 6.0, Diff: 0.9, Sum: 46.1]
         [Processed Buffers: Min: 12, Avg: 22.9, Max: 49, Diff: 37, Sum: 183]
      [Scan RS (ms): Min: 0.0, Avg: 0.1, Max: 0.2, Diff: 0.1, Sum: 0.7]
      [Code Root Scanning (ms): Min: 0.0, Avg: 0.0, Max: 0.0, Diff: 0.0, Sum: 0.0]
      [Object Copy (ms): Min: 12.6, Avg: 12.7, Max: 12.9, Diff: 0.3, Sum: 101.3]
      [Termination (ms): Min: 0.0, Avg: 0.0, Max: 0.0, Diff: 0.0, Sum: 0.0]
      [GC Worker Other (ms): Min: 0.0, Avg: 0.1, Max: 0.1, Diff: 0.1, Sum: 0.4]
      [GC Worker Total (ms): Min: 19.9, Avg: 20.0, Max: 20.0, Diff: 0.1, Sum: 159.8]
      [GC Worker End (ms): Min: 1500567788.0, Avg: 1500567788.1, Max: 1500567788.1, Diff: 0.1]
   [Code Root Fixup: 0.3 ms]
   [Code Root Purge: 0.0 ms]
   [Clear CT: 0.2 ms]
   [Other: 1.7 ms]
      [Choose CSet: 0.0 ms]
      [Ref Proc: 0.2 ms]
      [Ref Enq: 0.0 ms]
      [Redirty Cards: 0.1 ms]
      [Humongous Reclaim: 0.0 ms]
      [Free CSet: 0.9 ms]
   [Eden: 2212.0M(2212.0M)->0.0B(2204.0M) Survivors: 36.0M->44.0M Heap: 3581.2M(4500.0M)->1378.9M(4500.0M)]
Heap after GC invocations=32948 (full 0):
 garbage-first heap   total 4608000K, used 1412018K [0x00000006a6c00000, 0x00000006a7002328, 0x00000007c0000000)
  region size 4096K, 11 young (45056K), 11 survivors (45056K)
 Metaspace       used 124692K, capacity 128524K, committed 129664K, reserved 1165312K
  class space    used 13846K, capacity 14512K, committed 14720K, reserved 1048576K
}
 [Times: user=0.13 sys=0.03, real=0.03 secs] 
{Heap before GC invocations=32948 (full 0):
 garbage-first heap   total 4608000K, used 3668914K [0x00000006a6c00000, 0x00000006a7002328, 0x00000007c0000000)
  region size 4096K, 562 young (2301952K), 11 survivors (45056K)
 Metaspace       used 124692K, capacity 128524K, committed 129664K, reserved 1165312K
  class space    used 13846K, capacity 14512K, committed 14720K, reserved 1048576K
2019-04-29T01:23:07.348+0800: 1500596.567: [GC pause (G1 Evacuation Pause) (young)
Desired survivor size 148897792 bytes, new threshold 15 (max 15)
- age   1:   21736048 bytes,   21736048 total
- age   2:    2057832 bytes,   23793880 total
- age   3:     560896 bytes,   24354776 total
- age   4:     223616 bytes,   24578392 total
- age   5:     447608 bytes,   25026000 total
- age   6:     186032 bytes,   25212032 total
- age   7:     284704 bytes,   25496736 total
- age   8:     274120 bytes,   25770856 total
- age   9:     164288 bytes,   25935144 total
- age  10:     122112 bytes,   26057256 total
- age  11:     214008 bytes,   26271264 total
- age  12:     534000 bytes,   26805264 total
- age  13:     498232 bytes,   27303496 total
- age  14:     106928 bytes,   27410424 total
- age  15:     186856 bytes,   27597280 total
 1500596.567: [G1Ergonomics (CSet Construction) start choosing CSet, _pending_cards: 22149, predicted base time: 8.31 ms, remaining time: 51.69 ms, target pause time: 60.00 ms]
 1500596.567: [G1Ergonomics (CSet Construction) add young regions to CSet, eden: 551 regions, survivors: 11 regions, predicted young region time: 139.08 ms]
 1500596.567: [G1Ergonomics (CSet Construction) finish choosing CSet, eden: 551 regions, survivors: 11 regions, old: 0 regions, predicted pause time: 147.38 ms, target pause time: 60.00 ms]
, 0.0181234 secs]
   [Parallel Time: 16.1 ms, GC Workers: 8]
      [GC Worker Start (ms): Min: 1500596566.8, Avg: 1500596566.8, Max: 1500596566.9, Diff: 0.1]
      [Ext Root Scanning (ms): Min: 1.1, Avg: 1.3, Max: 2.0, Diff: 0.9, Sum: 10.6]
      [Update RS (ms): Min: 4.8, Avg: 5.5, Max: 5.8, Diff: 1.0, Sum: 43.8]
         [Processed Buffers: Min: 13, Avg: 22.4, Max: 39, Diff: 26, Sum: 179]
      [Scan RS (ms): Min: 0.0, Avg: 0.1, Max: 0.2, Diff: 0.1, Sum: 0.6]
      [Code Root Scanning (ms): Min: 0.0, Avg: 0.0, Max: 0.0, Diff: 0.0, Sum: 0.0]
      [Object Copy (ms): Min: 8.9, Avg: 9.0, Max: 9.1, Diff: 0.2, Sum: 72.3]
      [Termination (ms): Min: 0.0, Avg: 0.0, Max: 0.0, Diff: 0.0, Sum: 0.0]
      [GC Worker Other (ms): Min: 0.0, Avg: 0.1, Max: 0.1, Diff: 0.1, Sum: 0.6]
      [GC Worker Total (ms): Min: 15.9, Avg: 16.0, Max: 16.0, Diff: 0.1, Sum: 127.9]
      [GC Worker End (ms): Min: 1500596582.8, Avg: 1500596582.8, Max: 1500596582.9, Diff: 0.1]
   [Code Root Fixup: 0.3 ms]
   [Code Root Purge: 0.0 ms]
   [Clear CT: 0.3 ms]
   [Other: 1.4 ms]
      [Choose CSet: 0.0 ms]
      [Ref Proc: 0.2 ms]
      [Ref Enq: 0.0 ms]
      [Redirty Cards: 0.1 ms]
      [Humongous Reclaim: 0.0 ms]
      [Free CSet: 0.6 ms]
   [Eden: 2204.0M(2204.0M)->0.0B(2212.0M) Survivors: 44.0M->36.0M Heap: 3582.9M(4500.0M)->1370.1M(4500.0M)]
Heap after GC invocations=32949 (full 0):
 garbage-first heap   total 4608000K, used 1402940K [0x00000006a6c00000, 0x00000006a7002328, 0x00000007c0000000)
  region size 4096K, 9 young (36864K), 9 survivors (36864K)
 Metaspace       used 124692K, capacity 128524K, committed 129664K, reserved 1165312K
  class space    used 13846K, capacity 14512K, committed 14720K, reserved 1048576K
}
 [Times: user=0.11 sys=0.03, real=0.02 secs] 
{Heap before GC invocations=32949 (full 0):
 garbage-first heap   total 4608000K, used 3668028K [0x00000006a6c00000, 0x00000006a7002328, 0x00000007c0000000)
  region size 4096K, 562 young (2301952K), 9 survivors (36864K)
 Metaspace       used 124692K, capacity 128524K, committed 129664K, reserved 1165312K
  class space    used 13846K, capacity 14512K, committed 14720K, reserved 1048576K
2019-04-29T01:23:36.872+0800: 1500626.091: [GC pause (G1 Evacuation Pause) (young)
Desired survivor size 148897792 bytes, new threshold 15 (max 15)
- age   1:   14177048 bytes,   14177048 total
- age   2:    2065168 bytes,   16242216 total
- age   3:     276560 bytes,   16518776 total
- age   4:     389904 bytes,   16908680 total
- age   5:     223008 bytes,   17131688 total
- age   6:     446808 bytes,   17578496 total
- age   7:     185920 bytes,   17764416 total
- age   8:     284704 bytes,   18049120 total
- age   9:     274120 bytes,   18323240 total
- age  10:     164224 bytes,   18487464 total
- age  11:     122040 bytes,   18609504 total
- age  12:     214008 bytes,   18823512 total
- age  13:     534000 bytes,   19357512 total
- age  14:     498232 bytes,   19855744 total
- age  15:     106928 bytes,   19962672 total
 1500626.091: [G1Ergonomics (CSet Construction) start choosing CSet, _pending_cards: 22283, predicted base time: 8.32 ms, remaining time: 51.68 ms, target pause time: 60.00 ms]
 1500626.091: [G1Ergonomics (CSet Construction) add young regions to CSet, eden: 553 regions, survivors: 9 regions, predicted young region time: 104.92 ms]
 1500626.091: [G1Ergonomics (CSet Construction) finish choosing CSet, eden: 553 regions, survivors: 9 regions, old: 0 regions, predicted pause time: 113.24 ms, target pause time: 60.00 ms]
, 0.0195274 secs]
   [Parallel Time: 17.5 ms, GC Workers: 8]
      [GC Worker Start (ms): Min: 1500626091.0, Avg: 1500626091.0, Max: 1500626091.0, Diff: 0.1]
      [Ext Root Scanning (ms): Min: 1.0, Avg: 1.3, Max: 2.1, Diff: 1.1, Sum: 10.2]
      [Update RS (ms): Min: 4.9, Avg: 5.4, Max: 5.7, Diff: 0.8, Sum: 42.8]
         [Processed Buffers: Min: 12, Avg: 22.8, Max: 32, Diff: 20, Sum: 182]
      [Scan RS (ms): Min: 0.0, Avg: 0.1, Max: 0.1, Diff: 0.1, Sum: 0.6]
      [Code Root Scanning (ms): Min: 0.0, Avg: 0.0, Max: 0.0, Diff: 0.0, Sum: 0.0]
      [Object Copy (ms): Min: 10.4, Avg: 10.7, Max: 10.8, Diff: 0.4, Sum: 85.2]
      [Termination (ms): Min: 0.0, Avg: 0.0, Max: 0.0, Diff: 0.0, Sum: 0.0]
      [GC Worker Other (ms): Min: 0.0, Avg: 0.1, Max: 0.1, Diff: 0.1, Sum: 0.5]
      [GC Worker Total (ms): Min: 17.4, Avg: 17.4, Max: 17.5, Diff: 0.1, Sum: 139.4]
      [GC Worker End (ms): Min: 1500626108.4, Avg: 1500626108.4, Max: 1500626108.5, Diff: 0.1]
   [Code Root Fixup: 0.3 ms]
   [Code Root Purge: 0.0 ms]
   [Clear CT: 0.3 ms]
   [Other: 1.5 ms]
      [Choose CSet: 0.0 ms]
      [Ref Proc: 0.2 ms]
      [Ref Enq: 0.0 ms]
      [Redirty Cards: 0.1 ms]
      [Humongous Reclaim: 0.0 ms]
      [Free CSet: 0.7 ms]
   [Eden: 2212.0M(2212.0M)->0.0B(2212.0M) Survivors: 36.0M->36.0M Heap: 3582.1M(4500.0M)->1371.4M(4500.0M)]
Heap after GC invocations=32950 (full 0):
 garbage-first heap   total 4608000K, used 1404336K [0x00000006a6c00000, 0x00000006a7002328, 0x00000007c0000000)
  region size 4096K, 9 young (36864K), 9 survivors (36864K)
 Metaspace       used 124692K, capacity 128524K, committed 129664K, reserved 1165312K
  class space    used 13846K, capacity 14512K, committed 14720K, reserved 1048576K
}
 [Times: user=0.12 sys=0.02, real=0.02 secs] 
{Heap before GC invocations=32950 (full 0):
 garbage-first heap   total 4608000K, used 3669424K [0x00000006a6c00000, 0x00000006a7002328, 0x00000007c0000000)
  region size 4096K, 562 young (2301952K), 9 survivors (36864K)
 Metaspace       used 124692K, capacity 128524K, committed 129664K, reserved 1165312K
  class space    used 13846K, capacity 14512K, committed 14720K, reserved 1048576K
2019-04-29T01:24:04.318+0800: 1500653.536: [GC pause (G1 Evacuation Pause) (young)
Desired survivor size 148897792 bytes, new threshold 15 (max 15)
- age   1:   16940304 bytes,   16940304 total
- age   2:    2187864 bytes,   19128168 total
- age   3:     205912 bytes,   19334080 total
- age   4:     206784 bytes,   19540864 total
- age   5:     279992 bytes,   19820856 total
- age   6:     222080 bytes,   20042936 total
- age   7:     445848 bytes,   20488784 total
- age   8:     185808 bytes,   20674592 total
- age   9:     283680 bytes,   20958272 total
- age  10:     274120 bytes,   21232392 total
- age  11:     164224 bytes,   21396616 total
- age  12:     122040 bytes,   21518656 total
- age  13:     214008 bytes,   21732664 total
- age  14:     534000 bytes,   22266664 total
- age  15:     498232 bytes,   22764896 total
 1500653.536: [G1Ergonomics (CSet Construction) start choosing CSet, _pending_cards: 22198, predicted base time: 8.21 ms, remaining time: 51.79 ms, target pause time: 60.00 ms]
 1500653.536: [G1Ergonomics (CSet Construction) add young regions to CSet, eden: 553 regions, survivors: 9 regions, predicted young region time: 87.53 ms]
 1500653.536: [G1Ergonomics (CSet Construction) finish choosing CSet, eden: 553 regions, survivors: 9 regions, old: 0 regions, predicted pause time: 95.74 ms, target pause time: 60.00 ms]
, 0.0196251 secs]
   [Parallel Time: 17.6 ms, GC Workers: 8]
      [GC Worker Start (ms): Min: 1500653536.6, Avg: 1500653536.6, Max: 1500653536.6, Diff: 0.1]
      [Ext Root Scanning (ms): Min: 1.1, Avg: 1.6, Max: 4.4, Diff: 3.3, Sum: 12.9]
      [Update RS (ms): Min: 2.8, Avg: 5.3, Max: 6.0, Diff: 3.2, Sum: 42.6]
         [Processed Buffers: Min: 10, Avg: 23.2, Max: 48, Diff: 38, Sum: 186]
      [Scan RS (ms): Min: 0.0, Avg: 0.1, Max: 0.2, Diff: 0.1, Sum: 0.7]
      [Code Root Scanning (ms): Min: 0.0, Avg: 0.0, Max: 0.0, Diff: 0.0, Sum: 0.0]
      [Object Copy (ms): Min: 10.3, Avg: 10.4, Max: 10.5, Diff: 0.2, Sum: 83.4]
      [Termination (ms): Min: 0.0, Avg: 0.0, Max: 0.0, Diff: 0.0, Sum: 0.0]
      [GC Worker Other (ms): Min: 0.0, Avg: 0.0, Max: 0.1, Diff: 0.1, Sum: 0.3]
      [GC Worker Total (ms): Min: 17.4, Avg: 17.5, Max: 17.6, Diff: 0.1, Sum: 140.0]
      [GC Worker End (ms): Min: 1500653554.1, Avg: 1500653554.1, Max: 1500653554.1, Diff: 0.0]
   [Code Root Fixup: 0.2 ms]
   [Code Root Purge: 0.0 ms]
   [Clear CT: 0.3 ms]
   [Other: 1.5 ms]
      [Choose CSet: 0.0 ms]
      [Ref Proc: 0.3 ms]
      [Ref Enq: 0.0 ms]
      [Redirty Cards: 0.1 ms]
      [Humongous Reclaim: 0.0 ms]
      [Free CSet: 0.6 ms]
   [Eden: 2212.0M(2212.0M)->0.0B(2212.0M) Survivors: 36.0M->36.0M Heap: 3583.4M(4500.0M)->1370.7M(4500.0M)]
Heap after GC invocations=32951 (full 0):
 garbage-first heap   total 4608000K, used 1403629K [0x00000006a6c00000, 0x00000006a7002328, 0x00000007c0000000)
  region size 4096K, 9 young (36864K), 9 survivors (36864K)
 Metaspace       used 124692K, capacity 128524K, committed 129664K, reserved 1165312K
  class space    used 13846K, capacity 14512K, committed 14720K, reserved 1048576K
}
 [Times: user=0.12 sys=0.03, real=0.02 secs] 
{Heap before GC invocations=32951 (full 0):
 garbage-first heap   total 4608000K, used 3668717K [0x00000006a6c00000, 0x00000006a7002328, 0x00000007c0000000)
  region size 4096K, 562 young (2301952K), 9 survivors (36864K)
 Metaspace       used 124692K, capacity 128524K, committed 129664K, reserved 1165312K
  class space    used 13846K, capacity 14512K, committed 14720K, reserved 1048576K
2019-04-29T01:24:33.703+0800: 1500682.922: [GC pause (G1 Evacuation Pause) (young)
Desired survivor size 148897792 bytes, new threshold 15 (max 15)
- age   1:   15778184 bytes,   15778184 total
- age   2:    2162848 bytes,   17941032 total
- age   3:     522856 bytes,   18463888 total
- age   4:     196744 bytes,   18660632 total
- age   5:     205240 bytes,   18865872 total
- age   6:     278336 bytes,   19144208 total
- age   7:     172312 bytes,   19316520 total
- age   8:     445592 bytes,   19762112 total
- age   9:     185808 bytes,   19947920 total
- age  10:     283568 bytes,   20231488 total
- age  11:     274120 bytes,   20505608 total
- age  12:     164224 bytes,   20669832 total
- age  13:     122040 bytes,   20791872 total
- age  14:     214008 bytes,   21005880 total
- age  15:     534000 bytes,   21539880 total
 1500682.922: [G1Ergonomics (CSet Construction) start choosing CSet, _pending_cards: 23108, predicted base time: 8.51 ms, remaining time: 51.49 ms, target pause time: 60.00 ms]
 1500682.922: [G1Ergonomics (CSet Construction) add young regions to CSet, eden: 553 regions, survivors: 9 regions, predicted young region time: 69.90 ms]
 1500682.922: [G1Ergonomics (CSet Construction) finish choosing CSet, eden: 553 regions, survivors: 9 regions, old: 0 regions, predicted pause time: 78.41 ms, target pause time: 60.00 ms]
, 0.0200270 secs]
   [Parallel Time: 18.1 ms, GC Workers: 8]
      [GC Worker Start (ms): Min: 1500682921.9, Avg: 1500682921.9, Max: 1500682921.9, Diff: 0.1]
      [Ext Root Scanning (ms): Min: 1.1, Avg: 1.3, Max: 2.3, Diff: 1.2, Sum: 10.6]
      [Update RS (ms): Min: 4.9, Avg: 5.6, Max: 5.9, Diff: 1.1, Sum: 44.6]
         [Processed Buffers: Min: 14, Avg: 22.6, Max: 42, Diff: 28, Sum: 181]
      [Scan RS (ms): Min: 0.0, Avg: 0.1, Max: 0.1, Diff: 0.1, Sum: 0.6]
      [Code Root Scanning (ms): Min: 0.0, Avg: 0.0, Max: 0.0, Diff: 0.0, Sum: 0.0]
      [Object Copy (ms): Min: 10.8, Avg: 10.9, Max: 11.0, Diff: 0.2, Sum: 87.5]
      [Termination (ms): Min: 0.0, Avg: 0.0, Max: 0.0, Diff: 0.0, Sum: 0.0]
      [GC Worker Other (ms): Min: 0.0, Avg: 0.0, Max: 0.1, Diff: 0.1, Sum: 0.3]
      [GC Worker Total (ms): Min: 17.9, Avg: 18.0, Max: 18.0, Diff: 0.1, Sum: 143.8]
      [GC Worker End (ms): Min: 1500682939.8, Avg: 1500682939.9, Max: 1500682939.9, Diff: 0.0]
   [Code Root Fixup: 0.3 ms]
   [Code Root Purge: 0.0 ms]
   [Clear CT: 0.3 ms]
   [Other: 1.4 ms]
      [Choose CSet: 0.0 ms]
      [Ref Proc: 0.2 ms]
      [Ref Enq: 0.0 ms]
      [Redirty Cards: 0.1 ms]
      [Humongous Reclaim: 0.0 ms]
      [Free CSet: 0.6 ms]
   [Eden: 2212.0M(2212.0M)->0.0B(2212.0M) Survivors: 36.0M->36.0M Heap: 3582.7M(4500.0M)->1371.4M(4500.0M)]
Heap after GC invocations=32952 (full 0):
 garbage-first heap   total 4608000K, used 1404331K [0x00000006a6c00000, 0x00000006a7002328, 0x00000007c0000000)
  region size 4096K, 9 young (36864K), 9 survivors (36864K)
 Metaspace       used 124692K, capacity 128524K, committed 129664K, reserved 1165312K
  class space    used 13846K, capacity 14512K, committed 14720K, reserved 1048576K
}
 [Times: user=0.15 sys=0.00, real=0.02 secs] 
{Heap before GC invocations=32952 (full 0):
 garbage-first heap   total 4608000K, used 3669419K [0x00000006a6c00000, 0x00000006a7002328, 0x00000007c0000000)
  region size 4096K, 562 young (2301952K), 9 survivors (36864K)
 Metaspace       used 124692K, capacity 128524K, committed 129664K, reserved 1165312K
  class space    used 13846K, capacity 14512K, committed 14720K, reserved 1048576K
2019-04-29T01:25:00.302+0800: 1500709.521: [GC pause (G1 Evacuation Pause) (young)
Desired survivor size 148897792 bytes, new threshold 15 (max 15)
- age   1:   17403520 bytes,   17403520 total
- age   2:    1774664 bytes,   19178184 total
- age   3:     590200 bytes,   19768384 total
- age   4:     249232 bytes,   20017616 total
- age   5:     195696 bytes,   20213312 total
- age   6:     204656 bytes,   20417968 total
- age   7:     277752 bytes,   20695720 total
- age   8:     172088 bytes,   20867808 total
- age   9:     445592 bytes,   21313400 total
- age  10:     185696 bytes,   21499096 total
- age  11:     283568 bytes,   21782664 total
- age  12:     274120 bytes,   22056784 total
- age  13:     164224 bytes,   22221008 total
- age  14:     122040 bytes,   22343048 total
- age  15:     214008 bytes,   22557056 total
 1500709.521: [G1Ergonomics (CSet Construction) start choosing CSet, _pending_cards: 22095, predicted base time: 8.19 ms, remaining time: 51.81 ms, target pause time: 60.00 ms]
 1500709.521: [G1Ergonomics (CSet Construction) add young regions to CSet, eden: 553 regions, survivors: 9 regions, predicted young region time: 63.27 ms]
 1500709.521: [G1Ergonomics (CSet Construction) finish choosing CSet, eden: 553 regions, survivors: 9 regions, old: 0 regions, predicted pause time: 71.45 ms, target pause time: 60.00 ms]
, 0.0226088 secs]
   [Parallel Time: 20.6 ms, GC Workers: 8]
      [GC Worker Start (ms): Min: 1500709521.4, Avg: 1500709521.4, Max: 1500709521.5, Diff: 0.1]
      [Ext Root Scanning (ms): Min: 1.2, Avg: 1.4, Max: 2.2, Diff: 1.1, Sum: 11.5]
      [Update RS (ms): Min: 5.1, Avg: 5.8, Max: 6.2, Diff: 1.0, Sum: 46.6]
         [Processed Buffers: Min: 12, Avg: 22.0, Max: 35, Diff: 23, Sum: 176]
      [Scan RS (ms): Min: 0.0, Avg: 0.1, Max: 0.1, Diff: 0.1, Sum: 0.7]
      [Code Root Scanning (ms): Min: 0.0, Avg: 0.0, Max: 0.0, Diff: 0.0, Sum: 0.0]
      [Object Copy (ms): Min: 13.0, Avg: 13.1, Max: 13.2, Diff: 0.2, Sum: 104.7]
      [Termination (ms): Min: 0.0, Avg: 0.0, Max: 0.0, Diff: 0.0, Sum: 0.0]
      [GC Worker Other (ms): Min: 0.0, Avg: 0.1, Max: 0.1, Diff: 0.1, Sum: 0.4]
      [GC Worker Total (ms): Min: 20.5, Avg: 20.5, Max: 20.6, Diff: 0.1, Sum: 164.0]
      [GC Worker End (ms): Min: 1500709541.9, Avg: 1500709541.9, Max: 1500709541.9, Diff: 0.0]
   [Code Root Fixup: 0.2 ms]
   [Code Root Purge: 0.0 ms]
   [Clear CT: 0.3 ms]
   [Other: 1.5 ms]
      [Choose CSet: 0.0 ms]
      [Ref Proc: 0.2 ms]
      [Ref Enq: 0.0 ms]
      [Redirty Cards: 0.1 ms]
      [Humongous Reclaim: 0.0 ms]
      [Free CSet: 0.7 ms]
   [Eden: 2212.0M(2212.0M)->0.0B(2212.0M) Survivors: 36.0M->36.0M Heap: 3583.4M(4500.0M)->1373.9M(4500.0M)]
Heap after GC invocations=32953 (full 0):
 garbage-first heap   total 4608000K, used 1406864K [0x00000006a6c00000, 0x00000006a7002328, 0x00000007c0000000)
  region size 4096K, 9 young (36864K), 9 survivors (36864K)
 Metaspace       used 124692K, capacity 128524K, committed 129664K, reserved 1165312K
  class space    used 13846K, capacity 14512K, committed 14720K, reserved 1048576K
}
 [Times: user=0.13 sys=0.04, real=0.02 secs] 
{Heap before GC invocations=32953 (full 0):
 garbage-first heap   total 4608000K, used 3671952K [0x00000006a6c00000, 0x00000006a7002328, 0x00000007c0000000)
  region size 4096K, 562 young (2301952K), 9 survivors (36864K)
 Metaspace       used 124692K, capacity 128524K, committed 129664K, reserved 1165312K
  class space    used 13846K, capacity 14512K, committed 14720K, reserved 1048576K
2019-04-29T01:25:18.834+0800: 1500728.052: [GC pause (G1 Evacuation Pause) (young)
Desired survivor size 148897792 bytes, new threshold 15 (max 15)
- age   1:   20801360 bytes,   20801360 total
- age   2:    2903120 bytes,   23704480 total
- age   3:     484008 bytes,   24188488 total
- age   4:     248544 bytes,   24437032 total
- age   5:     248560 bytes,   24685592 total
- age   6:     194264 bytes,   24879856 total
- age   7:     204152 bytes,   25084008 total
- age   8:     277752 bytes,   25361760 total
- age   9:     171864 bytes,   25533624 total
- age  10:     445592 bytes,   25979216 total
- age  11:     185696 bytes,   26164912 total
- age  12:     283568 bytes,   26448480 total
- age  13:     274120 bytes,   26722600 total
- age  14:     164224 bytes,   26886824 total
- age  15:     122040 bytes,   27008864 total
 1500728.052: [G1Ergonomics (CSet Construction) start choosing CSet, _pending_cards: 21053, predicted base time: 8.11 ms, remaining time: 51.89 ms, target pause time: 60.00 ms]
 1500728.052: [G1Ergonomics (CSet Construction) add young regions to CSet, eden: 553 regions, survivors: 9 regions, predicted young region time: 73.57 ms]
 1500728.052: [G1Ergonomics (CSet Construction) finish choosing CSet, eden: 553 regions, survivors: 9 regions, old: 0 regions, predicted pause time: 81.68 ms, target pause time: 60.00 ms]
, 0.0180355 secs]
   [Parallel Time: 15.7 ms, GC Workers: 8]
      [GC Worker Start (ms): Min: 1500728052.6, Avg: 1500728052.6, Max: 1500728052.7, Diff: 0.1]
      [Ext Root Scanning (ms): Min: 1.1, Avg: 1.3, Max: 2.1, Diff: 1.0, Sum: 10.7]
      [Update RS (ms): Min: 4.5, Avg: 5.1, Max: 5.5, Diff: 1.0, Sum: 41.0]
         [Processed Buffers: Min: 13, Avg: 22.8, Max: 40, Diff: 27, Sum: 182]
      [Scan RS (ms): Min: 0.0, Avg: 0.1, Max: 0.1, Diff: 0.1, Sum: 0.6]
      [Code Root Scanning (ms): Min: 0.0, Avg: 0.0, Max: 0.0, Diff: 0.0, Sum: 0.0]
      [Object Copy (ms): Min: 8.8, Avg: 8.9, Max: 9.0, Diff: 0.2, Sum: 71.2]
      [Termination (ms): Min: 0.0, Avg: 0.0, Max: 0.0, Diff: 0.0, Sum: 0.1]
      [GC Worker Other (ms): Min: 0.0, Avg: 0.0, Max: 0.1, Diff: 0.0, Sum: 0.2]
      [GC Worker Total (ms): Min: 15.4, Avg: 15.5, Max: 15.5, Diff: 0.1, Sum: 123.9]
      [GC Worker End (ms): Min: 1500728068.1, Avg: 1500728068.1, Max: 1500728068.2, Diff: 0.0]
   [Code Root Fixup: 0.3 ms]
   [Code Root Purge: 0.0 ms]
   [Clear CT: 0.3 ms]
   [Other: 1.7 ms]
      [Choose CSet: 0.0 ms]
      [Ref Proc: 0.2 ms]
      [Ref Enq: 0.0 ms]
      [Redirty Cards: 0.1 ms]
      [Humongous Reclaim: 0.0 ms]
      [Free CSet: 0.9 ms]
   [Eden: 2212.0M(2212.0M)->0.0B(2212.0M) Survivors: 36.0M->36.0M Heap: 3585.9M(4500.0M)->1372.1M(4500.0M)]
Heap after GC invocations=32954 (full 0):
 garbage-first heap   total 4608000K, used 1405040K [0x00000006a6c00000, 0x00000006a7002328, 0x00000007c0000000)
  region size 4096K, 9 young (36864K), 9 survivors (36864K)
 Metaspace       used 124692K, capacity 128524K, committed 129664K, reserved 1165312K
  class space    used 13846K, capacity 14512K, committed 14720K, reserved 1048576K
}
 [Times: user=0.10 sys=0.03, real=0.02 secs] 
{Heap before GC invocations=32954 (full 0):
 garbage-first heap   total 4608000K, used 3670128K [0x00000006a6c00000, 0x00000006a7002328, 0x00000007c0000000)
  region size 4096K, 562 young (2301952K), 9 survivors (36864K)
 Metaspace       used 124692K, capacity 128524K, committed 129664K, reserved 1165312K
  class space    used 13846K, capacity 14512K, committed 14720K, reserved 1048576K
2019-04-29T01:25:43.120+0800: 1500752.339: [GC pause (G1 Evacuation Pause) (young)
Desired survivor size 148897792 bytes, new threshold 15 (max 15)
- age   1:   13925976 bytes,   13925976 total
- age   2:    1932624 bytes,   15858600 total
- age   3:     964080 bytes,   16822680 total
- age   4:     184192 bytes,   17006872 total
- age   5:     247280 bytes,   17254152 total
- age   6:     248080 bytes,   17502232 total
- age   7:     192784 bytes,   17695016 total
- age   8:     204040 bytes,   17899056 total
- age   9:     260904 bytes,   18159960 total
- age  10:     170176 bytes,   18330136 total
- age  11:     440000 bytes,   18770136 total
- age  12:     185696 bytes,   18955832 total
- age  13:     283568 bytes,   19239400 total
- age  14:     274120 bytes,   19513520 total
- age  15:     164224 bytes,   19677744 total
 1500752.339: [G1Ergonomics (CSet Construction) start choosing CSet, _pending_cards: 21485, predicted base time: 8.18 ms, remaining time: 51.82 ms, target pause time: 60.00 ms]
 1500752.339: [G1Ergonomics (CSet Construction) add young regions to CSet, eden: 553 regions, survivors: 9 regions, predicted young region time: 58.59 ms]
 1500752.339: [G1Ergonomics (CSet Construction) finish choosing CSet, eden: 553 regions, survivors: 9 regions, old: 0 regions, predicted pause time: 66.78 ms, target pause time: 60.00 ms]
, 0.0180404 secs]
   [Parallel Time: 16.2 ms, GC Workers: 8]
      [GC Worker Start (ms): Min: 1500752339.2, Avg: 1500752339.2, Max: 1500752339.2, Diff: 0.1]
      [Ext Root Scanning (ms): Min: 1.1, Avg: 1.3, Max: 2.0, Diff: 0.9, Sum: 10.3]
      [Update RS (ms): Min: 4.7, Avg: 5.3, Max: 5.6, Diff: 0.9, Sum: 42.5]
         [Processed Buffers: Min: 13, Avg: 22.8, Max: 38, Diff: 25, Sum: 182]
      [Scan RS (ms): Min: 0.0, Avg: 0.1, Max: 0.1, Diff: 0.1, Sum: 0.7]
      [Code Root Scanning (ms): Min: 0.0, Avg: 0.0, Max: 0.0, Diff: 0.0, Sum: 0.0]
      [Object Copy (ms): Min: 9.3, Avg: 9.4, Max: 9.4, Diff: 0.2, Sum: 74.8]
      [Termination (ms): Min: 0.0, Avg: 0.0, Max: 0.0, Diff: 0.0, Sum: 0.0]
      [GC Worker Other (ms): Min: 0.0, Avg: 0.0, Max: 0.1, Diff: 0.0, Sum: 0.3]
      [GC Worker Total (ms): Min: 16.0, Avg: 16.1, Max: 16.1, Diff: 0.1, Sum: 128.6]
      [GC Worker End (ms): Min: 1500752355.2, Avg: 1500752355.3, Max: 1500752355.3, Diff: 0.0]
   [Code Root Fixup: 0.2 ms]
   [Code Root Purge: 0.0 ms]
   [Clear CT: 0.2 ms]
   [Other: 1.4 ms]
      [Choose CSet: 0.0 ms]
      [Ref Proc: 0.2 ms]
      [Ref Enq: 0.0 ms]
      [Redirty Cards: 0.1 ms]
      [Humongous Reclaim: 0.0 ms]
      [Free CSet: 0.6 ms]
   [Eden: 2212.0M(2212.0M)->0.0B(2212.0M) Survivors: 36.0M->36.0M Heap: 3584.1M(4500.0M)->1372.0M(4500.0M)]
Heap after GC invocations=32955 (full 0):
 garbage-first heap   total 4608000K, used 1404882K [0x00000006a6c00000, 0x00000006a7002328, 0x00000007c0000000)
  region size 4096K, 9 young (36864K), 9 survivors (36864K)
 Metaspace       used 124692K, capacity 128524K, committed 129664K, reserved 1165312K
  class space    used 13846K, capacity 14512K, committed 14720K, reserved 1048576K
}
 [Times: user=0.13 sys=0.00, real=0.01 secs] 
{Heap before GC invocations=32955 (full 0):
 garbage-first heap   total 4608000K, used 3669970K [0x00000006a6c00000, 0x00000006a7002328, 0x00000007c0000000)
  region size 4096K, 562 young (2301952K), 9 survivors (36864K)
 Metaspace       used 124692K, capacity 128524K, committed 129664K, reserved 1165312K
  class space    used 13846K, capacity 14512K, committed 14720K, reserved 1048576K
2019-04-29T01:26:10.036+0800: 1500779.255: [GC pause (G1 Evacuation Pause) (young)
Desired survivor size 148897792 bytes, new threshold 15 (max 15)
- age   1:   14595688 bytes,   14595688 total
- age   2:    1793952 bytes,   16389640 total
- age   3:    1335752 bytes,   17725392 total
- age   4:     131520 bytes,   17856912 total
- age   5:     176400 bytes,   18033312 total
- age   6:     246144 bytes,   18279456 total
- age   7:     247744 bytes,   18527200 total
- age   8:     192752 bytes,   18719952 total
- age   9:     203928 bytes,   18923880 total
- age  10:     260904 bytes,   19184784 total
- age  11:     166840 bytes,   19351624 total
- age  12:     438928 bytes,   19790552 total
- age  13:     184016 bytes,   19974568 total
- age  14:     283568 bytes,   20258136 total
- age  15:     274120 bytes,   20532256 total
 1500779.255: [G1Ergonomics (CSet Construction) start choosing CSet, _pending_cards: 21948, predicted base time: 8.22 ms, remaining time: 51.78 ms, target pause time: 60.00 ms]
 1500779.255: [G1Ergonomics (CSet Construction) add young regions to CSet, eden: 553 regions, survivors: 9 regions, predicted young region time: 45.01 ms]
 1500779.255: [G1Ergonomics (CSet Construction) finish choosing CSet, eden: 553 regions, survivors: 9 regions, old: 0 regions, predicted pause time: 53.23 ms, target pause time: 60.00 ms]
, 0.0190199 secs]
   [Parallel Time: 17.0 ms, GC Workers: 8]
      [GC Worker Start (ms): Min: 1500779255.4, Avg: 1500779255.4, Max: 1500779255.5, Diff: 0.2]
      [Ext Root Scanning (ms): Min: 1.0, Avg: 1.3, Max: 2.1, Diff: 1.1, Sum: 10.6]
      [Update RS (ms): Min: 5.0, Avg: 5.4, Max: 5.8, Diff: 0.8, Sum: 43.3]
         [Processed Buffers: Min: 14, Avg: 23.1, Max: 36, Diff: 22, Sum: 185]
      [Scan RS (ms): Min: 0.0, Avg: 0.1, Max: 0.1, Diff: 0.1, Sum: 0.6]
      [Code Root Scanning (ms): Min: 0.0, Avg: 0.0, Max: 0.0, Diff: 0.0, Sum: 0.0]
      [Object Copy (ms): Min: 9.7, Avg: 9.9, Max: 10.0, Diff: 0.3, Sum: 79.5]
      [Termination (ms): Min: 0.0, Avg: 0.0, Max: 0.0, Diff: 0.0, Sum: 0.0]
      [GC Worker Other (ms): Min: 0.0, Avg: 0.1, Max: 0.1, Diff: 0.1, Sum: 0.4]
      [GC Worker Total (ms): Min: 16.7, Avg: 16.8, Max: 16.9, Diff: 0.2, Sum: 134.5]
      [GC Worker End (ms): Min: 1500779272.2, Avg: 1500779272.3, Max: 1500779272.3, Diff: 0.1]
   [Code Root Fixup: 0.3 ms]
   [Code Root Purge: 0.0 ms]
   [Clear CT: 0.3 ms]
   [Other: 1.5 ms]
      [Choose CSet: 0.0 ms]
      [Ref Proc: 0.2 ms]
      [Ref Enq: 0.0 ms]
      [Redirty Cards: 0.1 ms]
      [Humongous Reclaim: 0.0 ms]
      [Free CSet: 0.7 ms]
   [Eden: 2212.0M(2212.0M)->0.0B(2212.0M) Survivors: 36.0M->36.0M Heap: 3584.0M(4500.0M)->1372.7M(4500.0M)]
Heap after GC invocations=32956 (full 0):
 garbage-first heap   total 4608000K, used 1405606K [0x00000006a6c00000, 0x00000006a7002328, 0x00000007c0000000)
  region size 4096K, 9 young (36864K), 9 survivors (36864K)
 Metaspace       used 124692K, capacity 128524K, committed 129664K, reserved 1165312K
  class space    used 13846K, capacity 14512K, committed 14720K, reserved 1048576K
}
 [Times: user=0.11 sys=0.02, real=0.02 secs] 
{Heap before GC invocations=32956 (full 0):
 garbage-first heap   total 4608000K, used 3670694K [0x00000006a6c00000, 0x00000006a7002328, 0x00000007c0000000)
  region size 4096K, 562 young (2301952K), 9 survivors (36864K)
 Metaspace       used 124692K, capacity 128524K, committed 129664K, reserved 1165312K
  class space    used 13846K, capacity 14512K, committed 14720K, reserved 1048576K
2019-04-29T01:26:33.609+0800: 1500802.828: [GC pause (G1 Evacuation Pause) (young)
Desired survivor size 148897792 bytes, new threshold 15 (max 15)
- age   1:   15489432 bytes,   15489432 total
- age   2:    1685928 bytes,   17175360 total
- age   3:    1144784 bytes,   18320144 total
- age   4:     221656 bytes,   18541800 total
- age   5:     130960 bytes,   18672760 total
- age   6:     175760 bytes,   18848520 total
- age   7:     245968 bytes,   19094488 total
- age   8:     247568 bytes,   19342056 total
- age   9:     192752 bytes,   19534808 total
- age  10:     203928 bytes,   19738736 total
- age  11:     260904 bytes,   19999640 total
- age  12:     166840 bytes,   20166480 total
- age  13:     438928 bytes,   20605408 total
- age  14:     184016 bytes,   20789424 total
- age  15:     283568 bytes,   21072992 total
 1500802.828: [G1Ergonomics (CSet Construction) start choosing CSet, _pending_cards: 21436, predicted base time: 8.08 ms, remaining time: 51.92 ms, target pause time: 60.00 ms]
 1500802.828: [G1Ergonomics (CSet Construction) add young regions to CSet, eden: 553 regions, survivors: 9 regions, predicted young region time: 38.95 ms]
 1500802.828: [G1Ergonomics (CSet Construction) finish choosing CSet, eden: 553 regions, survivors: 9 regions, old: 0 regions, predicted pause time: 47.03 ms, target pause time: 60.00 ms]
, 0.0205448 secs]
   [Parallel Time: 18.7 ms, GC Workers: 8]
      [GC Worker Start (ms): Min: 1500802828.0, Avg: 1500802828.1, Max: 1500802828.1, Diff: 0.1]
      [Ext Root Scanning (ms): Min: 1.0, Avg: 1.3, Max: 2.1, Diff: 1.1, Sum: 10.1]
      [Update RS (ms): Min: 4.5, Avg: 5.2, Max: 5.6, Diff: 1.1, Sum: 41.9]
         [Processed Buffers: Min: 16, Avg: 21.2, Max: 33, Diff: 17, Sum: 170]
      [Scan RS (ms): Min: 0.0, Avg: 0.1, Max: 0.1, Diff: 0.1, Sum: 0.6]
      [Code Root Scanning (ms): Min: 0.0, Avg: 0.0, Max: 0.0, Diff: 0.0, Sum: 0.0]
      [Object Copy (ms): Min: 11.8, Avg: 11.9, Max: 12.0, Diff: 0.2, Sum: 95.0]
      [Termination (ms): Min: 0.0, Avg: 0.0, Max: 0.0, Diff: 0.0, Sum: 0.0]
      [GC Worker Other (ms): Min: 0.0, Avg: 0.1, Max: 0.1, Diff: 0.1, Sum: 0.5]
      [GC Worker Total (ms): Min: 18.5, Avg: 18.5, Max: 18.6, Diff: 0.1, Sum: 148.1]
      [GC Worker End (ms): Min: 1500802846.5, Avg: 1500802846.6, Max: 1500802846.6, Diff: 0.1]
   [Code Root Fixup: 0.2 ms]
   [Code Root Purge: 0.0 ms]
   [Clear CT: 0.3 ms]
   [Other: 1.4 ms]
      [Choose CSet: 0.0 ms]
      [Ref Proc: 0.2 ms]
      [Ref Enq: 0.0 ms]
      [Redirty Cards: 0.1 ms]
      [Humongous Reclaim: 0.0 ms]
      [Free CSet: 0.6 ms]
   [Eden: 2212.0M(2212.0M)->0.0B(2204.0M) Survivors: 36.0M->44.0M Heap: 3584.7M(4500.0M)->1380.6M(4500.0M)]
Heap after GC invocations=32957 (full 0):
 garbage-first heap   total 4608000K, used 1413720K [0x00000006a6c00000, 0x00000006a7002328, 0x00000007c0000000)
  region size 4096K, 11 young (45056K), 11 survivors (45056K)
 Metaspace       used 124692K, capacity 128524K, committed 129664K, reserved 1165312K
  class space    used 13846K, capacity 14512K, committed 14720K, reserved 1048576K
}
 [Times: user=0.12 sys=0.03, real=0.03 secs] 
{Heap before GC invocations=32957 (full 0):
 garbage-first heap   total 4608000K, used 3670616K [0x00000006a6c00000, 0x00000006a7002328, 0x00000007c0000000)
  region size 4096K, 562 young (2301952K), 11 survivors (45056K)
 Metaspace       used 124692K, capacity 128524K, committed 129664K, reserved 1165312K
  class space    used 13846K, capacity 14512K, committed 14720K, reserved 1048576K
2019-04-29T01:27:00.309+0800: 1500829.528: [GC pause (G1 Evacuation Pause) (young)
Desired survivor size 148897792 bytes, new threshold 15 (max 15)
- age   1:   18724408 bytes,   18724408 total
- age   2:    2679856 bytes,   21404264 total
- age   3:     838160 bytes,   22242424 total
- age   4:     630856 bytes,   22873280 total
- age   5:     221288 bytes,   23094568 total
- age   6:     130416 bytes,   23224984 total
- age   7:     175008 bytes,   23399992 total
- age   8:     245968 bytes,   23645960 total
- age   9:     247568 bytes,   23893528 total
- age  10:     192752 bytes,   24086280 total
- age  11:     203928 bytes,   24290208 total
- age  12:     260904 bytes,   24551112 total
- age  13:     166840 bytes,   24717952 total
- age  14:     438256 bytes,   25156208 total
- age  15:     184016 bytes,   25340224 total
 1500829.528: [G1Ergonomics (CSet Construction) start choosing CSet, _pending_cards: 21828, predicted base time: 8.11 ms, remaining time: 51.89 ms, target pause time: 60.00 ms]
 1500829.528: [G1Ergonomics (CSet Construction) add young regions to CSet, eden: 551 regions, survivors: 11 regions, predicted young region time: 54.42 ms]
 1500829.528: [G1Ergonomics (CSet Construction) finish choosing CSet, eden: 551 regions, survivors: 11 regions, old: 0 regions, predicted pause time: 62.54 ms, target pause time: 60.00 ms]
, 0.0195953 secs]
   [Parallel Time: 17.7 ms, GC Workers: 8]
      [GC Worker Start (ms): Min: 1500829527.9, Avg: 1500829528.0, Max: 1500829528.0, Diff: 0.1]
      [Ext Root Scanning (ms): Min: 1.1, Avg: 1.3, Max: 2.1, Diff: 1.1, Sum: 10.5]
      [Update RS (ms): Min: 4.7, Avg: 5.5, Max: 5.7, Diff: 1.0, Sum: 43.8]
         [Processed Buffers: Min: 14, Avg: 22.8, Max: 35, Diff: 21, Sum: 182]
      [Scan RS (ms): Min: 0.0, Avg: 0.1, Max: 0.2, Diff: 0.1, Sum: 0.7]
      [Code Root Scanning (ms): Min: 0.0, Avg: 0.0, Max: 0.0, Diff: 0.0, Sum: 0.0]
      [Object Copy (ms): Min: 10.5, Avg: 10.6, Max: 10.7, Diff: 0.2, Sum: 84.9]
      [Termination (ms): Min: 0.0, Avg: 0.0, Max: 0.0, Diff: 0.0, Sum: 0.0]
      [GC Worker Other (ms): Min: 0.0, Avg: 0.0, Max: 0.1, Diff: 0.1, Sum: 0.3]
      [GC Worker Total (ms): Min: 17.5, Avg: 17.5, Max: 17.6, Diff: 0.1, Sum: 140.2]
      [GC Worker End (ms): Min: 1500829545.5, Avg: 1500829545.5, Max: 1500829545.5, Diff: 0.1]
   [Code Root Fixup: 0.2 ms]
   [Code Root Purge: 0.0 ms]
   [Clear CT: 0.3 ms]
   [Other: 1.4 ms]
      [Choose CSet: 0.0 ms]
      [Ref Proc: 0.2 ms]
      [Ref Enq: 0.0 ms]
      [Redirty Cards: 0.1 ms]
      [Humongous Reclaim: 0.0 ms]
      [Free CSet: 0.6 ms]
   [Eden: 2204.0M(2204.0M)->0.0B(2212.0M) Survivors: 44.0M->36.0M Heap: 3584.6M(4500.0M)->1373.4M(4500.0M)]
Heap after GC invocations=32958 (full 0):
 garbage-first heap   total 4608000K, used 1406387K [0x00000006a6c00000, 0x00000006a7002328, 0x00000007c0000000)
  region size 4096K, 9 young (36864K), 9 survivors (36864K)
 Metaspace       used 124692K, capacity 128524K, committed 129664K, reserved 1165312K
  class space    used 13846K, capacity 14512K, committed 14720K, reserved 1048576K
}
 [Times: user=0.14 sys=0.00, real=0.02 secs] 
{Heap before GC invocations=32958 (full 0):
 garbage-first heap   total 4608000K, used 3671475K [0x00000006a6c00000, 0x00000006a7002328, 0x00000007c0000000)
  region size 4096K, 562 young (2301952K), 9 survivors (36864K)
 Metaspace       used 124692K, capacity 128524K, committed 129664K, reserved 1165312K
  class space    used 13846K, capacity 14512K, committed 14720K, reserved 1048576K
2019-04-29T01:27:25.909+0800: 1500855.128: [GC pause (G1 Evacuation Pause) (young)
Desired survivor size 148897792 bytes, new threshold 15 (max 15)
- age   1:   17030896 bytes,   17030896 total
- age   2:    1723040 bytes,   18753936 total
- age   3:     878488 bytes,   19632424 total
- age   4:     257208 bytes,   19889632 total
- age   5:     612536 bytes,   20502168 total
- age   6:     220160 bytes,   20722328 total
- age   7:     130168 bytes,   20852496 total
- age   8:     175008 bytes,   21027504 total
- age   9:     245856 bytes,   21273360 total
- age  10:     247568 bytes,   21520928 total
- age  11:     192752 bytes,   21713680 total
- age  12:     203928 bytes,   21917608 total
- age  13:     260792 bytes,   22178400 total
- age  14:     166840 bytes,   22345240 total
- age  15:     438256 bytes,   22783496 total
 1500855.128: [G1Ergonomics (CSet Construction) start choosing CSet, _pending_cards: 21226, predicted base time: 7.96 ms, remaining time: 52.04 ms, target pause time: 60.00 ms]
 1500855.128: [G1Ergonomics (CSet Construction) add young regions to CSet, eden: 553 regions, survivors: 9 regions, predicted young region time: 65.29 ms]
 1500855.128: [G1Ergonomics (CSet Construction) finish choosing CSet, eden: 553 regions, survivors: 9 regions, old: 0 regions, predicted pause time: 73.25 ms, target pause time: 60.00 ms]
, 0.0189111 secs]
   [Parallel Time: 17.1 ms, GC Workers: 8]
      [GC Worker Start (ms): Min: 1500855127.8, Avg: 1500855127.9, Max: 1500855127.9, Diff: 0.1]
      [Ext Root Scanning (ms): Min: 1.1, Avg: 1.6, Max: 4.3, Diff: 3.2, Sum: 12.8]
      [Update RS (ms): Min: 2.8, Avg: 5.2, Max: 5.8, Diff: 3.1, Sum: 41.6]
         [Processed Buffers: Min: 12, Avg: 21.6, Max: 35, Diff: 23, Sum: 173]
      [Scan RS (ms): Min: 0.0, Avg: 0.1, Max: 0.1, Diff: 0.1, Sum: 0.6]
      [Code Root Scanning (ms): Min: 0.0, Avg: 0.0, Max: 0.0, Diff: 0.0, Sum: 0.0]
      [Object Copy (ms): Min: 9.9, Avg: 10.0, Max: 10.1, Diff: 0.2, Sum: 80.2]
      [Termination (ms): Min: 0.0, Avg: 0.0, Max: 0.0, Diff: 0.0, Sum: 0.0]
      [GC Worker Other (ms): Min: 0.0, Avg: 0.0, Max: 0.1, Diff: 0.1, Sum: 0.4]
      [GC Worker Total (ms): Min: 16.9, Avg: 17.0, Max: 17.0, Diff: 0.1, Sum: 135.6]
      [GC Worker End (ms): Min: 1500855144.8, Avg: 1500855144.8, Max: 1500855144.8, Diff: 0.1]
   [Code Root Fixup: 0.2 ms]
   [Code Root Purge: 0.0 ms]
   [Clear CT: 0.3 ms]
   [Other: 1.4 ms]
      [Choose CSet: 0.0 ms]
      [Ref Proc: 0.2 ms]
      [Ref Enq: 0.0 ms]
      [Redirty Cards: 0.1 ms]
      [Humongous Reclaim: 0.0 ms]
      [Free CSet: 0.6 ms]
   [Eden: 2212.0M(2212.0M)->0.0B(2212.0M) Survivors: 36.0M->36.0M Heap: 3585.4M(4500.0M)->1373.9M(4500.0M)]
Heap after GC invocations=32959 (full 0):
 garbage-first heap   total 4608000K, used 1406907K [0x00000006a6c00000, 0x00000006a7002328, 0x00000007c0000000)
  region size 4096K, 9 young (36864K), 9 survivors (36864K)
 Metaspace       used 124692K, capacity 128524K, committed 129664K, reserved 1165312K
  class space    used 13846K, capacity 14512K, committed 14720K, reserved 1048576K
}
 [Times: user=0.11 sys=0.03, real=0.02 secs] 
{Heap before GC invocations=32959 (full 0):
 garbage-first heap   total 4608000K, used 3671995K [0x00000006a6c00000, 0x00000006a7002328, 0x00000007c0000000)
  region size 4096K, 562 young (2301952K), 9 survivors (36864K)
 Metaspace       used 124692K, capacity 128524K, committed 129664K, reserved 1165312K
  class space    used 13846K, capacity 14512K, committed 14720K, reserved 1048576K
2019-04-29T01:27:54.345+0800: 1500883.564: [GC pause (G1 Evacuation Pause) (young)
Desired survivor size 148897792 bytes, new threshold 15 (max 15)
- age   1:   15333520 bytes,   15333520 total
- age   2:    2399712 bytes,   17733232 total
- age   3:     541064 bytes,   18274296 total
- age   4:     290528 bytes,   18564824 total
- age   5:     249792 bytes,   18814616 total
- age   6:     611576 bytes,   19426192 total
- age   7:     218344 bytes,   19644536 total
- age   8:     129416 bytes,   19773952 total
- age   9:     174288 bytes,   19948240 total
- age  10:     245856 bytes,   20194096 total
- age  11:     247568 bytes,   20441664 total
- age  12:     192752 bytes,   20634416 total
- age  13:     203928 bytes,   20838344 total
- age  14:     260792 bytes,   21099136 total
- age  15:     166840 bytes,   21265976 total
 1500883.564: [G1Ergonomics (CSet Construction) start choosing CSet, _pending_cards: 22619, predicted base time: 8.35 ms, remaining time: 51.65 ms, target pause time: 60.00 ms]
 1500883.564: [G1Ergonomics (CSet Construction) add young regions to CSet, eden: 553 regions, survivors: 9 regions, predicted young region time: 51.68 ms]
 1500883.564: [G1Ergonomics (CSet Construction) finish choosing CSet, eden: 553 regions, survivors: 9 regions, old: 0 regions, predicted pause time: 60.03 ms, target pause time: 60.00 ms]
, 0.0179906 secs]
   [Parallel Time: 16.0 ms, GC Workers: 8]
      [GC Worker Start (ms): Min: 1500883564.1, Avg: 1500883564.1, Max: 1500883564.1, Diff: 0.1]
      [Ext Root Scanning (ms): Min: 1.1, Avg: 1.3, Max: 2.2, Diff: 1.1, Sum: 10.6]
      [Update RS (ms): Min: 4.8, Avg: 5.4, Max: 5.7, Diff: 0.9, Sum: 43.0]
         [Processed Buffers: Min: 11, Avg: 22.8, Max: 38, Diff: 27, Sum: 182]
      [Scan RS (ms): Min: 0.0, Avg: 0.1, Max: 0.1, Diff: 0.1, Sum: 0.7]
      [Code Root Scanning (ms): Min: 0.0, Avg: 0.0, Max: 0.0, Diff: 0.0, Sum: 0.0]
      [Object Copy (ms): Min: 8.9, Avg: 9.0, Max: 9.1, Diff: 0.2, Sum: 72.1]
      [Termination (ms): Min: 0.0, Avg: 0.0, Max: 0.0, Diff: 0.0, Sum: 0.0]
      [GC Worker Other (ms): Min: 0.0, Avg: 0.0, Max: 0.1, Diff: 0.1, Sum: 0.4]
      [GC Worker Total (ms): Min: 15.8, Avg: 15.9, Max: 15.9, Diff: 0.1, Sum: 126.8]
      [GC Worker End (ms): Min: 1500883579.9, Avg: 1500883579.9, Max: 1500883580.0, Diff: 0.1]
   [Code Root Fixup: 0.3 ms]
   [Code Root Purge: 0.0 ms]
   [Clear CT: 0.3 ms]
   [Other: 1.5 ms]
      [Choose CSet: 0.0 ms]
      [Ref Proc: 0.2 ms]
      [Ref Enq: 0.0 ms]
      [Redirty Cards: 0.1 ms]
      [Humongous Reclaim: 0.0 ms]
      [Free CSet: 0.7 ms]
   [Eden: 2212.0M(2212.0M)->0.0B(2212.0M) Survivors: 36.0M->36.0M Heap: 3585.9M(4500.0M)->1373.9M(4500.0M)]
Heap after GC invocations=32960 (full 0):
 garbage-first heap   total 4608000K, used 1406912K [0x00000006a6c00000, 0x00000006a7002328, 0x00000007c0000000)
  region size 4096K, 9 young (36864K), 9 survivors (36864K)
 Metaspace       used 124692K, capacity 128524K, committed 129664K, reserved 1165312K
  class space    used 13846K, capacity 14512K, committed 14720K, reserved 1048576K
}
 [Times: user=0.11 sys=0.03, real=0.02 secs] 
{Heap before GC invocations=32960 (full 0):
 garbage-first heap   total 4608000K, used 3672000K [0x00000006a6c00000, 0x00000006a7002328, 0x00000007c0000000)
  region size 4096K, 562 young (2301952K), 9 survivors (36864K)
 Metaspace       used 124692K, capacity 128524K, committed 129664K, reserved 1165312K
  class space    used 13846K, capacity 14512K, committed 14720K, reserved 1048576K
2019-04-29T01:28:20.778+0800: 1500909.996: [GC pause (G1 Evacuation Pause) (young)
Desired survivor size 148897792 bytes, new threshold 15 (max 15)
- age   1:   14240744 bytes,   14240744 total
- age   2:    2023976 bytes,   16264720 total
- age   3:     976400 bytes,   17241120 total
- age   4:     198456 bytes,   17439576 total
- age   5:     278968 bytes,   17718544 total
- age   6:     246880 bytes,   17965424 total
- age   7:     611104 bytes,   18576528 total
- age   8:     217336 bytes,   18793864 total
- age   9:     129416 bytes,   18923280 total
- age  10:     172608 bytes,   19095888 total
- age  11:     245856 bytes,   19341744 total
- age  12:     247568 bytes,   19589312 total
- age  13:     192752 bytes,   19782064 total
- age  14:     203816 bytes,   19985880 total
- age  15:     260792 bytes,   20246672 total
 1500909.997: [G1Ergonomics (CSet Construction) start choosing CSet, _pending_cards: 21725, predicted base time: 8.05 ms, remaining time: 51.95 ms, target pause time: 60.00 ms]
 1500909.997: [G1Ergonomics (CSet Construction) add young regions to CSet, eden: 553 regions, survivors: 9 regions, predicted young region time: 57.06 ms]
 1500909.997: [G1Ergonomics (CSet Construction) finish choosing CSet, eden: 553 regions, survivors: 9 regions, old: 0 regions, predicted pause time: 65.11 ms, target pause time: 60.00 ms]
, 0.0185072 secs]
   [Parallel Time: 16.6 ms, GC Workers: 8]
      [GC Worker Start (ms): Min: 1500909996.8, Avg: 1500909996.8, Max: 1500909996.9, Diff: 0.1]
      [Ext Root Scanning (ms): Min: 1.1, Avg: 1.3, Max: 2.2, Diff: 1.1, Sum: 10.6]
      [Update RS (ms): Min: 4.4, Avg: 5.2, Max: 5.6, Diff: 1.2, Sum: 41.6]
         [Processed Buffers: Min: 13, Avg: 23.0, Max: 34, Diff: 21, Sum: 184]
      [Scan RS (ms): Min: 0.0, Avg: 0.1, Max: 0.2, Diff: 0.1, Sum: 0.7]
      [Code Root Scanning (ms): Min: 0.0, Avg: 0.0, Max: 0.0, Diff: 0.0, Sum: 0.0]
      [Object Copy (ms): Min: 9.7, Avg: 9.8, Max: 9.9, Diff: 0.2, Sum: 78.5]
      [Termination (ms): Min: 0.0, Avg: 0.0, Max: 0.0, Diff: 0.0, Sum: 0.0]
      [GC Worker Other (ms): Min: 0.0, Avg: 0.0, Max: 0.1, Diff: 0.1, Sum: 0.3]
      [GC Worker Total (ms): Min: 16.4, Avg: 16.5, Max: 16.5, Diff: 0.1, Sum: 131.6]
      [GC Worker End (ms): Min: 1500910013.3, Avg: 1500910013.3, Max: 1500910013.3, Diff: 0.1]
   [Code Root Fixup: 0.2 ms]
   [Code Root Purge: 0.0 ms]
   [Clear CT: 0.3 ms]
   [Other: 1.4 ms]
      [Choose CSet: 0.0 ms]
      [Ref Proc: 0.2 ms]
      [Ref Enq: 0.0 ms]
      [Redirty Cards: 0.1 ms]
      [Humongous Reclaim: 0.0 ms]
      [Free CSet: 0.6 ms]
   [Eden: 2212.0M(2212.0M)->0.0B(2212.0M) Survivors: 36.0M->36.0M Heap: 3585.9M(4500.0M)->1374.6M(4500.0M)]
Heap after GC invocations=32961 (full 0):
 garbage-first heap   total 4608000K, used 1407635K [0x00000006a6c00000, 0x00000006a7002328, 0x00000007c0000000)
  region size 4096K, 9 young (36864K), 9 survivors (36864K)
 Metaspace       used 124692K, capacity 128524K, committed 129664K, reserved 1165312K
  class space    used 13846K, capacity 14512K, committed 14720K, reserved 1048576K
}
 [Times: user=0.11 sys=0.03, real=0.02 secs] 
{Heap before GC invocations=32961 (full 0):
 garbage-first heap   total 4608000K, used 3672723K [0x00000006a6c00000, 0x00000006a7002328, 0x00000007c0000000)
  region size 4096K, 562 young (2301952K), 9 survivors (36864K)
 Metaspace       used 124692K, capacity 128524K, committed 129664K, reserved 1165312K
  class space    used 13846K, capacity 14512K, committed 14720K, reserved 1048576K
2019-04-29T01:28:45.278+0800: 1500934.497: [GC pause (G1 Evacuation Pause) (young)
Desired survivor size 148897792 bytes, new threshold 15 (max 15)
- age   1:   15696664 bytes,   15696664 total
- age   2:    2006536 bytes,   17703200 total
- age   3:     630976 bytes,   18334176 total
- age   4:     236712 bytes,   18570888 total
- age   5:     197752 bytes,   18768640 total
- age   6:     261488 bytes,   19030128 total
- age   7:     245696 bytes,   19275824 total
- age   8:     330800 bytes,   19606624 total
- age   9:     216736 bytes,   19823360 total
- age  10:     129344 bytes,   19952704 total
- age  11:     172608 bytes,   20125312 total
- age  12:     245856 bytes,   20371168 total
- age  13:     247568 bytes,   20618736 total
- age  14:     192752 bytes,   20811488 total
- age  15:     203816 bytes,   21015304 total
 1500934.497: [G1Ergonomics (CSet Construction) start choosing CSet, _pending_cards: 22052, predicted base time: 8.07 ms, remaining time: 51.93 ms, target pause time: 60.00 ms]
 1500934.497: [G1Ergonomics (CSet Construction) add young regions to CSet, eden: 553 regions, survivors: 9 regions, predicted young region time: 49.81 ms]
 1500934.497: [G1Ergonomics (CSet Construction) finish choosing CSet, eden: 553 regions, survivors: 9 regions, old: 0 regions, predicted pause time: 57.88 ms, target pause time: 60.00 ms]
, 0.0206715 secs]
   [Parallel Time: 18.3 ms, GC Workers: 8]
      [GC Worker Start (ms): Min: 1500934497.6, Avg: 1500934497.6, Max: 1500934497.7, Diff: 0.1]
      [Ext Root Scanning (ms): Min: 1.2, Avg: 1.4, Max: 2.1, Diff: 0.9, Sum: 11.4]
      [Update RS (ms): Min: 5.1, Avg: 5.7, Max: 6.0, Diff: 0.9, Sum: 46.0]
         [Processed Buffers: Min: 15, Avg: 23.4, Max: 45, Diff: 30, Sum: 187]
      [Scan RS (ms): Min: 0.0, Avg: 0.1, Max: 0.1, Diff: 0.1, Sum: 0.7]
      [Code Root Scanning (ms): Min: 0.0, Avg: 0.0, Max: 0.0, Diff: 0.0, Sum: 0.0]
      [Object Copy (ms): Min: 10.7, Avg: 10.8, Max: 10.8, Diff: 0.1, Sum: 86.2]
      [Termination (ms): Min: 0.0, Avg: 0.0, Max: 0.0, Diff: 0.0, Sum: 0.0]
      [GC Worker Other (ms): Min: 0.0, Avg: 0.1, Max: 0.1, Diff: 0.1, Sum: 0.5]
      [GC Worker Total (ms): Min: 18.0, Avg: 18.1, Max: 18.1, Diff: 0.1, Sum: 144.7]
      [GC Worker End (ms): Min: 1500934515.7, Avg: 1500934515.7, Max: 1500934515.7, Diff: 0.1]
   [Code Root Fixup: 0.3 ms]
   [Code Root Purge: 0.0 ms]
   [Clear CT: 0.3 ms]
   [Other: 1.8 ms]
      [Choose CSet: 0.0 ms]
      [Ref Proc: 0.2 ms]
      [Ref Enq: 0.0 ms]
      [Redirty Cards: 0.1 ms]
      [Humongous Reclaim: 0.0 ms]
      [Free CSet: 0.9 ms]
   [Eden: 2212.0M(2212.0M)->0.0B(2208.0M) Survivors: 36.0M->40.0M Heap: 3586.6M(4500.0M)->1378.4M(4500.0M)]
Heap after GC invocations=32962 (full 0):
 garbage-first heap   total 4608000K, used 1411491K [0x00000006a6c00000, 0x00000006a7002328, 0x00000007c0000000)
  region size 4096K, 10 young (40960K), 10 survivors (40960K)
 Metaspace       used 124692K, capacity 128524K, committed 129664K, reserved 1165312K
  class space    used 13846K, capacity 14512K, committed 14720K, reserved 1048576K
}
 [Times: user=0.11 sys=0.03, real=0.02 secs] 
{Heap before GC invocations=32962 (full 0):
 garbage-first heap   total 4608000K, used 3672483K [0x00000006a6c00000, 0x00000006a7002328, 0x00000007c0000000)
  region size 4096K, 562 young (2301952K), 10 survivors (40960K)
 Metaspace       used 124692K, capacity 128524K, committed 129664K, reserved 1165312K
  class space    used 13846K, capacity 14512K, committed 14720K, reserved 1048576K
2019-04-29T01:29:07.736+0800: 1500956.955: [GC pause (G1 Evacuation Pause) (young)
Desired survivor size 148897792 bytes, new threshold 15 (max 15)
- age   1:   16831992 bytes,   16831992 total
- age   2:    1828264 bytes,   18660256 total
- age   3:     805616 bytes,   19465872 total
- age   4:     287928 bytes,   19753800 total
- age   5:     228464 bytes,   19982264 total
- age   6:     197656 bytes,   20179920 total
- age   7:     260864 bytes,   20440784 total
- age   8:     245136 bytes,   20685920 total
- age   9:     329440 bytes,   21015360 total
- age  10:     216736 bytes,   21232096 total
- age  11:     129344 bytes,   21361440 total
- age  12:     172608 bytes,   21534048 total
- age  13:     245856 bytes,   21779904 total
- age  14:     247568 bytes,   22027472 total
- age  15:     192752 bytes,   22220224 total
 1500956.955: [G1Ergonomics (CSet Construction) start choosing CSet, _pending_cards: 21543, predicted base time: 8.22 ms, remaining time: 51.78 ms, target pause time: 60.00 ms]
 1500956.955: [G1Ergonomics (CSet Construction) add young regions to CSet, eden: 552 regions, survivors: 10 regions, predicted young region time: 40.53 ms]
 1500956.955: [G1Ergonomics (CSet Construction) finish choosing CSet, eden: 552 regions, survivors: 10 regions, old: 0 regions, predicted pause time: 48.76 ms, target pause time: 60.00 ms]
, 0.0197414 secs]
   [Parallel Time: 17.8 ms, GC Workers: 8]
      [GC Worker Start (ms): Min: 1500956955.4, Avg: 1500956955.4, Max: 1500956955.5, Diff: 0.1]
      [Ext Root Scanning (ms): Min: 1.1, Avg: 1.3, Max: 2.0, Diff: 0.9, Sum: 10.3]
      [Update RS (ms): Min: 4.8, Avg: 5.4, Max: 5.8, Diff: 1.0, Sum: 43.5]
         [Processed Buffers: Min: 15, Avg: 23.1, Max: 36, Diff: 21, Sum: 185]
      [Scan RS (ms): Min: 0.0, Avg: 0.1, Max: 0.1, Diff: 0.1, Sum: 0.6]
      [Code Root Scanning (ms): Min: 0.0, Avg: 0.0, Max: 0.0, Diff: 0.0, Sum: 0.0]
      [Object Copy (ms): Min: 10.7, Avg: 10.8, Max: 11.0, Diff: 0.2, Sum: 86.8]
      [Termination (ms): Min: 0.0, Avg: 0.0, Max: 0.0, Diff: 0.0, Sum: 0.1]
      [GC Worker Other (ms): Min: 0.0, Avg: 0.0, Max: 0.1, Diff: 0.0, Sum: 0.3]
      [GC Worker Total (ms): Min: 17.7, Avg: 17.7, Max: 17.7, Diff: 0.1, Sum: 141.7]
      [GC Worker End (ms): Min: 1500956973.1, Avg: 1500956973.2, Max: 1500956973.2, Diff: 0.0]
   [Code Root Fixup: 0.2 ms]
   [Code Root Purge: 0.0 ms]
   [Clear CT: 0.3 ms]
   [Other: 1.4 ms]
      [Choose CSet: 0.0 ms]
      [Ref Proc: 0.2 ms]
      [Ref Enq: 0.0 ms]
      [Redirty Cards: 0.1 ms]
      [Humongous Reclaim: 0.0 ms]
      [Free CSet: 0.6 ms]
   [Eden: 2208.0M(2208.0M)->0.0B(2212.0M) Survivors: 40.0M->36.0M Heap: 3586.4M(4500.0M)->1375.2M(4500.0M)]
Heap after GC invocations=32963 (full 0):
 garbage-first heap   total 4608000K, used 1408221K [0x00000006a6c00000, 0x00000006a7002328, 0x00000007c0000000)
  region size 4096K, 9 young (36864K), 9 survivors (36864K)
 Metaspace       used 124692K, capacity 128524K, committed 129664K, reserved 1165312K
  class space    used 13846K, capacity 14512K, committed 14720K, reserved 1048576K
}
 [Times: user=0.12 sys=0.03, real=0.02 secs] 
{Heap before GC invocations=32963 (full 0):
 garbage-first heap   total 4608000K, used 3673309K [0x00000006a6c00000, 0x00000006a7002328, 0x00000007c0000000)
  region size 4096K, 562 young (2301952K), 9 survivors (36864K)
 Metaspace       used 124692K, capacity 128524K, committed 129664K, reserved 1165312K
  class space    used 13846K, capacity 14512K, committed 14720K, reserved 1048576K
2019-04-29T01:29:33.388+0800: 1500982.606: [GC pause (G1 Evacuation Pause) (young)
Desired survivor size 148897792 bytes, new threshold 15 (max 15)
- age   1:   16566264 bytes,   16566264 total
- age   2:    1977272 bytes,   18543536 total
- age   3:     901344 bytes,   19444880 total
- age   4:     327560 bytes,   19772440 total
- age   5:     280704 bytes,   20053144 total
- age   6:     227824 bytes,   20280968 total
- age   7:     196904 bytes,   20477872 total
- age   8:     260416 bytes,   20738288 total
- age   9:     243288 bytes,   20981576 total
- age  10:     329216 bytes,   21310792 total
- age  11:     216592 bytes,   21527384 total
- age  12:     129344 bytes,   21656728 total
- age  13:     172608 bytes,   21829336 total
- age  14:     245856 bytes,   22075192 total
- age  15:     247568 bytes,   22322760 total
 1500982.607: [G1Ergonomics (CSet Construction) start choosing CSet, _pending_cards: 21483, predicted base time: 8.17 ms, remaining time: 51.83 ms, target pause time: 60.00 ms]
 1500982.607: [G1Ergonomics (CSet Construction) add young regions to CSet, eden: 553 regions, survivors: 9 regions, predicted young region time: 35.98 ms]
 1500982.607: [G1Ergonomics (CSet Construction) finish choosing CSet, eden: 553 regions, survivors: 9 regions, old: 0 regions, predicted pause time: 44.15 ms, target pause time: 60.00 ms]
, 0.0174332 secs]
   [Parallel Time: 15.4 ms, GC Workers: 8]
      [GC Worker Start (ms): Min: 1500982606.8, Avg: 1500982606.8, Max: 1500982606.8, Diff: 0.1]
      [Ext Root Scanning (ms): Min: 1.1, Avg: 1.3, Max: 2.0, Diff: 0.9, Sum: 10.4]
      [Update RS (ms): Min: 4.5, Avg: 5.2, Max: 5.5, Diff: 0.9, Sum: 41.5]
         [Processed Buffers: Min: 11, Avg: 21.4, Max: 42, Diff: 31, Sum: 171]
      [Scan RS (ms): Min: 0.0, Avg: 0.1, Max: 0.1, Diff: 0.1, Sum: 0.7]
      [Code Root Scanning (ms): Min: 0.0, Avg: 0.0, Max: 0.0, Diff: 0.0, Sum: 0.0]
      [Object Copy (ms): Min: 8.6, Avg: 8.7, Max: 8.8, Diff: 0.2, Sum: 69.8]
      [Termination (ms): Min: 0.0, Avg: 0.0, Max: 0.0, Diff: 0.0, Sum: 0.0]
      [GC Worker Other (ms): Min: 0.0, Avg: 0.1, Max: 0.1, Diff: 0.1, Sum: 0.4]
      [GC Worker Total (ms): Min: 15.3, Avg: 15.4, Max: 15.4, Diff: 0.1, Sum: 122.8]
      [GC Worker End (ms): Min: 1500982622.1, Avg: 1500982622.1, Max: 1500982622.2, Diff: 0.1]
   [Code Root Fixup: 0.2 ms]
   [Code Root Purge: 0.0 ms]
   [Clear CT: 0.3 ms]
   [Other: 1.5 ms]
      [Choose CSet: 0.0 ms]
      [Ref Proc: 0.2 ms]
      [Ref Enq: 0.0 ms]
      [Redirty Cards: 0.1 ms]
      [Humongous Reclaim: 0.0 ms]
      [Free CSet: 0.6 ms]
   [Eden: 2212.0M(2212.0M)->0.0B(2212.0M) Survivors: 36.0M->36.0M Heap: 3587.2M(4500.0M)->1375.5M(4500.0M)]
Heap after GC invocations=32964 (full 0):
 garbage-first heap   total 4608000K, used 1408558K [0x00000006a6c00000, 0x00000006a7002328, 0x00000007c0000000)
  region size 4096K, 9 young (36864K), 9 survivors (36864K)
 Metaspace       used 124692K, capacity 128524K, committed 129664K, reserved 1165312K
  class space    used 13846K, capacity 14512K, committed 14720K, reserved 1048576K
}
 [Times: user=0.10 sys=0.03, real=0.02 secs] 
{Heap before GC invocations=32964 (full 0):
 garbage-first heap   total 4608000K, used 3673646K [0x00000006a6c00000, 0x00000006a7002328, 0x00000007c0000000)
  region size 4096K, 562 young (2301952K), 9 survivors (36864K)
 Metaspace       used 124692K, capacity 128524K, committed 129664K, reserved 1165312K
  class space    used 13846K, capacity 14512K, committed 14720K, reserved 1048576K
2019-04-29T01:30:00.293+0800: 1501009.511: [GC pause (G1 Evacuation Pause) (young)
Desired survivor size 148897792 bytes, new threshold 15 (max 15)
- age   1:   13450496 bytes,   13450496 total
- age   2:    2220544 bytes,   15671040 total
- age   3:    1067864 bytes,   16738904 total
- age   4:     178648 bytes,   16917552 total
- age   5:     326352 bytes,   17243904 total
- age   6:     280112 bytes,   17524016 total
- age   7:     226624 bytes,   17750640 total
- age   8:     196792 bytes,   17947432 total
- age   9:     259968 bytes,   18207400 total
- age  10:     243288 bytes,   18450688 total
- age  11:     328992 bytes,   18779680 total
- age  12:     216592 bytes,   18996272 total
- age  13:     129344 bytes,   19125616 total
- age  14:     172608 bytes,   19298224 total
- age  15:     245856 bytes,   19544080 total
 1501009.511: [G1Ergonomics (CSet Construction) start choosing CSet, _pending_cards: 21712, predicted base time: 8.14 ms, remaining time: 51.86 ms, target pause time: 60.00 ms]
 1501009.511: [G1Ergonomics (CSet Construction) add young regions to CSet, eden: 553 regions, survivors: 9 regions, predicted young region time: 33.99 ms]
 1501009.511: [G1Ergonomics (CSet Construction) finish choosing CSet, eden: 553 regions, survivors: 9 regions, old: 0 regions, predicted pause time: 42.12 ms, target pause time: 60.00 ms]
, 0.0184475 secs]
   [Parallel Time: 16.5 ms, GC Workers: 8]
      [GC Worker Start (ms): Min: 1501009511.6, Avg: 1501009511.6, Max: 1501009511.7, Diff: 0.1]
      [Ext Root Scanning (ms): Min: 1.1, Avg: 1.3, Max: 2.0, Diff: 0.9, Sum: 10.3]
      [Update RS (ms): Min: 4.7, Avg: 5.3, Max: 5.6, Diff: 1.0, Sum: 42.6]
         [Processed Buffers: Min: 11, Avg: 21.5, Max: 41, Diff: 30, Sum: 172]
      [Scan RS (ms): Min: 0.0, Avg: 0.1, Max: 0.2, Diff: 0.1, Sum: 0.7]
      [Code Root Scanning (ms): Min: 0.0, Avg: 0.0, Max: 0.0, Diff: 0.0, Sum: 0.0]
      [Object Copy (ms): Min: 9.6, Avg: 9.6, Max: 9.7, Diff: 0.1, Sum: 77.1]
      [Termination (ms): Min: 0.0, Avg: 0.0, Max: 0.0, Diff: 0.0, Sum: 0.0]
      [GC Worker Other (ms): Min: 0.0, Avg: 0.0, Max: 0.1, Diff: 0.1, Sum: 0.3]
      [GC Worker Total (ms): Min: 16.3, Avg: 16.4, Max: 16.4, Diff: 0.1, Sum: 131.1]
      [GC Worker End (ms): Min: 1501009528.0, Avg: 1501009528.0, Max: 1501009528.0, Diff: 0.0]
   [Code Root Fixup: 0.3 ms]
   [Code Root Purge: 0.0 ms]
   [Clear CT: 0.3 ms]
   [Other: 1.4 ms]
      [Choose CSet: 0.0 ms]
      [Ref Proc: 0.2 ms]
      [Ref Enq: 0.0 ms]
      [Redirty Cards: 0.1 ms]
      [Humongous Reclaim: 0.0 ms]
      [Free CSet: 0.6 ms]
   [Eden: 2212.0M(2212.0M)->0.0B(2212.0M) Survivors: 36.0M->36.0M Heap: 3587.5M(4500.0M)->1375.4M(4500.0M)]
Heap after GC invocations=32965 (full 0):
 garbage-first heap   total 4608000K, used 1408439K [0x00000006a6c00000, 0x00000006a7002328, 0x00000007c0000000)
  region size 4096K, 9 young (36864K), 9 survivors (36864K)
 Metaspace       used 124692K, capacity 128524K, committed 129664K, reserved 1165312K
  class space    used 13846K, capacity 14512K, committed 14720K, reserved 1048576K
}
 [Times: user=0.11 sys=0.02, real=0.02 secs] 
{Heap before GC invocations=32965 (full 0):
 garbage-first heap   total 4608000K, used 3673527K [0x00000006a6c00000, 0x00000006a7002328, 0x00000007c0000000)
  region size 4096K, 562 young (2301952K), 9 survivors (36864K)
 Metaspace       used 124692K, capacity 128524K, committed 129664K, reserved 1165312K
  class space    used 13846K, capacity 14512K, committed 14720K, reserved 1048576K
2019-04-29T01:30:19.702+0800: 1501028.920: [GC pause (G1 Evacuation Pause) (young)
Desired survivor size 148897792 bytes, new threshold 15 (max 15)
- age   1:   14874616 bytes,   14874616 total
- age   2:    1741728 bytes,   16616344 total
- age   3:    1204312 bytes,   17820656 total
- age   4:     274568 bytes,   18095224 total
- age   5:     177624 bytes,   18272848 total
- age   6:     323752 bytes,   18596600 total
- age   7:     278032 bytes,   18874632 total
- age   8:     226288 bytes,   19100920 total
- age   9:     196792 bytes,   19297712 total
- age  10:     259856 bytes,   19557568 total
- age  11:     243288 bytes,   19800856 total
- age  12:     328992 bytes,   20129848 total
- age  13:     216592 bytes,   20346440 total
- age  14:     129344 bytes,   20475784 total
- age  15:     172608 bytes,   20648392 total
 1501028.920: [G1Ergonomics (CSet Construction) start choosing CSet, _pending_cards: 21639, predicted base time: 8.06 ms, remaining time: 51.94 ms, target pause time: 60.00 ms]
 1501028.920: [G1Ergonomics (CSet Construction) add young regions to CSet, eden: 553 regions, survivors: 9 regions, predicted young region time: 30.92 ms]
 1501028.920: [G1Ergonomics (CSet Construction) finish choosing CSet, eden: 553 regions, survivors: 9 regions, old: 0 regions, predicted pause time: 38.98 ms, target pause time: 60.00 ms]
, 0.0193401 secs]
   [Parallel Time: 17.4 ms, GC Workers: 8]
      [GC Worker Start (ms): Min: 1501028920.6, Avg: 1501028920.6, Max: 1501028920.6, Diff: 0.1]
      [Ext Root Scanning (ms): Min: 1.0, Avg: 1.3, Max: 2.0, Diff: 0.9, Sum: 10.2]
      [Update RS (ms): Min: 4.9, Avg: 5.4, Max: 5.7, Diff: 0.8, Sum: 42.8]
         [Processed Buffers: Min: 16, Avg: 23.5, Max: 38, Diff: 22, Sum: 188]
      [Scan RS (ms): Min: 0.0, Avg: 0.1, Max: 0.2, Diff: 0.2, Sum: 0.6]
      [Code Root Scanning (ms): Min: 0.0, Avg: 0.0, Max: 0.0, Diff: 0.0, Sum: 0.0]
      [Object Copy (ms): Min: 10.3, Avg: 10.5, Max: 10.6, Diff: 0.3, Sum: 83.9]
      [Termination (ms): Min: 0.0, Avg: 0.0, Max: 0.0, Diff: 0.0, Sum: 0.0]
      [GC Worker Other (ms): Min: 0.0, Avg: 0.0, Max: 0.1, Diff: 0.1, Sum: 0.3]
      [GC Worker Total (ms): Min: 17.2, Avg: 17.2, Max: 17.3, Diff: 0.1, Sum: 137.9]
      [GC Worker End (ms): Min: 1501028937.8, Avg: 1501028937.9, Max: 1501028937.9, Diff: 0.1]
   [Code Root Fixup: 0.3 ms]
   [Code Root Purge: 0.0 ms]
   [Clear CT: 0.3 ms]
   [Other: 1.4 ms]
      [Choose CSet: 0.0 ms]
      [Ref Proc: 0.2 ms]
      [Ref Enq: 0.0 ms]
      [Redirty Cards: 0.1 ms]
      [Humongous Reclaim: 0.0 ms]
      [Free CSet: 0.6 ms]
   [Eden: 2212.0M(2212.0M)->0.0B(2216.0M) Survivors: 36.0M->32.0M Heap: 3587.4M(4500.0M)->1374.2M(4500.0M)]
Heap after GC invocations=32966 (full 0):
 garbage-first heap   total 4608000K, used 1407210K [0x00000006a6c00000, 0x00000006a7002328, 0x00000007c0000000)
  region size 4096K, 8 young (32768K), 8 survivors (32768K)
 Metaspace       used 124692K, capacity 128524K, committed 129664K, reserved 1165312K
  class space    used 13846K, capacity 14512K, committed 14720K, reserved 1048576K
}
 [Times: user=0.12 sys=0.03, real=0.02 secs] 
{Heap before GC invocations=32966 (full 0):
 garbage-first heap   total 4608000K, used 3676394K [0x00000006a6c00000, 0x00000006a7002328, 0x00000007c0000000)
  region size 4096K, 562 young (2301952K), 8 survivors (32768K)
 Metaspace       used 124692K, capacity 128524K, committed 129664K, reserved 1165312K
  class space    used 13846K, capacity 14512K, committed 14720K, reserved 1048576K
2019-04-29T01:30:47.083+0800: 1501056.302: [GC pause (G1 Evacuation Pause) (young)
Desired survivor size 148897792 bytes, new threshold 15 (max 15)
- age   1:   16869656 bytes,   16869656 total
- age   2:    1874592 bytes,   18744248 total
- age   3:     919344 bytes,   19663592 total
- age   4:     257728 bytes,   19921320 total
- age   5:     269872 bytes,   20191192 total
- age   6:     176824 bytes,   20368016 total
- age   7:     323416 bytes,   20691432 total
- age   8:     277920 bytes,   20969352 total
- age   9:     226152 bytes,   21195504 total
- age  10:     196792 bytes,   21392296 total
- age  11:     259856 bytes,   21652152 total
- age  12:     243288 bytes,   21895440 total
- age  13:     328992 bytes,   22224432 total
- age  14:     216592 bytes,   22441024 total
- age  15:     129344 bytes,   22570368 total
 1501056.302: [G1Ergonomics (CSet Construction) start choosing CSet, _pending_cards: 21552, predicted base time: 8.02 ms, remaining time: 51.98 ms, target pause time: 60.00 ms]
 1501056.302: [G1Ergonomics (CSet Construction) add young regions to CSet, eden: 554 regions, survivors: 8 regions, predicted young region time: 27.98 ms]
 1501056.302: [G1Ergonomics (CSet Construction) finish choosing CSet, eden: 554 regions, survivors: 8 regions, old: 0 regions, predicted pause time: 36.00 ms, target pause time: 60.00 ms]
, 0.0199303 secs]
   [Parallel Time: 18.0 ms, GC Workers: 8]
      [GC Worker Start (ms): Min: 1501056302.5, Avg: 1501056302.5, Max: 1501056302.6, Diff: 0.1]
      [Ext Root Scanning (ms): Min: 1.1, Avg: 1.6, Max: 4.4, Diff: 3.3, Sum: 13.2]
      [Update RS (ms): Min: 2.5, Avg: 5.2, Max: 5.8, Diff: 3.3, Sum: 41.7]
         [Processed Buffers: Min: 17, Avg: 22.8, Max: 30, Diff: 13, Sum: 182]
      [Scan RS (ms): Min: 0.0, Avg: 0.1, Max: 0.2, Diff: 0.1, Sum: 0.6]
      [Code Root Scanning (ms): Min: 0.0, Avg: 0.0, Max: 0.0, Diff: 0.0, Sum: 0.0]
      [Object Copy (ms): Min: 10.8, Avg: 10.9, Max: 10.9, Diff: 0.1, Sum: 87.0]
      [Termination (ms): Min: 0.0, Avg: 0.0, Max: 0.0, Diff: 0.0, Sum: 0.0]
      [GC Worker Other (ms): Min: 0.0, Avg: 0.1, Max: 0.1, Diff: 0.1, Sum: 0.4]
      [GC Worker Total (ms): Min: 17.8, Avg: 17.9, Max: 17.9, Diff: 0.1, Sum: 142.9]
      [GC Worker End (ms): Min: 1501056320.4, Avg: 1501056320.4, Max: 1501056320.4, Diff: 0.1]
   [Code Root Fixup: 0.2 ms]
   [Code Root Purge: 0.0 ms]
   [Clear CT: 0.3 ms]
   [Other: 1.4 ms]
      [Choose CSet: 0.0 ms]
      [Ref Proc: 0.2 ms]
      [Ref Enq: 0.0 ms]
      [Redirty Cards: 0.1 ms]
      [Humongous Reclaim: 0.0 ms]
      [Free CSet: 0.6 ms]
   [Eden: 2216.0M(2216.0M)->0.0B(2212.0M) Survivors: 32.0M->36.0M Heap: 3590.2M(4500.0M)->1376.4M(4500.0M)]
Heap after GC invocations=32967 (full 0):
 garbage-first heap   total 4608000K, used 1409483K [0x00000006a6c00000, 0x00000006a7002328, 0x00000007c0000000)
  region size 4096K, 9 young (36864K), 9 survivors (36864K)
 Metaspace       used 124692K, capacity 128524K, committed 129664K, reserved 1165312K
  class space    used 13846K, capacity 14512K, committed 14720K, reserved 1048576K
}
 [Times: user=0.12 sys=0.03, real=0.02 secs] 
{Heap before GC invocations=32967 (full 0):
 garbage-first heap   total 4608000K, used 3674571K [0x00000006a6c00000, 0x00000006a7002328, 0x00000007c0000000)
  region size 4096K, 562 young (2301952K), 9 survivors (36864K)
 Metaspace       used 124692K, capacity 128524K, committed 129664K, reserved 1165312K
  class space    used 13846K, capacity 14512K, committed 14720K, reserved 1048576K
2019-04-29T01:31:11.164+0800: 1501080.382: [GC pause (G1 Evacuation Pause) (young)
Desired survivor size 148897792 bytes, new threshold 15 (max 15)
- age   1:   17875288 bytes,   17875288 total
- age   2:    1903176 bytes,   19778464 total
- age   3:     852400 bytes,   20630864 total
- age   4:     175160 bytes,   20806024 total
- age   5:     201272 bytes,   21007296 total
- age   6:     268896 bytes,   21276192 total
- age   7:     176640 bytes,   21452832 total
- age   8:     322728 bytes,   21775560 total
- age   9:     277640 bytes,   22053200 total
- age  10:     226080 bytes,   22279280 total
- age  11:     195112 bytes,   22474392 total
- age  12:     242744 bytes,   22717136 total
- age  13:     243264 bytes,   22960400 total
- age  14:     301088 bytes,   23261488 total
- age  15:     216592 bytes,   23478080 total
 1501080.383: [G1Ergonomics (CSet Construction) start choosing CSet, _pending_cards: 21462, predicted base time: 8.09 ms, remaining time: 51.91 ms, target pause time: 60.00 ms]
 1501080.383: [G1Ergonomics (CSet Construction) add young regions to CSet, eden: 553 regions, survivors: 9 regions, predicted young region time: 81.64 ms]
 1501080.383: [G1Ergonomics (CSet Construction) finish choosing CSet, eden: 553 regions, survivors: 9 regions, old: 0 regions, predicted pause time: 89.72 ms, target pause time: 60.00 ms]
, 0.0191299 secs]
   [Parallel Time: 17.3 ms, GC Workers: 8]
      [GC Worker Start (ms): Min: 1501080382.7, Avg: 1501080382.8, Max: 1501080382.8, Diff: 0.1]
      [Ext Root Scanning (ms): Min: 1.0, Avg: 1.3, Max: 2.2, Diff: 1.1, Sum: 10.1]
      [Update RS (ms): Min: 4.7, Avg: 5.3, Max: 5.6, Diff: 0.9, Sum: 42.3]
         [Processed Buffers: Min: 11, Avg: 22.5, Max: 42, Diff: 31, Sum: 180]
      [Scan RS (ms): Min: 0.0, Avg: 0.1, Max: 0.2, Diff: 0.1, Sum: 0.7]
      [Code Root Scanning (ms): Min: 0.0, Avg: 0.0, Max: 0.0, Diff: 0.0, Sum: 0.0]
      [Object Copy (ms): Min: 10.3, Avg: 10.5, Max: 10.6, Diff: 0.3, Sum: 83.9]
      [Termination (ms): Min: 0.0, Avg: 0.0, Max: 0.0, Diff: 0.0, Sum: 0.0]
      [GC Worker Other (ms): Min: 0.0, Avg: 0.0, Max: 0.1, Diff: 0.1, Sum: 0.3]
      [GC Worker Total (ms): Min: 17.1, Avg: 17.2, Max: 17.2, Diff: 0.1, Sum: 137.3]
      [GC Worker End (ms): Min: 1501080399.9, Avg: 1501080399.9, Max: 1501080400.0, Diff: 0.1]
   [Code Root Fixup: 0.2 ms]
   [Code Root Purge: 0.0 ms]
   [Clear CT: 0.3 ms]
   [Other: 1.4 ms]
      [Choose CSet: 0.0 ms]
      [Ref Proc: 0.2 ms]
      [Ref Enq: 0.0 ms]
      [Redirty Cards: 0.1 ms]
      [Humongous Reclaim: 0.0 ms]
      [Free CSet: 0.6 ms]
   [Eden: 2212.0M(2212.0M)->0.0B(2212.0M) Survivors: 36.0M->36.0M Heap: 3588.4M(4500.0M)->1376.7M(4500.0M)]
Heap after GC invocations=32968 (full 0):
 garbage-first heap   total 4608000K, used 1409727K [0x00000006a6c00000, 0x00000006a7002328, 0x00000007c0000000)
  region size 4096K, 9 young (36864K), 9 survivors (36864K)
 Metaspace       used 124692K, capacity 128524K, committed 129664K, reserved 1165312K
  class space    used 13846K, capacity 14512K, committed 14720K, reserved 1048576K
}
 [Times: user=0.11 sys=0.03, real=0.02 secs] 
{Heap before GC invocations=32968 (full 0):
 garbage-first heap   total 4608000K, used 3674815K [0x00000006a6c00000, 0x00000006a7002328, 0x00000007c0000000)
  region size 4096K, 562 young (2301952K), 9 survivors (36864K)
 Metaspace       used 124692K, capacity 128524K, committed 129664K, reserved 1165312K
  class space    used 13846K, capacity 14512K, committed 14720K, reserved 1048576K
2019-04-29T01:31:36.602+0800: 1501105.821: [GC pause (G1 Evacuation Pause) (young)
Desired survivor size 148897792 bytes, new threshold 15 (max 15)
- age   1:   17081736 bytes,   17081736 total
- age   2:    2021032 bytes,   19102768 total
- age   3:     951440 bytes,   20054208 total
- age   4:     192968 bytes,   20247176 total
- age   5:     174384 bytes,   20421560 total
- age   6:     200928 bytes,   20622488 total
- age   7:     268128 bytes,   20890616 total
- age   8:     175504 bytes,   21066120 total
- age   9:     322360 bytes,   21388480 total
- age  10:     277640 bytes,   21666120 total
- age  11:     225680 bytes,   21891800 total
- age  12:     194824 bytes,   22086624 total
- age  13:     242240 bytes,   22328864 total
- age  14:     243264 bytes,   22572128 total
- age  15:     298248 bytes,   22870376 total
 1501105.821: [G1Ergonomics (CSet Construction) start choosing CSet, _pending_cards: 21568, predicted base time: 8.04 ms, remaining time: 51.96 ms, target pause time: 60.00 ms]
 1501105.821: [G1Ergonomics (CSet Construction) add young regions to CSet, eden: 553 regions, survivors: 9 regions, predicted young region time: 65.68 ms]
 1501105.821: [G1Ergonomics (CSet Construction) finish choosing CSet, eden: 553 regions, survivors: 9 regions, old: 0 regions, predicted pause time: 73.72 ms, target pause time: 60.00 ms]
, 0.0207057 secs]
   [Parallel Time: 18.8 ms, GC Workers: 8]
      [GC Worker Start (ms): Min: 1501105821.4, Avg: 1501105821.4, Max: 1501105821.4, Diff: 0.1]
      [Ext Root Scanning (ms): Min: 1.1, Avg: 1.3, Max: 2.1, Diff: 1.0, Sum: 10.4]
      [Update RS (ms): Min: 4.7, Avg: 5.3, Max: 5.6, Diff: 0.9, Sum: 42.2]
         [Processed Buffers: Min: 13, Avg: 22.1, Max: 48, Diff: 35, Sum: 177]
      [Scan RS (ms): Min: 0.0, Avg: 0.1, Max: 0.1, Diff: 0.1, Sum: 0.6]
      [Code Root Scanning (ms): Min: 0.0, Avg: 0.0, Max: 0.0, Diff: 0.0, Sum: 0.0]
      [Object Copy (ms): Min: 11.8, Avg: 12.0, Max: 12.0, Diff: 0.2, Sum: 95.7]
      [Termination (ms): Min: 0.0, Avg: 0.0, Max: 0.0, Diff: 0.0, Sum: 0.0]
      [GC Worker Other (ms): Min: 0.0, Avg: 0.1, Max: 0.1, Diff: 0.1, Sum: 0.4]
      [GC Worker Total (ms): Min: 18.6, Avg: 18.7, Max: 18.7, Diff: 0.1, Sum: 149.4]
      [GC Worker End (ms): Min: 1501105840.0, Avg: 1501105840.1, Max: 1501105840.1, Diff: 0.1]
   [Code Root Fixup: 0.2 ms]
   [Code Root Purge: 0.0 ms]
   [Clear CT: 0.3 ms]
   [Other: 1.4 ms]
      [Choose CSet: 0.0 ms]
      [Ref Proc: 0.2 ms]
      [Ref Enq: 0.0 ms]
      [Redirty Cards: 0.1 ms]
      [Humongous Reclaim: 0.0 ms]
      [Free CSet: 0.6 ms]
   [Eden: 2212.0M(2212.0M)->0.0B(2212.0M) Survivors: 36.0M->36.0M Heap: 3588.7M(4500.0M)->1377.1M(4500.0M)]
Heap after GC invocations=32969 (full 0):
 garbage-first heap   total 4608000K, used 1410113K [0x00000006a6c00000, 0x00000006a7002328, 0x00000007c0000000)
  region size 4096K, 9 young (36864K), 9 survivors (36864K)
 Metaspace       used 124692K, capacity 128524K, committed 129664K, reserved 1165312K
  class space    used 13846K, capacity 14512K, committed 14720K, reserved 1048576K
}
 [Times: user=0.13 sys=0.03, real=0.02 secs] 
{Heap before GC invocations=32969 (full 0):
 garbage-first heap   total 4608000K, used 3675201K [0x00000006a6c00000, 0x00000006a7002328, 0x00000007c0000000)
  region size 4096K, 562 young (2301952K), 9 survivors (36864K)
 Metaspace       used 124692K, capacity 128524K, committed 129664K, reserved 1165312K
  class space    used 13846K, capacity 14512K, committed 14720K, reserved 1048576K
2019-04-29T01:32:01.971+0800: 1501131.190: [GC pause (G1 Evacuation Pause) (young)
Desired survivor size 148897792 bytes, new threshold 15 (max 15)
- age   1:   19075368 bytes,   19075368 total
- age   2:    1695952 bytes,   20771320 total
- age   3:     841736 bytes,   21613056 total
- age   4:     523376 bytes,   22136432 total
- age   5:     192632 bytes,   22329064 total
- age   6:     174064 bytes,   22503128 total
- age   7:     199888 bytes,   22703016 total
- age   8:     267104 bytes,   22970120 total
- age   9:     175168 bytes,   23145288 total
- age  10:     322360 bytes,   23467648 total
- age  11:     277640 bytes,   23745288 total
- age  12:     225680 bytes,   23970968 total
- age  13:     194824 bytes,   24165792 total
- age  14:     242240 bytes,   24408032 total
- age  15:     243264 bytes,   24651296 total
 1501131.190: [G1Ergonomics (CSet Construction) start choosing CSet, _pending_cards: 21196, predicted base time: 7.90 ms, remaining time: 52.10 ms, target pause time: 60.00 ms]
 1501131.190: [G1Ergonomics (CSet Construction) add young regions to CSet, eden: 553 regions, survivors: 9 regions, predicted young region time: 56.86 ms]
 1501131.190: [G1Ergonomics (CSet Construction) finish choosing CSet, eden: 553 regions, survivors: 9 regions, old: 0 regions, predicted pause time: 64.77 ms, target pause time: 60.00 ms]
, 0.0186817 secs]
   [Parallel Time: 16.4 ms, GC Workers: 8]
      [GC Worker Start (ms): Min: 1501131190.0, Avg: 1501131190.1, Max: 1501131190.1, Diff: 0.1]
      [Ext Root Scanning (ms): Min: 1.2, Avg: 1.4, Max: 2.1, Diff: 0.9, Sum: 11.2]
      [Update RS (ms): Min: 5.1, Avg: 5.7, Max: 6.1, Diff: 1.0, Sum: 45.6]
         [Processed Buffers: Min: 12, Avg: 22.5, Max: 36, Diff: 24, Sum: 180]
      [Scan RS (ms): Min: 0.0, Avg: 0.1, Max: 0.1, Diff: 0.1, Sum: 0.7]
      [Code Root Scanning (ms): Min: 0.0, Avg: 0.0, Max: 0.0, Diff: 0.0, Sum: 0.0]
      [Object Copy (ms): Min: 9.0, Avg: 9.1, Max: 9.2, Diff: 0.2, Sum: 72.7]
      [Termination (ms): Min: 0.0, Avg: 0.0, Max: 0.0, Diff: 0.0, Sum: 0.0]
      [GC Worker Other (ms): Min: 0.0, Avg: 0.1, Max: 0.1, Diff: 0.1, Sum: 0.4]
      [GC Worker Total (ms): Min: 16.2, Avg: 16.3, Max: 16.4, Diff: 0.1, Sum: 130.6]
      [GC Worker End (ms): Min: 1501131206.4, Avg: 1501131206.4, Max: 1501131206.4, Diff: 0.1]
   [Code Root Fixup: 0.2 ms]
   [Code Root Purge: 0.0 ms]
   [Clear CT: 0.2 ms]
   [Other: 1.8 ms]
      [Choose CSet: 0.0 ms]
      [Ref Proc: 0.2 ms]
      [Ref Enq: 0.0 ms]
      [Redirty Cards: 0.1 ms]
      [Humongous Reclaim: 0.0 ms]
      [Free CSet: 0.9 ms]
   [Eden: 2212.0M(2212.0M)->0.0B(2212.0M) Survivors: 36.0M->36.0M Heap: 3589.1M(4500.0M)->1377.4M(4500.0M)]
Heap after GC invocations=32970 (full 0):
 garbage-first heap   total 4608000K, used 1410499K [0x00000006a6c00000, 0x00000006a7002328, 0x00000007c0000000)
  region size 4096K, 9 young (36864K), 9 survivors (36864K)
 Metaspace       used 124692K, capacity 128524K, committed 129664K, reserved 1165312K
  class space    used 13846K, capacity 14512K, committed 14720K, reserved 1048576K
}
 [Times: user=0.11 sys=0.03, real=0.02 secs] 
{Heap before GC invocations=32970 (full 0):
 garbage-first heap   total 4608000K, used 3675587K [0x00000006a6c00000, 0x00000006a7002328, 0x00000007c0000000)
  region size 4096K, 562 young (2301952K), 9 survivors (36864K)
 Metaspace       used 124692K, capacity 128524K, committed 129664K, reserved 1165312K
  class space    used 13846K, capacity 14512K, committed 14720K, reserved 1048576K
2019-04-29T01:32:26.034+0800: 1501155.253: [GC pause (G1 Evacuation Pause) (young)
Desired survivor size 148897792 bytes, new threshold 15 (max 15)
- age   1:   14056264 bytes,   14056264 total
- age   2:    2051160 bytes,   16107424 total
- age   3:     783344 bytes,   16890768 total
- age   4:     194888 bytes,   17085656 total
- age   5:     521432 bytes,   17607088 total
- age   6:     191120 bytes,   17798208 total
- age   7:     173200 bytes,   17971408 total
- age   8:     199888 bytes,   18171296 total
- age   9:     267104 bytes,   18438400 total
- age  10:     175168 bytes,   18613568 total
- age  11:     322360 bytes,   18935928 total
- age  12:     277640 bytes,   19213568 total
- age  13:     225680 bytes,   19439248 total
- age  14:     194824 bytes,   19634072 total
- age  15:     242240 bytes,   19876312 total
 1501155.253: [G1Ergonomics (CSet Construction) start choosing CSet, _pending_cards: 21519, predicted base time: 8.23 ms, remaining time: 51.77 ms, target pause time: 60.00 ms]
 1501155.253: [G1Ergonomics (CSet Construction) add young regions to CSet, eden: 553 regions, survivors: 9 regions, predicted young region time: 44.72 ms]
 1501155.253: [G1Ergonomics (CSet Construction) finish choosing CSet, eden: 553 regions, survivors: 9 regions, old: 0 regions, predicted pause time: 52.94 ms, target pause time: 60.00 ms]
, 0.0202073 secs]
   [Parallel Time: 18.2 ms, GC Workers: 8]
      [GC Worker Start (ms): Min: 1501155253.1, Avg: 1501155253.1, Max: 1501155253.2, Diff: 0.1]
      [Ext Root Scanning (ms): Min: 1.1, Avg: 1.3, Max: 2.1, Diff: 1.0, Sum: 10.4]
      [Update RS (ms): Min: 4.7, Avg: 5.4, Max: 5.7, Diff: 1.0, Sum: 43.3]
         [Processed Buffers: Min: 14, Avg: 22.8, Max: 45, Diff: 31, Sum: 182]
      [Scan RS (ms): Min: 0.0, Avg: 0.1, Max: 0.1, Diff: 0.1, Sum: 0.7]
      [Code Root Scanning (ms): Min: 0.0, Avg: 0.0, Max: 0.0, Diff: 0.0, Sum: 0.0]
      [Object Copy (ms): Min: 11.2, Avg: 11.3, Max: 11.3, Diff: 0.1, Sum: 90.1]
      [Termination (ms): Min: 0.0, Avg: 0.0, Max: 0.0, Diff: 0.0, Sum: 0.0]
      [GC Worker Other (ms): Min: 0.0, Avg: 0.1, Max: 0.1, Diff: 0.0, Sum: 0.5]
      [GC Worker Total (ms): Min: 18.1, Avg: 18.1, Max: 18.2, Diff: 0.1, Sum: 145.0]
      [GC Worker End (ms): Min: 1501155271.2, Avg: 1501155271.2, Max: 1501155271.3, Diff: 0.1]
   [Code Root Fixup: 0.2 ms]
   [Code Root Purge: 0.0 ms]
   [Clear CT: 0.3 ms]
   [Other: 1.4 ms]
      [Choose CSet: 0.0 ms]
      [Ref Proc: 0.2 ms]
      [Ref Enq: 0.0 ms]
      [Redirty Cards: 0.1 ms]
      [Humongous Reclaim: 0.0 ms]
      [Free CSet: 0.6 ms]
   [Eden: 2212.0M(2212.0M)->0.0B(2212.0M) Survivors: 36.0M->36.0M Heap: 3589.4M(4500.0M)->1377.4M(4500.0M)]
Heap after GC invocations=32971 (full 0):
 garbage-first heap   total 4608000K, used 1410464K [0x00000006a6c00000, 0x00000006a7002328, 0x00000007c0000000)
  region size 4096K, 9 young (36864K), 9 survivors (36864K)
 Metaspace       used 124692K, capacity 128524K, committed 129664K, reserved 1165312K
  class space    used 13846K, capacity 14512K, committed 14720K, reserved 1048576K
}
 [Times: user=0.15 sys=0.00, real=0.02 secs] 
{Heap before GC invocations=32971 (full 0):
 garbage-first heap   total 4608000K, used 3675552K [0x00000006a6c00000, 0x00000006a7002328, 0x00000007c0000000)
  region size 4096K, 562 young (2301952K), 9 survivors (36864K)
 Metaspace       used 124692K, capacity 128524K, committed 129664K, reserved 1165312K
  class space    used 13846K, capacity 14512K, committed 14720K, reserved 1048576K
2019-04-29T01:32:53.103+0800: 1501182.322: [GC pause (G1 Evacuation Pause) (young)
Desired survivor size 148897792 bytes, new threshold 15 (max 15)
- age   1:   18231784 bytes,   18231784 total
- age   2:    1779808 bytes,   20011592 total
- age   3:     818568 bytes,   20830160 total
- age   4:     195936 bytes,   21026096 total
- age   5:     187072 bytes,   21213168 total
- age   6:     514992 bytes,   21728160 total
- age   7:     190112 bytes,   21918272 total
- age   8:     172864 bytes,   22091136 total
- age   9:     199856 bytes,   22290992 total
- age  10:     267104 bytes,   22558096 total
- age  11:     175168 bytes,   22733264 total
- age  12:     322360 bytes,   23055624 total
- age  13:     277640 bytes,   23333264 total
- age  14:     225680 bytes,   23558944 total
- age  15:     194824 bytes,   23753768 total
 1501182.322: [G1Ergonomics (CSet Construction) start choosing CSet, _pending_cards: 22126, predicted base time: 8.34 ms, remaining time: 51.66 ms, target pause time: 60.00 ms]
 1501182.322: [G1Ergonomics (CSet Construction) add young regions to CSet, eden: 553 regions, survivors: 9 regions, predicted young region time: 85.88 ms]
 1501182.322: [G1Ergonomics (CSet Construction) finish choosing CSet, eden: 553 regions, survivors: 9 regions, old: 0 regions, predicted pause time: 94.22 ms, target pause time: 60.00 ms]
, 0.0183710 secs]
   [Parallel Time: 16.5 ms, GC Workers: 8]
      [GC Worker Start (ms): Min: 1501182322.3, Avg: 1501182322.4, Max: 1501182322.4, Diff: 0.1]
      [Ext Root Scanning (ms): Min: 1.1, Avg: 1.3, Max: 2.0, Diff: 1.0, Sum: 10.2]
      [Update RS (ms): Min: 4.7, Avg: 5.4, Max: 5.8, Diff: 1.1, Sum: 43.5]
         [Processed Buffers: Min: 12, Avg: 22.4, Max: 36, Diff: 24, Sum: 179]
      [Scan RS (ms): Min: 0.0, Avg: 0.1, Max: 0.1, Diff: 0.1, Sum: 0.6]
      [Code Root Scanning (ms): Min: 0.0, Avg: 0.0, Max: 0.0, Diff: 0.0, Sum: 0.0]
      [Object Copy (ms): Min: 9.5, Avg: 9.6, Max: 9.7, Diff: 0.2, Sum: 76.8]
      [Termination (ms): Min: 0.0, Avg: 0.0, Max: 0.0, Diff: 0.0, Sum: 0.0]
      [GC Worker Other (ms): Min: 0.0, Avg: 0.0, Max: 0.1, Diff: 0.1, Sum: 0.4]
      [GC Worker Total (ms): Min: 16.4, Avg: 16.4, Max: 16.5, Diff: 0.1, Sum: 131.5]
      [GC Worker End (ms): Min: 1501182338.8, Avg: 1501182338.8, Max: 1501182338.8, Diff: 0.1]
   [Code Root Fixup: 0.2 ms]
   [Code Root Purge: 0.0 ms]
   [Clear CT: 0.3 ms]
   [Other: 1.3 ms]
      [Choose CSet: 0.0 ms]
      [Ref Proc: 0.2 ms]
      [Ref Enq: 0.0 ms]
      [Redirty Cards: 0.1 ms]
      [Humongous Reclaim: 0.0 ms]
      [Free CSet: 0.6 ms]
   [Eden: 2212.0M(2212.0M)->0.0B(2216.0M) Survivors: 36.0M->32.0M Heap: 3589.4M(4500.0M)->1376.1M(4500.0M)]
Heap after GC invocations=32972 (full 0):
 garbage-first heap   total 4608000K, used 1409173K [0x00000006a6c00000, 0x00000006a7002328, 0x00000007c0000000)
  region size 4096K, 8 young (32768K), 8 survivors (32768K)
 Metaspace       used 124692K, capacity 128524K, committed 129664K, reserved 1165312K
  class space    used 13846K, capacity 14512K, committed 14720K, reserved 1048576K
}
 [Times: user=0.11 sys=0.02, real=0.02 secs] 
{Heap before GC invocations=32972 (full 0):
 garbage-first heap   total 4608000K, used 3678357K [0x00000006a6c00000, 0x00000006a7002328, 0x00000007c0000000)
  region size 4096K, 562 young (2301952K), 8 survivors (32768K)
 Metaspace       used 124692K, capacity 128524K, committed 129664K, reserved 1165312K
  class space    used 13846K, capacity 14512K, committed 14720K, reserved 1048576K
2019-04-29T01:33:16.590+0800: 1501205.809: [GC pause (G1 Evacuation Pause) (young)
Desired survivor size 148897792 bytes, new threshold 15 (max 15)
- age   1:   15251664 bytes,   15251664 total
- age   2:    1770280 bytes,   17021944 total
- age   3:     829056 bytes,   17851000 total
- age   4:     202080 bytes,   18053080 total
- age   5:     195088 bytes,   18248168 total
- age   6:     186320 bytes,   18434488 total
- age   7:     483456 bytes,   18917944 total
- age   8:     189600 bytes,   19107544 total
- age   9:     172864 bytes,   19280408 total
- age  10:     199856 bytes,   19480264 total
- age  11:     267104 bytes,   19747368 total
- age  12:     175168 bytes,   19922536 total
- age  13:     322360 bytes,   20244896 total
- age  14:     277640 bytes,   20522536 total
- age  15:     225680 bytes,   20748216 total
 1501205.809: [G1Ergonomics (CSet Construction) start choosing CSet, _pending_cards: 21450, predicted base time: 8.07 ms, remaining time: 51.93 ms, target pause time: 60.00 ms]
 1501205.809: [G1Ergonomics (CSet Construction) add young regions to CSet, eden: 554 regions, survivors: 8 regions, predicted young region time: 66.44 ms]
 1501205.809: [G1Ergonomics (CSet Construction) finish choosing CSet, eden: 554 regions, survivors: 8 regions, old: 0 regions, predicted pause time: 74.51 ms, target pause time: 60.00 ms]
, 0.0196204 secs]
   [Parallel Time: 17.7 ms, GC Workers: 8]
      [GC Worker Start (ms): Min: 1501205809.4, Avg: 1501205809.4, Max: 1501205809.5, Diff: 0.1]
      [Ext Root Scanning (ms): Min: 1.0, Avg: 1.3, Max: 2.1, Diff: 1.1, Sum: 10.2]
      [Update RS (ms): Min: 4.4, Avg: 5.2, Max: 5.6, Diff: 1.2, Sum: 41.6]
         [Processed Buffers: Min: 13, Avg: 23.0, Max: 40, Diff: 27, Sum: 184]
      [Scan RS (ms): Min: 0.0, Avg: 0.1, Max: 0.2, Diff: 0.1, Sum: 0.6]
      [Code Root Scanning (ms): Min: 0.0, Avg: 0.0, Max: 0.0, Diff: 0.0, Sum: 0.0]
      [Object Copy (ms): Min: 10.8, Avg: 10.9, Max: 11.0, Diff: 0.2, Sum: 87.5]
      [Termination (ms): Min: 0.0, Avg: 0.0, Max: 0.0, Diff: 0.0, Sum: 0.0]
      [GC Worker Other (ms): Min: 0.0, Avg: 0.0, Max: 0.1, Diff: 0.1, Sum: 0.4]
      [GC Worker Total (ms): Min: 17.5, Avg: 17.5, Max: 17.6, Diff: 0.1, Sum: 140.2]
      [GC Worker End (ms): Min: 1501205826.9, Avg: 1501205827.0, Max: 1501205827.0, Diff: 0.1]
   [Code Root Fixup: 0.2 ms]
   [Code Root Purge: 0.0 ms]
   [Clear CT: 0.3 ms]
   [Other: 1.5 ms]
      [Choose CSet: 0.0 ms]
      [Ref Proc: 0.2 ms]
      [Ref Enq: 0.0 ms]
      [Redirty Cards: 0.1 ms]
      [Humongous Reclaim: 0.0 ms]
      [Free CSet: 0.6 ms]
   [Eden: 2216.0M(2216.0M)->0.0B(2208.0M) Survivors: 32.0M->40.0M Heap: 3592.1M(4500.0M)->1382.5M(4500.0M)]
Heap after GC invocations=32973 (full 0):
 garbage-first heap   total 4608000K, used 1415635K [0x00000006a6c00000, 0x00000006a7002328, 0x00000007c0000000)
  region size 4096K, 10 young (40960K), 10 survivors (40960K)
 Metaspace       used 124692K, capacity 128524K, committed 129664K, reserved 1165312K
  class space    used 13846K, capacity 14512K, committed 14720K, reserved 1048576K
}
 [Times: user=0.12 sys=0.02, real=0.02 secs] 
{Heap before GC invocations=32973 (full 0):
 garbage-first heap   total 4608000K, used 3676627K [0x00000006a6c00000, 0x00000006a7002328, 0x00000007c0000000)
  region size 4096K, 562 young (2301952K), 10 survivors (40960K)
 Metaspace       used 124692K, capacity 128524K, committed 129664K, reserved 1165312K
  class space    used 13846K, capacity 14512K, committed 14720K, reserved 1048576K
2019-04-29T01:33:43.993+0800: 1501233.212: [GC pause (G1 Evacuation Pause) (young)
Desired survivor size 148897792 bytes, new threshold 15 (max 15)
- age   1:   19248536 bytes,   19248536 total
- age   2:    1762696 bytes,   21011232 total
- age   3:     725064 bytes,   21736296 total
- age   4:     241392 bytes,   21977688 total
- age   5:     201408 bytes,   22179096 total
- age   6:     187472 bytes,   22366568 total
- age   7:     164864 bytes,   22531432 total
- age   8:     483120 bytes,   23014552 total
- age   9:     189600 bytes,   23204152 total
- age  10:     172864 bytes,   23377016 total
- age  11:     198176 bytes,   23575192 total
- age  12:     267104 bytes,   23842296 total
- age  13:     175168 bytes,   24017464 total
- age  14:     320704 bytes,   24338168 total
- age  15:     277640 bytes,   24615808 total
 1501233.212: [G1Ergonomics (CSet Construction) start choosing CSet, _pending_cards: 21566, predicted base time: 8.02 ms, remaining time: 51.98 ms, target pause time: 60.00 ms]
 1501233.212: [G1Ergonomics (CSet Construction) add young regions to CSet, eden: 552 regions, survivors: 10 regions, predicted young region time: 191.26 ms]
 1501233.212: [G1Ergonomics (CSet Construction) finish choosing CSet, eden: 552 regions, survivors: 10 regions, old: 0 regions, predicted pause time: 199.28 ms, target pause time: 60.00 ms]
, 0.0180044 secs]
   [Parallel Time: 16.2 ms, GC Workers: 8]
      [GC Worker Start (ms): Min: 1501233212.4, Avg: 1501233212.4, Max: 1501233212.5, Diff: 0.1]
      [Ext Root Scanning (ms): Min: 1.0, Avg: 1.3, Max: 2.0, Diff: 1.0, Sum: 10.0]
      [Update RS (ms): Min: 4.6, Avg: 5.3, Max: 5.7, Diff: 1.1, Sum: 42.6]
         [Processed Buffers: Min: 13, Avg: 22.9, Max: 33, Diff: 20, Sum: 183]
      [Scan RS (ms): Min: 0.0, Avg: 0.1, Max: 0.1, Diff: 0.1, Sum: 0.6]
      [Code Root Scanning (ms): Min: 0.0, Avg: 0.0, Max: 0.0, Diff: 0.0, Sum: 0.0]
      [Object Copy (ms): Min: 9.2, Avg: 9.4, Max: 9.5, Diff: 0.3, Sum: 75.0]
      [Termination (ms): Min: 0.0, Avg: 0.0, Max: 0.0, Diff: 0.0, Sum: 0.0]
      [GC Worker Other (ms): Min: 0.0, Avg: 0.0, Max: 0.1, Diff: 0.0, Sum: 0.3]
      [GC Worker Total (ms): Min: 16.0, Avg: 16.1, Max: 16.1, Diff: 0.1, Sum: 128.5]
      [GC Worker End (ms): Min: 1501233228.5, Avg: 1501233228.5, Max: 1501233228.5, Diff: 0.0]
   [Code Root Fixup: 0.2 ms]
   [Code Root Purge: 0.0 ms]
   [Clear CT: 0.3 ms]
   [Other: 1.4 ms]
      [Choose CSet: 0.0 ms]
      [Ref Proc: 0.2 ms]
      [Ref Enq: 0.0 ms]
      [Redirty Cards: 0.1 ms]
      [Humongous Reclaim: 0.0 ms]
      [Free CSet: 0.6 ms]
   [Eden: 2208.0M(2208.0M)->0.0B(2216.0M) Survivors: 40.0M->32.0M Heap: 3590.5M(4500.0M)->1376.8M(4500.0M)]
Heap after GC invocations=32974 (full 0):
 garbage-first heap   total 4608000K, used 1409877K [0x00000006a6c00000, 0x00000006a7002328, 0x00000007c0000000)
  region size 4096K, 8 young (32768K), 8 survivors (32768K)
 Metaspace       used 124692K, capacity 128524K, committed 129664K, reserved 1165312K
  class space    used 13846K, capacity 14512K, committed 14720K, reserved 1048576K
}
 [Times: user=0.13 sys=0.00, real=0.02 secs] 
{Heap before GC invocations=32974 (full 0):
 garbage-first heap   total 4608000K, used 3679061K [0x00000006a6c00000, 0x00000006a7002328, 0x00000007c0000000)
  region size 4096K, 562 young (2301952K), 8 survivors (32768K)
 Metaspace       used 124692K, capacity 128524K, committed 129664K, reserved 1165312K
  class space    used 13846K, capacity 14512K, committed 14720K, reserved 1048576K
2019-04-29T01:34:06.321+0800: 1501255.540: [GC pause (G1 Evacuation Pause) (young)
Desired survivor size 148897792 bytes, new threshold 15 (max 15)
- age   1:   14874208 bytes,   14874208 total
- age   2:    1900944 bytes,   16775152 total
- age   3:     678080 bytes,   17453232 total
- age   4:     178368 bytes,   17631600 total
- age   5:     238968 bytes,   17870568 total
- age   6:     200576 bytes,   18071144 total
- age   7:     185840 bytes,   18256984 total
- age   8:     163928 bytes,   18420912 total
- age   9:     482128 bytes,   18903040 total
- age  10:     189600 bytes,   19092640 total
- age  11:     172864 bytes,   19265504 total
- age  12:     198176 bytes,   19463680 total
- age  13:     267104 bytes,   19730784 total
- age  14:     175168 bytes,   19905952 total
- age  15:     320704 bytes,   20226656 total
 1501255.540: [G1Ergonomics (CSet Construction) start choosing CSet, _pending_cards: 20859, predicted base time: 7.79 ms, remaining time: 52.21 ms, target pause time: 60.00 ms]
 1501255.540: [G1Ergonomics (CSet Construction) add young regions to CSet, eden: 554 regions, survivors: 8 regions, predicted young region time: 146.81 ms]
 1501255.540: [G1Ergonomics (CSet Construction) finish choosing CSet, eden: 554 regions, survivors: 8 regions, old: 0 regions, predicted pause time: 154.60 ms, target pause time: 60.00 ms]
, 0.0253997 secs]
   [Parallel Time: 23.3 ms, GC Workers: 8]
      [GC Worker Start (ms): Min: 1501255540.0, Avg: 1501255540.0, Max: 1501255540.1, Diff: 0.1]
      [Ext Root Scanning (ms): Min: 1.1, Avg: 1.6, Max: 4.3, Diff: 3.3, Sum: 12.9]
      [Update RS (ms): Min: 2.6, Avg: 5.3, Max: 5.9, Diff: 3.3, Sum: 42.1]
         [Processed Buffers: Min: 13, Avg: 22.4, Max: 35, Diff: 22, Sum: 179]
      [Scan RS (ms): Min: 0.0, Avg: 0.1, Max: 0.1, Diff: 0.1, Sum: 0.7]
      [Code Root Scanning (ms): Min: 0.0, Avg: 0.0, Max: 0.0, Diff: 0.0, Sum: 0.0]
      [Object Copy (ms): Min: 16.1, Avg: 16.2, Max: 16.3, Diff: 0.1, Sum: 129.6]
      [Termination (ms): Min: 0.0, Avg: 0.0, Max: 0.0, Diff: 0.0, Sum: 0.0]
      [GC Worker Other (ms): Min: 0.0, Avg: 0.0, Max: 0.1, Diff: 0.1, Sum: 0.3]
      [GC Worker Total (ms): Min: 23.2, Avg: 23.2, Max: 23.2, Diff: 0.1, Sum: 185.7]
      [GC Worker End (ms): Min: 1501255563.2, Avg: 1501255563.3, Max: 1501255563.3, Diff: 0.0]
   [Code Root Fixup: 0.3 ms]
   [Code Root Purge: 0.0 ms]
   [Clear CT: 0.2 ms]
   [Other: 1.6 ms]
      [Choose CSet: 0.0 ms]
      [Ref Proc: 0.2 ms]
      [Ref Enq: 0.0 ms]
      [Redirty Cards: 0.1 ms]
      [Humongous Reclaim: 0.0 ms]
      [Free CSet: 0.7 ms]
   [Eden: 2216.0M(2216.0M)->0.0B(2208.0M) Survivors: 32.0M->40.0M Heap: 3592.8M(4500.0M)->1385.3M(4500.0M)]
Heap after GC invocations=32975 (full 0):
 garbage-first heap   total 4608000K, used 1418541K [0x00000006a6c00000, 0x00000006a7002328, 0x00000007c0000000)
  region size 4096K, 10 young (40960K), 10 survivors (40960K)
 Metaspace       used 124692K, capacity 128524K, committed 129664K, reserved 1165312K
  class space    used 13846K, capacity 14512K, committed 14720K, reserved 1048576K
}
 [Times: user=0.15 sys=0.04, real=0.02 secs] 
{Heap before GC invocations=32975 (full 0):
 garbage-first heap   total 4608000K, used 3679533K [0x00000006a6c00000, 0x00000006a7002328, 0x00000007c0000000)
  region size 4096K, 562 young (2301952K), 10 survivors (40960K)
 Metaspace       used 124692K, capacity 128524K, committed 129664K, reserved 1165312K
  class space    used 13846K, capacity 14512K, committed 14720K, reserved 1048576K
2019-04-29T01:34:31.930+0800: 1501281.149: [GC pause (G1 Evacuation Pause) (young)
Desired survivor size 148897792 bytes, new threshold 15 (max 15)
- age   1:   27513488 bytes,   27513488 total
- age   2:    1757896 bytes,   29271384 total
- age   3:     800072 bytes,   30071456 total
- age   4:      98352 bytes,   30169808 total
- age   5:     171256 bytes,   30341064 total
- age   6:     238536 bytes,   30579600 total
- age   7:     199712 bytes,   30779312 total
- age   8:     185840 bytes,   30965152 total
- age   9:     163672 bytes,   31128824 total
- age  10:     341736 bytes,   31470560 total
- age  11:     189600 bytes,   31660160 total
- age  12:     172864 bytes,   31833024 total
- age  13:     198024 bytes,   32031048 total
- age  14:     267104 bytes,   32298152 total
- age  15:     175168 bytes,   32473320 total
 1501281.149: [G1Ergonomics (CSet Construction) start choosing CSet, _pending_cards: 21605, predicted base time: 8.16 ms, remaining time: 51.84 ms, target pause time: 60.00 ms]
 1501281.149: [G1Ergonomics (CSet Construction) add young regions to CSet, eden: 552 regions, survivors: 10 regions, predicted young region time: 140.43 ms]
 1501281.149: [G1Ergonomics (CSet Construction) finish choosing CSet, eden: 552 regions, survivors: 10 regions, old: 0 regions, predicted pause time: 148.59 ms, target pause time: 60.00 ms]
, 0.0179549 secs]
   [Parallel Time: 16.1 ms, GC Workers: 8]
      [GC Worker Start (ms): Min: 1501281149.5, Avg: 1501281149.6, Max: 1501281149.6, Diff: 0.1]
      [Ext Root Scanning (ms): Min: 1.0, Avg: 1.6, Max: 2.8, Diff: 1.8, Sum: 12.5]
      [Update RS (ms): Min: 4.0, Avg: 5.3, Max: 5.7, Diff: 1.8, Sum: 42.3]
         [Processed Buffers: Min: 15, Avg: 21.9, Max: 37, Diff: 22, Sum: 175]
      [Scan RS (ms): Min: 0.0, Avg: 0.1, Max: 0.1, Diff: 0.1, Sum: 0.6]
      [Code Root Scanning (ms): Min: 0.0, Avg: 0.0, Max: 0.0, Diff: 0.0, Sum: 0.0]
      [Object Copy (ms): Min: 8.8, Avg: 9.0, Max: 9.1, Diff: 0.3, Sum: 72.2]
      [Termination (ms): Min: 0.0, Avg: 0.0, Max: 0.0, Diff: 0.0, Sum: 0.0]
      [GC Worker Other (ms): Min: 0.0, Avg: 0.0, Max: 0.1, Diff: 0.1, Sum: 0.3]
      [GC Worker Total (ms): Min: 15.9, Avg: 16.0, Max: 16.1, Diff: 0.1, Sum: 128.0]
      [GC Worker End (ms): Min: 1501281165.5, Avg: 1501281165.5, Max: 1501281165.6, Diff: 0.0]
   [Code Root Fixup: 0.2 ms]
   [Code Root Purge: 0.0 ms]
   [Clear CT: 0.3 ms]
   [Other: 1.4 ms]
      [Choose CSet: 0.0 ms]
      [Ref Proc: 0.2 ms]
      [Ref Enq: 0.0 ms]
      [Redirty Cards: 0.1 ms]
      [Humongous Reclaim: 0.0 ms]
      [Free CSet: 0.6 ms]
   [Eden: 2208.0M(2208.0M)->0.0B(2212.0M) Survivors: 40.0M->36.0M Heap: 3593.3M(4500.0M)->1379.6M(4500.0M)]
Heap after GC invocations=32976 (full 0):
 garbage-first heap   total 4608000K, used 1412695K [0x00000006a6c00000, 0x00000006a7002328, 0x00000007c0000000)
  region size 4096K, 9 young (36864K), 9 survivors (36864K)
 Metaspace       used 124692K, capacity 128524K, committed 129664K, reserved 1165312K
  class space    used 13846K, capacity 14512K, committed 14720K, reserved 1048576K
}
 [Times: user=0.10 sys=0.03, real=0.01 secs] 
{Heap before GC invocations=32976 (full 0):
 garbage-first heap   total 4608000K, used 3677783K [0x00000006a6c00000, 0x00000006a7002328, 0x00000007c0000000)
  region size 4096K, 562 young (2301952K), 9 survivors (36864K)
 Metaspace       used 124692K, capacity 128524K, committed 129664K, reserved 1165312K
  class space    used 13846K, capacity 14512K, committed 14720K, reserved 1048576K
2019-04-29T01:34:56.968+0800: 1501306.187: [GC pause (G1 Evacuation Pause) (young)
Desired survivor size 148897792 bytes, new threshold 15 (max 15)
- age   1:   15405680 bytes,   15405680 total
- age   2:    1780520 bytes,   17186200 total
- age   3:     812688 bytes,   17998888 total
- age   4:     186352 bytes,   18185240 total
- age   5:      97624 bytes,   18282864 total
- age   6:     165632 bytes,   18448496 total
- age   7:     238032 bytes,   18686528 total
- age   8:     199600 bytes,   18886128 total
- age   9:     185504 bytes,   19071632 total
- age  10:     163560 bytes,   19235192 total
- age  11:     341736 bytes,   19576928 total
- age  12:     189600 bytes,   19766528 total
- age  13:     172864 bytes,   19939392 total
- age  14:     198024 bytes,   20137416 total
- age  15:     267104 bytes,   20404520 total
 1501306.187: [G1Ergonomics (CSet Construction) start choosing CSet, _pending_cards: 21279, predicted base time: 8.05 ms, remaining time: 51.95 ms, target pause time: 60.00 ms]
 1501306.187: [G1Ergonomics (CSet Construction) add young regions to CSet, eden: 553 regions, survivors: 9 regions, predicted young region time: 104.62 ms]
 1501306.187: [G1Ergonomics (CSet Construction) finish choosing CSet, eden: 553 regions, survivors: 9 regions, old: 0 regions, predicted pause time: 112.66 ms, target pause time: 60.00 ms]
, 0.0185916 secs]
   [Parallel Time: 16.3 ms, GC Workers: 8]
      [GC Worker Start (ms): Min: 1501306187.6, Avg: 1501306187.6, Max: 1501306187.7, Diff: 0.1]
      [Ext Root Scanning (ms): Min: 1.2, Avg: 1.4, Max: 2.1, Diff: 0.9, Sum: 11.5]
      [Update RS (ms): Min: 4.9, Avg: 5.6, Max: 5.8, Diff: 0.9, Sum: 44.6]
         [Processed Buffers: Min: 13, Avg: 22.4, Max: 33, Diff: 20, Sum: 179]
      [Scan RS (ms): Min: 0.0, Avg: 0.1, Max: 0.2, Diff: 0.2, Sum: 0.6]
      [Code Root Scanning (ms): Min: 0.0, Avg: 0.0, Max: 0.0, Diff: 0.0, Sum: 0.0]
      [Object Copy (ms): Min: 8.8, Avg: 9.0, Max: 9.0, Diff: 0.3, Sum: 71.8]
      [Termination (ms): Min: 0.0, Avg: 0.0, Max: 0.0, Diff: 0.0, Sum: 0.1]
      [GC Worker Other (ms): Min: 0.0, Avg: 0.1, Max: 0.1, Diff: 0.0, Sum: 0.4]
      [GC Worker Total (ms): Min: 16.1, Avg: 16.1, Max: 16.2, Diff: 0.1, Sum: 129.0]
      [GC Worker End (ms): Min: 1501306203.7, Avg: 1501306203.8, Max: 1501306203.8, Diff: 0.1]
   [Code Root Fixup: 0.2 ms]
   [Code Root Purge: 0.0 ms]
   [Clear CT: 0.2 ms]
   [Other: 1.9 ms]
      [Choose CSet: 0.0 ms]
      [Ref Proc: 0.3 ms]
      [Ref Enq: 0.0 ms]
      [Redirty Cards: 0.1 ms]
      [Humongous Reclaim: 0.0 ms]
      [Free CSet: 0.9 ms]
   [Eden: 2212.0M(2212.0M)->0.0B(2212.0M) Survivors: 36.0M->36.0M Heap: 3591.6M(4500.0M)->1379.7M(4500.0M)]
Heap after GC invocations=32977 (full 0):
 garbage-first heap   total 4608000K, used 1412813K [0x00000006a6c00000, 0x00000006a7002328, 0x00000007c0000000)
  region size 4096K, 9 young (36864K), 9 survivors (36864K)
 Metaspace       used 124692K, capacity 128524K, committed 129664K, reserved 1165312K
  class space    used 13846K, capacity 14512K, committed 14720K, reserved 1048576K
}
 [Times: user=0.10 sys=0.03, real=0.02 secs] 
{Heap before GC invocations=32977 (full 0):
 garbage-first heap   total 4608000K, used 3677901K [0x00000006a6c00000, 0x00000006a7002328, 0x00000007c0000000)
  region size 4096K, 562 young (2301952K), 9 survivors (36864K)
 Metaspace       used 124692K, capacity 128524K, committed 129664K, reserved 1165312K
  class space    used 13846K, capacity 14512K, committed 14720K, reserved 1048576K
2019-04-29T01:35:22.468+0800: 1501331.687: [GC pause (G1 Evacuation Pause) (young)
Desired survivor size 148897792 bytes, new threshold 15 (max 15)
- age   1:   15169992 bytes,   15169992 total
- age   2:    1569624 bytes,   16739616 total
- age   3:     789248 bytes,   17528864 total
- age   4:     191552 bytes,   17720416 total
- age   5:     162128 bytes,   17882544 total
- age   6:      96392 bytes,   17978936 total
- age   7:     164512 bytes,   18143448 total
- age   8:     237304 bytes,   18380752 total
- age   9:     199376 bytes,   18580128 total
- age  10:     185280 bytes,   18765408 total
- age  11:     163560 bytes,   18928968 total
- age  12:     341624 bytes,   19270592 total
- age  13:     189600 bytes,   19460192 total
- age  14:     172864 bytes,   19633056 total
- age  15:     198024 bytes,   19831080 total
 1501331.687: [G1Ergonomics (CSet Construction) start choosing CSet, _pending_cards: 21260, predicted base time: 8.20 ms, remaining time: 51.80 ms, target pause time: 60.00 ms]
 1501331.687: [G1Ergonomics (CSet Construction) add young regions to CSet, eden: 553 regions, survivors: 9 regions, predicted young region time: 81.01 ms]
 1501331.687: [G1Ergonomics (CSet Construction) finish choosing CSet, eden: 553 regions, survivors: 9 regions, old: 0 regions, predicted pause time: 89.21 ms, target pause time: 60.00 ms]
, 0.0184455 secs]
   [Parallel Time: 16.5 ms, GC Workers: 8]
      [GC Worker Start (ms): Min: 1501331687.4, Avg: 1501331687.4, Max: 1501331687.4, Diff: 0.1]
      [Ext Root Scanning (ms): Min: 1.5, Avg: 1.7, Max: 2.1, Diff: 0.7, Sum: 13.2]
      [Update RS (ms): Min: 5.1, Avg: 5.5, Max: 5.8, Diff: 0.6, Sum: 44.3]
         [Processed Buffers: Min: 13, Avg: 22.8, Max: 49, Diff: 36, Sum: 182]
      [Scan RS (ms): Min: 0.0, Avg: 0.1, Max: 0.2, Diff: 0.1, Sum: 0.7]
      [Code Root Scanning (ms): Min: 0.0, Avg: 0.0, Max: 0.0, Diff: 0.0, Sum: 0.0]
      [Object Copy (ms): Min: 8.9, Avg: 9.1, Max: 9.2, Diff: 0.3, Sum: 72.5]
      [Termination (ms): Min: 0.0, Avg: 0.0, Max: 0.0, Diff: 0.0, Sum: 0.0]
      [GC Worker Other (ms): Min: 0.0, Avg: 0.0, Max: 0.1, Diff: 0.1, Sum: 0.4]
      [GC Worker Total (ms): Min: 16.3, Avg: 16.4, Max: 16.4, Diff: 0.1, Sum: 131.1]
      [GC Worker End (ms): Min: 1501331703.8, Avg: 1501331703.8, Max: 1501331703.8, Diff: 0.1]
   [Code Root Fixup: 0.3 ms]
   [Code Root Purge: 0.0 ms]
   [Clear CT: 0.2 ms]
   [Other: 1.4 ms]
      [Choose CSet: 0.0 ms]
      [Ref Proc: 0.2 ms]
      [Ref Enq: 0.0 ms]
      [Redirty Cards: 0.1 ms]
      [Humongous Reclaim: 0.0 ms]
      [Free CSet: 0.6 ms]
   [Eden: 2212.0M(2212.0M)->0.0B(2216.0M) Survivors: 36.0M->32.0M Heap: 3591.7M(4500.0M)->1378.2M(4500.0M)]
Heap after GC invocations=32978 (full 0):
 garbage-first heap   total 4608000K, used 1411322K [0x00000006a6c00000, 0x00000006a7002328, 0x00000007c0000000)
  region size 4096K, 8 young (32768K), 8 survivors (32768K)
 Metaspace       used 124692K, capacity 128524K, committed 129664K, reserved 1165312K
  class space    used 13846K, capacity 14512K, committed 14720K, reserved 1048576K
}
 [Times: user=0.11 sys=0.03, real=0.02 secs] 
{Heap before GC invocations=32978 (full 0):
 garbage-first heap   total 4608000K, used 3680506K [0x00000006a6c00000, 0x00000006a7002328, 0x00000007c0000000)
  region size 4096K, 562 young (2301952K), 8 survivors (32768K)
 Metaspace       used 124692K, capacity 128524K, committed 129664K, reserved 1165312K
  class space    used 13846K, capacity 14512K, committed 14720K, reserved 1048576K
2019-04-29T01:35:50.730+0800: 1501359.949: [GC pause (G1 Evacuation Pause) (young)
Desired survivor size 148897792 bytes, new threshold 15 (max 15)
- age   1:   15048064 bytes,   15048064 total
- age   2:    2103456 bytes,   17151520 total
- age   3:     721512 bytes,   17873032 total
- age   4:     129112 bytes,   18002144 total
- age   5:     190704 bytes,   18192848 total
- age   6:     159304 bytes,   18352152 total
- age   7:      94864 bytes,   18447016 total
- age   8:     163328 bytes,   18610344 total
- age   9:     237192 bytes,   18847536 total
- age  10:     199040 bytes,   19046576 total
- age  11:     185168 bytes,   19231744 total
- age  12:     163560 bytes,   19395304 total
- age  13:     341512 bytes,   19736816 total
- age  14:     189600 bytes,   19926416 total
- age  15:     172864 bytes,   20099280 total
 1501359.949: [G1Ergonomics (CSet Construction) start choosing CSet, _pending_cards: 21560, predicted base time: 8.40 ms, remaining time: 51.60 ms, target pause time: 60.00 ms]
 1501359.949: [G1Ergonomics (CSet Construction) add young regions to CSet, eden: 554 regions, survivors: 8 regions, predicted young region time: 75.07 ms]
 1501359.949: [G1Ergonomics (CSet Construction) finish choosing CSet, eden: 554 regions, survivors: 8 regions, old: 0 regions, predicted pause time: 83.46 ms, target pause time: 60.00 ms]
, 0.0185211 secs]
   [Parallel Time: 16.7 ms, GC Workers: 8]
      [GC Worker Start (ms): Min: 1501359949.1, Avg: 1501359949.1, Max: 1501359949.1, Diff: 0.1]
      [Ext Root Scanning (ms): Min: 1.1, Avg: 1.3, Max: 2.1, Diff: 1.0, Sum: 10.5]
      [Update RS (ms): Min: 4.8, Avg: 5.3, Max: 5.7, Diff: 0.9, Sum: 42.4]
         [Processed Buffers: Min: 13, Avg: 23.0, Max: 35, Diff: 22, Sum: 184]
      [Scan RS (ms): Min: 0.0, Avg: 0.1, Max: 0.1, Diff: 0.1, Sum: 0.6]
      [Code Root Scanning (ms): Min: 0.0, Avg: 0.0, Max: 0.0, Diff: 0.0, Sum: 0.0]
      [Object Copy (ms): Min: 9.7, Avg: 9.8, Max: 9.9, Diff: 0.3, Sum: 78.7]
      [Termination (ms): Min: 0.0, Avg: 0.0, Max: 0.0, Diff: 0.0, Sum: 0.0]
      [GC Worker Other (ms): Min: 0.0, Avg: 0.0, Max: 0.1, Diff: 0.0, Sum: 0.3]
      [GC Worker Total (ms): Min: 16.5, Avg: 16.6, Max: 16.6, Diff: 0.1, Sum: 132.5]
      [GC Worker End (ms): Min: 1501359965.6, Avg: 1501359965.7, Max: 1501359965.7, Diff: 0.0]
   [Code Root Fixup: 0.2 ms]
   [Code Root Purge: 0.0 ms]
   [Clear CT: 0.3 ms]
   [Other: 1.4 ms]
      [Choose CSet: 0.0 ms]
      [Ref Proc: 0.2 ms]
      [Ref Enq: 0.0 ms]
      [Redirty Cards: 0.1 ms]
      [Humongous Reclaim: 0.0 ms]
      [Free CSet: 0.6 ms]
   [Eden: 2216.0M(2216.0M)->0.0B(2208.0M) Survivors: 32.0M->40.0M Heap: 3594.2M(4500.0M)->1385.4M(4500.0M)]
Heap after GC invocations=32979 (full 0):
 garbage-first heap   total 4608000K, used 1418645K [0x00000006a6c00000, 0x00000006a7002328, 0x00000007c0000000)
  region size 4096K, 10 young (40960K), 10 survivors (40960K)
 Metaspace       used 124692K, capacity 128524K, committed 129664K, reserved 1165312K
  class space    used 13846K, capacity 14512K, committed 14720K, reserved 1048576K
}
 [Times: user=0.11 sys=0.03, real=0.01 secs] 
{Heap before GC invocations=32979 (full 0):
 garbage-first heap   total 4608000K, used 3679637K [0x00000006a6c00000, 0x00000006a7002328, 0x00000007c0000000)
  region size 4096K, 562 young (2301952K), 10 survivors (40960K)
 Metaspace       used 124692K, capacity 128524K, committed 129664K, reserved 1165312K
  class space    used 13846K, capacity 14512K, committed 14720K, reserved 1048576K
2019-04-29T01:36:19.837+0800: 1501389.056: [GC pause (G1 Evacuation Pause) (young)
Desired survivor size 148897792 bytes, new threshold 15 (max 15)
- age   1:   16378448 bytes,   16378448 total
- age   2:    1956656 bytes,   18335104 total
- age   3:     941312 bytes,   19276416 total
- age   4:      92216 bytes,   19368632 total
- age   5:     121848 bytes,   19490480 total
- age   6:     189640 bytes,   19680120 total
- age   7:     110728 bytes,   19790848 total
- age   8:      94792 bytes,   19885640 total
- age   9:     163184 bytes,   20048824 total
- age  10:     236968 bytes,   20285792 total
- age  11:     199040 bytes,   20484832 total
- age  12:     185168 bytes,   20670000 total
- age  13:     163560 bytes,   20833560 total
- age  14:     298232 bytes,   21131792 total
- age  15:     189600 bytes,   21321392 total
 1501389.056: [G1Ergonomics (CSet Construction) start choosing CSet, _pending_cards: 21451, predicted base time: 8.24 ms, remaining time: 51.76 ms, target pause time: 60.00 ms]
 1501389.056: [G1Ergonomics (CSet Construction) add young regions to CSet, eden: 552 regions, survivors: 10 regions, predicted young region time: 57.94 ms]
 1501389.056: [G1Ergonomics (CSet Construction) finish choosing CSet, eden: 552 regions, survivors: 10 regions, old: 0 regions, predicted pause time: 66.18 ms, target pause time: 60.00 ms]
, 0.0173755 secs]
   [Parallel Time: 15.3 ms, GC Workers: 8]
      [GC Worker Start (ms): Min: 1501389056.6, Avg: 1501389056.6, Max: 1501389056.7, Diff: 0.1]
      [Ext Root Scanning (ms): Min: 1.1, Avg: 1.3, Max: 2.3, Diff: 1.2, Sum: 10.7]
      [Update RS (ms): Min: 4.3, Avg: 5.1, Max: 5.3, Diff: 1.1, Sum: 40.8]
         [Processed Buffers: Min: 13, Avg: 22.6, Max: 36, Diff: 23, Sum: 181]
      [Scan RS (ms): Min: 0.0, Avg: 0.1, Max: 0.2, Diff: 0.1, Sum: 0.7]
      [Code Root Scanning (ms): Min: 0.0, Avg: 0.0, Max: 0.0, Diff: 0.0, Sum: 0.0]
      [Object Copy (ms): Min: 8.5, Avg: 8.6, Max: 8.7, Diff: 0.2, Sum: 69.1]
      [Termination (ms): Min: 0.0, Avg: 0.0, Max: 0.0, Diff: 0.0, Sum: 0.0]
      [GC Worker Other (ms): Min: 0.0, Avg: 0.0, Max: 0.1, Diff: 0.1, Sum: 0.4]
      [GC Worker Total (ms): Min: 15.1, Avg: 15.2, Max: 15.3, Diff: 0.1, Sum: 121.7]
      [GC Worker End (ms): Min: 1501389071.8, Avg: 1501389071.9, Max: 1501389071.9, Diff: 0.1]
   [Code Root Fixup: 0.3 ms]
   [Code Root Purge: 0.0 ms]
   [Clear CT: 0.3 ms]
   [Other: 1.5 ms]
      [Choose CSet: 0.0 ms]
      [Ref Proc: 0.2 ms]
      [Ref Enq: 0.0 ms]
      [Redirty Cards: 0.1 ms]
      [Humongous Reclaim: 0.0 ms]
      [Free CSet: 0.7 ms]
   [Eden: 2208.0M(2208.0M)->0.0B(2216.0M) Survivors: 40.0M->32.0M Heap: 3593.4M(4500.0M)->1376.7M(4500.0M)]
Heap after GC invocations=32980 (full 0):
 garbage-first heap   total 4608000K, used 1409762K [0x00000006a6c00000, 0x00000006a7002328, 0x00000007c0000000)
  region size 4096K, 8 young (32768K), 8 survivors (32768K)
 Metaspace       used 124692K, capacity 128524K, committed 129664K, reserved 1165312K
  class space    used 13846K, capacity 14512K, committed 14720K, reserved 1048576K
}
 [Times: user=0.10 sys=0.02, real=0.02 secs] 
{Heap before GC invocations=32980 (full 0):
 garbage-first heap   total 4608000K, used 3678946K [0x00000006a6c00000, 0x00000006a7002328, 0x00000007c0000000)
  region size 4096K, 562 young (2301952K), 8 survivors (32768K)
 Metaspace       used 124692K, capacity 128524K, committed 129664K, reserved 1165312K
  class space    used 13846K, capacity 14512K, committed 14720K, reserved 1048576K
2019-04-29T01:36:50.350+0800: 1501419.568: [GC pause (G1 Evacuation Pause) (young)
Desired survivor size 148897792 bytes, new threshold 15 (max 15)
- age   1:   14623648 bytes,   14623648 total
- age   2:    2006984 bytes,   16630632 total
- age   3:     588120 bytes,   17218752 total
- age   4:     496784 bytes,   17715536 total
- age   5:      90848 bytes,   17806384 total
- age   6:     120984 bytes,   17927368 total
- age   7:     187720 bytes,   18115088 total
- age   8:     110304 bytes,   18225392 total
- age   9:      94312 bytes,   18319704 total
- age  10:     162960 bytes,   18482664 total
- age  11:     236536 bytes,   18719200 total
- age  12:     198680 bytes,   18917880 total
- age  13:     185096 bytes,   19102976 total
- age  14:     163488 bytes,   19266464 total
- age  15:     295104 bytes,   19561568 total
 1501419.568: [G1Ergonomics (CSet Construction) start choosing CSet, _pending_cards: 21702, predicted base time: 8.19 ms, remaining time: 51.81 ms, target pause time: 60.00 ms]
 1501419.568: [G1Ergonomics (CSet Construction) add young regions to CSet, eden: 554 regions, survivors: 8 regions, predicted young region time: 48.27 ms]
 1501419.568: [G1Ergonomics (CSet Construction) finish choosing CSet, eden: 554 regions, survivors: 8 regions, old: 0 regions, predicted pause time: 56.46 ms, target pause time: 60.00 ms]
, 0.0172759 secs]
   [Parallel Time: 15.4 ms, GC Workers: 8]
      [GC Worker Start (ms): Min: 1501419568.6, Avg: 1501419568.6, Max: 1501419568.7, Diff: 0.1]
      [Ext Root Scanning (ms): Min: 1.1, Avg: 1.7, Max: 4.5, Diff: 3.4, Sum: 13.2]
      [Update RS (ms): Min: 2.6, Avg: 5.2, Max: 5.8, Diff: 3.2, Sum: 41.6]
         [Processed Buffers: Min: 11, Avg: 22.4, Max: 35, Diff: 24, Sum: 179]
      [Scan RS (ms): Min: 0.0, Avg: 0.1, Max: 0.2, Diff: 0.1, Sum: 0.6]
      [Code Root Scanning (ms): Min: 0.0, Avg: 0.0, Max: 0.0, Diff: 0.0, Sum: 0.0]
      [Object Copy (ms): Min: 8.1, Avg: 8.3, Max: 8.4, Diff: 0.2, Sum: 66.4]
      [Termination (ms): Min: 0.0, Avg: 0.0, Max: 0.0, Diff: 0.0, Sum: 0.0]
      [GC Worker Other (ms): Min: 0.0, Avg: 0.0, Max: 0.1, Diff: 0.1, Sum: 0.4]
      [GC Worker Total (ms): Min: 15.2, Avg: 15.3, Max: 15.3, Diff: 0.1, Sum: 122.2]
      [GC Worker End (ms): Min: 1501419583.9, Avg: 1501419583.9, Max: 1501419583.9, Diff: 0.1]
   [Code Root Fixup: 0.2 ms]
   [Code Root Purge: 0.0 ms]
   [Clear CT: 0.2 ms]
   [Other: 1.4 ms]
      [Choose CSet: 0.0 ms]
      [Ref Proc: 0.2 ms]
      [Ref Enq: 0.0 ms]
      [Redirty Cards: 0.1 ms]
      [Humongous Reclaim: 0.0 ms]
      [Free CSet: 0.6 ms]
   [Eden: 2216.0M(2216.0M)->0.0B(2216.0M) Survivors: 32.0M->32.0M Heap: 3592.7M(4500.0M)->1377.1M(4500.0M)]
Heap after GC invocations=32981 (full 0):
 garbage-first heap   total 4608000K, used 1410159K [0x00000006a6c00000, 0x00000006a7002328, 0x00000007c0000000)
  region size 4096K, 8 young (32768K), 8 survivors (32768K)
 Metaspace       used 124692K, capacity 128524K, committed 129664K, reserved 1165312K
  class space    used 13846K, capacity 14512K, committed 14720K, reserved 1048576K
}
 [Times: user=0.10 sys=0.02, real=0.02 secs] 
{Heap before GC invocations=32981 (full 0):
 garbage-first heap   total 4608000K, used 3679343K [0x00000006a6c00000, 0x00000006a7002328, 0x00000007c0000000)
  region size 4096K, 562 young (2301952K), 8 survivors (32768K)
 Metaspace       used 124692K, capacity 128524K, committed 129664K, reserved 1165312K
  class space    used 13846K, capacity 14512K, committed 14720K, reserved 1048576K
2019-04-29T01:37:18.867+0800: 1501448.086: [GC pause (G1 Evacuation Pause) (young)
Desired survivor size 148897792 bytes, new threshold 15 (max 15)
- age   1:   14323232 bytes,   14323232 total
- age   2:    1865688 bytes,   16188920 total
- age   3:     247144 bytes,   16436064 total
- age   4:     447976 bytes,   16884040 total
- age   5:     495952 bytes,   17379992 total
- age   6:      89888 bytes,   17469880 total
- age   7:     120120 bytes,   17590000 total
- age   8:     187472 bytes,   17777472 total
- age   9:     109592 bytes,   17887064 total
- age  10:      94200 bytes,   17981264 total
- age  11:     162848 bytes,   18144112 total
- age  12:     236536 bytes,   18380648 total
- age  13:     198680 bytes,   18579328 total
- age  14:     185072 bytes,   18764400 total
- age  15:     163488 bytes,   18927888 total
 1501448.086: [G1Ergonomics (CSet Construction) start choosing CSet, _pending_cards: 21298, predicted base time: 8.10 ms, remaining time: 51.90 ms, target pause time: 60.00 ms]
 1501448.086: [G1Ergonomics (CSet Construction) add young regions to CSet, eden: 554 regions, survivors: 8 regions, predicted young region time: 38.35 ms]
 1501448.086: [G1Ergonomics (CSet Construction) finish choosing CSet, eden: 554 regions, survivors: 8 regions, old: 0 regions, predicted pause time: 46.44 ms, target pause time: 60.00 ms]
, 0.0176185 secs]
   [Parallel Time: 15.8 ms, GC Workers: 8]
      [GC Worker Start (ms): Min: 1501448086.0, Avg: 1501448086.0, Max: 1501448086.1, Diff: 0.1]
      [Ext Root Scanning (ms): Min: 1.1, Avg: 1.3, Max: 2.2, Diff: 1.1, Sum: 10.6]
      [Update RS (ms): Min: 4.3, Avg: 5.2, Max: 5.5, Diff: 1.2, Sum: 41.6]
         [Processed Buffers: Min: 15, Avg: 22.1, Max: 34, Diff: 19, Sum: 177]
      [Scan RS (ms): Min: 0.0, Avg: 0.1, Max: 0.2, Diff: 0.1, Sum: 0.6]
      [Code Root Scanning (ms): Min: 0.0, Avg: 0.0, Max: 0.0, Diff: 0.0, Sum: 0.0]
      [Object Copy (ms): Min: 9.0, Avg: 9.1, Max: 9.1, Diff: 0.1, Sum: 72.6]
      [Termination (ms): Min: 0.0, Avg: 0.0, Max: 0.0, Diff: 0.0, Sum: 0.0]
      [GC Worker Other (ms): Min: 0.0, Avg: 0.0, Max: 0.1, Diff: 0.1, Sum: 0.3]
      [GC Worker Total (ms): Min: 15.7, Avg: 15.7, Max: 15.8, Diff: 0.1, Sum: 125.7]
      [GC Worker End (ms): Min: 1501448101.7, Avg: 1501448101.7, Max: 1501448101.8, Diff: 0.0]
   [Code Root Fixup: 0.2 ms]
   [Code Root Purge: 0.0 ms]
   [Clear CT: 0.2 ms]
   [Other: 1.4 ms]
      [Choose CSet: 0.0 ms]
      [Ref Proc: 0.2 ms]
      [Ref Enq: 0.0 ms]
      [Redirty Cards: 0.1 ms]
      [Humongous Reclaim: 0.0 ms]
      [Free CSet: 0.6 ms]
   [Eden: 2216.0M(2216.0M)->0.0B(2216.0M) Survivors: 32.0M->32.0M Heap: 3593.1M(4500.0M)->1377.4M(4500.0M)]
Heap after GC invocations=32982 (full 0):
 garbage-first heap   total 4608000K, used 1410454K [0x00000006a6c00000, 0x00000006a7002328, 0x00000007c0000000)
  region size 4096K, 8 young (32768K), 8 survivors (32768K)
 Metaspace       used 124692K, capacity 128524K, committed 129664K, reserved 1165312K
  class space    used 13846K, capacity 14512K, committed 14720K, reserved 1048576K
}
 [Times: user=0.10 sys=0.03, real=0.02 secs] 
{Heap before GC invocations=32982 (full 0):
 garbage-first heap   total 4608000K, used 3679638K [0x00000006a6c00000, 0x00000006a7002328, 0x00000007c0000000)
  region size 4096K, 562 young (2301952K), 8 survivors (32768K)
 Metaspace       used 124692K, capacity 128524K, committed 129664K, reserved 1165312K
  class space    used 13846K, capacity 14512K, committed 14720K, reserved 1048576K
2019-04-29T01:37:46.258+0800: 1501475.477: [GC pause (G1 Evacuation Pause) (young)
Desired survivor size 148897792 bytes, new threshold 15 (max 15)
- age   1:   15763648 bytes,   15763648 total
- age   2:    2099192 bytes,   17862840 total
- age   3:     184432 bytes,   18047272 total
- age   4:     177584 bytes,   18224856 total
- age   5:     157784 bytes,   18382640 total
- age   6:     495008 bytes,   18877648 total
- age   7:      89136 bytes,   18966784 total
- age   8:     120088 bytes,   19086872 total
- age   9:     187472 bytes,   19274344 total
- age  10:     109592 bytes,   19383936 total
- age  11:      94200 bytes,   19478136 total
- age  12:     162848 bytes,   19640984 total
- age  13:     236536 bytes,   19877520 total
- age  14:     198680 bytes,   20076200 total
- age  15:     185072 bytes,   20261272 total
 1501475.477: [G1Ergonomics (CSet Construction) start choosing CSet, _pending_cards: 20714, predicted base time: 7.86 ms, remaining time: 52.14 ms, target pause time: 60.00 ms]
 1501475.477: [G1Ergonomics (CSet Construction) add young regions to CSet, eden: 554 regions, survivors: 8 regions, predicted young region time: 36.36 ms]
 1501475.477: [G1Ergonomics (CSet Construction) finish choosing CSet, eden: 554 regions, survivors: 8 regions, old: 0 regions, predicted pause time: 44.22 ms, target pause time: 60.00 ms]
, 0.0203573 secs]
   [Parallel Time: 18.0 ms, GC Workers: 8]
      [GC Worker Start (ms): Min: 1501475477.6, Avg: 1501475477.6, Max: 1501475477.7, Diff: 0.1]
      [Ext Root Scanning (ms): Min: 1.2, Avg: 1.5, Max: 2.3, Diff: 1.0, Sum: 12.0]
      [Update RS (ms): Min: 4.7, Avg: 5.4, Max: 5.7, Diff: 1.0, Sum: 43.0]
         [Processed Buffers: Min: 17, Avg: 22.6, Max: 45, Diff: 28, Sum: 181]
      [Scan RS (ms): Min: 0.0, Avg: 0.1, Max: 0.1, Diff: 0.1, Sum: 0.7]
      [Code Root Scanning (ms): Min: 0.0, Avg: 0.0, Max: 0.0, Diff: 0.0, Sum: 0.0]
      [Object Copy (ms): Min: 10.7, Avg: 10.8, Max: 10.9, Diff: 0.2, Sum: 86.3]
      [Termination (ms): Min: 0.0, Avg: 0.0, Max: 0.0, Diff: 0.0, Sum: 0.0]
      [GC Worker Other (ms): Min: 0.0, Avg: 0.1, Max: 0.1, Diff: 0.1, Sum: 0.5]
      [GC Worker Total (ms): Min: 17.8, Avg: 17.8, Max: 17.8, Diff: 0.1, Sum: 142.5]
      [GC Worker End (ms): Min: 1501475495.4, Avg: 1501475495.4, Max: 1501475495.5, Diff: 0.1]
   [Code Root Fixup: 0.3 ms]
   [Code Root Purge: 0.0 ms]
   [Clear CT: 0.3 ms]
   [Other: 1.8 ms]
      [Choose CSet: 0.0 ms]
      [Ref Proc: 0.2 ms]
      [Ref Enq: 0.0 ms]
      [Redirty Cards: 0.1 ms]
      [Humongous Reclaim: 0.0 ms]
      [Free CSet: 0.9 ms]
   [Eden: 2216.0M(2216.0M)->0.0B(2212.0M) Survivors: 32.0M->36.0M Heap: 3593.4M(4500.0M)->1381.6M(4500.0M)]
Heap after GC invocations=32983 (full 0):
 garbage-first heap   total 4608000K, used 1414784K [0x00000006a6c00000, 0x00000006a7002328, 0x00000007c0000000)
  region size 4096K, 9 young (36864K), 9 survivors (36864K)
 Metaspace       used 124692K, capacity 128524K, committed 129664K, reserved 1165312K
  class space    used 13846K, capacity 14512K, committed 14720K, reserved 1048576K
}
 [Times: user=0.15 sys=0.00, real=0.02 secs] 
{Heap before GC invocations=32983 (full 0):
 garbage-first heap   total 4608000K, used 3679872K [0x00000006a6c00000, 0x00000006a7002328, 0x00000007c0000000)
  region size 4096K, 562 young (2301952K), 9 survivors (36864K)
 Metaspace       used 124692K, capacity 128524K, committed 129664K, reserved 1165312K
  class space    used 13846K, capacity 14512K, committed 14720K, reserved 1048576K
2019-04-29T01:38:13.963+0800: 1501503.182: [GC pause (G1 Evacuation Pause) (young)
Desired survivor size 148897792 bytes, new threshold 15 (max 15)
- age   1:   18593888 bytes,   18593888 total
- age   2:    2524176 bytes,   21118064 total
- age   3:     206752 bytes,   21324816 total
- age   4:     102032 bytes,   21426848 total
- age   5:     169216 bytes,   21596064 total
- age   6:     156032 bytes,   21752096 total
- age   7:     493624 bytes,   22245720 total
- age   8:      88912 bytes,   22334632 total
- age   9:     120056 bytes,   22454688 total
- age  10:     187472 bytes,   22642160 total
- age  11:     109592 bytes,   22751752 total
- age  12:      94200 bytes,   22845952 total
- age  13:     162848 bytes,   23008800 total
- age  14:     236536 bytes,   23245336 total
- age  15:     198680 bytes,   23444016 total
 1501503.182: [G1Ergonomics (CSet Construction) start choosing CSet, _pending_cards: 21153, predicted base time: 8.20 ms, remaining time: 51.80 ms, target pause time: 60.00 ms]
 1501503.182: [G1Ergonomics (CSet Construction) add young regions to CSet, eden: 553 regions, survivors: 9 regions, predicted young region time: 95.82 ms]
 1501503.182: [G1Ergonomics (CSet Construction) finish choosing CSet, eden: 553 regions, survivors: 9 regions, old: 0 regions, predicted pause time: 104.02 ms, target pause time: 60.00 ms]
, 0.0168841 secs]
   [Parallel Time: 15.0 ms, GC Workers: 8]
      [GC Worker Start (ms): Min: 1501503182.1, Avg: 1501503182.1, Max: 1501503182.1, Diff: 0.1]
      [Ext Root Scanning (ms): Min: 1.1, Avg: 1.3, Max: 2.0, Diff: 0.9, Sum: 10.7]
      [Update RS (ms): Min: 4.5, Avg: 5.1, Max: 5.3, Diff: 0.8, Sum: 40.5]
         [Processed Buffers: Min: 14, Avg: 22.1, Max: 30, Diff: 16, Sum: 177]
      [Scan RS (ms): Min: 0.0, Avg: 0.1, Max: 0.2, Diff: 0.1, Sum: 0.6]
      [Code Root Scanning (ms): Min: 0.0, Avg: 0.0, Max: 0.0, Diff: 0.0, Sum: 0.0]
      [Object Copy (ms): Min: 8.2, Avg: 8.4, Max: 8.4, Diff: 0.2, Sum: 66.8]
      [Termination (ms): Min: 0.0, Avg: 0.0, Max: 0.0, Diff: 0.0, Sum: 0.0]
      [GC Worker Other (ms): Min: 0.0, Avg: 0.0, Max: 0.1, Diff: 0.0, Sum: 0.3]
      [GC Worker Total (ms): Min: 14.8, Avg: 14.9, Max: 14.9, Diff: 0.1, Sum: 119.0]
      [GC Worker End (ms): Min: 1501503197.0, Avg: 1501503197.0, Max: 1501503197.0, Diff: 0.1]
   [Code Root Fixup: 0.2 ms]
   [Code Root Purge: 0.0 ms]
   [Clear CT: 0.3 ms]
   [Other: 1.4 ms]
      [Choose CSet: 0.0 ms]
      [Ref Proc: 0.2 ms]
      [Ref Enq: 0.0 ms]
      [Redirty Cards: 0.1 ms]
      [Humongous Reclaim: 0.0 ms]
      [Free CSet: 0.6 ms]
   [Eden: 2212.0M(2212.0M)->0.0B(2216.0M) Survivors: 36.0M->32.0M Heap: 3593.6M(4500.0M)->1377.9M(4500.0M)]
Heap after GC invocations=32984 (full 0):
 garbage-first heap   total 4608000K, used 1410986K [0x00000006a6c00000, 0x00000006a7002328, 0x00000007c0000000)
  region size 4096K, 8 young (32768K), 8 survivors (32768K)
 Metaspace       used 124692K, capacity 128524K, committed 129664K, reserved 1165312K
  class space    used 13846K, capacity 14512K, committed 14720K, reserved 1048576K
}
 [Times: user=0.09 sys=0.03, real=0.02 secs] 
{Heap before GC invocations=32984 (full 0):
 garbage-first heap   total 4608000K, used 3680170K [0x00000006a6c00000, 0x00000006a7002328, 0x00000007c0000000)
  region size 4096K, 562 young (2301952K), 8 survivors (32768K)
 Metaspace       used 124692K, capacity 128524K, committed 129664K, reserved 1165312K
  class space    used 13846K, capacity 14512K, committed 14720K, reserved 1048576K
2019-04-29T01:38:43.859+0800: 1501533.078: [GC pause (G1 Evacuation Pause) (young)
Desired survivor size 148897792 bytes, new threshold 15 (max 15)
- age   1:   14282056 bytes,   14282056 total
- age   2:    2130544 bytes,   16412600 total
- age   3:     438160 bytes,   16850760 total
- age   4:     136152 bytes,   16986912 total
- age   5:      88424 bytes,   17075336 total
- age   6:     168704 bytes,   17244040 total
- age   7:     155808 bytes,   17399848 total
- age   8:     493624 bytes,   17893472 total
- age   9:      88912 bytes,   17982384 total
- age  10:     120056 bytes,   18102440 total
- age  11:     187472 bytes,   18289912 total
- age  12:     109592 bytes,   18399504 total
- age  13:      94200 bytes,   18493704 total
- age  14:     162848 bytes,   18656552 total
- age  15:     236536 bytes,   18893088 total
 1501533.078: [G1Ergonomics (CSet Construction) start choosing CSet, _pending_cards: 21470, predicted base time: 8.15 ms, remaining time: 51.85 ms, target pause time: 60.00 ms]
 1501533.078: [G1Ergonomics (CSet Construction) add young regions to CSet, eden: 554 regions, survivors: 8 regions, predicted young region time: 80.61 ms]
 1501533.078: [G1Ergonomics (CSet Construction) finish choosing CSet, eden: 554 regions, survivors: 8 regions, old: 0 regions, predicted pause time: 88.76 ms, target pause time: 60.00 ms]
, 0.0182211 secs]
   [Parallel Time: 16.3 ms, GC Workers: 8]
      [GC Worker Start (ms): Min: 1501533078.2, Avg: 1501533078.3, Max: 1501533078.3, Diff: 0.1]
      [Ext Root Scanning (ms): Min: 1.1, Avg: 1.3, Max: 2.1, Diff: 1.0, Sum: 10.7]
      [Update RS (ms): Min: 4.5, Avg: 5.2, Max: 5.5, Diff: 1.0, Sum: 41.3]
         [Processed Buffers: Min: 16, Avg: 21.9, Max: 49, Diff: 33, Sum: 175]
      [Scan RS (ms): Min: 0.0, Avg: 0.1, Max: 0.1, Diff: 0.1, Sum: 0.6]
      [Code Root Scanning (ms): Min: 0.0, Avg: 0.0, Max: 0.0, Diff: 0.0, Sum: 0.0]
      [Object Copy (ms): Min: 9.5, Avg: 9.5, Max: 9.6, Diff: 0.2, Sum: 76.4]
      [Termination (ms): Min: 0.0, Avg: 0.0, Max: 0.0, Diff: 0.0, Sum: 0.0]
      [GC Worker Other (ms): Min: 0.0, Avg: 0.0, Max: 0.1, Diff: 0.1, Sum: 0.4]
      [GC Worker Total (ms): Min: 16.1, Avg: 16.2, Max: 16.2, Diff: 0.1, Sum: 129.4]
      [GC Worker End (ms): Min: 1501533094.4, Avg: 1501533094.5, Max: 1501533094.5, Diff: 0.1]
   [Code Root Fixup: 0.2 ms]
   [Code Root Purge: 0.0 ms]
   [Clear CT: 0.3 ms]
   [Other: 1.4 ms]
      [Choose CSet: 0.0 ms]
      [Ref Proc: 0.2 ms]
      [Ref Enq: 0.0 ms]
      [Redirty Cards: 0.1 ms]
      [Humongous Reclaim: 0.0 ms]
      [Free CSet: 0.7 ms]
   [Eden: 2216.0M(2216.0M)->0.0B(2212.0M) Survivors: 32.0M->36.0M Heap: 3593.9M(4500.0M)->1382.2M(4500.0M)]
Heap after GC invocations=32985 (full 0):
 garbage-first heap   total 4608000K, used 1415414K [0x00000006a6c00000, 0x00000006a7002328, 0x00000007c0000000)
  region size 4096K, 9 young (36864K), 9 survivors (36864K)
 Metaspace       used 124692K, capacity 128524K, committed 129664K, reserved 1165312K
  class space    used 13846K, capacity 14512K, committed 14720K, reserved 1048576K
}
 [Times: user=0.13 sys=0.00, real=0.02 secs] 
{Heap before GC invocations=32985 (full 0):
 garbage-first heap   total 4608000K, used 3680502K [0x00000006a6c00000, 0x00000006a7002328, 0x00000007c0000000)
  region size 4096K, 562 young (2301952K), 9 survivors (36864K)
 Metaspace       used 124692K, capacity 128524K, committed 129664K, reserved 1165312K
  class space    used 13846K, capacity 14512K, committed 14720K, reserved 1048576K
2019-04-29T01:39:14.208+0800: 1501563.427: [GC pause (G1 Evacuation Pause) (young)
Desired survivor size 148897792 bytes, new threshold 15 (max 15)
- age   1:   16956864 bytes,   16956864 total
- age   2:    1820712 bytes,   18777576 total
- age   3:     531248 bytes,   19308824 total
- age   4:      97280 bytes,   19406104 total
- age   5:     135480 bytes,   19541584 total
- age   6:      86568 bytes,   19628152 total
- age   7:     167232 bytes,   19795384 total
- age   8:     155360 bytes,   19950744 total
- age   9:     493624 bytes,   20444368 total
- age  10:      88800 bytes,   20533168 total
- age  11:     120056 bytes,   20653224 total
- age  12:     187472 bytes,   20840696 total
- age  13:     109592 bytes,   20950288 total
- age  14:      94200 bytes,   21044488 total
- age  15:     162848 bytes,   21207336 total
 1501563.427: [G1Ergonomics (CSet Construction) start choosing CSet, _pending_cards: 21729, predicted base time: 8.11 ms, remaining time: 51.89 ms, target pause time: 60.00 ms]
 1501563.427: [G1Ergonomics (CSet Construction) add young regions to CSet, eden: 553 regions, survivors: 9 regions, predicted young region time: 64.13 ms]
 1501563.427: [G1Ergonomics (CSet Construction) finish choosing CSet, eden: 553 regions, survivors: 9 regions, old: 0 regions, predicted pause time: 72.25 ms, target pause time: 60.00 ms]
, 0.0181067 secs]
   [Parallel Time: 16.2 ms, GC Workers: 8]
      [GC Worker Start (ms): Min: 1501563427.3, Avg: 1501563427.3, Max: 1501563427.4, Diff: 0.1]
      [Ext Root Scanning (ms): Min: 1.0, Avg: 1.3, Max: 2.1, Diff: 1.1, Sum: 10.1]
      [Update RS (ms): Min: 4.3, Avg: 5.1, Max: 5.5, Diff: 1.2, Sum: 41.1]
         [Processed Buffers: Min: 11, Avg: 22.5, Max: 39, Diff: 28, Sum: 180]
      [Scan RS (ms): Min: 0.0, Avg: 0.1, Max: 0.2, Diff: 0.1, Sum: 0.6]
      [Code Root Scanning (ms): Min: 0.0, Avg: 0.0, Max: 0.0, Diff: 0.0, Sum: 0.0]
      [Object Copy (ms): Min: 9.4, Avg: 9.6, Max: 9.7, Diff: 0.2, Sum: 76.5]
      [Termination (ms): Min: 0.0, Avg: 0.0, Max: 0.0, Diff: 0.0, Sum: 0.0]
      [GC Worker Other (ms): Min: 0.0, Avg: 0.1, Max: 0.1, Diff: 0.1, Sum: 0.5]
      [GC Worker Total (ms): Min: 16.1, Avg: 16.1, Max: 16.1, Diff: 0.1, Sum: 128.9]
      [GC Worker End (ms): Min: 1501563443.4, Avg: 1501563443.4, Max: 1501563443.5, Diff: 0.1]
   [Code Root Fixup: 0.2 ms]
   [Code Root Purge: 0.0 ms]
   [Clear CT: 0.3 ms]
   [Other: 1.4 ms]
      [Choose CSet: 0.0 ms]
      [Ref Proc: 0.2 ms]
      [Ref Enq: 0.0 ms]
      [Redirty Cards: 0.1 ms]
      [Humongous Reclaim: 0.0 ms]
      [Free CSet: 0.6 ms]
   [Eden: 2212.0M(2212.0M)->0.0B(2212.0M) Survivors: 36.0M->36.0M Heap: 3594.2M(4500.0M)->1383.6M(4500.0M)]
Heap after GC invocations=32986 (full 0):
 garbage-first heap   total 4608000K, used 1416792K [0x00000006a6c00000, 0x00000006a7002328, 0x00000007c0000000)
  region size 4096K, 9 young (36864K), 9 survivors (36864K)
 Metaspace       used 124692K, capacity 128524K, committed 129664K, reserved 1165312K
  class space    used 13846K, capacity 14512K, committed 14720K, reserved 1048576K
}
 [Times: user=0.10 sys=0.02, real=0.02 secs] 
{Heap before GC invocations=32986 (full 0):
 garbage-first heap   total 4608000K, used 3681880K [0x00000006a6c00000, 0x00000006a7002328, 0x00000007c0000000)
  region size 4096K, 562 young (2301952K), 9 survivors (36864K)
 Metaspace       used 124692K, capacity 128524K, committed 129664K, reserved 1165312K
  class space    used 13846K, capacity 14512K, committed 14720K, reserved 1048576K
2019-04-29T01:39:41.526+0800: 1501590.744: [GC pause (G1 Evacuation Pause) (young)
Desired survivor size 148897792 bytes, new threshold 15 (max 15)
- age   1:   15984144 bytes,   15984144 total
- age   2:    2825752 bytes,   18809896 total
- age   3:     190512 bytes,   19000408 total
- age   4:     183544 bytes,   19183952 total
- age   5:      96768 bytes,   19280720 total
- age   6:     132752 bytes,   19413472 total
- age   7:      86208 bytes,   19499680 total
- age   8:     167008 bytes,   19666688 total
- age   9:     155360 bytes,   19822048 total
- age  10:     493624 bytes,   20315672 total
- age  11:      88800 bytes,   20404472 total
- age  12:     120056 bytes,   20524528 total
- age  13:     187472 bytes,   20712000 total
- age  14:     107936 bytes,   20819936 total
- age  15:      94200 bytes,   20914136 total
 1501590.745: [G1Ergonomics (CSet Construction) start choosing CSet, _pending_cards: 21655, predicted base time: 7.99 ms, remaining time: 52.01 ms, target pause time: 60.00 ms]
 1501590.745: [G1Ergonomics (CSet Construction) add young regions to CSet, eden: 553 regions, survivors: 9 regions, predicted young region time: 70.77 ms]
 1501590.745: [G1Ergonomics (CSet Construction) finish choosing CSet, eden: 553 regions, survivors: 9 regions, old: 0 regions, predicted pause time: 78.76 ms, target pause time: 60.00 ms]
, 0.0191326 secs]
   [Parallel Time: 17.2 ms, GC Workers: 8]
      [GC Worker Start (ms): Min: 1501590744.7, Avg: 1501590744.7, Max: 1501590744.8, Diff: 0.1]
      [Ext Root Scanning (ms): Min: 1.1, Avg: 1.6, Max: 4.3, Diff: 3.2, Sum: 13.0]
      [Update RS (ms): Min: 2.4, Avg: 5.0, Max: 5.6, Diff: 3.2, Sum: 40.3]
         [Processed Buffers: Min: 13, Avg: 21.5, Max: 35, Diff: 22, Sum: 172]
      [Scan RS (ms): Min: 0.0, Avg: 0.1, Max: 0.1, Diff: 0.1, Sum: 0.6]
      [Code Root Scanning (ms): Min: 0.0, Avg: 0.0, Max: 0.0, Diff: 0.0, Sum: 0.0]
      [Object Copy (ms): Min: 10.2, Avg: 10.3, Max: 10.4, Diff: 0.1, Sum: 82.4]
      [Termination (ms): Min: 0.0, Avg: 0.0, Max: 0.0, Diff: 0.0, Sum: 0.0]
      [GC Worker Other (ms): Min: 0.0, Avg: 0.0, Max: 0.1, Diff: 0.1, Sum: 0.3]
      [GC Worker Total (ms): Min: 17.0, Avg: 17.1, Max: 17.1, Diff: 0.1, Sum: 136.6]
      [GC Worker End (ms): Min: 1501590761.8, Avg: 1501590761.8, Max: 1501590761.8, Diff: 0.1]
   [Code Root Fixup: 0.3 ms]
   [Code Root Purge: 0.0 ms]
   [Clear CT: 0.3 ms]
   [Other: 1.4 ms]
      [Choose CSet: 0.0 ms]
      [Ref Proc: 0.2 ms]
      [Ref Enq: 0.0 ms]
      [Redirty Cards: 0.1 ms]
      [Humongous Reclaim: 0.0 ms]
      [Free CSet: 0.6 ms]
   [Eden: 2212.0M(2212.0M)->0.0B(2212.0M) Survivors: 36.0M->36.0M Heap: 3595.6M(4500.0M)->1382.7M(4500.0M)]
Heap after GC invocations=32987 (full 0):
 garbage-first heap   total 4608000K, used 1415841K [0x00000006a6c00000, 0x00000006a7002328, 0x00000007c0000000)
  region size 4096K, 9 young (36864K), 9 survivors (36864K)
 Metaspace       used 124692K, capacity 128524K, committed 129664K, reserved 1165312K
  class space    used 13846K, capacity 14512K, committed 14720K, reserved 1048576K
}
 [Times: user=0.14 sys=0.00, real=0.02 secs] 
{Heap before GC invocations=32987 (full 0):
 garbage-first heap   total 4608000K, used 3680929K [0x00000006a6c00000, 0x00000006a7002328, 0x00000007c0000000)
  region size 4096K, 562 young (2301952K), 9 survivors (36864K)
 Metaspace       used 124692K, capacity 128524K, committed 129664K, reserved 1165312K
  class space    used 13846K, capacity 14512K, committed 14720K, reserved 1048576K
2019-04-29T01:40:04.278+0800: 1501613.496: [GC pause (G1 Evacuation Pause) (young)
Desired survivor size 148897792 bytes, new threshold 15 (max 15)
- age   1:   18224280 bytes,   18224280 total
- age   2:    2423368 bytes,   20647648 total
- age   3:     289640 bytes,   20937288 total
- age   4:     146312 bytes,   21083600 total
- age   5:     182944 bytes,   21266544 total
- age   6:      95456 bytes,   21362000 total
- age   7:     132392 bytes,   21494392 total
- age   8:      85296 bytes,   21579688 total
- age   9:     146424 bytes,   21726112 total
- age  10:     155248 bytes,   21881360 total
- age  11:     104776 bytes,   21986136 total
- age  12:      88800 bytes,   22074936 total
- age  13:     120056 bytes,   22194992 total
- age  14:     187472 bytes,   22382464 total
- age  15:     107936 bytes,   22490400 total
 1501613.496: [G1Ergonomics (CSet Construction) start choosing CSet, _pending_cards: 20918, predicted base time: 7.84 ms, remaining time: 52.16 ms, target pause time: 60.00 ms]
 1501613.496: [G1Ergonomics (CSet Construction) add young regions to CSet, eden: 553 regions, survivors: 9 regions, predicted young region time: 56.73 ms]
 1501613.496: [G1Ergonomics (CSet Construction) finish choosing CSet, eden: 553 regions, survivors: 9 regions, old: 0 regions, predicted pause time: 64.57 ms, target pause time: 60.00 ms]
, 0.0202588 secs]
   [Parallel Time: 18.2 ms, GC Workers: 8]
      [GC Worker Start (ms): Min: 1501613496.7, Avg: 1501613496.7, Max: 1501613496.8, Diff: 0.1]
      [Ext Root Scanning (ms): Min: 1.2, Avg: 1.5, Max: 2.3, Diff: 1.1, Sum: 11.7]
      [Update RS (ms): Min: 4.3, Avg: 5.0, Max: 5.2, Diff: 0.9, Sum: 40.1]
         [Processed Buffers: Min: 13, Avg: 22.4, Max: 38, Diff: 25, Sum: 179]
      [Scan RS (ms): Min: 0.0, Avg: 0.1, Max: 0.2, Diff: 0.2, Sum: 0.9]
      [Code Root Scanning (ms): Min: 0.0, Avg: 0.0, Max: 0.0, Diff: 0.0, Sum: 0.0]
      [Object Copy (ms): Min: 11.3, Avg: 11.4, Max: 11.5, Diff: 0.2, Sum: 91.3]
      [Termination (ms): Min: 0.0, Avg: 0.0, Max: 0.0, Diff: 0.0, Sum: 0.0]
      [GC Worker Other (ms): Min: 0.0, Avg: 0.0, Max: 0.1, Diff: 0.0, Sum: 0.3]
      [GC Worker Total (ms): Min: 18.0, Avg: 18.0, Max: 18.1, Diff: 0.1, Sum: 144.3]
      [GC Worker End (ms): Min: 1501613514.7, Avg: 1501613514.8, Max: 1501613514.8, Diff: 0.1]
   [Code Root Fixup: 0.3 ms]
   [Code Root Purge: 0.0 ms]
   [Clear CT: 0.2 ms]
   [Other: 1.5 ms]
      [Choose CSet: 0.0 ms]
      [Ref Proc: 0.2 ms]
      [Ref Enq: 0.0 ms]
      [Redirty Cards: 0.1 ms]
      [Humongous Reclaim: 0.0 ms]
      [Free CSet: 0.7 ms]
   [Eden: 2212.0M(2212.0M)->0.0B(2212.0M) Survivors: 36.0M->36.0M Heap: 3594.7M(4500.0M)->1382.8M(4500.0M)]
Heap after GC invocations=32988 (full 0):
 garbage-first heap   total 4608000K, used 1415998K [0x00000006a6c00000, 0x00000006a7002328, 0x00000007c0000000)
  region size 4096K, 9 young (36864K), 9 survivors (36864K)
 Metaspace       used 124692K, capacity 128524K, committed 129664K, reserved 1165312K
  class space    used 13846K, capacity 14512K, committed 14720K, reserved 1048576K
}
 [Times: user=0.12 sys=0.03, real=0.02 secs] 
{Heap before GC invocations=32988 (full 0):
 garbage-first heap   total 4608000K, used 3681086K [0x00000006a6c00000, 0x00000006a7002328, 0x00000007c0000000)
  region size 4096K, 562 young (2301952K), 9 survivors (36864K)
 Metaspace       used 124692K, capacity 128524K, committed 129664K, reserved 1165312K
  class space    used 13846K, capacity 14512K, committed 14720K, reserved 1048576K
2019-04-29T01:40:26.112+0800: 1501635.331: [GC pause (G1 Evacuation Pause) (young)
Desired survivor size 148897792 bytes, new threshold 15 (max 15)
- age   1:   19281288 bytes,   19281288 total
- age   2:    2261584 bytes,   21542872 total
- age   3:    1022408 bytes,   22565280 total
- age   4:     219400 bytes,   22784680 total
- age   5:     144584 bytes,   22929264 total
- age   6:     180264 bytes,   23109528 total
- age   7:      94032 bytes,   23203560 total
- age   8:     132280 bytes,   23335840 total
- age   9:      85072 bytes,   23420912 total
- age  10:     146088 bytes,   23567000 total
- age  11:     154800 bytes,   23721800 total
- age  12:     104512 bytes,   23826312 total
- age  13:      88800 bytes,   23915112 total
- age  14:     120056 bytes,   24035168 total
- age  15:     187472 bytes,   24222640 total
 1501635.331: [G1Ergonomics (CSet Construction) start choosing CSet, _pending_cards: 20763, predicted base time: 7.84 ms, remaining time: 52.16 ms, target pause time: 60.00 ms]
 1501635.331: [G1Ergonomics (CSet Construction) add young regions to CSet, eden: 553 regions, survivors: 9 regions, predicted young region time: 49.28 ms]
 1501635.331: [G1Ergonomics (CSet Construction) finish choosing CSet, eden: 553 regions, survivors: 9 regions, old: 0 regions, predicted pause time: 57.12 ms, target pause time: 60.00 ms]
, 0.0194328 secs]
   [Parallel Time: 17.2 ms, GC Workers: 8]
      [GC Worker Start (ms): Min: 1501635330.9, Avg: 1501635330.9, Max: 1501635330.9, Diff: 0.1]
      [Ext Root Scanning (ms): Min: 1.0, Avg: 1.3, Max: 2.1, Diff: 1.1, Sum: 10.7]
      [Update RS (ms): Min: 4.6, Avg: 5.3, Max: 5.7, Diff: 1.1, Sum: 42.8]
         [Processed Buffers: Min: 13, Avg: 22.1, Max: 33, Diff: 20, Sum: 177]
      [Scan RS (ms): Min: 0.0, Avg: 0.1, Max: 0.1, Diff: 0.1, Sum: 0.6]
      [Code Root Scanning (ms): Min: 0.0, Avg: 0.0, Max: 0.0, Diff: 0.0, Sum: 0.0]
      [Object Copy (ms): Min: 10.1, Avg: 10.2, Max: 10.3, Diff: 0.2, Sum: 81.9]
      [Termination (ms): Min: 0.0, Avg: 0.0, Max: 0.0, Diff: 0.0, Sum: 0.1]
      [GC Worker Other (ms): Min: 0.0, Avg: 0.1, Max: 0.1, Diff: 0.1, Sum: 0.5]
      [GC Worker Total (ms): Min: 17.0, Avg: 17.1, Max: 17.1, Diff: 0.1, Sum: 136.5]
      [GC Worker End (ms): Min: 1501635347.9, Avg: 1501635348.0, Max: 1501635348.0, Diff: 0.0]
   [Code Root Fixup: 0.2 ms]
   [Code Root Purge: 0.0 ms]
   [Clear CT: 0.3 ms]
   [Other: 1.8 ms]
      [Choose CSet: 0.0 ms]
      [Ref Proc: 0.2 ms]
      [Ref Enq: 0.0 ms]
      [Redirty Cards: 0.1 ms]
      [Humongous Reclaim: 0.0 ms]
      [Free CSet: 1.0 ms]
   [Eden: 2212.0M(2212.0M)->0.0B(2212.0M) Survivors: 36.0M->36.0M Heap: 3594.8M(4500.0M)->1383.1M(4500.0M)]
Heap after GC invocations=32989 (full 0):
 garbage-first heap   total 4608000K, used 1416244K [0x00000006a6c00000, 0x00000006a7002328, 0x00000007c0000000)
  region size 4096K, 9 young (36864K), 9 survivors (36864K)
 Metaspace       used 124692K, capacity 128524K, committed 129664K, reserved 1165312K
  class space    used 13846K, capacity 14512K, committed 14720K, reserved 1048576K
}
 [Times: user=0.11 sys=0.03, real=0.02 secs] 
{Heap before GC invocations=32989 (full 0):
 garbage-first heap   total 4608000K, used 3681332K [0x00000006a6c00000, 0x00000006a7002328, 0x00000007c0000000)
  region size 4096K, 562 young (2301952K), 9 survivors (36864K)
 Metaspace       used 124692K, capacity 128524K, committed 129664K, reserved 1165312K
  class space    used 13846K, capacity 14512K, committed 14720K, reserved 1048576K
2019-04-29T01:40:54.255+0800: 1501663.473: [GC pause (G1 Evacuation Pause) (young)
Desired survivor size 148897792 bytes, new threshold 15 (max 15)
- age   1:   16918176 bytes,   16918176 total
- age   2:    1669800 bytes,   18587976 total
- age   3:    1301928 bytes,   19889904 total
- age   4:     474880 bytes,   20364784 total
- age   5:     219256 bytes,   20584040 total
- age   6:     143368 bytes,   20727408 total
- age   7:     179296 bytes,   20906704 total
- age   8:      93808 bytes,   21000512 total
- age   9:      85264 bytes,   21085776 total
- age  10:      85072 bytes,   21170848 total
- age  11:     145864 bytes,   21316712 total
- age  12:     149152 bytes,   21465864 total
- age  13:     104512 bytes,   21570376 total
- age  14:      88800 bytes,   21659176 total
- age  15:     120056 bytes,   21779232 total
 1501663.474: [G1Ergonomics (CSet Construction) start choosing CSet, _pending_cards: 21578, predicted base time: 8.14 ms, remaining time: 51.86 ms, target pause time: 60.00 ms]
 1501663.474: [G1Ergonomics (CSet Construction) add young regions to CSet, eden: 553 regions, survivors: 9 regions, predicted young region time: 39.88 ms]
 1501663.474: [G1Ergonomics (CSet Construction) finish choosing CSet, eden: 553 regions, survivors: 9 regions, old: 0 regions, predicted pause time: 48.02 ms, target pause time: 60.00 ms]
, 0.0204754 secs]
   [Parallel Time: 18.5 ms, GC Workers: 8]
      [GC Worker Start (ms): Min: 1501663473.7, Avg: 1501663473.8, Max: 1501663473.8, Diff: 0.1]
      [Ext Root Scanning (ms): Min: 1.1, Avg: 1.3, Max: 2.1, Diff: 1.0, Sum: 10.8]
      [Update RS (ms): Min: 4.8, Avg: 5.3, Max: 5.7, Diff: 0.9, Sum: 42.5]
         [Processed Buffers: Min: 14, Avg: 22.1, Max: 39, Diff: 25, Sum: 177]
      [Scan RS (ms): Min: 0.0, Avg: 0.1, Max: 0.1, Diff: 0.1, Sum: 0.6]
      [Code Root Scanning (ms): Min: 0.0, Avg: 0.0, Max: 0.0, Diff: 0.0, Sum: 0.0]
      [Object Copy (ms): Min: 11.5, Avg: 11.6, Max: 11.7, Diff: 0.3, Sum: 93.2]
      [Termination (ms): Min: 0.0, Avg: 0.0, Max: 0.0, Diff: 0.0, Sum: 0.0]
      [GC Worker Other (ms): Min: 0.0, Avg: 0.0, Max: 0.1, Diff: 0.0, Sum: 0.3]
      [GC Worker Total (ms): Min: 18.4, Avg: 18.4, Max: 18.5, Diff: 0.1, Sum: 147.4]
      [GC Worker End (ms): Min: 1501663492.2, Avg: 1501663492.2, Max: 1501663492.2, Diff: 0.0]
   [Code Root Fixup: 0.3 ms]
   [Code Root Purge: 0.0 ms]
   [Clear CT: 0.3 ms]
   [Other: 1.4 ms]
      [Choose CSet: 0.0 ms]
      [Ref Proc: 0.2 ms]
      [Ref Enq: 0.0 ms]
      [Redirty Cards: 0.1 ms]
      [Humongous Reclaim: 0.0 ms]
      [Free CSet: 0.6 ms]
   [Eden: 2212.0M(2212.0M)->0.0B(2212.0M) Survivors: 36.0M->36.0M Heap: 3595.1M(4500.0M)->1383.3M(4500.0M)]
Heap after GC invocations=32990 (full 0):
 garbage-first heap   total 4608000K, used 1416467K [0x00000006a6c00000, 0x00000006a7002328, 0x00000007c0000000)
  region size 4096K, 9 young (36864K), 9 survivors (36864K)
 Metaspace       used 124692K, capacity 128524K, committed 129664K, reserved 1165312K
  class space    used 13846K, capacity 14512K, committed 14720K, reserved 1048576K
}
 [Times: user=0.16 sys=0.00, real=0.02 secs] 
{Heap before GC invocations=32990 (full 0):
 garbage-first heap   total 4608000K, used 3681555K [0x00000006a6c00000, 0x00000006a7002328, 0x00000007c0000000)
  region size 4096K, 562 young (2301952K), 9 survivors (36864K)
 Metaspace       used 124692K, capacity 128524K, committed 129664K, reserved 1165312K
  class space    used 13846K, capacity 14512K, committed 14720K, reserved 1048576K
2019-04-29T01:41:22.074+0800: 1501691.292: [GC pause (G1 Evacuation Pause) (young)
Desired survivor size 148897792 bytes, new threshold 15 (max 15)
- age   1:   19449096 bytes,   19449096 total
- age   2:    2841224 bytes,   22290320 total
- age   3:     794600 bytes,   23084920 total
- age   4:     442008 bytes,   23526928 total
- age   5:     468296 bytes,   23995224 total
- age   6:     219064 bytes,   24214288 total
- age   7:     142584 bytes,   24356872 total
- age   8:     179040 bytes,   24535912 total
- age   9:      93808 bytes,   24629720 total
- age  10:      85264 bytes,   24714984 total
- age  11:      85072 bytes,   24800056 total
- age  12:     144184 bytes,   24944240 total
- age  13:     149152 bytes,   25093392 total
- age  14:     104512 bytes,   25197904 total
- age  15:      88800 bytes,   25286704 total
 1501691.292: [G1Ergonomics (CSet Construction) start choosing CSet, _pending_cards: 21787, predicted base time: 8.14 ms, remaining time: 51.86 ms, target pause time: 60.00 ms]
 1501691.292: [G1Ergonomics (CSet Construction) add young regions to CSet, eden: 553 regions, survivors: 9 regions, predicted young region time: 112.76 ms]
 1501691.292: [G1Ergonomics (CSet Construction) finish choosing CSet, eden: 553 regions, survivors: 9 regions, old: 0 regions, predicted pause time: 120.91 ms, target pause time: 60.00 ms]
, 0.0178751 secs]
   [Parallel Time: 16.0 ms, GC Workers: 8]
      [GC Worker Start (ms): Min: 1501691292.6, Avg: 1501691292.6, Max: 1501691292.6, Diff: 0.1]
      [Ext Root Scanning (ms): Min: 1.0, Avg: 1.3, Max: 2.0, Diff: 1.0, Sum: 10.1]
      [Update RS (ms): Min: 4.3, Avg: 5.1, Max: 5.3, Diff: 1.0, Sum: 40.4]
         [Processed Buffers: Min: 13, Avg: 22.4, Max: 37, Diff: 24, Sum: 179]
      [Scan RS (ms): Min: 0.0, Avg: 0.1, Max: 0.2, Diff: 0.1, Sum: 0.7]
      [Code Root Scanning (ms): Min: 0.0, Avg: 0.0, Max: 0.0, Diff: 0.0, Sum: 0.0]
      [Object Copy (ms): Min: 9.1, Avg: 9.3, Max: 9.3, Diff: 0.2, Sum: 74.1]
      [Termination (ms): Min: 0.0, Avg: 0.0, Max: 0.0, Diff: 0.0, Sum: 0.0]
      [GC Worker Other (ms): Min: 0.0, Avg: 0.1, Max: 0.2, Diff: 0.2, Sum: 0.7]
      [GC Worker Total (ms): Min: 15.7, Avg: 15.7, Max: 15.9, Diff: 0.3, Sum: 126.0]
      [GC Worker End (ms): Min: 1501691308.3, Avg: 1501691308.4, Max: 1501691308.5, Diff: 0.2]
   [Code Root Fixup: 0.2 ms]
   [Code Root Purge: 0.0 ms]
   [Clear CT: 0.3 ms]
   [Other: 1.4 ms]
      [Choose CSet: 0.0 ms]
      [Ref Proc: 0.2 ms]
      [Ref Enq: 0.0 ms]
      [Redirty Cards: 0.1 ms]
      [Humongous Reclaim: 0.0 ms]
      [Free CSet: 0.6 ms]
   [Eden: 2212.0M(2212.0M)->0.0B(2212.0M) Survivors: 36.0M->36.0M Heap: 3595.3M(4500.0M)->1383.4M(4500.0M)]
Heap after GC invocations=32991 (full 0):
 garbage-first heap   total 4608000K, used 1416601K [0x00000006a6c00000, 0x00000006a7002328, 0x00000007c0000000)
  region size 4096K, 9 young (36864K), 9 survivors (36864K)
 Metaspace       used 124692K, capacity 128524K, committed 129664K, reserved 1165312K
  class space    used 13846K, capacity 14512K, committed 14720K, reserved 1048576K
}
 [Times: user=0.11 sys=0.02, real=0.02 secs] 
{Heap before GC invocations=32991 (full 0):
 garbage-first heap   total 4608000K, used 3681689K [0x00000006a6c00000, 0x00000006a7002328, 0x00000007c0000000)
  region size 4096K, 562 young (2301952K), 9 survivors (36864K)
 Metaspace       used 124692K, capacity 128524K, committed 129664K, reserved 1165312K
  class space    used 13846K, capacity 14512K, committed 14720K, reserved 1048576K
2019-04-29T01:41:50.952+0800: 1501720.171: [GC pause (G1 Evacuation Pause) (young)
Desired survivor size 148897792 bytes, new threshold 15 (max 15)
- age   1:   13870088 bytes,   13870088 total
- age   2:    2219840 bytes,   16089928 total
- age   3:    1715360 bytes,   17805288 total
- age   4:     197488 bytes,   18002776 total
- age   5:     441640 bytes,   18444416 total
- age   6:     467880 bytes,   18912296 total
- age   7:     218328 bytes,   19130624 total
- age   8:     142024 bytes,   19272648 total
- age   9:     178816 bytes,   19451464 total
- age  10:      93696 bytes,   19545160 total
- age  11:      85264 bytes,   19630424 total
- age  12:      85072 bytes,   19715496 total
- age  13:     144184 bytes,   19859680 total
- age  14:     148928 bytes,   20008608 total
- age  15:     104512 bytes,   20113120 total
 1501720.171: [G1Ergonomics (CSet Construction) start choosing CSet, _pending_cards: 21601, predicted base time: 8.02 ms, remaining time: 51.98 ms, target pause time: 60.00 ms]
 1501720.171: [G1Ergonomics (CSet Construction) add young regions to CSet, eden: 553 regions, survivors: 9 regions, predicted young region time: 86.88 ms]
 1501720.171: [G1Ergonomics (CSet Construction) finish choosing CSet, eden: 553 regions, survivors: 9 regions, old: 0 regions, predicted pause time: 94.90 ms, target pause time: 60.00 ms]
, 0.0184247 secs]
   [Parallel Time: 16.6 ms, GC Workers: 8]
      [GC Worker Start (ms): Min: 1501720171.2, Avg: 1501720171.2, Max: 1501720171.2, Diff: 0.1]
      [Ext Root Scanning (ms): Min: 1.0, Avg: 1.2, Max: 2.0, Diff: 1.0, Sum: 10.0]
      [Update RS (ms): Min: 4.4, Avg: 5.1, Max: 5.4, Diff: 1.0, Sum: 40.6]
         [Processed Buffers: Min: 13, Avg: 21.9, Max: 49, Diff: 36, Sum: 175]
      [Scan RS (ms): Min: 0.0, Avg: 0.1, Max: 0.1, Diff: 0.1, Sum: 0.6]
      [Code Root Scanning (ms): Min: 0.0, Avg: 0.0, Max: 0.0, Diff: 0.0, Sum: 0.0]
      [Object Copy (ms): Min: 9.8, Avg: 10.0, Max: 10.1, Diff: 0.2, Sum: 80.0]
      [Termination (ms): Min: 0.0, Avg: 0.0, Max: 0.0, Diff: 0.0, Sum: 0.0]
      [GC Worker Other (ms): Min: 0.0, Avg: 0.0, Max: 0.1, Diff: 0.1, Sum: 0.3]
      [GC Worker Total (ms): Min: 16.4, Avg: 16.4, Max: 16.5, Diff: 0.1, Sum: 131.6]
      [GC Worker End (ms): Min: 1501720187.6, Avg: 1501720187.6, Max: 1501720187.7, Diff: 0.1]
   [Code Root Fixup: 0.2 ms]
   [Code Root Purge: 0.0 ms]
   [Clear CT: 0.2 ms]
   [Other: 1.4 ms]
      [Choose CSet: 0.0 ms]
      [Ref Proc: 0.2 ms]
      [Ref Enq: 0.0 ms]
      [Redirty Cards: 0.1 ms]
      [Humongous Reclaim: 0.0 ms]
      [Free CSet: 0.6 ms]
   [Eden: 2212.0M(2212.0M)->0.0B(2212.0M) Survivors: 36.0M->36.0M Heap: 3595.4M(4500.0M)->1383.2M(4500.0M)]
Heap after GC invocations=32992 (full 0):
 garbage-first heap   total 4608000K, used 1416373K [0x00000006a6c00000, 0x00000006a7002328, 0x00000007c0000000)
  region size 4096K, 9 young (36864K), 9 survivors (36864K)
 Metaspace       used 124692K, capacity 128524K, committed 129664K, reserved 1165312K
  class space    used 13846K, capacity 14512K, committed 14720K, reserved 1048576K
}
 [Times: user=0.11 sys=0.02, real=0.02 secs] 
{Heap before GC invocations=32992 (full 0):
 garbage-first heap   total 4608000K, used 3681461K [0x00000006a6c00000, 0x00000006a7002328, 0x00000007c0000000)
  region size 4096K, 562 young (2301952K), 9 survivors (36864K)
 Metaspace       used 124692K, capacity 128524K, committed 129664K, reserved 1165312K
  class space    used 13846K, capacity 14512K, committed 14720K, reserved 1048576K
2019-04-29T01:42:15.040+0800: 1501744.258: [GC pause (G1 Evacuation Pause) (young)
Desired survivor size 148897792 bytes, new threshold 15 (max 15)
- age   1:   15876696 bytes,   15876696 total
- age   2:    2134872 bytes,   18011568 total
- age   3:     553480 bytes,   18565048 total
- age   4:     271816 bytes,   18836864 total
- age   5:     195688 bytes,   19032552 total
- age   6:     441432 bytes,   19473984 total
- age   7:     466952 bytes,   19940936 total
- age   8:     218328 bytes,   20159264 total
- age   9:     141912 bytes,   20301176 total
- age  10:     178784 bytes,   20479960 total
- age  11:      93696 bytes,   20573656 total
- age  12:      85264 bytes,   20658920 total
- age  13:      85072 bytes,   20743992 total
- age  14:     144072 bytes,   20888064 total
- age  15:     148928 bytes,   21036992 total
 1501744.259: [G1Ergonomics (CSet Construction) start choosing CSet, _pending_cards: 21261, predicted base time: 7.82 ms, remaining time: 52.18 ms, target pause time: 60.00 ms]
 1501744.259: [G1Ergonomics (CSet Construction) add young regions to CSet, eden: 553 regions, survivors: 9 regions, predicted young region time: 70.50 ms]
 1501744.259: [G1Ergonomics (CSet Construction) finish choosing CSet, eden: 553 regions, survivors: 9 regions, old: 0 regions, predicted pause time: 78.32 ms, target pause time: 60.00 ms]
, 0.0185053 secs]
   [Parallel Time: 16.6 ms, GC Workers: 8]
      [GC Worker Start (ms): Min: 1501744258.8, Avg: 1501744258.8, Max: 1501744258.9, Diff: 0.1]
      [Ext Root Scanning (ms): Min: 1.0, Avg: 1.3, Max: 2.1, Diff: 1.1, Sum: 10.2]
      [Update RS (ms): Min: 4.3, Avg: 5.0, Max: 5.3, Diff: 1.1, Sum: 40.1]
         [Processed Buffers: Min: 13, Avg: 22.6, Max: 30, Diff: 17, Sum: 181]
      [Scan RS (ms): Min: 0.0, Avg: 0.1, Max: 0.1, Diff: 0.1, Sum: 0.7]
      [Code Root Scanning (ms): Min: 0.0, Avg: 0.0, Max: 0.0, Diff: 0.0, Sum: 0.0]
      [Object Copy (ms): Min: 10.0, Avg: 10.1, Max: 10.1, Diff: 0.2, Sum: 80.4]
      [Termination (ms): Min: 0.0, Avg: 0.0, Max: 0.0, Diff: 0.0, Sum: 0.0]
      [GC Worker Other (ms): Min: 0.0, Avg: 0.0, Max: 0.1, Diff: 0.0, Sum: 0.3]
      [GC Worker Total (ms): Min: 16.4, Avg: 16.5, Max: 16.5, Diff: 0.1, Sum: 131.8]
      [GC Worker End (ms): Min: 1501744275.3, Avg: 1501744275.3, Max: 1501744275.3, Diff: 0.0]
   [Code Root Fixup: 0.2 ms]
   [Code Root Purge: 0.0 ms]
   [Clear CT: 0.3 ms]
   [Other: 1.4 ms]
      [Choose CSet: 0.0 ms]
      [Ref Proc: 0.2 ms]
      [Ref Enq: 0.0 ms]
      [Redirty Cards: 0.1 ms]
      [Humongous Reclaim: 0.0 ms]
      [Free CSet: 0.6 ms]
   [Eden: 2212.0M(2212.0M)->0.0B(2212.0M) Survivors: 36.0M->36.0M Heap: 3595.2M(4500.0M)->1383.7M(4500.0M)]
Heap after GC invocations=32993 (full 0):
 garbage-first heap   total 4608000K, used 1416954K [0x00000006a6c00000, 0x00000006a7002328, 0x00000007c0000000)
  region size 4096K, 9 young (36864K), 9 survivors (36864K)
 Metaspace       used 124692K, capacity 128524K, committed 129664K, reserved 1165312K
  class space    used 13846K, capacity 14512K, committed 14720K, reserved 1048576K
}
 [Times: user=0.12 sys=0.02, real=0.01 secs] 
{Heap before GC invocations=32993 (full 0):
 garbage-first heap   total 4608000K, used 3682042K [0x00000006a6c00000, 0x00000006a7002328, 0x00000007c0000000)
  region size 4096K, 562 young (2301952K), 9 survivors (36864K)
 Metaspace       used 124692K, capacity 128524K, committed 129664K, reserved 1165312K
  class space    used 13846K, capacity 14512K, committed 14720K, reserved 1048576K
2019-04-29T01:42:43.812+0800: 1501773.031: [GC pause (G1 Evacuation Pause) (young)
Desired survivor size 148897792 bytes, new threshold 15 (max 15)
- age   1:   16685016 bytes,   16685016 total
- age   2:    2113064 bytes,   18798080 total
- age   3:     739488 bytes,   19537568 total
- age   4:     353568 bytes,   19891136 total
- age   5:     268312 bytes,   20159448 total
- age   6:     195080 bytes,   20354528 total
- age   7:     439944 bytes,   20794472 total
- age   8:     466928 bytes,   21261400 total
- age   9:     218328 bytes,   21479728 total
- age  10:     141912 bytes,   21621640 total
- age  11:     178784 bytes,   21800424 total
- age  12:      93696 bytes,   21894120 total
- age  13:      85264 bytes,   21979384 total
- age  14:      85072 bytes,   22064456 total
- age  15:     144072 bytes,   22208528 total
 1501773.031: [G1Ergonomics (CSet Construction) start choosing CSet, _pending_cards: 21910, predicted base time: 7.92 ms, remaining time: 52.08 ms, target pause time: 60.00 ms]
 1501773.031: [G1Ergonomics (CSet Construction) add young regions to CSet, eden: 553 regions, survivors: 9 regions, predicted young region time: 60.98 ms]
 1501773.031: [G1Ergonomics (CSet Construction) finish choosing CSet, eden: 553 regions, survivors: 9 regions, old: 0 regions, predicted pause time: 68.90 ms, target pause time: 60.00 ms]
, 0.0176500 secs]
   [Parallel Time: 15.6 ms, GC Workers: 8]
      [GC Worker Start (ms): Min: 1501773031.1, Avg: 1501773031.1, Max: 1501773031.1, Diff: 0.1]
      [Ext Root Scanning (ms): Min: 1.1, Avg: 1.3, Max: 2.0, Diff: 1.0, Sum: 10.6]
      [Update RS (ms): Min: 4.4, Avg: 5.1, Max: 5.4, Diff: 1.0, Sum: 40.8]
         [Processed Buffers: Min: 16, Avg: 22.8, Max: 32, Diff: 16, Sum: 182]
      [Scan RS (ms): Min: 0.0, Avg: 0.1, Max: 0.1, Diff: 0.1, Sum: 0.6]
      [Code Root Scanning (ms): Min: 0.0, Avg: 0.0, Max: 0.0, Diff: 0.0, Sum: 0.0]
      [Object Copy (ms): Min: 8.9, Avg: 9.0, Max: 9.0, Diff: 0.2, Sum: 71.7]
      [Termination (ms): Min: 0.0, Avg: 0.0, Max: 0.0, Diff: 0.0, Sum: 0.0]
      [GC Worker Other (ms): Min: 0.0, Avg: 0.0, Max: 0.1, Diff: 0.0, Sum: 0.3]
      [GC Worker Total (ms): Min: 15.5, Avg: 15.5, Max: 15.5, Diff: 0.1, Sum: 124.0]
      [GC Worker End (ms): Min: 1501773046.6, Avg: 1501773046.6, Max: 1501773046.6, Diff: 0.0]
   [Code Root Fixup: 0.3 ms]
   [Code Root Purge: 0.0 ms]
   [Clear CT: 0.3 ms]
   [Other: 1.5 ms]
      [Choose CSet: 0.0 ms]
      [Ref Proc: 0.2 ms]
      [Ref Enq: 0.0 ms]
      [Redirty Cards: 0.1 ms]
      [Humongous Reclaim: 0.0 ms]
      [Free CSet: 0.6 ms]
   [Eden: 2212.0M(2212.0M)->0.0B(2212.0M) Survivors: 36.0M->36.0M Heap: 3595.7M(4500.0M)->1383.9M(4500.0M)]
Heap after GC invocations=32994 (full 0):
 garbage-first heap   total 4608000K, used 1417147K [0x00000006a6c00000, 0x00000006a7002328, 0x00000007c0000000)
  region size 4096K, 9 young (36864K), 9 survivors (36864K)
 Metaspace       used 124692K, capacity 128524K, committed 129664K, reserved 1165312K
  class space    used 13846K, capacity 14512K, committed 14720K, reserved 1048576K
}
 [Times: user=0.13 sys=0.00, real=0.02 secs] 
{Heap before GC invocations=32994 (full 0):
 garbage-first heap   total 4608000K, used 3682235K [0x00000006a6c00000, 0x00000006a7002328, 0x00000007c0000000)
  region size 4096K, 562 young (2301952K), 9 survivors (36864K)
 Metaspace       used 124692K, capacity 128524K, committed 129664K, reserved 1165312K
  class space    used 13846K, capacity 14512K, committed 14720K, reserved 1048576K
2019-04-29T01:43:08.317+0800: 1501797.536: [GC pause (G1 Evacuation Pause) (young)
Desired survivor size 148897792 bytes, new threshold 15 (max 15)
- age   1:   14230048 bytes,   14230048 total
- age   2:    1803336 bytes,   16033384 total
- age   3:     744112 bytes,   16777496 total
- age   4:     364112 bytes,   17141608 total
- age   5:     345400 bytes,   17487008 total
- age   6:     267408 bytes,   17754416 total
- age   7:     193000 bytes,   17947416 total
- age   8:     438912 bytes,   18386328 total
- age   9:     466672 bytes,   18853000 total
- age  10:     218328 bytes,   19071328 total
- age  11:     141912 bytes,   19213240 total
- age  12:     178784 bytes,   19392024 total
- age  13:      93696 bytes,   19485720 total
- age  14:      85264 bytes,   19570984 total
- age  15:      85072 bytes,   19656056 total
 1501797.536: [G1Ergonomics (CSet Construction) start choosing CSet, _pending_cards: 20957, predicted base time: 7.67 ms, remaining time: 52.33 ms, target pause time: 60.00 ms]
 1501797.536: [G1Ergonomics (CSet Construction) add young regions to CSet, eden: 553 regions, survivors: 9 regions, predicted young region time: 51.33 ms]
 1501797.536: [G1Ergonomics (CSet Construction) finish choosing CSet, eden: 553 regions, survivors: 9 regions, old: 0 regions, predicted pause time: 59.00 ms, target pause time: 60.00 ms]
, 0.0180914 secs]
   [Parallel Time: 16.2 ms, GC Workers: 8]
      [GC Worker Start (ms): Min: 1501797536.1, Avg: 1501797536.1, Max: 1501797536.1, Diff: 0.1]
      [Ext Root Scanning (ms): Min: 1.1, Avg: 1.6, Max: 4.3, Diff: 3.2, Sum: 12.5]
      [Update RS (ms): Min: 2.7, Avg: 5.1, Max: 5.6, Diff: 3.0, Sum: 40.4]
         [Processed Buffers: Min: 16, Avg: 22.5, Max: 36, Diff: 20, Sum: 180]
      [Scan RS (ms): Min: 0.0, Avg: 0.1, Max: 0.1, Diff: 0.1, Sum: 0.6]
      [Code Root Scanning (ms): Min: 0.0, Avg: 0.0, Max: 0.0, Diff: 0.0, Sum: 0.0]
      [Object Copy (ms): Min: 9.1, Avg: 9.4, Max: 9.4, Diff: 0.3, Sum: 74.8]
      [Termination (ms): Min: 0.0, Avg: 0.0, Max: 0.0, Diff: 0.0, Sum: 0.0]
      [GC Worker Other (ms): Min: 0.0, Avg: 0.0, Max: 0.1, Diff: 0.1, Sum: 0.4]
      [GC Worker Total (ms): Min: 16.1, Avg: 16.1, Max: 16.1, Diff: 0.1, Sum: 128.8]
      [GC Worker End (ms): Min: 1501797552.2, Avg: 1501797552.2, Max: 1501797552.2, Diff: 0.1]
   [Code Root Fixup: 0.2 ms]
   [Code Root Purge: 0.0 ms]
   [Clear CT: 0.2 ms]
   [Other: 1.4 ms]
      [Choose CSet: 0.0 ms]
      [Ref Proc: 0.2 ms]
      [Ref Enq: 0.0 ms]
      [Redirty Cards: 0.1 ms]
      [Humongous Reclaim: 0.0 ms]
      [Free CSet: 0.6 ms]
   [Eden: 2212.0M(2212.0M)->0.0B(2212.0M) Survivors: 36.0M->36.0M Heap: 3595.9M(4500.0M)->1383.6M(4500.0M)]
Heap after GC invocations=32995 (full 0):
 garbage-first heap   total 4608000K, used 1416806K [0x00000006a6c00000, 0x00000006a7002328, 0x00000007c0000000)
  region size 4096K, 9 young (36864K), 9 survivors (36864K)
 Metaspace       used 124692K, capacity 128524K, committed 129664K, reserved 1165312K
  class space    used 13846K, capacity 14512K, committed 14720K, reserved 1048576K
}
 [Times: user=0.10 sys=0.02, real=0.02 secs] 
{Heap before GC invocations=32995 (full 0):
 garbage-first heap   total 4608000K, used 3681894K [0x00000006a6c00000, 0x00000006a7002328, 0x00000007c0000000)
  region size 4096K, 562 young (2301952K), 9 survivors (36864K)
 Metaspace       used 124692K, capacity 128524K, committed 129664K, reserved 1165312K
  class space    used 13846K, capacity 14512K, committed 14720K, reserved 1048576K
2019-04-29T01:43:33.617+0800: 1501822.835: [GC pause (G1 Evacuation Pause) (young)
Desired survivor size 148897792 bytes, new threshold 15 (max 15)
- age   1:   15107248 bytes,   15107248 total
- age   2:    1926272 bytes,   17033520 total
- age   3:     590008 bytes,   17623528 total
- age   4:     193288 bytes,   17816816 total
- age   5:     363584 bytes,   18180400 total
- age   6:     343984 bytes,   18524384 total
- age   7:     265840 bytes,   18790224 total
- age   8:     192776 bytes,   18983000 total
- age   9:     438912 bytes,   19421912 total
- age  10:     466672 bytes,   19888584 total
- age  11:     218328 bytes,   20106912 total
- age  12:     141912 bytes,   20248824 total
- age  13:     178784 bytes,   20427608 total
- age  14:      93696 bytes,   20521304 total
- age  15:      85264 bytes,   20606568 total
 1501822.836: [G1Ergonomics (CSet Construction) start choosing CSet, _pending_cards: 21115, predicted base time: 7.79 ms, remaining time: 52.21 ms, target pause time: 60.00 ms]
 1501822.836: [G1Ergonomics (CSet Construction) add young regions to CSet, eden: 553 regions, survivors: 9 regions, predicted young region time: 44.40 ms]
 1501822.836: [G1Ergonomics (CSet Construction) finish choosing CSet, eden: 553 regions, survivors: 9 regions, old: 0 regions, predicted pause time: 52.18 ms, target pause time: 60.00 ms]
, 0.0181706 secs]
   [Parallel Time: 16.1 ms, GC Workers: 8]
      [GC Worker Start (ms): Min: 1501822835.8, Avg: 1501822835.8, Max: 1501822835.9, Diff: 0.1]
      [Ext Root Scanning (ms): Min: 1.0, Avg: 1.3, Max: 2.1, Diff: 1.1, Sum: 10.3]
      [Update RS (ms): Min: 4.2, Avg: 5.0, Max: 5.3, Diff: 1.1, Sum: 39.6]
         [Processed Buffers: Min: 12, Avg: 21.6, Max: 33, Diff: 21, Sum: 173]
      [Scan RS (ms): Min: 0.0, Avg: 0.1, Max: 0.1, Diff: 0.1, Sum: 0.6]
      [Code Root Scanning (ms): Min: 0.0, Avg: 0.0, Max: 0.0, Diff: 0.0, Sum: 0.0]
      [Object Copy (ms): Min: 9.4, Avg: 9.5, Max: 9.5, Diff: 0.2, Sum: 75.8]
      [Termination (ms): Min: 0.0, Avg: 0.0, Max: 0.0, Diff: 0.0, Sum: 0.0]
      [GC Worker Other (ms): Min: 0.0, Avg: 0.1, Max: 0.2, Diff: 0.2, Sum: 0.8]
      [GC Worker Total (ms): Min: 15.8, Avg: 15.9, Max: 16.0, Diff: 0.2, Sum: 127.2]
      [GC Worker End (ms): Min: 1501822851.6, Avg: 1501822851.7, Max: 1501822851.9, Diff: 0.2]
   [Code Root Fixup: 0.2 ms]
   [Code Root Purge: 0.0 ms]
   [Clear CT: 0.3 ms]
   [Other: 1.5 ms]
      [Choose CSet: 0.0 ms]
      [Ref Proc: 0.2 ms]
      [Ref Enq: 0.0 ms]
      [Redirty Cards: 0.2 ms]
      [Humongous Reclaim: 0.0 ms]
      [Free CSet: 0.6 ms]
   [Eden: 2212.0M(2212.0M)->0.0B(2212.0M) Survivors: 36.0M->36.0M Heap: 3595.6M(4500.0M)->1384.2M(4500.0M)]
Heap after GC invocations=32996 (full 0):
 garbage-first heap   total 4608000K, used 1417421K [0x00000006a6c00000, 0x00000006a7002328, 0x00000007c0000000)
  region size 4096K, 9 young (36864K), 9 survivors (36864K)
 Metaspace       used 124692K, capacity 128524K, committed 129664K, reserved 1165312K
  class space    used 13846K, capacity 14512K, committed 14720K, reserved 1048576K
}
 [Times: user=0.10 sys=0.03, real=0.02 secs] 
{Heap before GC invocations=32996 (full 0):
 garbage-first heap   total 4608000K, used 3682509K [0x00000006a6c00000, 0x00000006a7002328, 0x00000007c0000000)
  region size 4096K, 562 young (2301952K), 9 survivors (36864K)
 Metaspace       used 124692K, capacity 128524K, committed 129664K, reserved 1165312K
  class space    used 13846K, capacity 14512K, committed 14720K, reserved 1048576K
2019-04-29T01:43:59.427+0800: 1501848.645: [GC pause (G1 Evacuation Pause) (young)
Desired survivor size 148897792 bytes, new threshold 15 (max 15)
- age   1:   14667200 bytes,   14667200 total
- age   2:    1990168 bytes,   16657368 total
- age   3:     840208 bytes,   17497576 total
- age   4:     112408 bytes,   17609984 total
- age   5:     192600 bytes,   17802584 total
- age   6:     362704 bytes,   18165288 total
- age   7:     343424 bytes,   18508712 total
- age   8:     265152 bytes,   18773864 total
- age   9:     192776 bytes,   18966640 total
- age  10:     438912 bytes,   19405552 total
- age  11:     466672 bytes,   19872224 total
- age  12:     218328 bytes,   20090552 total
- age  13:     141912 bytes,   20232464 total
- age  14:     178784 bytes,   20411248 total
- age  15:      93696 bytes,   20504944 total
 1501848.646: [G1Ergonomics (CSet Construction) start choosing CSet, _pending_cards: 21298, predicted base time: 7.86 ms, remaining time: 52.14 ms, target pause time: 60.00 ms]
 1501848.646: [G1Ergonomics (CSet Construction) add young regions to CSet, eden: 553 regions, survivors: 9 regions, predicted young region time: 37.47 ms]
 1501848.646: [G1Ergonomics (CSet Construction) finish choosing CSet, eden: 553 regions, survivors: 9 regions, old: 0 regions, predicted pause time: 45.33 ms, target pause time: 60.00 ms]
, 0.0179147 secs]
   [Parallel Time: 16.0 ms, GC Workers: 8]
      [GC Worker Start (ms): Min: 1501848645.7, Avg: 1501848645.8, Max: 1501848645.8, Diff: 0.1]
      [Ext Root Scanning (ms): Min: 1.0, Avg: 1.3, Max: 2.1, Diff: 1.1, Sum: 10.1]
      [Update RS (ms): Min: 4.2, Avg: 5.0, Max: 5.3, Diff: 1.1, Sum: 39.8]
         [Processed Buffers: Min: 15, Avg: 23.2, Max: 38, Diff: 23, Sum: 186]
      [Scan RS (ms): Min: 0.0, Avg: 0.1, Max: 0.1, Diff: 0.1, Sum: 0.6]
      [Code Root Scanning (ms): Min: 0.0, Avg: 0.0, Max: 0.0, Diff: 0.0, Sum: 0.0]
      [Object Copy (ms): Min: 9.3, Avg: 9.3, Max: 9.4, Diff: 0.2, Sum: 74.8]
      [Termination (ms): Min: 0.0, Avg: 0.0, Max: 0.0, Diff: 0.0, Sum: 0.0]
      [GC Worker Other (ms): Min: 0.0, Avg: 0.2, Max: 0.3, Diff: 0.3, Sum: 1.6]
      [GC Worker Total (ms): Min: 15.7, Avg: 15.9, Max: 16.0, Diff: 0.3, Sum: 126.9]
      [GC Worker End (ms): Min: 1501848661.5, Avg: 1501848661.6, Max: 1501848661.7, Diff: 0.3]
   [Code Root Fixup: 0.2 ms]
   [Code Root Purge: 0.0 ms]
   [Clear CT: 0.3 ms]
   [Other: 1.4 ms]
      [Choose CSet: 0.0 ms]
      [Ref Proc: 0.2 ms]
      [Ref Enq: 0.0 ms]
      [Redirty Cards: 0.1 ms]
      [Humongous Reclaim: 0.0 ms]
      [Free CSet: 0.6 ms]
   [Eden: 2212.0M(2212.0M)->0.0B(2212.0M) Survivors: 36.0M->36.0M Heap: 3596.2M(4500.0M)->1385.3M(4500.0M)]
Heap after GC invocations=32997 (full 0):
 garbage-first heap   total 4608000K, used 1418529K [0x00000006a6c00000, 0x00000006a7002328, 0x00000007c0000000)
  region size 4096K, 9 young (36864K), 9 survivors (36864K)
 Metaspace       used 124692K, capacity 128524K, committed 129664K, reserved 1165312K
  class space    used 13846K, capacity 14512K, committed 14720K, reserved 1048576K
}
 [Times: user=0.10 sys=0.03, real=0.02 secs] 
{Heap before GC invocations=32997 (full 0):
 garbage-first heap   total 4608000K, used 3683617K [0x00000006a6c00000, 0x00000006a7002328, 0x00000007c0000000)
  region size 4096K, 562 young (2301952K), 9 survivors (36864K)
 Metaspace       used 124692K, capacity 128524K, committed 129664K, reserved 1165312K
  class space    used 13846K, capacity 14512K, committed 14720K, reserved 1048576K
2019-04-29T01:44:22.257+0800: 1501871.476: [GC pause (G1 Evacuation Pause) (young)
Desired survivor size 148897792 bytes, new threshold 15 (max 15)
- age   1:   15380784 bytes,   15380784 total
- age   2:    1527768 bytes,   16908552 total
- age   3:     805712 bytes,   17714264 total
- age   4:     191264 bytes,   17905528 total
- age   5:     107912 bytes,   18013440 total
- age   6:     190624 bytes,   18204064 total
- age   7:     362568 bytes,   18566632 total
- age   8:     341744 bytes,   18908376 total
- age   9:     265040 bytes,   19173416 total
- age  10:     192776 bytes,   19366192 total
- age  11:     438912 bytes,   19805104 total
- age  12:     464800 bytes,   20269904 total
- age  13:     218056 bytes,   20487960 total
- age  14:     141912 bytes,   20629872 total
- age  15:     178784 bytes,   20808656 total
 1501871.476: [G1Ergonomics (CSet Construction) start choosing CSet, _pending_cards: 21581, predicted base time: 7.89 ms, remaining time: 52.11 ms, target pause time: 60.00 ms]
 1501871.476: [G1Ergonomics (CSet Construction) add young regions to CSet, eden: 553 regions, survivors: 9 regions, predicted young region time: 31.52 ms]
 1501871.476: [G1Ergonomics (CSet Construction) finish choosing CSet, eden: 553 regions, survivors: 9 regions, old: 0 regions, predicted pause time: 39.41 ms, target pause time: 60.00 ms]
, 0.0188821 secs]
   [Parallel Time: 16.6 ms, GC Workers: 8]
      [GC Worker Start (ms): Min: 1501871476.0, Avg: 1501871476.1, Max: 1501871476.2, Diff: 0.2]
      [Ext Root Scanning (ms): Min: 1.2, Avg: 1.4, Max: 2.2, Diff: 1.1, Sum: 11.5]
      [Update RS (ms): Min: 4.8, Avg: 5.5, Max: 5.8, Diff: 1.0, Sum: 44.1]
         [Processed Buffers: Min: 11, Avg: 23.0, Max: 35, Diff: 24, Sum: 184]
      [Scan RS (ms): Min: 0.0, Avg: 0.1, Max: 0.1, Diff: 0.1, Sum: 0.6]
      [Code Root Scanning (ms): Min: 0.0, Avg: 0.0, Max: 0.0, Diff: 0.0, Sum: 0.0]
      [Object Copy (ms): Min: 9.1, Avg: 9.3, Max: 9.4, Diff: 0.3, Sum: 74.6]
      [Termination (ms): Min: 0.0, Avg: 0.0, Max: 0.0, Diff: 0.0, Sum: 0.0]
      [GC Worker Other (ms): Min: 0.0, Avg: 0.1, Max: 0.1, Diff: 0.1, Sum: 0.4]
      [GC Worker Total (ms): Min: 16.3, Avg: 16.4, Max: 16.5, Diff: 0.2, Sum: 131.3]
      [GC Worker End (ms): Min: 1501871492.5, Avg: 1501871492.5, Max: 1501871492.5, Diff: 0.0]
   [Code Root Fixup: 0.2 ms]
   [Code Root Purge: 0.0 ms]
   [Clear CT: 0.3 ms]
   [Other: 1.8 ms]
      [Choose CSet: 0.0 ms]
      [Ref Proc: 0.2 ms]
      [Ref Enq: 0.0 ms]
      [Redirty Cards: 0.1 ms]
      [Humongous Reclaim: 0.0 ms]
      [Free CSet: 1.0 ms]
   [Eden: 2212.0M(2212.0M)->0.0B(2212.0M) Survivors: 36.0M->36.0M Heap: 3597.3M(4500.0M)->1384.5M(4500.0M)]
Heap after GC invocations=32998 (full 0):
 garbage-first heap   total 4608000K, used 1417777K [0x00000006a6c00000, 0x00000006a7002328, 0x00000007c0000000)
  region size 4096K, 9 young (36864K), 9 survivors (36864K)
 Metaspace       used 124692K, capacity 128524K, committed 129664K, reserved 1165312K
  class space    used 13846K, capacity 14512K, committed 14720K, reserved 1048576K
}
 [Times: user=0.13 sys=0.00, real=0.02 secs] 
{Heap before GC invocations=32998 (full 0):
 garbage-first heap   total 4608000K, used 3682865K [0x00000006a6c00000, 0x00000006a7002328, 0x00000007c0000000)
  region size 4096K, 562 young (2301952K), 9 survivors (36864K)
 Metaspace       used 124692K, capacity 128524K, committed 129664K, reserved 1165312K
  class space    used 13846K, capacity 14512K, committed 14720K, reserved 1048576K
2019-04-29T01:44:53.684+0800: 1501902.902: [GC pause (G1 Evacuation Pause) (young)
Desired survivor size 148897792 bytes, new threshold 15 (max 15)
- age   1:   14147056 bytes,   14147056 total
- age   2:    2606464 bytes,   16753520 total
- age   3:     684088 bytes,   17437608 total
- age   4:     248544 bytes,   17686152 total
- age   5:     183856 bytes,   17870008 total
- age   6:     106464 bytes,   17976472 total
- age   7:     189728 bytes,   18166200 total
- age   8:     362568 bytes,   18528768 total
- age   9:     341712 bytes,   18870480 total
- age  10:     265040 bytes,   19135520 total
- age  11:     192776 bytes,   19328296 total
- age  12:     438240 bytes,   19766536 total
- age  13:     464688 bytes,   20231224 total
- age  14:     218056 bytes,   20449280 total
- age  15:     141912 bytes,   20591192 total
 1501902.903: [G1Ergonomics (CSet Construction) start choosing CSet, _pending_cards: 22521, predicted base time: 8.32 ms, remaining time: 51.68 ms, target pause time: 60.00 ms]
 1501902.903: [G1Ergonomics (CSet Construction) add young regions to CSet, eden: 553 regions, survivors: 9 regions, predicted young region time: 25.19 ms]
 1501902.903: [G1Ergonomics (CSet Construction) finish choosing CSet, eden: 553 regions, survivors: 9 regions, old: 0 regions, predicted pause time: 33.51 ms, target pause time: 60.00 ms]
, 0.0188280 secs]
   [Parallel Time: 16.9 ms, GC Workers: 8]
      [GC Worker Start (ms): Min: 1501902902.7, Avg: 1501902902.7, Max: 1501902902.7, Diff: 0.1]
      [Ext Root Scanning (ms): Min: 1.2, Avg: 1.4, Max: 2.0, Diff: 0.8, Sum: 10.9]
      [Update RS (ms): Min: 4.8, Avg: 5.5, Max: 5.8, Diff: 1.0, Sum: 43.9]
         [Processed Buffers: Min: 13, Avg: 22.5, Max: 39, Diff: 26, Sum: 180]
      [Scan RS (ms): Min: 0.0, Avg: 0.1, Max: 0.1, Diff: 0.1, Sum: 0.6]
      [Code Root Scanning (ms): Min: 0.0, Avg: 0.0, Max: 0.0, Diff: 0.0, Sum: 0.0]
      [Object Copy (ms): Min: 9.7, Avg: 9.8, Max: 9.9, Diff: 0.3, Sum: 78.5]
      [Termination (ms): Min: 0.0, Avg: 0.0, Max: 0.0, Diff: 0.0, Sum: 0.0]
      [GC Worker Other (ms): Min: 0.0, Avg: 0.1, Max: 0.1, Diff: 0.1, Sum: 0.5]
      [GC Worker Total (ms): Min: 16.8, Avg: 16.8, Max: 16.9, Diff: 0.1, Sum: 134.4]
      [GC Worker End (ms): Min: 1501902919.5, Avg: 1501902919.5, Max: 1501902919.5, Diff: 0.1]
   [Code Root Fixup: 0.2 ms]
   [Code Root Purge: 0.0 ms]
   [Clear CT: 0.3 ms]
   [Other: 1.4 ms]
      [Choose CSet: 0.0 ms]
      [Ref Proc: 0.2 ms]
      [Ref Enq: 0.0 ms]
      [Redirty Cards: 0.1 ms]
      [Humongous Reclaim: 0.0 ms]
      [Free CSet: 0.6 ms]
   [Eden: 2212.0M(2212.0M)->0.0B(2208.0M) Survivors: 36.0M->40.0M Heap: 3596.5M(4500.0M)->1388.2M(4500.0M)]
Heap after GC invocations=32999 (full 0):
 garbage-first heap   total 4608000K, used 1421567K [0x00000006a6c00000, 0x00000006a7002328, 0x00000007c0000000)
  region size 4096K, 10 young (40960K), 10 survivors (40960K)
 Metaspace       used 124692K, capacity 128524K, committed 129664K, reserved 1165312K
  class space    used 13846K, capacity 14512K, committed 14720K, reserved 1048576K
}
 [Times: user=0.11 sys=0.02, real=0.02 secs] 
{Heap before GC invocations=32999 (full 0):
 garbage-first heap   total 4608000K, used 3682559K [0x00000006a6c00000, 0x00000006a7002328, 0x00000007c0000000)
  region size 4096K, 562 young (2301952K), 10 survivors (40960K)
 Metaspace       used 124692K, capacity 128524K, committed 129664K, reserved 1165312K
  class space    used 13846K, capacity 14512K, committed 14720K, reserved 1048576K
2019-04-29T01:45:14.045+0800: 1501923.264: [GC pause (G1 Evacuation Pause) (young)
Desired survivor size 148897792 bytes, new threshold 15 (max 15)
- age   1:   15963408 bytes,   15963408 total
- age   2:    1641624 bytes,   17605032 total
- age   3:     529504 bytes,   18134536 total
- age   4:      99640 bytes,   18234176 total
- age   5:     247424 bytes,   18481600 total
- age   6:     181952 bytes,   18663552 total
- age   7:     105376 bytes,   18768928 total
- age   8:     189280 bytes,   18958208 total
- age   9:     362568 bytes,   19320776 total
- age  10:     341712 bytes,   19662488 total
- age  11:     264928 bytes,   19927416 total
- age  12:     192552 bytes,   20119968 total
- age  13:     438128 bytes,   20558096 total
- age  14:     464688 bytes,   21022784 total
- age  15:     218056 bytes,   21240840 total
 1501923.264: [G1Ergonomics (CSet Construction) start choosing CSet, _pending_cards: 21356, predicted base time: 8.00 ms, remaining time: 52.00 ms, target pause time: 60.00 ms]
 1501923.264: [G1Ergonomics (CSet Construction) add young regions to CSet, eden: 552 regions, survivors: 10 regions, predicted young region time: 22.86 ms]
 1501923.264: [G1Ergonomics (CSet Construction) finish choosing CSet, eden: 552 regions, survivors: 10 regions, old: 0 regions, predicted pause time: 30.86 ms, target pause time: 60.00 ms]
, 0.0186095 secs]
   [Parallel Time: 16.5 ms, GC Workers: 8]
      [GC Worker Start (ms): Min: 1501923264.3, Avg: 1501923264.3, Max: 1501923264.3, Diff: 0.1]
      [Ext Root Scanning (ms): Min: 1.2, Avg: 1.4, Max: 2.0, Diff: 0.8, Sum: 11.5]
      [Update RS (ms): Min: 4.6, Avg: 5.1, Max: 5.5, Diff: 0.9, Sum: 40.6]
         [Processed Buffers: Min: 13, Avg: 23.4, Max: 37, Diff: 24, Sum: 187]
      [Scan RS (ms): Min: 0.0, Avg: 0.1, Max: 0.1, Diff: 0.1, Sum: 0.6]
      [Code Root Scanning (ms): Min: 0.0, Avg: 0.0, Max: 0.0, Diff: 0.0, Sum: 0.0]
      [Object Copy (ms): Min: 9.6, Avg: 9.8, Max: 9.9, Diff: 0.2, Sum: 78.1]
      [Termination (ms): Min: 0.0, Avg: 0.0, Max: 0.0, Diff: 0.0, Sum: 0.0]
      [GC Worker Other (ms): Min: 0.0, Avg: 0.0, Max: 0.1, Diff: 0.0, Sum: 0.3]
      [GC Worker Total (ms): Min: 16.3, Avg: 16.4, Max: 16.4, Diff: 0.1, Sum: 131.1]
      [GC Worker End (ms): Min: 1501923280.7, Avg: 1501923280.7, Max: 1501923280.7, Diff: 0.0]
   [Code Root Fixup: 0.2 ms]
   [Code Root Purge: 0.0 ms]
   [Clear CT: 0.5 ms]
   [Other: 1.4 ms]
      [Choose CSet: 0.0 ms]
      [Ref Proc: 0.2 ms]
      [Ref Enq: 0.0 ms]
      [Redirty Cards: 0.1 ms]
      [Humongous Reclaim: 0.0 ms]
      [Free CSet: 0.6 ms]
   [Eden: 2208.0M(2208.0M)->0.0B(2212.0M) Survivors: 40.0M->36.0M Heap: 3596.2M(4500.0M)->1385.1M(4500.0M)]
Heap after GC invocations=33000 (full 0):
 garbage-first heap   total 4608000K, used 1418302K [0x00000006a6c00000, 0x00000006a7002328, 0x00000007c0000000)
  region size 4096K, 9 young (36864K), 9 survivors (36864K)
 Metaspace       used 124692K, capacity 128524K, committed 129664K, reserved 1165312K
  class space    used 13846K, capacity 14512K, committed 14720K, reserved 1048576K
}
 [Times: user=0.13 sys=0.00, real=0.02 secs] 
{Heap before GC invocations=33000 (full 0):
 garbage-first heap   total 4608000K, used 3683390K [0x00000006a6c00000, 0x00000006a7002328, 0x00000007c0000000)
  region size 4096K, 562 young (2301952K), 9 survivors (36864K)
 Metaspace       used 124692K, capacity 128524K, committed 129664K, reserved 1165312K
  class space    used 13846K, capacity 14512K, committed 14720K, reserved 1048576K
2019-04-29T01:45:43.615+0800: 1501952.834: [GC pause (G1 Evacuation Pause) (young)
Desired survivor size 148897792 bytes, new threshold 15 (max 15)
- age   1:   15130304 bytes,   15130304 total
- age   2:    2236368 bytes,   17366672 total
- age   3:     745936 bytes,   18112608 total
- age   4:     144640 bytes,   18257248 total
- age   5:      98936 bytes,   18356184 total
- age   6:     247072 bytes,   18603256 total
- age   7:     181072 bytes,   18784328 total
- age   8:     105264 bytes,   18889592 total
- age   9:     189280 bytes,   19078872 total
- age  10:     362568 bytes,   19441440 total
- age  11:     341712 bytes,   19783152 total
- age  12:     264928 bytes,   20048080 total
- age  13:     192552 bytes,   20240632 total
- age  14:     438128 bytes,   20678760 total
- age  15:     464688 bytes,   21143448 total
 1501952.834: [G1Ergonomics (CSet Construction) start choosing CSet, _pending_cards: 22011, predicted base time: 8.17 ms, remaining time: 51.83 ms, target pause time: 60.00 ms]
 1501952.834: [G1Ergonomics (CSet Construction) add young regions to CSet, eden: 553 regions, survivors: 9 regions, predicted young region time: 25.73 ms]
 1501952.834: [G1Ergonomics (CSet Construction) finish choosing CSet, eden: 553 regions, survivors: 9 regions, old: 0 regions, predicted pause time: 33.90 ms, target pause time: 60.00 ms]
, 0.0195098 secs]
   [Parallel Time: 17.4 ms, GC Workers: 8]
      [GC Worker Start (ms): Min: 1501952834.0, Avg: 1501952834.1, Max: 1501952834.1, Diff: 0.1]
      [Ext Root Scanning (ms): Min: 1.1, Avg: 1.6, Max: 4.3, Diff: 3.2, Sum: 13.1]
      [Update RS (ms): Min: 2.8, Avg: 5.3, Max: 5.8, Diff: 3.0, Sum: 42.2]
         [Processed Buffers: Min: 15, Avg: 22.5, Max: 36, Diff: 21, Sum: 180]
      [Scan RS (ms): Min: 0.0, Avg: 0.1, Max: 0.2, Diff: 0.1, Sum: 0.6]
      [Code Root Scanning (ms): Min: 0.0, Avg: 0.0, Max: 0.0, Diff: 0.0, Sum: 0.0]
      [Object Copy (ms): Min: 10.1, Avg: 10.3, Max: 10.4, Diff: 0.3, Sum: 82.1]
      [Termination (ms): Min: 0.0, Avg: 0.0, Max: 0.0, Diff: 0.0, Sum: 0.0]
      [GC Worker Other (ms): Min: 0.0, Avg: 0.1, Max: 0.1, Diff: 0.1, Sum: 0.5]
      [GC Worker Total (ms): Min: 17.3, Avg: 17.3, Max: 17.4, Diff: 0.1, Sum: 138.5]
      [GC Worker End (ms): Min: 1501952851.3, Avg: 1501952851.4, Max: 1501952851.4, Diff: 0.1]
   [Code Root Fixup: 0.2 ms]
   [Code Root Purge: 0.0 ms]
   [Clear CT: 0.3 ms]
   [Other: 1.6 ms]
      [Choose CSet: 0.0 ms]
      [Ref Proc: 0.2 ms]
      [Ref Enq: 0.0 ms]
      [Redirty Cards: 0.2 ms]
      [Humongous Reclaim: 0.0 ms]
      [Free CSet: 0.6 ms]
   [Eden: 2212.0M(2212.0M)->0.0B(2212.0M) Survivors: 36.0M->36.0M Heap: 3597.1M(4500.0M)->1386.6M(4500.0M)]
Heap after GC invocations=33001 (full 0):
 garbage-first heap   total 4608000K, used 1419887K [0x00000006a6c00000, 0x00000006a7002328, 0x00000007c0000000)
  region size 4096K, 9 young (36864K), 9 survivors (36864K)
 Metaspace       used 124692K, capacity 128524K, committed 129664K, reserved 1165312K
  class space    used 13846K, capacity 14512K, committed 14720K, reserved 1048576K
}
 [Times: user=0.10 sys=0.04, real=0.02 secs] 
{Heap before GC invocations=33001 (full 0):
 garbage-first heap   total 4608000K, used 3684975K [0x00000006a6c00000, 0x00000006a7002328, 0x00000007c0000000)
  region size 4096K, 562 young (2301952K), 9 survivors (36864K)
 Metaspace       used 124692K, capacity 128524K, committed 129664K, reserved 1165312K
  class space    used 13846K, capacity 14512K, committed 14720K, reserved 1048576K
2019-04-29T01:46:07.518+0800: 1501976.737: [GC pause (G1 Evacuation Pause) (young)
Desired survivor size 148897792 bytes, new threshold 15 (max 15)
- age   1:   16394456 bytes,   16394456 total
- age   2:    1806800 bytes,   18201256 total
- age   3:     833008 bytes,   19034264 total
- age   4:     188888 bytes,   19223152 total
- age   5:     142832 bytes,   19365984 total
- age   6:      98280 bytes,   19464264 total
- age   7:     246328 bytes,   19710592 total
- age   8:     180824 bytes,   19891416 total
- age   9:     104464 bytes,   19995880 total
- age  10:     189280 bytes,   20185160 total
- age  11:     362568 bytes,   20547728 total
- age  12:     341712 bytes,   20889440 total
- age  13:     264928 bytes,   21154368 total
- age  14:     192552 bytes,   21346920 total
- age  15:     438128 bytes,   21785048 total
 1501976.737: [G1Ergonomics (CSet Construction) start choosing CSet, _pending_cards: 21721, predicted base time: 8.19 ms, remaining time: 51.81 ms, target pause time: 60.00 ms]
 1501976.737: [G1Ergonomics (CSet Construction) add young regions to CSet, eden: 553 regions, survivors: 9 regions, predicted young region time: 23.46 ms]
 1501976.737: [G1Ergonomics (CSet Construction) finish choosing CSet, eden: 553 regions, survivors: 9 regions, old: 0 regions, predicted pause time: 31.64 ms, target pause time: 60.00 ms]
, 0.0197444 secs]
   [Parallel Time: 17.9 ms, GC Workers: 8]
      [GC Worker Start (ms): Min: 1501976736.9, Avg: 1501976737.0, Max: 1501976737.0, Diff: 0.1]
      [Ext Root Scanning (ms): Min: 1.1, Avg: 1.4, Max: 2.2, Diff: 1.1, Sum: 10.9]
      [Update RS (ms): Min: 4.6, Avg: 5.4, Max: 5.8, Diff: 1.2, Sum: 43.5]
         [Processed Buffers: Min: 14, Avg: 22.6, Max: 37, Diff: 23, Sum: 181]
      [Scan RS (ms): Min: 0.0, Avg: 0.1, Max: 0.1, Diff: 0.1, Sum: 0.7]
      [Code Root Scanning (ms): Min: 0.0, Avg: 0.0, Max: 0.0, Diff: 0.0, Sum: 0.0]
      [Object Copy (ms): Min: 10.7, Avg: 10.8, Max: 10.9, Diff: 0.2, Sum: 86.5]
      [Termination (ms): Min: 0.0, Avg: 0.0, Max: 0.0, Diff: 0.0, Sum: 0.0]
      [GC Worker Other (ms): Min: 0.0, Avg: 0.0, Max: 0.1, Diff: 0.1, Sum: 0.3]
      [GC Worker Total (ms): Min: 17.7, Avg: 17.8, Max: 17.8, Diff: 0.1, Sum: 142.0]
      [GC Worker End (ms): Min: 1501976754.7, Avg: 1501976754.7, Max: 1501976754.7, Diff: 0.1]
   [Code Root Fixup: 0.2 ms]
   [Code Root Purge: 0.0 ms]
   [Clear CT: 0.3 ms]
   [Other: 1.4 ms]
      [Choose CSet: 0.0 ms]
      [Ref Proc: 0.2 ms]
      [Ref Enq: 0.0 ms]
      [Redirty Cards: 0.1 ms]
      [Humongous Reclaim: 0.0 ms]
      [Free CSet: 0.6 ms]
   [Eden: 2212.0M(2212.0M)->0.0B(2212.0M) Survivors: 36.0M->36.0M Heap: 3598.6M(4500.0M)->1386.3M(4500.0M)]
Heap after GC invocations=33002 (full 0):
 garbage-first heap   total 4608000K, used 1419535K [0x00000006a6c00000, 0x00000006a7002328, 0x00000007c0000000)
  region size 4096K, 9 young (36864K), 9 survivors (36864K)
 Metaspace       used 124692K, capacity 128524K, committed 129664K, reserved 1165312K
  class space    used 13846K, capacity 14512K, committed 14720K, reserved 1048576K
}
 [Times: user=0.15 sys=0.00, real=0.02 secs] 
{Heap before GC invocations=33002 (full 0):
 garbage-first heap   total 4608000K, used 3684623K [0x00000006a6c00000, 0x00000006a7002328, 0x00000007c0000000)
  region size 4096K, 562 young (2301952K), 9 survivors (36864K)
 Metaspace       used 124692K, capacity 128524K, committed 129664K, reserved 1165312K
  class space    used 13846K, capacity 14512K, committed 14720K, reserved 1048576K
2019-04-29T01:46:31.625+0800: 1502000.844: [GC pause (G1 Evacuation Pause) (young)
Desired survivor size 148897792 bytes, new threshold 15 (max 15)
- age   1:   18181696 bytes,   18181696 total
- age   2:    2035600 bytes,   20217296 total
- age   3:     335440 bytes,   20552736 total
- age   4:     135608 bytes,   20688344 total
- age   5:     181816 bytes,   20870160 total
- age   6:     142640 bytes,   21012800 total
- age   7:      97544 bytes,   21110344 total
- age   8:     246328 bytes,   21356672 total
- age   9:     180680 bytes,   21537352 total
- age  10:     104464 bytes,   21641816 total
- age  11:     189280 bytes,   21831096 total
- age  12:     362568 bytes,   22193664 total
- age  13:     341712 bytes,   22535376 total
- age  14:     264928 bytes,   22800304 total
- age  15:     192552 bytes,   22992856 total
 1502000.844: [G1Ergonomics (CSet Construction) start choosing CSet, _pending_cards: 21803, predicted base time: 8.21 ms, remaining time: 51.79 ms, target pause time: 60.00 ms]
 1502000.844: [G1Ergonomics (CSet Construction) add young regions to CSet, eden: 553 regions, survivors: 9 regions, predicted young region time: 44.68 ms]
 1502000.844: [G1Ergonomics (CSet Construction) finish choosing CSet, eden: 553 regions, survivors: 9 regions, old: 0 regions, predicted pause time: 52.89 ms, target pause time: 60.00 ms]
, 0.0196899 secs]
   [Parallel Time: 17.5 ms, GC Workers: 8]
      [GC Worker Start (ms): Min: 1502000844.0, Avg: 1502000844.0, Max: 1502000844.0, Diff: 0.1]
      [Ext Root Scanning (ms): Min: 1.2, Avg: 1.4, Max: 2.1, Diff: 1.0, Sum: 11.0]
      [Update RS (ms): Min: 4.4, Avg: 5.2, Max: 5.5, Diff: 1.0, Sum: 41.2]
         [Processed Buffers: Min: 15, Avg: 22.2, Max: 36, Diff: 21, Sum: 178]
      [Scan RS (ms): Min: 0.0, Avg: 0.1, Max: 0.2, Diff: 0.1, Sum: 0.7]
      [Code Root Scanning (ms): Min: 0.0, Avg: 0.0, Max: 0.0, Diff: 0.0, Sum: 0.0]
      [Object Copy (ms): Min: 10.6, Avg: 10.7, Max: 10.8, Diff: 0.2, Sum: 85.6]
      [Termination (ms): Min: 0.0, Avg: 0.0, Max: 0.0, Diff: 0.0, Sum: 0.1]
      [GC Worker Other (ms): Min: 0.0, Avg: 0.0, Max: 0.1, Diff: 0.1, Sum: 0.3]
      [GC Worker Total (ms): Min: 17.3, Avg: 17.4, Max: 17.4, Diff: 0.1, Sum: 139.0]
      [GC Worker End (ms): Min: 1502000861.4, Avg: 1502000861.4, Max: 1502000861.4, Diff: 0.1]
   [Code Root Fixup: 0.3 ms]
   [Code Root Purge: 0.0 ms]
   [Clear CT: 0.3 ms]
   [Other: 1.6 ms]
      [Choose CSet: 0.0 ms]
      [Ref Proc: 0.2 ms]
      [Ref Enq: 0.0 ms]
      [Redirty Cards: 0.1 ms]
      [Humongous Reclaim: 0.0 ms]
      [Free CSet: 0.6 ms]
   [Eden: 2212.0M(2212.0M)->0.0B(2212.0M) Survivors: 36.0M->36.0M Heap: 3598.3M(4500.0M)->1386.7M(4500.0M)]
Heap after GC invocations=33003 (full 0):
 garbage-first heap   total 4608000K, used 1419992K [0x00000006a6c00000, 0x00000006a7002328, 0x00000007c0000000)
  region size 4096K, 9 young (36864K), 9 survivors (36864K)
 Metaspace       used 124692K, capacity 128524K, committed 129664K, reserved 1165312K
  class space    used 13846K, capacity 14512K, committed 14720K, reserved 1048576K
}
 [Times: user=0.11 sys=0.03, real=0.02 secs] 
{Heap before GC invocations=33003 (full 0):
 garbage-first heap   total 4608000K, used 3685080K [0x00000006a6c00000, 0x00000006a7002328, 0x00000007c0000000)
  region size 4096K, 562 young (2301952K), 9 survivors (36864K)
 Metaspace       used 124692K, capacity 128524K, committed 129664K, reserved 1165312K
  class space    used 13846K, capacity 14512K, committed 14720K, reserved 1048576K
2019-04-29T01:47:02.827+0800: 1502032.046: [GC pause (G1 Evacuation Pause) (young)
Desired survivor size 148897792 bytes, new threshold 15 (max 15)
- age   1:   16809952 bytes,   16809952 total
- age   2:    2218360 bytes,   19028312 total
- age   3:     705224 bytes,   19733536 total
- age   4:      82896 bytes,   19816432 total
- age   5:     135096 bytes,   19951528 total
- age   6:     181672 bytes,   20133200 total
- age   7:     140976 bytes,   20274176 total
- age   8:      97432 bytes,   20371608 total
- age   9:     246328 bytes,   20617936 total
- age  10:     180680 bytes,   20798616 total
- age  11:     104464 bytes,   20903080 total
- age  12:     189280 bytes,   21092360 total
- age  13:     362568 bytes,   21454928 total
- age  14:     341712 bytes,   21796640 total
- age  15:     264928 bytes,   22061568 total
 1502032.046: [G1Ergonomics (CSet Construction) start choosing CSet, _pending_cards: 22645, predicted base time: 8.39 ms, remaining time: 51.61 ms, target pause time: 60.00 ms]
 1502032.046: [G1Ergonomics (CSet Construction) add young regions to CSet, eden: 553 regions, survivors: 9 regions, predicted young region time: 38.56 ms]
 1502032.046: [G1Ergonomics (CSet Construction) finish choosing CSet, eden: 553 regions, survivors: 9 regions, old: 0 regions, predicted pause time: 46.95 ms, target pause time: 60.00 ms]
, 0.0195831 secs]
   [Parallel Time: 17.4 ms, GC Workers: 8]
      [GC Worker Start (ms): Min: 1502032046.3, Avg: 1502032046.3, Max: 1502032046.4, Diff: 0.1]
      [Ext Root Scanning (ms): Min: 1.2, Avg: 1.4, Max: 2.1, Diff: 0.9, Sum: 11.0]
      [Update RS (ms): Min: 5.0, Avg: 5.7, Max: 6.0, Diff: 1.0, Sum: 45.5]
         [Processed Buffers: Min: 16, Avg: 23.6, Max: 39, Diff: 23, Sum: 189]
      [Scan RS (ms): Min: 0.0, Avg: 0.1, Max: 0.1, Diff: 0.1, Sum: 0.6]
      [Code Root Scanning (ms): Min: 0.0, Avg: 0.0, Max: 0.0, Diff: 0.0, Sum: 0.1]
      [Object Copy (ms): Min: 10.0, Avg: 10.1, Max: 10.2, Diff: 0.2, Sum: 80.6]
      [Termination (ms): Min: 0.0, Avg: 0.0, Max: 0.0, Diff: 0.0, Sum: 0.0]
      [GC Worker Other (ms): Min: 0.0, Avg: 0.0, Max: 0.1, Diff: 0.1, Sum: 0.4]
      [GC Worker Total (ms): Min: 17.2, Avg: 17.3, Max: 17.3, Diff: 0.1, Sum: 138.2]
      [GC Worker End (ms): Min: 1502032063.6, Avg: 1502032063.6, Max: 1502032063.6, Diff: 0.0]
   [Code Root Fixup: 0.2 ms]
   [Code Root Purge: 0.0 ms]
   [Clear CT: 0.3 ms]
   [Other: 1.7 ms]
      [Choose CSet: 0.0 ms]
      [Ref Proc: 0.2 ms]
      [Ref Enq: 0.0 ms]
      [Redirty Cards: 0.1 ms]
      [Humongous Reclaim: 0.0 ms]
      [Free CSet: 0.9 ms]
   [Eden: 2212.0M(2212.0M)->0.0B(2212.0M) Survivors: 36.0M->36.0M Heap: 3598.7M(4500.0M)->1387.1M(4500.0M)]
Heap after GC invocations=33004 (full 0):
 garbage-first heap   total 4608000K, used 1420353K [0x00000006a6c00000, 0x00000006a7002328, 0x00000007c0000000)
  region size 4096K, 9 young (36864K), 9 survivors (36864K)
 Metaspace       used 124692K, capacity 128524K, committed 129664K, reserved 1165312K
  class space    used 13846K, capacity 14512K, committed 14720K, reserved 1048576K
}
 [Times: user=0.12 sys=0.03, real=0.02 secs] 
{Heap before GC invocations=33004 (full 0):
 garbage-first heap   total 4608000K, used 3685441K [0x00000006a6c00000, 0x00000006a7002328, 0x00000007c0000000)
  region size 4096K, 562 young (2301952K), 9 survivors (36864K)
 Metaspace       used 124692K, capacity 128524K, committed 129664K, reserved 1165312K
  class space    used 13846K, capacity 14512K, committed 14720K, reserved 1048576K
2019-04-29T01:47:32.155+0800: 1502061.374: [GC pause (G1 Evacuation Pause) (young)
Desired survivor size 148897792 bytes, new threshold 15 (max 15)
- age   1:   17217824 bytes,   17217824 total
- age   2:    1798344 bytes,   19016168 total
- age   3:     706688 bytes,   19722856 total
- age   4:     119736 bytes,   19842592 total
- age   5:      80840 bytes,   19923432 total
- age   6:     133952 bytes,   20057384 total
- age   7:     181336 bytes,   20238720 total
- age   8:     140976 bytes,   20379696 total
- age   9:      97208 bytes,   20476904 total
- age  10:     246216 bytes,   20723120 total
- age  11:     180568 bytes,   20903688 total
- age  12:     104464 bytes,   21008152 total
- age  13:     189280 bytes,   21197432 total
- age  14:     362568 bytes,   21560000 total
- age  15:     341712 bytes,   21901712 total
 1502061.374: [G1Ergonomics (CSet Construction) start choosing CSet, _pending_cards: 21818, predicted base time: 8.21 ms, remaining time: 51.79 ms, target pause time: 60.00 ms]
 1502061.374: [G1Ergonomics (CSet Construction) add young regions to CSet, eden: 553 regions, survivors: 9 regions, predicted young region time: 36.03 ms]
 1502061.374: [G1Ergonomics (CSet Construction) finish choosing CSet, eden: 553 regions, survivors: 9 regions, old: 0 regions, predicted pause time: 44.24 ms, target pause time: 60.00 ms]
, 0.0173761 secs]
   [Parallel Time: 15.6 ms, GC Workers: 8]
      [GC Worker Start (ms): Min: 1502061373.9, Avg: 1502061374.0, Max: 1502061374.0, Diff: 0.1]
      [Ext Root Scanning (ms): Min: 1.1, Avg: 1.3, Max: 2.1, Diff: 1.0, Sum: 10.5]
      [Update RS (ms): Min: 4.7, Avg: 5.4, Max: 5.7, Diff: 1.0, Sum: 43.6]
         [Processed Buffers: Min: 13, Avg: 22.1, Max: 34, Diff: 21, Sum: 177]
      [Scan RS (ms): Min: 0.0, Avg: 0.1, Max: 0.1, Diff: 0.1, Sum: 0.6]
      [Code Root Scanning (ms): Min: 0.0, Avg: 0.0, Max: 0.0, Diff: 0.0, Sum: 0.0]
      [Object Copy (ms): Min: 8.5, Avg: 8.6, Max: 8.6, Diff: 0.1, Sum: 68.4]
      [Termination (ms): Min: 0.0, Avg: 0.0, Max: 0.0, Diff: 0.0, Sum: 0.0]
      [GC Worker Other (ms): Min: 0.0, Avg: 0.0, Max: 0.1, Diff: 0.1, Sum: 0.4]
      [GC Worker Total (ms): Min: 15.4, Avg: 15.4, Max: 15.5, Diff: 0.1, Sum: 123.5]
      [GC Worker End (ms): Min: 1502061389.4, Avg: 1502061389.4, Max: 1502061389.4, Diff: 0.1]
   [Code Root Fixup: 0.2 ms]
   [Code Root Purge: 0.0 ms]
   [Clear CT: 0.2 ms]
   [Other: 1.4 ms]
      [Choose CSet: 0.0 ms]
      [Ref Proc: 0.2 ms]
      [Ref Enq: 0.0 ms]
      [Redirty Cards: 0.1 ms]
      [Humongous Reclaim: 0.0 ms]
      [Free CSet: 0.6 ms]
   [Eden: 2212.0M(2212.0M)->0.0B(2216.0M) Survivors: 36.0M->32.0M Heap: 3599.1M(4500.0M)->1385.5M(4500.0M)]
Heap after GC invocations=33005 (full 0):
 garbage-first heap   total 4608000K, used 1418727K [0x00000006a6c00000, 0x00000006a7002328, 0x00000007c0000000)
  region size 4096K, 8 young (32768K), 8 survivors (32768K)
 Metaspace       used 124692K, capacity 128524K, committed 129664K, reserved 1165312K
  class space    used 13846K, capacity 14512K, committed 14720K, reserved 1048576K
}
 [Times: user=0.10 sys=0.03, real=0.02 secs] 
{Heap before GC invocations=33005 (full 0):
 garbage-first heap   total 4608000K, used 3687911K [0x00000006a6c00000, 0x00000006a7002328, 0x00000007c0000000)
  region size 4096K, 562 young (2301952K), 8 survivors (32768K)
 Metaspace       used 124692K, capacity 128524K, committed 129664K, reserved 1165312K
  class space    used 13846K, capacity 14512K, committed 14720K, reserved 1048576K
2019-04-29T01:47:59.201+0800: 1502088.420: [GC pause (G1 Evacuation Pause) (young)
Desired survivor size 148897792 bytes, new threshold 15 (max 15)
- age   1:   14484744 bytes,   14484744 total
- age   2:    2371424 bytes,   16856168 total
- age   3:     382192 bytes,   17238360 total
- age   4:     328960 bytes,   17567320 total
- age   5:     119336 bytes,   17686656 total
- age   6:      78552 bytes,   17765208 total
- age   7:     132136 bytes,   17897344 total
- age   8:     178632 bytes,   18075976 total
- age   9:     140952 bytes,   18216928 total
- age  10:      97208 bytes,   18314136 total
- age  11:     246216 bytes,   18560352 total
- age  12:     180568 bytes,   18740920 total
- age  13:     104464 bytes,   18845384 total
- age  14:     189280 bytes,   19034664 total
- age  15:     362568 bytes,   19397232 total
 1502088.420: [G1Ergonomics (CSet Construction) start choosing CSet, _pending_cards: 21693, predicted base time: 8.13 ms, remaining time: 51.87 ms, target pause time: 60.00 ms]
 1502088.420: [G1Ergonomics (CSet Construction) add young regions to CSet, eden: 554 regions, survivors: 8 regions, predicted young region time: 28.24 ms]
 1502088.420: [G1Ergonomics (CSet Construction) finish choosing CSet, eden: 554 regions, survivors: 8 regions, old: 0 regions, predicted pause time: 36.37 ms, target pause time: 60.00 ms]
, 0.0187041 secs]
   [Parallel Time: 16.6 ms, GC Workers: 8]
      [GC Worker Start (ms): Min: 1502088420.3, Avg: 1502088420.4, Max: 1502088420.4, Diff: 0.1]
      [Ext Root Scanning (ms): Min: 1.1, Avg: 1.3, Max: 2.2, Diff: 1.1, Sum: 10.7]
      [Update RS (ms): Min: 4.4, Avg: 5.2, Max: 5.6, Diff: 1.1, Sum: 41.7]
         [Processed Buffers: Min: 14, Avg: 22.1, Max: 32, Diff: 18, Sum: 177]
      [Scan RS (ms): Min: 0.0, Avg: 0.1, Max: 0.1, Diff: 0.1, Sum: 0.7]
      [Code Root Scanning (ms): Min: 0.0, Avg: 0.0, Max: 0.0, Diff: 0.0, Sum: 0.0]
      [Object Copy (ms): Min: 9.8, Avg: 9.8, Max: 9.9, Diff: 0.2, Sum: 78.7]
      [Termination (ms): Min: 0.0, Avg: 0.0, Max: 0.0, Diff: 0.0, Sum: 0.0]
      [GC Worker Other (ms): Min: 0.0, Avg: 0.0, Max: 0.1, Diff: 0.1, Sum: 0.3]
      [GC Worker Total (ms): Min: 16.5, Avg: 16.5, Max: 16.6, Diff: 0.1, Sum: 132.2]
      [GC Worker End (ms): Min: 1502088436.9, Avg: 1502088436.9, Max: 1502088436.9, Diff: 0.1]
   [Code Root Fixup: 0.2 ms]
   [Code Root Purge: 0.0 ms]
   [Clear CT: 0.3 ms]
   [Other: 1.6 ms]
      [Choose CSet: 0.0 ms]
      [Ref Proc: 0.2 ms]
      [Ref Enq: 0.0 ms]
      [Redirty Cards: 0.2 ms]
      [Humongous Reclaim: 0.0 ms]
      [Free CSet: 0.7 ms]
   [Eden: 2216.0M(2216.0M)->0.0B(2212.0M) Survivors: 32.0M->36.0M Heap: 3601.5M(4500.0M)->1387.5M(4500.0M)]
Heap after GC invocations=33006 (full 0):
 garbage-first heap   total 4608000K, used 1420783K [0x00000006a6c00000, 0x00000006a7002328, 0x00000007c0000000)
  region size 4096K, 9 young (36864K), 9 survivors (36864K)
 Metaspace       used 124692K, capacity 128524K, committed 129664K, reserved 1165312K
  class space    used 13846K, capacity 14512K, committed 14720K, reserved 1048576K
}
 [Times: user=0.11 sys=0.02, real=0.02 secs] 
{Heap before GC invocations=33006 (full 0):
 garbage-first heap   total 4608000K, used 3685871K [0x00000006a6c00000, 0x00000006a7002328, 0x00000007c0000000)
  region size 4096K, 562 young (2301952K), 9 survivors (36864K)
 Metaspace       used 124692K, capacity 128524K, committed 129664K, reserved 1165312K
  class space    used 13846K, capacity 14512K, committed 14720K, reserved 1048576K
2019-04-29T01:48:26.871+0800: 1502116.090: [GC pause (G1 Evacuation Pause) (young)
Desired survivor size 148897792 bytes, new threshold 15 (max 15)
- age   1:   16281240 bytes,   16281240 total
- age   2:    2089296 bytes,   18370536 total
- age   3:     608360 bytes,   18978896 total
- age   4:     381112 bytes,   19360008 total
- age   5:     321648 bytes,   19681656 total
- age   6:     118480 bytes,   19800136 total
- age   7:      78216 bytes,   19878352 total
- age   8:     131912 bytes,   20010264 total
- age   9:     178600 bytes,   20188864 total
- age  10:     140952 bytes,   20329816 total
- age  11:      97208 bytes,   20427024 total
- age  12:     246216 bytes,   20673240 total
- age  13:     180544 bytes,   20853784 total
- age  14:     104464 bytes,   20958248 total
- age  15:     189280 bytes,   21147528 total
 1502116.090: [G1Ergonomics (CSet Construction) start choosing CSet, _pending_cards: 22456, predicted base time: 8.26 ms, remaining time: 51.74 ms, target pause time: 60.00 ms]
 1502116.090: [G1Ergonomics (CSet Construction) add young regions to CSet, eden: 553 regions, survivors: 9 regions, predicted young region time: 25.20 ms]
 1502116.090: [G1Ergonomics (CSet Construction) finish choosing CSet, eden: 553 regions, survivors: 9 regions, old: 0 regions, predicted pause time: 33.46 ms, target pause time: 60.00 ms]
, 0.0182543 secs]
   [Parallel Time: 16.4 ms, GC Workers: 8]
      [GC Worker Start (ms): Min: 1502116090.1, Avg: 1502116090.2, Max: 1502116090.2, Diff: 0.1]
      [Ext Root Scanning (ms): Min: 1.0, Avg: 1.3, Max: 1.9, Diff: 0.9, Sum: 10.1]
      [Update RS (ms): Min: 4.9, Avg: 5.3, Max: 5.5, Diff: 0.6, Sum: 42.2]
         [Processed Buffers: Min: 12, Avg: 22.0, Max: 39, Diff: 27, Sum: 176]
      [Scan RS (ms): Min: 0.0, Avg: 0.1, Max: 0.1, Diff: 0.1, Sum: 0.6]
      [Code Root Scanning (ms): Min: 0.0, Avg: 0.0, Max: 0.0, Diff: 0.0, Sum: 0.0]
      [Object Copy (ms): Min: 9.4, Avg: 9.6, Max: 9.7, Diff: 0.3, Sum: 77.0]
      [Termination (ms): Min: 0.0, Avg: 0.0, Max: 0.0, Diff: 0.0, Sum: 0.0]
      [GC Worker Other (ms): Min: 0.0, Avg: 0.1, Max: 0.1, Diff: 0.1, Sum: 0.4]
      [GC Worker Total (ms): Min: 16.2, Avg: 16.3, Max: 16.4, Diff: 0.1, Sum: 130.4]
      [GC Worker End (ms): Min: 1502116106.4, Avg: 1502116106.5, Max: 1502116106.5, Diff: 0.1]
   [Code Root Fixup: 0.2 ms]
   [Code Root Purge: 0.0 ms]
   [Clear CT: 0.3 ms]
   [Other: 1.4 ms]
      [Choose CSet: 0.0 ms]
      [Ref Proc: 0.2 ms]
      [Ref Enq: 0.0 ms]
      [Redirty Cards: 0.1 ms]
      [Humongous Reclaim: 0.0 ms]
      [Free CSet: 0.6 ms]
   [Eden: 2212.0M(2212.0M)->0.0B(2212.0M) Survivors: 36.0M->36.0M Heap: 3599.5M(4500.0M)->1388.4M(4500.0M)]
Heap after GC invocations=33007 (full 0):
 garbage-first heap   total 4608000K, used 1421691K [0x00000006a6c00000, 0x00000006a7002328, 0x00000007c0000000)
  region size 4096K, 9 young (36864K), 9 survivors (36864K)
 Metaspace       used 124692K, capacity 128524K, committed 129664K, reserved 1165312K
  class space    used 13846K, capacity 14512K, committed 14720K, reserved 1048576K
}
 [Times: user=0.11 sys=0.03, real=0.01 secs] 
{Heap before GC invocations=33007 (full 0):
 garbage-first heap   total 4608000K, used 3686779K [0x00000006a6c00000, 0x00000006a7002328, 0x00000007c0000000)
  region size 4096K, 562 young (2301952K), 9 survivors (36864K)
 Metaspace       used 124692K, capacity 128524K, committed 129664K, reserved 1165312K
  class space    used 13846K, capacity 14512K, committed 14720K, reserved 1048576K
2019-04-29T01:48:54.426+0800: 1502143.645: [GC pause (G1 Evacuation Pause) (young)
Desired survivor size 148897792 bytes, new threshold 15 (max 15)
- age   1:   16200032 bytes,   16200032 total
- age   2:    1898696 bytes,   18098728 total
- age   3:     413120 bytes,   18511848 total
- age   4:     364080 bytes,   18875928 total
- age   5:     378256 bytes,   19254184 total
- age   6:     320016 bytes,   19574200 total
- age   7:     117040 bytes,   19691240 total
- age   8:      75728 bytes,   19766968 total
- age   9:     131912 bytes,   19898880 total
- age  10:     178600 bytes,   20077480 total
- age  11:     140952 bytes,   20218432 total
- age  12:      97208 bytes,   20315640 total
- age  13:     246216 bytes,   20561856 total
- age  14:     180544 bytes,   20742400 total
- age  15:     104352 bytes,   20846752 total
 1502143.645: [G1Ergonomics (CSet Construction) start choosing CSet, _pending_cards: 21896, predicted base time: 8.01 ms, remaining time: 51.99 ms, target pause time: 60.00 ms]
 1502143.645: [G1Ergonomics (CSet Construction) add young regions to CSet, eden: 553 regions, survivors: 9 regions, predicted young region time: 21.13 ms]
 1502143.645: [G1Ergonomics (CSet Construction) finish choosing CSet, eden: 553 regions, survivors: 9 regions, old: 0 regions, predicted pause time: 29.15 ms, target pause time: 60.00 ms]
, 0.0183295 secs]
   [Parallel Time: 16.2 ms, GC Workers: 8]
      [GC Worker Start (ms): Min: 1502143645.4, Avg: 1502143645.4, Max: 1502143645.5, Diff: 0.1]
      [Ext Root Scanning (ms): Min: 1.1, Avg: 1.7, Max: 4.6, Diff: 3.5, Sum: 13.5]
      [Update RS (ms): Min: 2.4, Avg: 5.2, Max: 5.9, Diff: 3.5, Sum: 41.8]
         [Processed Buffers: Min: 15, Avg: 21.6, Max: 35, Diff: 20, Sum: 173]
      [Scan RS (ms): Min: 0.0, Avg: 0.1, Max: 0.2, Diff: 0.1, Sum: 0.7]
      [Code Root Scanning (ms): Min: 0.0, Avg: 0.0, Max: 0.0, Diff: 0.0, Sum: 0.0]
      [Object Copy (ms): Min: 9.0, Avg: 9.1, Max: 9.1, Diff: 0.2, Sum: 72.4]
      [Termination (ms): Min: 0.0, Avg: 0.0, Max: 0.0, Diff: 0.0, Sum: 0.0]
      [GC Worker Other (ms): Min: 0.0, Avg: 0.1, Max: 0.1, Diff: 0.1, Sum: 0.4]
      [GC Worker Total (ms): Min: 16.1, Avg: 16.1, Max: 16.1, Diff: 0.1, Sum: 128.8]
      [GC Worker End (ms): Min: 1502143661.5, Avg: 1502143661.5, Max: 1502143661.5, Diff: 0.1]
   [Code Root Fixup: 0.3 ms]
   [Code Root Purge: 0.0 ms]
   [Clear CT: 0.3 ms]
   [Other: 1.5 ms]
      [Choose CSet: 0.0 ms]
      [Ref Proc: 0.2 ms]
      [Ref Enq: 0.0 ms]
      [Redirty Cards: 0.2 ms]
      [Humongous Reclaim: 0.0 ms]
      [Free CSet: 0.6 ms]
   [Eden: 2212.0M(2212.0M)->0.0B(2212.0M) Survivors: 36.0M->36.0M Heap: 3600.4M(4500.0M)->1388.1M(4500.0M)]
Heap after GC invocations=33008 (full 0):
 garbage-first heap   total 4608000K, used 1421373K [0x00000006a6c00000, 0x00000006a7002328, 0x00000007c0000000)
  region size 4096K, 9 young (36864K), 9 survivors (36864K)
 Metaspace       used 124692K, capacity 128524K, committed 129664K, reserved 1165312K
  class space    used 13846K, capacity 14512K, committed 14720K, reserved 1048576K
}
 [Times: user=0.11 sys=0.03, real=0.02 secs] 
{Heap before GC invocations=33008 (full 0):
 garbage-first heap   total 4608000K, used 3686461K [0x00000006a6c00000, 0x00000006a7002328, 0x00000007c0000000)
  region size 4096K, 562 young (2301952K), 9 survivors (36864K)
 Metaspace       used 124692K, capacity 128524K, committed 129664K, reserved 1165312K
  class space    used 13846K, capacity 14512K, committed 14720K, reserved 1048576K
2019-04-29T01:49:25.039+0800: 1502174.258: [GC pause (G1 Evacuation Pause) (young)
Desired survivor size 148897792 bytes, new threshold 15 (max 15)
- age   1:   15094864 bytes,   15094864 total
- age   2:    2298056 bytes,   17392920 total
- age   3:     376784 bytes,   17769704 total
- age   4:     208064 bytes,   17977768 total
- age   5:     363360 bytes,   18341128 total
- age   6:     377776 bytes,   18718904 total
- age   7:     319280 bytes,   19038184 total
- age   8:     117040 bytes,   19155224 total
- age   9:      75616 bytes,   19230840 total
- age  10:     131912 bytes,   19362752 total
- age  11:     178600 bytes,   19541352 total
- age  12:     140952 bytes,   19682304 total
- age  13:      97208 bytes,   19779512 total
- age  14:     246216 bytes,   20025728 total
- age  15:     180544 bytes,   20206272 total
 1502174.258: [G1Ergonomics (CSet Construction) start choosing CSet, _pending_cards: 21965, predicted base time: 8.20 ms, remaining time: 51.80 ms, target pause time: 60.00 ms]
 1502174.258: [G1Ergonomics (CSet Construction) add young regions to CSet, eden: 553 regions, survivors: 9 regions, predicted young region time: 22.73 ms]
 1502174.258: [G1Ergonomics (CSet Construction) finish choosing CSet, eden: 553 regions, survivors: 9 regions, old: 0 regions, predicted pause time: 30.93 ms, target pause time: 60.00 ms]
, 0.0190527 secs]
   [Parallel Time: 16.9 ms, GC Workers: 8]
      [GC Worker Start (ms): Min: 1502174257.9, Avg: 1502174257.9, Max: 1502174258.0, Diff: 0.1]
      [Ext Root Scanning (ms): Min: 1.2, Avg: 1.4, Max: 2.2, Diff: 1.0, Sum: 11.4]
      [Update RS (ms): Min: 4.7, Avg: 5.2, Max: 5.5, Diff: 0.8, Sum: 41.7]
         [Processed Buffers: Min: 13, Avg: 22.6, Max: 48, Diff: 35, Sum: 181]
      [Scan RS (ms): Min: 0.0, Avg: 0.1, Max: 0.2, Diff: 0.1, Sum: 0.6]
      [Code Root Scanning (ms): Min: 0.0, Avg: 0.0, Max: 0.0, Diff: 0.0, Sum: 0.0]
      [Object Copy (ms): Min: 9.8, Avg: 9.9, Max: 10.0, Diff: 0.2, Sum: 79.5]
      [Termination (ms): Min: 0.0, Avg: 0.0, Max: 0.0, Diff: 0.0, Sum: 0.0]
      [GC Worker Other (ms): Min: 0.0, Avg: 0.0, Max: 0.1, Diff: 0.1, Sum: 0.4]
      [GC Worker Total (ms): Min: 16.7, Avg: 16.7, Max: 16.8, Diff: 0.1, Sum: 133.7]
      [GC Worker End (ms): Min: 1502174274.6, Avg: 1502174274.6, Max: 1502174274.6, Diff: 0.1]
   [Code Root Fixup: 0.2 ms]
   [Code Root Purge: 0.0 ms]
   [Clear CT: 0.3 ms]
   [Other: 1.7 ms]
      [Choose CSet: 0.0 ms]
      [Ref Proc: 0.4 ms]
      [Ref Enq: 0.0 ms]
      [Redirty Cards: 0.1 ms]
      [Humongous Reclaim: 0.0 ms]
      [Free CSet: 0.7 ms]
   [Eden: 2212.0M(2212.0M)->0.0B(2212.0M) Survivors: 36.0M->36.0M Heap: 3600.1M(4500.0M)->1388.8M(4500.0M)]
Heap after GC invocations=33009 (full 0):
 garbage-first heap   total 4608000K, used 1422097K [0x00000006a6c00000, 0x00000006a7002328, 0x00000007c0000000)
  region size 4096K, 9 young (36864K), 9 survivors (36864K)
 Metaspace       used 124692K, capacity 128524K, committed 129664K, reserved 1165312K
  class space    used 13846K, capacity 14512K, committed 14720K, reserved 1048576K
}
 [Times: user=0.14 sys=0.00, real=0.02 secs] 
{Heap before GC invocations=33009 (full 0):
 garbage-first heap   total 4608000K, used 3687185K [0x00000006a6c00000, 0x00000006a7002328, 0x00000007c0000000)
  region size 4096K, 562 young (2301952K), 9 survivors (36864K)
 Metaspace       used 124692K, capacity 128524K, committed 129664K, reserved 1165312K
  class space    used 13846K, capacity 14512K, committed 14720K, reserved 1048576K
2019-04-29T01:49:53.082+0800: 1502202.300: [GC pause (G1 Evacuation Pause) (young)
Desired survivor size 148897792 bytes, new threshold 15 (max 15)
- age   1:   16526744 bytes,   16526744 total
- age   2:    2152064 bytes,   18678808 total
- age   3:     562896 bytes,   19241704 total
- age   4:     192072 bytes,   19433776 total
- age   5:     207600 bytes,   19641376 total
- age   6:     362720 bytes,   20004096 total
- age   7:     376912 bytes,   20381008 total
- age   8:     319248 bytes,   20700256 total
- age   9:     117040 bytes,   20817296 total
- age  10:      75616 bytes,   20892912 total
- age  11:     131912 bytes,   21024824 total
- age  12:     178600 bytes,   21203424 total
- age  13:     140952 bytes,   21344376 total
- age  14:      97208 bytes,   21441584 total
- age  15:     246216 bytes,   21687800 total
 1502202.301: [G1Ergonomics (CSet Construction) start choosing CSet, _pending_cards: 22167, predicted base time: 8.26 ms, remaining time: 51.74 ms, target pause time: 60.00 ms]
 1502202.301: [G1Ergonomics (CSet Construction) add young regions to CSet, eden: 553 regions, survivors: 9 regions, predicted young region time: 23.28 ms]
 1502202.301: [G1Ergonomics (CSet Construction) finish choosing CSet, eden: 553 regions, survivors: 9 regions, old: 0 regions, predicted pause time: 31.53 ms, target pause time: 60.00 ms]
, 0.0188644 secs]
   [Parallel Time: 16.8 ms, GC Workers: 8]
      [GC Worker Start (ms): Min: 1502202300.8, Avg: 1502202300.9, Max: 1502202300.9, Diff: 0.1]
      [Ext Root Scanning (ms): Min: 1.2, Avg: 1.4, Max: 2.1, Diff: 0.9, Sum: 11.3]
      [Update RS (ms): Min: 4.9, Avg: 5.4, Max: 5.7, Diff: 0.7, Sum: 43.3]
         [Processed Buffers: Min: 15, Avg: 22.4, Max: 48, Diff: 33, Sum: 179]
      [Scan RS (ms): Min: 0.0, Avg: 0.1, Max: 0.2, Diff: 0.1, Sum: 0.7]
      [Code Root Scanning (ms): Min: 0.0, Avg: 0.0, Max: 0.0, Diff: 0.0, Sum: 0.0]
      [Object Copy (ms): Min: 9.6, Avg: 9.7, Max: 9.8, Diff: 0.2, Sum: 77.9]
      [Termination (ms): Min: 0.0, Avg: 0.0, Max: 0.0, Diff: 0.0, Sum: 0.0]
      [GC Worker Other (ms): Min: 0.0, Avg: 0.0, Max: 0.1, Diff: 0.1, Sum: 0.3]
      [GC Worker Total (ms): Min: 16.6, Avg: 16.7, Max: 16.7, Diff: 0.1, Sum: 133.5]
      [GC Worker End (ms): Min: 1502202317.5, Avg: 1502202317.5, Max: 1502202317.6, Diff: 0.1]
   [Code Root Fixup: 0.3 ms]
   [Code Root Purge: 0.0 ms]
   [Clear CT: 0.3 ms]
   [Other: 1.5 ms]
      [Choose CSet: 0.0 ms]
      [Ref Proc: 0.2 ms]
      [Ref Enq: 0.0 ms]
      [Redirty Cards: 0.1 ms]
      [Humongous Reclaim: 0.0 ms]
      [Free CSet: 0.7 ms]
   [Eden: 2212.0M(2212.0M)->0.0B(2212.0M) Survivors: 36.0M->36.0M Heap: 3600.8M(4500.0M)->1389.1M(4500.0M)]
Heap after GC invocations=33010 (full 0):
 garbage-first heap   total 4608000K, used 1422431K [0x00000006a6c00000, 0x00000006a7002328, 0x00000007c0000000)
  region size 4096K, 9 young (36864K), 9 survivors (36864K)
 Metaspace       used 124692K, capacity 128524K, committed 129664K, reserved 1165312K
  class space    used 13846K, capacity 14512K, committed 14720K, reserved 1048576K
}
 [Times: user=0.11 sys=0.03, real=0.02 secs] 
{Heap before GC invocations=33010 (full 0):
 garbage-first heap   total 4608000K, used 3687519K [0x00000006a6c00000, 0x00000006a7002328, 0x00000007c0000000)
  region size 4096K, 562 young (2301952K), 9 survivors (36864K)
 Metaspace       used 124692K, capacity 128524K, committed 129664K, reserved 1165312K
  class space    used 13846K, capacity 14512K, committed 14720K, reserved 1048576K
2019-04-29T01:50:13.675+0800: 1502222.894: [GC pause (G1 Evacuation Pause) (young)
Desired survivor size 148897792 bytes, new threshold 15 (max 15)
- age   1:   15890368 bytes,   15890368 total
- age   2:    2056784 bytes,   17947152 total
- age   3:     593024 bytes,   18540176 total
- age   4:     388992 bytes,   18929168 total
- age   5:     190288 bytes,   19119456 total
- age   6:     205536 bytes,   19324992 total
- age   7:     361968 bytes,   19686960 total
- age   8:     376880 bytes,   20063840 total
- age   9:     319248 bytes,   20383088 total
- age  10:     117040 bytes,   20500128 total
- age  11:      75616 bytes,   20575744 total
- age  12:     131800 bytes,   20707544 total
- age  13:     178576 bytes,   20886120 total
- age  14:     140952 bytes,   21027072 total
- age  15:      97208 bytes,   21124280 total
 1502222.894: [G1Ergonomics (CSet Construction) start choosing CSet, _pending_cards: 20836, predicted base time: 7.93 ms, remaining time: 52.07 ms, target pause time: 60.00 ms]
 1502222.894: [G1Ergonomics (CSet Construction) add young regions to CSet, eden: 553 regions, survivors: 9 regions, predicted young region time: 39.44 ms]
 1502222.894: [G1Ergonomics (CSet Construction) finish choosing CSet, eden: 553 regions, survivors: 9 regions, old: 0 regions, predicted pause time: 47.37 ms, target pause time: 60.00 ms]
, 0.0192284 secs]
   [Parallel Time: 16.9 ms, GC Workers: 8]
      [GC Worker Start (ms): Min: 1502222893.8, Avg: 1502222893.9, Max: 1502222893.9, Diff: 0.1]
      [Ext Root Scanning (ms): Min: 1.2, Avg: 1.4, Max: 2.0, Diff: 0.9, Sum: 11.1]
      [Update RS (ms): Min: 4.8, Avg: 5.3, Max: 5.5, Diff: 0.7, Sum: 42.1]
         [Processed Buffers: Min: 12, Avg: 22.4, Max: 36, Diff: 24, Sum: 179]
      [Scan RS (ms): Min: 0.0, Avg: 0.1, Max: 0.1, Diff: 0.1, Sum: 0.6]
      [Code Root Scanning (ms): Min: 0.0, Avg: 0.0, Max: 0.0, Diff: 0.0, Sum: 0.0]
      [Object Copy (ms): Min: 9.8, Avg: 10.0, Max: 10.1, Diff: 0.3, Sum: 80.2]
      [Termination (ms): Min: 0.0, Avg: 0.0, Max: 0.0, Diff: 0.0, Sum: 0.0]
      [GC Worker Other (ms): Min: 0.0, Avg: 0.1, Max: 0.1, Diff: 0.1, Sum: 0.4]
      [GC Worker Total (ms): Min: 16.7, Avg: 16.8, Max: 16.9, Diff: 0.2, Sum: 134.5]
      [GC Worker End (ms): Min: 1502222910.7, Avg: 1502222910.7, Max: 1502222910.7, Diff: 0.0]
   [Code Root Fixup: 0.2 ms]
   [Code Root Purge: 0.0 ms]
   [Clear CT: 0.3 ms]
   [Other: 1.8 ms]
      [Choose CSet: 0.0 ms]
      [Ref Proc: 0.2 ms]
      [Ref Enq: 0.0 ms]
      [Redirty Cards: 0.1 ms]
      [Humongous Reclaim: 0.0 ms]
      [Free CSet: 0.9 ms]
   [Eden: 2212.0M(2212.0M)->0.0B(2212.0M) Survivors: 36.0M->36.0M Heap: 3601.1M(4500.0M)->1388.9M(4500.0M)]
Heap after GC invocations=33011 (full 0):
 garbage-first heap   total 4608000K, used 1422202K [0x00000006a6c00000, 0x00000006a7002328, 0x00000007c0000000)
  region size 4096K, 9 young (36864K), 9 survivors (36864K)
 Metaspace       used 124692K, capacity 128524K, committed 129664K, reserved 1165312K
  class space    used 13846K, capacity 14512K, committed 14720K, reserved 1048576K
}
 [Times: user=0.14 sys=0.00, real=0.02 secs] 
{Heap before GC invocations=33011 (full 0):
 garbage-first heap   total 4608000K, used 3687290K [0x00000006a6c00000, 0x00000006a7002328, 0x00000007c0000000)
  region size 4096K, 562 young (2301952K), 9 survivors (36864K)
 Metaspace       used 124692K, capacity 128524K, committed 129664K, reserved 1165312K
  class space    used 13846K, capacity 14512K, committed 14720K, reserved 1048576K
2019-04-29T01:50:43.493+0800: 1502252.712: [GC pause (G1 Evacuation Pause) (young)
Desired survivor size 148897792 bytes, new threshold 15 (max 15)
- age   1:   15467344 bytes,   15467344 total
- age   2:    1859256 bytes,   17326600 total
- age   3:     967384 bytes,   18293984 total
- age   4:     387728 bytes,   18681712 total
- age   5:     387584 bytes,   19069296 total
- age   6:     189536 bytes,   19258832 total
- age   7:     104792 bytes,   19363624 total
- age   8:     361024 bytes,   19724648 total
- age   9:     376320 bytes,   20100968 total
- age  10:     318576 bytes,   20419544 total
- age  11:     117040 bytes,   20536584 total
- age  12:      75392 bytes,   20611976 total
- age  13:     131688 bytes,   20743664 total
- age  14:     178576 bytes,   20922240 total
- age  15:     140952 bytes,   21063192 total
 1502252.712: [G1Ergonomics (CSet Construction) start choosing CSet, _pending_cards: 22157, predicted base time: 8.31 ms, remaining time: 51.69 ms, target pause time: 60.00 ms]
 1502252.712: [G1Ergonomics (CSet Construction) add young regions to CSet, eden: 553 regions, survivors: 9 regions, predicted young region time: 32.99 ms]
 1502252.712: [G1Ergonomics (CSet Construction) finish choosing CSet, eden: 553 regions, survivors: 9 regions, old: 0 regions, predicted pause time: 41.31 ms, target pause time: 60.00 ms]
, 0.0182226 secs]
   [Parallel Time: 16.4 ms, GC Workers: 8]
      [GC Worker Start (ms): Min: 1502252712.4, Avg: 1502252712.5, Max: 1502252712.5, Diff: 0.1]
      [Ext Root Scanning (ms): Min: 1.1, Avg: 1.3, Max: 2.1, Diff: 1.0, Sum: 10.4]
      [Update RS (ms): Min: 4.7, Avg: 5.4, Max: 5.7, Diff: 1.0, Sum: 43.0]
         [Processed Buffers: Min: 15, Avg: 22.6, Max: 40, Diff: 25, Sum: 181]
      [Scan RS (ms): Min: 0.0, Avg: 0.1, Max: 0.1, Diff: 0.1, Sum: 0.6]
      [Code Root Scanning (ms): Min: 0.0, Avg: 0.0, Max: 0.0, Diff: 0.0, Sum: 0.0]
      [Object Copy (ms): Min: 9.3, Avg: 9.4, Max: 9.5, Diff: 0.2, Sum: 75.6]
      [Termination (ms): Min: 0.0, Avg: 0.0, Max: 0.0, Diff: 0.0, Sum: 0.0]
      [GC Worker Other (ms): Min: 0.0, Avg: 0.0, Max: 0.1, Diff: 0.0, Sum: 0.3]
      [GC Worker Total (ms): Min: 16.2, Avg: 16.2, Max: 16.3, Diff: 0.1, Sum: 129.9]
      [GC Worker End (ms): Min: 1502252728.7, Avg: 1502252728.7, Max: 1502252728.7, Diff: 0.0]
   [Code Root Fixup: 0.2 ms]
   [Code Root Purge: 0.0 ms]
   [Clear CT: 0.3 ms]
   [Other: 1.4 ms]
      [Choose CSet: 0.0 ms]
      [Ref Proc: 0.2 ms]
      [Ref Enq: 0.0 ms]
      [Redirty Cards: 0.1 ms]
      [Humongous Reclaim: 0.0 ms]
      [Free CSet: 0.6 ms]
   [Eden: 2212.0M(2212.0M)->0.0B(2212.0M) Survivors: 36.0M->36.0M Heap: 3600.9M(4500.0M)->1389.5M(4500.0M)]
Heap after GC invocations=33012 (full 0):
 garbage-first heap   total 4608000K, used 1422826K [0x00000006a6c00000, 0x00000006a7002328, 0x00000007c0000000)
  region size 4096K, 9 young (36864K), 9 survivors (36864K)
 Metaspace       used 124692K, capacity 128524K, committed 129664K, reserved 1165312K
  class space    used 13846K, capacity 14512K, committed 14720K, reserved 1048576K
}
 [Times: user=0.11 sys=0.02, real=0.02 secs] 
{Heap before GC invocations=33012 (full 0):
 garbage-first heap   total 4608000K, used 3687914K [0x00000006a6c00000, 0x00000006a7002328, 0x00000007c0000000)
  region size 4096K, 562 young (2301952K), 9 survivors (36864K)
 Metaspace       used 124692K, capacity 128524K, committed 129664K, reserved 1165312K
  class space    used 13846K, capacity 14512K, committed 14720K, reserved 1048576K
2019-04-29T01:51:09.480+0800: 1502278.699: [GC pause (G1 Evacuation Pause) (young)
Desired survivor size 148897792 bytes, new threshold 15 (max 15)
- age   1:   15594696 bytes,   15594696 total
- age   2:    1785712 bytes,   17380408 total
- age   3:     766568 bytes,   18146976 total
- age   4:     141424 bytes,   18288400 total
- age   5:     387536 bytes,   18675936 total
- age   6:     386296 bytes,   19062232 total
- age   7:     189312 bytes,   19251544 total
- age   8:     104680 bytes,   19356224 total
- age   9:     360352 bytes,   19716576 total
- age  10:     375984 bytes,   20092560 total
- age  11:     318240 bytes,   20410800 total
- age  12:     116928 bytes,   20527728 total
- age  13:      75056 bytes,   20602784 total
- age  14:     131688 bytes,   20734472 total
- age  15:     178576 bytes,   20913048 total
 1502278.699: [G1Ergonomics (CSet Construction) start choosing CSet, _pending_cards: 21229, predicted base time: 7.99 ms, remaining time: 52.01 ms, target pause time: 60.00 ms]
 1502278.699: [G1Ergonomics (CSet Construction) add young regions to CSet, eden: 553 regions, survivors: 9 regions, predicted young region time: 34.13 ms]
 1502278.699: [G1Ergonomics (CSet Construction) finish choosing CSet, eden: 553 regions, survivors: 9 regions, old: 0 regions, predicted pause time: 42.12 ms, target pause time: 60.00 ms]
, 0.0216165 secs]
   [Parallel Time: 19.6 ms, GC Workers: 8]
      [GC Worker Start (ms): Min: 1502278698.8, Avg: 1502278698.9, Max: 1502278698.9, Diff: 0.1]
      [Ext Root Scanning (ms): Min: 1.0, Avg: 1.3, Max: 2.0, Diff: 1.0, Sum: 10.2]
      [Update RS (ms): Min: 4.5, Avg: 5.1, Max: 5.4, Diff: 0.9, Sum: 40.6]
         [Processed Buffers: Min: 13, Avg: 22.4, Max: 36, Diff: 23, Sum: 179]
      [Scan RS (ms): Min: 0.0, Avg: 0.1, Max: 0.1, Diff: 0.1, Sum: 0.6]
      [Code Root Scanning (ms): Min: 0.0, Avg: 0.0, Max: 0.0, Diff: 0.0, Sum: 0.0]
      [Object Copy (ms): Min: 12.9, Avg: 13.0, Max: 13.1, Diff: 0.2, Sum: 103.8]
      [Termination (ms): Min: 0.0, Avg: 0.0, Max: 0.0, Diff: 0.0, Sum: 0.1]
      [GC Worker Other (ms): Min: 0.0, Avg: 0.0, Max: 0.1, Diff: 0.0, Sum: 0.3]
      [GC Worker Total (ms): Min: 19.4, Avg: 19.5, Max: 19.5, Diff: 0.1, Sum: 155.7]
      [GC Worker End (ms): Min: 1502278718.3, Avg: 1502278718.3, Max: 1502278718.3, Diff: 0.0]
   [Code Root Fixup: 0.2 ms]
   [Code Root Purge: 0.0 ms]
   [Clear CT: 0.3 ms]
   [Other: 1.5 ms]
      [Choose CSet: 0.0 ms]
      [Ref Proc: 0.2 ms]
      [Ref Enq: 0.0 ms]
      [Redirty Cards: 0.2 ms]
      [Humongous Reclaim: 0.0 ms]
      [Free CSet: 0.6 ms]
   [Eden: 2212.0M(2212.0M)->0.0B(2200.0M) Survivors: 36.0M->48.0M Heap: 3601.5M(4500.0M)->1402.7M(4500.0M)]
Heap after GC invocations=33013 (full 0):
 garbage-first heap   total 4608000K, used 1436373K [0x00000006a6c00000, 0x00000006a7002328, 0x00000007c0000000)
  region size 4096K, 12 young (49152K), 12 survivors (49152K)
 Metaspace       used 124692K, capacity 128524K, committed 129664K, reserved 1165312K
  class space    used 13846K, capacity 14512K, committed 14720K, reserved 1048576K
}
 [Times: user=0.13 sys=0.03, real=0.02 secs] 
{Heap before GC invocations=33013 (full 0):
 garbage-first heap   total 4608000K, used 3689173K [0x00000006a6c00000, 0x00000006a7002328, 0x00000007c0000000)
  region size 4096K, 562 young (2301952K), 12 survivors (49152K)
 Metaspace       used 124692K, capacity 128524K, committed 129664K, reserved 1165312K
  class space    used 13846K, capacity 14512K, committed 14720K, reserved 1048576K
2019-04-29T01:51:31.969+0800: 1502301.188: [GC pause (G1 Evacuation Pause) (young)
Desired survivor size 148897792 bytes, new threshold 15 (max 15)
- age   1:   23157200 bytes,   23157200 total
- age   2:    2347760 bytes,   25504960 total
- age   3:     474976 bytes,   25979936 total
- age   4:     152776 bytes,   26132712 total
- age   5:     134632 bytes,   26267344 total
- age   6:     386800 bytes,   26654144 total
- age   7:     385928 bytes,   27040072 total
- age   8:     188944 bytes,   27229016 total
- age   9:     104536 bytes,   27333552 total
- age  10:     360016 bytes,   27693568 total
- age  11:     375984 bytes,   28069552 total
- age  12:     318240 bytes,   28387792 total
- age  13:     102440 bytes,   28490232 total
- age  14:      75056 bytes,   28565288 total
- age  15:     131688 bytes,   28696976 total
 1502301.188: [G1Ergonomics (CSet Construction) start choosing CSet, _pending_cards: 21222, predicted base time: 7.93 ms, remaining time: 52.07 ms, target pause time: 60.00 ms]
 1502301.188: [G1Ergonomics (CSet Construction) add young regions to CSet, eden: 550 regions, survivors: 12 regions, predicted young region time: 82.89 ms]
 1502301.188: [G1Ergonomics (CSet Construction) finish choosing CSet, eden: 550 regions, survivors: 12 regions, old: 0 regions, predicted pause time: 90.82 ms, target pause time: 60.00 ms]
, 0.0194919 secs]
   [Parallel Time: 17.4 ms, GC Workers: 8]
      [GC Worker Start (ms): Min: 1502301188.2, Avg: 1502301188.2, Max: 1502301188.3, Diff: 0.1]
      [Ext Root Scanning (ms): Min: 1.1, Avg: 1.6, Max: 4.3, Diff: 3.2, Sum: 12.7]
      [Update RS (ms): Min: 2.5, Avg: 5.1, Max: 5.8, Diff: 3.3, Sum: 40.7]
         [Processed Buffers: Min: 13, Avg: 22.2, Max: 36, Diff: 23, Sum: 178]
      [Scan RS (ms): Min: 0.0, Avg: 0.1, Max: 0.1, Diff: 0.1, Sum: 0.6]
      [Code Root Scanning (ms): Min: 0.0, Avg: 0.0, Max: 0.0, Diff: 0.0, Sum: 0.0]
      [Object Copy (ms): Min: 10.3, Avg: 10.4, Max: 10.5, Diff: 0.2, Sum: 83.6]
      [Termination (ms): Min: 0.0, Avg: 0.0, Max: 0.0, Diff: 0.0, Sum: 0.0]
      [GC Worker Other (ms): Min: 0.0, Avg: 0.0, Max: 0.1, Diff: 0.1, Sum: 0.4]
      [GC Worker Total (ms): Min: 17.2, Avg: 17.3, Max: 17.3, Diff: 0.1, Sum: 138.1]
      [GC Worker End (ms): Min: 1502301205.5, Avg: 1502301205.5, Max: 1502301205.5, Diff: 0.1]
   [Code Root Fixup: 0.3 ms]
   [Code Root Purge: 0.0 ms]
   [Clear CT: 0.3 ms]
   [Other: 1.5 ms]
      [Choose CSet: 0.0 ms]
      [Ref Proc: 0.3 ms]
      [Ref Enq: 0.0 ms]
      [Redirty Cards: 0.1 ms]
      [Humongous Reclaim: 0.0 ms]
      [Free CSet: 0.6 ms]
   [Eden: 2200.0M(2200.0M)->0.0B(2212.0M) Survivors: 48.0M->36.0M Heap: 3602.7M(4500.0M)->1389.9M(4500.0M)]
Heap after GC invocations=33014 (full 0):
 garbage-first heap   total 4608000K, used 1423263K [0x00000006a6c00000, 0x00000006a7002328, 0x00000007c0000000)
  region size 4096K, 9 young (36864K), 9 survivors (36864K)
 Metaspace       used 124692K, capacity 128524K, committed 129664K, reserved 1165312K
  class space    used 13846K, capacity 14512K, committed 14720K, reserved 1048576K
}
 [Times: user=0.11 sys=0.03, real=0.02 secs] 
{Heap before GC invocations=33014 (full 0):
 garbage-first heap   total 4608000K, used 3688351K [0x00000006a6c00000, 0x00000006a7002328, 0x00000007c0000000)
  region size 4096K, 562 young (2301952K), 9 survivors (36864K)
 Metaspace       used 124692K, capacity 128524K, committed 129664K, reserved 1165312K
  class space    used 13846K, capacity 14512K, committed 14720K, reserved 1048576K
2019-04-29T01:51:57.161+0800: 1502326.380: [GC pause (G1 Evacuation Pause) (young)
Desired survivor size 148897792 bytes, new threshold 15 (max 15)
- age   1:   16576584 bytes,   16576584 total
- age   2:    1935144 bytes,   18511728 total
- age   3:     998040 bytes,   19509768 total
- age   4:     258064 bytes,   19767832 total
- age   5:     152408 bytes,   19920240 total
- age   6:     133752 bytes,   20053992 total
- age   7:     386800 bytes,   20440792 total
- age   8:     385568 bytes,   20826360 total
- age   9:     188944 bytes,   21015304 total
- age  10:     104424 bytes,   21119728 total
- age  11:     359792 bytes,   21479520 total
- age  12:     375984 bytes,   21855504 total
- age  13:     318240 bytes,   22173744 total
- age  14:     100784 bytes,   22274528 total
- age  15:      75056 bytes,   22349584 total
 1502326.380: [G1Ergonomics (CSet Construction) start choosing CSet, _pending_cards: 21054, predicted base time: 8.00 ms, remaining time: 52.00 ms, target pause time: 60.00 ms]
 1502326.380: [G1Ergonomics (CSet Construction) add young regions to CSet, eden: 553 regions, survivors: 9 regions, predicted young region time: 67.35 ms]
 1502326.380: [G1Ergonomics (CSet Construction) finish choosing CSet, eden: 553 regions, survivors: 9 regions, old: 0 regions, predicted pause time: 75.36 ms, target pause time: 60.00 ms]
, 0.0190148 secs]
   [Parallel Time: 17.1 ms, GC Workers: 8]
      [GC Worker Start (ms): Min: 1502326380.4, Avg: 1502326380.4, Max: 1502326380.5, Diff: 0.1]
      [Ext Root Scanning (ms): Min: 1.1, Avg: 1.4, Max: 2.4, Diff: 1.2, Sum: 10.8]
      [Update RS (ms): Min: 4.3, Avg: 5.2, Max: 5.6, Diff: 1.3, Sum: 41.6]
         [Processed Buffers: Min: 15, Avg: 21.9, Max: 37, Diff: 22, Sum: 175]
      [Scan RS (ms): Min: 0.0, Avg: 0.1, Max: 0.1, Diff: 0.1, Sum: 0.6]
      [Code Root Scanning (ms): Min: 0.0, Avg: 0.0, Max: 0.0, Diff: 0.0, Sum: 0.0]
      [Object Copy (ms): Min: 10.0, Avg: 10.1, Max: 10.2, Diff: 0.2, Sum: 81.0]
      [Termination (ms): Min: 0.0, Avg: 0.0, Max: 0.0, Diff: 0.0, Sum: 0.0]
      [GC Worker Other (ms): Min: 0.0, Avg: 0.0, Max: 0.1, Diff: 0.0, Sum: 0.3]
      [GC Worker Total (ms): Min: 16.8, Avg: 16.8, Max: 16.8, Diff: 0.1, Sum: 134.4]
      [GC Worker End (ms): Min: 1502326397.2, Avg: 1502326397.2, Max: 1502326397.3, Diff: 0.1]
   [Code Root Fixup: 0.3 ms]
   [Code Root Purge: 0.0 ms]
   [Clear CT: 0.3 ms]
   [Other: 1.4 ms]
      [Choose CSet: 0.0 ms]
      [Ref Proc: 0.2 ms]
      [Ref Enq: 0.0 ms]
      [Redirty Cards: 0.1 ms]
      [Humongous Reclaim: 0.0 ms]
      [Free CSet: 0.6 ms]
   [Eden: 2212.0M(2212.0M)->0.0B(2212.0M) Survivors: 36.0M->36.0M Heap: 3601.9M(4500.0M)->1390.0M(4500.0M)]
Heap after GC invocations=33015 (full 0):
 garbage-first heap   total 4608000K, used 1423392K [0x00000006a6c00000, 0x00000006a7002328, 0x00000007c0000000)
  region size 4096K, 9 young (36864K), 9 survivors (36864K)
 Metaspace       used 124692K, capacity 128524K, committed 129664K, reserved 1165312K
  class space    used 13846K, capacity 14512K, committed 14720K, reserved 1048576K
}
 [Times: user=0.10 sys=0.03, real=0.02 secs] 
{Heap before GC invocations=33015 (full 0):
 garbage-first heap   total 4608000K, used 3688480K [0x00000006a6c00000, 0x00000006a7002328, 0x00000007c0000000)
  region size 4096K, 562 young (2301952K), 9 survivors (36864K)
 Metaspace       used 124692K, capacity 128524K, committed 129664K, reserved 1165312K
  class space    used 13846K, capacity 14512K, committed 14720K, reserved 1048576K
2019-04-29T01:52:27.901+0800: 1502357.120: [GC pause (G1 Evacuation Pause) (young)
Desired survivor size 148897792 bytes, new threshold 15 (max 15)
- age   1:   16391216 bytes,   16391216 total
- age   2:    2226128 bytes,   18617344 total
- age   3:     851656 bytes,   19469000 total
- age   4:     346896 bytes,   19815896 total
- age   5:     256656 bytes,   20072552 total
- age   6:     150232 bytes,   20222784 total
- age   7:     133752 bytes,   20356536 total
- age   8:     386800 bytes,   20743336 total
- age   9:     385568 bytes,   21128904 total
- age  10:     188944 bytes,   21317848 total
- age  11:     104400 bytes,   21422248 total
- age  12:     359568 bytes,   21781816 total
- age  13:     375984 bytes,   22157800 total
- age  14:     318240 bytes,   22476040 total
- age  15:      95728 bytes,   22571768 total
 1502357.120: [G1Ergonomics (CSet Construction) start choosing CSet, _pending_cards: 21662, predicted base time: 8.17 ms, remaining time: 51.83 ms, target pause time: 60.00 ms]
 1502357.120: [G1Ergonomics (CSet Construction) add young regions to CSet, eden: 553 regions, survivors: 9 regions, predicted young region time: 57.68 ms]
 1502357.120: [G1Ergonomics (CSet Construction) finish choosing CSet, eden: 553 regions, survivors: 9 regions, old: 0 regions, predicted pause time: 65.86 ms, target pause time: 60.00 ms]
, 0.0219247 secs]
   [Parallel Time: 19.7 ms, GC Workers: 8]
      [GC Worker Start (ms): Min: 1502357120.6, Avg: 1502357120.7, Max: 1502357120.7, Diff: 0.1]
      [Ext Root Scanning (ms): Min: 1.2, Avg: 1.5, Max: 2.2, Diff: 0.9, Sum: 11.9]
      [Update RS (ms): Min: 5.1, Avg: 5.7, Max: 6.0, Diff: 0.9, Sum: 45.6]
         [Processed Buffers: Min: 13, Avg: 22.5, Max: 53, Diff: 40, Sum: 180]
      [Scan RS (ms): Min: 0.0, Avg: 0.1, Max: 0.1, Diff: 0.1, Sum: 0.6]
      [Code Root Scanning (ms): Min: 0.0, Avg: 0.0, Max: 0.0, Diff: 0.0, Sum: 0.0]
      [Object Copy (ms): Min: 12.1, Avg: 12.2, Max: 12.3, Diff: 0.1, Sum: 97.8]
      [Termination (ms): Min: 0.0, Avg: 0.0, Max: 0.0, Diff: 0.0, Sum: 0.0]
      [GC Worker Other (ms): Min: 0.1, Avg: 0.1, Max: 0.1, Diff: 0.0, Sum: 0.5]
      [GC Worker Total (ms): Min: 19.5, Avg: 19.6, Max: 19.6, Diff: 0.1, Sum: 156.5]
      [GC Worker End (ms): Min: 1502357140.2, Avg: 1502357140.2, Max: 1502357140.3, Diff: 0.1]
   [Code Root Fixup: 0.2 ms]
   [Code Root Purge: 0.0 ms]
   [Clear CT: 0.2 ms]
   [Other: 1.8 ms]
      [Choose CSet: 0.0 ms]
      [Ref Proc: 0.2 ms]
      [Ref Enq: 0.0 ms]
      [Redirty Cards: 0.1 ms]
      [Humongous Reclaim: 0.0 ms]
      [Free CSet: 0.9 ms]
   [Eden: 2212.0M(2212.0M)->0.0B(2212.0M) Survivors: 36.0M->36.0M Heap: 3602.0M(4500.0M)->1390.1M(4500.0M)]
Heap after GC invocations=33016 (full 0):
 garbage-first heap   total 4608000K, used 1423511K [0x00000006a6c00000, 0x00000006a7002328, 0x00000007c0000000)
  region size 4096K, 9 young (36864K), 9 survivors (36864K)
 Metaspace       used 124692K, capacity 128524K, committed 129664K, reserved 1165312K
  class space    used 13846K, capacity 14512K, committed 14720K, reserved 1048576K
}
 [Times: user=0.13 sys=0.04, real=0.02 secs] 
{Heap before GC invocations=33016 (full 0):
 garbage-first heap   total 4608000K, used 3688599K [0x00000006a6c00000, 0x00000006a7002328, 0x00000007c0000000)
  region size 4096K, 562 young (2301952K), 9 survivors (36864K)
 Metaspace       used 124692K, capacity 128524K, committed 129664K, reserved 1165312K
  class space    used 13846K, capacity 14512K, committed 14720K, reserved 1048576K
2019-04-29T01:52:59.607+0800: 1502388.826: [GC pause (G1 Evacuation Pause) (young)
Desired survivor size 148897792 bytes, new threshold 15 (max 15)
- age   1:   18827552 bytes,   18827552 total
- age   2:    2315952 bytes,   21143504 total
- age   3:     973992 bytes,   22117496 total
- age   4:     188960 bytes,   22306456 total
- age   5:     344520 bytes,   22650976 total
- age   6:     255264 bytes,   22906240 total
- age   7:     148728 bytes,   23054968 total
- age   8:     133464 bytes,   23188432 total
- age   9:     386800 bytes,   23575232 total
- age  10:     385568 bytes,   23960800 total
- age  11:     188944 bytes,   24149744 total
- age  12:     104400 bytes,   24254144 total
- age  13:     359568 bytes,   24613712 total
- age  14:     375984 bytes,   24989696 total
- age  15:     318240 bytes,   25307936 total
 1502388.826: [G1Ergonomics (CSet Construction) start choosing CSet, _pending_cards: 22429, predicted base time: 8.53 ms, remaining time: 51.47 ms, target pause time: 60.00 ms]
 1502388.826: [G1Ergonomics (CSet Construction) add young regions to CSet, eden: 553 regions, survivors: 9 regions, predicted young region time: 138.47 ms]
 1502388.826: [G1Ergonomics (CSet Construction) finish choosing CSet, eden: 553 regions, survivors: 9 regions, old: 0 regions, predicted pause time: 147.00 ms, target pause time: 60.00 ms]
, 0.0199680 secs]
   [Parallel Time: 17.8 ms, GC Workers: 8]
      [GC Worker Start (ms): Min: 1502388825.9, Avg: 1502388826.0, Max: 1502388826.0, Diff: 0.1]
      [Ext Root Scanning (ms): Min: 1.1, Avg: 1.3, Max: 2.0, Diff: 0.9, Sum: 10.8]
      [Update RS (ms): Min: 5.0, Avg: 5.5, Max: 5.8, Diff: 0.8, Sum: 43.8]
         [Processed Buffers: Min: 13, Avg: 22.2, Max: 31, Diff: 18, Sum: 178]
      [Scan RS (ms): Min: 0.0, Avg: 0.1, Max: 0.1, Diff: 0.1, Sum: 0.6]
      [Code Root Scanning (ms): Min: 0.0, Avg: 0.0, Max: 0.0, Diff: 0.0, Sum: 0.0]
      [Object Copy (ms): Min: 10.5, Avg: 10.7, Max: 10.8, Diff: 0.3, Sum: 85.6]
      [Termination (ms): Min: 0.0, Avg: 0.0, Max: 0.0, Diff: 0.0, Sum: 0.1]
      [GC Worker Other (ms): Min: 0.0, Avg: 0.0, Max: 0.1, Diff: 0.1, Sum: 0.3]
      [GC Worker Total (ms): Min: 17.6, Avg: 17.7, Max: 17.7, Diff: 0.1, Sum: 141.3]
      [GC Worker End (ms): Min: 1502388843.6, Avg: 1502388843.6, Max: 1502388843.6, Diff: 0.0]
   [Code Root Fixup: 0.3 ms]
   [Code Root Purge: 0.0 ms]
   [Clear CT: 0.4 ms]
   [Other: 1.5 ms]
      [Choose CSet: 0.0 ms]
      [Ref Proc: 0.2 ms]
      [Ref Enq: 0.0 ms]
      [Redirty Cards: 0.1 ms]
      [Humongous Reclaim: 0.0 ms]
      [Free CSet: 0.7 ms]
   [Eden: 2212.0M(2212.0M)->0.0B(2212.0M) Survivors: 36.0M->36.0M Heap: 3602.1M(4500.0M)->1390.5M(4500.0M)]
Heap after GC invocations=33017 (full 0):
 garbage-first heap   total 4608000K, used 1423858K [0x00000006a6c00000, 0x00000006a7002328, 0x00000007c0000000)
  region size 4096K, 9 young (36864K), 9 survivors (36864K)
 Metaspace       used 124692K, capacity 128524K, committed 129664K, reserved 1165312K
  class space    used 13846K, capacity 14512K, committed 14720K, reserved 1048576K
}
 [Times: user=0.11 sys=0.03, real=0.02 secs] 
{Heap before GC invocations=33017 (full 0):
 garbage-first heap   total 4608000K, used 3688946K [0x00000006a6c00000, 0x00000006a7002328, 0x00000007c0000000)
  region size 4096K, 562 young (2301952K), 9 survivors (36864K)
 Metaspace       used 124692K, capacity 128524K, committed 129664K, reserved 1165312K
  class space    used 13846K, capacity 14512K, committed 14720K, reserved 1048576K
2019-04-29T01:53:27.661+0800: 1502416.879: [GC pause (G1 Evacuation Pause) (young)
Desired survivor size 148897792 bytes, new threshold 15 (max 15)
- age   1:   17003192 bytes,   17003192 total
- age   2:    2173232 bytes,   19176424 total
- age   3:     285944 bytes,   19462368 total
- age   4:     582696 bytes,   20045064 total
- age   5:     181384 bytes,   20226448 total
- age   6:     343664 bytes,   20570112 total
- age   7:     253856 bytes,   20823968 total
- age   8:     148360 bytes,   20972328 total
- age   9:     133432 bytes,   21105760 total
- age  10:     386800 bytes,   21492560 total
- age  11:     385568 bytes,   21878128 total
- age  12:     188944 bytes,   22067072 total
- age  13:     104400 bytes,   22171472 total
- age  14:     359536 bytes,   22531008 total
- age  15:     375984 bytes,   22906992 total
 1502416.880: [G1Ergonomics (CSet Construction) start choosing CSet, _pending_cards: 22285, predicted base time: 8.44 ms, remaining time: 51.56 ms, target pause time: 60.00 ms]
 1502416.880: [G1Ergonomics (CSet Construction) add young regions to CSet, eden: 553 regions, survivors: 9 regions, predicted young region time: 112.25 ms]
 1502416.880: [G1Ergonomics (CSet Construction) finish choosing CSet, eden: 553 regions, survivors: 9 regions, old: 0 regions, predicted pause time: 120.70 ms, target pause time: 60.00 ms]
, 0.0187294 secs]
   [Parallel Time: 16.8 ms, GC Workers: 8]
      [GC Worker Start (ms): Min: 1502416879.7, Avg: 1502416879.8, Max: 1502416879.8, Diff: 0.1]
      [Ext Root Scanning (ms): Min: 1.0, Avg: 1.3, Max: 2.0, Diff: 1.0, Sum: 10.3]
      [Update RS (ms): Min: 4.6, Avg: 5.2, Max: 5.6, Diff: 1.0, Sum: 41.8]
         [Processed Buffers: Min: 15, Avg: 22.2, Max: 46, Diff: 31, Sum: 178]
      [Scan RS (ms): Min: 0.0, Avg: 0.1, Max: 0.1, Diff: 0.1, Sum: 0.7]
      [Code Root Scanning (ms): Min: 0.0, Avg: 0.0, Max: 0.0, Diff: 0.0, Sum: 0.0]
      [Object Copy (ms): Min: 10.0, Avg: 10.1, Max: 10.1, Diff: 0.1, Sum: 80.5]
      [Termination (ms): Min: 0.0, Avg: 0.0, Max: 0.0, Diff: 0.0, Sum: 0.1]
      [GC Worker Other (ms): Min: 0.0, Avg: 0.0, Max: 0.1, Diff: 0.1, Sum: 0.3]
      [GC Worker Total (ms): Min: 16.6, Avg: 16.7, Max: 16.8, Diff: 0.1, Sum: 133.6]
      [GC Worker End (ms): Min: 1502416896.5, Avg: 1502416896.5, Max: 1502416896.5, Diff: 0.1]
   [Code Root Fixup: 0.2 ms]
   [Code Root Purge: 0.0 ms]
   [Clear CT: 0.3 ms]
   [Other: 1.4 ms]
      [Choose CSet: 0.0 ms]
      [Ref Proc: 0.2 ms]
      [Ref Enq: 0.0 ms]
      [Redirty Cards: 0.1 ms]
      [Humongous Reclaim: 0.0 ms]
      [Free CSet: 0.6 ms]
   [Eden: 2212.0M(2212.0M)->0.0B(2212.0M) Survivors: 36.0M->36.0M Heap: 3602.5M(4500.0M)->1391.0M(4500.0M)]
Heap after GC invocations=33018 (full 0):
 garbage-first heap   total 4608000K, used 1424399K [0x00000006a6c00000, 0x00000006a7002328, 0x00000007c0000000)
  region size 4096K, 9 young (36864K), 9 survivors (36864K)
 Metaspace       used 124692K, capacity 128524K, committed 129664K, reserved 1165312K
  class space    used 13846K, capacity 14512K, committed 14720K, reserved 1048576K
}
 [Times: user=0.11 sys=0.03, real=0.01 secs] 
{Heap before GC invocations=33018 (full 0):
 garbage-first heap   total 4608000K, used 3689487K [0x00000006a6c00000, 0x00000006a7002328, 0x00000007c0000000)
  region size 4096K, 562 young (2301952K), 9 survivors (36864K)
 Metaspace       used 124692K, capacity 128524K, committed 129664K, reserved 1165312K
  class space    used 13846K, capacity 14512K, committed 14720K, reserved 1048576K
2019-04-29T01:53:53.467+0800: 1502442.686: [GC pause (G1 Evacuation Pause) (young)
Desired survivor size 148897792 bytes, new threshold 15 (max 15)
- age   1:   15489320 bytes,   15489320 total
- age   2:    2196424 bytes,   17685744 total
- age   3:     310128 bytes,   17995872 total
- age   4:     283088 bytes,   18278960 total
- age   5:     581848 bytes,   18860808 total
- age   6:     180216 bytes,   19041024 total
- age   7:     342360 bytes,   19383384 total
- age   8:     253744 bytes,   19637128 total
- age   9:     148360 bytes,   19785488 total
- age  10:     133432 bytes,   19918920 total
- age  11:     386800 bytes,   20305720 total
- age  12:     385568 bytes,   20691288 total
- age  13:     188944 bytes,   20880232 total
- age  14:     104400 bytes,   20984632 total
- age  15:     359536 bytes,   21344168 total
 1502442.686: [G1Ergonomics (CSet Construction) start choosing CSet, _pending_cards: 21785, predicted base time: 8.17 ms, remaining time: 51.83 ms, target pause time: 60.00 ms]
 1502442.686: [G1Ergonomics (CSet Construction) add young regions to CSet, eden: 553 regions, survivors: 9 regions, predicted young region time: 86.66 ms]
 1502442.686: [G1Ergonomics (CSet Construction) finish choosing CSet, eden: 553 regions, survivors: 9 regions, old: 0 regions, predicted pause time: 94.83 ms, target pause time: 60.00 ms]
, 0.0192343 secs]
   [Parallel Time: 17.3 ms, GC Workers: 8]
      [GC Worker Start (ms): Min: 1502442686.0, Avg: 1502442686.1, Max: 1502442686.1, Diff: 0.1]
      [Ext Root Scanning (ms): Min: 1.0, Avg: 1.6, Max: 4.5, Diff: 3.5, Sum: 12.6]
      [Update RS (ms): Min: 2.6, Avg: 5.3, Max: 6.0, Diff: 3.4, Sum: 42.7]
         [Processed Buffers: Min: 13, Avg: 22.8, Max: 35, Diff: 22, Sum: 182]
      [Scan RS (ms): Min: 0.0, Avg: 0.1, Max: 0.2, Diff: 0.1, Sum: 0.7]
      [Code Root Scanning (ms): Min: 0.0, Avg: 0.0, Max: 0.0, Diff: 0.0, Sum: 0.0]
      [Object Copy (ms): Min: 9.9, Avg: 10.0, Max: 10.1, Diff: 0.2, Sum: 80.2]
      [Termination (ms): Min: 0.0, Avg: 0.0, Max: 0.0, Diff: 0.0, Sum: 0.0]
      [GC Worker Other (ms): Min: 0.0, Avg: 0.0, Max: 0.1, Diff: 0.1, Sum: 0.3]
      [GC Worker Total (ms): Min: 17.0, Avg: 17.1, Max: 17.1, Diff: 0.1, Sum: 136.5]
      [GC Worker End (ms): Min: 1502442703.1, Avg: 1502442703.1, Max: 1502442703.2, Diff: 0.1]
   [Code Root Fixup: 0.2 ms]
   [Code Root Purge: 0.0 ms]
   [Clear CT: 0.3 ms]
   [Other: 1.5 ms]
      [Choose CSet: 0.0 ms]
      [Ref Proc: 0.3 ms]
      [Ref Enq: 0.0 ms]
      [Redirty Cards: 0.1 ms]
      [Humongous Reclaim: 0.0 ms]
      [Free CSet: 0.7 ms]
   [Eden: 2212.0M(2212.0M)->0.0B(2212.0M) Survivors: 36.0M->36.0M Heap: 3603.0M(4500.0M)->1391.2M(4500.0M)]
Heap after GC invocations=33019 (full 0):
 garbage-first heap   total 4608000K, used 1424616K [0x00000006a6c00000, 0x00000006a7002328, 0x00000007c0000000)
  region size 4096K, 9 young (36864K), 9 survivors (36864K)
 Metaspace       used 124692K, capacity 128524K, committed 129664K, reserved 1165312K
  class space    used 13846K, capacity 14512K, committed 14720K, reserved 1048576K
}
 [Times: user=0.11 sys=0.03, real=0.02 secs] 
{Heap before GC invocations=33019 (full 0):
 garbage-first heap   total 4608000K, used 3689704K [0x00000006a6c00000, 0x00000006a7002328, 0x00000007c0000000)
  region size 4096K, 562 young (2301952K), 9 survivors (36864K)
 Metaspace       used 124692K, capacity 128524K, committed 129664K, reserved 1165312K
  class space    used 13846K, capacity 14512K, committed 14720K, reserved 1048576K
2019-04-29T01:54:22.176+0800: 1502471.395: [GC pause (G1 Evacuation Pause) (young)
Desired survivor size 148897792 bytes, new threshold 15 (max 15)
- age   1:   15654280 bytes,   15654280 total
- age   2:    1985280 bytes,   17639560 total
- age   3:     676984 bytes,   18316544 total
- age   4:     268768 bytes,   18585312 total
- age   5:     241216 bytes,   18826528 total
- age   6:     132408 bytes,   18958936 total
- age   7:     177152 bytes,   19136088 total
- age   8:     341912 bytes,   19478000 total
- age   9:     253296 bytes,   19731296 total
- age  10:     148360 bytes,   19879656 total
- age  11:     133432 bytes,   20013088 total
- age  12:     386800 bytes,   20399888 total
- age  13:     385568 bytes,   20785456 total
- age  14:     188944 bytes,   20974400 total
- age  15:     104400 bytes,   21078800 total
 1502471.395: [G1Ergonomics (CSet Construction) start choosing CSet, _pending_cards: 22214, predicted base time: 8.34 ms, remaining time: 51.66 ms, target pause time: 60.00 ms]
 1502471.395: [G1Ergonomics (CSet Construction) add young regions to CSet, eden: 553 regions, survivors: 9 regions, predicted young region time: 67.54 ms]
 1502471.395: [G1Ergonomics (CSet Construction) finish choosing CSet, eden: 553 regions, survivors: 9 regions, old: 0 regions, predicted pause time: 75.88 ms, target pause time: 60.00 ms]
, 0.0204699 secs]
   [Parallel Time: 18.3 ms, GC Workers: 8]
      [GC Worker Start (ms): Min: 1502471395.2, Avg: 1502471395.2, Max: 1502471395.2, Diff: 0.1]
      [Ext Root Scanning (ms): Min: 1.1, Avg: 1.4, Max: 2.3, Diff: 1.2, Sum: 11.0]
      [Update RS (ms): Min: 4.6, Avg: 5.4, Max: 5.8, Diff: 1.2, Sum: 43.5]
         [Processed Buffers: Min: 13, Avg: 23.1, Max: 51, Diff: 38, Sum: 185]
      [Scan RS (ms): Min: 0.0, Avg: 0.1, Max: 0.1, Diff: 0.1, Sum: 0.7]
      [Code Root Scanning (ms): Min: 0.0, Avg: 0.0, Max: 0.0, Diff: 0.0, Sum: 0.0]
      [Object Copy (ms): Min: 11.1, Avg: 11.2, Max: 11.3, Diff: 0.1, Sum: 89.7]
      [Termination (ms): Min: 0.0, Avg: 0.0, Max: 0.0, Diff: 0.0, Sum: 0.0]
      [GC Worker Other (ms): Min: 0.0, Avg: 0.0, Max: 0.1, Diff: 0.0, Sum: 0.3]
      [GC Worker Total (ms): Min: 18.1, Avg: 18.2, Max: 18.2, Diff: 0.1, Sum: 145.2]
      [GC Worker End (ms): Min: 1502471413.3, Avg: 1502471413.4, Max: 1502471413.4, Diff: 0.0]
   [Code Root Fixup: 0.3 ms]
   [Code Root Purge: 0.0 ms]
   [Clear CT: 0.3 ms]
   [Other: 1.7 ms]
      [Choose CSet: 0.0 ms]
      [Ref Proc: 0.3 ms]
      [Ref Enq: 0.0 ms]
      [Redirty Cards: 0.1 ms]
      [Humongous Reclaim: 0.0 ms]
      [Free CSet: 0.7 ms]
   [Eden: 2212.0M(2212.0M)->0.0B(2212.0M) Survivors: 36.0M->36.0M Heap: 3603.2M(4500.0M)->1391.9M(4500.0M)]
Heap after GC invocations=33020 (full 0):
 garbage-first heap   total 4608000K, used 1425321K [0x00000006a6c00000, 0x00000006a7002328, 0x00000007c0000000)
  region size 4096K, 9 young (36864K), 9 survivors (36864K)
 Metaspace       used 124692K, capacity 128524K, committed 129664K, reserved 1165312K
  class space    used 13846K, capacity 14512K, committed 14720K, reserved 1048576K
}
 [Times: user=0.12 sys=0.03, real=0.02 secs] 
{Heap before GC invocations=33020 (full 0):
 garbage-first heap   total 4608000K, used 3690409K [0x00000006a6c00000, 0x00000006a7002328, 0x00000007c0000000)
  region size 4096K, 562 young (2301952K), 9 survivors (36864K)
 Metaspace       used 124692K, capacity 128524K, committed 129664K, reserved 1165312K
  class space    used 13846K, capacity 14512K, committed 14720K, reserved 1048576K
2019-04-29T01:54:47.098+0800: 1502496.317: [GC pause (G1 Evacuation Pause) (young)
Desired survivor size 148897792 bytes, new threshold 15 (max 15)
- age   1:   18158384 bytes,   18158384 total
- age   2:    1682360 bytes,   19840744 total
- age   3:     579504 bytes,   20420248 total
- age   4:     252704 bytes,   20672952 total
- age   5:     267072 bytes,   20940024 total
- age   6:     240816 bytes,   21180840 total
- age   7:     127976 bytes,   21308816 total
- age   8:     175616 bytes,   21484432 total
- age   9:     341688 bytes,   21826120 total
- age  10:     253296 bytes,   22079416 total
- age  11:     148360 bytes,   22227776 total
- age  12:     133432 bytes,   22361208 total
- age  13:     386800 bytes,   22748008 total
- age  14:     383656 bytes,   23131664 total
- age  15:     188944 bytes,   23320608 total
 1502496.317: [G1Ergonomics (CSet Construction) start choosing CSet, _pending_cards: 21236, predicted base time: 8.11 ms, remaining time: 51.89 ms, target pause time: 60.00 ms]
 1502496.317: [G1Ergonomics (CSet Construction) add young regions to CSet, eden: 553 regions, survivors: 9 regions, predicted young region time: 74.28 ms]
 1502496.317: [G1Ergonomics (CSet Construction) finish choosing CSet, eden: 553 regions, survivors: 9 regions, old: 0 regions, predicted pause time: 82.39 ms, target pause time: 60.00 ms]
, 0.0200654 secs]
   [Parallel Time: 17.8 ms, GC Workers: 8]
      [GC Worker Start (ms): Min: 1502496317.0, Avg: 1502496317.0, Max: 1502496317.1, Diff: 0.1]
      [Ext Root Scanning (ms): Min: 1.1, Avg: 1.4, Max: 2.2, Diff: 1.1, Sum: 11.2]
      [Update RS (ms): Min: 5.1, Avg: 5.5, Max: 5.8, Diff: 0.7, Sum: 43.9]
         [Processed Buffers: Min: 10, Avg: 21.8, Max: 37, Diff: 27, Sum: 174]
      [Scan RS (ms): Min: 0.0, Avg: 0.1, Max: 0.1, Diff: 0.1, Sum: 0.6]
      [Code Root Scanning (ms): Min: 0.0, Avg: 0.0, Max: 0.0, Diff: 0.0, Sum: 0.0]
      [Object Copy (ms): Min: 10.5, Avg: 10.7, Max: 10.8, Diff: 0.3, Sum: 85.6]
      [Termination (ms): Min: 0.0, Avg: 0.0, Max: 0.0, Diff: 0.0, Sum: 0.0]
      [GC Worker Other (ms): Min: 0.0, Avg: 0.1, Max: 0.1, Diff: 0.1, Sum: 0.4]
      [GC Worker Total (ms): Min: 17.7, Avg: 17.7, Max: 17.8, Diff: 0.1, Sum: 141.8]
      [GC Worker End (ms): Min: 1502496334.7, Avg: 1502496334.7, Max: 1502496334.8, Diff: 0.0]
   [Code Root Fixup: 0.2 ms]
   [Code Root Purge: 0.0 ms]
   [Clear CT: 0.2 ms]
   [Other: 1.8 ms]
      [Choose CSet: 0.0 ms]
      [Ref Proc: 0.2 ms]
      [Ref Enq: 0.0 ms]
      [Redirty Cards: 0.1 ms]
      [Humongous Reclaim: 0.0 ms]
      [Free CSet: 0.9 ms]
   [Eden: 2212.0M(2212.0M)->0.0B(2212.0M) Survivors: 36.0M->36.0M Heap: 3603.9M(4500.0M)->1392.2M(4500.0M)]
Heap after GC invocations=33021 (full 0):
 garbage-first heap   total 4608000K, used 1425573K [0x00000006a6c00000, 0x00000006a7002328, 0x00000007c0000000)
  region size 4096K, 9 young (36864K), 9 survivors (36864K)
 Metaspace       used 124692K, capacity 128524K, committed 129664K, reserved 1165312K
  class space    used 13846K, capacity 14512K, committed 14720K, reserved 1048576K
}
 [Times: user=0.11 sys=0.03, real=0.02 secs] 
{Heap before GC invocations=33021 (full 0):
 garbage-first heap   total 4608000K, used 3690661K [0x00000006a6c00000, 0x00000006a7002328, 0x00000007c0000000)
  region size 4096K, 562 young (2301952K), 9 survivors (36864K)
 Metaspace       used 124692K, capacity 128524K, committed 129664K, reserved 1165312K
  class space    used 13846K, capacity 14512K, committed 14720K, reserved 1048576K
2019-04-29T01:55:09.738+0800: 1502518.957: [GC pause (G1 Evacuation Pause) (young)
Desired survivor size 148897792 bytes, new threshold 15 (max 15)
- age   1:   17288624 bytes,   17288624 total
- age   2:    2317224 bytes,   19605848 total
- age   3:     360416 bytes,   19966264 total
- age   4:     201856 bytes,   20168120 total
- age   5:     252064 bytes,   20420184 total
- age   6:     265288 bytes,   20685472 total
- age   7:     240256 bytes,   20925728 total
- age   8:     127728 bytes,   21053456 total
- age   9:     175504 bytes,   21228960 total
- age  10:     341352 bytes,   21570312 total
- age  11:     253184 bytes,   21823496 total
- age  12:     148360 bytes,   21971856 total
- age  13:     133432 bytes,   22105288 total
- age  14:     386800 bytes,   22492088 total
- age  15:     383632 bytes,   22875720 total
 1502518.957: [G1Ergonomics (CSet Construction) start choosing CSet, _pending_cards: 21329, predicted base time: 8.19 ms, remaining time: 51.81 ms, target pause time: 60.00 ms]
 1502518.957: [G1Ergonomics (CSet Construction) add young regions to CSet, eden: 553 regions, survivors: 9 regions, predicted young region time: 59.42 ms]
 1502518.957: [G1Ergonomics (CSet Construction) finish choosing CSet, eden: 553 regions, survivors: 9 regions, old: 0 regions, predicted pause time: 67.61 ms, target pause time: 60.00 ms]
, 0.0194413 secs]
   [Parallel Time: 17.5 ms, GC Workers: 8]
      [GC Worker Start (ms): Min: 1502518957.5, Avg: 1502518957.5, Max: 1502518957.6, Diff: 0.1]
      [Ext Root Scanning (ms): Min: 1.0, Avg: 1.3, Max: 2.0, Diff: 1.0, Sum: 10.1]
      [Update RS (ms): Min: 4.7, Avg: 5.3, Max: 5.6, Diff: 0.8, Sum: 42.1]
         [Processed Buffers: Min: 13, Avg: 22.9, Max: 43, Diff: 30, Sum: 183]
      [Scan RS (ms): Min: 0.0, Avg: 0.1, Max: 0.1, Diff: 0.1, Sum: 0.6]
      [Code Root Scanning (ms): Min: 0.0, Avg: 0.0, Max: 0.0, Diff: 0.0, Sum: 0.0]
      [Object Copy (ms): Min: 10.6, Avg: 10.7, Max: 10.8, Diff: 0.2, Sum: 86.0]
      [Termination (ms): Min: 0.0, Avg: 0.0, Max: 0.0, Diff: 0.0, Sum: 0.0]
      [GC Worker Other (ms): Min: 0.0, Avg: 0.0, Max: 0.1, Diff: 0.1, Sum: 0.3]
      [GC Worker Total (ms): Min: 17.4, Avg: 17.4, Max: 17.4, Diff: 0.1, Sum: 139.2]
      [GC Worker End (ms): Min: 1502518974.9, Avg: 1502518974.9, Max: 1502518974.9, Diff: 0.1]
   [Code Root Fixup: 0.2 ms]
   [Code Root Purge: 0.0 ms]
   [Clear CT: 0.3 ms]
   [Other: 1.4 ms]
      [Choose CSet: 0.0 ms]
      [Ref Proc: 0.2 ms]
      [Ref Enq: 0.0 ms]
      [Redirty Cards: 0.1 ms]
      [Humongous Reclaim: 0.0 ms]
      [Free CSet: 0.6 ms]
   [Eden: 2212.0M(2212.0M)->0.0B(2212.0M) Survivors: 36.0M->36.0M Heap: 3604.2M(4500.0M)->1392.6M(4500.0M)]
Heap after GC invocations=33022 (full 0):
 garbage-first heap   total 4608000K, used 1426056K [0x00000006a6c00000, 0x00000006a7002328, 0x00000007c0000000)
  region size 4096K, 9 young (36864K), 9 survivors (36864K)
 Metaspace       used 124692K, capacity 128524K, committed 129664K, reserved 1165312K
  class space    used 13846K, capacity 14512K, committed 14720K, reserved 1048576K
}
 [Times: user=0.12 sys=0.02, real=0.02 secs] 
{Heap before GC invocations=33022 (full 0):
 garbage-first heap   total 4608000K, used 3691144K [0x00000006a6c00000, 0x00000006a7002328, 0x00000007c0000000)
  region size 4096K, 562 young (2301952K), 9 survivors (36864K)
 Metaspace       used 124692K, capacity 128524K, committed 129664K, reserved 1165312K
  class space    used 13846K, capacity 14512K, committed 14720K, reserved 1048576K
2019-04-29T01:55:38.004+0800: 1502547.223: [GC pause (G1 Evacuation Pause) (young)
Desired survivor size 148897792 bytes, new threshold 15 (max 15)
- age   1:   16615144 bytes,   16615144 total
- age   2:    1954208 bytes,   18569352 total
- age   3:    1092664 bytes,   19662016 total
- age   4:     152560 bytes,   19814576 total
- age   5:     200928 bytes,   20015504 total
- age   6:     251344 bytes,   20266848 total
- age   7:     263568 bytes,   20530416 total
- age   8:     239920 bytes,   20770336 total
- age   9:     127616 bytes,   20897952 total
- age  10:     175392 bytes,   21073344 total
- age  11:     341352 bytes,   21414696 total
- age  12:     253184 bytes,   21667880 total
- age  13:     148360 bytes,   21816240 total
- age  14:     133432 bytes,   21949672 total
- age  15:     386800 bytes,   22336472 total
 1502547.223: [G1Ergonomics (CSet Construction) start choosing CSet, _pending_cards: 22417, predicted base time: 8.38 ms, remaining time: 51.62 ms, target pause time: 60.00 ms]
 1502547.223: [G1Ergonomics (CSet Construction) add young regions to CSet, eden: 553 regions, survivors: 9 regions, predicted young region time: 51.09 ms]
 1502547.223: [G1Ergonomics (CSet Construction) finish choosing CSet, eden: 553 regions, survivors: 9 regions, old: 0 regions, predicted pause time: 59.47 ms, target pause time: 60.00 ms]
, 0.0182527 secs]
   [Parallel Time: 16.3 ms, GC Workers: 8]
      [GC Worker Start (ms): Min: 1502547223.3, Avg: 1502547223.3, Max: 1502547223.4, Diff: 0.1]
      [Ext Root Scanning (ms): Min: 1.1, Avg: 1.3, Max: 2.0, Diff: 0.9, Sum: 10.6]
      [Update RS (ms): Min: 4.9, Avg: 5.4, Max: 5.8, Diff: 0.9, Sum: 43.5]
         [Processed Buffers: Min: 14, Avg: 22.9, Max: 41, Diff: 27, Sum: 183]
      [Scan RS (ms): Min: 0.0, Avg: 0.1, Max: 0.1, Diff: 0.1, Sum: 0.7]
      [Code Root Scanning (ms): Min: 0.0, Avg: 0.0, Max: 0.0, Diff: 0.0, Sum: 0.0]
      [Object Copy (ms): Min: 9.2, Avg: 9.3, Max: 9.4, Diff: 0.2, Sum: 74.7]
      [Termination (ms): Min: 0.0, Avg: 0.0, Max: 0.0, Diff: 0.0, Sum: 0.0]
      [GC Worker Other (ms): Min: 0.0, Avg: 0.0, Max: 0.1, Diff: 0.1, Sum: 0.3]
      [GC Worker Total (ms): Min: 16.2, Avg: 16.2, Max: 16.3, Diff: 0.1, Sum: 129.9]
      [GC Worker End (ms): Min: 1502547239.5, Avg: 1502547239.6, Max: 1502547239.6, Diff: 0.0]
   [Code Root Fixup: 0.3 ms]
   [Code Root Purge: 0.0 ms]
   [Clear CT: 0.3 ms]
   [Other: 1.4 ms]
      [Choose CSet: 0.0 ms]
      [Ref Proc: 0.2 ms]
      [Ref Enq: 0.0 ms]
      [Redirty Cards: 0.1 ms]
      [Humongous Reclaim: 0.0 ms]
      [Free CSet: 0.6 ms]
   [Eden: 2212.0M(2212.0M)->0.0B(2212.0M) Survivors: 36.0M->36.0M Heap: 3604.6M(4500.0M)->1393.2M(4500.0M)]
Heap after GC invocations=33023 (full 0):
 garbage-first heap   total 4608000K, used 1426621K [0x00000006a6c00000, 0x00000006a7002328, 0x00000007c0000000)
  region size 4096K, 9 young (36864K), 9 survivors (36864K)
 Metaspace       used 124692K, capacity 128524K, committed 129664K, reserved 1165312K
  class space    used 13846K, capacity 14512K, committed 14720K, reserved 1048576K
}
 [Times: user=0.11 sys=0.03, real=0.02 secs] 
{Heap before GC invocations=33023 (full 0):
 garbage-first heap   total 4608000K, used 3691709K [0x00000006a6c00000, 0x00000006a7002328, 0x00000007c0000000)
  region size 4096K, 562 young (2301952K), 9 survivors (36864K)
 Metaspace       used 124692K, capacity 128524K, committed 129664K, reserved 1165312K
  class space    used 13846K, capacity 14512K, committed 14720K, reserved 1048576K
2019-04-29T01:56:06.231+0800: 1502575.450: [GC pause (G1 Evacuation Pause) (young)
Desired survivor size 148897792 bytes, new threshold 15 (max 15)
- age   1:   15761344 bytes,   15761344 total
- age   2:    1605632 bytes,   17366976 total
- age   3:     829120 bytes,   18196096 total
- age   4:     369528 bytes,   18565624 total
- age   5:     150216 bytes,   18715840 total
- age   6:     200160 bytes,   18916000 total
- age   7:     251344 bytes,   19167344 total
- age   8:     263456 bytes,   19430800 total
- age   9:     190264 bytes,   19621064 total
- age  10:     127616 bytes,   19748680 total
- age  11:     175368 bytes,   19924048 total
- age  12:     341352 bytes,   20265400 total
- age  13:     253184 bytes,   20518584 total
- age  14:     148360 bytes,   20666944 total
- age  15:     133432 bytes,   20800376 total
 1502575.450: [G1Ergonomics (CSet Construction) start choosing CSet, _pending_cards: 22298, predicted base time: 8.26 ms, remaining time: 51.74 ms, target pause time: 60.00 ms]
 1502575.450: [G1Ergonomics (CSet Construction) add young regions to CSet, eden: 553 regions, survivors: 9 regions, predicted young region time: 39.70 ms]
 1502575.450: [G1Ergonomics (CSet Construction) finish choosing CSet, eden: 553 regions, survivors: 9 regions, old: 0 regions, predicted pause time: 47.97 ms, target pause time: 60.00 ms]
, 0.0186828 secs]
   [Parallel Time: 16.8 ms, GC Workers: 8]
      [GC Worker Start (ms): Min: 1502575450.1, Avg: 1502575450.2, Max: 1502575450.2, Diff: 0.1]
      [Ext Root Scanning (ms): Min: 1.0, Avg: 1.3, Max: 2.1, Diff: 1.1, Sum: 10.1]
      [Update RS (ms): Min: 4.7, Avg: 5.4, Max: 5.8, Diff: 1.1, Sum: 43.6]
         [Processed Buffers: Min: 12, Avg: 23.2, Max: 36, Diff: 24, Sum: 186]
      [Scan RS (ms): Min: 0.0, Avg: 0.1, Max: 0.1, Diff: 0.1, Sum: 0.6]
      [Code Root Scanning (ms): Min: 0.0, Avg: 0.0, Max: 0.0, Diff: 0.0, Sum: 0.0]
      [Object Copy (ms): Min: 9.6, Avg: 9.8, Max: 9.9, Diff: 0.3, Sum: 78.3]
      [Termination (ms): Min: 0.0, Avg: 0.0, Max: 0.0, Diff: 0.0, Sum: 0.0]
      [GC Worker Other (ms): Min: 0.0, Avg: 0.1, Max: 0.1, Diff: 0.1, Sum: 0.5]
      [GC Worker Total (ms): Min: 16.6, Avg: 16.6, Max: 16.7, Diff: 0.1, Sum: 133.1]
      [GC Worker End (ms): Min: 1502575466.8, Avg: 1502575466.8, Max: 1502575466.9, Diff: 0.1]
   [Code Root Fixup: 0.2 ms]
   [Code Root Purge: 0.0 ms]
   [Clear CT: 0.3 ms]
   [Other: 1.4 ms]
      [Choose CSet: 0.0 ms]
      [Ref Proc: 0.2 ms]
      [Ref Enq: 0.0 ms]
      [Redirty Cards: 0.1 ms]
      [Humongous Reclaim: 0.0 ms]
      [Free CSet: 0.6 ms]
   [Eden: 2212.0M(2212.0M)->0.0B(2212.0M) Survivors: 36.0M->36.0M Heap: 3605.2M(4500.0M)->1393.1M(4500.0M)]
Heap after GC invocations=33024 (full 0):
 garbage-first heap   total 4608000K, used 1426574K [0x00000006a6c00000, 0x00000006a7002328, 0x00000007c0000000)
  region size 4096K, 9 young (36864K), 9 survivors (36864K)
 Metaspace       used 124692K, capacity 128524K, committed 129664K, reserved 1165312K
  class space    used 13846K, capacity 14512K, committed 14720K, reserved 1048576K
}
 [Times: user=0.11 sys=0.03, real=0.02 secs] 
{Heap before GC invocations=33024 (full 0):
 garbage-first heap   total 4608000K, used 3691662K [0x00000006a6c00000, 0x00000006a7002328, 0x00000007c0000000)
  region size 4096K, 562 young (2301952K), 9 survivors (36864K)
 Metaspace       used 124692K, capacity 128524K, committed 129664K, reserved 1165312K
  class space    used 13846K, capacity 14512K, committed 14720K, reserved 1048576K
2019-04-29T01:56:32.471+0800: 1502601.690: [GC pause (G1 Evacuation Pause) (young)
Desired survivor size 148897792 bytes, new threshold 15 (max 15)
- age   1:   15765968 bytes,   15765968 total
- age   2:    2908032 bytes,   18674000 total
- age   3:     267208 bytes,   18941208 total
- age   4:     219784 bytes,   19160992 total
- age   5:     362624 bytes,   19523616 total
- age   6:     148544 bytes,   19672160 total
- age   7:     198856 bytes,   19871016 total
- age   8:     251088 bytes,   20122104 total
- age   9:     263456 bytes,   20385560 total
- age  10:     190264 bytes,   20575824 total
- age  11:     127616 bytes,   20703440 total
- age  12:     175368 bytes,   20878808 total
- age  13:     341352 bytes,   21220160 total
- age  14:     253184 bytes,   21473344 total
- age  15:     148360 bytes,   21621704 total
 1502601.690: [G1Ergonomics (CSet Construction) start choosing CSet, _pending_cards: 21870, predicted base time: 8.10 ms, remaining time: 51.90 ms, target pause time: 60.00 ms]
 1502601.690: [G1Ergonomics (CSet Construction) add young regions to CSet, eden: 553 regions, survivors: 9 regions, predicted young region time: 34.21 ms]
 1502601.690: [G1Ergonomics (CSet Construction) finish choosing CSet, eden: 553 regions, survivors: 9 regions, old: 0 regions, predicted pause time: 42.32 ms, target pause time: 60.00 ms]
, 0.0186000 secs]
   [Parallel Time: 16.7 ms, GC Workers: 8]
      [GC Worker Start (ms): Min: 1502601690.5, Avg: 1502601690.5, Max: 1502601690.5, Diff: 0.1]
      [Ext Root Scanning (ms): Min: 1.0, Avg: 1.3, Max: 2.0, Diff: 1.0, Sum: 10.1]
      [Update RS (ms): Min: 4.6, Avg: 5.1, Max: 5.4, Diff: 0.8, Sum: 41.0]
         [Processed Buffers: Min: 12, Avg: 21.9, Max: 38, Diff: 26, Sum: 175]
      [Scan RS (ms): Min: 0.0, Avg: 0.1, Max: 0.1, Diff: 0.1, Sum: 0.6]
      [Code Root Scanning (ms): Min: 0.0, Avg: 0.0, Max: 0.0, Diff: 0.0, Sum: 0.0]
      [Object Copy (ms): Min: 9.8, Avg: 10.0, Max: 10.1, Diff: 0.2, Sum: 80.0]
      [Termination (ms): Min: 0.0, Avg: 0.0, Max: 0.0, Diff: 0.0, Sum: 0.1]
      [GC Worker Other (ms): Min: 0.0, Avg: 0.0, Max: 0.1, Diff: 0.0, Sum: 0.3]
      [GC Worker Total (ms): Min: 16.5, Avg: 16.5, Max: 16.5, Diff: 0.1, Sum: 132.1]
      [GC Worker End (ms): Min: 1502601707.0, Avg: 1502601707.0, Max: 1502601707.0, Diff: 0.1]
   [Code Root Fixup: 0.2 ms]
   [Code Root Purge: 0.0 ms]
   [Clear CT: 0.3 ms]
   [Other: 1.4 ms]
      [Choose CSet: 0.0 ms]
      [Ref Proc: 0.2 ms]
      [Ref Enq: 0.0 ms]
      [Redirty Cards: 0.1 ms]
      [Humongous Reclaim: 0.0 ms]
      [Free CSet: 0.6 ms]
   [Eden: 2212.0M(2212.0M)->0.0B(2212.0M) Survivors: 36.0M->36.0M Heap: 3605.1M(4500.0M)->1393.7M(4500.0M)]
Heap after GC invocations=33025 (full 0):
 garbage-first heap   total 4608000K, used 1427186K [0x00000006a6c00000, 0x00000006a7002328, 0x00000007c0000000)
  region size 4096K, 9 young (36864K), 9 survivors (36864K)
 Metaspace       used 124692K, capacity 128524K, committed 129664K, reserved 1165312K
  class space    used 13846K, capacity 14512K, committed 14720K, reserved 1048576K
}
 [Times: user=0.14 sys=0.00, real=0.02 secs] 
{Heap before GC invocations=33025 (full 0):
 garbage-first heap   total 4608000K, used 3692274K [0x00000006a6c00000, 0x00000006a7002328, 0x00000007c0000000)
  region size 4096K, 562 young (2301952K), 9 survivors (36864K)
 Metaspace       used 124692K, capacity 128524K, committed 129664K, reserved 1165312K
  class space    used 13846K, capacity 14512K, committed 14720K, reserved 1048576K
2019-04-29T01:57:01.746+0800: 1502630.964: [GC pause (G1 Evacuation Pause) (young)
Desired survivor size 148897792 bytes, new threshold 15 (max 15)
- age   1:   16151208 bytes,   16151208 total
- age   2:    2239216 bytes,   18390424 total
- age   3:     711976 bytes,   19102400 total
- age   4:     192184 bytes,   19294584 total
- age   5:     217744 bytes,   19512328 total
- age   6:     361584 bytes,   19873912 total
- age   7:     147696 bytes,   20021608 total
- age   8:     198744 bytes,   20220352 total
- age   9:     251056 bytes,   20471408 total
- age  10:     263344 bytes,   20734752 total
- age  11:     190264 bytes,   20925016 total
- age  12:     127616 bytes,   21052632 total
- age  13:     175368 bytes,   21228000 total
- age  14:     341352 bytes,   21569352 total
- age  15:     253184 bytes,   21822536 total
 1502630.964: [G1Ergonomics (CSet Construction) start choosing CSet, _pending_cards: 21892, predicted base time: 8.03 ms, remaining time: 51.97 ms, target pause time: 60.00 ms]
 1502630.964: [G1Ergonomics (CSet Construction) add young regions to CSet, eden: 553 regions, survivors: 9 regions, predicted young region time: 30.49 ms]
 1502630.964: [G1Ergonomics (CSet Construction) finish choosing CSet, eden: 553 regions, survivors: 9 regions, old: 0 regions, predicted pause time: 38.52 ms, target pause time: 60.00 ms]
, 0.0189983 secs]
   [Parallel Time: 17.0 ms, GC Workers: 8]
      [GC Worker Start (ms): Min: 1502630964.6, Avg: 1502630964.6, Max: 1502630964.7, Diff: 0.1]
      [Ext Root Scanning (ms): Min: 1.3, Avg: 1.7, Max: 4.4, Diff: 3.1, Sum: 14.0]
      [Update RS (ms): Min: 2.6, Avg: 5.1, Max: 5.7, Diff: 3.1, Sum: 40.9]
         [Processed Buffers: Min: 15, Avg: 22.1, Max: 34, Diff: 19, Sum: 177]
      [Scan RS (ms): Min: 0.0, Avg: 0.1, Max: 0.2, Diff: 0.1, Sum: 0.6]
      [Code Root Scanning (ms): Min: 0.0, Avg: 0.0, Max: 0.0, Diff: 0.0, Sum: 0.0]
      [Object Copy (ms): Min: 9.7, Avg: 9.8, Max: 9.9, Diff: 0.2, Sum: 78.6]
      [Termination (ms): Min: 0.0, Avg: 0.0, Max: 0.0, Diff: 0.0, Sum: 0.0]
      [GC Worker Other (ms): Min: 0.0, Avg: 0.1, Max: 0.1, Diff: 0.1, Sum: 0.4]
      [GC Worker Total (ms): Min: 16.8, Avg: 16.8, Max: 16.9, Diff: 0.1, Sum: 134.6]
      [GC Worker End (ms): Min: 1502630981.4, Avg: 1502630981.4, Max: 1502630981.5, Diff: 0.1]
   [Code Root Fixup: 0.3 ms]
   [Code Root Purge: 0.0 ms]
   [Clear CT: 0.3 ms]
   [Other: 1.4 ms]
      [Choose CSet: 0.0 ms]
      [Ref Proc: 0.2 ms]
      [Ref Enq: 0.0 ms]
      [Redirty Cards: 0.1 ms]
      [Humongous Reclaim: 0.0 ms]
      [Free CSet: 0.7 ms]
   [Eden: 2212.0M(2212.0M)->0.0B(2212.0M) Survivors: 36.0M->36.0M Heap: 3605.7M(4500.0M)->1394.1M(4500.0M)]
Heap after GC invocations=33026 (full 0):
 garbage-first heap   total 4608000K, used 1427517K [0x00000006a6c00000, 0x00000006a7002328, 0x00000007c0000000)
  region size 4096K, 9 young (36864K), 9 survivors (36864K)
 Metaspace       used 124692K, capacity 128524K, committed 129664K, reserved 1165312K
  class space    used 13846K, capacity 14512K, committed 14720K, reserved 1048576K
}
 [Times: user=0.12 sys=0.03, real=0.02 secs] 
{Heap before GC invocations=33026 (full 0):
 garbage-first heap   total 4608000K, used 3692605K [0x00000006a6c00000, 0x00000006a7002328, 0x00000007c0000000)
  region size 4096K, 562 young (2301952K), 9 survivors (36864K)
 Metaspace       used 124692K, capacity 128524K, committed 129664K, reserved 1165312K
  class space    used 13846K, capacity 14512K, committed 14720K, reserved 1048576K
2019-04-29T01:57:31.515+0800: 1502660.734: [GC pause (G1 Evacuation Pause) (young)
Desired survivor size 148897792 bytes, new threshold 15 (max 15)
- age   1:   15355544 bytes,   15355544 total
- age   2:    2004320 bytes,   17359864 total
- age   3:     700192 bytes,   18060056 total
- age   4:     301888 bytes,   18361944 total
- age   5:     190312 bytes,   18552256 total
- age   6:     216864 bytes,   18769120 total
- age   7:     361472 bytes,   19130592 total
- age   8:     147696 bytes,   19278288 total
- age   9:     198744 bytes,   19477032 total
- age  10:     250944 bytes,   19727976 total
- age  11:     263344 bytes,   19991320 total
- age  12:     190264 bytes,   20181584 total
- age  13:     127616 bytes,   20309200 total
- age  14:     175368 bytes,   20484568 total
- age  15:     341352 bytes,   20825920 total
 1502660.734: [G1Ergonomics (CSet Construction) start choosing CSet, _pending_cards: 22498, predicted base time: 8.32 ms, remaining time: 51.68 ms, target pause time: 60.00 ms]
 1502660.734: [G1Ergonomics (CSet Construction) add young regions to CSet, eden: 553 regions, survivors: 9 regions, predicted young region time: 46.60 ms]
 1502660.734: [G1Ergonomics (CSet Construction) finish choosing CSet, eden: 553 regions, survivors: 9 regions, old: 0 regions, predicted pause time: 54.92 ms, target pause time: 60.00 ms]
, 0.0190604 secs]
   [Parallel Time: 17.2 ms, GC Workers: 8]
      [GC Worker Start (ms): Min: 1502660734.4, Avg: 1502660734.4, Max: 1502660734.5, Diff: 0.1]
      [Ext Root Scanning (ms): Min: 1.0, Avg: 1.3, Max: 2.1, Diff: 1.1, Sum: 10.2]
      [Update RS (ms): Min: 4.6, Avg: 5.3, Max: 5.6, Diff: 1.0, Sum: 42.2]
         [Processed Buffers: Min: 13, Avg: 22.0, Max: 34, Diff: 21, Sum: 176]
      [Scan RS (ms): Min: 0.0, Avg: 0.1, Max: 0.2, Diff: 0.1, Sum: 0.6]
      [Code Root Scanning (ms): Min: 0.0, Avg: 0.0, Max: 0.0, Diff: 0.0, Sum: 0.0]
      [Object Copy (ms): Min: 10.3, Avg: 10.4, Max: 10.5, Diff: 0.1, Sum: 83.1]
      [Termination (ms): Min: 0.0, Avg: 0.0, Max: 0.0, Diff: 0.0, Sum: 0.0]
      [GC Worker Other (ms): Min: 0.0, Avg: 0.0, Max: 0.1, Diff: 0.1, Sum: 0.4]
      [GC Worker Total (ms): Min: 17.0, Avg: 17.1, Max: 17.1, Diff: 0.1, Sum: 136.6]
      [GC Worker End (ms): Min: 1502660751.5, Avg: 1502660751.5, Max: 1502660751.5, Diff: 0.1]
   [Code Root Fixup: 0.2 ms]
   [Code Root Purge: 0.0 ms]
   [Clear CT: 0.3 ms]
   [Other: 1.4 ms]
      [Choose CSet: 0.0 ms]
      [Ref Proc: 0.2 ms]
      [Ref Enq: 0.0 ms]
      [Redirty Cards: 0.1 ms]
      [Humongous Reclaim: 0.0 ms]
      [Free CSet: 0.6 ms]
   [Eden: 2212.0M(2212.0M)->0.0B(2212.0M) Survivors: 36.0M->36.0M Heap: 3606.1M(4500.0M)->1394.1M(4500.0M)]
Heap after GC invocations=33027 (full 0):
 garbage-first heap   total 4608000K, used 1427565K [0x00000006a6c00000, 0x00000006a7002328, 0x00000007c0000000)
  region size 4096K, 9 young (36864K), 9 survivors (36864K)
 Metaspace       used 124692K, capacity 128524K, committed 129664K, reserved 1165312K
  class space    used 13846K, capacity 14512K, committed 14720K, reserved 1048576K
}
 [Times: user=0.11 sys=0.03, real=0.02 secs] 
{Heap before GC invocations=33027 (full 0):
 garbage-first heap   total 4608000K, used 3692653K [0x00000006a6c00000, 0x00000006a7002328, 0x00000007c0000000)
  region size 4096K, 562 young (2301952K), 9 survivors (36864K)
 Metaspace       used 124692K, capacity 128524K, committed 129664K, reserved 1165312K
  class space    used 13846K, capacity 14512K, committed 14720K, reserved 1048576K
2019-04-29T01:58:00.355+0800: 1502689.574: [GC pause (G1 Evacuation Pause) (young)
Desired survivor size 148897792 bytes, new threshold 15 (max 15)
- age   1:   17157176 bytes,   17157176 total
- age   2:    2051560 bytes,   19208736 total
- age   3:     269512 bytes,   19478248 total
- age   4:     316200 bytes,   19794448 total
- age   5:     266112 bytes,   20060560 total
- age   6:     189464 bytes,   20250024 total
- age   7:     215496 bytes,   20465520 total
- age   8:     360712 bytes,   20826232 total
- age   9:     147696 bytes,   20973928 total
- age  10:     198520 bytes,   21172448 total
- age  11:     250944 bytes,   21423392 total
- age  12:     263344 bytes,   21686736 total
- age  13:     190264 bytes,   21877000 total
- age  14:     127616 bytes,   22004616 total
- age  15:     175368 bytes,   22179984 total
 1502689.574: [G1Ergonomics (CSet Construction) start choosing CSet, _pending_cards: 22236, predicted base time: 8.14 ms, remaining time: 51.86 ms, target pause time: 60.00 ms]
 1502689.574: [G1Ergonomics (CSet Construction) add young regions to CSet, eden: 553 regions, survivors: 9 regions, predicted young region time: 40.08 ms]
 1502689.574: [G1Ergonomics (CSet Construction) finish choosing CSet, eden: 553 regions, survivors: 9 regions, old: 0 regions, predicted pause time: 48.22 ms, target pause time: 60.00 ms]
, 0.0238569 secs]
   [Parallel Time: 21.8 ms, GC Workers: 8]
      [GC Worker Start (ms): Min: 1502689574.1, Avg: 1502689574.1, Max: 1502689574.2, Diff: 0.1]
      [Ext Root Scanning (ms): Min: 1.2, Avg: 1.4, Max: 2.3, Diff: 1.1, Sum: 11.6]
      [Update RS (ms): Min: 4.7, Avg: 5.4, Max: 5.8, Diff: 1.1, Sum: 43.5]
         [Processed Buffers: Min: 12, Avg: 22.0, Max: 37, Diff: 25, Sum: 176]
      [Scan RS (ms): Min: 0.0, Avg: 0.1, Max: 0.1, Diff: 0.1, Sum: 0.7]
      [Code Root Scanning (ms): Min: 0.0, Avg: 0.0, Max: 0.0, Diff: 0.0, Sum: 0.0]
      [Object Copy (ms): Min: 14.5, Avg: 14.6, Max: 14.7, Diff: 0.2, Sum: 117.1]
      [Termination (ms): Min: 0.0, Avg: 0.0, Max: 0.0, Diff: 0.0, Sum: 0.0]
      [GC Worker Other (ms): Min: 0.0, Avg: 0.1, Max: 0.1, Diff: 0.1, Sum: 0.4]
      [GC Worker Total (ms): Min: 21.6, Avg: 21.7, Max: 21.7, Diff: 0.1, Sum: 173.3]
      [GC Worker End (ms): Min: 1502689595.8, Avg: 1502689595.8, Max: 1502689595.8, Diff: 0.1]
   [Code Root Fixup: 0.3 ms]
   [Code Root Purge: 0.0 ms]
   [Clear CT: 0.3 ms]
   [Other: 1.5 ms]
      [Choose CSet: 0.0 ms]
      [Ref Proc: 0.2 ms]
      [Ref Enq: 0.0 ms]
      [Redirty Cards: 0.1 ms]
      [Humongous Reclaim: 0.0 ms]
      [Free CSet: 0.7 ms]
   [Eden: 2212.0M(2212.0M)->0.0B(2212.0M) Survivors: 36.0M->36.0M Heap: 3606.1M(4500.0M)->1394.9M(4500.0M)]
Heap after GC invocations=33028 (full 0):
 garbage-first heap   total 4608000K, used 1428389K [0x00000006a6c00000, 0x00000006a7002328, 0x00000007c0000000)
  region size 4096K, 9 young (36864K), 9 survivors (36864K)
 Metaspace       used 124692K, capacity 128524K, committed 129664K, reserved 1165312K
  class space    used 13846K, capacity 14512K, committed 14720K, reserved 1048576K
}
 [Times: user=0.15 sys=0.03, real=0.02 secs] 
{Heap before GC invocations=33028 (full 0):
 garbage-first heap   total 4608000K, used 3693477K [0x00000006a6c00000, 0x00000006a7002328, 0x00000007c0000000)
  region size 4096K, 562 young (2301952K), 9 survivors (36864K)
 Metaspace       used 124692K, capacity 128524K, committed 129664K, reserved 1165312K
  class space    used 13846K, capacity 14512K, committed 14720K, reserved 1048576K
2019-04-29T01:58:27.143+0800: 1502716.362: [GC pause (G1 Evacuation Pause) (young)
Desired survivor size 148897792 bytes, new threshold 15 (max 15)
- age   1:   24303912 bytes,   24303912 total
- age   2:    2276992 bytes,   26580904 total
- age   3:     387136 bytes,   26968040 total
- age   4:     268352 bytes,   27236392 total
- age   5:     307584 bytes,   27543976 total
- age   6:     265632 bytes,   27809608 total
- age   7:     188728 bytes,   27998336 total
- age   8:     215496 bytes,   28213832 total
- age   9:     360456 bytes,   28574288 total
- age  10:     147696 bytes,   28721984 total
- age  11:     198520 bytes,   28920504 total
- age  12:     250944 bytes,   29171448 total
- age  13:     263344 bytes,   29434792 total
- age  14:     190264 bytes,   29625056 total
- age  15:     127616 bytes,   29752672 total
 1502716.362: [G1Ergonomics (CSet Construction) start choosing CSet, _pending_cards: 21581, predicted base time: 8.04 ms, remaining time: 51.96 ms, target pause time: 60.00 ms]
 1502716.362: [G1Ergonomics (CSet Construction) add young regions to CSet, eden: 553 regions, survivors: 9 regions, predicted young region time: 86.46 ms]
 1502716.362: [G1Ergonomics (CSet Construction) finish choosing CSet, eden: 553 regions, survivors: 9 regions, old: 0 regions, predicted pause time: 94.50 ms, target pause time: 60.00 ms]
, 0.0193813 secs]
   [Parallel Time: 17.1 ms, GC Workers: 8]
      [GC Worker Start (ms): Min: 1502716362.6, Avg: 1502716362.6, Max: 1502716362.7, Diff: 0.1]
      [Ext Root Scanning (ms): Min: 1.2, Avg: 1.4, Max: 2.1, Diff: 0.9, Sum: 11.4]
      [Update RS (ms): Min: 5.0, Avg: 5.5, Max: 5.8, Diff: 0.8, Sum: 43.8]
         [Processed Buffers: Min: 12, Avg: 22.4, Max: 47, Diff: 35, Sum: 179]
      [Scan RS (ms): Min: 0.0, Avg: 0.1, Max: 0.1, Diff: 0.1, Sum: 0.6]
      [Code Root Scanning (ms): Min: 0.0, Avg: 0.0, Max: 0.0, Diff: 0.0, Sum: 0.0]
      [Object Copy (ms): Min: 9.8, Avg: 10.0, Max: 10.1, Diff: 0.2, Sum: 79.9]
      [Termination (ms): Min: 0.0, Avg: 0.0, Max: 0.0, Diff: 0.0, Sum: 0.0]
      [GC Worker Other (ms): Min: 0.0, Avg: 0.0, Max: 0.1, Diff: 0.1, Sum: 0.4]
      [GC Worker Total (ms): Min: 17.0, Avg: 17.0, Max: 17.1, Diff: 0.1, Sum: 136.1]
      [GC Worker End (ms): Min: 1502716379.6, Avg: 1502716379.7, Max: 1502716379.7, Diff: 0.1]
   [Code Root Fixup: 0.2 ms]
   [Code Root Purge: 0.0 ms]
   [Clear CT: 0.3 ms]
   [Other: 1.7 ms]
      [Choose CSet: 0.0 ms]
      [Ref Proc: 0.2 ms]
      [Ref Enq: 0.0 ms]
      [Redirty Cards: 0.1 ms]
      [Humongous Reclaim: 0.0 ms]
      [Free CSet: 0.9 ms]
   [Eden: 2212.0M(2212.0M)->0.0B(2216.0M) Survivors: 36.0M->32.0M Heap: 3606.9M(4500.0M)->1393.1M(4500.0M)]
Heap after GC invocations=33029 (full 0):
 garbage-first heap   total 4608000K, used 1426534K [0x00000006a6c00000, 0x00000006a7002328, 0x00000007c0000000)
  region size 4096K, 8 young (32768K), 8 survivors (32768K)
 Metaspace       used 124692K, capacity 128524K, committed 129664K, reserved 1165312K
  class space    used 13846K, capacity 14512K, committed 14720K, reserved 1048576K
}
 [Times: user=0.11 sys=0.03, real=0.02 secs] 
{Heap before GC invocations=33029 (full 0):
 garbage-first heap   total 4608000K, used 3695718K [0x00000006a6c00000, 0x00000006a7002328, 0x00000007c0000000)
  region size 4096K, 562 young (2301952K), 8 survivors (32768K)
 Metaspace       used 124692K, capacity 128524K, committed 129664K, reserved 1165312K
  class space    used 13846K, capacity 14512K, committed 14720K, reserved 1048576K
2019-04-29T01:58:54.098+0800: 1502743.317: [GC pause (G1 Evacuation Pause) (young)
Desired survivor size 148897792 bytes, new threshold 15 (max 15)
- age   1:   15907296 bytes,   15907296 total
- age   2:    2078224 bytes,   17985520 total
- age   3:     509208 bytes,   18494728 total
- age   4:     249520 bytes,   18744248 total
- age   5:     267616 bytes,   19011864 total
- age   6:     306744 bytes,   19318608 total
- age   7:     217360 bytes,   19535968 total
- age   8:     188728 bytes,   19724696 total
- age   9:     215496 bytes,   19940192 total
- age  10:     360456 bytes,   20300648 total
- age  11:     147696 bytes,   20448344 total
- age  12:     198520 bytes,   20646864 total
- age  13:     250944 bytes,   20897808 total
- age  14:     263344 bytes,   21161152 total
- age  15:     186960 bytes,   21348112 total
 1502743.317: [G1Ergonomics (CSet Construction) start choosing CSet, _pending_cards: 21724, predicted base time: 8.17 ms, remaining time: 51.83 ms, target pause time: 60.00 ms]
 1502743.317: [G1Ergonomics (CSet Construction) add young regions to CSet, eden: 554 regions, survivors: 8 regions, predicted young region time: 66.43 ms]
 1502743.317: [G1Ergonomics (CSet Construction) finish choosing CSet, eden: 554 regions, survivors: 8 regions, old: 0 regions, predicted pause time: 74.59 ms, target pause time: 60.00 ms]
, 0.0207451 secs]
   [Parallel Time: 18.8 ms, GC Workers: 8]
      [GC Worker Start (ms): Min: 1502743317.3, Avg: 1502743317.4, Max: 1502743317.4, Diff: 0.1]
      [Ext Root Scanning (ms): Min: 1.1, Avg: 1.4, Max: 2.1, Diff: 1.0, Sum: 10.9]
      [Update RS (ms): Min: 4.8, Avg: 5.4, Max: 5.7, Diff: 0.9, Sum: 43.3]
         [Processed Buffers: Min: 11, Avg: 22.2, Max: 40, Diff: 29, Sum: 178]
      [Scan RS (ms): Min: 0.0, Avg: 0.1, Max: 0.1, Diff: 0.1, Sum: 0.6]
      [Code Root Scanning (ms): Min: 0.0, Avg: 0.0, Max: 0.0, Diff: 0.0, Sum: 0.0]
      [Object Copy (ms): Min: 11.7, Avg: 11.8, Max: 11.9, Diff: 0.2, Sum: 94.2]
      [Termination (ms): Min: 0.0, Avg: 0.0, Max: 0.0, Diff: 0.0, Sum: 0.0]
      [GC Worker Other (ms): Min: 0.0, Avg: 0.1, Max: 0.1, Diff: 0.1, Sum: 0.4]
      [GC Worker Total (ms): Min: 18.7, Avg: 18.7, Max: 18.7, Diff: 0.0, Sum: 149.5]
      [GC Worker End (ms): Min: 1502743336.0, Avg: 1502743336.0, Max: 1502743336.1, Diff: 0.1]
   [Code Root Fixup: 0.2 ms]
   [Code Root Purge: 0.0 ms]
   [Clear CT: 0.3 ms]
   [Other: 1.5 ms]
      [Choose CSet: 0.0 ms]
      [Ref Proc: 0.2 ms]
      [Ref Enq: 0.0 ms]
      [Redirty Cards: 0.1 ms]
      [Humongous Reclaim: 0.0 ms]
      [Free CSet: 0.6 ms]
   [Eden: 2216.0M(2216.0M)->0.0B(2212.0M) Survivors: 32.0M->36.0M Heap: 3609.1M(4500.0M)->1395.4M(4500.0M)]
Heap after GC invocations=33030 (full 0):
 garbage-first heap   total 4608000K, used 1428846K [0x00000006a6c00000, 0x00000006a7002328, 0x00000007c0000000)
  region size 4096K, 9 young (36864K), 9 survivors (36864K)
 Metaspace       used 124692K, capacity 128524K, committed 129664K, reserved 1165312K
  class space    used 13846K, capacity 14512K, committed 14720K, reserved 1048576K
}
 [Times: user=0.13 sys=0.02, real=0.02 secs] 
{Heap before GC invocations=33030 (full 0):
 garbage-first heap   total 4608000K, used 3693934K [0x00000006a6c00000, 0x00000006a7002328, 0x00000007c0000000)
  region size 4096K, 562 young (2301952K), 9 survivors (36864K)
 Metaspace       used 124692K, capacity 128524K, committed 129664K, reserved 1165312K
  class space    used 13846K, capacity 14512K, committed 14720K, reserved 1048576K
2019-04-29T01:59:22.047+0800: 1502771.266: [GC pause (G1 Evacuation Pause) (young)
Desired survivor size 148897792 bytes, new threshold 15 (max 15)
- age   1:   19123144 bytes,   19123144 total
- age   2:    2063240 bytes,   21186384 total
- age   3:     727928 bytes,   21914312 total
- age   4:     276664 bytes,   22190976 total
- age   5:     247880 bytes,   22438856 total
- age   6:     242624 bytes,   22681480 total
- age   7:     306632 bytes,   22988112 total
- age   8:     217248 bytes,   23205360 total
- age   9:     188728 bytes,   23394088 total
- age  10:     215496 bytes,   23609584 total
- age  11:     360456 bytes,   23970040 total
- age  12:     147696 bytes,   24117736 total
- age  13:     198520 bytes,   24316256 total
- age  14:     250944 bytes,   24567200 total
- age  15:     263344 bytes,   24830544 total
 1502771.266: [G1Ergonomics (CSet Construction) start choosing CSet, _pending_cards: 22162, predicted base time: 8.27 ms, remaining time: 51.73 ms, target pause time: 60.00 ms]
 1502771.266: [G1Ergonomics (CSet Construction) add young regions to CSet, eden: 553 regions, survivors: 9 regions, predicted young region time: 62.02 ms]
 1502771.266: [G1Ergonomics (CSet Construction) finish choosing CSet, eden: 553 regions, survivors: 9 regions, old: 0 regions, predicted pause time: 70.29 ms, target pause time: 60.00 ms]
, 0.0192901 secs]
   [Parallel Time: 17.2 ms, GC Workers: 8]
      [GC Worker Start (ms): Min: 1502771266.3, Avg: 1502771266.4, Max: 1502771266.4, Diff: 0.1]
      [Ext Root Scanning (ms): Min: 1.1, Avg: 1.3, Max: 2.0, Diff: 0.9, Sum: 10.7]
      [Update RS (ms): Min: 4.6, Avg: 5.3, Max: 5.6, Diff: 1.0, Sum: 42.2]
         [Processed Buffers: Min: 11, Avg: 23.5, Max: 36, Diff: 25, Sum: 188]
      [Scan RS (ms): Min: 0.0, Avg: 0.1, Max: 0.2, Diff: 0.1, Sum: 0.7]
      [Code Root Scanning (ms): Min: 0.0, Avg: 0.0, Max: 0.0, Diff: 0.0, Sum: 0.0]
      [Object Copy (ms): Min: 10.2, Avg: 10.4, Max: 10.4, Diff: 0.2, Sum: 82.8]
      [Termination (ms): Min: 0.0, Avg: 0.0, Max: 0.0, Diff: 0.0, Sum: 0.0]
      [GC Worker Other (ms): Min: 0.0, Avg: 0.0, Max: 0.1, Diff: 0.1, Sum: 0.3]
      [GC Worker Total (ms): Min: 17.0, Avg: 17.1, Max: 17.1, Diff: 0.1, Sum: 136.8]
      [GC Worker End (ms): Min: 1502771283.5, Avg: 1502771283.5, Max: 1502771283.5, Diff: 0.1]
   [Code Root Fixup: 0.3 ms]
   [Code Root Purge: 0.0 ms]
   [Clear CT: 0.3 ms]
   [Other: 1.6 ms]
      [Choose CSet: 0.0 ms]
      [Ref Proc: 0.2 ms]
      [Ref Enq: 0.0 ms]
      [Redirty Cards: 0.1 ms]
      [Humongous Reclaim: 0.0 ms]
      [Free CSet: 0.6 ms]
   [Eden: 2212.0M(2212.0M)->0.0B(2212.0M) Survivors: 36.0M->36.0M Heap: 3607.4M(4500.0M)->1395.7M(4500.0M)]
Heap after GC invocations=33031 (full 0):
 garbage-first heap   total 4608000K, used 1429174K [0x00000006a6c00000, 0x00000006a7002328, 0x00000007c0000000)
  region size 4096K, 9 young (36864K), 9 survivors (36864K)
 Metaspace       used 124692K, capacity 128524K, committed 129664K, reserved 1165312K
  class space    used 13846K, capacity 14512K, committed 14720K, reserved 1048576K
}
 [Times: user=0.14 sys=0.00, real=0.02 secs] 
{Heap before GC invocations=33031 (full 0):
 garbage-first heap   total 4608000K, used 3694262K [0x00000006a6c00000, 0x00000006a7002328, 0x00000007c0000000)
  region size 4096K, 562 young (2301952K), 9 survivors (36864K)
 Metaspace       used 124692K, capacity 128524K, committed 129664K, reserved 1165312K
  class space    used 13846K, capacity 14512K, committed 14720K, reserved 1048576K
2019-04-29T01:59:47.337+0800: 1502796.556: [GC pause (G1 Evacuation Pause) (young)
Desired survivor size 148897792 bytes, new threshold 15 (max 15)
- age   1:   16614056 bytes,   16614056 total
- age   2:    2104112 bytes,   18718168 total
- age   3:     693712 bytes,   19411880 total
- age   4:     306000 bytes,   19717880 total
- age   5:     276536 bytes,   19994416 total
- age   6:     247688 bytes,   20242104 total
- age   7:     241872 bytes,   20483976 total
- age   8:     306600 bytes,   20790576 total
- age   9:     216240 bytes,   21006816 total
- age  10:     188056 bytes,   21194872 total
- age  11:     215384 bytes,   21410256 total
- age  12:     360120 bytes,   21770376 total
- age  13:     147696 bytes,   21918072 total
- age  14:     198520 bytes,   22116592 total
- age  15:     250944 bytes,   22367536 total
 1502796.556: [G1Ergonomics (CSet Construction) start choosing CSet, _pending_cards: 22262, predicted base time: 8.25 ms, remaining time: 51.75 ms, target pause time: 60.00 ms]
 1502796.556: [G1Ergonomics (CSet Construction) add young regions to CSet, eden: 553 regions, survivors: 9 regions, predicted young region time: 65.03 ms]
 1502796.556: [G1Ergonomics (CSet Construction) finish choosing CSet, eden: 553 regions, survivors: 9 regions, old: 0 regions, predicted pause time: 73.28 ms, target pause time: 60.00 ms]
, 0.0194477 secs]
   [Parallel Time: 17.5 ms, GC Workers: 8]
      [GC Worker Start (ms): Min: 1502796556.0, Avg: 1502796556.0, Max: 1502796556.0, Diff: 0.1]
      [Ext Root Scanning (ms): Min: 1.1, Avg: 1.6, Max: 4.3, Diff: 3.2, Sum: 13.0]
      [Update RS (ms): Min: 2.9, Avg: 5.3, Max: 5.9, Diff: 3.1, Sum: 42.5]
         [Processed Buffers: Min: 18, Avg: 22.4, Max: 31, Diff: 13, Sum: 179]
      [Scan RS (ms): Min: 0.0, Avg: 0.1, Max: 0.1, Diff: 0.1, Sum: 0.6]
      [Code Root Scanning (ms): Min: 0.0, Avg: 0.0, Max: 0.0, Diff: 0.0, Sum: 0.0]
      [Object Copy (ms): Min: 10.2, Avg: 10.3, Max: 10.4, Diff: 0.2, Sum: 82.4]
      [Termination (ms): Min: 0.0, Avg: 0.0, Max: 0.0, Diff: 0.0, Sum: 0.0]
      [GC Worker Other (ms): Min: 0.0, Avg: 0.0, Max: 0.1, Diff: 0.1, Sum: 0.4]
      [GC Worker Total (ms): Min: 17.3, Avg: 17.4, Max: 17.4, Diff: 0.1, Sum: 139.0]
      [GC Worker End (ms): Min: 1502796573.4, Avg: 1502796573.4, Max: 1502796573.4, Diff: 0.1]
   [Code Root Fixup: 0.3 ms]
   [Code Root Purge: 0.0 ms]
   [Clear CT: 0.3 ms]
   [Other: 1.4 ms]
      [Choose CSet: 0.0 ms]
      [Ref Proc: 0.2 ms]
      [Ref Enq: 0.0 ms]
      [Redirty Cards: 0.1 ms]
      [Humongous Reclaim: 0.0 ms]
      [Free CSet: 0.6 ms]
   [Eden: 2212.0M(2212.0M)->0.0B(2212.0M) Survivors: 36.0M->36.0M Heap: 3607.7M(4500.0M)->1396.1M(4500.0M)]
Heap after GC invocations=33032 (full 0):
 garbage-first heap   total 4608000K, used 1429583K [0x00000006a6c00000, 0x00000006a7002328, 0x00000007c0000000)
  region size 4096K, 9 young (36864K), 9 survivors (36864K)
 Metaspace       used 124692K, capacity 128524K, committed 129664K, reserved 1165312K
  class space    used 13846K, capacity 14512K, committed 14720K, reserved 1048576K
}
 [Times: user=0.12 sys=0.03, real=0.02 secs] 
{Heap before GC invocations=33032 (full 0):
 garbage-first heap   total 4608000K, used 3694671K [0x00000006a6c00000, 0x00000006a7002328, 0x00000007c0000000)
  region size 4096K, 562 young (2301952K), 9 survivors (36864K)
 Metaspace       used 124692K, capacity 128524K, committed 129664K, reserved 1165312K
  class space    used 13846K, capacity 14512K, committed 14720K, reserved 1048576K
2019-04-29T02:00:12.510+0800: 1502821.728: [GC pause (G1 Evacuation Pause) (young)
Desired survivor size 148897792 bytes, new threshold 15 (max 15)
- age   1:   15227840 bytes,   15227840 total
- age   2:    2781288 bytes,   18009128 total
- age   3:     691440 bytes,   18700568 total
- age   4:     316888 bytes,   19017456 total
- age   5:     304808 bytes,   19322264 total
- age   6:     276032 bytes,   19598296 total
- age   7:     246824 bytes,   19845120 total
- age   8:     241872 bytes,   20086992 total
- age   9:     306600 bytes,   20393592 total
- age  10:     216240 bytes,   20609832 total
- age  11:     188056 bytes,   20797888 total
- age  12:     215384 bytes,   21013272 total
- age  13:     360008 bytes,   21373280 total
- age  14:     147696 bytes,   21520976 total
- age  15:     198520 bytes,   21719496 total
 1502821.729: [G1Ergonomics (CSet Construction) start choosing CSet, _pending_cards: 22507, predicted base time: 8.33 ms, remaining time: 51.67 ms, target pause time: 60.00 ms]
 1502821.729: [G1Ergonomics (CSet Construction) add young regions to CSet, eden: 553 regions, survivors: 9 regions, predicted young region time: 57.31 ms]
 1502821.729: [G1Ergonomics (CSet Construction) finish choosing CSet, eden: 553 regions, survivors: 9 regions, old: 0 regions, predicted pause time: 65.64 ms, target pause time: 60.00 ms]
, 0.0186463 secs]
   [Parallel Time: 16.8 ms, GC Workers: 8]
      [GC Worker Start (ms): Min: 1502821728.7, Avg: 1502821728.8, Max: 1502821728.8, Diff: 0.1]
      [Ext Root Scanning (ms): Min: 1.0, Avg: 1.3, Max: 2.2, Diff: 1.1, Sum: 10.4]
      [Update RS (ms): Min: 4.5, Avg: 5.3, Max: 5.8, Diff: 1.2, Sum: 42.7]
         [Processed Buffers: Min: 13, Avg: 23.2, Max: 37, Diff: 24, Sum: 186]
      [Scan RS (ms): Min: 0.0, Avg: 0.1, Max: 0.1, Diff: 0.1, Sum: 0.6]
      [Code Root Scanning (ms): Min: 0.0, Avg: 0.0, Max: 0.0, Diff: 0.0, Sum: 0.0]
      [Object Copy (ms): Min: 9.8, Avg: 10.0, Max: 10.1, Diff: 0.3, Sum: 79.7]
      [Termination (ms): Min: 0.0, Avg: 0.0, Max: 0.0, Diff: 0.0, Sum: 0.0]
      [GC Worker Other (ms): Min: 0.0, Avg: 0.0, Max: 0.1, Diff: 0.0, Sum: 0.3]
      [GC Worker Total (ms): Min: 16.7, Avg: 16.7, Max: 16.8, Diff: 0.1, Sum: 133.7]
      [GC Worker End (ms): Min: 1502821745.5, Avg: 1502821745.5, Max: 1502821745.5, Diff: 0.0]
   [Code Root Fixup: 0.2 ms]
   [Code Root Purge: 0.0 ms]
   [Clear CT: 0.3 ms]
   [Other: 1.4 ms]
      [Choose CSet: 0.0 ms]
      [Ref Proc: 0.2 ms]
      [Ref Enq: 0.0 ms]
      [Redirty Cards: 0.1 ms]
      [Humongous Reclaim: 0.0 ms]
      [Free CSet: 0.6 ms]
   [Eden: 2212.0M(2212.0M)->0.0B(2212.0M) Survivors: 36.0M->36.0M Heap: 3608.1M(4500.0M)->1396.4M(4500.0M)]
Heap after GC invocations=33033 (full 0):
 garbage-first heap   total 4608000K, used 1429878K [0x00000006a6c00000, 0x00000006a7002328, 0x00000007c0000000)
  region size 4096K, 9 young (36864K), 9 survivors (36864K)
 Metaspace       used 124692K, capacity 128524K, committed 129664K, reserved 1165312K
  class space    used 13846K, capacity 14512K, committed 14720K, reserved 1048576K
}
 [Times: user=0.11 sys=0.03, real=0.01 secs] 
{Heap before GC invocations=33033 (full 0):
 garbage-first heap   total 4608000K, used 3694966K [0x00000006a6c00000, 0x00000006a7002328, 0x00000007c0000000)
  region size 4096K, 562 young (2301952K), 9 survivors (36864K)
 Metaspace       used 124692K, capacity 128524K, committed 129664K, reserved 1165312K
  class space    used 13846K, capacity 14512K, committed 14720K, reserved 1048576K
2019-04-29T02:00:42.562+0800: 1502851.780: [GC pause (G1 Evacuation Pause) (young)
Desired survivor size 148897792 bytes, new threshold 15 (max 15)
- age   1:   15177152 bytes,   15177152 total
- age   2:    1832320 bytes,   17009472 total
- age   3:    1218256 bytes,   18227728 total
- age   4:     385768 bytes,   18613496 total
- age   5:     315480 bytes,   18928976 total
- age   6:     304120 bytes,   19233096 total
- age   7:     274536 bytes,   19507632 total
- age   8:     246600 bytes,   19754232 total
- age   9:     241872 bytes,   19996104 total
- age  10:     306600 bytes,   20302704 total
- age  11:     216240 bytes,   20518944 total
- age  12:     187944 bytes,   20706888 total
- age  13:     215384 bytes,   20922272 total
- age  14:     359296 bytes,   21281568 total
- age  15:     147696 bytes,   21429264 total
 1502851.780: [G1Ergonomics (CSet Construction) start choosing CSet, _pending_cards: 22174, predicted base time: 8.14 ms, remaining time: 51.86 ms, target pause time: 60.00 ms]
 1502851.780: [G1Ergonomics (CSet Construction) add young regions to CSet, eden: 553 regions, survivors: 9 regions, predicted young region time: 45.28 ms]
 1502851.780: [G1Ergonomics (CSet Construction) finish choosing CSet, eden: 553 regions, survivors: 9 regions, old: 0 regions, predicted pause time: 53.42 ms, target pause time: 60.00 ms]
, 0.0205612 secs]
   [Parallel Time: 18.4 ms, GC Workers: 8]
      [GC Worker Start (ms): Min: 1502851780.7, Avg: 1502851780.8, Max: 1502851780.8, Diff: 0.1]
      [Ext Root Scanning (ms): Min: 1.2, Avg: 1.4, Max: 2.2, Diff: 1.0, Sum: 11.3]
      [Update RS (ms): Min: 4.8, Avg: 5.5, Max: 5.9, Diff: 1.1, Sum: 44.2]
         [Processed Buffers: Min: 14, Avg: 22.9, Max: 33, Diff: 19, Sum: 183]
      [Scan RS (ms): Min: 0.0, Avg: 0.1, Max: 0.1, Diff: 0.1, Sum: 0.7]
      [Code Root Scanning (ms): Min: 0.0, Avg: 0.0, Max: 0.0, Diff: 0.0, Sum: 0.0]
      [Object Copy (ms): Min: 11.0, Avg: 11.1, Max: 11.2, Diff: 0.2, Sum: 89.1]
      [Termination (ms): Min: 0.0, Avg: 0.0, Max: 0.0, Diff: 0.0, Sum: 0.0]
      [GC Worker Other (ms): Min: 0.0, Avg: 0.0, Max: 0.1, Diff: 0.1, Sum: 0.4]
      [GC Worker Total (ms): Min: 18.2, Avg: 18.2, Max: 18.3, Diff: 0.1, Sum: 145.8]
      [GC Worker End (ms): Min: 1502851799.0, Avg: 1502851799.0, Max: 1502851799.0, Diff: 0.1]
   [Code Root Fixup: 0.2 ms]
   [Code Root Purge: 0.0 ms]
   [Clear CT: 0.3 ms]
   [Other: 1.7 ms]
      [Choose CSet: 0.0 ms]
      [Ref Proc: 0.2 ms]
      [Ref Enq: 0.0 ms]
      [Redirty Cards: 0.1 ms]
      [Humongous Reclaim: 0.0 ms]
      [Free CSet: 0.7 ms]
   [Eden: 2212.0M(2212.0M)->0.0B(2212.0M) Survivors: 36.0M->36.0M Heap: 3608.4M(4500.0M)->1396.6M(4500.0M)]
Heap after GC invocations=33034 (full 0):
 garbage-first heap   total 4608000K, used 1430130K [0x00000006a6c00000, 0x00000006a7002328, 0x00000007c0000000)
  region size 4096K, 9 young (36864K), 9 survivors (36864K)
 Metaspace       used 124692K, capacity 128524K, committed 129664K, reserved 1165312K
  class space    used 13846K, capacity 14512K, committed 14720K, reserved 1048576K
}
 [Times: user=0.12 sys=0.03, real=0.02 secs] 
{Heap before GC invocations=33034 (full 0):
 garbage-first heap   total 4608000K, used 3695218K [0x00000006a6c00000, 0x00000006a7002328, 0x00000007c0000000)
  region size 4096K, 562 young (2301952K), 9 survivors (36864K)
 Metaspace       used 124692K, capacity 128524K, committed 129664K, reserved 1165312K
  class space    used 13846K, capacity 14512K, committed 14720K, reserved 1048576K
2019-04-29T02:01:08.226+0800: 1502877.445: [GC pause (G1 Evacuation Pause) (young)
Desired survivor size 148897792 bytes, new threshold 15 (max 15)
- age   1:   17935056 bytes,   17935056 total
- age   2:    1812824 bytes,   19747880 total
- age   3:     601664 bytes,   20349544 total
- age   4:     637120 bytes,   20986664 total
- age   5:     383888 bytes,   21370552 total
- age   6:     259704 bytes,   21630256 total
- age   7:     303408 bytes,   21933664 total
- age   8:     274288 bytes,   22207952 total
- age   9:     246600 bytes,   22454552 total
- age  10:     236856 bytes,   22691408 total
- age  11:     298992 bytes,   22990400 total
- age  12:     216128 bytes,   23206528 total
- age  13:     152312 bytes,   23358840 total
- age  14:     215384 bytes,   23574224 total
- age  15:     359296 bytes,   23933520 total
 1502877.445: [G1Ergonomics (CSet Construction) start choosing CSet, _pending_cards: 21830, predicted base time: 8.17 ms, remaining time: 51.83 ms, target pause time: 60.00 ms]
 1502877.445: [G1Ergonomics (CSet Construction) add young regions to CSet, eden: 553 regions, survivors: 9 regions, predicted young region time: 46.67 ms]
 1502877.445: [G1Ergonomics (CSet Construction) finish choosing CSet, eden: 553 regions, survivors: 9 regions, old: 0 regions, predicted pause time: 54.84 ms, target pause time: 60.00 ms]
, 0.0196881 secs]
   [Parallel Time: 17.5 ms, GC Workers: 8]
      [GC Worker Start (ms): Min: 1502877445.5, Avg: 1502877445.6, Max: 1502877445.6, Diff: 0.1]
      [Ext Root Scanning (ms): Min: 1.2, Avg: 1.5, Max: 2.2, Diff: 1.0, Sum: 11.7]
      [Update RS (ms): Min: 5.1, Avg: 5.6, Max: 5.9, Diff: 0.9, Sum: 44.7]
         [Processed Buffers: Min: 12, Avg: 23.0, Max: 38, Diff: 26, Sum: 184]
      [Scan RS (ms): Min: 0.0, Avg: 0.1, Max: 0.1, Diff: 0.1, Sum: 0.7]
      [Code Root Scanning (ms): Min: 0.0, Avg: 0.0, Max: 0.0, Diff: 0.0, Sum: 0.0]
      [Object Copy (ms): Min: 10.1, Avg: 10.2, Max: 10.2, Diff: 0.2, Sum: 81.2]
      [Termination (ms): Min: 0.0, Avg: 0.0, Max: 0.0, Diff: 0.0, Sum: 0.0]
      [GC Worker Other (ms): Min: 0.0, Avg: 0.1, Max: 0.1, Diff: 0.1, Sum: 0.4]
      [GC Worker Total (ms): Min: 17.3, Avg: 17.3, Max: 17.4, Diff: 0.1, Sum: 138.7]
      [GC Worker End (ms): Min: 1502877462.9, Avg: 1502877462.9, Max: 1502877462.9, Diff: 0.1]
   [Code Root Fixup: 0.2 ms]
   [Code Root Purge: 0.0 ms]
   [Clear CT: 0.3 ms]
   [Other: 1.7 ms]
      [Choose CSet: 0.0 ms]
      [Ref Proc: 0.2 ms]
      [Ref Enq: 0.0 ms]
      [Redirty Cards: 0.1 ms]
      [Humongous Reclaim: 0.0 ms]
      [Free CSet: 0.9 ms]
   [Eden: 2212.0M(2212.0M)->0.0B(2216.0M) Survivors: 36.0M->32.0M Heap: 3608.6M(4500.0M)->1395.0M(4500.0M)]
Heap after GC invocations=33035 (full 0):
 garbage-first heap   total 4608000K, used 1428494K [0x00000006a6c00000, 0x00000006a7002328, 0x00000007c0000000)
  region size 4096K, 8 young (32768K), 8 survivors (32768K)
 Metaspace       used 124692K, capacity 128524K, committed 129664K, reserved 1165312K
  class space    used 13846K, capacity 14512K, committed 14720K, reserved 1048576K
}
 [Times: user=0.12 sys=0.03, real=0.02 secs] 
{Heap before GC invocations=33035 (full 0):
 garbage-first heap   total 4608000K, used 3697678K [0x00000006a6c00000, 0x00000006a7002328, 0x00000007c0000000)
  region size 4096K, 562 young (2301952K), 8 survivors (32768K)
 Metaspace       used 124692K, capacity 128524K, committed 129664K, reserved 1165312K
  class space    used 13846K, capacity 14512K, committed 14720K, reserved 1048576K
2019-04-29T02:01:33.845+0800: 1502903.064: [GC pause (G1 Evacuation Pause) (young)
Desired survivor size 148897792 bytes, new threshold 15 (max 15)
- age   1:   14541408 bytes,   14541408 total
- age   2:    2086744 bytes,   16628152 total
- age   3:     450376 bytes,   17078528 total
- age   4:     224240 bytes,   17302768 total
- age   5:     624560 bytes,   17927328 total
- age   6:     382904 bytes,   18310232 total
- age   7:     258848 bytes,   18569080 total
- age   8:     303152 bytes,   18872232 total
- age   9:     274104 bytes,   19146336 total
- age  10:     246344 bytes,   19392680 total
- age  11:     236856 bytes,   19629536 total
- age  12:     298992 bytes,   19928528 total
- age  13:     215952 bytes,   20144480 total
- age  14:     150712 bytes,   20295192 total
- age  15:     215384 bytes,   20510576 total
 1502903.064: [G1Ergonomics (CSet Construction) start choosing CSet, _pending_cards: 22549, predicted base time: 8.45 ms, remaining time: 51.55 ms, target pause time: 60.00 ms]
 1502903.064: [G1Ergonomics (CSet Construction) add young regions to CSet, eden: 554 regions, survivors: 8 regions, predicted young region time: 37.85 ms]
 1502903.064: [G1Ergonomics (CSet Construction) finish choosing CSet, eden: 554 regions, survivors: 8 regions, old: 0 regions, predicted pause time: 46.30 ms, target pause time: 60.00 ms]
, 0.0196228 secs]
   [Parallel Time: 17.7 ms, GC Workers: 8]
      [GC Worker Start (ms): Min: 1502903064.5, Avg: 1502903064.5, Max: 1502903064.6, Diff: 0.1]
      [Ext Root Scanning (ms): Min: 1.1, Avg: 1.3, Max: 2.0, Diff: 1.0, Sum: 10.5]
      [Update RS (ms): Min: 5.1, Avg: 5.6, Max: 6.0, Diff: 0.9, Sum: 44.7]
         [Processed Buffers: Min: 13, Avg: 23.2, Max: 31, Diff: 18, Sum: 186]
      [Scan RS (ms): Min: 0.0, Avg: 0.1, Max: 0.1, Diff: 0.1, Sum: 0.6]
      [Code Root Scanning (ms): Min: 0.0, Avg: 0.0, Max: 0.0, Diff: 0.0, Sum: 0.0]
      [Object Copy (ms): Min: 10.4, Avg: 10.6, Max: 10.7, Diff: 0.2, Sum: 84.7]
      [Termination (ms): Min: 0.0, Avg: 0.0, Max: 0.0, Diff: 0.0, Sum: 0.0]
      [GC Worker Other (ms): Min: 0.0, Avg: 0.0, Max: 0.1, Diff: 0.1, Sum: 0.4]
      [GC Worker Total (ms): Min: 17.6, Avg: 17.6, Max: 17.6, Diff: 0.1, Sum: 140.9]
      [GC Worker End (ms): Min: 1502903082.1, Avg: 1502903082.1, Max: 1502903082.2, Diff: 0.1]
   [Code Root Fixup: 0.2 ms]
   [Code Root Purge: 0.0 ms]
   [Clear CT: 0.3 ms]
   [Other: 1.4 ms]
      [Choose CSet: 0.0 ms]
      [Ref Proc: 0.2 ms]
      [Ref Enq: 0.0 ms]
      [Redirty Cards: 0.1 ms]
      [Humongous Reclaim: 0.0 ms]
      [Free CSet: 0.6 ms]
   [Eden: 2216.0M(2216.0M)->0.0B(2212.0M) Survivors: 32.0M->36.0M Heap: 3611.0M(4500.0M)->1397.4M(4500.0M)]
Heap after GC invocations=33036 (full 0):
 garbage-first heap   total 4608000K, used 1430974K [0x00000006a6c00000, 0x00000006a7002328, 0x00000007c0000000)
  region size 4096K, 9 young (36864K), 9 survivors (36864K)
 Metaspace       used 124692K, capacity 128524K, committed 129664K, reserved 1165312K
  class space    used 13846K, capacity 14512K, committed 14720K, reserved 1048576K
}
 [Times: user=0.15 sys=0.00, real=0.02 secs] 
{Heap before GC invocations=33036 (full 0):
 garbage-first heap   total 4608000K, used 3696062K [0x00000006a6c00000, 0x00000006a7002328, 0x00000007c0000000)
  region size 4096K, 562 young (2301952K), 9 survivors (36864K)
 Metaspace       used 124692K, capacity 128524K, committed 129664K, reserved 1165312K
  class space    used 13846K, capacity 14512K, committed 14720K, reserved 1048576K
2019-04-29T02:02:03.982+0800: 1502933.201: [GC pause (G1 Evacuation Pause) (young)
Desired survivor size 148897792 bytes, new threshold 15 (max 15)
- age   1:   15852344 bytes,   15852344 total
- age   2:    1871480 bytes,   17723824 total
- age   3:     729336 bytes,   18453160 total
- age   4:     243208 bytes,   18696368 total
- age   5:     222952 bytes,   18919320 total
- age   6:     623304 bytes,   19542624 total
- age   7:     381392 bytes,   19924016 total
- age   8:     258160 bytes,   20182176 total
- age   9:     303080 bytes,   20485256 total
- age  10:     273960 bytes,   20759216 total
- age  11:     246200 bytes,   21005416 total
- age  12:     236640 bytes,   21242056 total
- age  13:     298488 bytes,   21540544 total
- age  14:     215736 bytes,   21756280 total
- age  15:     149576 bytes,   21905856 total
 1502933.201: [G1Ergonomics (CSet Construction) start choosing CSet, _pending_cards: 21947, predicted base time: 8.23 ms, remaining time: 51.77 ms, target pause time: 60.00 ms]
 1502933.201: [G1Ergonomics (CSet Construction) add young regions to CSet, eden: 553 regions, survivors: 9 regions, predicted young region time: 30.51 ms]
 1502933.201: [G1Ergonomics (CSet Construction) finish choosing CSet, eden: 553 regions, survivors: 9 regions, old: 0 regions, predicted pause time: 38.74 ms, target pause time: 60.00 ms]
, 0.0200361 secs]
   [Parallel Time: 18.1 ms, GC Workers: 8]
      [GC Worker Start (ms): Min: 1502933200.9, Avg: 1502933201.0, Max: 1502933201.0, Diff: 0.1]
      [Ext Root Scanning (ms): Min: 1.1, Avg: 1.3, Max: 2.1, Diff: 1.1, Sum: 10.3]
      [Update RS (ms): Min: 4.5, Avg: 5.3, Max: 5.7, Diff: 1.1, Sum: 42.8]
         [Processed Buffers: Min: 12, Avg: 22.5, Max: 38, Diff: 26, Sum: 180]
      [Scan RS (ms): Min: 0.0, Avg: 0.1, Max: 0.2, Diff: 0.1, Sum: 0.6]
      [Code Root Scanning (ms): Min: 0.0, Avg: 0.0, Max: 0.0, Diff: 0.0, Sum: 0.0]
      [Object Copy (ms): Min: 11.0, Avg: 11.2, Max: 11.3, Diff: 0.3, Sum: 89.4]
      [Termination (ms): Min: 0.0, Avg: 0.0, Max: 0.0, Diff: 0.0, Sum: 0.0]
      [GC Worker Other (ms): Min: 0.0, Avg: 0.0, Max: 0.1, Diff: 0.1, Sum: 0.4]
      [GC Worker Total (ms): Min: 17.9, Avg: 17.9, Max: 18.0, Diff: 0.1, Sum: 143.5]
      [GC Worker End (ms): Min: 1502933218.9, Avg: 1502933218.9, Max: 1502933218.9, Diff: 0.1]
   [Code Root Fixup: 0.2 ms]
   [Code Root Purge: 0.0 ms]
   [Clear CT: 0.3 ms]
   [Other: 1.5 ms]
      [Choose CSet: 0.0 ms]
      [Ref Proc: 0.2 ms]
      [Ref Enq: 0.0 ms]
      [Redirty Cards: 0.1 ms]
      [Humongous Reclaim: 0.0 ms]
      [Free CSet: 0.7 ms]
   [Eden: 2212.0M(2212.0M)->0.0B(2212.0M) Survivors: 36.0M->36.0M Heap: 3609.4M(4500.0M)->1397.6M(4500.0M)]
Heap after GC invocations=33037 (full 0):
 garbage-first heap   total 4608000K, used 1431190K [0x00000006a6c00000, 0x00000006a7002328, 0x00000007c0000000)
  region size 4096K, 9 young (36864K), 9 survivors (36864K)
 Metaspace       used 124692K, capacity 128524K, committed 129664K, reserved 1165312K
  class space    used 13846K, capacity 14512K, committed 14720K, reserved 1048576K
}
 [Times: user=0.12 sys=0.03, real=0.02 secs] 
{Heap before GC invocations=33037 (full 0):
 garbage-first heap   total 4608000K, used 3696278K [0x00000006a6c00000, 0x00000006a7002328, 0x00000007c0000000)
  region size 4096K, 562 young (2301952K), 9 survivors (36864K)
 Metaspace       used 124692K, capacity 128524K, committed 129664K, reserved 1165312K
  class space    used 13846K, capacity 14512K, committed 14720K, reserved 1048576K
2019-04-29T02:02:30.848+0800: 1502960.066: [GC pause (G1 Evacuation Pause) (young)
Desired survivor size 148897792 bytes, new threshold 15 (max 15)
- age   1:   16825568 bytes,   16825568 total
- age   2:    2545808 bytes,   19371376 total
- age   3:     498360 bytes,   19869736 total
- age   4:     183064 bytes,   20052800 total
- age   5:     242312 bytes,   20295112 total
- age   6:     221768 bytes,   20516880 total
- age   7:     622904 bytes,   21139784 total
- age   8:     381392 bytes,   21521176 total
- age   9:     258160 bytes,   21779336 total
- age  10:     303048 bytes,   22082384 total
- age  11:     273960 bytes,   22356344 total
- age  12:     246200 bytes,   22602544 total
- age  13:     236640 bytes,   22839184 total
- age  14:     298488 bytes,   23137672 total
- age  15:     215736 bytes,   23353408 total
 1502960.067: [G1Ergonomics (CSet Construction) start choosing CSet, _pending_cards: 21533, predicted base time: 8.06 ms, remaining time: 51.94 ms, target pause time: 60.00 ms]
 1502960.067: [G1Ergonomics (CSet Construction) add young regions to CSet, eden: 553 regions, survivors: 9 regions, predicted young region time: 31.85 ms]
 1502960.067: [G1Ergonomics (CSet Construction) finish choosing CSet, eden: 553 regions, survivors: 9 regions, old: 0 regions, predicted pause time: 39.91 ms, target pause time: 60.00 ms]
, 0.0187560 secs]
   [Parallel Time: 16.9 ms, GC Workers: 8]
      [GC Worker Start (ms): Min: 1502960066.7, Avg: 1502960066.7, Max: 1502960066.8, Diff: 0.1]
      [Ext Root Scanning (ms): Min: 1.0, Avg: 1.3, Max: 2.1, Diff: 1.1, Sum: 10.3]
      [Update RS (ms): Min: 4.5, Avg: 5.3, Max: 5.6, Diff: 1.1, Sum: 42.1]
         [Processed Buffers: Min: 14, Avg: 21.6, Max: 40, Diff: 26, Sum: 173]
      [Scan RS (ms): Min: 0.0, Avg: 0.1, Max: 0.2, Diff: 0.1, Sum: 0.6]
      [Code Root Scanning (ms): Min: 0.0, Avg: 0.0, Max: 0.0, Diff: 0.0, Sum: 0.0]
      [Object Copy (ms): Min: 10.0, Avg: 10.1, Max: 10.2, Diff: 0.2, Sum: 80.9]
      [Termination (ms): Min: 0.0, Avg: 0.0, Max: 0.0, Diff: 0.0, Sum: 0.0]
      [GC Worker Other (ms): Min: 0.0, Avg: 0.0, Max: 0.1, Diff: 0.0, Sum: 0.3]
      [GC Worker Total (ms): Min: 16.7, Avg: 16.8, Max: 16.8, Diff: 0.1, Sum: 134.2]
      [GC Worker End (ms): Min: 1502960083.5, Avg: 1502960083.5, Max: 1502960083.5, Diff: 0.0]
   [Code Root Fixup: 0.2 ms]
   [Code Root Purge: 0.0 ms]
   [Clear CT: 0.2 ms]
   [Other: 1.4 ms]
      [Choose CSet: 0.0 ms]
      [Ref Proc: 0.2 ms]
      [Ref Enq: 0.0 ms]
      [Redirty Cards: 0.1 ms]
      [Humongous Reclaim: 0.0 ms]
      [Free CSet: 0.6 ms]
   [Eden: 2212.0M(2212.0M)->0.0B(2216.0M) Survivors: 36.0M->32.0M Heap: 3609.6M(4500.0M)->1396.0M(4500.0M)]
Heap after GC invocations=33038 (full 0):
 garbage-first heap   total 4608000K, used 1429460K [0x00000006a6c00000, 0x00000006a7002328, 0x00000007c0000000)
  region size 4096K, 8 young (32768K), 8 survivors (32768K)
 Metaspace       used 124692K, capacity 128524K, committed 129664K, reserved 1165312K
  class space    used 13846K, capacity 14512K, committed 14720K, reserved 1048576K
}
 [Times: user=0.14 sys=0.00, real=0.02 secs] 
{Heap before GC invocations=33038 (full 0):
 garbage-first heap   total 4608000K, used 3698644K [0x00000006a6c00000, 0x00000006a7002328, 0x00000007c0000000)
  region size 4096K, 562 young (2301952K), 8 survivors (32768K)
 Metaspace       used 124692K, capacity 128524K, committed 129664K, reserved 1165312K
  class space    used 13846K, capacity 14512K, committed 14720K, reserved 1048576K
2019-04-29T02:03:02.201+0800: 1502991.420: [GC pause (G1 Evacuation Pause) (young)
Desired survivor size 148897792 bytes, new threshold 15 (max 15)
- age   1:   15295736 bytes,   15295736 total
- age   2:    2201144 bytes,   17496880 total
- age   3:     622976 bytes,   18119856 total
- age   4:     152584 bytes,   18272440 total
- age   5:     182104 bytes,   18454544 total
- age   6:     240840 bytes,   18695384 total
- age   7:     220288 bytes,   18915672 total
- age   8:     622568 bytes,   19538240 total
- age   9:     381392 bytes,   19919632 total
- age  10:     258160 bytes,   20177792 total
- age  11:     303048 bytes,   20480840 total
- age  12:     273960 bytes,   20754800 total
- age  13:     246200 bytes,   21001000 total
- age  14:     236640 bytes,   21237640 total
- age  15:     298488 bytes,   21536128 total
 1502991.420: [G1Ergonomics (CSet Construction) start choosing CSet, _pending_cards: 22391, predicted base time: 8.20 ms, remaining time: 51.80 ms, target pause time: 60.00 ms]
 1502991.420: [G1Ergonomics (CSet Construction) add young regions to CSet, eden: 554 regions, survivors: 8 regions, predicted young region time: 28.93 ms]
 1502991.420: [G1Ergonomics (CSet Construction) finish choosing CSet, eden: 554 regions, survivors: 8 regions, old: 0 regions, predicted pause time: 37.13 ms, target pause time: 60.00 ms]
, 0.0183972 secs]
   [Parallel Time: 16.5 ms, GC Workers: 8]
      [GC Worker Start (ms): Min: 1502991420.4, Avg: 1502991420.4, Max: 1502991420.5, Diff: 0.1]
      [Ext Root Scanning (ms): Min: 1.1, Avg: 1.6, Max: 4.4, Diff: 3.3, Sum: 13.0]
      [Update RS (ms): Min: 2.5, Avg: 5.3, Max: 5.9, Diff: 3.4, Sum: 42.1]
         [Processed Buffers: Min: 12, Avg: 22.8, Max: 26, Diff: 14, Sum: 182]
      [Scan RS (ms): Min: 0.0, Avg: 0.1, Max: 0.1, Diff: 0.1, Sum: 0.7]
      [Code Root Scanning (ms): Min: 0.0, Avg: 0.0, Max: 0.0, Diff: 0.0, Sum: 0.0]
      [Object Copy (ms): Min: 9.2, Avg: 9.3, Max: 9.4, Diff: 0.3, Sum: 74.7]
      [Termination (ms): Min: 0.0, Avg: 0.0, Max: 0.0, Diff: 0.0, Sum: 0.0]
      [GC Worker Other (ms): Min: 0.0, Avg: 0.0, Max: 0.1, Diff: 0.1, Sum: 0.3]
      [GC Worker Total (ms): Min: 16.3, Avg: 16.4, Max: 16.4, Diff: 0.1, Sum: 130.8]
      [GC Worker End (ms): Min: 1502991436.7, Avg: 1502991436.8, Max: 1502991436.8, Diff: 0.0]
   [Code Root Fixup: 0.3 ms]
   [Code Root Purge: 0.0 ms]
   [Clear CT: 0.3 ms]
   [Other: 1.4 ms]
      [Choose CSet: 0.0 ms]
      [Ref Proc: 0.2 ms]
      [Ref Enq: 0.0 ms]
      [Redirty Cards: 0.1 ms]
      [Humongous Reclaim: 0.0 ms]
      [Free CSet: 0.6 ms]
   [Eden: 2216.0M(2216.0M)->0.0B(2212.0M) Survivors: 32.0M->36.0M Heap: 3612.0M(4500.0M)->1398.4M(4500.0M)]
Heap after GC invocations=33039 (full 0):
 garbage-first heap   total 4608000K, used 1431919K [0x00000006a6c00000, 0x00000006a7002328, 0x00000007c0000000)
  region size 4096K, 9 young (36864K), 9 survivors (36864K)
 Metaspace       used 124692K, capacity 128524K, committed 129664K, reserved 1165312K
  class space    used 13846K, capacity 14512K, committed 14720K, reserved 1048576K
}
 [Times: user=0.10 sys=0.03, real=0.02 secs] 
{Heap before GC invocations=33039 (full 0):
 garbage-first heap   total 4608000K, used 3697007K [0x00000006a6c00000, 0x00000006a7002328, 0x00000007c0000000)
  region size 4096K, 562 young (2301952K), 9 survivors (36864K)
 Metaspace       used 124692K, capacity 128524K, committed 129664K, reserved 1165312K
  class space    used 13846K, capacity 14512K, committed 14720K, reserved 1048576K
2019-04-29T02:03:30.091+0800: 1503019.310: [GC pause (G1 Evacuation Pause) (young)
Desired survivor size 148897792 bytes, new threshold 15 (max 15)
- age   1:   13935072 bytes,   13935072 total
- age   2:    2055784 bytes,   15990856 total
- age   3:     254328 bytes,   16245184 total
- age   4:     585640 bytes,   16830824 total
- age   5:     144784 bytes,   16975608 total
- age   6:     181240 bytes,   17156848 total
- age   7:     240168 bytes,   17397016 total
- age   8:     220176 bytes,   17617192 total
- age   9:     622424 bytes,   18239616 total
- age  10:     381392 bytes,   18621008 total
- age  11:     258160 bytes,   18879168 total
- age  12:     303048 bytes,   19182216 total
- age  13:     273960 bytes,   19456176 total
- age  14:     246200 bytes,   19702376 total
- age  15:     236640 bytes,   19939016 total
 1503019.310: [G1Ergonomics (CSet Construction) start choosing CSet, _pending_cards: 22084, predicted base time: 8.17 ms, remaining time: 51.83 ms, target pause time: 60.00 ms]
 1503019.310: [G1Ergonomics (CSet Construction) add young regions to CSet, eden: 553 regions, survivors: 9 regions, predicted young region time: 25.25 ms]
 1503019.310: [G1Ergonomics (CSet Construction) finish choosing CSet, eden: 553 regions, survivors: 9 regions, old: 0 regions, predicted pause time: 33.42 ms, target pause time: 60.00 ms]
, 0.0188505 secs]
   [Parallel Time: 16.8 ms, GC Workers: 8]
      [GC Worker Start (ms): Min: 1503019309.9, Avg: 1503019310.0, Max: 1503019310.0, Diff: 0.1]
      [Ext Root Scanning (ms): Min: 1.1, Avg: 1.3, Max: 2.2, Diff: 1.1, Sum: 10.7]
      [Update RS (ms): Min: 4.5, Avg: 5.2, Max: 5.5, Diff: 1.0, Sum: 41.4]
         [Processed Buffers: Min: 13, Avg: 22.0, Max: 36, Diff: 23, Sum: 176]
      [Scan RS (ms): Min: 0.0, Avg: 0.1, Max: 0.2, Diff: 0.1, Sum: 0.6]
      [Code Root Scanning (ms): Min: 0.0, Avg: 0.0, Max: 0.0, Diff: 0.0, Sum: 0.0]
      [Object Copy (ms): Min: 9.9, Avg: 10.0, Max: 10.1, Diff: 0.2, Sum: 80.4]
      [Termination (ms): Min: 0.0, Avg: 0.0, Max: 0.0, Diff: 0.0, Sum: 0.0]
      [GC Worker Other (ms): Min: 0.0, Avg: 0.0, Max: 0.1, Diff: 0.0, Sum: 0.3]
      [GC Worker Total (ms): Min: 16.6, Avg: 16.7, Max: 16.7, Diff: 0.1, Sum: 133.5]
      [GC Worker End (ms): Min: 1503019326.6, Avg: 1503019326.7, Max: 1503019326.7, Diff: 0.1]
   [Code Root Fixup: 0.3 ms]
   [Code Root Purge: 0.0 ms]
   [Clear CT: 0.3 ms]
   [Other: 1.5 ms]
      [Choose CSet: 0.0 ms]
      [Ref Proc: 0.2 ms]
      [Ref Enq: 0.0 ms]
      [Redirty Cards: 0.1 ms]
      [Humongous Reclaim: 0.0 ms]
      [Free CSet: 0.7 ms]
   [Eden: 2212.0M(2212.0M)->0.0B(2212.0M) Survivors: 36.0M->36.0M Heap: 3610.4M(4500.0M)->1399.9M(4500.0M)]
Heap after GC invocations=33040 (full 0):
 garbage-first heap   total 4608000K, used 1433467K [0x00000006a6c00000, 0x00000006a7002328, 0x00000007c0000000)
  region size 4096K, 9 young (36864K), 9 survivors (36864K)
 Metaspace       used 124692K, capacity 128524K, committed 129664K, reserved 1165312K
  class space    used 13846K, capacity 14512K, committed 14720K, reserved 1048576K
}
 [Times: user=0.14 sys=0.00, real=0.02 secs] 
{Heap before GC invocations=33040 (full 0):
 garbage-first heap   total 4608000K, used 3698555K [0x00000006a6c00000, 0x00000006a7002328, 0x00000007c0000000)
  region size 4096K, 562 young (2301952K), 9 survivors (36864K)
 Metaspace       used 124692K, capacity 128524K, committed 129664K, reserved 1165312K
  class space    used 13846K, capacity 14512K, committed 14720K, reserved 1048576K
2019-04-29T02:04:00.365+0800: 1503049.583: [GC pause (G1 Evacuation Pause) (young)
Desired survivor size 148897792 bytes, new threshold 15 (max 15)
- age   1:   15593696 bytes,   15593696 total
- age   2:    2000416 bytes,   17594112 total
- age   3:     314384 bytes,   17908496 total
- age   4:     211520 bytes,   18120016 total
- age   5:     585128 bytes,   18705144 total
- age   6:     143896 bytes,   18849040 total
- age   7:     180048 bytes,   19029088 total
- age   8:     240168 bytes,   19269256 total
- age   9:     220064 bytes,   19489320 total
- age  10:     622424 bytes,   20111744 total
- age  11:     381392 bytes,   20493136 total
- age  12:     258160 bytes,   20751296 total
- age  13:     303048 bytes,   21054344 total
- age  14:     273960 bytes,   21328304 total
- age  15:     246200 bytes,   21574504 total
 1503049.583: [G1Ergonomics (CSet Construction) start choosing CSet, _pending_cards: 21947, predicted base time: 8.07 ms, remaining time: 51.93 ms, target pause time: 60.00 ms]
 1503049.583: [G1Ergonomics (CSet Construction) add young regions to CSet, eden: 553 regions, survivors: 9 regions, predicted young region time: 27.07 ms]
 1503049.583: [G1Ergonomics (CSet Construction) finish choosing CSet, eden: 553 regions, survivors: 9 regions, old: 0 regions, predicted pause time: 35.13 ms, target pause time: 60.00 ms]
, 0.0192366 secs]
   [Parallel Time: 16.8 ms, GC Workers: 8]
      [GC Worker Start (ms): Min: 1503049583.7, Avg: 1503049583.7, Max: 1503049583.8, Diff: 0.1]
      [Ext Root Scanning (ms): Min: 1.3, Avg: 1.5, Max: 2.3, Diff: 1.0, Sum: 11.7]
      [Update RS (ms): Min: 5.1, Avg: 5.7, Max: 6.0, Diff: 0.9, Sum: 45.4]
         [Processed Buffers: Min: 12, Avg: 22.9, Max: 35, Diff: 23, Sum: 183]
      [Scan RS (ms): Min: 0.0, Avg: 0.1, Max: 0.1, Diff: 0.1, Sum: 0.6]
      [Code Root Scanning (ms): Min: 0.0, Avg: 0.0, Max: 0.0, Diff: 0.0, Sum: 0.0]
      [Object Copy (ms): Min: 9.2, Avg: 9.4, Max: 9.5, Diff: 0.3, Sum: 75.0]
      [Termination (ms): Min: 0.0, Avg: 0.0, Max: 0.0, Diff: 0.0, Sum: 0.0]
      [GC Worker Other (ms): Min: 0.0, Avg: 0.1, Max: 0.1, Diff: 0.1, Sum: 0.6]
      [GC Worker Total (ms): Min: 16.6, Avg: 16.7, Max: 16.7, Diff: 0.1, Sum: 133.4]
      [GC Worker End (ms): Min: 1503049600.4, Avg: 1503049600.4, Max: 1503049600.5, Diff: 0.1]
   [Code Root Fixup: 0.3 ms]
   [Code Root Purge: 0.0 ms]
   [Clear CT: 0.3 ms]
   [Other: 1.9 ms]
      [Choose CSet: 0.0 ms]
      [Ref Proc: 0.2 ms]
      [Ref Enq: 0.0 ms]
      [Redirty Cards: 0.1 ms]
      [Humongous Reclaim: 0.0 ms]
      [Free CSet: 1.0 ms]
   [Eden: 2212.0M(2212.0M)->0.0B(2212.0M) Survivors: 36.0M->36.0M Heap: 3611.9M(4500.0M)->1399.1M(4500.0M)]
Heap after GC invocations=33041 (full 0):
 garbage-first heap   total 4608000K, used 1432660K [0x00000006a6c00000, 0x00000006a7002328, 0x00000007c0000000)
  region size 4096K, 9 young (36864K), 9 survivors (36864K)
 Metaspace       used 124692K, capacity 128524K, committed 129664K, reserved 1165312K
  class space    used 13846K, capacity 14512K, committed 14720K, reserved 1048576K
}
 [Times: user=0.10 sys=0.03, real=0.02 secs] 
{Heap before GC invocations=33041 (full 0):
 garbage-first heap   total 4608000K, used 3697748K [0x00000006a6c00000, 0x00000006a7002328, 0x00000007c0000000)
  region size 4096K, 562 young (2301952K), 9 survivors (36864K)
 Metaspace       used 124692K, capacity 128524K, committed 129664K, reserved 1165312K
  class space    used 13846K, capacity 14512K, committed 14720K, reserved 1048576K
2019-04-29T02:04:29.937+0800: 1503079.155: [GC pause (G1 Evacuation Pause) (young)
Desired survivor size 148897792 bytes, new threshold 15 (max 15)
- age   1:   14517440 bytes,   14517440 total
- age   2:    1914368 bytes,   16431808 total
- age   3:     329752 bytes,   16761560 total
- age   4:     177048 bytes,   16938608 total
- age   5:     209784 bytes,   17148392 total
- age   6:     583424 bytes,   17731816 total
- age   7:     143784 bytes,   17875600 total
- age   8:     179936 bytes,   18055536 total
- age   9:     240168 bytes,   18295704 total
- age  10:     219952 bytes,   18515656 total
- age  11:     622424 bytes,   19138080 total
- age  12:     381392 bytes,   19519472 total
- age  13:     258160 bytes,   19777632 total
- age  14:     303048 bytes,   20080680 total
- age  15:     273960 bytes,   20354640 total
 1503079.156: [G1Ergonomics (CSet Construction) start choosing CSet, _pending_cards: 22211, predicted base time: 8.35 ms, remaining time: 51.65 ms, target pause time: 60.00 ms]
 1503079.156: [G1Ergonomics (CSet Construction) add young regions to CSet, eden: 553 regions, survivors: 9 regions, predicted young region time: 22.01 ms]
 1503079.156: [G1Ergonomics (CSet Construction) finish choosing CSet, eden: 553 regions, survivors: 9 regions, old: 0 regions, predicted pause time: 30.36 ms, target pause time: 60.00 ms]
, 0.0193126 secs]
   [Parallel Time: 17.4 ms, GC Workers: 8]
      [GC Worker Start (ms): Min: 1503079155.8, Avg: 1503079155.8, Max: 1503079155.8, Diff: 0.1]
      [Ext Root Scanning (ms): Min: 1.1, Avg: 1.3, Max: 2.0, Diff: 0.8, Sum: 10.8]
      [Update RS (ms): Min: 4.8, Avg: 5.4, Max: 5.6, Diff: 0.8, Sum: 43.0]
         [Processed Buffers: Min: 11, Avg: 22.4, Max: 38, Diff: 27, Sum: 179]
      [Scan RS (ms): Min: 0.0, Avg: 0.1, Max: 0.2, Diff: 0.1, Sum: 0.6]
      [Code Root Scanning (ms): Min: 0.0, Avg: 0.0, Max: 0.0, Diff: 0.0, Sum: 0.0]
      [Object Copy (ms): Min: 10.3, Avg: 10.4, Max: 10.5, Diff: 0.2, Sum: 83.5]
      [Termination (ms): Min: 0.0, Avg: 0.0, Max: 0.0, Diff: 0.0, Sum: 0.0]
      [GC Worker Other (ms): Min: 0.0, Avg: 0.1, Max: 0.1, Diff: 0.1, Sum: 0.4]
      [GC Worker Total (ms): Min: 17.2, Avg: 17.3, Max: 17.3, Diff: 0.1, Sum: 138.4]
      [GC Worker End (ms): Min: 1503079173.1, Avg: 1503079173.1, Max: 1503079173.1, Diff: 0.1]
   [Code Root Fixup: 0.2 ms]
   [Code Root Purge: 0.0 ms]
   [Clear CT: 0.2 ms]
   [Other: 1.4 ms]
      [Choose CSet: 0.0 ms]
      [Ref Proc: 0.2 ms]
      [Ref Enq: 0.0 ms]
      [Redirty Cards: 0.1 ms]
      [Humongous Reclaim: 0.0 ms]
      [Free CSet: 0.6 ms]
   [Eden: 2212.0M(2212.0M)->0.0B(2208.0M) Survivors: 36.0M->40.0M Heap: 3611.1M(4500.0M)->1403.0M(4500.0M)]
Heap after GC invocations=33042 (full 0):
 garbage-first heap   total 4608000K, used 1436643K [0x00000006a6c00000, 0x00000006a7002328, 0x00000007c0000000)
  region size 4096K, 10 young (40960K), 10 survivors (40960K)
 Metaspace       used 124692K, capacity 128524K, committed 129664K, reserved 1165312K
  class space    used 13846K, capacity 14512K, committed 14720K, reserved 1048576K
}
 [Times: user=0.12 sys=0.03, real=0.02 secs] 
{Heap before GC invocations=33042 (full 0):
 garbage-first heap   total 4608000K, used 3697635K [0x00000006a6c00000, 0x00000006a7002328, 0x00000007c0000000)
  region size 4096K, 562 young (2301952K), 10 survivors (40960K)
 Metaspace       used 124692K, capacity 128524K, committed 129664K, reserved 1165312K
  class space    used 13846K, capacity 14512K, committed 14720K, reserved 1048576K
2019-04-29T02:05:00.570+0800: 1503109.789: [GC pause (G1 Evacuation Pause) (young)
Desired survivor size 148897792 bytes, new threshold 15 (max 15)
- age   1:   16619368 bytes,   16619368 total
- age   2:    2087752 bytes,   18707120 total
- age   3:     117800 bytes,   18824920 total
- age   4:     186264 bytes,   19011184 total
- age   5:     176424 bytes,   19187608 total
- age   6:     209720 bytes,   19397328 total
- age   7:     583400 bytes,   19980728 total
- age   8:     143616 bytes,   20124344 total
- age   9:     179936 bytes,   20304280 total
- age  10:     240168 bytes,   20544448 total
- age  11:     219952 bytes,   20764400 total
- age  12:     622424 bytes,   21386824 total
- age  13:     381392 bytes,   21768216 total
- age  14:     258160 bytes,   22026376 total
- age  15:     303048 bytes,   22329424 total
 1503109.789: [G1Ergonomics (CSet Construction) start choosing CSet, _pending_cards: 22100, predicted base time: 8.24 ms, remaining time: 51.76 ms, target pause time: 60.00 ms]
 1503109.789: [G1Ergonomics (CSet Construction) add young regions to CSet, eden: 552 regions, survivors: 10 regions, predicted young region time: 31.75 ms]
 1503109.789: [G1Ergonomics (CSet Construction) finish choosing CSet, eden: 552 regions, survivors: 10 regions, old: 0 regions, predicted pause time: 39.98 ms, target pause time: 60.00 ms]
, 0.0211020 secs]
   [Parallel Time: 19.0 ms, GC Workers: 8]
      [GC Worker Start (ms): Min: 1503109788.8, Avg: 1503109788.9, Max: 1503109788.9, Diff: 0.1]
      [Ext Root Scanning (ms): Min: 1.2, Avg: 1.4, Max: 2.2, Diff: 1.0, Sum: 11.2]
      [Update RS (ms): Min: 4.7, Avg: 5.4, Max: 5.7, Diff: 1.0, Sum: 42.9]
         [Processed Buffers: Min: 18, Avg: 23.2, Max: 36, Diff: 18, Sum: 186]
      [Scan RS (ms): Min: 0.0, Avg: 0.1, Max: 0.1, Diff: 0.1, Sum: 0.6]
      [Code Root Scanning (ms): Min: 0.0, Avg: 0.0, Max: 0.0, Diff: 0.0, Sum: 0.0]
      [Object Copy (ms): Min: 11.9, Avg: 12.0, Max: 12.1, Diff: 0.2, Sum: 96.1]
      [Termination (ms): Min: 0.0, Avg: 0.0, Max: 0.0, Diff: 0.0, Sum: 0.0]
      [GC Worker Other (ms): Min: 0.0, Avg: 0.0, Max: 0.1, Diff: 0.1, Sum: 0.3]
      [GC Worker Total (ms): Min: 18.9, Avg: 18.9, Max: 18.9, Diff: 0.0, Sum: 151.2]
      [GC Worker End (ms): Min: 1503109807.8, Avg: 1503109807.8, Max: 1503109807.8, Diff: 0.1]
   [Code Root Fixup: 0.3 ms]
   [Code Root Purge: 0.0 ms]
   [Clear CT: 0.3 ms]
   [Other: 1.5 ms]
      [Choose CSet: 0.0 ms]
      [Ref Proc: 0.2 ms]
      [Ref Enq: 0.0 ms]
      [Redirty Cards: 0.1 ms]
      [Humongous Reclaim: 0.0 ms]
      [Free CSet: 0.7 ms]
   [Eden: 2208.0M(2208.0M)->0.0B(2212.0M) Survivors: 40.0M->36.0M Heap: 3611.0M(4500.0M)->1400.0M(4500.0M)]
Heap after GC invocations=33043 (full 0):
 garbage-first heap   total 4608000K, used 1433550K [0x00000006a6c00000, 0x00000006a7002328, 0x00000007c0000000)
  region size 4096K, 9 young (36864K), 9 survivors (36864K)
 Metaspace       used 124692K, capacity 128524K, committed 129664K, reserved 1165312K
  class space    used 13846K, capacity 14512K, committed 14720K, reserved 1048576K
}
 [Times: user=0.13 sys=0.03, real=0.02 secs] 
{Heap before GC invocations=33043 (full 0):
 garbage-first heap   total 4608000K, used 3698638K [0x00000006a6c00000, 0x00000006a7002328, 0x00000007c0000000)
  region size 4096K, 562 young (2301952K), 9 survivors (36864K)
 Metaspace       used 124692K, capacity 128524K, committed 129664K, reserved 1165312K
  class space    used 13846K, capacity 14512K, committed 14720K, reserved 1048576K
2019-04-29T02:05:11.294+0800: 1503120.513: [GC pause (G1 Evacuation Pause) (young)
Desired survivor size 148897792 bytes, new threshold 15 (max 15)
- age   1:   19815600 bytes,   19815600 total
- age   2:    1993336 bytes,   21808936 total
- age   3:     125808 bytes,   21934744 total
- age   4:     116680 bytes,   22051424 total
- age   5:     185496 bytes,   22236920 total
- age   6:     139648 bytes,   22376568 total
- age   7:     208856 bytes,   22585424 total
- age   8:     219680 bytes,   22805104 total
- age   9:     143480 bytes,   22948584 total
- age  10:     166976 bytes,   23115560 total
- age  11:     240168 bytes,   23355728 total
- age  12:     219952 bytes,   23575680 total
- age  13:     622424 bytes,   24198104 total
- age  14:     381280 bytes,   24579384 total
- age  15:     258136 bytes,   24837520 total
 1503120.513: [G1Ergonomics (CSet Construction) start choosing CSet, _pending_cards: 19661, predicted base time: 7.63 ms, remaining time: 52.37 ms, target pause time: 60.00 ms]
 1503120.513: [G1Ergonomics (CSet Construction) add young regions to CSet, eden: 553 regions, survivors: 9 regions, predicted young region time: 42.54 ms]
 1503120.513: [G1Ergonomics (CSet Construction) finish choosing CSet, eden: 553 regions, survivors: 9 regions, old: 0 regions, predicted pause time: 50.16 ms, target pause time: 60.00 ms]
, 0.0192170 secs]
   [Parallel Time: 17.4 ms, GC Workers: 8]
      [GC Worker Start (ms): Min: 1503120513.1, Avg: 1503120513.2, Max: 1503120513.2, Diff: 0.1]
      [Ext Root Scanning (ms): Min: 1.0, Avg: 1.3, Max: 2.1, Diff: 1.1, Sum: 10.0]
      [Update RS (ms): Min: 4.3, Avg: 5.0, Max: 5.3, Diff: 1.0, Sum: 39.9]
         [Processed Buffers: Min: 12, Avg: 21.4, Max: 39, Diff: 27, Sum: 171]
      [Scan RS (ms): Min: 0.0, Avg: 0.1, Max: 0.1, Diff: 0.1, Sum: 0.6]
      [Code Root Scanning (ms): Min: 0.0, Avg: 0.0, Max: 0.0, Diff: 0.0, Sum: 0.0]
      [Object Copy (ms): Min: 10.8, Avg: 10.9, Max: 10.9, Diff: 0.2, Sum: 86.8]
      [Termination (ms): Min: 0.0, Avg: 0.0, Max: 0.0, Diff: 0.0, Sum: 0.0]
      [GC Worker Other (ms): Min: 0.0, Avg: 0.1, Max: 0.1, Diff: 0.1, Sum: 0.4]
      [GC Worker Total (ms): Min: 17.2, Avg: 17.2, Max: 17.3, Diff: 0.1, Sum: 137.8]
      [GC Worker End (ms): Min: 1503120530.3, Avg: 1503120530.4, Max: 1503120530.4, Diff: 0.1]
   [Code Root Fixup: 0.2 ms]
   [Code Root Purge: 0.0 ms]
   [Clear CT: 0.3 ms]
   [Other: 1.4 ms]
      [Choose CSet: 0.0 ms]
      [Ref Proc: 0.2 ms]
      [Ref Enq: 0.0 ms]
      [Redirty Cards: 0.1 ms]
      [Humongous Reclaim: 0.0 ms]
      [Free CSet: 0.6 ms]
   [Eden: 2212.0M(2212.0M)->0.0B(2212.0M) Survivors: 36.0M->36.0M Heap: 3612.0M(4500.0M)->1400.4M(4500.0M)]
Heap after GC invocations=33044 (full 0):
 garbage-first heap   total 4608000K, used 1434043K [0x00000006a6c00000, 0x00000006a7002328, 0x00000007c0000000)
  region size 4096K, 9 young (36864K), 9 survivors (36864K)
 Metaspace       used 124692K, capacity 128524K, committed 129664K, reserved 1165312K
  class space    used 13846K, capacity 14512K, committed 14720K, reserved 1048576K
}
 [Times: user=0.12 sys=0.03, real=0.02 secs] 
{Heap before GC invocations=33044 (full 0):
 garbage-first heap   total 4608000K, used 3699131K [0x00000006a6c00000, 0x00000006a7002328, 0x00000007c0000000)
  region size 4096K, 562 young (2301952K), 9 survivors (36864K)
 Metaspace       used 124692K, capacity 128524K, committed 129664K, reserved 1165312K
  class space    used 13846K, capacity 14512K, committed 14720K, reserved 1048576K
2019-04-29T02:05:39.881+0800: 1503149.100: [GC pause (G1 Evacuation Pause) (young)
Desired survivor size 148897792 bytes, new threshold 15 (max 15)
- age   1:   16730080 bytes,   16730080 total
- age   2:    2231176 bytes,   18961256 total
- age   3:    1275912 bytes,   20237168 total
- age   4:     124680 bytes,   20361848 total
- age   5:     115832 bytes,   20477680 total
- age   6:     184824 bytes,   20662504 total
- age   7:     138944 bytes,   20801448 total
- age   8:     208184 bytes,   21009632 total
- age   9:     147104 bytes,   21156736 total
- age  10:     143144 bytes,   21299880 total
- age  11:     165856 bytes,   21465736 total
- age  12:     239496 bytes,   21705232 total
- age  13:     219728 bytes,   21924960 total
- age  14:     622312 bytes,   22547272 total
- age  15:     381280 bytes,   22928552 total
 1503149.100: [G1Ergonomics (CSet Construction) start choosing CSet, _pending_cards: 22369, predicted base time: 8.30 ms, remaining time: 51.70 ms, target pause time: 60.00 ms]
 1503149.100: [G1Ergonomics (CSet Construction) add young regions to CSet, eden: 553 regions, survivors: 9 regions, predicted young region time: 64.24 ms]
 1503149.100: [G1Ergonomics (CSet Construction) finish choosing CSet, eden: 553 regions, survivors: 9 regions, old: 0 regions, predicted pause time: 72.54 ms, target pause time: 60.00 ms]
, 0.0193587 secs]
   [Parallel Time: 17.5 ms, GC Workers: 8]
      [GC Worker Start (ms): Min: 1503149100.4, Avg: 1503149100.4, Max: 1503149100.4, Diff: 0.1]
      [Ext Root Scanning (ms): Min: 1.1, Avg: 1.6, Max: 4.3, Diff: 3.2, Sum: 12.8]
      [Update RS (ms): Min: 2.6, Avg: 5.2, Max: 5.8, Diff: 3.2, Sum: 41.4]
         [Processed Buffers: Min: 12, Avg: 22.6, Max: 43, Diff: 31, Sum: 181]
      [Scan RS (ms): Min: 0.0, Avg: 0.1, Max: 0.2, Diff: 0.1, Sum: 0.6]
      [Code Root Scanning (ms): Min: 0.0, Avg: 0.0, Max: 0.0, Diff: 0.0, Sum: 0.0]
      [Object Copy (ms): Min: 10.4, Avg: 10.5, Max: 10.6, Diff: 0.2, Sum: 83.8]
      [Termination (ms): Min: 0.0, Avg: 0.0, Max: 0.0, Diff: 0.0, Sum: 0.0]
      [GC Worker Other (ms): Min: 0.0, Avg: 0.0, Max: 0.1, Diff: 0.0, Sum: 0.3]
      [GC Worker Total (ms): Min: 17.3, Avg: 17.4, Max: 17.4, Diff: 0.1, Sum: 138.8]
      [GC Worker End (ms): Min: 1503149117.7, Avg: 1503149117.8, Max: 1503149117.8, Diff: 0.0]
   [Code Root Fixup: 0.2 ms]
   [Code Root Purge: 0.0 ms]
   [Clear CT: 0.3 ms]
   [Other: 1.4 ms]
      [Choose CSet: 0.0 ms]
      [Ref Proc: 0.2 ms]
      [Ref Enq: 0.0 ms]
      [Redirty Cards: 0.1 ms]
      [Humongous Reclaim: 0.0 ms]
      [Free CSet: 0.6 ms]
   [Eden: 2212.0M(2212.0M)->0.0B(2212.0M) Survivors: 36.0M->36.0M Heap: 3612.4M(4500.0M)->1400.9M(4500.0M)]
Heap after GC invocations=33045 (full 0):
 garbage-first heap   total 4608000K, used 1434482K [0x00000006a6c00000, 0x00000006a7002328, 0x00000007c0000000)
  region size 4096K, 9 young (36864K), 9 survivors (36864K)
 Metaspace       used 124692K, capacity 128524K, committed 129664K, reserved 1165312K
  class space    used 13846K, capacity 14512K, committed 14720K, reserved 1048576K
}
 [Times: user=0.11 sys=0.03, real=0.02 secs] 
{Heap before GC invocations=33045 (full 0):
 garbage-first heap   total 4608000K, used 3699570K [0x00000006a6c00000, 0x00000006a7002328, 0x00000007c0000000)
  region size 4096K, 562 young (2301952K), 9 survivors (36864K)
 Metaspace       used 124692K, capacity 128524K, committed 129664K, reserved 1165312K
  class space    used 13846K, capacity 14512K, committed 14720K, reserved 1048576K
2019-04-29T02:06:09.691+0800: 1503178.909: [GC pause (G1 Evacuation Pause) (young)
Desired survivor size 148897792 bytes, new threshold 15 (max 15)
- age   1:   16435408 bytes,   16435408 total
- age   2:    1845008 bytes,   18280416 total
- age   3:    1526080 bytes,   19806496 total
- age   4:     166576 bytes,   19973072 total
- age   5:     124616 bytes,   20097688 total
- age   6:     115688 bytes,   20213376 total
- age   7:     184600 bytes,   20397976 total
- age   8:     131128 bytes,   20529104 total
- age   9:     208072 bytes,   20737176 total
- age  10:     146992 bytes,   20884168 total
- age  11:     143144 bytes,   21027312 total
- age  12:     165744 bytes,   21193056 total
- age  13:     238936 bytes,   21431992 total
- age  14:     219728 bytes,   21651720 total
- age  15:     612624 bytes,   22264344 total
 1503178.909: [G1Ergonomics (CSet Construction) start choosing CSet, _pending_cards: 22213, predicted base time: 8.23 ms, remaining time: 51.77 ms, target pause time: 60.00 ms]
 1503178.909: [G1Ergonomics (CSet Construction) add young regions to CSet, eden: 553 regions, survivors: 9 regions, predicted young region time: 66.96 ms]
 1503178.909: [G1Ergonomics (CSet Construction) finish choosing CSet, eden: 553 regions, survivors: 9 regions, old: 0 regions, predicted pause time: 75.19 ms, target pause time: 60.00 ms]
, 0.0180359 secs]
   [Parallel Time: 16.1 ms, GC Workers: 8]
      [GC Worker Start (ms): Min: 1503178909.6, Avg: 1503178909.6, Max: 1503178909.6, Diff: 0.1]
      [Ext Root Scanning (ms): Min: 1.0, Avg: 1.3, Max: 2.1, Diff: 1.1, Sum: 10.3]
      [Update RS (ms): Min: 4.5, Avg: 5.3, Max: 5.6, Diff: 1.1, Sum: 42.4]
         [Processed Buffers: Min: 13, Avg: 23.5, Max: 44, Diff: 31, Sum: 188]
      [Scan RS (ms): Min: 0.0, Avg: 0.1, Max: 0.2, Diff: 0.2, Sum: 0.6]
      [Code Root Scanning (ms): Min: 0.0, Avg: 0.0, Max: 0.0, Diff: 0.0, Sum: 0.0]
      [Object Copy (ms): Min: 9.2, Avg: 9.3, Max: 9.3, Diff: 0.1, Sum: 74.3]
      [Termination (ms): Min: 0.0, Avg: 0.0, Max: 0.0, Diff: 0.0, Sum: 0.0]
      [GC Worker Other (ms): Min: 0.0, Avg: 0.0, Max: 0.1, Diff: 0.1, Sum: 0.3]
      [GC Worker Total (ms): Min: 16.0, Avg: 16.0, Max: 16.0, Diff: 0.1, Sum: 128.0]
      [GC Worker End (ms): Min: 1503178925.6, Avg: 1503178925.6, Max: 1503178925.6, Diff: 0.0]
   [Code Root Fixup: 0.3 ms]
   [Code Root Purge: 0.0 ms]
   [Clear CT: 0.3 ms]
   [Other: 1.4 ms]
      [Choose CSet: 0.0 ms]
      [Ref Proc: 0.2 ms]
      [Ref Enq: 0.0 ms]
      [Redirty Cards: 0.1 ms]
      [Humongous Reclaim: 0.0 ms]
      [Free CSet: 0.6 ms]
   [Eden: 2212.0M(2212.0M)->0.0B(2212.0M) Survivors: 36.0M->36.0M Heap: 3612.9M(4500.0M)->1401.6M(4500.0M)]
Heap after GC invocations=33046 (full 0):
 garbage-first heap   total 4608000K, used 1435260K [0x00000006a6c00000, 0x00000006a7002328, 0x00000007c0000000)
  region size 4096K, 9 young (36864K), 9 survivors (36864K)
 Metaspace       used 124692K, capacity 128524K, committed 129664K, reserved 1165312K
  class space    used 13846K, capacity 14512K, committed 14720K, reserved 1048576K
}
 [Times: user=0.11 sys=0.03, real=0.01 secs] 
{Heap before GC invocations=33046 (full 0):
 garbage-first heap   total 4608000K, used 3700348K [0x00000006a6c00000, 0x00000006a7002328, 0x00000007c0000000)
  region size 4096K, 562 young (2301952K), 9 survivors (36864K)
 Metaspace       used 124692K, capacity 128524K, committed 129664K, reserved 1165312K
  class space    used 13846K, capacity 14512K, committed 14720K, reserved 1048576K
2019-04-29T02:06:38.859+0800: 1503208.078: [GC pause (G1 Evacuation Pause) (young)
Desired survivor size 148897792 bytes, new threshold 15 (max 15)
- age   1:   15190352 bytes,   15190352 total
- age   2:    1902624 bytes,   17092976 total
- age   3:     413904 bytes,   17506880 total
- age   4:     191424 bytes,   17698304 total
- age   5:     159584 bytes,   17857888 total
- age   6:     123344 bytes,   17981232 total
- age   7:     115288 bytes,   18096520 total
- age   8:     184424 bytes,   18280944 total
- age   9:     130944 bytes,   18411888 total
- age  10:     207600 bytes,   18619488 total
- age  11:     146624 bytes,   18766112 total
- age  12:     142928 bytes,   18909040 total
- age  13:     165408 bytes,   19074448 total
- age  14:     238536 bytes,   19312984 total
- age  15:     218792 bytes,   19531776 total
 1503208.078: [G1Ergonomics (CSet Construction) start choosing CSet, _pending_cards: 22394, predicted base time: 8.20 ms, remaining time: 51.80 ms, target pause time: 60.00 ms]
 1503208.078: [G1Ergonomics (CSet Construction) add young regions to CSet, eden: 553 regions, survivors: 9 regions, predicted young region time: 56.68 ms]
 1503208.078: [G1Ergonomics (CSet Construction) finish choosing CSet, eden: 553 regions, survivors: 9 regions, old: 0 regions, predicted pause time: 64.88 ms, target pause time: 60.00 ms]
, 0.0182796 secs]
   [Parallel Time: 16.2 ms, GC Workers: 8]
      [GC Worker Start (ms): Min: 1503208078.0, Avg: 1503208078.0, Max: 1503208078.1, Diff: 0.1]
      [Ext Root Scanning (ms): Min: 1.0, Avg: 1.3, Max: 2.2, Diff: 1.1, Sum: 10.3]
      [Update RS (ms): Min: 4.4, Avg: 5.2, Max: 5.5, Diff: 1.1, Sum: 41.7]
         [Processed Buffers: Min: 13, Avg: 22.2, Max: 44, Diff: 31, Sum: 178]
      [Scan RS (ms): Min: 0.0, Avg: 0.1, Max: 0.1, Diff: 0.1, Sum: 0.7]
      [Code Root Scanning (ms): Min: 0.0, Avg: 0.0, Max: 0.0, Diff: 0.0, Sum: 0.0]
      [Object Copy (ms): Min: 9.3, Avg: 9.4, Max: 9.5, Diff: 0.2, Sum: 75.2]
      [Termination (ms): Min: 0.0, Avg: 0.0, Max: 0.0, Diff: 0.0, Sum: 0.0]
      [GC Worker Other (ms): Min: 0.0, Avg: 0.1, Max: 0.1, Diff: 0.1, Sum: 0.4]
      [GC Worker Total (ms): Min: 16.0, Avg: 16.0, Max: 16.1, Diff: 0.1, Sum: 128.3]
      [GC Worker End (ms): Min: 1503208094.1, Avg: 1503208094.1, Max: 1503208094.1, Diff: 0.1]
   [Code Root Fixup: 0.2 ms]
   [Code Root Purge: 0.0 ms]
   [Clear CT: 0.2 ms]
   [Other: 1.6 ms]
      [Choose CSet: 0.0 ms]
      [Ref Proc: 0.2 ms]
      [Ref Enq: 0.0 ms]
      [Redirty Cards: 0.1 ms]
      [Humongous Reclaim: 0.0 ms]
      [Free CSet: 0.7 ms]
   [Eden: 2212.0M(2212.0M)->0.0B(2212.0M) Survivors: 36.0M->36.0M Heap: 3613.6M(4500.0M)->1403.3M(4500.0M)]
Heap after GC invocations=33047 (full 0):
 garbage-first heap   total 4608000K, used 1436955K [0x00000006a6c00000, 0x00000006a7002328, 0x00000007c0000000)
  region size 4096K, 9 young (36864K), 9 survivors (36864K)
 Metaspace       used 124692K, capacity 128524K, committed 129664K, reserved 1165312K
  class space    used 13846K, capacity 14512K, committed 14720K, reserved 1048576K
}
 [Times: user=0.11 sys=0.02, real=0.02 secs] 
{Heap before GC invocations=33047 (full 0):
 garbage-first heap   total 4608000K, used 3702043K [0x00000006a6c00000, 0x00000006a7002328, 0x00000007c0000000)
  region size 4096K, 562 young (2301952K), 9 survivors (36864K)
 Metaspace       used 124692K, capacity 128524K, committed 129664K, reserved 1165312K
  class space    used 13846K, capacity 14512K, committed 14720K, reserved 1048576K
2019-04-29T02:07:05.980+0800: 1503235.199: [GC pause (G1 Evacuation Pause) (young)
Desired survivor size 148897792 bytes, new threshold 15 (max 15)
- age   1:   16292928 bytes,   16292928 total
- age   2:    2065688 bytes,   18358616 total
- age   3:     213472 bytes,   18572088 total
- age   4:     227352 bytes,   18799440 total
- age   5:     162880 bytes,   18962320 total
- age   6:     158960 bytes,   19121280 total
- age   7:     120912 bytes,   19242192 total
- age   8:     114816 bytes,   19357008 total
- age   9:     184424 bytes,   19541432 total
- age  10:     130944 bytes,   19672376 total
- age  11:     207488 bytes,   19879864 total
- age  12:     146624 bytes,   20026488 total
- age  13:     142928 bytes,   20169416 total
- age  14:     165408 bytes,   20334824 total
- age  15:     238536 bytes,   20573360 total
 1503235.199: [G1Ergonomics (CSet Construction) start choosing CSet, _pending_cards: 21539, predicted base time: 7.93 ms, remaining time: 52.07 ms, target pause time: 60.00 ms]
 1503235.199: [G1Ergonomics (CSet Construction) add young regions to CSet, eden: 553 regions, survivors: 9 regions, predicted young region time: 44.86 ms]
 1503235.199: [G1Ergonomics (CSet Construction) finish choosing CSet, eden: 553 regions, survivors: 9 regions, old: 0 regions, predicted pause time: 52.79 ms, target pause time: 60.00 ms]
, 0.0183165 secs]
   [Parallel Time: 16.1 ms, GC Workers: 8]
      [GC Worker Start (ms): Min: 1503235199.1, Avg: 1503235199.1, Max: 1503235199.2, Diff: 0.1]
      [Ext Root Scanning (ms): Min: 1.2, Avg: 1.5, Max: 2.2, Diff: 1.0, Sum: 11.8]
      [Update RS (ms): Min: 4.9, Avg: 5.6, Max: 5.9, Diff: 1.0, Sum: 44.7]
         [Processed Buffers: Min: 13, Avg: 23.0, Max: 37, Diff: 24, Sum: 184]
      [Scan RS (ms): Min: 0.0, Avg: 0.1, Max: 0.2, Diff: 0.1, Sum: 0.7]
      [Code Root Scanning (ms): Min: 0.0, Avg: 0.0, Max: 0.0, Diff: 0.0, Sum: 0.0]
      [Object Copy (ms): Min: 8.6, Avg: 8.7, Max: 8.7, Diff: 0.2, Sum: 69.5]
      [Termination (ms): Min: 0.0, Avg: 0.0, Max: 0.0, Diff: 0.0, Sum: 0.0]
      [GC Worker Other (ms): Min: 0.0, Avg: 0.1, Max: 0.1, Diff: 0.1, Sum: 0.4]
      [GC Worker Total (ms): Min: 15.8, Avg: 15.9, Max: 16.0, Diff: 0.1, Sum: 127.2]
      [GC Worker End (ms): Min: 1503235215.0, Avg: 1503235215.0, Max: 1503235215.1, Diff: 0.1]
   [Code Root Fixup: 0.2 ms]
   [Code Root Purge: 0.0 ms]
   [Clear CT: 0.2 ms]
   [Other: 1.8 ms]
      [Choose CSet: 0.0 ms]
      [Ref Proc: 0.2 ms]
      [Ref Enq: 0.0 ms]
      [Redirty Cards: 0.1 ms]
      [Humongous Reclaim: 0.0 ms]
      [Free CSet: 0.9 ms]
   [Eden: 2212.0M(2212.0M)->0.0B(2216.0M) Survivors: 36.0M->32.0M Heap: 3615.3M(4500.0M)->1400.5M(4500.0M)]
Heap after GC invocations=33048 (full 0):
 garbage-first heap   total 4608000K, used 1434097K [0x00000006a6c00000, 0x00000006a7002328, 0x00000007c0000000)
  region size 4096K, 8 young (32768K), 8 survivors (32768K)
 Metaspace       used 124692K, capacity 128524K, committed 129664K, reserved 1165312K
  class space    used 13846K, capacity 14512K, committed 14720K, reserved 1048576K
}
 [Times: user=0.10 sys=0.02, real=0.01 secs] 
{Heap before GC invocations=33048 (full 0):
 garbage-first heap   total 4608000K, used 3703281K [0x00000006a6c00000, 0x00000006a7002328, 0x00000007c0000000)
  region size 4096K, 562 young (2301952K), 8 survivors (32768K)
 Metaspace       used 124692K, capacity 128524K, committed 129664K, reserved 1165312K
  class space    used 13846K, capacity 14512K, committed 14720K, reserved 1048576K
2019-04-29T02:07:33.577+0800: 1503262.796: [GC pause (G1 Evacuation Pause) (young)
Desired survivor size 148897792 bytes, new threshold 15 (max 15)
- age   1:   15329920 bytes,   15329920 total
- age   2:    2004152 bytes,   17334072 total
- age   3:     248360 bytes,   17582432 total
- age   4:     138272 bytes,   17720704 total
- age   5:     222496 bytes,   17943200 total
- age   6:     161232 bytes,   18104432 total
- age   7:     158848 bytes,   18263280 total
- age   8:     120888 bytes,   18384168 total
- age   9:     114816 bytes,   18498984 total
- age  10:     184424 bytes,   18683408 total
- age  11:     130944 bytes,   18814352 total
- age  12:     207488 bytes,   19021840 total
- age  13:     146624 bytes,   19168464 total
- age  14:     142928 bytes,   19311392 total
- age  15:     163728 bytes,   19475120 total
 1503262.796: [G1Ergonomics (CSet Construction) start choosing CSet, _pending_cards: 20711, predicted base time: 7.94 ms, remaining time: 52.06 ms, target pause time: 60.00 ms]
 1503262.796: [G1Ergonomics (CSet Construction) add young regions to CSet, eden: 554 regions, survivors: 8 regions, predicted young region time: 40.54 ms]
 1503262.796: [G1Ergonomics (CSet Construction) finish choosing CSet, eden: 554 regions, survivors: 8 regions, old: 0 regions, predicted pause time: 48.49 ms, target pause time: 60.00 ms]
, 0.0174978 secs]
   [Parallel Time: 15.5 ms, GC Workers: 8]
      [GC Worker Start (ms): Min: 1503262796.6, Avg: 1503262796.6, Max: 1503262796.6, Diff: 0.1]
      [Ext Root Scanning (ms): Min: 1.1, Avg: 1.3, Max: 2.0, Diff: 0.9, Sum: 10.7]
      [Update RS (ms): Min: 4.5, Avg: 5.0, Max: 5.3, Diff: 0.9, Sum: 40.1]
         [Processed Buffers: Min: 13, Avg: 20.9, Max: 41, Diff: 28, Sum: 167]
      [Scan RS (ms): Min: 0.0, Avg: 0.1, Max: 0.1, Diff: 0.1, Sum: 0.6]
      [Code Root Scanning (ms): Min: 0.0, Avg: 0.0, Max: 0.0, Diff: 0.0, Sum: 0.0]
      [Object Copy (ms): Min: 8.8, Avg: 8.9, Max: 9.0, Diff: 0.2, Sum: 71.2]
      [Termination (ms): Min: 0.0, Avg: 0.0, Max: 0.0, Diff: 0.0, Sum: 0.0]
      [GC Worker Other (ms): Min: 0.0, Avg: 0.0, Max: 0.1, Diff: 0.1, Sum: 0.3]
      [GC Worker Total (ms): Min: 15.4, Avg: 15.4, Max: 15.4, Diff: 0.1, Sum: 123.1]
      [GC Worker End (ms): Min: 1503262812.0, Avg: 1503262812.0, Max: 1503262812.0, Diff: 0.1]
   [Code Root Fixup: 0.2 ms]
   [Code Root Purge: 0.0 ms]
   [Clear CT: 0.3 ms]
   [Other: 1.5 ms]
      [Choose CSet: 0.0 ms]
      [Ref Proc: 0.2 ms]
      [Ref Enq: 0.0 ms]
      [Redirty Cards: 0.1 ms]
      [Humongous Reclaim: 0.0 ms]
      [Free CSet: 0.6 ms]
   [Eden: 2216.0M(2216.0M)->0.0B(2212.0M) Survivors: 32.0M->36.0M Heap: 3616.5M(4500.0M)->1402.2M(4500.0M)]
Heap after GC invocations=33049 (full 0):
 garbage-first heap   total 4608000K, used 1435830K [0x00000006a6c00000, 0x00000006a7002328, 0x00000007c0000000)
  region size 4096K, 9 young (36864K), 9 survivors (36864K)
 Metaspace       used 124692K, capacity 128524K, committed 129664K, reserved 1165312K
  class space    used 13846K, capacity 14512K, committed 14720K, reserved 1048576K
}
 [Times: user=0.13 sys=0.00, real=0.02 secs] 
{Heap before GC invocations=33049 (full 0):
 garbage-first heap   total 4608000K, used 3700918K [0x00000006a6c00000, 0x00000006a7002328, 0x00000007c0000000)
  region size 4096K, 562 young (2301952K), 9 survivors (36864K)
 Metaspace       used 124692K, capacity 128524K, committed 129664K, reserved 1165312K
  class space    used 13846K, capacity 14512K, committed 14720K, reserved 1048576K
2019-04-29T02:08:04.180+0800: 1503293.398: [GC pause (G1 Evacuation Pause) (young)
Desired survivor size 148897792 bytes, new threshold 15 (max 15)
- age   1:   14930888 bytes,   14930888 total
- age   2:    2154760 bytes,   17085648 total
- age   3:     518568 bytes,   17604216 total
- age   4:     179208 bytes,   17783424 total
- age   5:     137504 bytes,   17920928 total
- age   6:     222128 bytes,   18143056 total
- age   7:     159024 bytes,   18302080 total
- age   8:     158848 bytes,   18460928 total
- age   9:     120888 bytes,   18581816 total
- age  10:     114816 bytes,   18696632 total
- age  11:     184424 bytes,   18881056 total
- age  12:     130944 bytes,   19012000 total
- age  13:     207488 bytes,   19219488 total
- age  14:     146624 bytes,   19366112 total
- age  15:     142928 bytes,   19509040 total
 1503293.398: [G1Ergonomics (CSet Construction) start choosing CSet, _pending_cards: 21779, predicted base time: 8.15 ms, remaining time: 51.85 ms, target pause time: 60.00 ms]
 1503293.398: [G1Ergonomics (CSet Construction) add young regions to CSet, eden: 553 regions, survivors: 9 regions, predicted young region time: 34.29 ms]
 1503293.398: [G1Ergonomics (CSet Construction) finish choosing CSet, eden: 553 regions, survivors: 9 regions, old: 0 regions, predicted pause time: 42.43 ms, target pause time: 60.00 ms]
, 0.0234477 secs]
   [Parallel Time: 21.4 ms, GC Workers: 8]
      [GC Worker Start (ms): Min: 1503293398.6, Avg: 1503293398.7, Max: 1503293398.7, Diff: 0.1]
      [Ext Root Scanning (ms): Min: 1.1, Avg: 1.4, Max: 2.3, Diff: 1.1, Sum: 11.3]
      [Update RS (ms): Min: 4.8, Avg: 5.3, Max: 5.7, Diff: 0.9, Sum: 42.5]
         [Processed Buffers: Min: 15, Avg: 23.1, Max: 36, Diff: 21, Sum: 185]
      [Scan RS (ms): Min: 0.0, Avg: 0.1, Max: 0.1, Diff: 0.1, Sum: 0.7]
      [Code Root Scanning (ms): Min: 0.0, Avg: 0.0, Max: 0.0, Diff: 0.0, Sum: 0.0]
      [Object Copy (ms): Min: 14.2, Avg: 14.4, Max: 14.5, Diff: 0.4, Sum: 115.5]
      [Termination (ms): Min: 0.0, Avg: 0.0, Max: 0.0, Diff: 0.0, Sum: 0.0]
      [GC Worker Other (ms): Min: 0.0, Avg: 0.0, Max: 0.1, Diff: 0.1, Sum: 0.4]
      [GC Worker Total (ms): Min: 21.3, Avg: 21.3, Max: 21.3, Diff: 0.1, Sum: 170.3]
      [GC Worker End (ms): Min: 1503293419.9, Avg: 1503293419.9, Max: 1503293420.0, Diff: 0.1]
   [Code Root Fixup: 0.3 ms]
   [Code Root Purge: 0.0 ms]
   [Clear CT: 0.3 ms]
   [Other: 1.5 ms]
      [Choose CSet: 0.0 ms]
      [Ref Proc: 0.2 ms]
      [Ref Enq: 0.0 ms]
      [Redirty Cards: 0.1 ms]
      [Humongous Reclaim: 0.0 ms]
      [Free CSet: 0.7 ms]
   [Eden: 2212.0M(2212.0M)->0.0B(2212.0M) Survivors: 36.0M->36.0M Heap: 3614.2M(4500.0M)->1402.9M(4500.0M)]
Heap after GC invocations=33050 (full 0):
 garbage-first heap   total 4608000K, used 1436617K [0x00000006a6c00000, 0x00000006a7002328, 0x00000007c0000000)
  region size 4096K, 9 young (36864K), 9 survivors (36864K)
 Metaspace       used 124692K, capacity 128524K, committed 129664K, reserved 1165312K
  class space    used 13846K, capacity 14512K, committed 14720K, reserved 1048576K
}
 [Times: user=0.14 sys=0.03, real=0.03 secs] 
{Heap before GC invocations=33050 (full 0):
 garbage-first heap   total 4608000K, used 3701705K [0x00000006a6c00000, 0x00000006a7002328, 0x00000007c0000000)
  region size 4096K, 562 young (2301952K), 9 survivors (36864K)
 Metaspace       used 124692K, capacity 128524K, committed 129664K, reserved 1165312K
  class space    used 13846K, capacity 14512K, committed 14720K, reserved 1048576K
2019-04-29T02:08:36.173+0800: 1503325.392: [GC pause (G1 Evacuation Pause) (young)
Desired survivor size 148897792 bytes, new threshold 15 (max 15)
- age   1:   25797920 bytes,   25797920 total
- age   2:    1549000 bytes,   27346920 total
- age   3:     443352 bytes,   27790272 total
- age   4:     143384 bytes,   27933656 total
- age   5:     161592 bytes,   28095248 total
- age   6:     137168 bytes,   28232416 total
- age   7:     222016 bytes,   28454432 total
- age   8:     159024 bytes,   28613456 total
- age   9:     158816 bytes,   28772272 total
- age  10:     120888 bytes,   28893160 total
- age  11:     114704 bytes,   29007864 total
- age  12:     184424 bytes,   29192288 total
- age  13:     130944 bytes,   29323232 total
- age  14:     207488 bytes,   29530720 total
- age  15:     146624 bytes,   29677344 total
 1503325.392: [G1Ergonomics (CSet Construction) start choosing CSet, _pending_cards: 21114, predicted base time: 7.96 ms, remaining time: 52.04 ms, target pause time: 60.00 ms]
 1503325.392: [G1Ergonomics (CSet Construction) add young regions to CSet, eden: 553 regions, survivors: 9 regions, predicted young region time: 63.66 ms]
 1503325.392: [G1Ergonomics (CSet Construction) finish choosing CSet, eden: 553 regions, survivors: 9 regions, old: 0 regions, predicted pause time: 71.62 ms, target pause time: 60.00 ms]
, 0.0166955 secs]
   [Parallel Time: 14.7 ms, GC Workers: 8]
      [GC Worker Start (ms): Min: 1503325392.1, Avg: 1503325392.2, Max: 1503325392.2, Diff: 0.1]
      [Ext Root Scanning (ms): Min: 1.0, Avg: 1.3, Max: 2.1, Diff: 1.1, Sum: 10.0]
      [Update RS (ms): Min: 4.2, Avg: 5.0, Max: 5.3, Diff: 1.1, Sum: 40.3]
         [Processed Buffers: Min: 12, Avg: 21.9, Max: 42, Diff: 30, Sum: 175]
      [Scan RS (ms): Min: 0.0, Avg: 0.1, Max: 0.1, Diff: 0.1, Sum: 0.7]
      [Code Root Scanning (ms): Min: 0.0, Avg: 0.0, Max: 0.0, Diff: 0.0, Sum: 0.0]
      [Object Copy (ms): Min: 8.0, Avg: 8.2, Max: 8.2, Diff: 0.2, Sum: 65.5]
      [Termination (ms): Min: 0.0, Avg: 0.0, Max: 0.0, Diff: 0.0, Sum: 0.0]
      [GC Worker Other (ms): Min: 0.0, Avg: 0.0, Max: 0.1, Diff: 0.0, Sum: 0.4]
      [GC Worker Total (ms): Min: 14.6, Avg: 14.6, Max: 14.6, Diff: 0.1, Sum: 116.9]
      [GC Worker End (ms): Min: 1503325406.8, Avg: 1503325406.8, Max: 1503325406.8, Diff: 0.1]
   [Code Root Fixup: 0.2 ms]
   [Code Root Purge: 0.0 ms]
   [Clear CT: 0.3 ms]
   [Other: 1.5 ms]
      [Choose CSet: 0.0 ms]
      [Ref Proc: 0.2 ms]
      [Ref Enq: 0.0 ms]
      [Redirty Cards: 0.1 ms]
      [Humongous Reclaim: 0.0 ms]
      [Free CSet: 0.6 ms]
   [Eden: 2212.0M(2212.0M)->0.0B(2216.0M) Survivors: 36.0M->32.0M Heap: 3614.9M(4500.0M)->1401.2M(4500.0M)]
Heap after GC invocations=33051 (full 0):
 garbage-first heap   total 4608000K, used 1434786K [0x00000006a6c00000, 0x00000006a7002328, 0x00000007c0000000)
  region size 4096K, 8 young (32768K), 8 survivors (32768K)
 Metaspace       used 124692K, capacity 128524K, committed 129664K, reserved 1165312K
  class space    used 13846K, capacity 14512K, committed 14720K, reserved 1048576K
}
 [Times: user=0.10 sys=0.03, real=0.02 secs] 
{Heap before GC invocations=33051 (full 0):
 garbage-first heap   total 4608000K, used 3703970K [0x00000006a6c00000, 0x00000006a7002328, 0x00000007c0000000)
  region size 4096K, 562 young (2301952K), 8 survivors (32768K)
 Metaspace       used 124692K, capacity 128524K, committed 129664K, reserved 1165312K
  class space    used 13846K, capacity 14512K, committed 14720K, reserved 1048576K
2019-04-29T02:09:03.669+0800: 1503352.887: [GC pause (G1 Evacuation Pause) (young)
Desired survivor size 148897792 bytes, new threshold 15 (max 15)
- age   1:   14364856 bytes,   14364856 total
- age   2:    2076176 bytes,   16441032 total
- age   3:      95832 bytes,   16536864 total
- age   4:     104040 bytes,   16640904 total
- age   5:     142688 bytes,   16783592 total
- age   6:     161504 bytes,   16945096 total
- age   7:     136720 bytes,   17081816 total
- age   8:     210840 bytes,   17292656 total
- age   9:     159024 bytes,   17451680 total
- age  10:     158816 bytes,   17610496 total
- age  11:     120888 bytes,   17731384 total
- age  12:     114704 bytes,   17846088 total
- age  13:     184424 bytes,   18030512 total
- age  14:     130944 bytes,   18161456 total
- age  15:     207488 bytes,   18368944 total
 1503352.887: [G1Ergonomics (CSet Construction) start choosing CSet, _pending_cards: 20925, predicted base time: 7.84 ms, remaining time: 52.16 ms, target pause time: 60.00 ms]
 1503352.887: [G1Ergonomics (CSet Construction) add young regions to CSet, eden: 554 regions, survivors: 8 regions, predicted young region time: 48.82 ms]
 1503352.887: [G1Ergonomics (CSet Construction) finish choosing CSet, eden: 554 regions, survivors: 8 regions, old: 0 regions, predicted pause time: 56.65 ms, target pause time: 60.00 ms]
, 0.0184457 secs]
   [Parallel Time: 16.5 ms, GC Workers: 8]
      [GC Worker Start (ms): Min: 1503352887.6, Avg: 1503352887.6, Max: 1503352887.7, Diff: 0.1]
      [Ext Root Scanning (ms): Min: 1.2, Avg: 1.7, Max: 4.6, Diff: 3.4, Sum: 14.0]
      [Update RS (ms): Min: 2.5, Avg: 5.1, Max: 5.8, Diff: 3.3, Sum: 41.1]
         [Processed Buffers: Min: 10, Avg: 22.1, Max: 37, Diff: 27, Sum: 177]
      [Scan RS (ms): Min: 0.0, Avg: 0.1, Max: 0.2, Diff: 0.1, Sum: 0.6]
      [Code Root Scanning (ms): Min: 0.0, Avg: 0.0, Max: 0.0, Diff: 0.0, Sum: 0.0]
      [Object Copy (ms): Min: 9.2, Avg: 9.3, Max: 9.4, Diff: 0.2, Sum: 74.4]
      [Termination (ms): Min: 0.0, Avg: 0.0, Max: 0.0, Diff: 0.0, Sum: 0.0]
      [GC Worker Other (ms): Min: 0.0, Avg: 0.0, Max: 0.1, Diff: 0.0, Sum: 0.3]
      [GC Worker Total (ms): Min: 16.2, Avg: 16.3, Max: 16.4, Diff: 0.2, Sum: 130.5]
      [GC Worker End (ms): Min: 1503352903.9, Avg: 1503352903.9, Max: 1503352904.0, Diff: 0.1]
   [Code Root Fixup: 0.2 ms]
   [Code Root Purge: 0.0 ms]
   [Clear CT: 0.3 ms]
   [Other: 1.5 ms]
      [Choose CSet: 0.0 ms]
      [Ref Proc: 0.2 ms]
      [Ref Enq: 0.0 ms]
      [Redirty Cards: 0.1 ms]
      [Humongous Reclaim: 0.0 ms]
      [Free CSet: 0.7 ms]
   [Eden: 2216.0M(2216.0M)->0.0B(2212.0M) Survivors: 32.0M->36.0M Heap: 3617.2M(4500.0M)->1403.1M(4500.0M)]
Heap after GC invocations=33052 (full 0):
 garbage-first heap   total 4608000K, used 1436723K [0x00000006a6c00000, 0x00000006a7002328, 0x00000007c0000000)
  region size 4096K, 9 young (36864K), 9 survivors (36864K)
 Metaspace       used 124692K, capacity 128524K, committed 129664K, reserved 1165312K
  class space    used 13846K, capacity 14512K, committed 14720K, reserved 1048576K
}
 [Times: user=0.10 sys=0.03, real=0.02 secs] 
{Heap before GC invocations=33052 (full 0):
 garbage-first heap   total 4608000K, used 3701811K [0x00000006a6c00000, 0x00000006a7002328, 0x00000007c0000000)
  region size 4096K, 562 young (2301952K), 9 survivors (36864K)
 Metaspace       used 124692K, capacity 128524K, committed 129664K, reserved 1165312K
  class space    used 13846K, capacity 14512K, committed 14720K, reserved 1048576K
2019-04-29T02:09:33.181+0800: 1503382.400: [GC pause (G1 Evacuation Pause) (young)
Desired survivor size 148897792 bytes, new threshold 15 (max 15)
- age   1:   15721008 bytes,   15721008 total
- age   2:    2342928 bytes,   18063936 total
- age   3:     229728 bytes,   18293664 total
- age   4:      95632 bytes,   18389296 total
- age   5:     102720 bytes,   18492016 total
- age   6:     140000 bytes,   18632016 total
- age   7:     161480 bytes,   18793496 total
- age   8:     136720 bytes,   18930216 total
- age   9:     209592 bytes,   19139808 total
- age  10:     158912 bytes,   19298720 total
- age  11:     158816 bytes,   19457536 total
- age  12:     120888 bytes,   19578424 total
- age  13:     114704 bytes,   19693128 total
- age  14:     184424 bytes,   19877552 total
- age  15:     130944 bytes,   20008496 total
 1503382.400: [G1Ergonomics (CSet Construction) start choosing CSet, _pending_cards: 21673, predicted base time: 8.21 ms, remaining time: 51.79 ms, target pause time: 60.00 ms]
 1503382.400: [G1Ergonomics (CSet Construction) add young regions to CSet, eden: 553 regions, survivors: 9 regions, predicted young region time: 40.49 ms]
 1503382.400: [G1Ergonomics (CSet Construction) finish choosing CSet, eden: 553 regions, survivors: 9 regions, old: 0 regions, predicted pause time: 48.69 ms, target pause time: 60.00 ms]
, 0.0174874 secs]
   [Parallel Time: 15.4 ms, GC Workers: 8]
      [GC Worker Start (ms): Min: 1503382400.7, Avg: 1503382400.7, Max: 1503382400.8, Diff: 0.1]
      [Ext Root Scanning (ms): Min: 1.2, Avg: 1.4, Max: 2.2, Diff: 0.9, Sum: 11.4]
      [Update RS (ms): Min: 4.9, Avg: 5.4, Max: 5.7, Diff: 0.8, Sum: 43.1]
         [Processed Buffers: Min: 14, Avg: 22.1, Max: 31, Diff: 17, Sum: 177]
      [Scan RS (ms): Min: 0.0, Avg: 0.1, Max: 0.1, Diff: 0.1, Sum: 0.7]
      [Code Root Scanning (ms): Min: 0.0, Avg: 0.0, Max: 0.0, Diff: 0.0, Sum: 0.0]
      [Object Copy (ms): Min: 8.1, Avg: 8.3, Max: 8.4, Diff: 0.3, Sum: 66.3]
      [Termination (ms): Min: 0.0, Avg: 0.0, Max: 0.0, Diff: 0.0, Sum: 0.0]
      [GC Worker Other (ms): Min: 0.0, Avg: 0.1, Max: 0.1, Diff: 0.1, Sum: 0.4]
      [GC Worker Total (ms): Min: 15.2, Avg: 15.3, Max: 15.3, Diff: 0.1, Sum: 122.0]
      [GC Worker End (ms): Min: 1503382416.0, Avg: 1503382416.0, Max: 1503382416.0, Diff: 0.1]
   [Code Root Fixup: 0.2 ms]
   [Code Root Purge: 0.0 ms]
   [Clear CT: 0.3 ms]
   [Other: 1.6 ms]
      [Choose CSet: 0.0 ms]
      [Ref Proc: 0.2 ms]
      [Ref Enq: 0.0 ms]
      [Redirty Cards: 0.1 ms]
      [Humongous Reclaim: 0.0 ms]
      [Free CSet: 0.7 ms]
   [Eden: 2212.0M(2212.0M)->0.0B(2216.0M) Survivors: 36.0M->32.0M Heap: 3615.1M(4500.0M)->1399.7M(4500.0M)]
Heap after GC invocations=33053 (full 0):
 garbage-first heap   total 4608000K, used 1433255K [0x00000006a6c00000, 0x00000006a7002328, 0x00000007c0000000)
  region size 4096K, 8 young (32768K), 8 survivors (32768K)
 Metaspace       used 124692K, capacity 128524K, committed 129664K, reserved 1165312K
  class space    used 13846K, capacity 14512K, committed 14720K, reserved 1048576K
}
 [Times: user=0.10 sys=0.03, real=0.01 secs] 
{Heap before GC invocations=33053 (full 0):
 garbage-first heap   total 4608000K, used 3702439K [0x00000006a6c00000, 0x00000006a7002328, 0x00000007c0000000)
  region size 4096K, 562 young (2301952K), 8 survivors (32768K)
 Metaspace       used 124692K, capacity 128524K, committed 129664K, reserved 1165312K
  class space    used 13846K, capacity 14512K, committed 14720K, reserved 1048576K
2019-04-29T02:10:01.587+0800: 1503410.806: [GC pause (G1 Evacuation Pause) (young)
Desired survivor size 148897792 bytes, new threshold 15 (max 15)
- age   1:   14502456 bytes,   14502456 total
- age   2:    1692432 bytes,   16194888 total
- age   3:     568568 bytes,   16763456 total
- age   4:     188192 bytes,   16951648 total
- age   5:      95504 bytes,   17047152 total
- age   6:     101232 bytes,   17148384 total
- age   7:     138832 bytes,   17287216 total
- age   8:     161144 bytes,   17448360 total
- age   9:     136720 bytes,   17585080 total
- age  10:     209368 bytes,   17794448 total
- age  11:     158800 bytes,   17953248 total
- age  12:     158816 bytes,   18112064 total
- age  13:     120888 bytes,   18232952 total
- age  14:     114704 bytes,   18347656 total
- age  15:     184424 bytes,   18532080 total
 1503410.806: [G1Ergonomics (CSet Construction) start choosing CSet, _pending_cards: 21549, predicted base time: 8.21 ms, remaining time: 51.79 ms, target pause time: 60.00 ms]
 1503410.806: [G1Ergonomics (CSet Construction) add young regions to CSet, eden: 554 regions, survivors: 8 regions, predicted young region time: 32.13 ms]
 1503410.806: [G1Ergonomics (CSet Construction) finish choosing CSet, eden: 554 regions, survivors: 8 regions, old: 0 regions, predicted pause time: 40.34 ms, target pause time: 60.00 ms]
, 0.0207009 secs]
   [Parallel Time: 18.2 ms, GC Workers: 8]
      [GC Worker Start (ms): Min: 1503410806.5, Avg: 1503410806.6, Max: 1503410806.6, Diff: 0.1]
      [Ext Root Scanning (ms): Min: 1.1, Avg: 1.4, Max: 2.1, Diff: 0.9, Sum: 11.0]
      [Update RS (ms): Min: 4.8, Avg: 5.3, Max: 5.5, Diff: 0.6, Sum: 42.2]
         [Processed Buffers: Min: 11, Avg: 22.8, Max: 41, Diff: 30, Sum: 182]
      [Scan RS (ms): Min: 0.0, Avg: 0.1, Max: 0.2, Diff: 0.1, Sum: 0.6]
      [Code Root Scanning (ms): Min: 0.0, Avg: 0.0, Max: 0.0, Diff: 0.0, Sum: 0.0]
      [Object Copy (ms): Min: 11.1, Avg: 11.3, Max: 11.4, Diff: 0.3, Sum: 90.4]
      [Termination (ms): Min: 0.0, Avg: 0.0, Max: 0.0, Diff: 0.0, Sum: 0.0]
      [GC Worker Other (ms): Min: 0.0, Avg: 0.0, Max: 0.1, Diff: 0.1, Sum: 0.4]
      [GC Worker Total (ms): Min: 18.0, Avg: 18.1, Max: 18.1, Diff: 0.1, Sum: 144.6]
      [GC Worker End (ms): Min: 1503410824.6, Avg: 1503410824.7, Max: 1503410824.7, Diff: 0.1]
   [Code Root Fixup: 0.3 ms]
   [Code Root Purge: 0.0 ms]
   [Clear CT: 0.3 ms]
   [Other: 1.9 ms]
      [Choose CSet: 0.0 ms]
      [Ref Proc: 0.3 ms]
      [Ref Enq: 0.0 ms]
      [Redirty Cards: 0.2 ms]
      [Humongous Reclaim: 0.0 ms]
      [Free CSet: 0.9 ms]
   [Eden: 2216.0M(2216.0M)->0.0B(2204.0M) Survivors: 32.0M->44.0M Heap: 3615.7M(4500.0M)->1412.6M(4500.0M)]
Heap after GC invocations=33054 (full 0):
 garbage-first heap   total 4608000K, used 1446552K [0x00000006a6c00000, 0x00000006a7002328, 0x00000007c0000000)
  region size 4096K, 11 young (45056K), 11 survivors (45056K)
 Metaspace       used 124692K, capacity 128524K, committed 129664K, reserved 1165312K
  class space    used 13846K, capacity 14512K, committed 14720K, reserved 1048576K
}
 [Times: user=0.12 sys=0.03, real=0.02 secs] 
{Heap before GC invocations=33054 (full 0):
 garbage-first heap   total 4608000K, used 3703448K [0x00000006a6c00000, 0x00000006a7002328, 0x00000007c0000000)
  region size 4096K, 562 young (2301952K), 11 survivors (45056K)
 Metaspace       used 124692K, capacity 128524K, committed 129664K, reserved 1165312K
  class space    used 13846K, capacity 14512K, committed 14720K, reserved 1048576K
2019-04-29T02:10:20.999+0800: 1503430.218: [GC pause (G1 Evacuation Pause) (young)
Desired survivor size 148897792 bytes, new threshold 15 (max 15)
- age   1:   19877880 bytes,   19877880 total
- age   2:    2263720 bytes,   22141600 total
- age   3:     163336 bytes,   22304936 total
- age   4:     147312 bytes,   22452248 total
- age   5:     174576 bytes,   22626824 total
- age   6:      93648 bytes,   22720472 total
- age   7:      88736 bytes,   22809208 total
- age   8:     138048 bytes,   22947256 total
- age   9:     160808 bytes,   23108064 total
- age  10:     136720 bytes,   23244784 total
- age  11:     209144 bytes,   23453928 total
- age  12:     156888 bytes,   23610816 total
- age  13:     158816 bytes,   23769632 total
- age  14:     120888 bytes,   23890520 total
- age  15:     114704 bytes,   24005224 total
 1503430.218: [G1Ergonomics (CSet Construction) start choosing CSet, _pending_cards: 20606, predicted base time: 8.00 ms, remaining time: 52.00 ms, target pause time: 60.00 ms]
 1503430.218: [G1Ergonomics (CSet Construction) add young regions to CSet, eden: 551 regions, survivors: 11 regions, predicted young region time: 74.01 ms]
 1503430.218: [G1Ergonomics (CSet Construction) finish choosing CSet, eden: 551 regions, survivors: 11 regions, old: 0 regions, predicted pause time: 82.00 ms, target pause time: 60.00 ms]
, 0.0191386 secs]
   [Parallel Time: 17.2 ms, GC Workers: 8]
      [GC Worker Start (ms): Min: 1503430218.5, Avg: 1503430218.5, Max: 1503430218.5, Diff: 0.1]
      [Ext Root Scanning (ms): Min: 1.1, Avg: 1.3, Max: 2.1, Diff: 0.9, Sum: 10.7]
      [Update RS (ms): Min: 4.6, Avg: 5.0, Max: 5.3, Diff: 0.7, Sum: 39.9]
         [Processed Buffers: Min: 11, Avg: 21.5, Max: 35, Diff: 24, Sum: 172]
      [Scan RS (ms): Min: 0.0, Avg: 0.1, Max: 0.1, Diff: 0.1, Sum: 0.6]
      [Code Root Scanning (ms): Min: 0.0, Avg: 0.0, Max: 0.0, Diff: 0.0, Sum: 0.0]
      [Object Copy (ms): Min: 10.4, Avg: 10.6, Max: 10.7, Diff: 0.3, Sum: 84.9]
      [Termination (ms): Min: 0.0, Avg: 0.0, Max: 0.0, Diff: 0.0, Sum: 0.0]
      [GC Worker Other (ms): Min: 0.0, Avg: 0.0, Max: 0.1, Diff: 0.1, Sum: 0.3]
      [GC Worker Total (ms): Min: 17.0, Avg: 17.1, Max: 17.1, Diff: 0.1, Sum: 136.4]
      [GC Worker End (ms): Min: 1503430235.5, Avg: 1503430235.6, Max: 1503430235.6, Diff: 0.0]
   [Code Root Fixup: 0.3 ms]
   [Code Root Purge: 0.0 ms]
   [Clear CT: 0.3 ms]
   [Other: 1.5 ms]
      [Choose CSet: 0.0 ms]
      [Ref Proc: 0.2 ms]
      [Ref Enq: 0.0 ms]
      [Redirty Cards: 0.1 ms]
      [Humongous Reclaim: 0.0 ms]
      [Free CSet: 0.6 ms]
   [Eden: 2204.0M(2204.0M)->0.0B(2212.0M) Survivors: 44.0M->36.0M Heap: 3616.6M(4500.0M)->1404.1M(4500.0M)]
Heap after GC invocations=33055 (full 0):
 garbage-first heap   total 4608000K, used 1437787K [0x00000006a6c00000, 0x00000006a7002328, 0x00000007c0000000)
  region size 4096K, 9 young (36864K), 9 survivors (36864K)
 Metaspace       used 124692K, capacity 128524K, committed 129664K, reserved 1165312K
  class space    used 13846K, capacity 14512K, committed 14720K, reserved 1048576K
}
 [Times: user=0.14 sys=0.00, real=0.02 secs] 
{Heap before GC invocations=33055 (full 0):
 garbage-first heap   total 4608000K, used 3702875K [0x00000006a6c00000, 0x00000006a7002328, 0x00000007c0000000)
  region size 4096K, 562 young (2301952K), 9 survivors (36864K)
 Metaspace       used 124692K, capacity 128524K, committed 129664K, reserved 1165312K
  class space    used 13846K, capacity 14512K, committed 14720K, reserved 1048576K
2019-04-29T02:10:49.276+0800: 1503458.495: [GC pause (G1 Evacuation Pause) (young)
Desired survivor size 148897792 bytes, new threshold 15 (max 15)
- age   1:   18089768 bytes,   18089768 total
- age   2:    2338736 bytes,   20428504 total
- age   3:     952128 bytes,   21380632 total
- age   4:     118008 bytes,   21498640 total
- age   5:     145824 bytes,   21644464 total
- age   6:     173760 bytes,   21818224 total
- age   7:      93648 bytes,   21911872 total
- age   8:      88624 bytes,   22000496 total
- age   9:     137712 bytes,   22138208 total
- age  10:     160808 bytes,   22299016 total
- age  11:     136496 bytes,   22435512 total
- age  12:     209144 bytes,   22644656 total
- age  13:     156888 bytes,   22801544 total
- age  14:     158816 bytes,   22960360 total
- age  15:     120888 bytes,   23081248 total
 1503458.495: [G1Ergonomics (CSet Construction) start choosing CSet, _pending_cards: 21697, predicted base time: 8.19 ms, remaining time: 51.81 ms, target pause time: 60.00 ms]
 1503458.495: [G1Ergonomics (CSet Construction) add young regions to CSet, eden: 553 regions, survivors: 9 regions, predicted young region time: 63.68 ms]
 1503458.495: [G1Ergonomics (CSet Construction) finish choosing CSet, eden: 553 regions, survivors: 9 regions, old: 0 regions, predicted pause time: 71.87 ms, target pause time: 60.00 ms]
, 0.0187880 secs]
   [Parallel Time: 16.8 ms, GC Workers: 8]
      [GC Worker Start (ms): Min: 1503458495.5, Avg: 1503458495.5, Max: 1503458495.5, Diff: 0.1]
      [Ext Root Scanning (ms): Min: 1.1, Avg: 1.3, Max: 2.1, Diff: 1.0, Sum: 10.5]
      [Update RS (ms): Min: 4.5, Avg: 5.1, Max: 5.5, Diff: 1.0, Sum: 41.1]
         [Processed Buffers: Min: 14, Avg: 22.0, Max: 36, Diff: 22, Sum: 176]
      [Scan RS (ms): Min: 0.0, Avg: 0.1, Max: 0.1, Diff: 0.1, Sum: 0.7]
      [Code Root Scanning (ms): Min: 0.0, Avg: 0.0, Max: 0.0, Diff: 0.0, Sum: 0.0]
      [Object Copy (ms): Min: 10.0, Avg: 10.1, Max: 10.2, Diff: 0.2, Sum: 81.0]
      [Termination (ms): Min: 0.0, Avg: 0.0, Max: 0.0, Diff: 0.0, Sum: 0.0]
      [GC Worker Other (ms): Min: 0.0, Avg: 0.0, Max: 0.1, Diff: 0.1, Sum: 0.3]
      [GC Worker Total (ms): Min: 16.7, Avg: 16.7, Max: 16.8, Diff: 0.1, Sum: 133.7]
      [GC Worker End (ms): Min: 1503458512.2, Avg: 1503458512.2, Max: 1503458512.2, Diff: 0.1]
   [Code Root Fixup: 0.3 ms]
   [Code Root Purge: 0.0 ms]
   [Clear CT: 0.3 ms]
   [Other: 1.5 ms]
      [Choose CSet: 0.0 ms]
      [Ref Proc: 0.2 ms]
      [Ref Enq: 0.0 ms]
      [Redirty Cards: 0.1 ms]
      [Humongous Reclaim: 0.0 ms]
      [Free CSet: 0.7 ms]
   [Eden: 2212.0M(2212.0M)->0.0B(2212.0M) Survivors: 36.0M->36.0M Heap: 3616.1M(4500.0M)->1404.3M(4500.0M)]
Heap after GC invocations=33056 (full 0):
 garbage-first heap   total 4608000K, used 1437961K [0x00000006a6c00000, 0x00000006a7002328, 0x00000007c0000000)
  region size 4096K, 9 young (36864K), 9 survivors (36864K)
 Metaspace       used 124692K, capacity 128524K, committed 129664K, reserved 1165312K
  class space    used 13846K, capacity 14512K, committed 14720K, reserved 1048576K
}
 [Times: user=0.11 sys=0.02, real=0.02 secs] 
{Heap before GC invocations=33056 (full 0):
 garbage-first heap   total 4608000K, used 3703049K [0x00000006a6c00000, 0x00000006a7002328, 0x00000007c0000000)
  region size 4096K, 562 young (2301952K), 9 survivors (36864K)
 Metaspace       used 124692K, capacity 128524K, committed 129664K, reserved 1165312K
  class space    used 13846K, capacity 14512K, committed 14720K, reserved 1048576K
2019-04-29T02:11:18.282+0800: 1503487.500: [GC pause (G1 Evacuation Pause) (young)
Desired survivor size 148897792 bytes, new threshold 15 (max 15)
- age   1:   17617096 bytes,   17617096 total
- age   2:    1495048 bytes,   19112144 total
- age   3:    1225056 bytes,   20337200 total
- age   4:     367760 bytes,   20704960 total
- age   5:     117880 bytes,   20822840 total
- age   6:     144088 bytes,   20966928 total
- age   7:     173456 bytes,   21140384 total
- age   8:      93648 bytes,   21234032 total
- age   9:      87712 bytes,   21321744 total
- age  10:     137376 bytes,   21459120 total
- age  11:     160808 bytes,   21619928 total
- age  12:     135712 bytes,   21755640 total
- age  13:     209144 bytes,   21964784 total
- age  14:     156888 bytes,   22121672 total
- age  15:     158816 bytes,   22280488 total
 1503487.501: [G1Ergonomics (CSet Construction) start choosing CSet, _pending_cards: 21475, predicted base time: 8.03 ms, remaining time: 51.97 ms, target pause time: 60.00 ms]
 1503487.501: [G1Ergonomics (CSet Construction) add young regions to CSet, eden: 553 regions, survivors: 9 regions, predicted young region time: 73.94 ms]
 1503487.501: [G1Ergonomics (CSet Construction) finish choosing CSet, eden: 553 regions, survivors: 9 regions, old: 0 regions, predicted pause time: 81.97 ms, target pause time: 60.00 ms]
, 0.0191608 secs]
   [Parallel Time: 16.9 ms, GC Workers: 8]
      [GC Worker Start (ms): Min: 1503487500.7, Avg: 1503487500.8, Max: 1503487500.8, Diff: 0.1]
      [Ext Root Scanning (ms): Min: 1.1, Avg: 1.6, Max: 4.6, Diff: 3.5, Sum: 13.0]
      [Update RS (ms): Min: 2.3, Avg: 5.2, Max: 5.8, Diff: 3.5, Sum: 41.3]
         [Processed Buffers: Min: 12, Avg: 21.9, Max: 44, Diff: 32, Sum: 175]
      [Scan RS (ms): Min: 0.0, Avg: 0.1, Max: 0.1, Diff: 0.1, Sum: 0.6]
      [Code Root Scanning (ms): Min: 0.0, Avg: 0.0, Max: 0.0, Diff: 0.0, Sum: 0.0]
      [Object Copy (ms): Min: 9.8, Avg: 9.9, Max: 10.0, Diff: 0.2, Sum: 79.3]
      [Termination (ms): Min: 0.0, Avg: 0.0, Max: 0.0, Diff: 0.0, Sum: 0.0]
      [GC Worker Other (ms): Min: 0.0, Avg: 0.0, Max: 0.1, Diff: 0.1, Sum: 0.3]
      [GC Worker Total (ms): Min: 16.8, Avg: 16.8, Max: 16.9, Diff: 0.1, Sum: 134.6]
      [GC Worker End (ms): Min: 1503487517.6, Avg: 1503487517.6, Max: 1503487517.6, Diff: 0.0]
   [Code Root Fixup: 0.3 ms]
   [Code Root Purge: 0.0 ms]
   [Clear CT: 0.3 ms]
   [Other: 1.7 ms]
      [Choose CSet: 0.0 ms]
      [Ref Proc: 0.4 ms]
      [Ref Enq: 0.0 ms]
      [Redirty Cards: 0.1 ms]
      [Humongous Reclaim: 0.0 ms]
      [Free CSet: 0.7 ms]
   [Eden: 2212.0M(2212.0M)->0.0B(2212.0M) Survivors: 36.0M->36.0M Heap: 3616.3M(4500.0M)->1404.5M(4500.0M)]
Heap after GC invocations=33057 (full 0):
 garbage-first heap   total 4608000K, used 1438195K [0x00000006a6c00000, 0x00000006a7002328, 0x00000007c0000000)
  region size 4096K, 9 young (36864K), 9 survivors (36864K)
 Metaspace       used 124692K, capacity 128524K, committed 129664K, reserved 1165312K
  class space    used 13846K, capacity 14512K, committed 14720K, reserved 1048576K
}
 [Times: user=0.14 sys=0.00, real=0.02 secs] 
{Heap before GC invocations=33057 (full 0):
 garbage-first heap   total 4608000K, used 3703283K [0x00000006a6c00000, 0x00000006a7002328, 0x00000007c0000000)
  region size 4096K, 562 young (2301952K), 9 survivors (36864K)
 Metaspace       used 124692K, capacity 128524K, committed 129664K, reserved 1165312K
  class space    used 13846K, capacity 14512K, committed 14720K, reserved 1048576K
2019-04-29T02:11:46.140+0800: 1503515.358: [GC pause (G1 Evacuation Pause) (young)
Desired survivor size 148897792 bytes, new threshold 15 (max 15)
- age   1:   16598328 bytes,   16598328 total
- age   2:    2063536 bytes,   18661864 total
- age   3:     479368 bytes,   19141232 total
- age   4:     420608 bytes,   19561840 total
- age   5:     361064 bytes,   19922904 total
- age   6:     117632 bytes,   20040536 total
- age   7:     144056 bytes,   20184592 total
- age   8:     172352 bytes,   20356944 total
- age   9:      93648 bytes,   20450592 total
- age  10:      87688 bytes,   20538280 total
- age  11:     137376 bytes,   20675656 total
- age  12:     160808 bytes,   20836464 total
- age  13:     135712 bytes,   20972176 total
- age  14:     209144 bytes,   21181320 total
- age  15:     156888 bytes,   21338208 total
 1503515.359: [G1Ergonomics (CSet Construction) start choosing CSet, _pending_cards: 22106, predicted base time: 8.32 ms, remaining time: 51.68 ms, target pause time: 60.00 ms]
 1503515.359: [G1Ergonomics (CSet Construction) add young regions to CSet, eden: 553 regions, survivors: 9 regions, predicted young region time: 58.55 ms]
 1503515.359: [G1Ergonomics (CSet Construction) finish choosing CSet, eden: 553 regions, survivors: 9 regions, old: 0 regions, predicted pause time: 66.87 ms, target pause time: 60.00 ms]
, 0.0181974 secs]
   [Parallel Time: 16.2 ms, GC Workers: 8]
      [GC Worker Start (ms): Min: 1503515358.8, Avg: 1503515358.9, Max: 1503515358.9, Diff: 0.1]
      [Ext Root Scanning (ms): Min: 1.1, Avg: 1.3, Max: 2.2, Diff: 1.2, Sum: 10.7]
      [Update RS (ms): Min: 4.6, Avg: 5.3, Max: 5.7, Diff: 1.1, Sum: 42.4]
         [Processed Buffers: Min: 15, Avg: 22.6, Max: 30, Diff: 15, Sum: 181]
      [Scan RS (ms): Min: 0.0, Avg: 0.1, Max: 0.1, Diff: 0.1, Sum: 0.6]
      [Code Root Scanning (ms): Min: 0.0, Avg: 0.0, Max: 0.0, Diff: 0.0, Sum: 0.0]
      [Object Copy (ms): Min: 9.2, Avg: 9.3, Max: 9.4, Diff: 0.2, Sum: 74.4]
      [Termination (ms): Min: 0.0, Avg: 0.0, Max: 0.0, Diff: 0.0, Sum: 0.0]
      [GC Worker Other (ms): Min: 0.0, Avg: 0.1, Max: 0.1, Diff: 0.1, Sum: 0.6]
      [GC Worker Total (ms): Min: 16.0, Avg: 16.1, Max: 16.1, Diff: 0.1, Sum: 128.7]
      [GC Worker End (ms): Min: 1503515374.9, Avg: 1503515375.0, Max: 1503515375.0, Diff: 0.1]
   [Code Root Fixup: 0.2 ms]
   [Code Root Purge: 0.0 ms]
   [Clear CT: 0.3 ms]
   [Other: 1.5 ms]
      [Choose CSet: 0.0 ms]
      [Ref Proc: 0.2 ms]
      [Ref Enq: 0.0 ms]
      [Redirty Cards: 0.1 ms]
      [Humongous Reclaim: 0.0 ms]
      [Free CSet: 0.6 ms]
   [Eden: 2212.0M(2212.0M)->0.0B(2212.0M) Survivors: 36.0M->36.0M Heap: 3616.5M(4500.0M)->1404.3M(4500.0M)]
Heap after GC invocations=33058 (full 0):
 garbage-first heap   total 4608000K, used 1438022K [0x00000006a6c00000, 0x00000006a7002328, 0x00000007c0000000)
  region size 4096K, 9 young (36864K), 9 survivors (36864K)
 Metaspace       used 124692K, capacity 128524K, committed 129664K, reserved 1165312K
  class space    used 13846K, capacity 14512K, committed 14720K, reserved 1048576K
}
 [Times: user=0.10 sys=0.03, real=0.01 secs] 
{Heap before GC invocations=33058 (full 0):
 garbage-first heap   total 4608000K, used 3703110K [0x00000006a6c00000, 0x00000006a7002328, 0x00000007c0000000)
  region size 4096K, 562 young (2301952K), 9 survivors (36864K)
 Metaspace       used 124692K, capacity 128524K, committed 129664K, reserved 1165312K
  class space    used 13846K, capacity 14512K, committed 14720K, reserved 1048576K
2019-04-29T02:12:14.422+0800: 1503543.640: [GC pause (G1 Evacuation Pause) (young)
Desired survivor size 148897792 bytes, new threshold 15 (max 15)
- age   1:   14852376 bytes,   14852376 total
- age   2:    2220632 bytes,   17073008 total
- age   3:     300144 bytes,   17373152 total
- age   4:     273360 bytes,   17646512 total
- age   5:     419136 bytes,   18065648 total
- age   6:     360024 bytes,   18425672 total
- age   7:     115800 bytes,   18541472 total
- age   8:     143368 bytes,   18684840 total
- age   9:     172352 bytes,   18857192 total
- age  10:      93648 bytes,   18950840 total
- age  11:      87576 bytes,   19038416 total
- age  12:     137152 bytes,   19175568 total
- age  13:     160808 bytes,   19336376 total
- age  14:     135712 bytes,   19472088 total
- age  15:     209032 bytes,   19681120 total
 1503543.641: [G1Ergonomics (CSet Construction) start choosing CSet, _pending_cards: 21927, predicted base time: 8.19 ms, remaining time: 51.81 ms, target pause time: 60.00 ms]
 1503543.641: [G1Ergonomics (CSet Construction) add young regions to CSet, eden: 553 regions, survivors: 9 regions, predicted young region time: 45.83 ms]
 1503543.641: [G1Ergonomics (CSet Construction) finish choosing CSet, eden: 553 regions, survivors: 9 regions, old: 0 regions, predicted pause time: 54.02 ms, target pause time: 60.00 ms]
, 0.0189795 secs]
   [Parallel Time: 16.9 ms, GC Workers: 8]
      [GC Worker Start (ms): Min: 1503543640.9, Avg: 1503543640.9, Max: 1503543640.9, Diff: 0.1]
      [Ext Root Scanning (ms): Min: 1.1, Avg: 1.4, Max: 2.2, Diff: 1.1, Sum: 11.1]
      [Update RS (ms): Min: 4.7, Avg: 5.4, Max: 5.7, Diff: 1.0, Sum: 43.4]
         [Processed Buffers: Min: 15, Avg: 22.8, Max: 33, Diff: 18, Sum: 182]
      [Scan RS (ms): Min: 0.0, Avg: 0.1, Max: 0.2, Diff: 0.1, Sum: 0.7]
      [Code Root Scanning (ms): Min: 0.0, Avg: 0.0, Max: 0.0, Diff: 0.0, Sum: 0.0]
      [Object Copy (ms): Min: 9.7, Avg: 9.8, Max: 9.9, Diff: 0.2, Sum: 78.8]
      [Termination (ms): Min: 0.0, Avg: 0.0, Max: 0.0, Diff: 0.0, Sum: 0.0]
      [GC Worker Other (ms): Min: 0.0, Avg: 0.0, Max: 0.1, Diff: 0.0, Sum: 0.3]
      [GC Worker Total (ms): Min: 16.8, Avg: 16.8, Max: 16.9, Diff: 0.1, Sum: 134.4]
      [GC Worker End (ms): Min: 1503543657.7, Avg: 1503543657.7, Max: 1503543657.7, Diff: 0.0]
   [Code Root Fixup: 0.3 ms]
   [Code Root Purge: 0.0 ms]
   [Clear CT: 0.3 ms]
   [Other: 1.5 ms]
      [Choose CSet: 0.0 ms]
      [Ref Proc: 0.2 ms]
      [Ref Enq: 0.0 ms]
      [Redirty Cards: 0.1 ms]
      [Humongous Reclaim: 0.0 ms]
      [Free CSet: 0.6 ms]
   [Eden: 2212.0M(2212.0M)->0.0B(2212.0M) Survivors: 36.0M->36.0M Heap: 3616.3M(4500.0M)->1405.0M(4500.0M)]
Heap after GC invocations=33059 (full 0):
 garbage-first heap   total 4608000K, used 1438699K [0x00000006a6c00000, 0x00000006a7002328, 0x00000007c0000000)
  region size 4096K, 9 young (36864K), 9 survivors (36864K)
 Metaspace       used 124692K, capacity 128524K, committed 129664K, reserved 1165312K
  class space    used 13846K, capacity 14512K, committed 14720K, reserved 1048576K
}
 [Times: user=0.14 sys=0.00, real=0.02 secs] 
{Heap before GC invocations=33059 (full 0):
 garbage-first heap   total 4608000K, used 3703787K [0x00000006a6c00000, 0x00000006a7002328, 0x00000007c0000000)
  region size 4096K, 562 young (2301952K), 9 survivors (36864K)
 Metaspace       used 124692K, capacity 128524K, committed 129664K, reserved 1165312K
  class space    used 13846K, capacity 14512K, committed 14720K, reserved 1048576K
2019-04-29T02:12:46.650+0800: 1503575.869: [GC pause (G1 Evacuation Pause) (young)
Desired survivor size 148897792 bytes, new threshold 15 (max 15)
- age   1:   16052176 bytes,   16052176 total
- age   2:    2275848 bytes,   18328024 total
- age   3:     487688 bytes,   18815712 total
- age   4:     298016 bytes,   19113728 total
- age   5:     248400 bytes,   19362128 total
- age   6:     418672 bytes,   19780800 total
- age   7:     358312 bytes,   20139112 total
- age   8:     115800 bytes,   20254912 total
- age   9:     143144 bytes,   20398056 total
- age  10:     172352 bytes,   20570408 total
- age  11:      93648 bytes,   20664056 total
- age  12:      87464 bytes,   20751520 total
- age  13:     136816 bytes,   20888336 total
- age  14:     160696 bytes,   21049032 total
- age  15:     135712 bytes,   21184744 total
 1503575.869: [G1Ergonomics (CSet Construction) start choosing CSet, _pending_cards: 21851, predicted base time: 8.20 ms, remaining time: 51.80 ms, target pause time: 60.00 ms]
 1503575.869: [G1Ergonomics (CSet Construction) add young regions to CSet, eden: 553 regions, survivors: 9 regions, predicted young region time: 35.92 ms]
 1503575.869: [G1Ergonomics (CSet Construction) finish choosing CSet, eden: 553 regions, survivors: 9 regions, old: 0 regions, predicted pause time: 44.12 ms, target pause time: 60.00 ms]
, 0.0189721 secs]
   [Parallel Time: 16.7 ms, GC Workers: 8]
      [GC Worker Start (ms): Min: 1503575868.9, Avg: 1503575868.9, Max: 1503575869.0, Diff: 0.1]
      [Ext Root Scanning (ms): Min: 1.2, Avg: 1.4, Max: 2.0, Diff: 0.8, Sum: 11.0]
      [Update RS (ms): Min: 4.9, Avg: 5.5, Max: 5.8, Diff: 0.8, Sum: 44.0]
         [Processed Buffers: Min: 11, Avg: 21.9, Max: 39, Diff: 28, Sum: 175]
      [Scan RS (ms): Min: 0.0, Avg: 0.1, Max: 0.2, Diff: 0.1, Sum: 0.6]
      [Code Root Scanning (ms): Min: 0.0, Avg: 0.0, Max: 0.0, Diff: 0.0, Sum: 0.0]
      [Object Copy (ms): Min: 9.5, Avg: 9.6, Max: 9.7, Diff: 0.2, Sum: 76.6]
      [Termination (ms): Min: 0.0, Avg: 0.0, Max: 0.0, Diff: 0.0, Sum: 0.0]
      [GC Worker Other (ms): Min: 0.0, Avg: 0.1, Max: 0.1, Diff: 0.1, Sum: 0.5]
      [GC Worker Total (ms): Min: 16.5, Avg: 16.6, Max: 16.7, Diff: 0.1, Sum: 132.8]
      [GC Worker End (ms): Min: 1503575885.5, Avg: 1503575885.5, Max: 1503575885.6, Diff: 0.1]
   [Code Root Fixup: 0.3 ms]
   [Code Root Purge: 0.0 ms]
   [Clear CT: 0.3 ms]
   [Other: 1.7 ms]
      [Choose CSet: 0.0 ms]
      [Ref Proc: 0.2 ms]
      [Ref Enq: 0.0 ms]
      [Redirty Cards: 0.1 ms]
      [Humongous Reclaim: 0.0 ms]
      [Free CSet: 0.9 ms]
   [Eden: 2212.0M(2212.0M)->0.0B(2212.0M) Survivors: 36.0M->36.0M Heap: 3617.0M(4500.0M)->1404.7M(4500.0M)]
Heap after GC invocations=33060 (full 0):
 garbage-first heap   total 4608000K, used 1438413K [0x00000006a6c00000, 0x00000006a7002328, 0x00000007c0000000)
  region size 4096K, 9 young (36864K), 9 survivors (36864K)
 Metaspace       used 124692K, capacity 128524K, committed 129664K, reserved 1165312K
  class space    used 13846K, capacity 14512K, committed 14720K, reserved 1048576K
}
 [Times: user=0.10 sys=0.04, real=0.01 secs] 
{Heap before GC invocations=33060 (full 0):
 garbage-first heap   total 4608000K, used 3703501K [0x00000006a6c00000, 0x00000006a7002328, 0x00000007c0000000)
  region size 4096K, 562 young (2301952K), 9 survivors (36864K)
 Metaspace       used 124692K, capacity 128524K, committed 129664K, reserved 1165312K
  class space    used 13846K, capacity 14512K, committed 14720K, reserved 1048576K
2019-04-29T02:13:19.025+0800: 1503608.244: [GC pause (G1 Evacuation Pause) (young)
Desired survivor size 148897792 bytes, new threshold 15 (max 15)
- age   1:   15823568 bytes,   15823568 total
- age   2:    2416720 bytes,   18240288 total
- age   3:     376480 bytes,   18616768 total
- age   4:     310736 bytes,   18927504 total
- age   5:     297280 bytes,   19224784 total
- age   6:     247616 bytes,   19472400 total
- age   7:     416440 bytes,   19888840 total
- age   8:     358032 bytes,   20246872 total
- age   9:     115800 bytes,   20362672 total
- age  10:     142920 bytes,   20505592 total
- age  11:     172240 bytes,   20677832 total
- age  12:      93648 bytes,   20771480 total
- age  13:      87464 bytes,   20858944 total
- age  14:     136256 bytes,   20995200 total
- age  15:     160472 bytes,   21155672 total
 1503608.244: [G1Ergonomics (CSet Construction) start choosing CSet, _pending_cards: 22282, predicted base time: 8.35 ms, remaining time: 51.65 ms, target pause time: 60.00 ms]
 1503608.244: [G1Ergonomics (CSet Construction) add young regions to CSet, eden: 553 regions, survivors: 9 regions, predicted young region time: 37.52 ms]
 1503608.244: [G1Ergonomics (CSet Construction) finish choosing CSet, eden: 553 regions, survivors: 9 regions, old: 0 regions, predicted pause time: 45.87 ms, target pause time: 60.00 ms]
, 0.0185296 secs]
   [Parallel Time: 16.5 ms, GC Workers: 8]
      [GC Worker Start (ms): Min: 1503608244.3, Avg: 1503608244.3, Max: 1503608244.3, Diff: 0.1]
      [Ext Root Scanning (ms): Min: 1.1, Avg: 1.3, Max: 2.0, Diff: 0.9, Sum: 10.2]
      [Update RS (ms): Min: 4.8, Avg: 5.2, Max: 5.6, Diff: 0.8, Sum: 42.0]
         [Processed Buffers: Min: 15, Avg: 22.6, Max: 36, Diff: 21, Sum: 181]
      [Scan RS (ms): Min: 0.0, Avg: 0.1, Max: 0.1, Diff: 0.1, Sum: 0.6]
      [Code Root Scanning (ms): Min: 0.0, Avg: 0.0, Max: 0.0, Diff: 0.0, Sum: 0.0]
      [Object Copy (ms): Min: 9.6, Avg: 9.8, Max: 9.9, Diff: 0.3, Sum: 78.4]
      [Termination (ms): Min: 0.0, Avg: 0.0, Max: 0.0, Diff: 0.0, Sum: 0.0]
      [GC Worker Other (ms): Min: 0.0, Avg: 0.0, Max: 0.1, Diff: 0.0, Sum: 0.3]
      [GC Worker Total (ms): Min: 16.4, Avg: 16.4, Max: 16.5, Diff: 0.1, Sum: 131.6]
      [GC Worker End (ms): Min: 1503608260.7, Avg: 1503608260.7, Max: 1503608260.8, Diff: 0.0]
   [Code Root Fixup: 0.3 ms]
   [Code Root Purge: 0.0 ms]
   [Clear CT: 0.3 ms]
   [Other: 1.5 ms]
      [Choose CSet: 0.0 ms]
      [Ref Proc: 0.2 ms]
      [Ref Enq: 0.0 ms]
      [Redirty Cards: 0.1 ms]
      [Humongous Reclaim: 0.0 ms]
      [Free CSet: 0.7 ms]
   [Eden: 2212.0M(2212.0M)->0.0B(2212.0M) Survivors: 36.0M->36.0M Heap: 3616.7M(4500.0M)->1405.4M(4500.0M)]
Heap after GC invocations=33061 (full 0):
 garbage-first heap   total 4608000K, used 1439139K [0x00000006a6c00000, 0x00000006a7002328, 0x00000007c0000000)
  region size 4096K, 9 young (36864K), 9 survivors (36864K)
 Metaspace       used 124692K, capacity 128524K, committed 129664K, reserved 1165312K
  class space    used 13846K, capacity 14512K, committed 14720K, reserved 1048576K
}
 [Times: user=0.11 sys=0.03, real=0.02 secs] 
{Heap before GC invocations=33061 (full 0):
 garbage-first heap   total 4608000K, used 3704227K [0x00000006a6c00000, 0x00000006a7002328, 0x00000007c0000000)
  region size 4096K, 562 young (2301952K), 9 survivors (36864K)
 Metaspace       used 124692K, capacity 128524K, committed 129664K, reserved 1165312K
  class space    used 13846K, capacity 14512K, committed 14720K, reserved 1048576K
2019-04-29T02:13:46.371+0800: 1503635.590: [GC pause (G1 Evacuation Pause) (young)
Desired survivor size 148897792 bytes, new threshold 15 (max 15)
- age   1:   15308304 bytes,   15308304 total
- age   2:    2105896 bytes,   17414200 total
- age   3:     774920 bytes,   18189120 total
- age   4:     373672 bytes,   18562792 total
- age   5:     310512 bytes,   18873304 total
- age   6:     296944 bytes,   19170248 total
- age   7:     247504 bytes,   19417752 total
- age   8:     416328 bytes,   19834080 total
- age   9:     358032 bytes,   20192112 total
- age  10:     115800 bytes,   20307912 total
- age  11:     142136 bytes,   20450048 total
- age  12:     171904 bytes,   20621952 total
- age  13:      93648 bytes,   20715600 total
- age  14:      87464 bytes,   20803064 total
- age  15:     136256 bytes,   20939320 total
 1503635.590: [G1Ergonomics (CSet Construction) start choosing CSet, _pending_cards: 21563, predicted base time: 8.05 ms, remaining time: 51.95 ms, target pause time: 60.00 ms]
 1503635.590: [G1Ergonomics (CSet Construction) add young regions to CSet, eden: 553 regions, survivors: 9 regions, predicted young region time: 31.08 ms]
 1503635.590: [G1Ergonomics (CSet Construction) finish choosing CSet, eden: 553 regions, survivors: 9 regions, old: 0 regions, predicted pause time: 39.13 ms, target pause time: 60.00 ms]
, 0.0188618 secs]
   [Parallel Time: 16.9 ms, GC Workers: 8]
      [GC Worker Start (ms): Min: 1503635590.5, Avg: 1503635590.5, Max: 1503635590.6, Diff: 0.1]
      [Ext Root Scanning (ms): Min: 1.0, Avg: 1.2, Max: 2.0, Diff: 1.0, Sum: 9.9]
      [Update RS (ms): Min: 4.4, Avg: 5.0, Max: 5.4, Diff: 1.0, Sum: 40.4]
         [Processed Buffers: Min: 13, Avg: 22.9, Max: 42, Diff: 29, Sum: 183]
      [Scan RS (ms): Min: 0.0, Avg: 0.1, Max: 0.1, Diff: 0.1, Sum: 0.6]
      [Code Root Scanning (ms): Min: 0.0, Avg: 0.0, Max: 0.0, Diff: 0.0, Sum: 0.0]
      [Object Copy (ms): Min: 10.2, Avg: 10.3, Max: 10.5, Diff: 0.3, Sum: 82.8]
      [Termination (ms): Min: 0.0, Avg: 0.0, Max: 0.0, Diff: 0.0, Sum: 0.1]
      [GC Worker Other (ms): Min: 0.0, Avg: 0.0, Max: 0.1, Diff: 0.0, Sum: 0.3]
      [GC Worker Total (ms): Min: 16.7, Avg: 16.8, Max: 16.8, Diff: 0.1, Sum: 134.1]
      [GC Worker End (ms): Min: 1503635607.2, Avg: 1503635607.3, Max: 1503635607.3, Diff: 0.0]
   [Code Root Fixup: 0.2 ms]
   [Code Root Purge: 0.0 ms]
   [Clear CT: 0.3 ms]
   [Other: 1.5 ms]
      [Choose CSet: 0.0 ms]
      [Ref Proc: 0.2 ms]
      [Ref Enq: 0.0 ms]
      [Redirty Cards: 0.1 ms]
      [Humongous Reclaim: 0.0 ms]
      [Free CSet: 0.6 ms]
   [Eden: 2212.0M(2212.0M)->0.0B(2208.0M) Survivors: 36.0M->40.0M Heap: 3617.4M(4500.0M)->1409.1M(4500.0M)]
Heap after GC invocations=33062 (full 0):
 garbage-first heap   total 4608000K, used 1442942K [0x00000006a6c00000, 0x00000006a7002328, 0x00000007c0000000)
  region size 4096K, 10 young (40960K), 10 survivors (40960K)
 Metaspace       used 124692K, capacity 128524K, committed 129664K, reserved 1165312K
  class space    used 13846K, capacity 14512K, committed 14720K, reserved 1048576K
}
 [Times: user=0.11 sys=0.02, real=0.02 secs] 
{Heap before GC invocations=33062 (full 0):
 garbage-first heap   total 4608000K, used 3703934K [0x00000006a6c00000, 0x00000006a7002328, 0x00000007c0000000)
  region size 4096K, 562 young (2301952K), 10 survivors (40960K)
 Metaspace       used 124692K, capacity 128524K, committed 129664K, reserved 1165312K
  class space    used 13846K, capacity 14512K, committed 14720K, reserved 1048576K
2019-04-29T02:14:15.163+0800: 1503664.382: [GC pause (G1 Evacuation Pause) (young)
Desired survivor size 148897792 bytes, new threshold 15 (max 15)
- age   1:   17525624 bytes,   17525624 total
- age   2:    2078416 bytes,   19604040 total
- age   3:     148888 bytes,   19752928 total
- age   4:     341560 bytes,   20094488 total
- age   5:     359576 bytes,   20454064 total
- age   6:     265440 bytes,   20719504 total
- age   7:     296256 bytes,   21015760 total
- age   8:     247392 bytes,   21263152 total
- age   9:     416328 bytes,   21679480 total
- age  10:     358032 bytes,   22037512 total
- age  11:     115800 bytes,   22153312 total
- age  12:     141912 bytes,   22295224 total
- age  13:     171904 bytes,   22467128 total
- age  14:      93648 bytes,   22560776 total
- age  15:      87464 bytes,   22648240 total
 1503664.382: [G1Ergonomics (CSet Construction) start choosing CSet, _pending_cards: 21193, predicted base time: 7.85 ms, remaining time: 52.15 ms, target pause time: 60.00 ms]
 1503664.382: [G1Ergonomics (CSet Construction) add young regions to CSet, eden: 552 regions, survivors: 10 regions, predicted young region time: 31.12 ms]
 1503664.382: [G1Ergonomics (CSet Construction) finish choosing CSet, eden: 552 regions, survivors: 10 regions, old: 0 regions, predicted pause time: 38.98 ms, target pause time: 60.00 ms]
, 0.0185436 secs]
   [Parallel Time: 16.6 ms, GC Workers: 8]
      [GC Worker Start (ms): Min: 1503664382.4, Avg: 1503664382.4, Max: 1503664382.4, Diff: 0.1]
      [Ext Root Scanning (ms): Min: 1.1, Avg: 1.6, Max: 4.3, Diff: 3.2, Sum: 12.8]
      [Update RS (ms): Min: 2.6, Avg: 5.0, Max: 5.6, Diff: 2.9, Sum: 40.3]
         [Processed Buffers: Min: 14, Avg: 21.8, Max: 34, Diff: 20, Sum: 174]
      [Scan RS (ms): Min: 0.0, Avg: 0.1, Max: 0.2, Diff: 0.1, Sum: 0.6]
      [Code Root Scanning (ms): Min: 0.0, Avg: 0.0, Max: 0.0, Diff: 0.0, Sum: 0.0]
      [Object Copy (ms): Min: 9.5, Avg: 9.7, Max: 9.8, Diff: 0.2, Sum: 77.5]
      [Termination (ms): Min: 0.0, Avg: 0.0, Max: 0.0, Diff: 0.0, Sum: 0.0]
      [GC Worker Other (ms): Min: 0.0, Avg: 0.0, Max: 0.1, Diff: 0.1, Sum: 0.4]
      [GC Worker Total (ms): Min: 16.4, Avg: 16.4, Max: 16.5, Diff: 0.1, Sum: 131.6]
      [GC Worker End (ms): Min: 1503664398.8, Avg: 1503664398.8, Max: 1503664398.9, Diff: 0.1]
   [Code Root Fixup: 0.2 ms]
   [Code Root Purge: 0.0 ms]
   [Clear CT: 0.4 ms]
   [Other: 1.4 ms]
      [Choose CSet: 0.0 ms]
      [Ref Proc: 0.2 ms]
      [Ref Enq: 0.0 ms]
      [Redirty Cards: 0.1 ms]
      [Humongous Reclaim: 0.0 ms]
      [Free CSet: 0.6 ms]
   [Eden: 2208.0M(2208.0M)->0.0B(2212.0M) Survivors: 40.0M->36.0M Heap: 3617.1M(4500.0M)->1405.8M(4500.0M)]
Heap after GC invocations=33063 (full 0):
 garbage-first heap   total 4608000K, used 1439522K [0x00000006a6c00000, 0x00000006a7002328, 0x00000007c0000000)
  region size 4096K, 9 young (36864K), 9 survivors (36864K)
 Metaspace       used 124692K, capacity 128524K, committed 129664K, reserved 1165312K
  class space    used 13846K, capacity 14512K, committed 14720K, reserved 1048576K
}
 [Times: user=0.11 sys=0.02, real=0.02 secs] 
{Heap before GC invocations=33063 (full 0):
 garbage-first heap   total 4608000K, used 3704610K [0x00000006a6c00000, 0x00000006a7002328, 0x00000007c0000000)
  region size 4096K, 562 young (2301952K), 9 survivors (36864K)
 Metaspace       used 124692K, capacity 128524K, committed 129664K, reserved 1165312K
  class space    used 13846K, capacity 14512K, committed 14720K, reserved 1048576K
2019-04-29T02:14:43.521+0800: 1503692.740: [GC pause (G1 Evacuation Pause) (young)
Desired survivor size 148897792 bytes, new threshold 15 (max 15)
- age   1:   15109808 bytes,   15109808 total
- age   2:    2872464 bytes,   17982272 total
- age   3:     344576 bytes,   18326848 total
- age   4:     147312 bytes,   18474160 total
- age   5:     340168 bytes,   18814328 total
- age   6:     357144 bytes,   19171472 total
- age   7:     264736 bytes,   19436208 total
- age   8:     296032 bytes,   19732240 total
- age   9:     247392 bytes,   19979632 total
- age  10:     416216 bytes,   20395848 total
- age  11:     358032 bytes,   20753880 total
- age  12:     115800 bytes,   20869680 total
- age  13:     141912 bytes,   21011592 total
- age  14:     171904 bytes,   21183496 total
- age  15:      93648 bytes,   21277144 total
 1503692.740: [G1Ergonomics (CSet Construction) start choosing CSet, _pending_cards: 21139, predicted base time: 7.89 ms, remaining time: 52.11 ms, target pause time: 60.00 ms]
 1503692.740: [G1Ergonomics (CSet Construction) add young regions to CSet, eden: 553 regions, survivors: 9 regions, predicted young region time: 25.89 ms]
 1503692.740: [G1Ergonomics (CSet Construction) finish choosing CSet, eden: 553 regions, survivors: 9 regions, old: 0 regions, predicted pause time: 33.78 ms, target pause time: 60.00 ms]
, 0.0189666 secs]
   [Parallel Time: 17.0 ms, GC Workers: 8]
      [GC Worker Start (ms): Min: 1503692740.2, Avg: 1503692740.3, Max: 1503692740.3, Diff: 0.1]
      [Ext Root Scanning (ms): Min: 1.1, Avg: 1.3, Max: 2.3, Diff: 1.3, Sum: 10.6]
      [Update RS (ms): Min: 4.0, Avg: 4.9, Max: 5.2, Diff: 1.3, Sum: 39.5]
         [Processed Buffers: Min: 15, Avg: 21.9, Max: 30, Diff: 15, Sum: 175]
      [Scan RS (ms): Min: 0.0, Avg: 0.1, Max: 0.2, Diff: 0.1, Sum: 0.7]
      [Code Root Scanning (ms): Min: 0.0, Avg: 0.0, Max: 0.0, Diff: 0.0, Sum: 0.0]
      [Object Copy (ms): Min: 10.3, Avg: 10.5, Max: 10.5, Diff: 0.2, Sum: 83.7]
      [Termination (ms): Min: 0.0, Avg: 0.0, Max: 0.0, Diff: 0.0, Sum: 0.1]
      [GC Worker Other (ms): Min: 0.0, Avg: 0.0, Max: 0.1, Diff: 0.0, Sum: 0.3]
      [GC Worker Total (ms): Min: 16.8, Avg: 16.9, Max: 16.9, Diff: 0.1, Sum: 134.8]
      [GC Worker End (ms): Min: 1503692757.1, Avg: 1503692757.1, Max: 1503692757.1, Diff: 0.0]
   [Code Root Fixup: 0.2 ms]
   [Code Root Purge: 0.0 ms]
   [Clear CT: 0.3 ms]
   [Other: 1.5 ms]
      [Choose CSet: 0.0 ms]
      [Ref Proc: 0.2 ms]
      [Ref Enq: 0.0 ms]
      [Redirty Cards: 0.1 ms]
      [Humongous Reclaim: 0.0 ms]
      [Free CSet: 0.6 ms]
   [Eden: 2212.0M(2212.0M)->0.0B(2212.0M) Survivors: 36.0M->36.0M Heap: 3617.8M(4500.0M)->1407.0M(4500.0M)]
Heap after GC invocations=33064 (full 0):
 garbage-first heap   total 4608000K, used 1440781K [0x00000006a6c00000, 0x00000006a7002328, 0x00000007c0000000)
  region size 4096K, 9 young (36864K), 9 survivors (36864K)
 Metaspace       used 124692K, capacity 128524K, committed 129664K, reserved 1165312K
  class space    used 13846K, capacity 14512K, committed 14720K, reserved 1048576K
}
 [Times: user=0.11 sys=0.03, real=0.02 secs] 
{Heap before GC invocations=33064 (full 0):
 garbage-first heap   total 4608000K, used 3705869K [0x00000006a6c00000, 0x00000006a7002328, 0x00000007c0000000)
  region size 4096K, 562 young (2301952K), 9 survivors (36864K)
 Metaspace       used 124692K, capacity 128524K, committed 129664K, reserved 1165312K
  class space    used 13846K, capacity 14512K, committed 14720K, reserved 1048576K
2019-04-29T02:15:04.026+0800: 1503713.244: [GC pause (G1 Evacuation Pause) (young)
Desired survivor size 148897792 bytes, new threshold 15 (max 15)
- age   1:   16248256 bytes,   16248256 total
- age   2:    1900912 bytes,   18149168 total
- age   3:    1422344 bytes,   19571512 total
- age   4:     173840 bytes,   19745352 total
- age   5:     139648 bytes,   19885000 total
- age   6:     338520 bytes,   20223520 total
- age   7:     357008 bytes,   20580528 total
- age   8:     264704 bytes,   20845232 total
- age   9:     296008 bytes,   21141240 total
- age  10:     247392 bytes,   21388632 total
- age  11:     416216 bytes,   21804848 total
- age  12:     358032 bytes,   22162880 total
- age  13:     115800 bytes,   22278680 total
- age  14:     141912 bytes,   22420592 total
- age  15:     171872 bytes,   22592464 total
 1503713.245: [G1Ergonomics (CSet Construction) start choosing CSet, _pending_cards: 21132, predicted base time: 7.82 ms, remaining time: 52.18 ms, target pause time: 60.00 ms]
 1503713.245: [G1Ergonomics (CSet Construction) add young regions to CSet, eden: 553 regions, survivors: 9 regions, predicted young region time: 23.34 ms]
 1503713.245: [G1Ergonomics (CSet Construction) finish choosing CSet, eden: 553 regions, survivors: 9 regions, old: 0 regions, predicted pause time: 31.16 ms, target pause time: 60.00 ms]
, 0.0198661 secs]
   [Parallel Time: 17.6 ms, GC Workers: 8]
      [GC Worker Start (ms): Min: 1503713244.8, Avg: 1503713244.8, Max: 1503713244.9, Diff: 0.1]
      [Ext Root Scanning (ms): Min: 1.3, Avg: 1.6, Max: 2.5, Diff: 1.3, Sum: 12.6]
      [Update RS (ms): Min: 4.6, Avg: 5.4, Max: 5.8, Diff: 1.2, Sum: 43.3]
         [Processed Buffers: Min: 15, Avg: 22.8, Max: 37, Diff: 22, Sum: 182]
      [Scan RS (ms): Min: 0.0, Avg: 0.1, Max: 0.1, Diff: 0.1, Sum: 0.6]
      [Code Root Scanning (ms): Min: 0.0, Avg: 0.0, Max: 0.0, Diff: 0.0, Sum: 0.0]
      [Object Copy (ms): Min: 10.2, Avg: 10.3, Max: 10.4, Diff: 0.2, Sum: 82.4]
      [Termination (ms): Min: 0.0, Avg: 0.0, Max: 0.0, Diff: 0.0, Sum: 0.0]
      [GC Worker Other (ms): Min: 0.0, Avg: 0.1, Max: 0.1, Diff: 0.1, Sum: 0.5]
      [GC Worker Total (ms): Min: 17.4, Avg: 17.4, Max: 17.5, Diff: 0.1, Sum: 139.5]
      [GC Worker End (ms): Min: 1503713262.2, Avg: 1503713262.3, Max: 1503713262.3, Diff: 0.1]
   [Code Root Fixup: 0.2 ms]
   [Code Root Purge: 0.0 ms]
   [Clear CT: 0.3 ms]
   [Other: 1.8 ms]
      [Choose CSet: 0.0 ms]
      [Ref Proc: 0.2 ms]
      [Ref Enq: 0.0 ms]
      [Redirty Cards: 0.1 ms]
      [Humongous Reclaim: 0.0 ms]
      [Free CSet: 0.9 ms]
   [Eden: 2212.0M(2212.0M)->0.0B(2212.0M) Survivors: 36.0M->36.0M Heap: 3619.0M(4500.0M)->1406.1M(4500.0M)]
Heap after GC invocations=33065 (full 0):
 garbage-first heap   total 4608000K, used 1439870K [0x00000006a6c00000, 0x00000006a7002328, 0x00000007c0000000)
  region size 4096K, 9 young (36864K), 9 survivors (36864K)
 Metaspace       used 124692K, capacity 128524K, committed 129664K, reserved 1165312K
  class space    used 13846K, capacity 14512K, committed 14720K, reserved 1048576K
}
 [Times: user=0.11 sys=0.03, real=0.02 secs] 
{Heap before GC invocations=33065 (full 0):
 garbage-first heap   total 4608000K, used 3704958K [0x00000006a6c00000, 0x00000006a7002328, 0x00000007c0000000)
  region size 4096K, 562 young (2301952K), 9 survivors (36864K)
 Metaspace       used 124692K, capacity 128524K, committed 129664K, reserved 1165312K
  class space    used 13846K, capacity 14512K, committed 14720K, reserved 1048576K
2019-04-29T02:15:31.116+0800: 1503740.335: [GC pause (G1 Evacuation Pause) (young)
Desired survivor size 148897792 bytes, new threshold 15 (max 15)
- age   1:   16216512 bytes,   16216512 total
- age   2:    1803632 bytes,   18020144 total
- age   3:     899224 bytes,   18919368 total
- age   4:     238040 bytes,   19157408 total
- age   5:     171120 bytes,   19328528 total
- age   6:     137504 bytes,   19466032 total
- age   7:     312816 bytes,   19778848 total
- age   8:     356896 bytes,   20135744 total
- age   9:     264480 bytes,   20400224 total
- age  10:     296008 bytes,   20696232 total
- age  11:     247280 bytes,   20943512 total
- age  12:     416216 bytes,   21359728 total
- age  13:     358032 bytes,   21717760 total
- age  14:     115088 bytes,   21832848 total
- age  15:     141912 bytes,   21974760 total
 1503740.335: [G1Ergonomics (CSet Construction) start choosing CSet, _pending_cards: 21397, predicted base time: 8.13 ms, remaining time: 51.87 ms, target pause time: 60.00 ms]
 1503740.335: [G1Ergonomics (CSet Construction) add young regions to CSet, eden: 553 regions, survivors: 9 regions, predicted young region time: 20.65 ms]
 1503740.335: [G1Ergonomics (CSet Construction) finish choosing CSet, eden: 553 regions, survivors: 9 regions, old: 0 regions, predicted pause time: 28.78 ms, target pause time: 60.00 ms]
, 0.0188799 secs]
   [Parallel Time: 17.0 ms, GC Workers: 8]
      [GC Worker Start (ms): Min: 1503740335.0, Avg: 1503740335.0, Max: 1503740335.0, Diff: 0.1]
      [Ext Root Scanning (ms): Min: 1.1, Avg: 1.3, Max: 2.2, Diff: 1.1, Sum: 10.6]
      [Update RS (ms): Min: 4.7, Avg: 5.3, Max: 5.6, Diff: 0.9, Sum: 42.5]
         [Processed Buffers: Min: 11, Avg: 21.6, Max: 34, Diff: 23, Sum: 173]
      [Scan RS (ms): Min: 0.0, Avg: 0.1, Max: 0.2, Diff: 0.1, Sum: 0.7]
      [Code Root Scanning (ms): Min: 0.0, Avg: 0.0, Max: 0.0, Diff: 0.0, Sum: 0.0]
      [Object Copy (ms): Min: 10.0, Avg: 10.1, Max: 10.1, Diff: 0.2, Sum: 80.7]
      [Termination (ms): Min: 0.0, Avg: 0.0, Max: 0.0, Diff: 0.0, Sum: 0.0]
      [GC Worker Other (ms): Min: 0.0, Avg: 0.0, Max: 0.1, Diff: 0.1, Sum: 0.4]
      [GC Worker Total (ms): Min: 16.8, Avg: 16.9, Max: 16.9, Diff: 0.1, Sum: 134.9]
      [GC Worker End (ms): Min: 1503740351.8, Avg: 1503740351.9, Max: 1503740351.9, Diff: 0.1]
   [Code Root Fixup: 0.2 ms]
   [Code Root Purge: 0.0 ms]
   [Clear CT: 0.3 ms]
   [Other: 1.4 ms]
      [Choose CSet: 0.0 ms]
      [Ref Proc: 0.2 ms]
      [Ref Enq: 0.0 ms]
      [Redirty Cards: 0.1 ms]
      [Humongous Reclaim: 0.0 ms]
      [Free CSet: 0.6 ms]
   [Eden: 2212.0M(2212.0M)->0.0B(2212.0M) Survivors: 36.0M->36.0M Heap: 3618.1M(4500.0M)->1406.3M(4500.0M)]
Heap after GC invocations=33066 (full 0):
 garbage-first heap   total 4608000K, used 1440081K [0x00000006a6c00000, 0x00000006a7002328, 0x00000007c0000000)
  region size 4096K, 9 young (36864K), 9 survivors (36864K)
 Metaspace       used 124692K, capacity 128524K, committed 129664K, reserved 1165312K
  class space    used 13846K, capacity 14512K, committed 14720K, reserved 1048576K
}
 [Times: user=0.11 sys=0.03, real=0.02 secs] 
{Heap before GC invocations=33066 (full 0):
 garbage-first heap   total 4608000K, used 3705169K [0x00000006a6c00000, 0x00000006a7002328, 0x00000007c0000000)
  region size 4096K, 562 young (2301952K), 9 survivors (36864K)
 Metaspace       used 124692K, capacity 128524K, committed 129664K, reserved 1165312K
  class space    used 13846K, capacity 14512K, committed 14720K, reserved 1048576K
2019-04-29T02:15:57.024+0800: 1503766.243: [GC pause (G1 Evacuation Pause) (young)
Desired survivor size 148897792 bytes, new threshold 15 (max 15)
- age   1:   16645928 bytes,   16645928 total
- age   2:    1517704 bytes,   18163632 total
- age   3:     747016 bytes,   18910648 total
- age   4:     108104 bytes,   19018752 total
- age   5:     186824 bytes,   19205576 total
- age   6:     170976 bytes,   19376552 total
- age   7:     136920 bytes,   19513472 total
- age   8:     312704 bytes,   19826176 total
- age   9:     356672 bytes,   20182848 total
- age  10:     264256 bytes,   20447104 total
- age  11:     294328 bytes,   20741432 total
- age  12:     247056 bytes,   20988488 total
- age  13:     416216 bytes,   21404704 total
- age  14:     358032 bytes,   21762736 total
- age  15:     115088 bytes,   21877824 total
 1503766.243: [G1Ergonomics (CSet Construction) start choosing CSet, _pending_cards: 21965, predicted base time: 8.24 ms, remaining time: 51.76 ms, target pause time: 60.00 ms]
 1503766.243: [G1Ergonomics (CSet Construction) add young regions to CSet, eden: 553 regions, survivors: 9 regions, predicted young region time: 21.14 ms]
 1503766.243: [G1Ergonomics (CSet Construction) finish choosing CSet, eden: 553 regions, survivors: 9 regions, old: 0 regions, predicted pause time: 29.38 ms, target pause time: 60.00 ms]
, 0.0209813 secs]
   [Parallel Time: 19.1 ms, GC Workers: 8]
      [GC Worker Start (ms): Min: 1503766242.9, Avg: 1503766243.0, Max: 1503766243.0, Diff: 0.1]
      [Ext Root Scanning (ms): Min: 1.2, Avg: 1.4, Max: 2.0, Diff: 0.9, Sum: 10.8]
      [Update RS (ms): Min: 4.7, Avg: 5.3, Max: 5.7, Diff: 0.9, Sum: 42.3]
         [Processed Buffers: Min: 16, Avg: 22.8, Max: 40, Diff: 24, Sum: 182]
      [Scan RS (ms): Min: 0.0, Avg: 0.1, Max: 0.1, Diff: 0.1, Sum: 0.6]
      [Code Root Scanning (ms): Min: 0.0, Avg: 0.0, Max: 0.0, Diff: 0.0, Sum: 0.0]
      [Object Copy (ms): Min: 12.0, Avg: 12.1, Max: 12.3, Diff: 0.4, Sum: 97.1]
      [Termination (ms): Min: 0.0, Avg: 0.0, Max: 0.0, Diff: 0.0, Sum: 0.0]
      [GC Worker Other (ms): Min: 0.0, Avg: 0.1, Max: 0.1, Diff: 0.1, Sum: 0.4]
      [GC Worker Total (ms): Min: 18.9, Avg: 18.9, Max: 19.0, Diff: 0.1, Sum: 151.3]
      [GC Worker End (ms): Min: 1503766261.8, Avg: 1503766261.9, Max: 1503766261.9, Diff: 0.1]
   [Code Root Fixup: 0.2 ms]
   [Code Root Purge: 0.0 ms]
   [Clear CT: 0.3 ms]
   [Other: 1.4 ms]
      [Choose CSet: 0.0 ms]
      [Ref Proc: 0.2 ms]
      [Ref Enq: 0.0 ms]
      [Redirty Cards: 0.1 ms]
      [Humongous Reclaim: 0.0 ms]
      [Free CSet: 0.6 ms]
   [Eden: 2212.0M(2212.0M)->0.0B(2212.0M) Survivors: 36.0M->36.0M Heap: 3618.3M(4500.0M)->1408.5M(4500.0M)]
Heap after GC invocations=33067 (full 0):
 garbage-first heap   total 4608000K, used 1442303K [0x00000006a6c00000, 0x00000006a7002328, 0x00000007c0000000)
  region size 4096K, 9 young (36864K), 9 survivors (36864K)
 Metaspace       used 124692K, capacity 128524K, committed 129664K, reserved 1165312K
  class space    used 13846K, capacity 14512K, committed 14720K, reserved 1048576K
}
 [Times: user=0.12 sys=0.03, real=0.02 secs] 
{Heap before GC invocations=33067 (full 0):
 garbage-first heap   total 4608000K, used 3707391K [0x00000006a6c00000, 0x00000006a7002328, 0x00000007c0000000)
  region size 4096K, 562 young (2301952K), 9 survivors (36864K)
 Metaspace       used 124692K, capacity 128524K, committed 129664K, reserved 1165312K
  class space    used 13846K, capacity 14512K, committed 14720K, reserved 1048576K
2019-04-29T02:16:29.318+0800: 1503798.536: [GC pause (G1 Evacuation Pause) (young)
Desired survivor size 148897792 bytes, new threshold 15 (max 15)
- age   1:   22052416 bytes,   22052416 total
- age   2:    1882304 bytes,   23934720 total
- age   3:     391208 bytes,   24325928 total
- age   4:      96464 bytes,   24422392 total
- age   5:     107064 bytes,   24529456 total
- age   6:     185632 bytes,   24715088 total
- age   7:     170976 bytes,   24886064 total
- age   8:     136808 bytes,   25022872 total
- age   9:     312704 bytes,   25335576 total
- age  10:     356112 bytes,   25691688 total
- age  11:     264032 bytes,   25955720 total
- age  12:     294216 bytes,   26249936 total
- age  13:     247056 bytes,   26496992 total
- age  14:     416216 bytes,   26913208 total
- age  15:     358032 bytes,   27271240 total
 1503798.537: [G1Ergonomics (CSet Construction) start choosing CSet, _pending_cards: 22216, predicted base time: 8.23 ms, remaining time: 51.77 ms, target pause time: 60.00 ms]
 1503798.537: [G1Ergonomics (CSet Construction) add young regions to CSet, eden: 553 regions, survivors: 9 regions, predicted young region time: 259.13 ms]
 1503798.537: [G1Ergonomics (CSet Construction) finish choosing CSet, eden: 553 regions, survivors: 9 regions, old: 0 regions, predicted pause time: 267.36 ms, target pause time: 60.00 ms]
, 0.0190359 secs]
   [Parallel Time: 17.1 ms, GC Workers: 8]
      [GC Worker Start (ms): Min: 1503798536.7, Avg: 1503798536.8, Max: 1503798536.8, Diff: 0.1]
      [Ext Root Scanning (ms): Min: 1.1, Avg: 1.4, Max: 2.1, Diff: 1.0, Sum: 11.1]
      [Update RS (ms): Min: 4.6, Avg: 5.3, Max: 5.5, Diff: 0.9, Sum: 42.1]
         [Processed Buffers: Min: 15, Avg: 22.6, Max: 37, Diff: 22, Sum: 181]
      [Scan RS (ms): Min: 0.0, Avg: 0.1, Max: 0.1, Diff: 0.1, Sum: 0.6]
      [Code Root Scanning (ms): Min: 0.0, Avg: 0.0, Max: 0.0, Diff: 0.0, Sum: 0.0]
      [Object Copy (ms): Min: 10.1, Avg: 10.2, Max: 10.3, Diff: 0.2, Sum: 81.5]
      [Termination (ms): Min: 0.0, Avg: 0.0, Max: 0.0, Diff: 0.0, Sum: 0.1]
      [GC Worker Other (ms): Min: 0.0, Avg: 0.0, Max: 0.0, Diff: 0.0, Sum: 0.2]
      [GC Worker Total (ms): Min: 16.9, Avg: 17.0, Max: 17.0, Diff: 0.1, Sum: 135.8]
      [GC Worker End (ms): Min: 1503798553.7, Avg: 1503798553.7, Max: 1503798553.8, Diff: 0.0]
   [Code Root Fixup: 0.3 ms]
   [Code Root Purge: 0.0 ms]
   [Clear CT: 0.3 ms]
   [Other: 1.4 ms]
      [Choose CSet: 0.0 ms]
      [Ref Proc: 0.2 ms]
      [Ref Enq: 0.0 ms]
      [Redirty Cards: 0.1 ms]
      [Humongous Reclaim: 0.0 ms]
      [Free CSet: 0.6 ms]
   [Eden: 2212.0M(2212.0M)->0.0B(2212.0M) Survivors: 36.0M->36.0M Heap: 3620.5M(4500.0M)->1406.9M(4500.0M)]
Heap after GC invocations=33068 (full 0):
 garbage-first heap   total 4608000K, used 1440687K [0x00000006a6c00000, 0x00000006a7002328, 0x00000007c0000000)
  region size 4096K, 9 young (36864K), 9 survivors (36864K)
 Metaspace       used 124692K, capacity 128524K, committed 129664K, reserved 1165312K
  class space    used 13846K, capacity 14512K, committed 14720K, reserved 1048576K
}
 [Times: user=0.12 sys=0.02, real=0.02 secs] 
{Heap before GC invocations=33068 (full 0):
 garbage-first heap   total 4608000K, used 3705775K [0x00000006a6c00000, 0x00000006a7002328, 0x00000007c0000000)
  region size 4096K, 562 young (2301952K), 9 survivors (36864K)
 Metaspace       used 124692K, capacity 128524K, committed 129664K, reserved 1165312K
  class space    used 13846K, capacity 14512K, committed 14720K, reserved 1048576K
2019-04-29T02:16:58.737+0800: 1503827.956: [GC pause (G1 Evacuation Pause) (young)
Desired survivor size 148897792 bytes, new threshold 15 (max 15)
- age   1:   16123336 bytes,   16123336 total
- age   2:    2041168 bytes,   18164504 total
- age   3:     285224 bytes,   18449728 total
- age   4:     135704 bytes,   18585432 total
- age   5:      89400 bytes,   18674832 total
- age   6:     105784 bytes,   18780616 total
- age   7:     184656 bytes,   18965272 total
- age   8:     170976 bytes,   19136248 total
- age   9:     136664 bytes,   19272912 total
- age  10:     312704 bytes,   19585616 total
- age  11:     356112 bytes,   19941728 total
- age  12:     264032 bytes,   20205760 total
- age  13:     294216 bytes,   20499976 total
- age  14:     247056 bytes,   20747032 total
- age  15:     416216 bytes,   21163248 total
 1503827.956: [G1Ergonomics (CSet Construction) start choosing CSet, _pending_cards: 22211, predicted base time: 8.15 ms, remaining time: 51.85 ms, target pause time: 60.00 ms]
 1503827.956: [G1Ergonomics (CSet Construction) add young regions to CSet, eden: 553 regions, survivors: 9 regions, predicted young region time: 205.36 ms]
 1503827.956: [G1Ergonomics (CSet Construction) finish choosing CSet, eden: 553 regions, survivors: 9 regions, old: 0 regions, predicted pause time: 213.51 ms, target pause time: 60.00 ms]
, 0.0182991 secs]
   [Parallel Time: 16.3 ms, GC Workers: 8]
      [GC Worker Start (ms): Min: 1503827955.8, Avg: 1503827955.8, Max: 1503827955.9, Diff: 0.1]
      [Ext Root Scanning (ms): Min: 1.1, Avg: 1.6, Max: 4.4, Diff: 3.3, Sum: 13.2]
      [Update RS (ms): Min: 2.5, Avg: 5.2, Max: 5.8, Diff: 3.3, Sum: 41.7]
         [Processed Buffers: Min: 14, Avg: 22.1, Max: 37, Diff: 23, Sum: 177]
      [Scan RS (ms): Min: 0.0, Avg: 0.1, Max: 0.1, Diff: 0.1, Sum: 0.6]
      [Code Root Scanning (ms): Min: 0.0, Avg: 0.0, Max: 0.0, Diff: 0.0, Sum: 0.0]
      [Object Copy (ms): Min: 9.2, Avg: 9.3, Max: 9.3, Diff: 0.1, Sum: 74.0]
      [Termination (ms): Min: 0.0, Avg: 0.0, Max: 0.0, Diff: 0.0, Sum: 0.0]
      [GC Worker Other (ms): Min: 0.0, Avg: 0.0, Max: 0.1, Diff: 0.1, Sum: 0.3]
      [GC Worker Total (ms): Min: 16.2, Avg: 16.2, Max: 16.3, Diff: 0.1, Sum: 130.0]
      [GC Worker End (ms): Min: 1503827972.1, Avg: 1503827972.1, Max: 1503827972.1, Diff: 0.0]
   [Code Root Fixup: 0.3 ms]
   [Code Root Purge: 0.0 ms]
   [Clear CT: 0.3 ms]
   [Other: 1.4 ms]
      [Choose CSet: 0.0 ms]
      [Ref Proc: 0.2 ms]
      [Ref Enq: 0.0 ms]
      [Redirty Cards: 0.1 ms]
      [Humongous Reclaim: 0.0 ms]
      [Free CSet: 0.6 ms]
   [Eden: 2212.0M(2212.0M)->0.0B(2212.0M) Survivors: 36.0M->36.0M Heap: 3618.9M(4500.0M)->1407.2M(4500.0M)]
Heap after GC invocations=33069 (full 0):
 garbage-first heap   total 4608000K, used 1440983K [0x00000006a6c00000, 0x00000006a7002328, 0x00000007c0000000)
  region size 4096K, 9 young (36864K), 9 survivors (36864K)
 Metaspace       used 124692K, capacity 128524K, committed 129664K, reserved 1165312K
  class space    used 13846K, capacity 14512K, committed 14720K, reserved 1048576K
}
 [Times: user=0.11 sys=0.03, real=0.02 secs] 
{Heap before GC invocations=33069 (full 0):
 garbage-first heap   total 4608000K, used 3706071K [0x00000006a6c00000, 0x00000006a7002328, 0x00000007c0000000)
  region size 4096K, 562 young (2301952K), 9 survivors (36864K)
 Metaspace       used 124692K, capacity 128524K, committed 129664K, reserved 1165312K
  class space    used 13846K, capacity 14512K, committed 14720K, reserved 1048576K
2019-04-29T02:17:27.204+0800: 1503856.423: [GC pause (G1 Evacuation Pause) (young)
Desired survivor size 148897792 bytes, new threshold 15 (max 15)
- age   1:   15051440 bytes,   15051440 total
- age   2:    2002400 bytes,   17053840 total
- age   3:     303216 bytes,   17357056 total
- age   4:     114184 bytes,   17471240 total
- age   5:     134680 bytes,   17605920 total
- age   6:      88328 bytes,   17694248 total
- age   7:     104920 bytes,   17799168 total
- age   8:     184512 bytes,   17983680 total
- age   9:     170976 bytes,   18154656 total
- age  10:     136664 bytes,   18291320 total
- age  11:     312704 bytes,   18604024 total
- age  12:     356112 bytes,   18960136 total
- age  13:     264032 bytes,   19224168 total
- age  14:     294216 bytes,   19518384 total
- age  15:     247056 bytes,   19765440 total
 1503856.423: [G1Ergonomics (CSet Construction) start choosing CSet, _pending_cards: 22828, predicted base time: 8.35 ms, remaining time: 51.65 ms, target pause time: 60.00 ms]
 1503856.423: [G1Ergonomics (CSet Construction) add young regions to CSet, eden: 553 regions, survivors: 9 regions, predicted young region time: 157.32 ms]
 1503856.423: [G1Ergonomics (CSet Construction) finish choosing CSet, eden: 553 regions, survivors: 9 regions, old: 0 regions, predicted pause time: 165.66 ms, target pause time: 60.00 ms]
, 0.0200758 secs]
   [Parallel Time: 17.8 ms, GC Workers: 8]
      [GC Worker Start (ms): Min: 1503856422.9, Avg: 1503856422.9, Max: 1503856423.0, Diff: 0.1]
      [Ext Root Scanning (ms): Min: 1.0, Avg: 1.3, Max: 2.2, Diff: 1.1, Sum: 10.2]
      [Update RS (ms): Min: 4.4, Avg: 5.3, Max: 5.6, Diff: 1.1, Sum: 42.2]
         [Processed Buffers: Min: 13, Avg: 22.5, Max: 37, Diff: 24, Sum: 180]
      [Scan RS (ms): Min: 0.0, Avg: 0.1, Max: 0.1, Diff: 0.1, Sum: 0.6]
      [Code Root Scanning (ms): Min: 0.0, Avg: 0.0, Max: 0.0, Diff: 0.0, Sum: 0.0]
      [Object Copy (ms): Min: 10.9, Avg: 11.0, Max: 11.1, Diff: 0.2, Sum: 88.3]
      [Termination (ms): Min: 0.0, Avg: 0.0, Max: 0.0, Diff: 0.0, Sum: 0.0]
      [GC Worker Other (ms): Min: 0.0, Avg: 0.0, Max: 0.1, Diff: 0.1, Sum: 0.3]
      [GC Worker Total (ms): Min: 17.7, Avg: 17.7, Max: 17.8, Diff: 0.1, Sum: 141.6]
      [GC Worker End (ms): Min: 1503856440.6, Avg: 1503856440.7, Max: 1503856440.7, Diff: 0.1]
   [Code Root Fixup: 0.2 ms]
   [Code Root Purge: 0.0 ms]
   [Clear CT: 0.5 ms]
   [Other: 1.5 ms]
      [Choose CSet: 0.0 ms]
      [Ref Proc: 0.2 ms]
      [Ref Enq: 0.0 ms]
      [Redirty Cards: 0.1 ms]
      [Humongous Reclaim: 0.0 ms]
      [Free CSet: 0.6 ms]
   [Eden: 2212.0M(2212.0M)->0.0B(2212.0M) Survivors: 36.0M->36.0M Heap: 3619.2M(4500.0M)->1408.0M(4500.0M)]
Heap after GC invocations=33070 (full 0):
 garbage-first heap   total 4608000K, used 1441744K [0x00000006a6c00000, 0x00000006a7002328, 0x00000007c0000000)
  region size 4096K, 9 young (36864K), 9 survivors (36864K)
 Metaspace       used 124692K, capacity 128524K, committed 129664K, reserved 1165312K
  class space    used 13846K, capacity 14512K, committed 14720K, reserved 1048576K
}
 [Times: user=0.11 sys=0.03, real=0.02 secs] 
{Heap before GC invocations=33070 (full 0):
 garbage-first heap   total 4608000K, used 3706832K [0x00000006a6c00000, 0x00000006a7002328, 0x00000007c0000000)
  region size 4096K, 562 young (2301952K), 9 survivors (36864K)
 Metaspace       used 124692K, capacity 128524K, committed 129664K, reserved 1165312K
  class space    used 13846K, capacity 14512K, committed 14720K, reserved 1048576K
2019-04-29T02:17:54.608+0800: 1503883.827: [GC pause (G1 Evacuation Pause) (young)
Desired survivor size 148897792 bytes, new threshold 15 (max 15)
- age   1:   18711656 bytes,   18711656 total
- age   2:    2155048 bytes,   20866704 total
- age   3:     166688 bytes,   21033392 total
- age   4:     270064 bytes,   21303456 total
- age   5:     113784 bytes,   21417240 total
- age   6:     133016 bytes,   21550256 total
- age   7:      87576 bytes,   21637832 total
- age   8:     104920 bytes,   21742752 total
- age   9:     184512 bytes,   21927264 total
- age  10:     170976 bytes,   22098240 total
- age  11:     136664 bytes,   22234904 total
- age  12:     312704 bytes,   22547608 total
- age  13:     356112 bytes,   22903720 total
- age  14:     264032 bytes,   23167752 total
- age  15:     294216 bytes,   23461968 total
 1503883.827: [G1Ergonomics (CSet Construction) start choosing CSet, _pending_cards: 21989, predicted base time: 8.11 ms, remaining time: 51.89 ms, target pause time: 60.00 ms]
 1503883.827: [G1Ergonomics (CSet Construction) add young regions to CSet, eden: 553 regions, survivors: 9 regions, predicted young region time: 164.09 ms]
 1503883.827: [G1Ergonomics (CSet Construction) finish choosing CSet, eden: 553 regions, survivors: 9 regions, old: 0 regions, predicted pause time: 172.20 ms, target pause time: 60.00 ms]
, 0.0200252 secs]
   [Parallel Time: 17.8 ms, GC Workers: 8]
      [GC Worker Start (ms): Min: 1503883826.9, Avg: 1503883827.0, Max: 1503883827.0, Diff: 0.1]
      [Ext Root Scanning (ms): Min: 1.2, Avg: 1.4, Max: 2.1, Diff: 0.9, Sum: 11.5]
      [Update RS (ms): Min: 4.9, Avg: 5.5, Max: 5.9, Diff: 0.9, Sum: 44.2]
         [Processed Buffers: Min: 13, Avg: 22.2, Max: 34, Diff: 21, Sum: 178]
      [Scan RS (ms): Min: 0.0, Avg: 0.1, Max: 0.2, Diff: 0.2, Sum: 0.7]
      [Code Root Scanning (ms): Min: 0.0, Avg: 0.0, Max: 0.0, Diff: 0.0, Sum: 0.0]
      [Object Copy (ms): Min: 10.5, Avg: 10.6, Max: 10.7, Diff: 0.2, Sum: 85.0]
      [Termination (ms): Min: 0.0, Avg: 0.0, Max: 0.0, Diff: 0.0, Sum: 0.0]
      [GC Worker Other (ms): Min: 0.0, Avg: 0.0, Max: 0.1, Diff: 0.1, Sum: 0.3]
      [GC Worker Total (ms): Min: 17.7, Avg: 17.7, Max: 17.8, Diff: 0.1, Sum: 141.7]
      [GC Worker End (ms): Min: 1503883844.7, Avg: 1503883844.7, Max: 1503883844.7, Diff: 0.0]
   [Code Root Fixup: 0.3 ms]
   [Code Root Purge: 0.0 ms]
   [Clear CT: 0.3 ms]
   [Other: 1.6 ms]
      [Choose CSet: 0.0 ms]
      [Ref Proc: 0.2 ms]
      [Ref Enq: 0.0 ms]
      [Redirty Cards: 0.1 ms]
      [Humongous Reclaim: 0.0 ms]
      [Free CSet: 0.7 ms]
   [Eden: 2212.0M(2212.0M)->0.0B(2212.0M) Survivors: 36.0M->36.0M Heap: 3620.0M(4500.0M)->1408.4M(4500.0M)]
Heap after GC invocations=33071 (full 0):
 garbage-first heap   total 4608000K, used 1442151K [0x00000006a6c00000, 0x00000006a7002328, 0x00000007c0000000)
  region size 4096K, 9 young (36864K), 9 survivors (36864K)
 Metaspace       used 124692K, capacity 128524K, committed 129664K, reserved 1165312K
  class space    used 13846K, capacity 14512K, committed 14720K, reserved 1048576K
}
 [Times: user=0.12 sys=0.03, real=0.02 secs] 
{Heap before GC invocations=33071 (full 0):
 garbage-first heap   total 4608000K, used 3707239K [0x00000006a6c00000, 0x00000006a7002328, 0x00000007c0000000)
  region size 4096K, 562 young (2301952K), 9 survivors (36864K)
 Metaspace       used 124692K, capacity 128524K, committed 129664K, reserved 1165312K
  class space    used 13846K, capacity 14512K, committed 14720K, reserved 1048576K
2019-04-29T02:18:20.248+0800: 1503909.467: [GC pause (G1 Evacuation Pause) (young)
Desired survivor size 148897792 bytes, new threshold 15 (max 15)
- age   1:   17886968 bytes,   17886968 total
- age   2:    2261472 bytes,   20148440 total
- age   3:     566256 bytes,   20714696 total
- age   4:     125064 bytes,   20839760 total
- age   5:     132816 bytes,   20972576 total
- age   6:     113416 bytes,   21085992 total
- age   7:     132280 bytes,   21218272 total
- age   8:      87432 bytes,   21305704 total
- age   9:     104808 bytes,   21410512 total
- age  10:     184512 bytes,   21595024 total
- age  11:     170976 bytes,   21766000 total
- age  12:     136664 bytes,   21902664 total
- age  13:     312704 bytes,   22215368 total
- age  14:     356000 bytes,   22571368 total
- age  15:     264032 bytes,   22835400 total
 1503909.467: [G1Ergonomics (CSet Construction) start choosing CSet, _pending_cards: 21799, predicted base time: 8.19 ms, remaining time: 51.81 ms, target pause time: 60.00 ms]
 1503909.467: [G1Ergonomics (CSet Construction) add young regions to CSet, eden: 553 regions, survivors: 9 regions, predicted young region time: 135.64 ms]
 1503909.467: [G1Ergonomics (CSet Construction) finish choosing CSet, eden: 553 regions, survivors: 9 regions, old: 0 regions, predicted pause time: 143.83 ms, target pause time: 60.00 ms]
, 0.0178443 secs]
   [Parallel Time: 15.6 ms, GC Workers: 8]
      [GC Worker Start (ms): Min: 1503909466.9, Avg: 1503909467.0, Max: 1503909467.0, Diff: 0.1]
      [Ext Root Scanning (ms): Min: 1.1, Avg: 1.4, Max: 2.0, Diff: 0.9, Sum: 10.8]
      [Update RS (ms): Min: 4.8, Avg: 5.2, Max: 5.5, Diff: 0.6, Sum: 41.8]
         [Processed Buffers: Min: 13, Avg: 22.2, Max: 47, Diff: 34, Sum: 178]
      [Scan RS (ms): Min: 0.0, Avg: 0.1, Max: 0.1, Diff: 0.1, Sum: 0.6]
      [Code Root Scanning (ms): Min: 0.0, Avg: 0.0, Max: 0.0, Diff: 0.0, Sum: 0.0]
      [Object Copy (ms): Min: 8.5, Avg: 8.7, Max: 8.8, Diff: 0.2, Sum: 69.7]
      [Termination (ms): Min: 0.0, Avg: 0.0, Max: 0.0, Diff: 0.0, Sum: 0.0]
      [GC Worker Other (ms): Min: 0.0, Avg: 0.1, Max: 0.1, Diff: 0.1, Sum: 0.4]
      [GC Worker Total (ms): Min: 15.4, Avg: 15.4, Max: 15.5, Diff: 0.1, Sum: 123.4]
      [GC Worker End (ms): Min: 1503909482.4, Avg: 1503909482.4, Max: 1503909482.5, Diff: 0.1]
   [Code Root Fixup: 0.2 ms]
   [Code Root Purge: 0.0 ms]
   [Clear CT: 0.3 ms]
   [Other: 1.8 ms]
      [Choose CSet: 0.0 ms]
      [Ref Proc: 0.2 ms]
      [Ref Enq: 0.0 ms]
      [Redirty Cards: 0.1 ms]
      [Humongous Reclaim: 0.0 ms]
      [Free CSet: 0.9 ms]
   [Eden: 2212.0M(2212.0M)->0.0B(2212.0M) Survivors: 36.0M->36.0M Heap: 3620.4M(4500.0M)->1408.8M(4500.0M)]
Heap after GC invocations=33072 (full 0):
 garbage-first heap   total 4608000K, used 1442577K [0x00000006a6c00000, 0x00000006a7002328, 0x00000007c0000000)
  region size 4096K, 9 young (36864K), 9 survivors (36864K)
 Metaspace       used 124692K, capacity 128524K, committed 129664K, reserved 1165312K
  class space    used 13846K, capacity 14512K, committed 14720K, reserved 1048576K
}
 [Times: user=0.10 sys=0.02, real=0.02 secs] 
{Heap before GC invocations=33072 (full 0):
 garbage-first heap   total 4608000K, used 3707665K [0x00000006a6c00000, 0x00000006a7002328, 0x00000007c0000000)
  region size 4096K, 562 young (2301952K), 9 survivors (36864K)
 Metaspace       used 124692K, capacity 128524K, committed 129664K, reserved 1165312K
  class space    used 13846K, capacity 14512K, committed 14720K, reserved 1048576K
2019-04-29T02:18:49.113+0800: 1503938.332: [GC pause (G1 Evacuation Pause) (young)
Desired survivor size 148897792 bytes, new threshold 15 (max 15)
- age   1:   14301248 bytes,   14301248 total
- age   2:    2135688 bytes,   16436936 total
- age   3:     899992 bytes,   17336928 total
- age   4:     387264 bytes,   17724192 total
- age   5:     124344 bytes,   17848536 total
- age   6:     131976 bytes,   17980512 total
- age   7:     112968 bytes,   18093480 total
- age   8:     132168 bytes,   18225648 total
- age   9:      87320 bytes,   18312968 total
- age  10:     104696 bytes,   18417664 total
- age  11:     184512 bytes,   18602176 total
- age  12:     170976 bytes,   18773152 total
- age  13:     136664 bytes,   18909816 total
- age  14:     312592 bytes,   19222408 total
- age  15:     355552 bytes,   19577960 total
 1503938.332: [G1Ergonomics (CSet Construction) start choosing CSet, _pending_cards: 21908, predicted base time: 8.17 ms, remaining time: 51.83 ms, target pause time: 60.00 ms]
 1503938.332: [G1Ergonomics (CSet Construction) add young regions to CSet, eden: 553 regions, survivors: 9 regions, predicted young region time: 110.17 ms]
 1503938.332: [G1Ergonomics (CSet Construction) finish choosing CSet, eden: 553 regions, survivors: 9 regions, old: 0 regions, predicted pause time: 118.34 ms, target pause time: 60.00 ms]
, 0.0182196 secs]
   [Parallel Time: 16.3 ms, GC Workers: 8]
      [GC Worker Start (ms): Min: 1503938332.1, Avg: 1503938332.1, Max: 1503938332.1, Diff: 0.1]
      [Ext Root Scanning (ms): Min: 1.1, Avg: 1.3, Max: 2.0, Diff: 0.9, Sum: 10.6]
      [Update RS (ms): Min: 4.8, Avg: 5.3, Max: 5.6, Diff: 0.8, Sum: 42.2]
         [Processed Buffers: Min: 14, Avg: 22.0, Max: 36, Diff: 22, Sum: 176]
      [Scan RS (ms): Min: 0.0, Avg: 0.1, Max: 0.1, Diff: 0.1, Sum: 0.6]
      [Code Root Scanning (ms): Min: 0.0, Avg: 0.0, Max: 0.0, Diff: 0.0, Sum: 0.0]
      [Object Copy (ms): Min: 9.2, Avg: 9.4, Max: 9.5, Diff: 0.3, Sum: 75.2]
      [Termination (ms): Min: 0.0, Avg: 0.0, Max: 0.0, Diff: 0.0, Sum: 0.1]
      [GC Worker Other (ms): Min: 0.0, Avg: 0.0, Max: 0.1, Diff: 0.0, Sum: 0.3]
      [GC Worker Total (ms): Min: 16.1, Avg: 16.1, Max: 16.2, Diff: 0.1, Sum: 129.0]
      [GC Worker End (ms): Min: 1503938348.2, Avg: 1503938348.2, Max: 1503938348.3, Diff: 0.0]
   [Code Root Fixup: 0.2 ms]
   [Code Root Purge: 0.0 ms]
   [Clear CT: 0.3 ms]
   [Other: 1.5 ms]
      [Choose CSet: 0.0 ms]
      [Ref Proc: 0.2 ms]
      [Ref Enq: 0.0 ms]
      [Redirty Cards: 0.1 ms]
      [Humongous Reclaim: 0.0 ms]
      [Free CSet: 0.7 ms]
   [Eden: 2212.0M(2212.0M)->0.0B(2212.0M) Survivors: 36.0M->36.0M Heap: 3620.8M(4500.0M)->1408.8M(4500.0M)]
Heap after GC invocations=33073 (full 0):
 garbage-first heap   total 4608000K, used 1442635K [0x00000006a6c00000, 0x00000006a7002328, 0x00000007c0000000)
  region size 4096K, 9 young (36864K), 9 survivors (36864K)
 Metaspace       used 124692K, capacity 128524K, committed 129664K, reserved 1165312K
  class space    used 13846K, capacity 14512K, committed 14720K, reserved 1048576K
}
 [Times: user=0.10 sys=0.02, real=0.02 secs] 
{Heap before GC invocations=33073 (full 0):
 garbage-first heap   total 4608000K, used 3707723K [0x00000006a6c00000, 0x00000006a7002328, 0x00000007c0000000)
  region size 4096K, 562 young (2301952K), 9 survivors (36864K)
 Metaspace       used 124692K, capacity 128524K, committed 129664K, reserved 1165312K
  class space    used 13846K, capacity 14512K, committed 14720K, reserved 1048576K
2019-04-29T02:19:15.732+0800: 1503964.951: [GC pause (G1 Evacuation Pause) (young)
Desired survivor size 148897792 bytes, new threshold 15 (max 15)
- age   1:   16050248 bytes,   16050248 total
- age   2:    1612960 bytes,   17663208 total
- age   3:     806528 bytes,   18469736 total
- age   4:     354448 bytes,   18824184 total
- age   5:     386624 bytes,   19210808 total
- age   6:     123792 bytes,   19334600 total
- age   7:     129728 bytes,   19464328 total
- age   8:     111920 bytes,   19576248 total
- age   9:     131608 bytes,   19707856 total
- age  10:      86920 bytes,   19794776 total
- age  11:     104584 bytes,   19899360 total
- age  12:     184512 bytes,   20083872 total
- age  13:     170976 bytes,   20254848 total
- age  14:     136664 bytes,   20391512 total
- age  15:     312592 bytes,   20704104 total
 1503964.951: [G1Ergonomics (CSet Construction) start choosing CSet, _pending_cards: 21951, predicted base time: 8.11 ms, remaining time: 51.89 ms, target pause time: 60.00 ms]
 1503964.951: [G1Ergonomics (CSet Construction) add young regions to CSet, eden: 553 regions, survivors: 9 regions, predicted young region time: 86.60 ms]
 1503964.951: [G1Ergonomics (CSet Construction) finish choosing CSet, eden: 553 regions, survivors: 9 regions, old: 0 regions, predicted pause time: 94.72 ms, target pause time: 60.00 ms]
, 0.0187028 secs]
   [Parallel Time: 16.8 ms, GC Workers: 8]
      [GC Worker Start (ms): Min: 1503964950.8, Avg: 1503964950.8, Max: 1503964950.9, Diff: 0.1]
      [Ext Root Scanning (ms): Min: 1.0, Avg: 1.3, Max: 2.1, Diff: 1.1, Sum: 10.1]
      [Update RS (ms): Min: 4.6, Avg: 5.2, Max: 5.7, Diff: 1.1, Sum: 41.9]
         [Processed Buffers: Min: 14, Avg: 22.1, Max: 33, Diff: 19, Sum: 177]
      [Scan RS (ms): Min: 0.0, Avg: 0.1, Max: 0.2, Diff: 0.2, Sum: 0.7]
      [Code Root Scanning (ms): Min: 0.0, Avg: 0.0, Max: 0.0, Diff: 0.0, Sum: 0.0]
      [Object Copy (ms): Min: 9.9, Avg: 10.0, Max: 10.1, Diff: 0.2, Sum: 80.4]
      [Termination (ms): Min: 0.0, Avg: 0.0, Max: 0.0, Diff: 0.0, Sum: 0.0]
      [GC Worker Other (ms): Min: 0.0, Avg: 0.1, Max: 0.1, Diff: 0.1, Sum: 0.4]
      [GC Worker Total (ms): Min: 16.7, Avg: 16.7, Max: 16.7, Diff: 0.1, Sum: 133.6]
      [GC Worker End (ms): Min: 1503964967.5, Avg: 1503964967.5, Max: 1503964967.6, Diff: 0.1]
   [Code Root Fixup: 0.2 ms]
   [Code Root Purge: 0.0 ms]
   [Clear CT: 0.3 ms]
   [Other: 1.4 ms]
      [Choose CSet: 0.0 ms]
      [Ref Proc: 0.2 ms]
      [Ref Enq: 0.0 ms]
      [Redirty Cards: 0.1 ms]
      [Humongous Reclaim: 0.0 ms]
      [Free CSet: 0.6 ms]
   [Eden: 2212.0M(2212.0M)->0.0B(2212.0M) Survivors: 36.0M->36.0M Heap: 3620.8M(4500.0M)->1409.7M(4500.0M)]
Heap after GC invocations=33074 (full 0):
 garbage-first heap   total 4608000K, used 1443582K [0x00000006a6c00000, 0x00000006a7002328, 0x00000007c0000000)
  region size 4096K, 9 young (36864K), 9 survivors (36864K)
 Metaspace       used 124692K, capacity 128524K, committed 129664K, reserved 1165312K
  class space    used 13846K, capacity 14512K, committed 14720K, reserved 1048576K
}
 [Times: user=0.12 sys=0.02, real=0.02 secs] 
{Heap before GC invocations=33074 (full 0):
 garbage-first heap   total 4608000K, used 3708670K [0x00000006a6c00000, 0x00000006a7002328, 0x00000007c0000000)
  region size 4096K, 562 young (2301952K), 9 survivors (36864K)
 Metaspace       used 124692K, capacity 128524K, committed 129664K, reserved 1165312K
  class space    used 13846K, capacity 14512K, committed 14720K, reserved 1048576K
2019-04-29T02:19:42.824+0800: 1503992.043: [GC pause (G1 Evacuation Pause) (young)
Desired survivor size 148897792 bytes, new threshold 15 (max 15)
- age   1:   17005368 bytes,   17005368 total
- age   2:    2201960 bytes,   19207328 total
- age   3:     349608 bytes,   19556936 total
- age   4:     396240 bytes,   19953176 total
- age   5:     353736 bytes,   20306912 total
- age   6:     385936 bytes,   20692848 total
- age   7:     122040 bytes,   20814888 total
- age   8:     129728 bytes,   20944616 total
- age   9:     111920 bytes,   21056536 total
- age  10:     131496 bytes,   21188032 total
- age  11:      86808 bytes,   21274840 total
- age  12:     104584 bytes,   21379424 total
- age  13:     184512 bytes,   21563936 total
- age  14:     170976 bytes,   21734912 total
- age  15:     136664 bytes,   21871576 total
 1503992.043: [G1Ergonomics (CSet Construction) start choosing CSet, _pending_cards: 21767, predicted base time: 7.99 ms, remaining time: 52.01 ms, target pause time: 60.00 ms]
 1503992.043: [G1Ergonomics (CSet Construction) add young regions to CSet, eden: 553 regions, survivors: 9 regions, predicted young region time: 72.45 ms]
 1503992.043: [G1Ergonomics (CSet Construction) finish choosing CSet, eden: 553 regions, survivors: 9 regions, old: 0 regions, predicted pause time: 80.43 ms, target pause time: 60.00 ms]
, 0.0178173 secs]
   [Parallel Time: 16.0 ms, GC Workers: 8]
      [GC Worker Start (ms): Min: 1503992043.1, Avg: 1503992043.2, Max: 1503992043.2, Diff: 0.1]
      [Ext Root Scanning (ms): Min: 1.1, Avg: 1.6, Max: 4.4, Diff: 3.3, Sum: 12.8]
      [Update RS (ms): Min: 2.5, Avg: 5.1, Max: 5.7, Diff: 3.2, Sum: 41.2]
         [Processed Buffers: Min: 8, Avg: 22.5, Max: 35, Diff: 27, Sum: 180]
      [Scan RS (ms): Min: 0.0, Avg: 0.1, Max: 0.1, Diff: 0.1, Sum: 0.6]
      [Code Root Scanning (ms): Min: 0.0, Avg: 0.0, Max: 0.0, Diff: 0.0, Sum: 0.0]
      [Object Copy (ms): Min: 8.8, Avg: 8.9, Max: 9.0, Diff: 0.2, Sum: 71.5]
      [Termination (ms): Min: 0.0, Avg: 0.0, Max: 0.0, Diff: 0.0, Sum: 0.0]
      [GC Worker Other (ms): Min: 0.0, Avg: 0.0, Max: 0.1, Diff: 0.0, Sum: 0.3]
      [GC Worker Total (ms): Min: 15.8, Avg: 15.8, Max: 15.8, Diff: 0.1, Sum: 126.4]
      [GC Worker End (ms): Min: 1503992059.0, Avg: 1503992059.0, Max: 1503992059.0, Diff: 0.1]
   [Code Root Fixup: 0.2 ms]
   [Code Root Purge: 0.0 ms]
   [Clear CT: 0.2 ms]
   [Other: 1.4 ms]
      [Choose CSet: 0.0 ms]
      [Ref Proc: 0.2 ms]
      [Ref Enq: 0.0 ms]
      [Redirty Cards: 0.1 ms]
      [Humongous Reclaim: 0.0 ms]
      [Free CSet: 0.6 ms]
   [Eden: 2212.0M(2212.0M)->0.0B(2216.0M) Survivors: 36.0M->32.0M Heap: 3621.7M(4500.0M)->1408.1M(4500.0M)]
Heap after GC invocations=33075 (full 0):
 garbage-first heap   total 4608000K, used 1441884K [0x00000006a6c00000, 0x00000006a7002328, 0x00000007c0000000)
  region size 4096K, 8 young (32768K), 8 survivors (32768K)
 Metaspace       used 124692K, capacity 128524K, committed 129664K, reserved 1165312K
  class space    used 13846K, capacity 14512K, committed 14720K, reserved 1048576K
}
 [Times: user=0.13 sys=0.00, real=0.02 secs] 
{Heap before GC invocations=33075 (full 0):
 garbage-first heap   total 4608000K, used 3711068K [0x00000006a6c00000, 0x00000006a7002328, 0x00000007c0000000)
  region size 4096K, 562 young (2301952K), 8 survivors (32768K)
 Metaspace       used 124692K, capacity 128524K, committed 129664K, reserved 1165312K
  class space    used 13846K, capacity 14512K, committed 14720K, reserved 1048576K
2019-04-29T02:20:04.127+0800: 1504013.345: [GC pause (G1 Evacuation Pause) (young)
Desired survivor size 148897792 bytes, new threshold 15 (max 15)
- age   1:   14521488 bytes,   14521488 total
- age   2:    2178904 bytes,   16700392 total
- age   3:     680616 bytes,   17381008 total
- age   4:     144872 bytes,   17525880 total
- age   5:     245280 bytes,   17771160 total
- age   6:     352552 bytes,   18123712 total
- age   7:     384744 bytes,   18508456 total
- age   8:     122008 bytes,   18630464 total
- age   9:     129728 bytes,   18760192 total
- age  10:     111920 bytes,   18872112 total
- age  11:     131496 bytes,   19003608 total
- age  12:      86808 bytes,   19090416 total
- age  13:     104584 bytes,   19195000 total
- age  14:     184512 bytes,   19379512 total
- age  15:     170976 bytes,   19550488 total
 1504013.345: [G1Ergonomics (CSet Construction) start choosing CSet, _pending_cards: 20843, predicted base time: 7.79 ms, remaining time: 52.21 ms, target pause time: 60.00 ms]
 1504013.345: [G1Ergonomics (CSet Construction) add young regions to CSet, eden: 554 regions, survivors: 8 regions, predicted young region time: 69.60 ms]
 1504013.345: [G1Ergonomics (CSet Construction) finish choosing CSet, eden: 554 regions, survivors: 8 regions, old: 0 regions, predicted pause time: 77.39 ms, target pause time: 60.00 ms]
, 0.0202346 secs]
   [Parallel Time: 18.3 ms, GC Workers: 8]
      [GC Worker Start (ms): Min: 1504013345.6, Avg: 1504013345.7, Max: 1504013345.7, Diff: 0.1]
      [Ext Root Scanning (ms): Min: 1.1, Avg: 1.4, Max: 2.2, Diff: 1.1, Sum: 11.2]
      [Update RS (ms): Min: 4.5, Avg: 5.2, Max: 5.5, Diff: 1.0, Sum: 41.4]
         [Processed Buffers: Min: 13, Avg: 22.8, Max: 36, Diff: 23, Sum: 182]
      [Scan RS (ms): Min: 0.0, Avg: 0.1, Max: 0.1, Diff: 0.1, Sum: 0.7]
      [Code Root Scanning (ms): Min: 0.0, Avg: 0.0, Max: 0.0, Diff: 0.0, Sum: 0.0]
      [Object Copy (ms): Min: 11.4, Avg: 11.5, Max: 11.5, Diff: 0.1, Sum: 91.6]
      [Termination (ms): Min: 0.0, Avg: 0.0, Max: 0.0, Diff: 0.0, Sum: 0.0]
      [GC Worker Other (ms): Min: 0.0, Avg: 0.1, Max: 0.1, Diff: 0.1, Sum: 0.4]
      [GC Worker Total (ms): Min: 18.1, Avg: 18.2, Max: 18.2, Diff: 0.0, Sum: 145.3]
      [GC Worker End (ms): Min: 1504013363.8, Avg: 1504013363.8, Max: 1504013363.9, Diff: 0.1]
   [Code Root Fixup: 0.2 ms]
   [Code Root Purge: 0.0 ms]
   [Clear CT: 0.3 ms]
   [Other: 1.5 ms]
      [Choose CSet: 0.0 ms]
      [Ref Proc: 0.2 ms]
      [Ref Enq: 0.0 ms]
      [Redirty Cards: 0.1 ms]
      [Humongous Reclaim: 0.0 ms]
      [Free CSet: 0.7 ms]
   [Eden: 2216.0M(2216.0M)->0.0B(2208.0M) Survivors: 32.0M->40.0M Heap: 3624.1M(4500.0M)->1415.3M(4500.0M)]
Heap after GC invocations=33076 (full 0):
 garbage-first heap   total 4608000K, used 1449308K [0x00000006a6c00000, 0x00000006a7002328, 0x00000007c0000000)
  region size 4096K, 10 young (40960K), 10 survivors (40960K)
 Metaspace       used 124692K, capacity 128524K, committed 129664K, reserved 1165312K
  class space    used 13846K, capacity 14512K, committed 14720K, reserved 1048576K
}
 [Times: user=0.12 sys=0.03, real=0.02 secs] 
{Heap before GC invocations=33076 (full 0):
 garbage-first heap   total 4608000K, used 3710300K [0x00000006a6c00000, 0x00000006a7002328, 0x00000007c0000000)
  region size 4096K, 562 young (2301952K), 10 survivors (40960K)
 Metaspace       used 124692K, capacity 128524K, committed 129664K, reserved 1165312K
  class space    used 13846K, capacity 14512K, committed 14720K, reserved 1048576K
2019-04-29T02:20:30.130+0800: 1504039.348: [GC pause (G1 Evacuation Pause) (young)
Desired survivor size 148897792 bytes, new threshold 15 (max 15)
- age   1:   18731712 bytes,   18731712 total
- age   2:    1976192 bytes,   20707904 total
- age   3:    1213248 bytes,   21921152 total
- age   4:     287216 bytes,   22208368 total
- age   5:     117864 bytes,   22326232 total
- age   6:     237632 bytes,   22563864 total
- age   7:     350808 bytes,   22914672 total
- age   8:     384720 bytes,   23299392 total
- age   9:     122008 bytes,   23421400 total
- age  10:     115968 bytes,   23537368 total
- age  11:     111808 bytes,   23649176 total
- age  12:     131384 bytes,   23780560 total
- age  13:      86472 bytes,   23867032 total
- age  14:     104584 bytes,   23971616 total
- age  15:     184400 bytes,   24156016 total
 1504039.349: [G1Ergonomics (CSet Construction) start choosing CSet, _pending_cards: 21744, predicted base time: 8.05 ms, remaining time: 51.95 ms, target pause time: 60.00 ms]
 1504039.349: [G1Ergonomics (CSet Construction) add young regions to CSet, eden: 552 regions, survivors: 10 regions, predicted young region time: 57.06 ms]
 1504039.349: [G1Ergonomics (CSet Construction) finish choosing CSet, eden: 552 regions, survivors: 10 regions, old: 0 regions, predicted pause time: 65.11 ms, target pause time: 60.00 ms]
, 0.0201672 secs]
   [Parallel Time: 17.8 ms, GC Workers: 8]
      [GC Worker Start (ms): Min: 1504039348.7, Avg: 1504039348.9, Max: 1504039349.0, Diff: 0.2]
      [Ext Root Scanning (ms): Min: 1.2, Avg: 1.4, Max: 2.1, Diff: 0.9, Sum: 11.4]
      [Update RS (ms): Min: 5.2, Avg: 5.7, Max: 6.0, Diff: 0.8, Sum: 45.7]
         [Processed Buffers: Min: 14, Avg: 22.8, Max: 42, Diff: 28, Sum: 182]
      [Scan RS (ms): Min: 0.0, Avg: 0.1, Max: 0.1, Diff: 0.1, Sum: 0.6]
      [Code Root Scanning (ms): Min: 0.0, Avg: 0.0, Max: 0.0, Diff: 0.0, Sum: 0.0]
      [Object Copy (ms): Min: 10.2, Avg: 10.4, Max: 10.5, Diff: 0.3, Sum: 82.8]
      [Termination (ms): Min: 0.0, Avg: 0.0, Max: 0.0, Diff: 0.0, Sum: 0.0]
      [GC Worker Other (ms): Min: 0.0, Avg: 0.1, Max: 0.1, Diff: 0.1, Sum: 0.5]
      [GC Worker Total (ms): Min: 17.5, Avg: 17.6, Max: 17.8, Diff: 0.2, Sum: 141.1]
      [GC Worker End (ms): Min: 1504039366.5, Avg: 1504039366.5, Max: 1504039366.5, Diff: 0.1]
   [Code Root Fixup: 0.2 ms]
   [Code Root Purge: 0.0 ms]
   [Clear CT: 0.3 ms]
   [Other: 1.8 ms]
      [Choose CSet: 0.0 ms]
      [Ref Proc: 0.2 ms]
      [Ref Enq: 0.0 ms]
      [Redirty Cards: 0.1 ms]
      [Humongous Reclaim: 0.0 ms]
      [Free CSet: 0.9 ms]
   [Eden: 2208.0M(2208.0M)->0.0B(2212.0M) Survivors: 40.0M->36.0M Heap: 3623.3M(4500.0M)->1410.6M(4500.0M)]
Heap after GC invocations=33077 (full 0):
 garbage-first heap   total 4608000K, used 1444450K [0x00000006a6c00000, 0x00000006a7002328, 0x00000007c0000000)
  region size 4096K, 9 young (36864K), 9 survivors (36864K)
 Metaspace       used 124692K, capacity 128524K, committed 129664K, reserved 1165312K
  class space    used 13846K, capacity 14512K, committed 14720K, reserved 1048576K
}
 [Times: user=0.14 sys=0.00, real=0.03 secs] 
{Heap before GC invocations=33077 (full 0):
 garbage-first heap   total 4608000K, used 3709538K [0x00000006a6c00000, 0x00000006a7002328, 0x00000007c0000000)
  region size 4096K, 562 young (2301952K), 9 survivors (36864K)
 Metaspace       used 124692K, capacity 128524K, committed 129664K, reserved 1165312K
  class space    used 13846K, capacity 14512K, committed 14720K, reserved 1048576K
2019-04-29T02:20:58.173+0800: 1504067.392: [GC pause (G1 Evacuation Pause) (young)
Desired survivor size 148897792 bytes, new threshold 15 (max 15)
- age   1:   17306880 bytes,   17306880 total
- age   2:    1627176 bytes,   18934056 total
- age   3:    1097864 bytes,   20031920 total
- age   4:     388096 bytes,   20420016 total
- age   5:     286888 bytes,   20706904 total
- age   6:     116312 bytes,   20823216 total
- age   7:     237488 bytes,   21060704 total
- age   8:     350808 bytes,   21411512 total
- age   9:     384720 bytes,   21796232 total
- age  10:     122008 bytes,   21918240 total
- age  11:      82376 bytes,   22000616 total
- age  12:     110240 bytes,   22110856 total
- age  13:     130824 bytes,   22241680 total
- age  14:      86448 bytes,   22328128 total
- age  15:     104584 bytes,   22432712 total
 1504067.392: [G1Ergonomics (CSet Construction) start choosing CSet, _pending_cards: 21973, predicted base time: 8.35 ms, remaining time: 51.65 ms, target pause time: 60.00 ms]
 1504067.392: [G1Ergonomics (CSet Construction) add young regions to CSet, eden: 553 regions, survivors: 9 regions, predicted young region time: 52.48 ms]
 1504067.392: [G1Ergonomics (CSet Construction) finish choosing CSet, eden: 553 regions, survivors: 9 regions, old: 0 regions, predicted pause time: 60.83 ms, target pause time: 60.00 ms]
, 0.0179676 secs]
   [Parallel Time: 16.0 ms, GC Workers: 8]
      [GC Worker Start (ms): Min: 1504067392.1, Avg: 1504067392.1, Max: 1504067392.1, Diff: 0.1]
      [Ext Root Scanning (ms): Min: 1.1, Avg: 1.3, Max: 2.1, Diff: 1.0, Sum: 10.7]
      [Update RS (ms): Min: 4.6, Avg: 5.3, Max: 5.5, Diff: 0.9, Sum: 42.4]
         [Processed Buffers: Min: 16, Avg: 22.5, Max: 35, Diff: 19, Sum: 180]
      [Scan RS (ms): Min: 0.0, Avg: 0.1, Max: 0.1, Diff: 0.1, Sum: 0.7]
      [Code Root Scanning (ms): Min: 0.0, Avg: 0.0, Max: 0.0, Diff: 0.0, Sum: 0.0]
      [Object Copy (ms): Min: 9.0, Avg: 9.1, Max: 9.2, Diff: 0.2, Sum: 73.1]
      [Termination (ms): Min: 0.0, Avg: 0.0, Max: 0.0, Diff: 0.0, Sum: 0.0]
      [GC Worker Other (ms): Min: 0.0, Avg: 0.1, Max: 0.1, Diff: 0.1, Sum: 0.5]
      [GC Worker Total (ms): Min: 15.9, Avg: 15.9, Max: 16.0, Diff: 0.1, Sum: 127.4]
      [GC Worker End (ms): Min: 1504067408.0, Avg: 1504067408.0, Max: 1504067408.1, Diff: 0.1]
   [Code Root Fixup: 0.2 ms]
   [Code Root Purge: 0.0 ms]
   [Clear CT: 0.3 ms]
   [Other: 1.4 ms]
      [Choose CSet: 0.0 ms]
      [Ref Proc: 0.2 ms]
      [Ref Enq: 0.0 ms]
      [Redirty Cards: 0.1 ms]
      [Humongous Reclaim: 0.0 ms]
      [Free CSet: 0.6 ms]
   [Eden: 2212.0M(2212.0M)->0.0B(2212.0M) Survivors: 36.0M->36.0M Heap: 3622.6M(4500.0M)->1410.8M(4500.0M)]
Heap after GC invocations=33078 (full 0):
 garbage-first heap   total 4608000K, used 1444645K [0x00000006a6c00000, 0x00000006a7002328, 0x00000007c0000000)
  region size 4096K, 9 young (36864K), 9 survivors (36864K)
 Metaspace       used 124692K, capacity 128524K, committed 129664K, reserved 1165312K
  class space    used 13846K, capacity 14512K, committed 14720K, reserved 1048576K
}
 [Times: user=0.10 sys=0.03, real=0.02 secs] 
{Heap before GC invocations=33078 (full 0):
 garbage-first heap   total 4608000K, used 3709733K [0x00000006a6c00000, 0x00000006a7002328, 0x00000007c0000000)
  region size 4096K, 562 young (2301952K), 9 survivors (36864K)
 Metaspace       used 124692K, capacity 128524K, committed 129664K, reserved 1165312K
  class space    used 13846K, capacity 14512K, committed 14720K, reserved 1048576K
2019-04-29T02:21:25.028+0800: 1504094.247: [GC pause (G1 Evacuation Pause) (young)
Desired survivor size 148897792 bytes, new threshold 15 (max 15)
- age   1:   15334176 bytes,   15334176 total
- age   2:    1911800 bytes,   17245976 total
- age   3:     520448 bytes,   17766424 total
- age   4:     306008 bytes,   18072432 total
- age   5:     387640 bytes,   18460072 total
- age   6:     285656 bytes,   18745728 total
- age   7:     116312 bytes,   18862040 total
- age   8:     237488 bytes,   19099528 total
- age   9:     343544 bytes,   19443072 total
- age  10:     384448 bytes,   19827520 total
- age  11:     122008 bytes,   19949528 total
- age  12:      82280 bytes,   20031808 total
- age  13:     108360 bytes,   20140168 total
- age  14:      94408 bytes,   20234576 total
- age  15:      86448 bytes,   20321024 total
 1504094.247: [G1Ergonomics (CSet Construction) start choosing CSet, _pending_cards: 21334, predicted base time: 8.08 ms, remaining time: 51.92 ms, target pause time: 60.00 ms]
 1504094.247: [G1Ergonomics (CSet Construction) add young regions to CSet, eden: 553 regions, survivors: 9 regions, predicted young region time: 44.73 ms]
 1504094.247: [G1Ergonomics (CSet Construction) finish choosing CSet, eden: 553 regions, survivors: 9 regions, old: 0 regions, predicted pause time: 52.82 ms, target pause time: 60.00 ms]
, 0.0189052 secs]
   [Parallel Time: 17.0 ms, GC Workers: 8]
      [GC Worker Start (ms): Min: 1504094247.0, Avg: 1504094247.0, Max: 1504094247.0, Diff: 0.1]
      [Ext Root Scanning (ms): Min: 1.0, Avg: 1.3, Max: 2.0, Diff: 0.9, Sum: 10.1]
      [Update RS (ms): Min: 4.6, Avg: 5.2, Max: 5.5, Diff: 0.9, Sum: 41.5]
         [Processed Buffers: Min: 12, Avg: 21.8, Max: 35, Diff: 23, Sum: 174]
      [Scan RS (ms): Min: 0.0, Avg: 0.1, Max: 0.1, Diff: 0.1, Sum: 0.6]
      [Code Root Scanning (ms): Min: 0.0, Avg: 0.0, Max: 0.0, Diff: 0.0, Sum: 0.0]
      [Object Copy (ms): Min: 10.3, Avg: 10.4, Max: 10.4, Diff: 0.1, Sum: 83.0]
      [Termination (ms): Min: 0.0, Avg: 0.0, Max: 0.0, Diff: 0.0, Sum: 0.0]
      [GC Worker Other (ms): Min: 0.0, Avg: 0.0, Max: 0.1, Diff: 0.1, Sum: 0.4]
      [GC Worker Total (ms): Min: 16.9, Avg: 17.0, Max: 17.0, Diff: 0.1, Sum: 135.7]
      [GC Worker End (ms): Min: 1504094263.9, Avg: 1504094264.0, Max: 1504094264.0, Diff: 0.1]
   [Code Root Fixup: 0.2 ms]
   [Code Root Purge: 0.0 ms]
   [Clear CT: 0.3 ms]
   [Other: 1.4 ms]
      [Choose CSet: 0.0 ms]
      [Ref Proc: 0.2 ms]
      [Ref Enq: 0.0 ms]
      [Redirty Cards: 0.1 ms]
      [Humongous Reclaim: 0.0 ms]
      [Free CSet: 0.6 ms]
   [Eden: 2212.0M(2212.0M)->0.0B(2212.0M) Survivors: 36.0M->36.0M Heap: 3622.8M(4500.0M)->1412.1M(4500.0M)]
Heap after GC invocations=33079 (full 0):
 garbage-first heap   total 4608000K, used 1445942K [0x00000006a6c00000, 0x00000006a7002328, 0x00000007c0000000)
  region size 4096K, 9 young (36864K), 9 survivors (36864K)
 Metaspace       used 124692K, capacity 128524K, committed 129664K, reserved 1165312K
  class space    used 13846K, capacity 14512K, committed 14720K, reserved 1048576K
}
 [Times: user=0.11 sys=0.03, real=0.02 secs] 
{Heap before GC invocations=33079 (full 0):
 garbage-first heap   total 4608000K, used 3711030K [0x00000006a6c00000, 0x00000006a7002328, 0x00000007c0000000)
  region size 4096K, 562 young (2301952K), 9 survivors (36864K)
 Metaspace       used 124692K, capacity 128524K, committed 129664K, reserved 1165312K
  class space    used 13846K, capacity 14512K, committed 14720K, reserved 1048576K
2019-04-29T02:21:52.651+0800: 1504121.870: [GC pause (G1 Evacuation Pause) (young)
Desired survivor size 148897792 bytes, new threshold 15 (max 15)
- age   1:   17061744 bytes,   17061744 total
- age   2:    2182544 bytes,   19244288 total
- age   3:     460672 bytes,   19704960 total
- age   4:     226536 bytes,   19931496 total
- age   5:     298312 bytes,   20229808 total
- age   6:     386840 bytes,   20616648 total
- age   7:     285080 bytes,   20901728 total
- age   8:     115728 bytes,   21017456 total
- age   9:     237128 bytes,   21254584 total
- age  10:     343256 bytes,   21597840 total
- age  11:     383872 bytes,   21981712 total
- age  12:     122008 bytes,   22103720 total
- age  13:      81272 bytes,   22184992 total
- age  14:     107904 bytes,   22292896 total
- age  15:      92304 bytes,   22385200 total
 1504121.870: [G1Ergonomics (CSet Construction) start choosing CSet, _pending_cards: 21365, predicted base time: 8.00 ms, remaining time: 52.00 ms, target pause time: 60.00 ms]
 1504121.870: [G1Ergonomics (CSet Construction) add young regions to CSet, eden: 553 regions, survivors: 9 regions, predicted young region time: 36.36 ms]
 1504121.870: [G1Ergonomics (CSet Construction) finish choosing CSet, eden: 553 regions, survivors: 9 regions, old: 0 regions, predicted pause time: 44.36 ms, target pause time: 60.00 ms]
, 0.0192610 secs]
   [Parallel Time: 17.3 ms, GC Workers: 8]
      [GC Worker Start (ms): Min: 1504121869.8, Avg: 1504121869.8, Max: 1504121869.9, Diff: 0.1]
      [Ext Root Scanning (ms): Min: 1.0, Avg: 1.3, Max: 2.0, Diff: 1.0, Sum: 10.2]
      [Update RS (ms): Min: 4.6, Avg: 5.3, Max: 5.6, Diff: 1.0, Sum: 42.3]
         [Processed Buffers: Min: 12, Avg: 22.2, Max: 44, Diff: 32, Sum: 178]
      [Scan RS (ms): Min: 0.0, Avg: 0.1, Max: 0.1, Diff: 0.1, Sum: 0.6]
      [Code Root Scanning (ms): Min: 0.0, Avg: 0.0, Max: 0.0, Diff: 0.0, Sum: 0.0]
      [Object Copy (ms): Min: 10.3, Avg: 10.5, Max: 10.5, Diff: 0.2, Sum: 83.7]
      [Termination (ms): Min: 0.0, Avg: 0.0, Max: 0.0, Diff: 0.0, Sum: 0.1]
      [GC Worker Other (ms): Min: 0.0, Avg: 0.1, Max: 0.1, Diff: 0.1, Sum: 0.6]
      [GC Worker Total (ms): Min: 17.1, Avg: 17.2, Max: 17.2, Diff: 0.1, Sum: 137.4]
      [GC Worker End (ms): Min: 1504121887.0, Avg: 1504121887.0, Max: 1504121887.0, Diff: 0.1]
   [Code Root Fixup: 0.3 ms]
   [Code Root Purge: 0.0 ms]
   [Clear CT: 0.3 ms]
   [Other: 1.4 ms]
      [Choose CSet: 0.0 ms]
      [Ref Proc: 0.2 ms]
      [Ref Enq: 0.0 ms]
      [Redirty Cards: 0.1 ms]
      [Humongous Reclaim: 0.0 ms]
      [Free CSet: 0.6 ms]
   [Eden: 2212.0M(2212.0M)->0.0B(2212.0M) Survivors: 36.0M->36.0M Heap: 3624.1M(4500.0M)->1411.0M(4500.0M)]
Heap after GC invocations=33080 (full 0):
 garbage-first heap   total 4608000K, used 1444904K [0x00000006a6c00000, 0x00000006a7002328, 0x00000007c0000000)
  region size 4096K, 9 young (36864K), 9 survivors (36864K)
 Metaspace       used 124692K, capacity 128524K, committed 129664K, reserved 1165312K
  class space    used 13846K, capacity 14512K, committed 14720K, reserved 1048576K
}
 [Times: user=0.15 sys=0.00, real=0.02 secs] 
{Heap before GC invocations=33080 (full 0):
 garbage-first heap   total 4608000K, used 3709992K [0x00000006a6c00000, 0x00000006a7002328, 0x00000007c0000000)
  region size 4096K, 562 young (2301952K), 9 survivors (36864K)
 Metaspace       used 124692K, capacity 128524K, committed 129664K, reserved 1165312K
  class space    used 13846K, capacity 14512K, committed 14720K, reserved 1048576K
2019-04-29T02:22:20.252+0800: 1504149.471: [GC pause (G1 Evacuation Pause) (young)
Desired survivor size 148897792 bytes, new threshold 15 (max 15)
- age   1:   17886488 bytes,   17886488 total
- age   2:    1944280 bytes,   19830768 total
- age   3:     726624 bytes,   20557392 total
- age   4:     218656 bytes,   20776048 total
- age   5:     226000 bytes,   21002048 total
- age   6:     297248 bytes,   21299296 total
- age   7:     385376 bytes,   21684672 total
- age   8:     284744 bytes,   21969416 total
- age   9:     115280 bytes,   22084696 total
- age  10:     237128 bytes,   22321824 total
- age  11:     343256 bytes,   22665080 total
- age  12:     383872 bytes,   23048952 total
- age  13:     122008 bytes,   23170960 total
- age  14:      81272 bytes,   23252232 total
- age  15:     107904 bytes,   23360136 total
 1504149.471: [G1Ergonomics (CSet Construction) start choosing CSet, _pending_cards: 21495, predicted base time: 8.01 ms, remaining time: 51.99 ms, target pause time: 60.00 ms]
 1504149.471: [G1Ergonomics (CSet Construction) add young regions to CSet, eden: 553 regions, survivors: 9 regions, predicted young region time: 34.18 ms]
 1504149.471: [G1Ergonomics (CSet Construction) finish choosing CSet, eden: 553 regions, survivors: 9 regions, old: 0 regions, predicted pause time: 42.20 ms, target pause time: 60.00 ms]
, 0.0208973 secs]
   [Parallel Time: 19.0 ms, GC Workers: 8]
      [GC Worker Start (ms): Min: 1504149471.4, Avg: 1504149471.4, Max: 1504149471.5, Diff: 0.1]
      [Ext Root Scanning (ms): Min: 1.0, Avg: 1.3, Max: 2.1, Diff: 1.1, Sum: 10.1]
      [Update RS (ms): Min: 4.4, Avg: 5.1, Max: 5.5, Diff: 1.1, Sum: 40.9]
         [Processed Buffers: Min: 14, Avg: 22.0, Max: 37, Diff: 23, Sum: 176]
      [Scan RS (ms): Min: 0.0, Avg: 0.1, Max: 0.1, Diff: 0.1, Sum: 0.7]
      [Code Root Scanning (ms): Min: 0.0, Avg: 0.0, Max: 0.0, Diff: 0.0, Sum: 0.0]
      [Object Copy (ms): Min: 12.3, Avg: 12.4, Max: 12.5, Diff: 0.2, Sum: 99.2]
      [Termination (ms): Min: 0.0, Avg: 0.0, Max: 0.0, Diff: 0.0, Sum: 0.0]
      [GC Worker Other (ms): Min: 0.0, Avg: 0.0, Max: 0.1, Diff: 0.1, Sum: 0.3]
      [GC Worker Total (ms): Min: 18.9, Avg: 18.9, Max: 18.9, Diff: 0.1, Sum: 151.3]
      [GC Worker End (ms): Min: 1504149490.3, Avg: 1504149490.3, Max: 1504149490.4, Diff: 0.0]
   [Code Root Fixup: 0.2 ms]
   [Code Root Purge: 0.0 ms]
   [Clear CT: 0.3 ms]
   [Other: 1.4 ms]
      [Choose CSet: 0.0 ms]
      [Ref Proc: 0.2 ms]
      [Ref Enq: 0.0 ms]
      [Redirty Cards: 0.1 ms]
      [Humongous Reclaim: 0.0 ms]
      [Free CSet: 0.6 ms]
   [Eden: 2212.0M(2212.0M)->0.0B(2212.0M) Survivors: 36.0M->36.0M Heap: 3623.0M(4500.0M)->1411.2M(4500.0M)]
Heap after GC invocations=33081 (full 0):
 garbage-first heap   total 4608000K, used 1445049K [0x00000006a6c00000, 0x00000006a7002328, 0x00000007c0000000)
  region size 4096K, 9 young (36864K), 9 survivors (36864K)
 Metaspace       used 124692K, capacity 128524K, committed 129664K, reserved 1165312K
  class space    used 13846K, capacity 14512K, committed 14720K, reserved 1048576K
}
 [Times: user=0.12 sys=0.03, real=0.02 secs] 
{Heap before GC invocations=33081 (full 0):
 garbage-first heap   total 4608000K, used 3710137K [0x00000006a6c00000, 0x00000006a7002328, 0x00000007c0000000)
  region size 4096K, 562 young (2301952K), 9 survivors (36864K)
 Metaspace       used 124692K, capacity 128524K, committed 129664K, reserved 1165312K
  class space    used 13846K, capacity 14512K, committed 14720K, reserved 1048576K
2019-04-29T02:22:51.843+0800: 1504181.061: [GC pause (G1 Evacuation Pause) (young)
Desired survivor size 148897792 bytes, new threshold 15 (max 15)
- age   1:   20263856 bytes,   20263856 total
- age   2:    2610984 bytes,   22874840 total
- age   3:     640424 bytes,   23515264 total
- age   4:     302992 bytes,   23818256 total
- age   5:     217616 bytes,   24035872 total
- age   6:     224616 bytes,   24260488 total
- age   7:     296496 bytes,   24556984 total
- age   8:     385376 bytes,   24942360 total
- age   9:     284744 bytes,   25227104 total
- age  10:     115056 bytes,   25342160 total
- age  11:     237128 bytes,   25579288 total
- age  12:     343256 bytes,   25922544 total
- age  13:     383872 bytes,   26306416 total
- age  14:     122008 bytes,   26428424 total
- age  15:      81272 bytes,   26509696 total
 1504181.062: [G1Ergonomics (CSet Construction) start choosing CSet, _pending_cards: 21867, predicted base time: 8.01 ms, remaining time: 51.99 ms, target pause time: 60.00 ms]
 1504181.062: [G1Ergonomics (CSet Construction) add young regions to CSet, eden: 553 regions, survivors: 9 regions, predicted young region time: 63.52 ms]
 1504181.062: [G1Ergonomics (CSet Construction) finish choosing CSet, eden: 553 regions, survivors: 9 regions, old: 0 regions, predicted pause time: 71.53 ms, target pause time: 60.00 ms]
, 0.0178825 secs]
   [Parallel Time: 15.9 ms, GC Workers: 8]
      [GC Worker Start (ms): Min: 1504181061.7, Avg: 1504181061.8, Max: 1504181061.8, Diff: 0.1]
      [Ext Root Scanning (ms): Min: 1.0, Avg: 1.3, Max: 2.0, Diff: 1.0, Sum: 10.3]
      [Update RS (ms): Min: 4.5, Avg: 5.2, Max: 5.6, Diff: 1.1, Sum: 41.7]
         [Processed Buffers: Min: 13, Avg: 22.9, Max: 39, Diff: 26, Sum: 183]
      [Scan RS (ms): Min: 0.0, Avg: 0.1, Max: 0.1, Diff: 0.1, Sum: 0.6]
      [Code Root Scanning (ms): Min: 0.0, Avg: 0.0, Max: 0.0, Diff: 0.0, Sum: 0.0]
      [Object Copy (ms): Min: 9.1, Avg: 9.2, Max: 9.3, Diff: 0.2, Sum: 73.7]
      [Termination (ms): Min: 0.0, Avg: 0.0, Max: 0.0, Diff: 0.0, Sum: 0.0]
      [GC Worker Other (ms): Min: 0.0, Avg: 0.0, Max: 0.1, Diff: 0.1, Sum: 0.3]
      [GC Worker Total (ms): Min: 15.8, Avg: 15.8, Max: 15.9, Diff: 0.1, Sum: 126.8]
      [GC Worker End (ms): Min: 1504181077.6, Avg: 1504181077.6, Max: 1504181077.7, Diff: 0.0]
   [Code Root Fixup: 0.2 ms]
   [Code Root Purge: 0.0 ms]
   [Clear CT: 0.3 ms]
   [Other: 1.4 ms]
      [Choose CSet: 0.0 ms]
      [Ref Proc: 0.2 ms]
      [Ref Enq: 0.0 ms]
      [Redirty Cards: 0.1 ms]
      [Humongous Reclaim: 0.0 ms]
      [Free CSet: 0.6 ms]
   [Eden: 2212.0M(2212.0M)->0.0B(2212.0M) Survivors: 36.0M->36.0M Heap: 3623.2M(4500.0M)->1411.3M(4500.0M)]
Heap after GC invocations=33082 (full 0):
 garbage-first heap   total 4608000K, used 1445187K [0x00000006a6c00000, 0x00000006a7002328, 0x00000007c0000000)
  region size 4096K, 9 young (36864K), 9 survivors (36864K)
 Metaspace       used 124692K, capacity 128524K, committed 129664K, reserved 1165312K
  class space    used 13846K, capacity 14512K, committed 14720K, reserved 1048576K
}
 [Times: user=0.11 sys=0.02, real=0.02 secs] 
{Heap before GC invocations=33082 (full 0):
 garbage-first heap   total 4608000K, used 3710275K [0x00000006a6c00000, 0x00000006a7002328, 0x00000007c0000000)
  region size 4096K, 562 young (2301952K), 9 survivors (36864K)
 Metaspace       used 124692K, capacity 128524K, committed 129664K, reserved 1165312K
  class space    used 13846K, capacity 14512K, committed 14720K, reserved 1048576K
2019-04-29T02:23:23.225+0800: 1504212.444: [GC pause (G1 Evacuation Pause) (young)
Desired survivor size 148897792 bytes, new threshold 15 (max 15)
- age   1:   14920256 bytes,   14920256 total
- age   2:    1976968 bytes,   16897224 total
- age   3:     166448 bytes,   17063672 total
- age   4:     291008 bytes,   17354680 total
- age   5:     302464 bytes,   17657144 total
- age   6:     214776 bytes,   17871920 total
- age   7:     223216 bytes,   18095136 total
- age   8:     296464 bytes,   18391600 total
- age   9:     385376 bytes,   18776976 total
- age  10:     284744 bytes,   19061720 total
- age  11:     115056 bytes,   19176776 total
- age  12:     237128 bytes,   19413904 total
- age  13:     343256 bytes,   19757160 total
- age  14:     383872 bytes,   20141032 total
- age  15:     122008 bytes,   20263040 total
 1504212.444: [G1Ergonomics (CSet Construction) start choosing CSet, _pending_cards: 22278, predicted base time: 8.06 ms, remaining time: 51.94 ms, target pause time: 60.00 ms]
 1504212.444: [G1Ergonomics (CSet Construction) add young regions to CSet, eden: 553 regions, survivors: 9 regions, predicted young region time: 54.51 ms]
 1504212.444: [G1Ergonomics (CSet Construction) finish choosing CSet, eden: 553 regions, survivors: 9 regions, old: 0 regions, predicted pause time: 62.57 ms, target pause time: 60.00 ms]
, 0.0212643 secs]
   [Parallel Time: 19.1 ms, GC Workers: 8]
      [GC Worker Start (ms): Min: 1504212444.5, Avg: 1504212444.5, Max: 1504212444.6, Diff: 0.1]
      [Ext Root Scanning (ms): Min: 1.0, Avg: 1.5, Max: 4.4, Diff: 3.4, Sum: 12.4]
      [Update RS (ms): Min: 2.5, Avg: 5.3, Max: 5.9, Diff: 3.4, Sum: 42.2]
         [Processed Buffers: Min: 13, Avg: 22.5, Max: 35, Diff: 22, Sum: 180]
      [Scan RS (ms): Min: 0.0, Avg: 0.1, Max: 0.2, Diff: 0.1, Sum: 0.6]
      [Code Root Scanning (ms): Min: 0.0, Avg: 0.0, Max: 0.0, Diff: 0.0, Sum: 0.0]
      [Object Copy (ms): Min: 11.9, Avg: 12.0, Max: 12.1, Diff: 0.2, Sum: 95.9]
      [Termination (ms): Min: 0.0, Avg: 0.0, Max: 0.0, Diff: 0.0, Sum: 0.0]
      [GC Worker Other (ms): Min: 0.0, Avg: 0.0, Max: 0.1, Diff: 0.1, Sum: 0.3]
      [GC Worker Total (ms): Min: 18.9, Avg: 18.9, Max: 19.0, Diff: 0.1, Sum: 151.5]
      [GC Worker End (ms): Min: 1504212463.4, Avg: 1504212463.5, Max: 1504212463.5, Diff: 0.0]
   [Code Root Fixup: 0.3 ms]
   [Code Root Purge: 0.0 ms]
   [Clear CT: 0.3 ms]
   [Other: 1.6 ms]
      [Choose CSet: 0.0 ms]
      [Ref Proc: 0.2 ms]
      [Ref Enq: 0.0 ms]
      [Redirty Cards: 0.1 ms]
      [Humongous Reclaim: 0.0 ms]
      [Free CSet: 0.6 ms]
   [Eden: 2212.0M(2212.0M)->0.0B(2208.0M) Survivors: 36.0M->40.0M Heap: 3623.3M(4500.0M)->1415.1M(4500.0M)]
Heap after GC invocations=33083 (full 0):
 garbage-first heap   total 4608000K, used 1449085K [0x00000006a6c00000, 0x00000006a7002328, 0x00000007c0000000)
  region size 4096K, 10 young (40960K), 10 survivors (40960K)
 Metaspace       used 124692K, capacity 128524K, committed 129664K, reserved 1165312K
  class space    used 13846K, capacity 14512K, committed 14720K, reserved 1048576K
}
 [Times: user=0.12 sys=0.04, real=0.02 secs] 
{Heap before GC invocations=33083 (full 0):
 garbage-first heap   total 4608000K, used 3710077K [0x00000006a6c00000, 0x00000006a7002328, 0x00000007c0000000)
  region size 4096K, 562 young (2301952K), 10 survivors (40960K)
 Metaspace       used 124692K, capacity 128524K, committed 129664K, reserved 1165312K
  class space    used 13846K, capacity 14512K, committed 14720K, reserved 1048576K
2019-04-29T02:23:55.518+0800: 1504244.737: [GC pause (G1 Evacuation Pause) (young)
Desired survivor size 148897792 bytes, new threshold 15 (max 15)
- age   1:   18864640 bytes,   18864640 total
- age   2:    2086416 bytes,   20951056 total
- age   3:     182216 bytes,   21133272 total
- age   4:     165640 bytes,   21298912 total
- age   5:     289872 bytes,   21588784 total
- age   6:     301584 bytes,   21890368 total
- age   7:     213752 bytes,   22104120 total
- age   8:     223104 bytes,   22327224 total
- age   9:     296464 bytes,   22623688 total
- age  10:     385376 bytes,   23009064 total
- age  11:     284744 bytes,   23293808 total
- age  12:     115056 bytes,   23408864 total
- age  13:     237128 bytes,   23645992 total
- age  14:     343256 bytes,   23989248 total
- age  15:     383872 bytes,   24373120 total
 1504244.737: [G1Ergonomics (CSet Construction) start choosing CSet, _pending_cards: 22173, predicted base time: 8.23 ms, remaining time: 51.77 ms, target pause time: 60.00 ms]
 1504244.737: [G1Ergonomics (CSet Construction) add young regions to CSet, eden: 552 regions, survivors: 10 regions, predicted young region time: 74.31 ms]
 1504244.737: [G1Ergonomics (CSet Construction) finish choosing CSet, eden: 552 regions, survivors: 10 regions, old: 0 regions, predicted pause time: 82.55 ms, target pause time: 60.00 ms]
, 0.0189205 secs]
   [Parallel Time: 17.1 ms, GC Workers: 8]
      [GC Worker Start (ms): Min: 1504244737.4, Avg: 1504244737.5, Max: 1504244737.5, Diff: 0.1]
      [Ext Root Scanning (ms): Min: 1.1, Avg: 1.3, Max: 2.1, Diff: 1.1, Sum: 10.5]
      [Update RS (ms): Min: 4.4, Avg: 5.2, Max: 5.6, Diff: 1.1, Sum: 41.9]
         [Processed Buffers: Min: 14, Avg: 22.8, Max: 37, Diff: 23, Sum: 182]
      [Scan RS (ms): Min: 0.0, Avg: 0.1, Max: 0.1, Diff: 0.1, Sum: 0.6]
      [Code Root Scanning (ms): Min: 0.0, Avg: 0.0, Max: 0.0, Diff: 0.0, Sum: 0.0]
      [Object Copy (ms): Min: 10.1, Avg: 10.3, Max: 10.4, Diff: 0.2, Sum: 82.2]
      [Termination (ms): Min: 0.0, Avg: 0.0, Max: 0.0, Diff: 0.0, Sum: 0.0]
      [GC Worker Other (ms): Min: 0.0, Avg: 0.0, Max: 0.1, Diff: 0.0, Sum: 0.4]
      [GC Worker Total (ms): Min: 16.9, Avg: 17.0, Max: 17.0, Diff: 0.1, Sum: 135.6]
      [GC Worker End (ms): Min: 1504244754.4, Avg: 1504244754.4, Max: 1504244754.5, Diff: 0.0]
   [Code Root Fixup: 0.2 ms]
   [Code Root Purge: 0.0 ms]
   [Clear CT: 0.3 ms]
   [Other: 1.4 ms]
      [Choose CSet: 0.0 ms]
      [Ref Proc: 0.2 ms]
      [Ref Enq: 0.0 ms]
      [Redirty Cards: 0.1 ms]
      [Humongous Reclaim: 0.0 ms]
      [Free CSet: 0.6 ms]
   [Eden: 2208.0M(2208.0M)->0.0B(2212.0M) Survivors: 40.0M->36.0M Heap: 3623.1M(4500.0M)->1411.9M(4500.0M)]
Heap after GC invocations=33084 (full 0):
 garbage-first heap   total 4608000K, used 1445751K [0x00000006a6c00000, 0x00000006a7002328, 0x00000007c0000000)
  region size 4096K, 9 young (36864K), 9 survivors (36864K)
 Metaspace       used 124692K, capacity 128524K, committed 129664K, reserved 1165312K
  class space    used 13846K, capacity 14512K, committed 14720K, reserved 1048576K
}
 [Times: user=0.14 sys=0.00, real=0.02 secs] 
{Heap before GC invocations=33084 (full 0):
 garbage-first heap   total 4608000K, used 3710839K [0x00000006a6c00000, 0x00000006a7002328, 0x00000007c0000000)
  region size 4096K, 562 young (2301952K), 9 survivors (36864K)
 Metaspace       used 124692K, capacity 128524K, committed 129664K, reserved 1165312K
  class space    used 13846K, capacity 14512K, committed 14720K, reserved 1048576K
2019-04-29T02:24:24.397+0800: 1504273.615: [GC pause (G1 Evacuation Pause) (young)
Desired survivor size 148897792 bytes, new threshold 15 (max 15)
- age   1:   17082936 bytes,   17082936 total
- age   2:    2037248 bytes,   19120184 total
- age   3:     292096 bytes,   19412280 total
- age   4:     181288 bytes,   19593568 total
- age   5:     164240 bytes,   19757808 total
- age   6:     289312 bytes,   20047120 total
- age   7:     301584 bytes,   20348704 total
- age   8:     213416 bytes,   20562120 total
- age   9:     223104 bytes,   20785224 total
- age  10:     296464 bytes,   21081688 total
- age  11:     385376 bytes,   21467064 total
- age  12:     284744 bytes,   21751808 total
- age  13:     115056 bytes,   21866864 total
- age  14:     237128 bytes,   22103992 total
- age  15:     343256 bytes,   22447248 total
 1504273.616: [G1Ergonomics (CSet Construction) start choosing CSet, _pending_cards: 22697, predicted base time: 8.25 ms, remaining time: 51.75 ms, target pause time: 60.00 ms]
 1504273.616: [G1Ergonomics (CSet Construction) add young regions to CSet, eden: 553 regions, survivors: 9 regions, predicted young region time: 59.43 ms]
 1504273.616: [G1Ergonomics (CSet Construction) finish choosing CSet, eden: 553 regions, survivors: 9 regions, old: 0 regions, predicted pause time: 67.68 ms, target pause time: 60.00 ms]
, 0.0195799 secs]
   [Parallel Time: 17.6 ms, GC Workers: 8]
      [GC Worker Start (ms): Min: 1504273615.8, Avg: 1504273615.8, Max: 1504273615.9, Diff: 0.1]
      [Ext Root Scanning (ms): Min: 1.0, Avg: 1.3, Max: 2.2, Diff: 1.2, Sum: 10.3]
      [Update RS (ms): Min: 4.5, Avg: 5.4, Max: 5.7, Diff: 1.1, Sum: 42.8]
         [Processed Buffers: Min: 12, Avg: 22.8, Max: 45, Diff: 33, Sum: 182]
      [Scan RS (ms): Min: 0.0, Avg: 0.1, Max: 0.2, Diff: 0.1, Sum: 0.6]
      [Code Root Scanning (ms): Min: 0.0, Avg: 0.0, Max: 0.0, Diff: 0.0, Sum: 0.0]
      [Object Copy (ms): Min: 10.6, Avg: 10.7, Max: 10.8, Diff: 0.2, Sum: 85.6]
      [Termination (ms): Min: 0.0, Avg: 0.0, Max: 0.0, Diff: 0.0, Sum: 0.0]
      [GC Worker Other (ms): Min: 0.0, Avg: 0.0, Max: 0.1, Diff: 0.1, Sum: 0.3]
      [GC Worker Total (ms): Min: 17.4, Avg: 17.5, Max: 17.5, Diff: 0.1, Sum: 139.7]
      [GC Worker End (ms): Min: 1504273633.3, Avg: 1504273633.3, Max: 1504273633.3, Diff: 0.0]
   [Code Root Fixup: 0.2 ms]
   [Code Root Purge: 0.0 ms]
   [Clear CT: 0.3 ms]
   [Other: 1.5 ms]
      [Choose CSet: 0.0 ms]
      [Ref Proc: 0.2 ms]
      [Ref Enq: 0.0 ms]
      [Redirty Cards: 0.1 ms]
      [Humongous Reclaim: 0.0 ms]
      [Free CSet: 0.6 ms]
   [Eden: 2212.0M(2212.0M)->0.0B(2216.0M) Survivors: 36.0M->32.0M Heap: 3623.9M(4500.0M)->1410.4M(4500.0M)]
Heap after GC invocations=33085 (full 0):
 garbage-first heap   total 4608000K, used 1444251K [0x00000006a6c00000, 0x00000006a7002328, 0x00000007c0000000)
  region size 4096K, 8 young (32768K), 8 survivors (32768K)
 Metaspace       used 124692K, capacity 128524K, committed 129664K, reserved 1165312K
  class space    used 13846K, capacity 14512K, committed 14720K, reserved 1048576K
}
 [Times: user=0.12 sys=0.03, real=0.02 secs] 
{Heap before GC invocations=33085 (full 0):
 garbage-first heap   total 4608000K, used 3713435K [0x00000006a6c00000, 0x00000006a7002328, 0x00000007c0000000)
  region size 4096K, 562 young (2301952K), 8 survivors (32768K)
 Metaspace       used 124692K, capacity 128524K, committed 129664K, reserved 1165312K
  class space    used 13846K, capacity 14512K, committed 14720K, reserved 1048576K
2019-04-29T02:24:54.433+0800: 1504303.651: [GC pause (G1 Evacuation Pause) (young)
Desired survivor size 148897792 bytes, new threshold 15 (max 15)
- age   1:   16377928 bytes,   16377928 total
- age   2:    2108472 bytes,   18486400 total
- age   3:     293344 bytes,   18779744 total
- age   4:     291168 bytes,   19070912 total
- age   5:     180232 bytes,   19251144 total
- age   6:     162440 bytes,   19413584 total
- age   7:     288816 bytes,   19702400 total
- age   8:     301472 bytes,   20003872 total
- age   9:     212824 bytes,   20216696 total
- age  10:     223104 bytes,   20439800 total
- age  11:     296464 bytes,   20736264 total
- age  12:     385376 bytes,   21121640 total
- age  13:     284744 bytes,   21406384 total
- age  14:     115056 bytes,   21521440 total
- age  15:     237128 bytes,   21758568 total
 1504303.651: [G1Ergonomics (CSet Construction) start choosing CSet, _pending_cards: 22442, predicted base time: 8.13 ms, remaining time: 51.87 ms, target pause time: 60.00 ms]
 1504303.651: [G1Ergonomics (CSet Construction) add young regions to CSet, eden: 554 regions, survivors: 8 regions, predicted young region time: 47.69 ms]
 1504303.651: [G1Ergonomics (CSet Construction) finish choosing CSet, eden: 554 regions, survivors: 8 regions, old: 0 regions, predicted pause time: 55.82 ms, target pause time: 60.00 ms]
, 0.0197276 secs]
   [Parallel Time: 17.7 ms, GC Workers: 8]
      [GC Worker Start (ms): Min: 1504303651.6, Avg: 1504303651.7, Max: 1504303651.7, Diff: 0.1]
      [Ext Root Scanning (ms): Min: 1.2, Avg: 1.4, Max: 2.1, Diff: 0.9, Sum: 11.5]
      [Update RS (ms): Min: 5.0, Avg: 5.7, Max: 6.0, Diff: 1.0, Sum: 45.3]
         [Processed Buffers: Min: 12, Avg: 21.8, Max: 31, Diff: 19, Sum: 174]
      [Scan RS (ms): Min: 0.0, Avg: 0.1, Max: 0.2, Diff: 0.2, Sum: 0.7]
      [Code Root Scanning (ms): Min: 0.0, Avg: 0.0, Max: 0.0, Diff: 0.0, Sum: 0.0]
      [Object Copy (ms): Min: 10.2, Avg: 10.3, Max: 10.4, Diff: 0.2, Sum: 82.5]
      [Termination (ms): Min: 0.0, Avg: 0.0, Max: 0.0, Diff: 0.0, Sum: 0.2]
      [GC Worker Other (ms): Min: 0.0, Avg: 0.0, Max: 0.1, Diff: 0.1, Sum: 0.3]
      [GC Worker Total (ms): Min: 17.5, Avg: 17.6, Max: 17.6, Diff: 0.1, Sum: 140.5]
      [GC Worker End (ms): Min: 1504303669.2, Avg: 1504303669.2, Max: 1504303669.3, Diff: 0.0]
   [Code Root Fixup: 0.2 ms]
   [Code Root Purge: 0.0 ms]
   [Clear CT: 0.3 ms]
   [Other: 1.6 ms]
      [Choose CSet: 0.0 ms]
      [Ref Proc: 0.2 ms]
      [Ref Enq: 0.0 ms]
      [Redirty Cards: 0.1 ms]
      [Humongous Reclaim: 0.0 ms]
      [Free CSet: 0.8 ms]
   [Eden: 2216.0M(2216.0M)->0.0B(2212.0M) Survivors: 32.0M->36.0M Heap: 3626.4M(4500.0M)->1412.8M(4500.0M)]
Heap after GC invocations=33086 (full 0):
 garbage-first heap   total 4608000K, used 1446749K [0x00000006a6c00000, 0x00000006a7002328, 0x00000007c0000000)
  region size 4096K, 9 young (36864K), 9 survivors (36864K)
 Metaspace       used 124692K, capacity 128524K, committed 129664K, reserved 1165312K
  class space    used 13846K, capacity 14512K, committed 14720K, reserved 1048576K
}
 [Times: user=0.14 sys=0.00, real=0.02 secs] 
{Heap before GC invocations=33086 (full 0):
 garbage-first heap   total 4608000K, used 3711837K [0x00000006a6c00000, 0x00000006a7002328, 0x00000007c0000000)
  region size 4096K, 562 young (2301952K), 9 survivors (36864K)
 Metaspace       used 124692K, capacity 128524K, committed 129664K, reserved 1165312K
  class space    used 13846K, capacity 14512K, committed 14720K, reserved 1048576K
2019-04-29T02:25:17.203+0800: 1504326.422: [GC pause (G1 Evacuation Pause) (young)
Desired survivor size 148897792 bytes, new threshold 15 (max 15)
- age   1:   16827384 bytes,   16827384 total
- age   2:    2087336 bytes,   18914720 total
- age   3:     217672 bytes,   19132392 total
- age   4:     292752 bytes,   19425144 total
- age   5:     284680 bytes,   19709824 total
- age   6:     178728 bytes,   19888552 total
- age   7:     162328 bytes,   20050880 total
- age   8:     288448 bytes,   20339328 total
- age   9:     301136 bytes,   20640464 total
- age  10:     212488 bytes,   20852952 total
- age  11:     223104 bytes,   21076056 total
- age  12:     296464 bytes,   21372520 total
- age  13:     385376 bytes,   21757896 total
- age  14:     284744 bytes,   22042640 total
- age  15:     115056 bytes,   22157696 total
 1504326.422: [G1Ergonomics (CSet Construction) start choosing CSet, _pending_cards: 21670, predicted base time: 8.06 ms, remaining time: 51.94 ms, target pause time: 60.00 ms]
 1504326.422: [G1Ergonomics (CSet Construction) add young regions to CSet, eden: 553 regions, survivors: 9 regions, predicted young region time: 39.60 ms]
 1504326.422: [G1Ergonomics (CSet Construction) finish choosing CSet, eden: 553 regions, survivors: 9 regions, old: 0 regions, predicted pause time: 47.66 ms, target pause time: 60.00 ms]
, 0.0193842 secs]
   [Parallel Time: 17.1 ms, GC Workers: 8]
      [GC Worker Start (ms): Min: 1504326421.9, Avg: 1504326422.0, Max: 1504326422.0, Diff: 0.1]
      [Ext Root Scanning (ms): Min: 1.1, Avg: 1.3, Max: 2.1, Diff: 1.0, Sum: 10.6]
      [Update RS (ms): Min: 4.5, Avg: 5.3, Max: 5.6, Diff: 1.1, Sum: 42.1]
         [Processed Buffers: Min: 15, Avg: 23.2, Max: 34, Diff: 19, Sum: 186]
      [Scan RS (ms): Min: 0.0, Avg: 0.1, Max: 0.1, Diff: 0.1, Sum: 0.6]
      [Code Root Scanning (ms): Min: 0.0, Avg: 0.0, Max: 0.0, Diff: 0.0, Sum: 0.0]
      [Object Copy (ms): Min: 10.1, Avg: 10.3, Max: 10.3, Diff: 0.2, Sum: 82.0]
      [Termination (ms): Min: 0.0, Avg: 0.0, Max: 0.0, Diff: 0.0, Sum: 0.0]
      [GC Worker Other (ms): Min: 0.0, Avg: 0.0, Max: 0.1, Diff: 0.0, Sum: 0.3]
      [GC Worker Total (ms): Min: 16.9, Avg: 17.0, Max: 17.0, Diff: 0.1, Sum: 135.7]
      [GC Worker End (ms): Min: 1504326438.9, Avg: 1504326439.0, Max: 1504326439.0, Diff: 0.0]
   [Code Root Fixup: 0.2 ms]
   [Code Root Purge: 0.0 ms]
   [Clear CT: 0.3 ms]
   [Other: 1.8 ms]
      [Choose CSet: 0.0 ms]
      [Ref Proc: 0.2 ms]
      [Ref Enq: 0.0 ms]
      [Redirty Cards: 0.2 ms]
      [Humongous Reclaim: 0.0 ms]
      [Free CSet: 0.9 ms]
   [Eden: 2212.0M(2212.0M)->0.0B(2212.0M) Survivors: 36.0M->36.0M Heap: 3624.8M(4500.0M)->1413.0M(4500.0M)]
Heap after GC invocations=33087 (full 0):
 garbage-first heap   total 4608000K, used 1446960K [0x00000006a6c00000, 0x00000006a7002328, 0x00000007c0000000)
  region size 4096K, 9 young (36864K), 9 survivors (36864K)
 Metaspace       used 124692K, capacity 128524K, committed 129664K, reserved 1165312K
  class space    used 13846K, capacity 14512K, committed 14720K, reserved 1048576K
}
 [Times: user=0.12 sys=0.03, real=0.02 secs] 
{Heap before GC invocations=33087 (full 0):
 garbage-first heap   total 4608000K, used 3712048K [0x00000006a6c00000, 0x00000006a7002328, 0x00000007c0000000)
  region size 4096K, 562 young (2301952K), 9 survivors (36864K)
 Metaspace       used 124692K, capacity 128524K, committed 129664K, reserved 1165312K
  class space    used 13846K, capacity 14512K, committed 14720K, reserved 1048576K
2019-04-29T02:25:46.738+0800: 1504355.957: [GC pause (G1 Evacuation Pause) (young)
Desired survivor size 148897792 bytes, new threshold 15 (max 15)
- age   1:   16692864 bytes,   16692864 total
- age   2:    2091752 bytes,   18784616 total
- age   3:     577840 bytes,   19362456 total
- age   4:     216632 bytes,   19579088 total
- age   5:     262088 bytes,   19841176 total
- age   6:     253112 bytes,   20094288 total
- age   7:     178504 bytes,   20272792 total
- age   8:     162328 bytes,   20435120 total
- age   9:     288336 bytes,   20723456 total
- age  10:     289024 bytes,   21012480 total
- age  11:     209112 bytes,   21221592 total
- age  12:     221064 bytes,   21442656 total
- age  13:     296240 bytes,   21738896 total
- age  14:     385264 bytes,   22124160 total
- age  15:     284744 bytes,   22408904 total
 1504355.957: [G1Ergonomics (CSet Construction) start choosing CSet, _pending_cards: 22048, predicted base time: 8.14 ms, remaining time: 51.86 ms, target pause time: 60.00 ms]
 1504355.957: [G1Ergonomics (CSet Construction) add young regions to CSet, eden: 553 regions, survivors: 9 regions, predicted young region time: 43.56 ms]
 1504355.957: [G1Ergonomics (CSet Construction) finish choosing CSet, eden: 553 regions, survivors: 9 regions, old: 0 regions, predicted pause time: 51.70 ms, target pause time: 60.00 ms]
, 0.0185758 secs]
   [Parallel Time: 16.6 ms, GC Workers: 8]
      [GC Worker Start (ms): Min: 1504355956.9, Avg: 1504355956.9, Max: 1504355957.0, Diff: 0.1]
      [Ext Root Scanning (ms): Min: 1.0, Avg: 1.2, Max: 2.0, Diff: 1.0, Sum: 9.9]
      [Update RS (ms): Min: 4.6, Avg: 5.3, Max: 5.6, Diff: 1.0, Sum: 42.5]
         [Processed Buffers: Min: 11, Avg: 22.8, Max: 45, Diff: 34, Sum: 182]
      [Scan RS (ms): Min: 0.0, Avg: 0.1, Max: 0.1, Diff: 0.1, Sum: 0.6]
      [Code Root Scanning (ms): Min: 0.0, Avg: 0.0, Max: 0.0, Diff: 0.0, Sum: 0.0]
      [Object Copy (ms): Min: 9.6, Avg: 9.7, Max: 9.8, Diff: 0.1, Sum: 77.6]
      [Termination (ms): Min: 0.0, Avg: 0.0, Max: 0.0, Diff: 0.0, Sum: 0.0]
      [GC Worker Other (ms): Min: 0.0, Avg: 0.1, Max: 0.1, Diff: 0.1, Sum: 0.5]
      [GC Worker Total (ms): Min: 16.3, Avg: 16.4, Max: 16.5, Diff: 0.1, Sum: 131.2]
      [GC Worker End (ms): Min: 1504355973.3, Avg: 1504355973.3, Max: 1504355973.4, Diff: 0.1]
   [Code Root Fixup: 0.2 ms]
   [Code Root Purge: 0.0 ms]
   [Clear CT: 0.3 ms]
   [Other: 1.4 ms]
      [Choose CSet: 0.0 ms]
      [Ref Proc: 0.2 ms]
      [Ref Enq: 0.0 ms]
      [Redirty Cards: 0.1 ms]
      [Humongous Reclaim: 0.0 ms]
      [Free CSet: 0.6 ms]
   [Eden: 2212.0M(2212.0M)->0.0B(2212.0M) Survivors: 36.0M->36.0M Heap: 3625.0M(4500.0M)->1413.4M(4500.0M)]
Heap after GC invocations=33088 (full 0):
 garbage-first heap   total 4608000K, used 1447297K [0x00000006a6c00000, 0x00000006a7002328, 0x00000007c0000000)
  region size 4096K, 9 young (36864K), 9 survivors (36864K)
 Metaspace       used 124692K, capacity 128524K, committed 129664K, reserved 1165312K
  class space    used 13846K, capacity 14512K, committed 14720K, reserved 1048576K
}
 [Times: user=0.11 sys=0.02, real=0.02 secs] 
{Heap before GC invocations=33088 (full 0):
 garbage-first heap   total 4608000K, used 3712385K [0x00000006a6c00000, 0x00000006a7002328, 0x00000007c0000000)
  region size 4096K, 562 young (2301952K), 9 survivors (36864K)
 Metaspace       used 124692K, capacity 128524K, committed 129664K, reserved 1165312K
  class space    used 13846K, capacity 14512K, committed 14720K, reserved 1048576K
2019-04-29T02:26:17.515+0800: 1504386.733: [GC pause (G1 Evacuation Pause) (young)
Desired survivor size 148897792 bytes, new threshold 15 (max 15)
- age   1:   15809672 bytes,   15809672 total
- age   2:    1896392 bytes,   17706064 total
- age   3:     690720 bytes,   18396784 total
- age   4:     166768 bytes,   18563552 total
- age   5:     215712 bytes,   18779264 total
- age   6:     261192 bytes,   19040456 total
- age   7:     252528 bytes,   19292984 total
- age   8:     177704 bytes,   19470688 total
- age   9:     161992 bytes,   19632680 total
- age  10:     288336 bytes,   19921016 total
- age  11:     288912 bytes,   20209928 total
- age  12:     208888 bytes,   20418816 total
- age  13:     220952 bytes,   20639768 total
- age  14:     296240 bytes,   20936008 total
- age  15:     385152 bytes,   21321160 total
 1504386.734: [G1Ergonomics (CSet Construction) start choosing CSet, _pending_cards: 22038, predicted base time: 8.11 ms, remaining time: 51.89 ms, target pause time: 60.00 ms]
 1504386.734: [G1Ergonomics (CSet Construction) add young regions to CSet, eden: 553 regions, survivors: 9 regions, predicted young region time: 40.65 ms]
 1504386.734: [G1Ergonomics (CSet Construction) finish choosing CSet, eden: 553 regions, survivors: 9 regions, old: 0 regions, predicted pause time: 48.76 ms, target pause time: 60.00 ms]
, 0.0180703 secs]
   [Parallel Time: 16.2 ms, GC Workers: 8]
      [GC Worker Start (ms): Min: 1504386733.7, Avg: 1504386733.7, Max: 1504386733.8, Diff: 0.1]
      [Ext Root Scanning (ms): Min: 1.0, Avg: 1.2, Max: 1.9, Diff: 0.9, Sum: 9.9]
      [Update RS (ms): Min: 4.8, Avg: 5.4, Max: 5.7, Diff: 1.0, Sum: 43.5]
         [Processed Buffers: Min: 13, Avg: 22.4, Max: 34, Diff: 21, Sum: 179]
      [Scan RS (ms): Min: 0.0, Avg: 0.1, Max: 0.1, Diff: 0.1, Sum: 0.6]
      [Code Root Scanning (ms): Min: 0.0, Avg: 0.0, Max: 0.0, Diff: 0.0, Sum: 0.0]
      [Object Copy (ms): Min: 9.1, Avg: 9.3, Max: 9.4, Diff: 0.2, Sum: 74.1]
      [Termination (ms): Min: 0.0, Avg: 0.0, Max: 0.0, Diff: 0.0, Sum: 0.0]
      [GC Worker Other (ms): Min: 0.0, Avg: 0.0, Max: 0.1, Diff: 0.1, Sum: 0.4]
      [GC Worker Total (ms): Min: 16.0, Avg: 16.1, Max: 16.1, Diff: 0.1, Sum: 128.6]
      [GC Worker End (ms): Min: 1504386749.8, Avg: 1504386749.8, Max: 1504386749.8, Diff: 0.1]
   [Code Root Fixup: 0.2 ms]
   [Code Root Purge: 0.0 ms]
   [Clear CT: 0.3 ms]
   [Other: 1.4 ms]
      [Choose CSet: 0.0 ms]
      [Ref Proc: 0.2 ms]
      [Ref Enq: 0.0 ms]
      [Redirty Cards: 0.1 ms]
      [Humongous Reclaim: 0.0 ms]
      [Free CSet: 0.6 ms]
   [Eden: 2212.0M(2212.0M)->0.0B(2212.0M) Survivors: 36.0M->36.0M Heap: 3625.4M(4500.0M)->1413.5M(4500.0M)]
Heap after GC invocations=33089 (full 0):
 garbage-first heap   total 4608000K, used 1447423K [0x00000006a6c00000, 0x00000006a7002328, 0x00000007c0000000)
  region size 4096K, 9 young (36864K), 9 survivors (36864K)
 Metaspace       used 124692K, capacity 128524K, committed 129664K, reserved 1165312K
  class space    used 13846K, capacity 14512K, committed 14720K, reserved 1048576K
}
 [Times: user=0.11 sys=0.03, real=0.02 secs] 
{Heap before GC invocations=33089 (full 0):
 garbage-first heap   total 4608000K, used 3712511K [0x00000006a6c00000, 0x00000006a7002328, 0x00000007c0000000)
  region size 4096K, 562 young (2301952K), 9 survivors (36864K)
 Metaspace       used 124692K, capacity 128524K, committed 129664K, reserved 1165312K
  class space    used 13846K, capacity 14512K, committed 14720K, reserved 1048576K
2019-04-29T02:26:46.913+0800: 1504416.132: [GC pause (G1 Evacuation Pause) (young)
Desired survivor size 148897792 bytes, new threshold 15 (max 15)
- age   1:   14750008 bytes,   14750008 total
- age   2:    2306288 bytes,   17056296 total
- age   3:     367448 bytes,   17423744 total
- age   4:     273840 bytes,   17697584 total
- age   5:     166352 bytes,   17863936 total
- age   6:     215416 bytes,   18079352 total
- age   7:     261160 bytes,   18340512 total
- age   8:     252160 bytes,   18592672 total
- age   9:     177704 bytes,   18770376 total
- age  10:     161992 bytes,   18932368 total
- age  11:     288336 bytes,   19220704 total
- age  12:     288688 bytes,   19509392 total
- age  13:     208776 bytes,   19718168 total
- age  14:     219944 bytes,   19938112 total
- age  15:     296016 bytes,   20234128 total
 1504416.132: [G1Ergonomics (CSet Construction) start choosing CSet, _pending_cards: 22559, predicted base time: 8.21 ms, remaining time: 51.79 ms, target pause time: 60.00 ms]
 1504416.132: [G1Ergonomics (CSet Construction) add young regions to CSet, eden: 553 regions, survivors: 9 regions, predicted young region time: 36.64 ms]
 1504416.132: [G1Ergonomics (CSet Construction) finish choosing CSet, eden: 553 regions, survivors: 9 regions, old: 0 regions, predicted pause time: 44.85 ms, target pause time: 60.00 ms]
, 0.0187078 secs]
   [Parallel Time: 16.8 ms, GC Workers: 8]
      [GC Worker Start (ms): Min: 1504416132.3, Avg: 1504416132.3, Max: 1504416132.4, Diff: 0.1]
      [Ext Root Scanning (ms): Min: 1.0, Avg: 1.3, Max: 2.0, Diff: 1.0, Sum: 10.1]
      [Update RS (ms): Min: 4.8, Avg: 5.4, Max: 5.6, Diff: 0.9, Sum: 43.2]
         [Processed Buffers: Min: 14, Avg: 22.1, Max: 37, Diff: 23, Sum: 177]
      [Scan RS (ms): Min: 0.0, Avg: 0.1, Max: 0.1, Diff: 0.1, Sum: 0.6]
      [Code Root Scanning (ms): Min: 0.0, Avg: 0.0, Max: 0.0, Diff: 0.0, Sum: 0.0]
      [Object Copy (ms): Min: 9.8, Avg: 9.9, Max: 9.9, Diff: 0.2, Sum: 79.1]
      [Termination (ms): Min: 0.0, Avg: 0.0, Max: 0.0, Diff: 0.0, Sum: 0.0]
      [GC Worker Other (ms): Min: 0.0, Avg: 0.0, Max: 0.1, Diff: 0.0, Sum: 0.3]
      [GC Worker Total (ms): Min: 16.6, Avg: 16.7, Max: 16.7, Diff: 0.1, Sum: 133.5]
      [GC Worker End (ms): Min: 1504416149.0, Avg: 1504416149.0, Max: 1504416149.0, Diff: 0.0]
   [Code Root Fixup: 0.2 ms]
   [Code Root Purge: 0.0 ms]
   [Clear CT: 0.2 ms]
   [Other: 1.4 ms]
      [Choose CSet: 0.0 ms]
      [Ref Proc: 0.2 ms]
      [Ref Enq: 0.0 ms]
      [Redirty Cards: 0.1 ms]
      [Humongous Reclaim: 0.0 ms]
      [Free CSet: 0.6 ms]
   [Eden: 2212.0M(2212.0M)->0.0B(2212.0M) Survivors: 36.0M->36.0M Heap: 3625.5M(4500.0M)->1414.3M(4500.0M)]
Heap after GC invocations=33090 (full 0):
 garbage-first heap   total 4608000K, used 1448281K [0x00000006a6c00000, 0x00000006a7002328, 0x00000007c0000000)
  region size 4096K, 9 young (36864K), 9 survivors (36864K)
 Metaspace       used 124692K, capacity 128524K, committed 129664K, reserved 1165312K
  class space    used 13846K, capacity 14512K, committed 14720K, reserved 1048576K
}
 [Times: user=0.12 sys=0.02, real=0.02 secs] 
{Heap before GC invocations=33090 (full 0):
 garbage-first heap   total 4608000K, used 3713369K [0x00000006a6c00000, 0x00000006a7002328, 0x00000007c0000000)
  region size 4096K, 562 young (2301952K), 9 survivors (36864K)
 Metaspace       used 124692K, capacity 128524K, committed 129664K, reserved 1165312K
  class space    used 13846K, capacity 14512K, committed 14720K, reserved 1048576K
2019-04-29T02:27:15.821+0800: 1504445.040: [GC pause (G1 Evacuation Pause) (young)
Desired survivor size 148897792 bytes, new threshold 15 (max 15)
- age   1:   16285760 bytes,   16285760 total
- age   2:    2117456 bytes,   18403216 total
- age   3:     414712 bytes,   18817928 total
- age   4:     366632 bytes,   19184560 total
- age   5:     273424 bytes,   19457984 total
- age   6:     164856 bytes,   19622840 total
- age   7:     215384 bytes,   19838224 total
- age   8:     260824 bytes,   20099048 total
- age   9:     251824 bytes,   20350872 total
- age  10:     177528 bytes,   20528400 total
- age  11:     161992 bytes,   20690392 total
- age  12:     288336 bytes,   20978728 total
- age  13:     288352 bytes,   21267080 total
- age  14:     208776 bytes,   21475856 total
- age  15:     219944 bytes,   21695800 total
 1504445.040: [G1Ergonomics (CSet Construction) start choosing CSet, _pending_cards: 22280, predicted base time: 8.07 ms, remaining time: 51.93 ms, target pause time: 60.00 ms]
 1504445.040: [G1Ergonomics (CSet Construction) add young regions to CSet, eden: 553 regions, survivors: 9 regions, predicted young region time: 35.18 ms]
 1504445.040: [G1Ergonomics (CSet Construction) finish choosing CSet, eden: 553 regions, survivors: 9 regions, old: 0 regions, predicted pause time: 43.25 ms, target pause time: 60.00 ms]
, 0.0184558 secs]
   [Parallel Time: 16.5 ms, GC Workers: 8]
      [GC Worker Start (ms): Min: 1504445040.3, Avg: 1504445040.4, Max: 1504445040.4, Diff: 0.1]
      [Ext Root Scanning (ms): Min: 1.1, Avg: 1.6, Max: 4.3, Diff: 3.3, Sum: 12.6]
      [Update RS (ms): Min: 2.8, Avg: 5.4, Max: 6.0, Diff: 3.2, Sum: 43.0]
         [Processed Buffers: Min: 11, Avg: 22.8, Max: 41, Diff: 30, Sum: 182]
      [Scan RS (ms): Min: 0.0, Avg: 0.1, Max: 0.2, Diff: 0.2, Sum: 0.6]
      [Code Root Scanning (ms): Min: 0.0, Avg: 0.0, Max: 0.0, Diff: 0.0, Sum: 0.0]
      [Object Copy (ms): Min: 9.2, Avg: 9.3, Max: 9.4, Diff: 0.2, Sum: 74.6]
      [Termination (ms): Min: 0.0, Avg: 0.0, Max: 0.0, Diff: 0.0, Sum: 0.0]
      [GC Worker Other (ms): Min: 0.0, Avg: 0.0, Max: 0.1, Diff: 0.0, Sum: 0.3]
      [GC Worker Total (ms): Min: 16.4, Avg: 16.4, Max: 16.4, Diff: 0.1, Sum: 131.2]
      [GC Worker End (ms): Min: 1504445056.7, Avg: 1504445056.8, Max: 1504445056.8, Diff: 0.0]
   [Code Root Fixup: 0.2 ms]
   [Code Root Purge: 0.0 ms]
   [Clear CT: 0.3 ms]
   [Other: 1.4 ms]
      [Choose CSet: 0.0 ms]
      [Ref Proc: 0.2 ms]
      [Ref Enq: 0.0 ms]
      [Redirty Cards: 0.1 ms]
      [Humongous Reclaim: 0.0 ms]
      [Free CSet: 0.6 ms]
   [Eden: 2212.0M(2212.0M)->0.0B(2212.0M) Survivors: 36.0M->36.0M Heap: 3626.3M(4500.0M)->1414.7M(4500.0M)]
Heap after GC invocations=33091 (full 0):
 garbage-first heap   total 4608000K, used 1448700K [0x00000006a6c00000, 0x00000006a7002328, 0x00000007c0000000)
  region size 4096K, 9 young (36864K), 9 survivors (36864K)
 Metaspace       used 124692K, capacity 128524K, committed 129664K, reserved 1165312K
  class space    used 13846K, capacity 14512K, committed 14720K, reserved 1048576K
}
 [Times: user=0.10 sys=0.02, real=0.02 secs] 
{Heap before GC invocations=33091 (full 0):
 garbage-first heap   total 4608000K, used 3713788K [0x00000006a6c00000, 0x00000006a7002328, 0x00000007c0000000)
  region size 4096K, 562 young (2301952K), 9 survivors (36864K)
 Metaspace       used 124692K, capacity 128524K, committed 129664K, reserved 1165312K
  class space    used 13846K, capacity 14512K, committed 14720K, reserved 1048576K
2019-04-29T02:27:46.069+0800: 1504475.287: [GC pause (G1 Evacuation Pause) (young)
Desired survivor size 148897792 bytes, new threshold 15 (max 15)
- age   1:   15150912 bytes,   15150912 total
- age   2:    2080744 bytes,   17231656 total
- age   3:     315568 bytes,   17547224 total
- age   4:     345664 bytes,   17892888 total
- age   5:     360232 bytes,   18253120 total
- age   6:     272560 bytes,   18525680 total
- age   7:     164856 bytes,   18690536 total
- age   8:     215384 bytes,   18905920 total
- age   9:     260824 bytes,   19166744 total
- age  10:     251824 bytes,   19418568 total
- age  11:     177528 bytes,   19596096 total
- age  12:     161992 bytes,   19758088 total
- age  13:     288336 bytes,   20046424 total
- age  14:     288352 bytes,   20334776 total
- age  15:     208776 bytes,   20543552 total
 1504475.287: [G1Ergonomics (CSet Construction) start choosing CSet, _pending_cards: 22275, predicted base time: 8.14 ms, remaining time: 51.86 ms, target pause time: 60.00 ms]
 1504475.287: [G1Ergonomics (CSet Construction) add young regions to CSet, eden: 553 regions, survivors: 9 regions, predicted young region time: 32.97 ms]
 1504475.287: [G1Ergonomics (CSet Construction) finish choosing CSet, eden: 553 regions, survivors: 9 regions, old: 0 regions, predicted pause time: 41.11 ms, target pause time: 60.00 ms]
, 0.0196413 secs]
   [Parallel Time: 17.7 ms, GC Workers: 8]
      [GC Worker Start (ms): Min: 1504475287.6, Avg: 1504475287.7, Max: 1504475287.7, Diff: 0.1]
      [Ext Root Scanning (ms): Min: 1.0, Avg: 1.3, Max: 2.2, Diff: 1.1, Sum: 10.3]
      [Update RS (ms): Min: 4.6, Avg: 5.4, Max: 5.7, Diff: 1.1, Sum: 43.1]
         [Processed Buffers: Min: 14, Avg: 21.9, Max: 45, Diff: 31, Sum: 175]
      [Scan RS (ms): Min: 0.0, Avg: 0.1, Max: 0.1, Diff: 0.1, Sum: 0.6]
      [Code Root Scanning (ms): Min: 0.0, Avg: 0.0, Max: 0.0, Diff: 0.0, Sum: 0.0]
      [Object Copy (ms): Min: 10.7, Avg: 10.8, Max: 10.8, Diff: 0.1, Sum: 86.3]
      [Termination (ms): Min: 0.0, Avg: 0.0, Max: 0.0, Diff: 0.0, Sum: 0.0]
      [GC Worker Other (ms): Min: 0.0, Avg: 0.0, Max: 0.1, Diff: 0.0, Sum: 0.3]
      [GC Worker Total (ms): Min: 17.6, Avg: 17.6, Max: 17.6, Diff: 0.1, Sum: 140.8]
      [GC Worker End (ms): Min: 1504475305.2, Avg: 1504475305.3, Max: 1504475305.3, Diff: 0.1]
   [Code Root Fixup: 0.2 ms]
   [Code Root Purge: 0.0 ms]
   [Clear CT: 0.3 ms]
   [Other: 1.5 ms]
      [Choose CSet: 0.0 ms]
      [Ref Proc: 0.2 ms]
      [Ref Enq: 0.0 ms]
      [Redirty Cards: 0.1 ms]
      [Humongous Reclaim: 0.0 ms]
      [Free CSet: 0.6 ms]
   [Eden: 2212.0M(2212.0M)->0.0B(2212.0M) Survivors: 36.0M->36.0M Heap: 3626.7M(4500.0M)->1416.1M(4500.0M)]
Heap after GC invocations=33092 (full 0):
 garbage-first heap   total 4608000K, used 1450103K [0x00000006a6c00000, 0x00000006a7002328, 0x00000007c0000000)
  region size 4096K, 9 young (36864K), 9 survivors (36864K)
 Metaspace       used 124692K, capacity 128524K, committed 129664K, reserved 1165312K
  class space    used 13846K, capacity 14512K, committed 14720K, reserved 1048576K
}
 [Times: user=0.12 sys=0.02, real=0.02 secs] 
{Heap before GC invocations=33092 (full 0):
 garbage-first heap   total 4608000K, used 3715191K [0x00000006a6c00000, 0x00000006a7002328, 0x00000007c0000000)
  region size 4096K, 562 young (2301952K), 9 survivors (36864K)
 Metaspace       used 124692K, capacity 128524K, committed 129664K, reserved 1165312K
  class space    used 13846K, capacity 14512K, committed 14720K, reserved 1048576K
2019-04-29T02:28:17.061+0800: 1504506.280: [GC pause (G1 Evacuation Pause) (young)
Desired survivor size 148897792 bytes, new threshold 15 (max 15)
- age   1:   17110616 bytes,   17110616 total
- age   2:    2292464 bytes,   19403080 total
- age   3:     316408 bytes,   19719488 total
- age   4:     212464 bytes,   19931952 total
- age   5:     328856 bytes,   20260808 total
- age   6:     358792 bytes,   20619600 total
- age   7:     271808 bytes,   20891408 total
- age   8:     164496 bytes,   21055904 total
- age   9:     215384 bytes,   21271288 total
- age  10:     260824 bytes,   21532112 total
- age  11:     251824 bytes,   21783936 total
- age  12:     177528 bytes,   21961464 total
- age  13:     161656 bytes,   22123120 total
- age  14:     288336 bytes,   22411456 total
- age  15:     288240 bytes,   22699696 total
 1504506.280: [G1Ergonomics (CSet Construction) start choosing CSet, _pending_cards: 22435, predicted base time: 8.13 ms, remaining time: 51.87 ms, target pause time: 60.00 ms]
 1504506.280: [G1Ergonomics (CSet Construction) add young regions to CSet, eden: 553 regions, survivors: 9 regions, predicted young region time: 27.29 ms]
 1504506.280: [G1Ergonomics (CSet Construction) finish choosing CSet, eden: 553 regions, survivors: 9 regions, old: 0 regions, predicted pause time: 35.42 ms, target pause time: 60.00 ms]
, 0.0193830 secs]
   [Parallel Time: 17.3 ms, GC Workers: 8]
      [GC Worker Start (ms): Min: 1504506280.1, Avg: 1504506280.1, Max: 1504506280.1, Diff: 0.1]
      [Ext Root Scanning (ms): Min: 1.2, Avg: 1.4, Max: 2.2, Diff: 1.0, Sum: 11.2]
      [Update RS (ms): Min: 4.8, Avg: 5.6, Max: 5.8, Diff: 1.1, Sum: 44.5]
         [Processed Buffers: Min: 13, Avg: 22.5, Max: 46, Diff: 33, Sum: 180]
      [Scan RS (ms): Min: 0.0, Avg: 0.1, Max: 0.2, Diff: 0.2, Sum: 0.6]
      [Code Root Scanning (ms): Min: 0.0, Avg: 0.0, Max: 0.0, Diff: 0.0, Sum: 0.0]
      [Object Copy (ms): Min: 10.0, Avg: 10.1, Max: 10.2, Diff: 0.2, Sum: 81.0]
      [Termination (ms): Min: 0.0, Avg: 0.0, Max: 0.0, Diff: 0.0, Sum: 0.0]
      [GC Worker Other (ms): Min: 0.0, Avg: 0.0, Max: 0.1, Diff: 0.1, Sum: 0.4]
      [GC Worker Total (ms): Min: 17.2, Avg: 17.2, Max: 17.3, Diff: 0.1, Sum: 137.8]
      [GC Worker End (ms): Min: 1504506297.3, Avg: 1504506297.3, Max: 1504506297.4, Diff: 0.1]
   [Code Root Fixup: 0.3 ms]
   [Code Root Purge: 0.0 ms]
   [Clear CT: 0.3 ms]
   [Other: 1.5 ms]
      [Choose CSet: 0.0 ms]
      [Ref Proc: 0.2 ms]
      [Ref Enq: 0.0 ms]
      [Redirty Cards: 0.1 ms]
      [Humongous Reclaim: 0.0 ms]
      [Free CSet: 0.7 ms]
   [Eden: 2212.0M(2212.0M)->0.0B(2212.0M) Survivors: 36.0M->36.0M Heap: 3628.1M(4500.0M)->1415.4M(4500.0M)]
Heap after GC invocations=33093 (full 0):
 garbage-first heap   total 4608000K, used 1449377K [0x00000006a6c00000, 0x00000006a7002328, 0x00000007c0000000)
  region size 4096K, 9 young (36864K), 9 survivors (36864K)
 Metaspace       used 124692K, capacity 128524K, committed 129664K, reserved 1165312K
  class space    used 13846K, capacity 14512K, committed 14720K, reserved 1048576K
}
 [Times: user=0.12 sys=0.03, real=0.02 secs] 
{Heap before GC invocations=33093 (full 0):
 garbage-first heap   total 4608000K, used 3714465K [0x00000006a6c00000, 0x00000006a7002328, 0x00000007c0000000)
  region size 4096K, 562 young (2301952K), 9 survivors (36864K)
 Metaspace       used 124692K, capacity 128524K, committed 129664K, reserved 1165312K
  class space    used 13846K, capacity 14512K, committed 14720K, reserved 1048576K
2019-04-29T02:28:45.996+0800: 1504535.214: [GC pause (G1 Evacuation Pause) (young)
Desired survivor size 148897792 bytes, new threshold 15 (max 15)
- age   1:   16296112 bytes,   16296112 total
- age   2:    2118360 bytes,   18414472 total
- age   3:     311880 bytes,   18726352 total
- age   4:     281360 bytes,   19007712 total
- age   5:     205640 bytes,   19213352 total
- age   6:     327192 bytes,   19540544 total
- age   7:     358568 bytes,   19899112 total
- age   8:     271776 bytes,   20170888 total
- age   9:     164496 bytes,   20335384 total
- age  10:     215384 bytes,   20550768 total
- age  11:     260824 bytes,   20811592 total
- age  12:     251824 bytes,   21063416 total
- age  13:     177528 bytes,   21240944 total
- age  14:     161544 bytes,   21402488 total
- age  15:     288336 bytes,   21690824 total
 1504535.215: [G1Ergonomics (CSet Construction) start choosing CSet, _pending_cards: 22100, predicted base time: 8.12 ms, remaining time: 51.88 ms, target pause time: 60.00 ms]
 1504535.215: [G1Ergonomics (CSet Construction) add young regions to CSet, eden: 553 regions, survivors: 9 regions, predicted young region time: 24.31 ms]
 1504535.215: [G1Ergonomics (CSet Construction) finish choosing CSet, eden: 553 regions, survivors: 9 regions, old: 0 regions, predicted pause time: 32.43 ms, target pause time: 60.00 ms]
, 0.0194914 secs]
   [Parallel Time: 17.2 ms, GC Workers: 8]
      [GC Worker Start (ms): Min: 1504535214.8, Avg: 1504535214.8, Max: 1504535214.9, Diff: 0.1]
      [Ext Root Scanning (ms): Min: 1.1, Avg: 1.4, Max: 2.2, Diff: 1.0, Sum: 11.2]
      [Update RS (ms): Min: 5.0, Avg: 5.6, Max: 6.0, Diff: 1.0, Sum: 45.0]
         [Processed Buffers: Min: 16, Avg: 22.2, Max: 28, Diff: 12, Sum: 178]
      [Scan RS (ms): Min: 0.0, Avg: 0.1, Max: 0.1, Diff: 0.1, Sum: 0.6]
      [Code Root Scanning (ms): Min: 0.0, Avg: 0.0, Max: 0.0, Diff: 0.0, Sum: 0.0]
      [Object Copy (ms): Min: 9.8, Avg: 9.9, Max: 10.1, Diff: 0.3, Sum: 79.5]
      [Termination (ms): Min: 0.0, Avg: 0.0, Max: 0.0, Diff: 0.0, Sum: 0.0]
      [GC Worker Other (ms): Min: 0.0, Avg: 0.0, Max: 0.1, Diff: 0.1, Sum: 0.3]
      [GC Worker Total (ms): Min: 17.0, Avg: 17.1, Max: 17.1, Diff: 0.1, Sum: 136.6]
      [GC Worker End (ms): Min: 1504535231.9, Avg: 1504535231.9, Max: 1504535231.9, Diff: 0.0]
   [Code Root Fixup: 0.2 ms]
   [Code Root Purge: 0.0 ms]
   [Clear CT: 0.3 ms]
   [Other: 1.7 ms]
      [Choose CSet: 0.0 ms]
      [Ref Proc: 0.2 ms]
      [Ref Enq: 0.0 ms]
      [Redirty Cards: 0.1 ms]
      [Humongous Reclaim: 0.0 ms]
      [Free CSet: 0.9 ms]
   [Eden: 2212.0M(2212.0M)->0.0B(2212.0M) Survivors: 36.0M->36.0M Heap: 3627.4M(4500.0M)->1415.9M(4500.0M)]
Heap after GC invocations=33094 (full 0):
 garbage-first heap   total 4608000K, used 1449852K [0x00000006a6c00000, 0x00000006a7002328, 0x00000007c0000000)
  region size 4096K, 9 young (36864K), 9 survivors (36864K)
 Metaspace       used 124692K, capacity 128524K, committed 129664K, reserved 1165312K
  class space    used 13846K, capacity 14512K, committed 14720K, reserved 1048576K
}
 [Times: user=0.10 sys=0.04, real=0.02 secs] 
{Heap before GC invocations=33094 (full 0):
 garbage-first heap   total 4608000K, used 3714940K [0x00000006a6c00000, 0x00000006a7002328, 0x00000007c0000000)
  region size 4096K, 562 young (2301952K), 9 survivors (36864K)
 Metaspace       used 124692K, capacity 128524K, committed 129664K, reserved 1165312K
  class space    used 13846K, capacity 14512K, committed 14720K, reserved 1048576K
2019-04-29T02:29:15.063+0800: 1504564.282: [GC pause (G1 Evacuation Pause) (young)
Desired survivor size 148897792 bytes, new threshold 15 (max 15)
- age   1:   16060312 bytes,   16060312 total
- age   2:    2332568 bytes,   18392880 total
- age   3:     229880 bytes,   18622760 total
- age   4:     310648 bytes,   18933408 total
- age   5:     280120 bytes,   19213528 total
- age   6:     205208 bytes,   19418736 total
- age   7:     304088 bytes,   19722824 total
- age   8:     357896 bytes,   20080720 total
- age   9:     271776 bytes,   20352496 total
- age  10:     164496 bytes,   20516992 total
- age  11:     215384 bytes,   20732376 total
- age  12:     260824 bytes,   20993200 total
- age  13:     251824 bytes,   21245024 total
- age  14:     177528 bytes,   21422552 total
- age  15:     161544 bytes,   21584096 total
 1504564.282: [G1Ergonomics (CSet Construction) start choosing CSet, _pending_cards: 22533, predicted base time: 8.35 ms, remaining time: 51.65 ms, target pause time: 60.00 ms]
 1504564.282: [G1Ergonomics (CSet Construction) add young regions to CSet, eden: 553 regions, survivors: 9 regions, predicted young region time: 23.09 ms]
 1504564.282: [G1Ergonomics (CSet Construction) finish choosing CSet, eden: 553 regions, survivors: 9 regions, old: 0 regions, predicted pause time: 31.43 ms, target pause time: 60.00 ms]
, 0.0197872 secs]
   [Parallel Time: 17.8 ms, GC Workers: 8]
      [GC Worker Start (ms): Min: 1504564281.9, Avg: 1504564282.0, Max: 1504564282.0, Diff: 0.1]
      [Ext Root Scanning (ms): Min: 1.1, Avg: 1.4, Max: 2.2, Diff: 1.0, Sum: 11.0]
      [Update RS (ms): Min: 4.7, Avg: 5.5, Max: 5.8, Diff: 1.1, Sum: 43.9]
         [Processed Buffers: Min: 14, Avg: 22.0, Max: 32, Diff: 18, Sum: 176]
      [Scan RS (ms): Min: 0.0, Avg: 0.1, Max: 0.2, Diff: 0.2, Sum: 0.6]
      [Code Root Scanning (ms): Min: 0.0, Avg: 0.0, Max: 0.0, Diff: 0.0, Sum: 0.0]
      [Object Copy (ms): Min: 10.7, Avg: 10.7, Max: 10.8, Diff: 0.1, Sum: 85.9]
      [Termination (ms): Min: 0.0, Avg: 0.0, Max: 0.0, Diff: 0.0, Sum: 0.0]
      [GC Worker Other (ms): Min: 0.0, Avg: 0.0, Max: 0.1, Diff: 0.0, Sum: 0.3]
      [GC Worker Total (ms): Min: 17.7, Avg: 17.7, Max: 17.8, Diff: 0.1, Sum: 141.8]
      [GC Worker End (ms): Min: 1504564299.7, Avg: 1504564299.7, Max: 1504564299.7, Diff: 0.1]
   [Code Root Fixup: 0.3 ms]
   [Code Root Purge: 0.0 ms]
   [Clear CT: 0.2 ms]
   [Other: 1.4 ms]
      [Choose CSet: 0.0 ms]
      [Ref Proc: 0.2 ms]
      [Ref Enq: 0.0 ms]
      [Redirty Cards: 0.1 ms]
      [Humongous Reclaim: 0.0 ms]
      [Free CSet: 0.6 ms]
   [Eden: 2212.0M(2212.0M)->0.0B(2212.0M) Survivors: 36.0M->36.0M Heap: 3627.9M(4500.0M)->1416.2M(4500.0M)]
Heap after GC invocations=33095 (full 0):
 garbage-first heap   total 4608000K, used 1450147K [0x00000006a6c00000, 0x00000006a7002328, 0x00000007c0000000)
  region size 4096K, 9 young (36864K), 9 survivors (36864K)
 Metaspace       used 124692K, capacity 128524K, committed 129664K, reserved 1165312K
  class space    used 13846K, capacity 14512K, committed 14720K, reserved 1048576K
}
 [Times: user=0.12 sys=0.02, real=0.02 secs] 
{Heap before GC invocations=33095 (full 0):
 garbage-first heap   total 4608000K, used 3724119K [0x00000006a6c00000, 0x00000006a7002328, 0x00000007c0000000)
  region size 4096K, 562 young (2301952K), 9 survivors (36864K)
 Metaspace       used 124692K, capacity 128524K, committed 129664K, reserved 1165312K
  class space    used 13846K, capacity 14512K, committed 14720K, reserved 1048576K
2019-04-29T02:29:44.406+0800: 1504593.625: [GC pause (G1 Evacuation Pause) (young)
Desired survivor size 148897792 bytes, new threshold 15 (max 15)
- age   1:   16745112 bytes,   16745112 total
- age   2:    2196312 bytes,   18941424 total
- age   3:     560088 bytes,   19501512 total
- age   4:     228248 bytes,   19729760 total
- age   5:     309496 bytes,   20039256 total
- age   6:     278688 bytes,   20317944 total
- age   7:     205208 bytes,   20523152 total
- age   8:     303864 bytes,   20827016 total
- age   9:     357896 bytes,   21184912 total
- age  10:     271776 bytes,   21456688 total
- age  11:     164496 bytes,   21621184 total
- age  12:     215384 bytes,   21836568 total
- age  13:     260824 bytes,   22097392 total
- age  14:     251824 bytes,   22349216 total
- age  15:     177528 bytes,   22526744 total
 1504593.625: [G1Ergonomics (CSet Construction) start choosing CSet, _pending_cards: 39714, predicted base time: 12.55 ms, remaining time: 47.45 ms, target pause time: 60.00 ms]
 1504593.625: [G1Ergonomics (CSet Construction) add young regions to CSet, eden: 553 regions, survivors: 9 regions, predicted young region time: 41.63 ms]
 1504593.625: [G1Ergonomics (CSet Construction) finish choosing CSet, eden: 553 regions, survivors: 9 regions, old: 0 regions, predicted pause time: 54.18 ms, target pause time: 60.00 ms]
, 0.0193881 secs]
   [Parallel Time: 17.4 ms, GC Workers: 8]
      [GC Worker Start (ms): Min: 1504593625.2, Avg: 1504593625.2, Max: 1504593625.3, Diff: 0.1]
      [Ext Root Scanning (ms): Min: 1.1, Avg: 1.3, Max: 2.1, Diff: 1.1, Sum: 10.6]
      [Update RS (ms): Min: 5.6, Avg: 6.3, Max: 6.7, Diff: 1.1, Sum: 50.8]
         [Processed Buffers: Min: 22, Avg: 31.6, Max: 39, Diff: 17, Sum: 253]
      [Scan RS (ms): Min: 0.0, Avg: 0.1, Max: 0.1, Diff: 0.1, Sum: 0.7]
      [Code Root Scanning (ms): Min: 0.0, Avg: 0.0, Max: 0.0, Diff: 0.0, Sum: 0.0]
      [Object Copy (ms): Min: 9.4, Avg: 9.5, Max: 9.6, Diff: 0.1, Sum: 75.9]
      [Termination (ms): Min: 0.0, Avg: 0.0, Max: 0.0, Diff: 0.0, Sum: 0.0]
      [GC Worker Other (ms): Min: 0.0, Avg: 0.0, Max: 0.1, Diff: 0.1, Sum: 0.4]
      [GC Worker Total (ms): Min: 17.2, Avg: 17.3, Max: 17.3, Diff: 0.1, Sum: 138.3]
      [GC Worker End (ms): Min: 1504593642.5, Avg: 1504593642.5, Max: 1504593642.5, Diff: 0.1]
   [Code Root Fixup: 0.2 ms]
   [Code Root Purge: 0.0 ms]
   [Clear CT: 0.2 ms]
   [Other: 1.5 ms]
      [Choose CSet: 0.0 ms]
      [Ref Proc: 0.2 ms]
      [Ref Enq: 0.0 ms]
      [Redirty Cards: 0.1 ms]
      [Humongous Reclaim: 0.0 ms]
      [Free CSet: 0.6 ms]
   [Eden: 2212.0M(2212.0M)->0.0B(2212.0M) Survivors: 36.0M->36.0M Heap: 3636.8M(4500.0M)->1416.3M(4500.0M)]
Heap after GC invocations=33096 (full 0):
 garbage-first heap   total 4608000K, used 1450333K [0x00000006a6c00000, 0x00000006a7002328, 0x00000007c0000000)
  region size 4096K, 9 young (36864K), 9 survivors (36864K)
 Metaspace       used 124692K, capacity 128524K, committed 129664K, reserved 1165312K
  class space    used 13846K, capacity 14512K, committed 14720K, reserved 1048576K
}
 [Times: user=0.14 sys=0.00, real=0.02 secs] 
{Heap before GC invocations=33096 (full 0):
 garbage-first heap   total 4608000K, used 3715421K [0x00000006a6c00000, 0x00000006a7002328, 0x00000007c0000000)
  region size 4096K, 562 young (2301952K), 9 survivors (36864K)
 Metaspace       used 124692K, capacity 128524K, committed 129664K, reserved 1165312K
  class space    used 13846K, capacity 14512K, committed 14720K, reserved 1048576K
2019-04-29T02:30:10.570+0800: 1504619.789: [GC pause (G1 Evacuation Pause) (young)
Desired survivor size 148897792 bytes, new threshold 15 (max 15)
- age   1:   14583424 bytes,   14583424 total
- age   2:    2343568 bytes,   16926992 total
- age   3:     468352 bytes,   17395344 total
- age   4:     382512 bytes,   17777856 total
- age   5:     227104 bytes,   18004960 total
- age   6:     308456 bytes,   18313416 total
- age   7:     277768 bytes,   18591184 total
- age   8:     205064 bytes,   18796248 total
- age   9:     303864 bytes,   19100112 total
- age  10:     357784 bytes,   19457896 total
- age  11:     271776 bytes,   19729672 total
- age  12:     164496 bytes,   19894168 total
- age  13:     215384 bytes,   20109552 total
- age  14:     260824 bytes,   20370376 total
- age  15:     251824 bytes,   20622200 total
 1504619.789: [G1Ergonomics (CSet Construction) start choosing CSet, _pending_cards: 22171, predicted base time: 7.92 ms, remaining time: 52.08 ms, target pause time: 60.00 ms]
 1504619.789: [G1Ergonomics (CSet Construction) add young regions to CSet, eden: 553 regions, survivors: 9 regions, predicted young region time: 40.75 ms]
 1504619.789: [G1Ergonomics (CSet Construction) finish choosing CSet, eden: 553 regions, survivors: 9 regions, old: 0 regions, predicted pause time: 48.68 ms, target pause time: 60.00 ms]
, 0.0186667 secs]
   [Parallel Time: 16.8 ms, GC Workers: 8]
      [GC Worker Start (ms): Min: 1504619788.8, Avg: 1504619788.8, Max: 1504619788.9, Diff: 0.1]
      [Ext Root Scanning (ms): Min: 1.1, Avg: 1.6, Max: 4.5, Diff: 3.4, Sum: 13.0]
      [Update RS (ms): Min: 2.6, Avg: 5.2, Max: 5.8, Diff: 3.2, Sum: 42.0]
         [Processed Buffers: Min: 16, Avg: 22.5, Max: 33, Diff: 17, Sum: 180]
      [Scan RS (ms): Min: 0.0, Avg: 0.1, Max: 0.1, Diff: 0.1, Sum: 0.6]
      [Code Root Scanning (ms): Min: 0.0, Avg: 0.0, Max: 0.0, Diff: 0.0, Sum: 0.0]
      [Object Copy (ms): Min: 9.5, Avg: 9.7, Max: 9.8, Diff: 0.3, Sum: 77.5]
      [Termination (ms): Min: 0.0, Avg: 0.0, Max: 0.0, Diff: 0.0, Sum: 0.0]
      [GC Worker Other (ms): Min: 0.0, Avg: 0.1, Max: 0.1, Diff: 0.1, Sum: 0.4]
      [GC Worker Total (ms): Min: 16.7, Avg: 16.7, Max: 16.8, Diff: 0.1, Sum: 133.6]
      [GC Worker End (ms): Min: 1504619805.5, Avg: 1504619805.5, Max: 1504619805.6, Diff: 0.1]
   [Code Root Fixup: 0.2 ms]
   [Code Root Purge: 0.0 ms]
   [Clear CT: 0.3 ms]
   [Other: 1.4 ms]
      [Choose CSet: 0.0 ms]
      [Ref Proc: 0.2 ms]
      [Ref Enq: 0.0 ms]
      [Redirty Cards: 0.1 ms]
      [Humongous Reclaim: 0.0 ms]
      [Free CSet: 0.6 ms]
   [Eden: 2212.0M(2212.0M)->0.0B(2212.0M) Survivors: 36.0M->36.0M Heap: 3628.3M(4500.0M)->1416.2M(4500.0M)]
Heap after GC invocations=33097 (full 0):
 garbage-first heap   total 4608000K, used 1450220K [0x00000006a6c00000, 0x00000006a7002328, 0x00000007c0000000)
  region size 4096K, 9 young (36864K), 9 survivors (36864K)
 Metaspace       used 124692K, capacity 128524K, committed 129664K, reserved 1165312K
  class space    used 13846K, capacity 14512K, committed 14720K, reserved 1048576K
}
 [Times: user=0.11 sys=0.03, real=0.01 secs] 
{Heap before GC invocations=33097 (full 0):
 garbage-first heap   total 4608000K, used 3715308K [0x00000006a6c00000, 0x00000006a7002328, 0x00000007c0000000)
  region size 4096K, 562 young (2301952K), 9 survivors (36864K)
 Metaspace       used 124692K, capacity 128524K, committed 129664K, reserved 1165312K
  class space    used 13846K, capacity 14512K, committed 14720K, reserved 1048576K
2019-04-29T02:30:40.342+0800: 1504649.561: [GC pause (G1 Evacuation Pause) (young)
Desired survivor size 148897792 bytes, new threshold 15 (max 15)
- age   1:   15139784 bytes,   15139784 total
- age   2:    2279592 bytes,   17419376 total
- age   3:     568424 bytes,   17987800 total
- age   4:     293768 bytes,   18281568 total
- age   5:     298456 bytes,   18580024 total
- age   6:     224800 bytes,   18804824 total
- age   7:     307896 bytes,   19112720 total
- age   8:     275888 bytes,   19388608 total
- age   9:     204952 bytes,   19593560 total
- age  10:     183600 bytes,   19777160 total
- age  11:     356240 bytes,   20133400 total
- age  12:     271776 bytes,   20405176 total
- age  13:     164496 bytes,   20569672 total
- age  14:     215384 bytes,   20785056 total
- age  15:     260824 bytes,   21045880 total
 1504649.561: [G1Ergonomics (CSet Construction) start choosing CSet, _pending_cards: 22439, predicted base time: 8.11 ms, remaining time: 51.89 ms, target pause time: 60.00 ms]
 1504649.561: [G1Ergonomics (CSet Construction) add young regions to CSet, eden: 553 regions, survivors: 9 regions, predicted young region time: 38.33 ms]
 1504649.561: [G1Ergonomics (CSet Construction) finish choosing CSet, eden: 553 regions, survivors: 9 regions, old: 0 regions, predicted pause time: 46.44 ms, target pause time: 60.00 ms]
, 0.0225471 secs]
   [Parallel Time: 20.1 ms, GC Workers: 8]
      [GC Worker Start (ms): Min: 1504649561.5, Avg: 1504649561.5, Max: 1504649561.6, Diff: 0.1]
      [Ext Root Scanning (ms): Min: 1.3, Avg: 1.5, Max: 2.2, Diff: 0.9, Sum: 12.0]
      [Update RS (ms): Min: 5.1, Avg: 5.8, Max: 6.2, Diff: 1.1, Sum: 46.1]
         [Processed Buffers: Min: 14, Avg: 21.6, Max: 33, Diff: 19, Sum: 173]
      [Scan RS (ms): Min: 0.0, Avg: 0.1, Max: 0.1, Diff: 0.1, Sum: 0.6]
      [Code Root Scanning (ms): Min: 0.0, Avg: 0.0, Max: 0.0, Diff: 0.0, Sum: 0.0]
      [Object Copy (ms): Min: 12.4, Avg: 12.5, Max: 12.6, Diff: 0.3, Sum: 100.3]
      [Termination (ms): Min: 0.0, Avg: 0.0, Max: 0.0, Diff: 0.0, Sum: 0.0]
      [GC Worker Other (ms): Min: 0.0, Avg: 0.0, Max: 0.1, Diff: 0.1, Sum: 0.4]
      [GC Worker Total (ms): Min: 19.9, Avg: 19.9, Max: 20.0, Diff: 0.1, Sum: 159.5]
      [GC Worker End (ms): Min: 1504649581.5, Avg: 1504649581.5, Max: 1504649581.5, Diff: 0.0]
   [Code Root Fixup: 0.3 ms]
   [Code Root Purge: 0.0 ms]
   [Clear CT: 0.3 ms]
   [Other: 1.9 ms]
      [Choose CSet: 0.0 ms]
      [Ref Proc: 0.2 ms]
      [Ref Enq: 0.0 ms]
      [Redirty Cards: 0.1 ms]
      [Humongous Reclaim: 0.0 ms]
      [Free CSet: 0.9 ms]
   [Eden: 2212.0M(2212.0M)->0.0B(2212.0M) Survivors: 36.0M->36.0M Heap: 3628.2M(4500.0M)->1419.0M(4500.0M)]
Heap after GC invocations=33098 (full 0):
 garbage-first heap   total 4608000K, used 1453097K [0x00000006a6c00000, 0x00000006a7002328, 0x00000007c0000000)
  region size 4096K, 9 young (36864K), 9 survivors (36864K)
 Metaspace       used 124692K, capacity 128524K, committed 129664K, reserved 1165312K
  class space    used 13846K, capacity 14512K, committed 14720K, reserved 1048576K
}
 [Times: user=0.13 sys=0.03, real=0.02 secs] 
{Heap before GC invocations=33098 (full 0):
 garbage-first heap   total 4608000K, used 3718185K [0x00000006a6c00000, 0x00000006a7002328, 0x00000007c0000000)
  region size 4096K, 562 young (2301952K), 9 survivors (36864K)
 Metaspace       used 124692K, capacity 128524K, committed 129664K, reserved 1165312K
  class space    used 13846K, capacity 14512K, committed 14720K, reserved 1048576K
2019-04-29T02:31:09.753+0800: 1504678.972: [GC pause (G1 Evacuation Pause) (young)
Desired survivor size 148897792 bytes, new threshold 15 (max 15)
- age   1:   22084464 bytes,   22084464 total
- age   2:    1927032 bytes,   24011496 total
- age   3:     618544 bytes,   24630040 total
- age   4:     293496 bytes,   24923536 total
- age   5:     293240 bytes,   25216776 total
- age   6:     295640 bytes,   25512416 total
- age   7:     224104 bytes,   25736520 total
- age   8:     307448 bytes,   26043968 total
- age   9:     275864 bytes,   26319832 total
- age  10:     204952 bytes,   26524784 total
- age  11:     183600 bytes,   26708384 total
- age  12:     356240 bytes,   27064624 total
- age  13:     271776 bytes,   27336400 total
- age  14:     164496 bytes,   27500896 total
- age  15:     215384 bytes,   27716280 total
 1504678.972: [G1Ergonomics (CSet Construction) start choosing CSet, _pending_cards: 22646, predicted base time: 8.48 ms, remaining time: 51.52 ms, target pause time: 60.00 ms]
 1504678.972: [G1Ergonomics (CSet Construction) add young regions to CSet, eden: 553 regions, survivors: 9 regions, predicted young region time: 32.89 ms]
 1504678.972: [G1Ergonomics (CSet Construction) finish choosing CSet, eden: 553 regions, survivors: 9 regions, old: 0 regions, predicted pause time: 41.37 ms, target pause time: 60.00 ms]
, 0.0195263 secs]
   [Parallel Time: 17.6 ms, GC Workers: 8]
      [GC Worker Start (ms): Min: 1504678971.9, Avg: 1504678972.0, Max: 1504678972.0, Diff: 0.1]
      [Ext Root Scanning (ms): Min: 1.1, Avg: 1.3, Max: 2.1, Diff: 1.0, Sum: 10.5]
      [Update RS (ms): Min: 4.9, Avg: 5.6, Max: 5.8, Diff: 1.0, Sum: 44.4]
         [Processed Buffers: Min: 13, Avg: 22.6, Max: 39, Diff: 26, Sum: 181]
      [Scan RS (ms): Min: 0.0, Avg: 0.1, Max: 0.1, Diff: 0.1, Sum: 0.6]
      [Code Root Scanning (ms): Min: 0.0, Avg: 0.0, Max: 0.0, Diff: 0.0, Sum: 0.0]
      [Object Copy (ms): Min: 10.4, Avg: 10.5, Max: 10.6, Diff: 0.2, Sum: 84.3]
      [Termination (ms): Min: 0.0, Avg: 0.0, Max: 0.0, Diff: 0.0, Sum: 0.0]
      [GC Worker Other (ms): Min: 0.0, Avg: 0.0, Max: 0.1, Diff: 0.0, Sum: 0.3]
      [GC Worker Total (ms): Min: 17.5, Avg: 17.5, Max: 17.5, Diff: 0.0, Sum: 140.1]
      [GC Worker End (ms): Min: 1504678989.5, Avg: 1504678989.5, Max: 1504678989.5, Diff: 0.0]
   [Code Root Fixup: 0.3 ms]
   [Code Root Purge: 0.0 ms]
   [Clear CT: 0.3 ms]
   [Other: 1.4 ms]
      [Choose CSet: 0.0 ms]
      [Ref Proc: 0.2 ms]
      [Ref Enq: 0.0 ms]
      [Redirty Cards: 0.1 ms]
      [Humongous Reclaim: 0.0 ms]
      [Free CSet: 0.6 ms]
   [Eden: 2212.0M(2212.0M)->0.0B(2212.0M) Survivors: 36.0M->36.0M Heap: 3631.0M(4500.0M)->1417.4M(4500.0M)]
Heap after GC invocations=33099 (full 0):
 garbage-first heap   total 4608000K, used 1451447K [0x00000006a6c00000, 0x00000006a7002328, 0x00000007c0000000)
  region size 4096K, 9 young (36864K), 9 survivors (36864K)
 Metaspace       used 124692K, capacity 128524K, committed 129664K, reserved 1165312K
  class space    used 13846K, capacity 14512K, committed 14720K, reserved 1048576K
}
 [Times: user=0.14 sys=0.00, real=0.02 secs] 
{Heap before GC invocations=33099 (full 0):
 garbage-first heap   total 4608000K, used 3716535K [0x00000006a6c00000, 0x00000006a7002328, 0x00000007c0000000)
  region size 4096K, 562 young (2301952K), 9 survivors (36864K)
 Metaspace       used 124692K, capacity 128524K, committed 129664K, reserved 1165312K
  class space    used 13846K, capacity 14512K, committed 14720K, reserved 1048576K
2019-04-29T02:31:38.457+0800: 1504707.676: [GC pause (G1 Evacuation Pause) (young)
Desired survivor size 148897792 bytes, new threshold 15 (max 15)
- age   1:   17082936 bytes,   17082936 total
- age   2:    2063664 bytes,   19146600 total
- age   3:     342032 bytes,   19488632 total
- age   4:     242528 bytes,   19731160 total
- age   5:     293176 bytes,   20024336 total
- age   6:     293000 bytes,   20317336 total
- age   7:     294856 bytes,   20612192 total
- age   8:     223880 bytes,   20836072 total
- age   9:     307112 bytes,   21143184 total
- age  10:     275864 bytes,   21419048 total
- age  11:     204952 bytes,   21624000 total
- age  12:     183376 bytes,   21807376 total
- age  13:     356208 bytes,   22163584 total
- age  14:     271776 bytes,   22435360 total
- age  15:     164496 bytes,   22599856 total
 1504707.676: [G1Ergonomics (CSet Construction) start choosing CSet, _pending_cards: 22166, predicted base time: 8.33 ms, remaining time: 51.67 ms, target pause time: 60.00 ms]
 1504707.676: [G1Ergonomics (CSet Construction) add young regions to CSet, eden: 553 regions, survivors: 9 regions, predicted young region time: 29.29 ms]
 1504707.676: [G1Ergonomics (CSet Construction) finish choosing CSet, eden: 553 regions, survivors: 9 regions, old: 0 regions, predicted pause time: 37.62 ms, target pause time: 60.00 ms]
, 0.0182369 secs]
   [Parallel Time: 16.4 ms, GC Workers: 8]
      [GC Worker Start (ms): Min: 1504707676.3, Avg: 1504707676.4, Max: 1504707676.4, Diff: 0.1]
      [Ext Root Scanning (ms): Min: 1.1, Avg: 1.3, Max: 2.1, Diff: 1.0, Sum: 10.4]
      [Update RS (ms): Min: 4.6, Avg: 5.3, Max: 5.7, Diff: 1.1, Sum: 42.6]
         [Processed Buffers: Min: 14, Avg: 22.2, Max: 31, Diff: 17, Sum: 178]
      [Scan RS (ms): Min: 0.0, Avg: 0.1, Max: 0.1, Diff: 0.1, Sum: 0.6]
      [Code Root Scanning (ms): Min: 0.0, Avg: 0.0, Max: 0.0, Diff: 0.0, Sum: 0.0]
      [Object Copy (ms): Min: 9.4, Avg: 9.5, Max: 9.6, Diff: 0.2, Sum: 75.9]
      [Termination (ms): Min: 0.0, Avg: 0.0, Max: 0.0, Diff: 0.0, Sum: 0.0]
      [GC Worker Other (ms): Min: 0.0, Avg: 0.0, Max: 0.1, Diff: 0.0, Sum: 0.3]
      [GC Worker Total (ms): Min: 16.2, Avg: 16.2, Max: 16.3, Diff: 0.1, Sum: 129.8]
      [GC Worker End (ms): Min: 1504707692.6, Avg: 1504707692.6, Max: 1504707692.6, Diff: 0.0]
   [Code Root Fixup: 0.3 ms]
   [Code Root Purge: 0.0 ms]
   [Clear CT: 0.2 ms]
   [Other: 1.4 ms]
      [Choose CSet: 0.0 ms]
      [Ref Proc: 0.2 ms]
      [Ref Enq: 0.0 ms]
      [Redirty Cards: 0.1 ms]
      [Humongous Reclaim: 0.0 ms]
      [Free CSet: 0.6 ms]
   [Eden: 2212.0M(2212.0M)->0.0B(2212.0M) Survivors: 36.0M->36.0M Heap: 3629.4M(4500.0M)->1417.7M(4500.0M)]
Heap after GC invocations=33100 (full 0):
 garbage-first heap   total 4608000K, used 1451693K [0x00000006a6c00000, 0x00000006a7002328, 0x00000007c0000000)
  region size 4096K, 9 young (36864K), 9 survivors (36864K)
 Metaspace       used 124692K, capacity 128524K, committed 129664K, reserved 1165312K
  class space    used 13846K, capacity 14512K, committed 14720K, reserved 1048576K
}
 [Times: user=0.11 sys=0.03, real=0.02 secs] 
{Heap before GC invocations=33100 (full 0):
 garbage-first heap   total 4608000K, used 3716781K [0x00000006a6c00000, 0x00000006a7002328, 0x00000007c0000000)
  region size 4096K, 562 young (2301952K), 9 survivors (36864K)
 Metaspace       used 124692K, capacity 128524K, committed 129664K, reserved 1165312K
  class space    used 13846K, capacity 14512K, committed 14720K, reserved 1048576K
2019-04-29T02:32:07.816+0800: 1504737.035: [GC pause (G1 Evacuation Pause) (young)
Desired survivor size 148897792 bytes, new threshold 15 (max 15)
- age   1:   14240800 bytes,   14240800 total
- age   2:    2404912 bytes,   16645712 total
- age   3:     302248 bytes,   16947960 total
- age   4:     271872 bytes,   17219832 total
- age   5:     235400 bytes,   17455232 total
- age   6:     292016 bytes,   17747248 total
- age   7:     293000 bytes,   18040248 total
- age   8:     294824 bytes,   18335072 total
- age   9:     223768 bytes,   18558840 total
- age  10:     307112 bytes,   18865952 total
- age  11:     275864 bytes,   19141816 total
- age  12:     204952 bytes,   19346768 total
- age  13:     177776 bytes,   19524544 total
- age  14:     355648 bytes,   19880192 total
- age  15:     271776 bytes,   20151968 total
 1504737.035: [G1Ergonomics (CSet Construction) start choosing CSet, _pending_cards: 22146, predicted base time: 8.24 ms, remaining time: 51.76 ms, target pause time: 60.00 ms]
 1504737.035: [G1Ergonomics (CSet Construction) add young regions to CSet, eden: 553 regions, survivors: 9 regions, predicted young region time: 26.73 ms]
 1504737.035: [G1Ergonomics (CSet Construction) finish choosing CSet, eden: 553 regions, survivors: 9 regions, old: 0 regions, predicted pause time: 34.97 ms, target pause time: 60.00 ms]
, 0.0191862 secs]
   [Parallel Time: 17.3 ms, GC Workers: 8]
      [GC Worker Start (ms): Min: 1504737035.6, Avg: 1504737035.6, Max: 1504737035.6, Diff: 0.1]
      [Ext Root Scanning (ms): Min: 1.1, Avg: 1.6, Max: 4.4, Diff: 3.3, Sum: 13.1]
      [Update RS (ms): Min: 2.6, Avg: 5.3, Max: 5.9, Diff: 3.3, Sum: 42.1]
         [Processed Buffers: Min: 15, Avg: 22.2, Max: 36, Diff: 21, Sum: 178]
      [Scan RS (ms): Min: 0.0, Avg: 0.1, Max: 0.1, Diff: 0.1, Sum: 0.7]
      [Code Root Scanning (ms): Min: 0.0, Avg: 0.0, Max: 0.0, Diff: 0.0, Sum: 0.0]
      [Object Copy (ms): Min: 10.1, Avg: 10.2, Max: 10.2, Diff: 0.1, Sum: 81.3]
      [Termination (ms): Min: 0.0, Avg: 0.0, Max: 0.0, Diff: 0.0, Sum: 0.0]
      [GC Worker Other (ms): Min: 0.0, Avg: 0.0, Max: 0.1, Diff: 0.1, Sum: 0.3]
      [GC Worker Total (ms): Min: 17.1, Avg: 17.2, Max: 17.2, Diff: 0.1, Sum: 137.5]
      [GC Worker End (ms): Min: 1504737052.8, Avg: 1504737052.8, Max: 1504737052.8, Diff: 0.1]
   [Code Root Fixup: 0.3 ms]
   [Code Root Purge: 0.0 ms]
   [Clear CT: 0.3 ms]
   [Other: 1.3 ms]
      [Choose CSet: 0.0 ms]
      [Ref Proc: 0.2 ms]
      [Ref Enq: 0.0 ms]
      [Redirty Cards: 0.1 ms]
      [Humongous Reclaim: 0.0 ms]
      [Free CSet: 0.6 ms]
   [Eden: 2212.0M(2212.0M)->0.0B(2212.0M) Survivors: 36.0M->36.0M Heap: 3629.7M(4500.0M)->1417.6M(4500.0M)]
Heap after GC invocations=33101 (full 0):
 garbage-first heap   total 4608000K, used 1451630K [0x00000006a6c00000, 0x00000006a7002328, 0x00000007c0000000)
  region size 4096K, 9 young (36864K), 9 survivors (36864K)
 Metaspace       used 124692K, capacity 128524K, committed 129664K, reserved 1165312K
  class space    used 13846K, capacity 14512K, committed 14720K, reserved 1048576K
}
 [Times: user=0.12 sys=0.03, real=0.02 secs] 
{Heap before GC invocations=33101 (full 0):
 garbage-first heap   total 4608000K, used 3716718K [0x00000006a6c00000, 0x00000006a7002328, 0x00000007c0000000)
  region size 4096K, 562 young (2301952K), 9 survivors (36864K)
 Metaspace       used 124692K, capacity 128524K, committed 129664K, reserved 1165312K
  class space    used 13846K, capacity 14512K, committed 14720K, reserved 1048576K
2019-04-29T02:32:36.130+0800: 1504765.349: [GC pause (G1 Evacuation Pause) (young)
Desired survivor size 148897792 bytes, new threshold 15 (max 15)
- age   1:   15994560 bytes,   15994560 total
- age   2:    1995536 bytes,   17990096 total
- age   3:     567552 bytes,   18557648 total
- age   4:     232192 bytes,   18789840 total
- age   5:     271264 bytes,   19061104 total
- age   6:     233056 bytes,   19294160 total
- age   7:     292016 bytes,   19586176 total
- age   8:     293000 bytes,   19879176 total
- age   9:     294824 bytes,   20174000 total
- age  10:     223656 bytes,   20397656 total
- age  11:     307112 bytes,   20704768 total
- age  12:     275864 bytes,   20980632 total
- age  13:     204952 bytes,   21185584 total
- age  14:     177664 bytes,   21363248 total
- age  15:     355312 bytes,   21718560 total
 1504765.349: [G1Ergonomics (CSet Construction) start choosing CSet, _pending_cards: 22117, predicted base time: 8.25 ms, remaining time: 51.75 ms, target pause time: 60.00 ms]
 1504765.349: [G1Ergonomics (CSet Construction) add young regions to CSet, eden: 553 regions, survivors: 9 regions, predicted young region time: 22.22 ms]
 1504765.349: [G1Ergonomics (CSet Construction) finish choosing CSet, eden: 553 regions, survivors: 9 regions, old: 0 regions, predicted pause time: 30.47 ms, target pause time: 60.00 ms]
, 0.0181486 secs]
   [Parallel Time: 16.2 ms, GC Workers: 8]
      [GC Worker Start (ms): Min: 1504765349.1, Avg: 1504765349.2, Max: 1504765349.2, Diff: 0.1]
      [Ext Root Scanning (ms): Min: 1.1, Avg: 1.3, Max: 2.2, Diff: 1.1, Sum: 10.6]
      [Update RS (ms): Min: 4.4, Avg: 5.2, Max: 5.5, Diff: 1.1, Sum: 41.8]
         [Processed Buffers: Min: 11, Avg: 21.5, Max: 31, Diff: 20, Sum: 172]
      [Scan RS (ms): Min: 0.0, Avg: 0.1, Max: 0.1, Diff: 0.1, Sum: 0.6]
      [Code Root Scanning (ms): Min: 0.0, Avg: 0.0, Max: 0.0, Diff: 0.0, Sum: 0.0]
      [Object Copy (ms): Min: 9.3, Avg: 9.4, Max: 9.5, Diff: 0.2, Sum: 75.5]
      [Termination (ms): Min: 0.0, Avg: 0.0, Max: 0.0, Diff: 0.0, Sum: 0.0]
      [GC Worker Other (ms): Min: 0.0, Avg: 0.0, Max: 0.1, Diff: 0.1, Sum: 0.3]
      [GC Worker Total (ms): Min: 16.1, Avg: 16.1, Max: 16.2, Diff: 0.1, Sum: 128.7]
      [GC Worker End (ms): Min: 1504765365.2, Avg: 1504765365.2, Max: 1504765365.3, Diff: 0.0]
   [Code Root Fixup: 0.2 ms]
   [Code Root Purge: 0.0 ms]
   [Clear CT: 0.3 ms]
   [Other: 1.4 ms]
      [Choose CSet: 0.0 ms]
      [Ref Proc: 0.2 ms]
      [Ref Enq: 0.0 ms]
      [Redirty Cards: 0.1 ms]
      [Humongous Reclaim: 0.0 ms]
      [Free CSet: 0.6 ms]
   [Eden: 2212.0M(2212.0M)->0.0B(2212.0M) Survivors: 36.0M->36.0M Heap: 3629.6M(4500.0M)->1418.5M(4500.0M)]
Heap after GC invocations=33102 (full 0):
 garbage-first heap   total 4608000K, used 1452510K [0x00000006a6c00000, 0x00000006a7002328, 0x00000007c0000000)
  region size 4096K, 9 young (36864K), 9 survivors (36864K)
 Metaspace       used 124692K, capacity 128524K, committed 129664K, reserved 1165312K
  class space    used 13846K, capacity 14512K, committed 14720K, reserved 1048576K
}
 [Times: user=0.11 sys=0.02, real=0.01 secs] 
{Heap before GC invocations=33102 (full 0):
 garbage-first heap   total 4608000K, used 3717598K [0x00000006a6c00000, 0x00000006a7002328, 0x00000007c0000000)
  region size 4096K, 562 young (2301952K), 9 survivors (36864K)
 Metaspace       used 124692K, capacity 128524K, committed 129664K, reserved 1165312K
  class space    used 13846K, capacity 14512K, committed 14720K, reserved 1048576K
2019-04-29T02:33:07.598+0800: 1504796.817: [GC pause (G1 Evacuation Pause) (young)
Desired survivor size 148897792 bytes, new threshold 15 (max 15)
- age   1:   14662064 bytes,   14662064 total
- age   2:    2089824 bytes,   16751888 total
- age   3:     159232 bytes,   16911120 total
- age   4:     499024 bytes,   17410144 total
- age   5:     231504 bytes,   17641648 total
- age   6:     268960 bytes,   17910608 total
- age   7:     232264 bytes,   18142872 total
- age   8:     292016 bytes,   18434888 total
- age   9:     293000 bytes,   18727888 total
- age  10:     294824 bytes,   19022712 total
- age  11:     223624 bytes,   19246336 total
- age  12:     307112 bytes,   19553448 total
- age  13:     275864 bytes,   19829312 total
- age  14:     204952 bytes,   20034264 total
- age  15:     177552 bytes,   20211816 total
 1504796.817: [G1Ergonomics (CSet Construction) start choosing CSet, _pending_cards: 22245, predicted base time: 8.19 ms, remaining time: 51.81 ms, target pause time: 60.00 ms]
 1504796.817: [G1Ergonomics (CSet Construction) add young regions to CSet, eden: 553 regions, survivors: 9 regions, predicted young region time: 21.04 ms]
 1504796.817: [G1Ergonomics (CSet Construction) finish choosing CSet, eden: 553 regions, survivors: 9 regions, old: 0 regions, predicted pause time: 29.23 ms, target pause time: 60.00 ms]
, 0.0222776 secs]
   [Parallel Time: 20.3 ms, GC Workers: 8]
      [GC Worker Start (ms): Min: 1504796817.1, Avg: 1504796817.2, Max: 1504796817.2, Diff: 0.1]
      [Ext Root Scanning (ms): Min: 1.1, Avg: 1.3, Max: 2.1, Diff: 1.0, Sum: 10.6]
      [Update RS (ms): Min: 4.7, Avg: 5.2, Max: 5.5, Diff: 0.8, Sum: 41.8]
         [Processed Buffers: Min: 12, Avg: 22.4, Max: 50, Diff: 38, Sum: 179]
      [Scan RS (ms): Min: 0.0, Avg: 0.1, Max: 0.1, Diff: 0.1, Sum: 0.6]
      [Code Root Scanning (ms): Min: 0.0, Avg: 0.0, Max: 0.0, Diff: 0.0, Sum: 0.0]
      [Object Copy (ms): Min: 13.2, Avg: 13.4, Max: 13.5, Diff: 0.3, Sum: 107.3]
      [Termination (ms): Min: 0.0, Avg: 0.0, Max: 0.0, Diff: 0.0, Sum: 0.2]
      [GC Worker Other (ms): Min: 0.0, Avg: 0.0, Max: 0.1, Diff: 0.1, Sum: 0.3]
      [GC Worker Total (ms): Min: 20.1, Avg: 20.1, Max: 20.2, Diff: 0.1, Sum: 161.0]
      [GC Worker End (ms): Min: 1504796837.2, Avg: 1504796837.3, Max: 1504796837.3, Diff: 0.1]
   [Code Root Fixup: 0.3 ms]
   [Code Root Purge: 0.0 ms]
   [Clear CT: 0.3 ms]
   [Other: 1.5 ms]
      [Choose CSet: 0.0 ms]
      [Ref Proc: 0.2 ms]
      [Ref Enq: 0.0 ms]
      [Redirty Cards: 0.1 ms]
      [Humongous Reclaim: 0.0 ms]
      [Free CSet: 0.7 ms]
   [Eden: 2212.0M(2212.0M)->0.0B(2196.0M) Survivors: 36.0M->52.0M Heap: 3630.5M(4500.0M)->1435.8M(4500.0M)]
Heap after GC invocations=33103 (full 0):
 garbage-first heap   total 4608000K, used 1470238K [0x00000006a6c00000, 0x00000006a7002328, 0x00000007c0000000)
  region size 4096K, 13 young (53248K), 13 survivors (53248K)
 Metaspace       used 124692K, capacity 128524K, committed 129664K, reserved 1165312K
  class space    used 13846K, capacity 14512K, committed 14720K, reserved 1048576K
}
 [Times: user=0.14 sys=0.03, real=0.03 secs] 
{Heap before GC invocations=33103 (full 0):
 garbage-first heap   total 4608000K, used 3718942K [0x00000006a6c00000, 0x00000006a7002328, 0x00000007c0000000)
  region size 4096K, 562 young (2301952K), 13 survivors (53248K)
 Metaspace       used 124692K, capacity 128524K, committed 129664K, reserved 1165312K
  class space    used 13846K, capacity 14512K, committed 14720K, reserved 1048576K
2019-04-29T02:33:35.672+0800: 1504824.891: [GC pause (G1 Evacuation Pause) (young)
Desired survivor size 148897792 bytes, new threshold 15 (max 15)
- age   1:   24191336 bytes,   24191336 total
- age   2:    2082576 bytes,   26273912 total
- age   3:     186048 bytes,   26459960 total
- age   4:     152088 bytes,   26612048 total
- age   5:     479152 bytes,   27091200 total
- age   6:     231408 bytes,   27322608 total
- age   7:     268488 bytes,   27591096 total
- age   8:     232008 bytes,   27823104 total
- age   9:     291904 bytes,   28115008 total
- age  10:     293000 bytes,   28408008 total
- age  11:     294824 bytes,   28702832 total
- age  12:     223624 bytes,   28926456 total
- age  13:     307112 bytes,   29233568 total
- age  14:     275864 bytes,   29509432 total
- age  15:     204952 bytes,   29714384 total
 1504824.891: [G1Ergonomics (CSet Construction) start choosing CSet, _pending_cards: 21591, predicted base time: 7.97 ms, remaining time: 52.03 ms, target pause time: 60.00 ms]
 1504824.891: [G1Ergonomics (CSet Construction) add young regions to CSet, eden: 549 regions, survivors: 13 regions, predicted young region time: 159.97 ms]
 1504824.891: [G1Ergonomics (CSet Construction) finish choosing CSet, eden: 549 regions, survivors: 13 regions, old: 0 regions, predicted pause time: 167.94 ms, target pause time: 60.00 ms]
, 0.0190012 secs]
   [Parallel Time: 16.7 ms, GC Workers: 8]
      [GC Worker Start (ms): Min: 1504824891.1, Avg: 1504824891.1, Max: 1504824891.2, Diff: 0.1]
      [Ext Root Scanning (ms): Min: 1.2, Avg: 1.4, Max: 2.1, Diff: 0.9, Sum: 11.4]
      [Update RS (ms): Min: 4.7, Avg: 5.3, Max: 5.7, Diff: 0.9, Sum: 42.8]
         [Processed Buffers: Min: 13, Avg: 21.6, Max: 37, Diff: 24, Sum: 173]
      [Scan RS (ms): Min: 0.0, Avg: 0.1, Max: 0.1, Diff: 0.1, Sum: 0.6]
      [Code Root Scanning (ms): Min: 0.0, Avg: 0.0, Max: 0.0, Diff: 0.0, Sum: 0.0]
      [Object Copy (ms): Min: 9.5, Avg: 9.6, Max: 9.7, Diff: 0.1, Sum: 76.9]
      [Termination (ms): Min: 0.0, Avg: 0.0, Max: 0.0, Diff: 0.0, Sum: 0.0]
      [GC Worker Other (ms): Min: 0.0, Avg: 0.0, Max: 0.1, Diff: 0.1, Sum: 0.4]
      [GC Worker Total (ms): Min: 16.5, Avg: 16.5, Max: 16.6, Diff: 0.1, Sum: 132.2]
      [GC Worker End (ms): Min: 1504824907.6, Avg: 1504824907.7, Max: 1504824907.7, Diff: 0.0]
   [Code Root Fixup: 0.2 ms]
   [Code Root Purge: 0.0 ms]
   [Clear CT: 0.3 ms]
   [Other: 1.8 ms]
      [Choose CSet: 0.0 ms]
      [Ref Proc: 0.2 ms]
      [Ref Enq: 0.0 ms]
      [Redirty Cards: 0.1 ms]
      [Humongous Reclaim: 0.0 ms]
      [Free CSet: 1.0 ms]
   [Eden: 2196.0M(2196.0M)->0.0B(2212.0M) Survivors: 52.0M->36.0M Heap: 3631.8M(4500.0M)->1419.1M(4500.0M)]
Heap after GC invocations=33104 (full 0):
 garbage-first heap   total 4608000K, used 1453118K [0x00000006a6c00000, 0x00000006a7002328, 0x00000007c0000000)
  region size 4096K, 9 young (36864K), 9 survivors (36864K)
 Metaspace       used 124692K, capacity 128524K, committed 129664K, reserved 1165312K
  class space    used 13846K, capacity 14512K, committed 14720K, reserved 1048576K
}
 [Times: user=0.14 sys=0.00, real=0.02 secs] 
{Heap before GC invocations=33104 (full 0):
 garbage-first heap   total 4608000K, used 3718206K [0x00000006a6c00000, 0x00000006a7002328, 0x00000007c0000000)
  region size 4096K, 562 young (2301952K), 9 survivors (36864K)
 Metaspace       used 124692K, capacity 128524K, committed 129664K, reserved 1165312K
  class space    used 13846K, capacity 14512K, committed 14720K, reserved 1048576K
2019-04-29T02:34:05.206+0800: 1504854.425: [GC pause (G1 Evacuation Pause) (young)
Desired survivor size 148897792 bytes, new threshold 15 (max 15)
- age   1:   15070368 bytes,   15070368 total
- age   2:    2034304 bytes,   17104672 total
- age   3:     326384 bytes,   17431056 total
- age   4:     185712 bytes,   17616768 total
- age   5:     151152 bytes,   17767920 total
- age   6:     479152 bytes,   18247072 total
- age   7:     230080 bytes,   18477152 total
- age   8:     267240 bytes,   18744392 total
- age   9:     232008 bytes,   18976400 total
- age  10:     291792 bytes,   19268192 total
- age  11:     293000 bytes,   19561192 total
- age  12:     294824 bytes,   19856016 total
- age  13:     223624 bytes,   20079640 total
- age  14:     307112 bytes,   20386752 total
- age  15:     275864 bytes,   20662616 total
 1504854.425: [G1Ergonomics (CSet Construction) start choosing CSet, _pending_cards: 21819, predicted base time: 8.11 ms, remaining time: 51.89 ms, target pause time: 60.00 ms]
 1504854.425: [G1Ergonomics (CSet Construction) add young regions to CSet, eden: 553 regions, survivors: 9 regions, predicted young region time: 125.17 ms]
 1504854.425: [G1Ergonomics (CSet Construction) finish choosing CSet, eden: 553 regions, survivors: 9 regions, old: 0 regions, predicted pause time: 133.28 ms, target pause time: 60.00 ms]
, 0.0187839 secs]
   [Parallel Time: 16.9 ms, GC Workers: 8]
      [GC Worker Start (ms): Min: 1504854425.3, Avg: 1504854425.3, Max: 1504854425.4, Diff: 0.1]
      [Ext Root Scanning (ms): Min: 1.1, Avg: 1.3, Max: 2.1, Diff: 1.0, Sum: 10.4]
      [Update RS (ms): Min: 4.8, Avg: 5.3, Max: 5.6, Diff: 0.8, Sum: 42.8]
         [Processed Buffers: Min: 15, Avg: 23.2, Max: 40, Diff: 25, Sum: 186]
      [Scan RS (ms): Min: 0.0, Avg: 0.1, Max: 0.2, Diff: 0.1, Sum: 0.6]
      [Code Root Scanning (ms): Min: 0.0, Avg: 0.0, Max: 0.0, Diff: 0.0, Sum: 0.0]
      [Object Copy (ms): Min: 9.9, Avg: 10.0, Max: 10.1, Diff: 0.2, Sum: 80.4]
      [Termination (ms): Min: 0.0, Avg: 0.0, Max: 0.0, Diff: 0.0, Sum: 0.0]
      [GC Worker Other (ms): Min: 0.0, Avg: 0.0, Max: 0.1, Diff: 0.1, Sum: 0.3]
      [GC Worker Total (ms): Min: 16.8, Avg: 16.8, Max: 16.8, Diff: 0.1, Sum: 134.6]
      [GC Worker End (ms): Min: 1504854442.1, Avg: 1504854442.2, Max: 1504854442.2, Diff: 0.1]
   [Code Root Fixup: 0.2 ms]
   [Code Root Purge: 0.0 ms]
   [Clear CT: 0.3 ms]
   [Other: 1.4 ms]
      [Choose CSet: 0.0 ms]
      [Ref Proc: 0.2 ms]
      [Ref Enq: 0.0 ms]
      [Redirty Cards: 0.1 ms]
      [Humongous Reclaim: 0.0 ms]
      [Free CSet: 0.6 ms]
   [Eden: 2212.0M(2212.0M)->0.0B(2212.0M) Survivors: 36.0M->36.0M Heap: 3631.1M(4500.0M)->1419.1M(4500.0M)]
Heap after GC invocations=33105 (full 0):
 garbage-first heap   total 4608000K, used 1453149K [0x00000006a6c00000, 0x00000006a7002328, 0x00000007c0000000)
  region size 4096K, 9 young (36864K), 9 survivors (36864K)
 Metaspace       used 124692K, capacity 128524K, committed 129664K, reserved 1165312K
  class space    used 13846K, capacity 14512K, committed 14720K, reserved 1048576K
}
 [Times: user=0.11 sys=0.03, real=0.02 secs] 
{Heap before GC invocations=33105 (full 0):
 garbage-first heap   total 4608000K, used 3718237K [0x00000006a6c00000, 0x00000006a7002328, 0x00000007c0000000)
  region size 4096K, 562 young (2301952K), 9 survivors (36864K)
 Metaspace       used 124692K, capacity 128524K, committed 129664K, reserved 1165312K
  class space    used 13846K, capacity 14512K, committed 14720K, reserved 1048576K
2019-04-29T02:34:34.307+0800: 1504883.526: [GC pause (G1 Evacuation Pause) (young)
Desired survivor size 148897792 bytes, new threshold 15 (max 15)
- age   1:   16414984 bytes,   16414984 total
- age   2:    1921824 bytes,   18336808 total
- age   3:     385936 bytes,   18722744 total
- age   4:     189656 bytes,   18912400 total
- age   5:     184288 bytes,   19096688 total
- age   6:     150216 bytes,   19246904 total
- age   7:     287616 bytes,   19534520 total
- age   8:     229520 bytes,   19764040 total
- age   9:     266232 bytes,   20030272 total
- age  10:     232008 bytes,   20262280 total
- age  11:     291792 bytes,   20554072 total
- age  12:     293000 bytes,   20847072 total
- age  13:     294824 bytes,   21141896 total
- age  14:     223624 bytes,   21365520 total
- age  15:     307112 bytes,   21672632 total
 1504883.526: [G1Ergonomics (CSet Construction) start choosing CSet, _pending_cards: 22085, predicted base time: 8.14 ms, remaining time: 51.86 ms, target pause time: 60.00 ms]
 1504883.526: [G1Ergonomics (CSet Construction) add young regions to CSet, eden: 553 regions, survivors: 9 regions, predicted young region time: 100.07 ms]
 1504883.526: [G1Ergonomics (CSet Construction) finish choosing CSet, eden: 553 regions, survivors: 9 regions, old: 0 regions, predicted pause time: 108.21 ms, target pause time: 60.00 ms]
, 0.0182328 secs]
   [Parallel Time: 16.3 ms, GC Workers: 8]
      [GC Worker Start (ms): Min: 1504883526.4, Avg: 1504883526.4, Max: 1504883526.5, Diff: 0.1]
      [Ext Root Scanning (ms): Min: 1.1, Avg: 1.3, Max: 2.1, Diff: 1.1, Sum: 10.5]
      [Update RS (ms): Min: 4.6, Avg: 5.3, Max: 5.6, Diff: 1.0, Sum: 42.3]
         [Processed Buffers: Min: 13, Avg: 21.8, Max: 34, Diff: 21, Sum: 174]
      [Scan RS (ms): Min: 0.0, Avg: 0.1, Max: 0.1, Diff: 0.1, Sum: 0.6]
      [Code Root Scanning (ms): Min: 0.0, Avg: 0.0, Max: 0.0, Diff: 0.0, Sum: 0.0]
      [Object Copy (ms): Min: 9.4, Avg: 9.4, Max: 9.5, Diff: 0.1, Sum: 75.5]
      [Termination (ms): Min: 0.0, Avg: 0.0, Max: 0.0, Diff: 0.0, Sum: 0.0]
      [GC Worker Other (ms): Min: 0.0, Avg: 0.0, Max: 0.1, Diff: 0.1, Sum: 0.4]
      [GC Worker Total (ms): Min: 16.1, Avg: 16.2, Max: 16.2, Diff: 0.1, Sum: 129.3]
      [GC Worker End (ms): Min: 1504883542.6, Avg: 1504883542.6, Max: 1504883542.6, Diff: 0.1]
   [Code Root Fixup: 0.2 ms]
   [Code Root Purge: 0.0 ms]
   [Clear CT: 0.2 ms]
   [Other: 1.5 ms]
      [Choose CSet: 0.0 ms]
      [Ref Proc: 0.2 ms]
      [Ref Enq: 0.0 ms]
      [Redirty Cards: 0.1 ms]
      [Humongous Reclaim: 0.0 ms]
      [Free CSet: 0.6 ms]
   [Eden: 2212.0M(2212.0M)->0.0B(2212.0M) Survivors: 36.0M->36.0M Heap: 3631.1M(4500.0M)->1419.9M(4500.0M)]
Heap after GC invocations=33106 (full 0):
 garbage-first heap   total 4608000K, used 1453955K [0x00000006a6c00000, 0x00000006a7002328, 0x00000007c0000000)
  region size 4096K, 9 young (36864K), 9 survivors (36864K)
 Metaspace       used 124692K, capacity 128524K, committed 129664K, reserved 1165312K
  class space    used 13846K, capacity 14512K, committed 14720K, reserved 1048576K
}
 [Times: user=0.11 sys=0.03, real=0.02 secs] 
{Heap before GC invocations=33106 (full 0):
 garbage-first heap   total 4608000K, used 3719043K [0x00000006a6c00000, 0x00000006a7002328, 0x00000007c0000000)
  region size 4096K, 562 young (2301952K), 9 survivors (36864K)
 Metaspace       used 124692K, capacity 128524K, committed 129664K, reserved 1165312K
  class space    used 13846K, capacity 14512K, committed 14720K, reserved 1048576K
2019-04-29T02:35:02.449+0800: 1504911.668: [GC pause (G1 Evacuation Pause) (young)
Desired survivor size 148897792 bytes, new threshold 15 (max 15)
- age   1:   15514448 bytes,   15514448 total
- age   2:    1967560 bytes,   17482008 total
- age   3:     298560 bytes,   17780568 total
- age   4:     215568 bytes,   17996136 total
- age   5:     188936 bytes,   18185072 total
- age   6:     181824 bytes,   18366896 total
- age   7:     149880 bytes,   18516776 total
- age   8:     285568 bytes,   18802344 total
- age   9:     229296 bytes,   19031640 total
- age  10:     265896 bytes,   19297536 total
- age  11:     231896 bytes,   19529432 total
- age  12:     291792 bytes,   19821224 total
- age  13:     293000 bytes,   20114224 total
- age  14:     294824 bytes,   20409048 total
- age  15:     223624 bytes,   20632672 total
 1504911.668: [G1Ergonomics (CSet Construction) start choosing CSet, _pending_cards: 21861, predicted base time: 8.03 ms, remaining time: 51.97 ms, target pause time: 60.00 ms]
 1504911.668: [G1Ergonomics (CSet Construction) add young regions to CSet, eden: 553 regions, survivors: 9 regions, predicted young region time: 77.51 ms]
 1504911.668: [G1Ergonomics (CSet Construction) finish choosing CSet, eden: 553 regions, survivors: 9 regions, old: 0 regions, predicted pause time: 85.54 ms, target pause time: 60.00 ms]
, 0.0198560 secs]
   [Parallel Time: 17.9 ms, GC Workers: 8]
      [GC Worker Start (ms): Min: 1504911667.8, Avg: 1504911667.8, Max: 1504911667.9, Diff: 0.1]
      [Ext Root Scanning (ms): Min: 1.1, Avg: 1.3, Max: 2.2, Diff: 1.1, Sum: 10.7]
      [Update RS (ms): Min: 4.8, Avg: 5.3, Max: 5.5, Diff: 0.7, Sum: 42.5]
         [Processed Buffers: Min: 13, Avg: 22.0, Max: 43, Diff: 30, Sum: 176]
      [Scan RS (ms): Min: 0.0, Avg: 0.1, Max: 0.1, Diff: 0.1, Sum: 0.7]
      [Code Root Scanning (ms): Min: 0.0, Avg: 0.0, Max: 0.0, Diff: 0.0, Sum: 0.0]
      [Object Copy (ms): Min: 10.8, Avg: 11.0, Max: 11.1, Diff: 0.3, Sum: 88.4]
      [Termination (ms): Min: 0.0, Avg: 0.0, Max: 0.0, Diff: 0.0, Sum: 0.0]
      [GC Worker Other (ms): Min: 0.0, Avg: 0.0, Max: 0.1, Diff: 0.0, Sum: 0.3]
      [GC Worker Total (ms): Min: 17.8, Avg: 17.8, Max: 17.8, Diff: 0.1, Sum: 142.6]
      [GC Worker End (ms): Min: 1504911685.6, Avg: 1504911685.7, Max: 1504911685.7, Diff: 0.0]
   [Code Root Fixup: 0.3 ms]
   [Code Root Purge: 0.0 ms]
   [Clear CT: 0.3 ms]
   [Other: 1.4 ms]
      [Choose CSet: 0.0 ms]
      [Ref Proc: 0.2 ms]
      [Ref Enq: 0.0 ms]
      [Redirty Cards: 0.1 ms]
      [Humongous Reclaim: 0.0 ms]
      [Free CSet: 0.6 ms]
   [Eden: 2212.0M(2212.0M)->0.0B(2212.0M) Survivors: 36.0M->36.0M Heap: 3631.9M(4500.0M)->1421.3M(4500.0M)]
Heap after GC invocations=33107 (full 0):
 garbage-first heap   total 4608000K, used 1455397K [0x00000006a6c00000, 0x00000006a7002328, 0x00000007c0000000)
  region size 4096K, 9 young (36864K), 9 survivors (36864K)
 Metaspace       used 124692K, capacity 128524K, committed 129664K, reserved 1165312K
  class space    used 13846K, capacity 14512K, committed 14720K, reserved 1048576K
}
 [Times: user=0.12 sys=0.03, real=0.02 secs] 
{Heap before GC invocations=33107 (full 0):
 garbage-first heap   total 4608000K, used 3720485K [0x00000006a6c00000, 0x00000006a7002328, 0x00000007c0000000)
  region size 4096K, 562 young (2301952K), 9 survivors (36864K)
 Metaspace       used 124692K, capacity 128524K, committed 129664K, reserved 1165312K
  class space    used 13846K, capacity 14512K, committed 14720K, reserved 1048576K
2019-04-29T02:35:28.306+0800: 1504937.525: [GC pause (G1 Evacuation Pause) (young)
Desired survivor size 148897792 bytes, new threshold 15 (max 15)
- age   1:   18172536 bytes,   18172536 total
- age   2:    2082632 bytes,   20255168 total
- age   3:     401904 bytes,   20657072 total
- age   4:     161952 bytes,   20819024 total
- age   5:     214496 bytes,   21033520 total
- age   6:     187704 bytes,   21221224 total
- age   7:     181088 bytes,   21402312 total
- age   8:     149768 bytes,   21552080 total
- age   9:     178208 bytes,   21730288 total
- age  10:     229184 bytes,   21959472 total
- age  11:     265784 bytes,   22225256 total
- age  12:     231896 bytes,   22457152 total
- age  13:     291792 bytes,   22748944 total
- age  14:     293000 bytes,   23041944 total
- age  15:     294824 bytes,   23336768 total
 1504937.525: [G1Ergonomics (CSet Construction) start choosing CSet, _pending_cards: 21611, predicted base time: 7.96 ms, remaining time: 52.04 ms, target pause time: 60.00 ms]
 1504937.525: [G1Ergonomics (CSet Construction) add young regions to CSet, eden: 553 regions, survivors: 9 regions, predicted young region time: 67.08 ms]
 1504937.525: [G1Ergonomics (CSet Construction) finish choosing CSet, eden: 553 regions, survivors: 9 regions, old: 0 regions, predicted pause time: 75.04 ms, target pause time: 60.00 ms]
, 0.0184110 secs]
   [Parallel Time: 16.5 ms, GC Workers: 8]
      [GC Worker Start (ms): Min: 1504937524.8, Avg: 1504937524.9, Max: 1504937524.9, Diff: 0.1]
      [Ext Root Scanning (ms): Min: 1.1, Avg: 1.3, Max: 2.1, Diff: 1.0, Sum: 10.4]
      [Update RS (ms): Min: 4.5, Avg: 5.2, Max: 5.4, Diff: 0.9, Sum: 41.7]
         [Processed Buffers: Min: 17, Avg: 22.9, Max: 35, Diff: 18, Sum: 183]
      [Scan RS (ms): Min: 0.0, Avg: 0.1, Max: 0.1, Diff: 0.1, Sum: 0.7]
      [Code Root Scanning (ms): Min: 0.0, Avg: 0.0, Max: 0.0, Diff: 0.0, Sum: 0.0]
      [Object Copy (ms): Min: 9.6, Avg: 9.8, Max: 9.9, Diff: 0.3, Sum: 78.2]
      [Termination (ms): Min: 0.0, Avg: 0.0, Max: 0.0, Diff: 0.0, Sum: 0.0]
      [GC Worker Other (ms): Min: 0.0, Avg: 0.0, Max: 0.1, Diff: 0.1, Sum: 0.4]
      [GC Worker Total (ms): Min: 16.4, Avg: 16.4, Max: 16.5, Diff: 0.1, Sum: 131.4]
      [GC Worker End (ms): Min: 1504937541.2, Avg: 1504937541.3, Max: 1504937541.3, Diff: 0.1]
   [Code Root Fixup: 0.3 ms]
   [Code Root Purge: 0.0 ms]
   [Clear CT: 0.3 ms]
   [Other: 1.4 ms]
      [Choose CSet: 0.0 ms]
      [Ref Proc: 0.2 ms]
      [Ref Enq: 0.0 ms]
      [Redirty Cards: 0.1 ms]
      [Humongous Reclaim: 0.0 ms]
      [Free CSet: 0.6 ms]
   [Eden: 2212.0M(2212.0M)->0.0B(2216.0M) Survivors: 36.0M->32.0M Heap: 3633.3M(4500.0M)->1418.6M(4500.0M)]
Heap after GC invocations=33108 (full 0):
 garbage-first heap   total 4608000K, used 1452675K [0x00000006a6c00000, 0x00000006a7002328, 0x00000007c0000000)
  region size 4096K, 8 young (32768K), 8 survivors (32768K)
 Metaspace       used 124692K, capacity 128524K, committed 129664K, reserved 1165312K
  class space    used 13846K, capacity 14512K, committed 14720K, reserved 1048576K
}
 [Times: user=0.11 sys=0.02, real=0.02 secs] 
{Heap before GC invocations=33108 (full 0):
 garbage-first heap   total 4608000K, used 3721859K [0x00000006a6c00000, 0x00000006a7002328, 0x00000007c0000000)
  region size 4096K, 562 young (2301952K), 8 survivors (32768K)
 Metaspace       used 124692K, capacity 128524K, committed 129664K, reserved 1165312K
  class space    used 13846K, capacity 14512K, committed 14720K, reserved 1048576K
2019-04-29T02:35:59.345+0800: 1504968.563: [GC pause (G1 Evacuation Pause) (young)
Desired survivor size 148897792 bytes, new threshold 15 (max 15)
- age   1:   15586144 bytes,   15586144 total
- age   2:    2102992 bytes,   17689136 total
- age   3:     497392 bytes,   18186528 total
- age   4:     188504 bytes,   18375032 total
- age   5:     161440 bytes,   18536472 total
- age   6:     214240 bytes,   18750712 total
- age   7:     186296 bytes,   18937008 total
- age   8:     180864 bytes,   19117872 total
- age   9:     149656 bytes,   19267528 total
- age  10:     176040 bytes,   19443568 total
- age  11:     228960 bytes,   19672528 total
- age  12:     251704 bytes,   19924232 total
- age  13:     231896 bytes,   20156128 total
- age  14:     291792 bytes,   20447920 total
- age  15:     293000 bytes,   20740920 total
 1504968.564: [G1Ergonomics (CSet Construction) start choosing CSet, _pending_cards: 22310, predicted base time: 8.08 ms, remaining time: 51.92 ms, target pause time: 60.00 ms]
 1504968.564: [G1Ergonomics (CSet Construction) add young regions to CSet, eden: 554 regions, survivors: 8 regions, predicted young region time: 60.80 ms]
 1504968.564: [G1Ergonomics (CSet Construction) finish choosing CSet, eden: 554 regions, survivors: 8 regions, old: 0 regions, predicted pause time: 68.88 ms, target pause time: 60.00 ms]
, 0.0199048 secs]
   [Parallel Time: 18.0 ms, GC Workers: 8]
      [GC Worker Start (ms): Min: 1504968563.7, Avg: 1504968563.8, Max: 1504968563.8, Diff: 0.1]
      [Ext Root Scanning (ms): Min: 1.1, Avg: 1.6, Max: 4.4, Diff: 3.3, Sum: 13.2]
      [Update RS (ms): Min: 2.9, Avg: 5.4, Max: 6.0, Diff: 3.1, Sum: 43.1]
         [Processed Buffers: Min: 8, Avg: 23.1, Max: 31, Diff: 23, Sum: 185]
      [Scan RS (ms): Min: 0.0, Avg: 0.1, Max: 0.2, Diff: 0.1, Sum: 0.6]
      [Code Root Scanning (ms): Min: 0.0, Avg: 0.0, Max: 0.0, Diff: 0.0, Sum: 0.0]
      [Object Copy (ms): Min: 10.5, Avg: 10.7, Max: 10.9, Diff: 0.3, Sum: 85.8]
      [Termination (ms): Min: 0.0, Avg: 0.0, Max: 0.0, Diff: 0.0, Sum: 0.0]
      [GC Worker Other (ms): Min: 0.0, Avg: 0.1, Max: 0.1, Diff: 0.1, Sum: 0.4]
      [GC Worker Total (ms): Min: 17.9, Avg: 17.9, Max: 17.9, Diff: 0.1, Sum: 143.2]
      [GC Worker End (ms): Min: 1504968581.7, Avg: 1504968581.7, Max: 1504968581.7, Diff: 0.1]
   [Code Root Fixup: 0.3 ms]
   [Code Root Purge: 0.0 ms]
   [Clear CT: 0.2 ms]
   [Other: 1.4 ms]
      [Choose CSet: 0.0 ms]
      [Ref Proc: 0.2 ms]
      [Ref Enq: 0.0 ms]
      [Redirty Cards: 0.1 ms]
      [Humongous Reclaim: 0.0 ms]
      [Free CSet: 0.6 ms]
   [Eden: 2216.0M(2216.0M)->0.0B(2212.0M) Survivors: 32.0M->36.0M Heap: 3634.6M(4500.0M)->1421.1M(4500.0M)]
Heap after GC invocations=33109 (full 0):
 garbage-first heap   total 4608000K, used 1455169K [0x00000006a6c00000, 0x00000006a7002328, 0x00000007c0000000)
  region size 4096K, 9 young (36864K), 9 survivors (36864K)
 Metaspace       used 124692K, capacity 128524K, committed 129664K, reserved 1165312K
  class space    used 13846K, capacity 14512K, committed 14720K, reserved 1048576K
}
 [Times: user=0.12 sys=0.03, real=0.02 secs] 
{Heap before GC invocations=33109 (full 0):
 garbage-first heap   total 4608000K, used 3720257K [0x00000006a6c00000, 0x00000006a7002328, 0x00000007c0000000)
  region size 4096K, 562 young (2301952K), 9 survivors (36864K)
 Metaspace       used 124692K, capacity 128524K, committed 129664K, reserved 1165312K
  class space    used 13846K, capacity 14512K, committed 14720K, reserved 1048576K
2019-04-29T02:36:25.952+0800: 1504995.171: [GC pause (G1 Evacuation Pause) (young)
Desired survivor size 148897792 bytes, new threshold 15 (max 15)
- age   1:   17960528 bytes,   17960528 total
- age   2:    2248568 bytes,   20209096 total
- age   3:     503488 bytes,   20712584 total
- age   4:     155376 bytes,   20867960 total
- age   5:     180168 bytes,   21048128 total
- age   6:     160496 bytes,   21208624 total
- age   7:     214240 bytes,   21422864 total
- age   8:     185848 bytes,   21608712 total
- age   9:     180832 bytes,   21789544 total
- age  10:     149656 bytes,   21939200 total
- age  11:     175144 bytes,   22114344 total
- age  12:     228736 bytes,   22343080 total
- age  13:     251704 bytes,   22594784 total
- age  14:     231784 bytes,   22826568 total
- age  15:     291792 bytes,   23118360 total
 1504995.171: [G1Ergonomics (CSet Construction) start choosing CSet, _pending_cards: 22093, predicted base time: 8.13 ms, remaining time: 51.87 ms, target pause time: 60.00 ms]
 1504995.171: [G1Ergonomics (CSet Construction) add young regions to CSet, eden: 553 regions, survivors: 9 regions, predicted young region time: 123.05 ms]
 1504995.171: [G1Ergonomics (CSet Construction) finish choosing CSet, eden: 553 regions, survivors: 9 regions, old: 0 regions, predicted pause time: 131.18 ms, target pause time: 60.00 ms]
, 0.0231023 secs]
   [Parallel Time: 21.1 ms, GC Workers: 8]
      [GC Worker Start (ms): Min: 1504995171.2, Avg: 1504995171.2, Max: 1504995171.3, Diff: 0.1]
      [Ext Root Scanning (ms): Min: 1.1, Avg: 1.3, Max: 2.2, Diff: 1.1, Sum: 10.7]
      [Update RS (ms): Min: 4.4, Avg: 5.2, Max: 5.4, Diff: 1.0, Sum: 41.4]
         [Processed Buffers: Min: 12, Avg: 22.4, Max: 52, Diff: 40, Sum: 179]
      [Scan RS (ms): Min: 0.0, Avg: 0.1, Max: 0.2, Diff: 0.1, Sum: 0.6]
      [Code Root Scanning (ms): Min: 0.0, Avg: 0.0, Max: 0.0, Diff: 0.0, Sum: 0.0]
      [Object Copy (ms): Min: 14.1, Avg: 14.3, Max: 14.4, Diff: 0.3, Sum: 114.6]
      [Termination (ms): Min: 0.0, Avg: 0.0, Max: 0.0, Diff: 0.0, Sum: 0.0]
      [GC Worker Other (ms): Min: 0.0, Avg: 0.0, Max: 0.1, Diff: 0.1, Sum: 0.3]
      [GC Worker Total (ms): Min: 20.9, Avg: 21.0, Max: 21.0, Diff: 0.1, Sum: 167.6]
      [GC Worker End (ms): Min: 1504995192.2, Avg: 1504995192.2, Max: 1504995192.2, Diff: 0.1]
   [Code Root Fixup: 0.3 ms]
   [Code Root Purge: 0.0 ms]
   [Clear CT: 0.3 ms]
   [Other: 1.5 ms]
      [Choose CSet: 0.0 ms]
      [Ref Proc: 0.2 ms]
      [Ref Enq: 0.0 ms]
      [Redirty Cards: 0.1 ms]
      [Humongous Reclaim: 0.0 ms]
      [Free CSet: 0.6 ms]
   [Eden: 2212.0M(2212.0M)->0.0B(2212.0M) Survivors: 36.0M->36.0M Heap: 3633.1M(4500.0M)->1423.5M(4500.0M)]
Heap after GC invocations=33110 (full 0):
 garbage-first heap   total 4608000K, used 1457669K [0x00000006a6c00000, 0x00000006a7002328, 0x00000007c0000000)
  region size 4096K, 9 young (36864K), 9 survivors (36864K)
 Metaspace       used 124692K, capacity 128524K, committed 129664K, reserved 1165312K
  class space    used 13846K, capacity 14512K, committed 14720K, reserved 1048576K
}
 [Times: user=0.13 sys=0.03, real=0.02 secs] 
{Heap before GC invocations=33110 (full 0):
 garbage-first heap   total 4608000K, used 3722757K [0x00000006a6c00000, 0x00000006a7002328, 0x00000007c0000000)
  region size 4096K, 562 young (2301952K), 9 survivors (36864K)
 Metaspace       used 124692K, capacity 128524K, committed 129664K, reserved 1165312K
  class space    used 13846K, capacity 14512K, committed 14720K, reserved 1048576K
2019-04-29T02:36:56.587+0800: 1505025.805: [GC pause (G1 Evacuation Pause) (young)
Desired survivor size 148897792 bytes, new threshold 15 (max 15)
- age   1:   24214088 bytes,   24214088 total
- age   2:    2190656 bytes,   26404744 total
- age   3:     588888 bytes,   26993632 total
- age   4:     332896 bytes,   27326528 total
- age   5:     154608 bytes,   27481136 total
- age   6:     179848 bytes,   27660984 total
- age   7:     160248 bytes,   27821232 total
- age   8:     214240 bytes,   28035472 total
- age   9:     185848 bytes,   28221320 total
- age  10:     180832 bytes,   28402152 total
- age  11:     149656 bytes,   28551808 total
- age  12:     174096 bytes,   28725904 total
- age  13:     228736 bytes,   28954640 total
- age  14:     250024 bytes,   29204664 total
- age  15:     231784 bytes,   29436448 total
 1505025.806: [G1Ergonomics (CSet Construction) start choosing CSet, _pending_cards: 21374, predicted base time: 7.91 ms, remaining time: 52.09 ms, target pause time: 60.00 ms]
 1505025.806: [G1Ergonomics (CSet Construction) add young regions to CSet, eden: 553 regions, survivors: 9 regions, predicted young region time: 140.15 ms]
 1505025.806: [G1Ergonomics (CSet Construction) finish choosing CSet, eden: 553 regions, survivors: 9 regions, old: 0 regions, predicted pause time: 148.06 ms, target pause time: 60.00 ms]
, 0.0196369 secs]
   [Parallel Time: 17.2 ms, GC Workers: 8]
      [GC Worker Start (ms): Min: 1505025805.8, Avg: 1505025805.9, Max: 1505025805.9, Diff: 0.1]
      [Ext Root Scanning (ms): Min: 1.2, Avg: 1.5, Max: 2.3, Diff: 1.1, Sum: 11.8]
      [Update RS (ms): Min: 5.0, Avg: 5.6, Max: 5.9, Diff: 0.9, Sum: 44.6]
         [Processed Buffers: Min: 14, Avg: 21.4, Max: 41, Diff: 27, Sum: 171]
      [Scan RS (ms): Min: 0.0, Avg: 0.1, Max: 0.2, Diff: 0.1, Sum: 0.6]
      [Code Root Scanning (ms): Min: 0.0, Avg: 0.0, Max: 0.0, Diff: 0.0, Sum: 0.0]
      [Object Copy (ms): Min: 9.8, Avg: 9.9, Max: 10.1, Diff: 0.3, Sum: 79.5]
      [Termination (ms): Min: 0.0, Avg: 0.0, Max: 0.0, Diff: 0.0, Sum: 0.0]
      [GC Worker Other (ms): Min: 0.0, Avg: 0.1, Max: 0.1, Diff: 0.1, Sum: 0.5]
      [GC Worker Total (ms): Min: 17.1, Avg: 17.1, Max: 17.2, Diff: 0.1, Sum: 137.1]
      [GC Worker End (ms): Min: 1505025823.0, Avg: 1505025823.0, Max: 1505025823.0, Diff: 0.1]
   [Code Root Fixup: 0.2 ms]
   [Code Root Purge: 0.0 ms]
   [Clear CT: 0.3 ms]
   [Other: 1.8 ms]
      [Choose CSet: 0.0 ms]
      [Ref Proc: 0.2 ms]
      [Ref Enq: 0.0 ms]
      [Redirty Cards: 0.1 ms]
      [Humongous Reclaim: 0.0 ms]
      [Free CSet: 1.0 ms]
   [Eden: 2212.0M(2212.0M)->0.0B(2212.0M) Survivors: 36.0M->36.0M Heap: 3635.5M(4500.0M)->1421.9M(4500.0M)]
Heap after GC invocations=33111 (full 0):
 garbage-first heap   total 4608000K, used 1456046K [0x00000006a6c00000, 0x00000006a7002328, 0x00000007c0000000)
  region size 4096K, 9 young (36864K), 9 survivors (36864K)
 Metaspace       used 124692K, capacity 128524K, committed 129664K, reserved 1165312K
  class space    used 13846K, capacity 14512K, committed 14720K, reserved 1048576K
}
 [Times: user=0.11 sys=0.03, real=0.02 secs] 
{Heap before GC invocations=33111 (full 0):
 garbage-first heap   total 4608000K, used 3721134K [0x00000006a6c00000, 0x00000006a7002328, 0x00000007c0000000)
  region size 4096K, 562 young (2301952K), 9 survivors (36864K)
 Metaspace       used 124692K, capacity 128524K, committed 129664K, reserved 1165312K
  class space    used 13846K, capacity 14512K, committed 14720K, reserved 1048576K
2019-04-29T02:37:26.846+0800: 1505056.065: [GC pause (G1 Evacuation Pause) (young)
Desired survivor size 148897792 bytes, new threshold 15 (max 15)
- age   1:   16788360 bytes,   16788360 total
- age   2:    1994896 bytes,   18783256 total
- age   3:     295680 bytes,   19078936 total
- age   4:     517512 bytes,   19596448 total
- age   5:     332256 bytes,   19928704 total
- age   6:     154408 bytes,   20083112 total
- age   7:     179120 bytes,   20262232 total
- age   8:     160136 bytes,   20422368 total
- age   9:     214240 bytes,   20636608 total
- age  10:     185848 bytes,   20822456 total
- age  11:     180832 bytes,   21003288 total
- age  12:     149656 bytes,   21152944 total
- age  13:     174096 bytes,   21327040 total
- age  14:     228736 bytes,   21555776 total
- age  15:     250024 bytes,   21805800 total
 1505056.065: [G1Ergonomics (CSet Construction) start choosing CSet, _pending_cards: 21079, predicted base time: 8.08 ms, remaining time: 51.92 ms, target pause time: 60.00 ms]
 1505056.065: [G1Ergonomics (CSet Construction) add young regions to CSet, eden: 553 regions, survivors: 9 regions, predicted young region time: 111.09 ms]
 1505056.065: [G1Ergonomics (CSet Construction) finish choosing CSet, eden: 553 regions, survivors: 9 regions, old: 0 regions, predicted pause time: 119.17 ms, target pause time: 60.00 ms]
, 0.0181843 secs]
   [Parallel Time: 16.3 ms, GC Workers: 8]
      [GC Worker Start (ms): Min: 1505056065.2, Avg: 1505056065.2, Max: 1505056065.3, Diff: 0.1]
      [Ext Root Scanning (ms): Min: 1.1, Avg: 1.3, Max: 2.0, Diff: 0.9, Sum: 10.5]
      [Update RS (ms): Min: 4.8, Avg: 5.2, Max: 5.5, Diff: 0.7, Sum: 41.8]
         [Processed Buffers: Min: 14, Avg: 22.6, Max: 36, Diff: 22, Sum: 181]
      [Scan RS (ms): Min: 0.0, Avg: 0.1, Max: 0.1, Diff: 0.1, Sum: 0.6]
      [Code Root Scanning (ms): Min: 0.0, Avg: 0.0, Max: 0.0, Diff: 0.0, Sum: 0.0]
      [Object Copy (ms): Min: 9.3, Avg: 9.5, Max: 9.6, Diff: 0.3, Sum: 76.0]
      [Termination (ms): Min: 0.0, Avg: 0.0, Max: 0.0, Diff: 0.0, Sum: 0.0]
      [GC Worker Other (ms): Min: 0.0, Avg: 0.0, Max: 0.1, Diff: 0.1, Sum: 0.4]
      [GC Worker Total (ms): Min: 16.1, Avg: 16.2, Max: 16.2, Diff: 0.1, Sum: 129.3]
      [GC Worker End (ms): Min: 1505056081.4, Avg: 1505056081.4, Max: 1505056081.4, Diff: 0.1]
   [Code Root Fixup: 0.2 ms]
   [Code Root Purge: 0.0 ms]
   [Clear CT: 0.3 ms]
   [Other: 1.4 ms]
      [Choose CSet: 0.0 ms]
      [Ref Proc: 0.2 ms]
      [Ref Enq: 0.0 ms]
      [Redirty Cards: 0.1 ms]
      [Humongous Reclaim: 0.0 ms]
      [Free CSet: 0.7 ms]
   [Eden: 2212.0M(2212.0M)->0.0B(2216.0M) Survivors: 36.0M->32.0M Heap: 3633.9M(4500.0M)->1420.3M(4500.0M)]
Heap after GC invocations=33112 (full 0):
 garbage-first heap   total 4608000K, used 1454349K [0x00000006a6c00000, 0x00000006a7002328, 0x00000007c0000000)
  region size 4096K, 8 young (32768K), 8 survivors (32768K)
 Metaspace       used 124692K, capacity 128524K, committed 129664K, reserved 1165312K
  class space    used 13846K, capacity 14512K, committed 14720K, reserved 1048576K
}
 [Times: user=0.11 sys=0.03, real=0.02 secs] 
{Heap before GC invocations=33112 (full 0):
 garbage-first heap   total 4608000K, used 3723533K [0x00000006a6c00000, 0x00000006a7002328, 0x00000007c0000000)
  region size 4096K, 562 young (2301952K), 8 survivors (32768K)
 Metaspace       used 124692K, capacity 128524K, committed 129664K, reserved 1165312K
  class space    used 13846K, capacity 14512K, committed 14720K, reserved 1048576K
2019-04-29T02:37:55.303+0800: 1505084.522: [GC pause (G1 Evacuation Pause) (young)
Desired survivor size 148897792 bytes, new threshold 15 (max 15)
- age   1:   15452360 bytes,   15452360 total
- age   2:    1986240 bytes,   17438600 total
- age   3:     197208 bytes,   17635808 total
- age   4:     247792 bytes,   17883600 total
- age   5:     516744 bytes,   18400344 total
- age   6:     330096 bytes,   18730440 total
- age   7:     153512 bytes,   18883952 total
- age   8:     179088 bytes,   19063040 total
- age   9:     160136 bytes,   19223176 total
- age  10:     214240 bytes,   19437416 total
- age  11:     185848 bytes,   19623264 total
- age  12:     180832 bytes,   19804096 total
- age  13:     149656 bytes,   19953752 total
- age  14:     174096 bytes,   20127848 total
- age  15:     228736 bytes,   20356584 total
 1505084.522: [G1Ergonomics (CSet Construction) start choosing CSet, _pending_cards: 21335, predicted base time: 8.08 ms, remaining time: 51.92 ms, target pause time: 60.00 ms]
 1505084.522: [G1Ergonomics (CSet Construction) add young regions to CSet, eden: 554 regions, survivors: 8 regions, predicted young region time: 94.32 ms]
 1505084.522: [G1Ergonomics (CSet Construction) finish choosing CSet, eden: 554 regions, survivors: 8 regions, old: 0 regions, predicted pause time: 102.40 ms, target pause time: 60.00 ms]
, 0.0188119 secs]
   [Parallel Time: 17.0 ms, GC Workers: 8]
      [GC Worker Start (ms): Min: 1505084522.2, Avg: 1505084522.2, Max: 1505084522.3, Diff: 0.1]
      [Ext Root Scanning (ms): Min: 1.0, Avg: 1.3, Max: 2.0, Diff: 1.0, Sum: 10.1]
      [Update RS (ms): Min: 4.6, Avg: 5.2, Max: 5.5, Diff: 0.9, Sum: 41.4]
         [Processed Buffers: Min: 14, Avg: 21.9, Max: 43, Diff: 29, Sum: 175]
      [Scan RS (ms): Min: 0.0, Avg: 0.1, Max: 0.1, Diff: 0.1, Sum: 0.7]
      [Code Root Scanning (ms): Min: 0.0, Avg: 0.0, Max: 0.0, Diff: 0.0, Sum: 0.0]
      [Object Copy (ms): Min: 10.2, Avg: 10.3, Max: 10.4, Diff: 0.1, Sum: 82.6]
      [Termination (ms): Min: 0.0, Avg: 0.0, Max: 0.0, Diff: 0.0, Sum: 0.0]
      [GC Worker Other (ms): Min: 0.0, Avg: 0.0, Max: 0.1, Diff: 0.0, Sum: 0.3]
      [GC Worker Total (ms): Min: 16.8, Avg: 16.9, Max: 16.9, Diff: 0.1, Sum: 135.0]
      [GC Worker End (ms): Min: 1505084539.1, Avg: 1505084539.1, Max: 1505084539.2, Diff: 0.0]
   [Code Root Fixup: 0.2 ms]
   [Code Root Purge: 0.0 ms]
   [Clear CT: 0.2 ms]
   [Other: 1.4 ms]
      [Choose CSet: 0.0 ms]
      [Ref Proc: 0.2 ms]
      [Ref Enq: 0.0 ms]
      [Redirty Cards: 0.1 ms]
      [Humongous Reclaim: 0.0 ms]
      [Free CSet: 0.6 ms]
   [Eden: 2216.0M(2216.0M)->0.0B(2212.0M) Survivors: 32.0M->36.0M Heap: 3636.3M(4500.0M)->1422.6M(4500.0M)]
Heap after GC invocations=33113 (full 0):
 garbage-first heap   total 4608000K, used 1456758K [0x00000006a6c00000, 0x00000006a7002328, 0x00000007c0000000)
  region size 4096K, 9 young (36864K), 9 survivors (36864K)
 Metaspace       used 124692K, capacity 128524K, committed 129664K, reserved 1165312K
  class space    used 13846K, capacity 14512K, committed 14720K, reserved 1048576K
}
 [Times: user=0.11 sys=0.03, real=0.02 secs] 
{Heap before GC invocations=33113 (full 0):
 garbage-first heap   total 4608000K, used 3721846K [0x00000006a6c00000, 0x00000006a7002328, 0x00000007c0000000)
  region size 4096K, 562 young (2301952K), 9 survivors (36864K)
 Metaspace       used 124692K, capacity 128524K, committed 129664K, reserved 1165312K
  class space    used 13846K, capacity 14512K, committed 14720K, reserved 1048576K
2019-04-29T02:38:26.673+0800: 1505115.892: [GC pause (G1 Evacuation Pause) (young)
Desired survivor size 148897792 bytes, new threshold 15 (max 15)
- age   1:   17536432 bytes,   17536432 total
- age   2:    1939744 bytes,   19476176 total
- age   3:     333416 bytes,   19809592 total
- age   4:     196024 bytes,   20005616 total
- age   5:     246232 bytes,   20251848 total
- age   6:     280608 bytes,   20532456 total
- age   7:     200928 bytes,   20733384 total
- age   8:     153512 bytes,   20886896 total
- age   9:     179088 bytes,   21065984 total
- age  10:     160136 bytes,   21226120 total
- age  11:     214176 bytes,   21440296 total
- age  12:     185848 bytes,   21626144 total
- age  13:     180832 bytes,   21806976 total
- age  14:     149656 bytes,   21956632 total
- age  15:     174096 bytes,   22130728 total
 1505115.892: [G1Ergonomics (CSet Construction) start choosing CSet, _pending_cards: 21114, predicted base time: 7.92 ms, remaining time: 52.08 ms, target pause time: 60.00 ms]
 1505115.892: [G1Ergonomics (CSet Construction) add young regions to CSet, eden: 553 regions, survivors: 9 regions, predicted young region time: 76.26 ms]
 1505115.892: [G1Ergonomics (CSet Construction) finish choosing CSet, eden: 553 regions, survivors: 9 regions, old: 0 regions, predicted pause time: 84.18 ms, target pause time: 60.00 ms]
, 0.0178537 secs]
   [Parallel Time: 16.0 ms, GC Workers: 8]
      [GC Worker Start (ms): Min: 1505115891.9, Avg: 1505115891.9, Max: 1505115892.0, Diff: 0.1]
      [Ext Root Scanning (ms): Min: 1.0, Avg: 1.3, Max: 2.1, Diff: 1.1, Sum: 10.4]
      [Update RS (ms): Min: 4.7, Avg: 5.2, Max: 5.5, Diff: 0.8, Sum: 41.3]
         [Processed Buffers: Min: 11, Avg: 22.1, Max: 35, Diff: 24, Sum: 177]
      [Scan RS (ms): Min: 0.0, Avg: 0.1, Max: 0.1, Diff: 0.1, Sum: 0.6]
      [Code Root Scanning (ms): Min: 0.0, Avg: 0.0, Max: 0.0, Diff: 0.0, Sum: 0.0]
      [Object Copy (ms): Min: 9.0, Avg: 9.3, Max: 9.4, Diff: 0.3, Sum: 74.1]
      [Termination (ms): Min: 0.0, Avg: 0.0, Max: 0.0, Diff: 0.0, Sum: 0.0]
      [GC Worker Other (ms): Min: 0.0, Avg: 0.0, Max: 0.1, Diff: 0.0, Sum: 0.3]
      [GC Worker Total (ms): Min: 15.8, Avg: 15.8, Max: 15.9, Diff: 0.1, Sum: 126.8]
      [GC Worker End (ms): Min: 1505115907.7, Avg: 1505115907.8, Max: 1505115907.8, Diff: 0.0]
   [Code Root Fixup: 0.2 ms]
   [Code Root Purge: 0.0 ms]
   [Clear CT: 0.3 ms]
   [Other: 1.4 ms]
      [Choose CSet: 0.0 ms]
      [Ref Proc: 0.2 ms]
      [Ref Enq: 0.0 ms]
      [Redirty Cards: 0.1 ms]
      [Humongous Reclaim: 0.0 ms]
      [Free CSet: 0.6 ms]
   [Eden: 2212.0M(2212.0M)->0.0B(2212.0M) Survivors: 36.0M->36.0M Heap: 3634.6M(4500.0M)->1422.9M(4500.0M)]
Heap after GC invocations=33114 (full 0):
 garbage-first heap   total 4608000K, used 1457065K [0x00000006a6c00000, 0x00000006a7002328, 0x00000007c0000000)
  region size 4096K, 9 young (36864K), 9 survivors (36864K)
 Metaspace       used 124692K, capacity 128524K, committed 129664K, reserved 1165312K
  class space    used 13846K, capacity 14512K, committed 14720K, reserved 1048576K
}
 [Times: user=0.10 sys=0.02, real=0.02 secs] 
{Heap before GC invocations=33114 (full 0):
 garbage-first heap   total 4608000K, used 3722153K [0x00000006a6c00000, 0x00000006a7002328, 0x00000007c0000000)
  region size 4096K, 562 young (2301952K), 9 survivors (36864K)
 Metaspace       used 124692K, capacity 128524K, committed 129664K, reserved 1165312K
  class space    used 13846K, capacity 14512K, committed 14720K, reserved 1048576K
2019-04-29T02:38:57.332+0800: 1505146.551: [GC pause (G1 Evacuation Pause) (young)
Desired survivor size 148897792 bytes, new threshold 15 (max 15)
- age   1:   15740648 bytes,   15740648 total
- age   2:    2054128 bytes,   17794776 total
- age   3:     126728 bytes,   17921504 total
- age   4:     162992 bytes,   18084496 total
- age   5:     193216 bytes,   18277712 total
- age   6:     245080 bytes,   18522792 total
- age   7:     279248 bytes,   18802040 total
- age   8:     200816 bytes,   19002856 total
- age   9:     153512 bytes,   19156368 total
- age  10:     179088 bytes,   19335456 total
- age  11:     160112 bytes,   19495568 total
- age  12:     214176 bytes,   19709744 total
- age  13:     185848 bytes,   19895592 total
- age  14:     180832 bytes,   20076424 total
- age  15:     149656 bytes,   20226080 total
 1505146.551: [G1Ergonomics (CSet Construction) start choosing CSet, _pending_cards: 21586, predicted base time: 7.99 ms, remaining time: 52.01 ms, target pause time: 60.00 ms]
 1505146.551: [G1Ergonomics (CSet Construction) add young regions to CSet, eden: 553 regions, survivors: 9 regions, predicted young region time: 60.35 ms]
 1505146.551: [G1Ergonomics (CSet Construction) finish choosing CSet, eden: 553 regions, survivors: 9 regions, old: 0 regions, predicted pause time: 68.34 ms, target pause time: 60.00 ms]
, 0.0182595 secs]
   [Parallel Time: 16.3 ms, GC Workers: 8]
      [GC Worker Start (ms): Min: 1505146551.2, Avg: 1505146551.2, Max: 1505146551.3, Diff: 0.1]
      [Ext Root Scanning (ms): Min: 1.0, Avg: 1.5, Max: 4.3, Diff: 3.3, Sum: 12.4]
      [Update RS (ms): Min: 2.4, Avg: 5.1, Max: 5.8, Diff: 3.4, Sum: 40.9]
         [Processed Buffers: Min: 13, Avg: 21.8, Max: 35, Diff: 22, Sum: 174]
      [Scan RS (ms): Min: 0.0, Avg: 0.1, Max: 0.1, Diff: 0.1, Sum: 0.6]
      [Code Root Scanning (ms): Min: 0.0, Avg: 0.0, Max: 0.0, Diff: 0.0, Sum: 0.0]
      [Object Copy (ms): Min: 9.3, Avg: 9.4, Max: 9.5, Diff: 0.3, Sum: 75.4]
      [Termination (ms): Min: 0.0, Avg: 0.0, Max: 0.0, Diff: 0.0, Sum: 0.0]
      [GC Worker Other (ms): Min: 0.0, Avg: 0.1, Max: 0.1, Diff: 0.1, Sum: 0.4]
      [GC Worker Total (ms): Min: 16.2, Avg: 16.2, Max: 16.3, Diff: 0.1, Sum: 129.8]
      [GC Worker End (ms): Min: 1505146567.4, Avg: 1505146567.5, Max: 1505146567.5, Diff: 0.1]
   [Code Root Fixup: 0.2 ms]
   [Code Root Purge: 0.0 ms]
   [Clear CT: 0.3 ms]
   [Other: 1.4 ms]
      [Choose CSet: 0.0 ms]
      [Ref Proc: 0.2 ms]
      [Ref Enq: 0.0 ms]
      [Redirty Cards: 0.1 ms]
      [Humongous Reclaim: 0.0 ms]
      [Free CSet: 0.6 ms]
   [Eden: 2212.0M(2212.0M)->0.0B(2212.0M) Survivors: 36.0M->36.0M Heap: 3634.9M(4500.0M)->1422.7M(4500.0M)]
Heap after GC invocations=33115 (full 0):
 garbage-first heap   total 4608000K, used 1456835K [0x00000006a6c00000, 0x00000006a7002328, 0x00000007c0000000)
  region size 4096K, 9 young (36864K), 9 survivors (36864K)
 Metaspace       used 124692K, capacity 128524K, committed 129664K, reserved 1165312K
  class space    used 13846K, capacity 14512K, committed 14720K, reserved 1048576K
}
 [Times: user=0.11 sys=0.03, real=0.02 secs] 
{Heap before GC invocations=33115 (full 0):
 garbage-first heap   total 4608000K, used 3721923K [0x00000006a6c00000, 0x00000006a7002328, 0x00000007c0000000)
  region size 4096K, 562 young (2301952K), 9 survivors (36864K)
 Metaspace       used 124692K, capacity 128524K, committed 129664K, reserved 1165312K
  class space    used 13846K, capacity 14512K, committed 14720K, reserved 1048576K
2019-04-29T02:39:26.955+0800: 1505176.174: [GC pause (G1 Evacuation Pause) (young)
Desired survivor size 148897792 bytes, new threshold 15 (max 15)
- age   1:   15806112 bytes,   15806112 total
- age   2:    2012432 bytes,   17818544 total
- age   3:     251544 bytes,   18070088 total
- age   4:     120944 bytes,   18191032 total
- age   5:     150088 bytes,   18341120 total
- age   6:     183912 bytes,   18525032 total
- age   7:     245080 bytes,   18770112 total
- age   8:     278240 bytes,   19048352 total
- age   9:     200816 bytes,   19249168 total
- age  10:     153512 bytes,   19402680 total
- age  11:     179088 bytes,   19581768 total
- age  12:     160112 bytes,   19741880 total
- age  13:     214176 bytes,   19956056 total
- age  14:     185848 bytes,   20141904 total
- age  15:     180832 bytes,   20322736 total
 1505176.174: [G1Ergonomics (CSet Construction) start choosing CSet, _pending_cards: 20913, predicted base time: 7.84 ms, remaining time: 52.16 ms, target pause time: 60.00 ms]
 1505176.174: [G1Ergonomics (CSet Construction) add young regions to CSet, eden: 553 regions, survivors: 9 regions, predicted young region time: 46.67 ms]
 1505176.174: [G1Ergonomics (CSet Construction) finish choosing CSet, eden: 553 regions, survivors: 9 regions, old: 0 regions, predicted pause time: 54.51 ms, target pause time: 60.00 ms]
, 0.0169264 secs]
   [Parallel Time: 15.0 ms, GC Workers: 8]
      [GC Worker Start (ms): Min: 1505176174.5, Avg: 1505176174.5, Max: 1505176174.6, Diff: 0.1]
      [Ext Root Scanning (ms): Min: 1.1, Avg: 1.3, Max: 2.2, Diff: 1.1, Sum: 10.5]
      [Update RS (ms): Min: 4.4, Avg: 5.0, Max: 5.3, Diff: 0.8, Sum: 40.3]
         [Processed Buffers: Min: 10, Avg: 21.5, Max: 31, Diff: 21, Sum: 172]
      [Scan RS (ms): Min: 0.0, Avg: 0.1, Max: 0.1, Diff: 0.1, Sum: 0.6]
      [Code Root Scanning (ms): Min: 0.0, Avg: 0.0, Max: 0.0, Diff: 0.0, Sum: 0.0]
      [Object Copy (ms): Min: 8.2, Avg: 8.4, Max: 8.4, Diff: 0.2, Sum: 67.0]
      [Termination (ms): Min: 0.0, Avg: 0.0, Max: 0.0, Diff: 0.0, Sum: 0.0]
      [GC Worker Other (ms): Min: 0.0, Avg: 0.0, Max: 0.1, Diff: 0.1, Sum: 0.4]
      [GC Worker Total (ms): Min: 14.8, Avg: 14.9, Max: 14.9, Diff: 0.1, Sum: 118.9]
      [GC Worker End (ms): Min: 1505176189.4, Avg: 1505176189.4, Max: 1505176189.4, Diff: 0.1]
   [Code Root Fixup: 0.3 ms]
   [Code Root Purge: 0.0 ms]
   [Clear CT: 0.3 ms]
   [Other: 1.4 ms]
      [Choose CSet: 0.0 ms]
      [Ref Proc: 0.2 ms]
      [Ref Enq: 0.0 ms]
      [Redirty Cards: 0.1 ms]
      [Humongous Reclaim: 0.0 ms]
      [Free CSet: 0.6 ms]
   [Eden: 2212.0M(2212.0M)->0.0B(2216.0M) Survivors: 36.0M->32.0M Heap: 3634.7M(4500.0M)->1421.4M(4500.0M)]
Heap after GC invocations=33116 (full 0):
 garbage-first heap   total 4608000K, used 1455503K [0x00000006a6c00000, 0x00000006a7002328, 0x00000007c0000000)
  region size 4096K, 8 young (32768K), 8 survivors (32768K)
 Metaspace       used 124692K, capacity 128524K, committed 129664K, reserved 1165312K
  class space    used 13846K, capacity 14512K, committed 14720K, reserved 1048576K
}
 [Times: user=0.10 sys=0.03, real=0.02 secs] 
{Heap before GC invocations=33116 (full 0):
 garbage-first heap   total 4608000K, used 3724687K [0x00000006a6c00000, 0x00000006a7002328, 0x00000007c0000000)
  region size 4096K, 562 young (2301952K), 8 survivors (32768K)
 Metaspace       used 124692K, capacity 128524K, committed 129664K, reserved 1165312K
  class space    used 13846K, capacity 14512K, committed 14720K, reserved 1048576K
2019-04-29T02:39:58.747+0800: 1505207.966: [GC pause (G1 Evacuation Pause) (young)
Desired survivor size 148897792 bytes, new threshold 15 (max 15)
- age   1:   14505384 bytes,   14505384 total
- age   2:    1918936 bytes,   16424320 total
- age   3:     107840 bytes,   16532160 total
- age   4:      90888 bytes,   16623048 total
- age   5:     113392 bytes,   16736440 total
- age   6:     149488 bytes,   16885928 total
- age   7:     182864 bytes,   17068792 total
- age   8:     245048 bytes,   17313840 total
- age   9:     278128 bytes,   17591968 total
- age  10:     200816 bytes,   17792784 total
- age  11:     153512 bytes,   17946296 total
- age  12:     179088 bytes,   18125384 total
- age  13:     160112 bytes,   18285496 total
- age  14:     214176 bytes,   18499672 total
- age  15:     185848 bytes,   18685520 total
 1505207.966: [G1Ergonomics (CSet Construction) start choosing CSet, _pending_cards: 21825, predicted base time: 8.02 ms, remaining time: 51.98 ms, target pause time: 60.00 ms]
 1505207.966: [G1Ergonomics (CSet Construction) add young regions to CSet, eden: 554 regions, survivors: 8 regions, predicted young region time: 36.48 ms]
 1505207.966: [G1Ergonomics (CSet Construction) finish choosing CSet, eden: 554 regions, survivors: 8 regions, old: 0 regions, predicted pause time: 44.50 ms, target pause time: 60.00 ms]
, 0.0187122 secs]
   [Parallel Time: 16.6 ms, GC Workers: 8]
      [GC Worker Start (ms): Min: 1505207966.4, Avg: 1505207966.4, Max: 1505207966.5, Diff: 0.1]
      [Ext Root Scanning (ms): Min: 1.1, Avg: 1.4, Max: 2.2, Diff: 1.1, Sum: 11.0]
      [Update RS (ms): Min: 4.7, Avg: 5.4, Max: 5.7, Diff: 1.0, Sum: 43.0]
         [Processed Buffers: Min: 16, Avg: 22.2, Max: 35, Diff: 19, Sum: 178]
      [Scan RS (ms): Min: 0.0, Avg: 0.1, Max: 0.2, Diff: 0.1, Sum: 0.7]
      [Code Root Scanning (ms): Min: 0.0, Avg: 0.0, Max: 0.0, Diff: 0.0, Sum: 0.0]
      [Object Copy (ms): Min: 9.4, Avg: 9.6, Max: 9.7, Diff: 0.3, Sum: 76.7]
      [Termination (ms): Min: 0.0, Avg: 0.0, Max: 0.0, Diff: 0.0, Sum: 0.0]
      [GC Worker Other (ms): Min: 0.0, Avg: 0.1, Max: 0.1, Diff: 0.1, Sum: 0.4]
      [GC Worker Total (ms): Min: 16.4, Avg: 16.5, Max: 16.5, Diff: 0.1, Sum: 131.8]
      [GC Worker End (ms): Min: 1505207982.9, Avg: 1505207982.9, Max: 1505207982.9, Diff: 0.1]
   [Code Root Fixup: 0.2 ms]
   [Code Root Purge: 0.0 ms]
   [Clear CT: 0.3 ms]
   [Other: 1.6 ms]
      [Choose CSet: 0.0 ms]
      [Ref Proc: 0.2 ms]
      [Ref Enq: 0.0 ms]
      [Redirty Cards: 0.1 ms]
      [Humongous Reclaim: 0.0 ms]
      [Free CSet: 0.7 ms]
   [Eden: 2216.0M(2216.0M)->0.0B(2212.0M) Survivors: 32.0M->36.0M Heap: 3637.4M(4500.0M)->1424.4M(4500.0M)]
Heap after GC invocations=33117 (full 0):
 garbage-first heap   total 4608000K, used 1458616K [0x00000006a6c00000, 0x00000006a7002328, 0x00000007c0000000)
  region size 4096K, 9 young (36864K), 9 survivors (36864K)
 Metaspace       used 124692K, capacity 128524K, committed 129664K, reserved 1165312K
  class space    used 13846K, capacity 14512K, committed 14720K, reserved 1048576K
}
 [Times: user=0.11 sys=0.03, real=0.02 secs] 
{Heap before GC invocations=33117 (full 0):
 garbage-first heap   total 4608000K, used 3723704K [0x00000006a6c00000, 0x00000006a7002328, 0x00000007c0000000)
  region size 4096K, 562 young (2301952K), 9 survivors (36864K)
 Metaspace       used 124692K, capacity 128524K, committed 129664K, reserved 1165312K
  class space    used 13846K, capacity 14512K, committed 14720K, reserved 1048576K
2019-04-29T02:40:19.633+0800: 1505228.852: [GC pause (G1 Evacuation Pause) (young)
Desired survivor size 148897792 bytes, new threshold 15 (max 15)
- age   1:   16801840 bytes,   16801840 total
- age   2:    2040032 bytes,   18841872 total
- age   3:     114256 bytes,   18956128 total
- age   4:     105552 bytes,   19061680 total
- age   5:      86912 bytes,   19148592 total
- age   6:     110720 bytes,   19259312 total
- age   7:     149264 bytes,   19408576 total
- age   8:     182416 bytes,   19590992 total
- age   9:     245048 bytes,   19836040 total
- age  10:     278128 bytes,   20114168 total
- age  11:     200816 bytes,   20314984 total
- age  12:     153512 bytes,   20468496 total
- age  13:     179088 bytes,   20647584 total
- age  14:     160112 bytes,   20807696 total
- age  15:     214176 bytes,   21021872 total
 1505228.852: [G1Ergonomics (CSet Construction) start choosing CSet, _pending_cards: 20834, predicted base time: 7.82 ms, remaining time: 52.18 ms, target pause time: 60.00 ms]
 1505228.852: [G1Ergonomics (CSet Construction) add young regions to CSet, eden: 553 regions, survivors: 9 regions, predicted young region time: 33.08 ms]
 1505228.852: [G1Ergonomics (CSet Construction) finish choosing CSet, eden: 553 regions, survivors: 9 regions, old: 0 regions, predicted pause time: 40.89 ms, target pause time: 60.00 ms]
, 0.0180095 secs]
   [Parallel Time: 15.9 ms, GC Workers: 8]
      [GC Worker Start (ms): Min: 1505228852.3, Avg: 1505228852.4, Max: 1505228852.5, Diff: 0.1]
      [Ext Root Scanning (ms): Min: 1.1, Avg: 1.3, Max: 2.0, Diff: 0.9, Sum: 10.7]
      [Update RS (ms): Min: 4.8, Avg: 5.2, Max: 5.5, Diff: 0.7, Sum: 41.8]
         [Processed Buffers: Min: 13, Avg: 22.0, Max: 39, Diff: 26, Sum: 176]
      [Scan RS (ms): Min: 0.0, Avg: 0.1, Max: 0.1, Diff: 0.1, Sum: 0.6]
      [Code Root Scanning (ms): Min: 0.0, Avg: 0.0, Max: 0.0, Diff: 0.0, Sum: 0.0]
      [Object Copy (ms): Min: 8.9, Avg: 9.0, Max: 9.1, Diff: 0.2, Sum: 72.4]
      [Termination (ms): Min: 0.0, Avg: 0.0, Max: 0.0, Diff: 0.0, Sum: 0.0]
      [GC Worker Other (ms): Min: 0.0, Avg: 0.1, Max: 0.1, Diff: 0.1, Sum: 0.5]
      [GC Worker Total (ms): Min: 15.7, Avg: 15.7, Max: 15.8, Diff: 0.1, Sum: 125.9]
      [GC Worker End (ms): Min: 1505228868.1, Avg: 1505228868.2, Max: 1505228868.2, Diff: 0.1]
   [Code Root Fixup: 0.2 ms]
   [Code Root Purge: 0.0 ms]
   [Clear CT: 0.3 ms]
   [Other: 1.6 ms]
      [Choose CSet: 0.0 ms]
      [Ref Proc: 0.2 ms]
      [Ref Enq: 0.0 ms]
      [Redirty Cards: 0.1 ms]
      [Humongous Reclaim: 0.0 ms]
      [Free CSet: 0.9 ms]
   [Eden: 2212.0M(2212.0M)->0.0B(2216.0M) Survivors: 36.0M->32.0M Heap: 3636.4M(4500.0M)->1422.0M(4500.0M)]
Heap after GC invocations=33118 (full 0):
 garbage-first heap   total 4608000K, used 1456087K [0x00000006a6c00000, 0x00000006a7002328, 0x00000007c0000000)
  region size 4096K, 8 young (32768K), 8 survivors (32768K)
 Metaspace       used 124692K, capacity 128524K, committed 129664K, reserved 1165312K
  class space    used 13846K, capacity 14512K, committed 14720K, reserved 1048576K
}
 [Times: user=0.11 sys=0.02, real=0.02 secs] 
{Heap before GC invocations=33118 (full 0):
 garbage-first heap   total 4608000K, used 3725271K [0x00000006a6c00000, 0x00000006a7002328, 0x00000007c0000000)
  region size 4096K, 562 young (2301952K), 8 survivors (32768K)
 Metaspace       used 124692K, capacity 128524K, committed 129664K, reserved 1165312K
  class space    used 13846K, capacity 14512K, committed 14720K, reserved 1048576K
2019-04-29T02:40:47.066+0800: 1505256.285: [GC pause (G1 Evacuation Pause) (young)
Desired survivor size 148897792 bytes, new threshold 15 (max 15)
- age   1:   15538416 bytes,   15538416 total
- age   2:    2163072 bytes,   17701488 total
- age   3:     687352 bytes,   18388840 total
- age   4:     101112 bytes,   18489952 total
- age   5:     104784 bytes,   18594736 total
- age   6:      86688 bytes,   18681424 total
- age   7:     110208 bytes,   18791632 total
- age   8:     149152 bytes,   18940784 total
- age   9:     134136 bytes,   19074920 total
- age  10:     126072 bytes,   19200992 total
- age  11:     277456 bytes,   19478448 total
- age  12:     200368 bytes,   19678816 total
- age  13:     153512 bytes,   19832328 total
- age  14:     179088 bytes,   20011416 total
- age  15:     160112 bytes,   20171528 total
 1505256.285: [G1Ergonomics (CSet Construction) start choosing CSet, _pending_cards: 21506, predicted base time: 8.01 ms, remaining time: 51.99 ms, target pause time: 60.00 ms]
 1505256.285: [G1Ergonomics (CSet Construction) add young regions to CSet, eden: 554 regions, survivors: 8 regions, predicted young region time: 36.43 ms]
 1505256.285: [G1Ergonomics (CSet Construction) finish choosing CSet, eden: 554 regions, survivors: 8 regions, old: 0 regions, predicted pause time: 44.44 ms, target pause time: 60.00 ms]
, 0.0188426 secs]
   [Parallel Time: 16.9 ms, GC Workers: 8]
      [GC Worker Start (ms): Min: 1505256285.3, Avg: 1505256285.3, Max: 1505256285.4, Diff: 0.1]
      [Ext Root Scanning (ms): Min: 1.0, Avg: 1.3, Max: 2.1, Diff: 1.0, Sum: 10.3]
      [Update RS (ms): Min: 4.8, Avg: 5.3, Max: 5.6, Diff: 0.8, Sum: 42.7]
         [Processed Buffers: Min: 12, Avg: 22.1, Max: 37, Diff: 25, Sum: 177]
      [Scan RS (ms): Min: 0.0, Avg: 0.1, Max: 0.1, Diff: 0.1, Sum: 0.6]
      [Code Root Scanning (ms): Min: 0.0, Avg: 0.0, Max: 0.0, Diff: 0.0, Sum: 0.0]
      [Object Copy (ms): Min: 9.7, Avg: 9.9, Max: 10.0, Diff: 0.2, Sum: 79.3]
      [Termination (ms): Min: 0.0, Avg: 0.0, Max: 0.0, Diff: 0.0, Sum: 0.0]
      [GC Worker Other (ms): Min: 0.0, Avg: 0.1, Max: 0.1, Diff: 0.1, Sum: 0.6]
      [GC Worker Total (ms): Min: 16.6, Avg: 16.7, Max: 16.8, Diff: 0.1, Sum: 133.6]
      [GC Worker End (ms): Min: 1505256302.0, Avg: 1505256302.0, Max: 1505256302.1, Diff: 0.1]
   [Code Root Fixup: 0.3 ms]
   [Code Root Purge: 0.0 ms]
   [Clear CT: 0.2 ms]
   [Other: 1.4 ms]
      [Choose CSet: 0.0 ms]
      [Ref Proc: 0.2 ms]
      [Ref Enq: 0.0 ms]
      [Redirty Cards: 0.1 ms]
      [Humongous Reclaim: 0.0 ms]
      [Free CSet: 0.6 ms]
   [Eden: 2216.0M(2216.0M)->0.0B(2212.0M) Survivors: 32.0M->36.0M Heap: 3638.0M(4500.0M)->1424.3M(4500.0M)]
Heap after GC invocations=33119 (full 0):
 garbage-first heap   total 4608000K, used 1458437K [0x00000006a6c00000, 0x00000006a7002328, 0x00000007c0000000)
  region size 4096K, 9 young (36864K), 9 survivors (36864K)
 Metaspace       used 124692K, capacity 128524K, committed 129664K, reserved 1165312K
  class space    used 13846K, capacity 14512K, committed 14720K, reserved 1048576K
}
 [Times: user=0.11 sys=0.03, real=0.02 secs] 
{Heap before GC invocations=33119 (full 0):
 garbage-first heap   total 4608000K, used 3723525K [0x00000006a6c00000, 0x00000006a7002328, 0x00000007c0000000)
  region size 4096K, 562 young (2301952K), 9 survivors (36864K)
 Metaspace       used 124692K, capacity 128524K, committed 129664K, reserved 1165312K
  class space    used 13846K, capacity 14512K, committed 14720K, reserved 1048576K
2019-04-29T02:41:17.486+0800: 1505286.705: [GC pause (G1 Evacuation Pause) (young)
Desired survivor size 148897792 bytes, new threshold 15 (max 15)
- age   1:   17289968 bytes,   17289968 total
- age   2:    1663576 bytes,   18953544 total
- age   3:     925672 bytes,   19879216 total
- age   4:     128816 bytes,   20008032 total
- age   5:     100280 bytes,   20108312 total
- age   6:     104184 bytes,   20212496 total
- age   7:      86688 bytes,   20299184 total
- age   8:     110176 bytes,   20409360 total
- age   9:     149152 bytes,   20558512 total
- age  10:     134136 bytes,   20692648 total
- age  11:     125512 bytes,   20818160 total
- age  12:     277344 bytes,   21095504 total
- age  13:     200256 bytes,   21295760 total
- age  14:     153400 bytes,   21449160 total
- age  15:     179056 bytes,   21628216 total
 1505286.705: [G1Ergonomics (CSet Construction) start choosing CSet, _pending_cards: 22171, predicted base time: 8.18 ms, remaining time: 51.82 ms, target pause time: 60.00 ms]
 1505286.705: [G1Ergonomics (CSet Construction) add young regions to CSet, eden: 553 regions, survivors: 9 regions, predicted young region time: 36.60 ms]
 1505286.705: [G1Ergonomics (CSet Construction) finish choosing CSet, eden: 553 regions, survivors: 9 regions, old: 0 regions, predicted pause time: 44.79 ms, target pause time: 60.00 ms]
, 0.0181353 secs]
   [Parallel Time: 16.2 ms, GC Workers: 8]
      [GC Worker Start (ms): Min: 1505286705.5, Avg: 1505286705.5, Max: 1505286705.6, Diff: 0.1]
      [Ext Root Scanning (ms): Min: 1.1, Avg: 1.3, Max: 2.0, Diff: 1.0, Sum: 10.4]
      [Update RS (ms): Min: 4.5, Avg: 5.1, Max: 5.4, Diff: 1.0, Sum: 41.1]
         [Processed Buffers: Min: 13, Avg: 22.5, Max: 43, Diff: 30, Sum: 180]
      [Scan RS (ms): Min: 0.0, Avg: 0.1, Max: 0.1, Diff: 0.1, Sum: 0.6]
      [Code Root Scanning (ms): Min: 0.0, Avg: 0.0, Max: 0.0, Diff: 0.0, Sum: 0.0]
      [Object Copy (ms): Min: 9.5, Avg: 9.5, Max: 9.6, Diff: 0.2, Sum: 76.3]
      [Termination (ms): Min: 0.0, Avg: 0.0, Max: 0.0, Diff: 0.0, Sum: 0.0]
      [GC Worker Other (ms): Min: 0.0, Avg: 0.0, Max: 0.1, Diff: 0.1, Sum: 0.4]
      [GC Worker Total (ms): Min: 16.0, Avg: 16.1, Max: 16.1, Diff: 0.1, Sum: 128.7]
      [GC Worker End (ms): Min: 1505286721.6, Avg: 1505286721.6, Max: 1505286721.7, Diff: 0.1]
   [Code Root Fixup: 0.2 ms]
   [Code Root Purge: 0.0 ms]
   [Clear CT: 0.3 ms]
   [Other: 1.4 ms]
      [Choose CSet: 0.0 ms]
      [Ref Proc: 0.2 ms]
      [Ref Enq: 0.0 ms]
      [Redirty Cards: 0.1 ms]
      [Humongous Reclaim: 0.0 ms]
      [Free CSet: 0.6 ms]
   [Eden: 2212.0M(2212.0M)->0.0B(2212.0M) Survivors: 36.0M->36.0M Heap: 3636.3M(4500.0M)->1424.5M(4500.0M)]
Heap after GC invocations=33120 (full 0):
 garbage-first heap   total 4608000K, used 1458697K [0x00000006a6c00000, 0x00000006a7002328, 0x00000007c0000000)
  region size 4096K, 9 young (36864K), 9 survivors (36864K)
 Metaspace       used 124692K, capacity 128524K, committed 129664K, reserved 1165312K
  class space    used 13846K, capacity 14512K, committed 14720K, reserved 1048576K
}
 [Times: user=0.11 sys=0.03, real=0.02 secs] 
{Heap before GC invocations=33120 (full 0):
 garbage-first heap   total 4608000K, used 3723785K [0x00000006a6c00000, 0x00000006a7002328, 0x00000007c0000000)
  region size 4096K, 562 young (2301952K), 9 survivors (36864K)
 Metaspace       used 124692K, capacity 128524K, committed 129664K, reserved 1165312K
  class space    used 13846K, capacity 14512K, committed 14720K, reserved 1048576K
2019-04-29T02:41:45.882+0800: 1505315.101: [GC pause (G1 Evacuation Pause) (young)
Desired survivor size 148897792 bytes, new threshold 15 (max 15)
- age   1:   16442320 bytes,   16442320 total
- age   2:    2365600 bytes,   18807920 total
- age   3:     411728 bytes,   19219648 total
- age   4:     273008 bytes,   19492656 total
- age   5:     128576 bytes,   19621232 total
- age   6:      99968 bytes,   19721200 total
- age   7:     102992 bytes,   19824192 total
- age   8:      86576 bytes,   19910768 total
- age   9:     110176 bytes,   20020944 total
- age  10:     149152 bytes,   20170096 total
- age  11:     134136 bytes,   20304232 total
- age  12:     125288 bytes,   20429520 total
- age  13:     276896 bytes,   20706416 total
- age  14:     200144 bytes,   20906560 total
- age  15:     153400 bytes,   21059960 total
 1505315.101: [G1Ergonomics (CSet Construction) start choosing CSet, _pending_cards: 21987, predicted base time: 8.05 ms, remaining time: 51.95 ms, target pause time: 60.00 ms]
 1505315.101: [G1Ergonomics (CSet Construction) add young regions to CSet, eden: 553 regions, survivors: 9 regions, predicted young region time: 51.61 ms]
 1505315.101: [G1Ergonomics (CSet Construction) finish choosing CSet, eden: 553 regions, survivors: 9 regions, old: 0 regions, predicted pause time: 59.66 ms, target pause time: 60.00 ms]
, 0.0191920 secs]
   [Parallel Time: 17.3 ms, GC Workers: 8]
      [GC Worker Start (ms): Min: 1505315101.5, Avg: 1505315101.5, Max: 1505315101.6, Diff: 0.1]
      [Ext Root Scanning (ms): Min: 1.1, Avg: 1.6, Max: 4.5, Diff: 3.4, Sum: 12.8]
      [Update RS (ms): Min: 2.7, Avg: 5.3, Max: 5.9, Diff: 3.2, Sum: 42.4]
         [Processed Buffers: Min: 14, Avg: 22.4, Max: 38, Diff: 24, Sum: 179]
      [Scan RS (ms): Min: 0.0, Avg: 0.1, Max: 0.2, Diff: 0.2, Sum: 0.6]
      [Code Root Scanning (ms): Min: 0.0, Avg: 0.0, Max: 0.0, Diff: 0.0, Sum: 0.0]
      [Object Copy (ms): Min: 9.9, Avg: 10.1, Max: 10.2, Diff: 0.3, Sum: 80.7]
      [Termination (ms): Min: 0.0, Avg: 0.0, Max: 0.0, Diff: 0.0, Sum: 0.0]
      [GC Worker Other (ms): Min: 0.0, Avg: 0.0, Max: 0.1, Diff: 0.1, Sum: 0.4]
      [GC Worker Total (ms): Min: 17.0, Avg: 17.1, Max: 17.2, Diff: 0.2, Sum: 136.9]
      [GC Worker End (ms): Min: 1505315118.6, Avg: 1505315118.6, Max: 1505315118.7, Diff: 0.1]
   [Code Root Fixup: 0.2 ms]
   [Code Root Purge: 0.0 ms]
   [Clear CT: 0.3 ms]
   [Other: 1.4 ms]
      [Choose CSet: 0.0 ms]
      [Ref Proc: 0.2 ms]
      [Ref Enq: 0.0 ms]
      [Redirty Cards: 0.1 ms]
      [Humongous Reclaim: 0.0 ms]
      [Free CSet: 0.6 ms]
   [Eden: 2212.0M(2212.0M)->0.0B(2212.0M) Survivors: 36.0M->36.0M Heap: 3636.5M(4500.0M)->1425.9M(4500.0M)]
Heap after GC invocations=33121 (full 0):
 garbage-first heap   total 4608000K, used 1460090K [0x00000006a6c00000, 0x00000006a7002328, 0x00000007c0000000)
  region size 4096K, 9 young (36864K), 9 survivors (36864K)
 Metaspace       used 124692K, capacity 128524K, committed 129664K, reserved 1165312K
  class space    used 13846K, capacity 14512K, committed 14720K, reserved 1048576K
}
 [Times: user=0.11 sys=0.02, real=0.02 secs] 
{Heap before GC invocations=33121 (full 0):
 garbage-first heap   total 4608000K, used 3725178K [0x00000006a6c00000, 0x00000006a7002328, 0x00000007c0000000)
  region size 4096K, 562 young (2301952K), 9 survivors (36864K)
 Metaspace       used 124692K, capacity 128524K, committed 129664K, reserved 1165312K
  class space    used 13846K, capacity 14512K, committed 14720K, reserved 1048576K
2019-04-29T02:42:14.393+0800: 1505343.612: [GC pause (G1 Evacuation Pause) (young)
Desired survivor size 148897792 bytes, new threshold 15 (max 15)
- age   1:   16815664 bytes,   16815664 total
- age   2:    2325504 bytes,   19141168 total
- age   3:     571520 bytes,   19712688 total
- age   4:     356248 bytes,   20068936 total
- age   5:     271352 bytes,   20340288 total
- age   6:     128432 bytes,   20468720 total
- age   7:      99240 bytes,   20567960 total
- age   8:     102520 bytes,   20670480 total
- age   9:      86464 bytes,   20756944 total
- age  10:     110176 bytes,   20867120 total
- age  11:     149152 bytes,   21016272 total
- age  12:     134136 bytes,   21150408 total
- age  13:     125288 bytes,   21275696 total
- age  14:     276784 bytes,   21552480 total
- age  15:     199808 bytes,   21752288 total
 1505343.612: [G1Ergonomics (CSet Construction) start choosing CSet, _pending_cards: 21630, predicted base time: 8.07 ms, remaining time: 51.93 ms, target pause time: 60.00 ms]
 1505343.612: [G1Ergonomics (CSet Construction) add young regions to CSet, eden: 553 regions, survivors: 9 regions, predicted young region time: 41.96 ms]
 1505343.612: [G1Ergonomics (CSet Construction) finish choosing CSet, eden: 553 regions, survivors: 9 regions, old: 0 regions, predicted pause time: 50.03 ms, target pause time: 60.00 ms]
, 0.0179675 secs]
   [Parallel Time: 16.0 ms, GC Workers: 8]
      [GC Worker Start (ms): Min: 1505343612.1, Avg: 1505343612.2, Max: 1505343612.2, Diff: 0.1]
      [Ext Root Scanning (ms): Min: 1.1, Avg: 1.3, Max: 2.1, Diff: 1.0, Sum: 10.6]
      [Update RS (ms): Min: 4.7, Avg: 5.1, Max: 5.4, Diff: 0.8, Sum: 41.2]
         [Processed Buffers: Min: 12, Avg: 22.4, Max: 37, Diff: 25, Sum: 179]
      [Scan RS (ms): Min: 0.0, Avg: 0.1, Max: 0.2, Diff: 0.2, Sum: 0.6]
      [Code Root Scanning (ms): Min: 0.0, Avg: 0.0, Max: 0.0, Diff: 0.0, Sum: 0.0]
      [Object Copy (ms): Min: 9.1, Avg: 9.3, Max: 9.4, Diff: 0.3, Sum: 74.4]
      [Termination (ms): Min: 0.0, Avg: 0.0, Max: 0.0, Diff: 0.0, Sum: 0.0]
      [GC Worker Other (ms): Min: 0.0, Avg: 0.0, Max: 0.1, Diff: 0.1, Sum: 0.3]
      [GC Worker Total (ms): Min: 15.9, Avg: 15.9, Max: 16.0, Diff: 0.1, Sum: 127.2]
      [GC Worker End (ms): Min: 1505343628.0, Avg: 1505343628.1, Max: 1505343628.1, Diff: 0.1]
   [Code Root Fixup: 0.2 ms]
   [Code Root Purge: 0.0 ms]
   [Clear CT: 0.3 ms]
   [Other: 1.4 ms]
      [Choose CSet: 0.0 ms]
      [Ref Proc: 0.2 ms]
      [Ref Enq: 0.0 ms]
      [Redirty Cards: 0.1 ms]
      [Humongous Reclaim: 0.0 ms]
      [Free CSet: 0.6 ms]
   [Eden: 2212.0M(2212.0M)->0.0B(2212.0M) Survivors: 36.0M->36.0M Heap: 3637.9M(4500.0M)->1425.0M(4500.0M)]
Heap after GC invocations=33122 (full 0):
 garbage-first heap   total 4608000K, used 1459200K [0x00000006a6c00000, 0x00000006a7002328, 0x00000007c0000000)
  region size 4096K, 9 young (36864K), 9 survivors (36864K)
 Metaspace       used 124692K, capacity 128524K, committed 129664K, reserved 1165312K
  class space    used 13846K, capacity 14512K, committed 14720K, reserved 1048576K
}
 [Times: user=0.10 sys=0.03, real=0.02 secs] 
{Heap before GC invocations=33122 (full 0):
 garbage-first heap   total 4608000K, used 3724288K [0x00000006a6c00000, 0x00000006a7002328, 0x00000007c0000000)
  region size 4096K, 562 young (2301952K), 9 survivors (36864K)
 Metaspace       used 124692K, capacity 128524K, committed 129664K, reserved 1165312K
  class space    used 13846K, capacity 14512K, committed 14720K, reserved 1048576K
2019-04-29T02:42:42.580+0800: 1505371.799: [GC pause (G1 Evacuation Pause) (young)
Desired survivor size 148897792 bytes, new threshold 15 (max 15)
- age   1:   15913552 bytes,   15913552 total
- age   2:    2085488 bytes,   17999040 total
- age   3:     553376 bytes,   18552416 total
- age   4:     466896 bytes,   19019312 total
- age   5:     344192 bytes,   19363504 total
- age   6:     269480 bytes,   19632984 total
- age   7:     128432 bytes,   19761416 total
- age   8:      99208 bytes,   19860624 total
- age   9:      98160 bytes,   19958784 total
- age  10:      86464 bytes,   20045248 total
- age  11:     110176 bytes,   20155424 total
- age  12:     149152 bytes,   20304576 total
- age  13:     134112 bytes,   20438688 total
- age  14:     125288 bytes,   20563976 total
- age  15:     276672 bytes,   20840648 total
 1505371.799: [G1Ergonomics (CSet Construction) start choosing CSet, _pending_cards: 21789, predicted base time: 8.03 ms, remaining time: 51.97 ms, target pause time: 60.00 ms]
 1505371.799: [G1Ergonomics (CSet Construction) add young regions to CSet, eden: 553 regions, survivors: 9 regions, predicted young region time: 44.08 ms]
 1505371.799: [G1Ergonomics (CSet Construction) finish choosing CSet, eden: 553 regions, survivors: 9 regions, old: 0 regions, predicted pause time: 52.11 ms, target pause time: 60.00 ms]
, 0.0194373 secs]
   [Parallel Time: 17.3 ms, GC Workers: 8]
      [GC Worker Start (ms): Min: 1505371799.3, Avg: 1505371799.3, Max: 1505371799.3, Diff: 0.1]
      [Ext Root Scanning (ms): Min: 1.2, Avg: 1.5, Max: 2.5, Diff: 1.3, Sum: 12.1]
      [Update RS (ms): Min: 4.8, Avg: 5.7, Max: 6.1, Diff: 1.2, Sum: 45.4]
         [Processed Buffers: Min: 13, Avg: 22.0, Max: 31, Diff: 18, Sum: 176]
      [Scan RS (ms): Min: 0.0, Avg: 0.1, Max: 0.1, Diff: 0.1, Sum: 0.7]
      [Code Root Scanning (ms): Min: 0.0, Avg: 0.0, Max: 0.0, Diff: 0.0, Sum: 0.0]
      [Object Copy (ms): Min: 9.6, Avg: 9.8, Max: 9.9, Diff: 0.2, Sum: 78.2]
      [Termination (ms): Min: 0.0, Avg: 0.0, Max: 0.0, Diff: 0.0, Sum: 0.0]
      [GC Worker Other (ms): Min: 0.0, Avg: 0.1, Max: 0.1, Diff: 0.1, Sum: 0.6]
      [GC Worker Total (ms): Min: 17.1, Avg: 17.1, Max: 17.2, Diff: 0.1, Sum: 137.1]
      [GC Worker End (ms): Min: 1505371816.4, Avg: 1505371816.4, Max: 1505371816.5, Diff: 0.1]
   [Code Root Fixup: 0.2 ms]
   [Code Root Purge: 0.0 ms]
   [Clear CT: 0.3 ms]
   [Other: 1.6 ms]
      [Choose CSet: 0.0 ms]
      [Ref Proc: 0.2 ms]
      [Ref Enq: 0.0 ms]
      [Redirty Cards: 0.1 ms]
      [Humongous Reclaim: 0.0 ms]
      [Free CSet: 0.6 ms]
   [Eden: 2212.0M(2212.0M)->0.0B(2212.0M) Survivors: 36.0M->36.0M Heap: 3637.0M(4500.0M)->1426.4M(4500.0M)]
Heap after GC invocations=33123 (full 0):
 garbage-first heap   total 4608000K, used 1460626K [0x00000006a6c00000, 0x00000006a7002328, 0x00000007c0000000)
  region size 4096K, 9 young (36864K), 9 survivors (36864K)
 Metaspace       used 124692K, capacity 128524K, committed 129664K, reserved 1165312K
  class space    used 13846K, capacity 14512K, committed 14720K, reserved 1048576K
}
 [Times: user=0.10 sys=0.03, real=0.02 secs] 
{Heap before GC invocations=33123 (full 0):
 garbage-first heap   total 4608000K, used 3725714K [0x00000006a6c00000, 0x00000006a7002328, 0x00000007c0000000)
  region size 4096K, 562 young (2301952K), 9 survivors (36864K)
 Metaspace       used 124692K, capacity 128524K, committed 129664K, reserved 1165312K
  class space    used 13846K, capacity 14512K, committed 14720K, reserved 1048576K
2019-04-29T02:43:15.281+0800: 1505404.500: [GC pause (G1 Evacuation Pause) (young)
Desired survivor size 148897792 bytes, new threshold 15 (max 15)
- age   1:   16353744 bytes,   16353744 total
- age   2:    2162928 bytes,   18516672 total
- age   3:     575192 bytes,   19091864 total
- age   4:     369744 bytes,   19461608 total
- age   5:     431064 bytes,   19892672 total
- age   6:     343408 bytes,   20236080 total
- age   7:     267960 bytes,   20504040 total
- age   8:     128152 bytes,   20632192 total
- age   9:      99208 bytes,   20731400 total
- age  10:      98160 bytes,   20829560 total
- age  11:      86400 bytes,   20915960 total
- age  12:     110176 bytes,   21026136 total
- age  13:     149152 bytes,   21175288 total
- age  14:     134112 bytes,   21309400 total
- age  15:     125288 bytes,   21434688 total
 1505404.500: [G1Ergonomics (CSet Construction) start choosing CSet, _pending_cards: 22355, predicted base time: 8.49 ms, remaining time: 51.51 ms, target pause time: 60.00 ms]
 1505404.500: [G1Ergonomics (CSet Construction) add young regions to CSet, eden: 553 regions, survivors: 9 regions, predicted young region time: 36.95 ms]
 1505404.500: [G1Ergonomics (CSet Construction) finish choosing CSet, eden: 553 regions, survivors: 9 regions, old: 0 regions, predicted pause time: 45.44 ms, target pause time: 60.00 ms]
, 0.0198066 secs]
   [Parallel Time: 17.6 ms, GC Workers: 8]
      [GC Worker Start (ms): Min: 1505404500.5, Avg: 1505404500.5, Max: 1505404500.6, Diff: 0.1]
      [Ext Root Scanning (ms): Min: 1.1, Avg: 1.3, Max: 2.1, Diff: 1.0, Sum: 10.4]
      [Update RS (ms): Min: 4.8, Avg: 5.5, Max: 5.9, Diff: 1.1, Sum: 43.8]
         [Processed Buffers: Min: 19, Avg: 23.1, Max: 36, Diff: 17, Sum: 185]
      [Scan RS (ms): Min: 0.0, Avg: 0.1, Max: 0.1, Diff: 0.1, Sum: 0.7]
      [Code Root Scanning (ms): Min: 0.0, Avg: 0.0, Max: 0.0, Diff: 0.0, Sum: 0.0]
      [Object Copy (ms): Min: 10.4, Avg: 10.6, Max: 10.7, Diff: 0.3, Sum: 84.4]
      [Termination (ms): Min: 0.0, Avg: 0.0, Max: 0.0, Diff: 0.0, Sum: 0.0]
      [GC Worker Other (ms): Min: 0.0, Avg: 0.1, Max: 0.1, Diff: 0.1, Sum: 0.6]
      [GC Worker Total (ms): Min: 17.4, Avg: 17.5, Max: 17.5, Diff: 0.1, Sum: 139.9]
      [GC Worker End (ms): Min: 1505404518.0, Avg: 1505404518.0, Max: 1505404518.0, Diff: 0.1]
   [Code Root Fixup: 0.2 ms]
   [Code Root Purge: 0.0 ms]
   [Clear CT: 0.3 ms]
   [Other: 1.7 ms]
      [Choose CSet: 0.0 ms]
      [Ref Proc: 0.2 ms]
      [Ref Enq: 0.0 ms]
      [Redirty Cards: 0.1 ms]
      [Humongous Reclaim: 0.0 ms]
      [Free CSet: 0.9 ms]
   [Eden: 2212.0M(2212.0M)->0.0B(2212.0M) Survivors: 36.0M->36.0M Heap: 3638.4M(4500.0M)->1427.6M(4500.0M)]
Heap after GC invocations=33124 (full 0):
 garbage-first heap   total 4608000K, used 1461825K [0x00000006a6c00000, 0x00000006a7002328, 0x00000007c0000000)
  region size 4096K, 9 young (36864K), 9 survivors (36864K)
 Metaspace       used 124692K, capacity 128524K, committed 129664K, reserved 1165312K
  class space    used 13846K, capacity 14512K, committed 14720K, reserved 1048576K
}
 [Times: user=0.11 sys=0.03, real=0.02 secs] 
{Heap before GC invocations=33124 (full 0):
 garbage-first heap   total 4608000K, used 3726913K [0x00000006a6c00000, 0x00000006a7002328, 0x00000007c0000000)
  region size 4096K, 562 young (2301952K), 9 survivors (36864K)
 Metaspace       used 124692K, capacity 128524K, committed 129664K, reserved 1165312K
  class space    used 13846K, capacity 14512K, committed 14720K, reserved 1048576K
2019-04-29T02:43:43.416+0800: 1505432.635: [GC pause (G1 Evacuation Pause) (young)
Desired survivor size 148897792 bytes, new threshold 15 (max 15)
- age   1:   19188472 bytes,   19188472 total
- age   2:    2200304 bytes,   21388776 total
- age   3:     315632 bytes,   21704408 total
- age   4:     267368 bytes,   21971776 total
- age   5:     368208 bytes,   22339984 total
- age   6:     430512 bytes,   22770496 total
- age   7:     343072 bytes,   23113568 total
- age   8:     267960 bytes,   23381528 total
- age   9:     128152 bytes,   23509680 total
- age  10:      99176 bytes,   23608856 total
- age  11:      98160 bytes,   23707016 total
- age  12:      86400 bytes,   23793416 total
- age  13:     110176 bytes,   23903592 total
- age  14:     149152 bytes,   24052744 total
- age  15:     134112 bytes,   24186856 total
 1505432.635: [G1Ergonomics (CSet Construction) start choosing CSet, _pending_cards: 21816, predicted base time: 8.27 ms, remaining time: 51.73 ms, target pause time: 60.00 ms]
 1505432.635: [G1Ergonomics (CSet Construction) add young regions to CSet, eden: 553 regions, survivors: 9 regions, predicted young region time: 115.95 ms]
 1505432.635: [G1Ergonomics (CSet Construction) finish choosing CSet, eden: 553 regions, survivors: 9 regions, old: 0 regions, predicted pause time: 124.22 ms, target pause time: 60.00 ms]
, 0.0179460 secs]
   [Parallel Time: 16.0 ms, GC Workers: 8]
      [GC Worker Start (ms): Min: 1505432635.1, Avg: 1505432635.2, Max: 1505432635.2, Diff: 0.1]
      [Ext Root Scanning (ms): Min: 1.1, Avg: 1.3, Max: 2.1, Diff: 1.0, Sum: 10.6]
      [Update RS (ms): Min: 4.6, Avg: 5.3, Max: 5.6, Diff: 1.1, Sum: 42.4]
         [Processed Buffers: Min: 13, Avg: 22.4, Max: 40, Diff: 27, Sum: 179]
      [Scan RS (ms): Min: 0.0, Avg: 0.1, Max: 0.1, Diff: 0.1, Sum: 0.7]
      [Code Root Scanning (ms): Min: 0.0, Avg: 0.0, Max: 0.0, Diff: 0.0, Sum: 0.0]
      [Object Copy (ms): Min: 9.0, Avg: 9.1, Max: 9.2, Diff: 0.2, Sum: 72.7]
      [Termination (ms): Min: 0.0, Avg: 0.0, Max: 0.0, Diff: 0.0, Sum: 0.0]
      [GC Worker Other (ms): Min: 0.0, Avg: 0.0, Max: 0.1, Diff: 0.0, Sum: 0.3]
      [GC Worker Total (ms): Min: 15.8, Avg: 15.8, Max: 15.9, Diff: 0.1, Sum: 126.7]
      [GC Worker End (ms): Min: 1505432651.0, Avg: 1505432651.0, Max: 1505432651.0, Diff: 0.0]
   [Code Root Fixup: 0.2 ms]
   [Code Root Purge: 0.0 ms]
   [Clear CT: 0.3 ms]
   [Other: 1.5 ms]
      [Choose CSet: 0.0 ms]
      [Ref Proc: 0.2 ms]
      [Ref Enq: 0.0 ms]
      [Redirty Cards: 0.1 ms]
      [Humongous Reclaim: 0.0 ms]
      [Free CSet: 0.7 ms]
   [Eden: 2212.0M(2212.0M)->0.0B(2212.0M) Survivors: 36.0M->36.0M Heap: 3639.6M(4500.0M)->1425.8M(4500.0M)]
Heap after GC invocations=33125 (full 0):
 garbage-first heap   total 4608000K, used 1459981K [0x00000006a6c00000, 0x00000006a7002328, 0x00000007c0000000)
  region size 4096K, 9 young (36864K), 9 survivors (36864K)
 Metaspace       used 124692K, capacity 128524K, committed 129664K, reserved 1165312K
  class space    used 13846K, capacity 14512K, committed 14720K, reserved 1048576K
}
 [Times: user=0.11 sys=0.03, real=0.02 secs] 
{Heap before GC invocations=33125 (full 0):
 garbage-first heap   total 4608000K, used 3725069K [0x00000006a6c00000, 0x00000006a7002328, 0x00000007c0000000)
  region size 4096K, 562 young (2301952K), 9 survivors (36864K)
 Metaspace       used 124692K, capacity 128524K, committed 129664K, reserved 1165312K
  class space    used 13846K, capacity 14512K, committed 14720K, reserved 1048576K
2019-04-29T02:44:14.234+0800: 1505463.453: [GC pause (G1 Evacuation Pause) (young)
Desired survivor size 148897792 bytes, new threshold 15 (max 15)
- age   1:   14145640 bytes,   14145640 total
- age   2:    3082144 bytes,   17227784 total
- age   3:     378080 bytes,   17605864 total
- age   4:     313264 bytes,   17919128 total
- age   5:     266448 bytes,   18185576 total
- age   6:     367104 bytes,   18552680 total
- age   7:     429624 bytes,   18982304 total
- age   8:     342048 bytes,   19324352 total
- age   9:     267960 bytes,   19592312 total
- age  10:     128152 bytes,   19720464 total
- age  11:      99176 bytes,   19819640 total
- age  12:      98160 bytes,   19917800 total
- age  13:      86400 bytes,   20004200 total
- age  14:     110064 bytes,   20114264 total
- age  15:     149152 bytes,   20263416 total
 1505463.453: [G1Ergonomics (CSet Construction) start choosing CSet, _pending_cards: 21952, predicted base time: 8.22 ms, remaining time: 51.78 ms, target pause time: 60.00 ms]
 1505463.453: [G1Ergonomics (CSet Construction) add young regions to CSet, eden: 553 regions, survivors: 9 regions, predicted young region time: 90.19 ms]
 1505463.453: [G1Ergonomics (CSet Construction) finish choosing CSet, eden: 553 regions, survivors: 9 regions, old: 0 regions, predicted pause time: 98.41 ms, target pause time: 60.00 ms]
, 0.0192432 secs]
   [Parallel Time: 17.4 ms, GC Workers: 8]
      [GC Worker Start (ms): Min: 1505463453.6, Avg: 1505463453.6, Max: 1505463453.7, Diff: 0.1]
      [Ext Root Scanning (ms): Min: 1.1, Avg: 1.3, Max: 2.1, Diff: 1.0, Sum: 10.5]
      [Update RS (ms): Min: 4.4, Avg: 5.1, Max: 5.5, Diff: 1.1, Sum: 41.1]
         [Processed Buffers: Min: 16, Avg: 23.1, Max: 45, Diff: 29, Sum: 185]
      [Scan RS (ms): Min: 0.0, Avg: 0.1, Max: 0.2, Diff: 0.1, Sum: 0.6]
      [Code Root Scanning (ms): Min: 0.0, Avg: 0.0, Max: 0.0, Diff: 0.0, Sum: 0.0]
      [Object Copy (ms): Min: 10.6, Avg: 10.7, Max: 10.8, Diff: 0.2, Sum: 85.3]
      [Termination (ms): Min: 0.0, Avg: 0.0, Max: 0.0, Diff: 0.0, Sum: 0.0]
      [GC Worker Other (ms): Min: 0.0, Avg: 0.0, Max: 0.1, Diff: 0.1, Sum: 0.4]
      [GC Worker Total (ms): Min: 17.2, Avg: 17.2, Max: 17.3, Diff: 0.1, Sum: 137.8]
      [GC Worker End (ms): Min: 1505463470.8, Avg: 1505463470.9, Max: 1505463470.9, Diff: 0.1]
   [Code Root Fixup: 0.3 ms]
   [Code Root Purge: 0.0 ms]
   [Clear CT: 0.2 ms]
   [Other: 1.4 ms]
      [Choose CSet: 0.0 ms]
      [Ref Proc: 0.2 ms]
      [Ref Enq: 0.0 ms]
      [Redirty Cards: 0.1 ms]
      [Humongous Reclaim: 0.0 ms]
      [Free CSet: 0.6 ms]
   [Eden: 2212.0M(2212.0M)->0.0B(2212.0M) Survivors: 36.0M->36.0M Heap: 3637.8M(4500.0M)->1427.2M(4500.0M)]
Heap after GC invocations=33126 (full 0):
 garbage-first heap   total 4608000K, used 1461424K [0x00000006a6c00000, 0x00000006a7002328, 0x00000007c0000000)
  region size 4096K, 9 young (36864K), 9 survivors (36864K)
 Metaspace       used 124692K, capacity 128524K, committed 129664K, reserved 1165312K
  class space    used 13846K, capacity 14512K, committed 14720K, reserved 1048576K
}
 [Times: user=0.12 sys=0.03, real=0.02 secs] 
{Heap before GC invocations=33126 (full 0):
 garbage-first heap   total 4608000K, used 3726512K [0x00000006a6c00000, 0x00000006a7002328, 0x00000007c0000000)
  region size 4096K, 562 young (2301952K), 9 survivors (36864K)
 Metaspace       used 124692K, capacity 128524K, committed 129664K, reserved 1165312K
  class space    used 13846K, capacity 14512K, committed 14720K, reserved 1048576K
2019-04-29T02:44:43.139+0800: 1505492.358: [GC pause (G1 Evacuation Pause) (young)
Desired survivor size 148897792 bytes, new threshold 15 (max 15)
- age   1:   17051816 bytes,   17051816 total
- age   2:    2078752 bytes,   19130568 total
- age   3:    1085280 bytes,   20215848 total
- age   4:     368952 bytes,   20584800 total
- age   5:     312432 bytes,   20897232 total
- age   6:     265520 bytes,   21162752 total
- age   7:     367104 bytes,   21529856 total
- age   8:     429592 bytes,   21959448 total
- age   9:     342048 bytes,   22301496 total
- age  10:     267960 bytes,   22569456 total
- age  11:     128152 bytes,   22697608 total
- age  12:      99176 bytes,   22796784 total
- age  13:      98160 bytes,   22894944 total
- age  14:      86400 bytes,   22981344 total
- age  15:     110064 bytes,   23091408 total
 1505492.358: [G1Ergonomics (CSet Construction) start choosing CSet, _pending_cards: 22122, predicted base time: 8.14 ms, remaining time: 51.86 ms, target pause time: 60.00 ms]
 1505492.358: [G1Ergonomics (CSet Construction) add young regions to CSet, eden: 553 regions, survivors: 9 regions, predicted young region time: 88.05 ms]
 1505492.358: [G1Ergonomics (CSet Construction) finish choosing CSet, eden: 553 regions, survivors: 9 regions, old: 0 regions, predicted pause time: 96.19 ms, target pause time: 60.00 ms]
, 0.0190406 secs]
   [Parallel Time: 17.1 ms, GC Workers: 8]
      [GC Worker Start (ms): Min: 1505492358.1, Avg: 1505492358.2, Max: 1505492358.2, Diff: 0.1]
      [Ext Root Scanning (ms): Min: 1.1, Avg: 1.7, Max: 4.7, Diff: 3.6, Sum: 13.2]
      [Update RS (ms): Min: 2.3, Avg: 5.1, Max: 5.7, Diff: 3.4, Sum: 40.7]
         [Processed Buffers: Min: 10, Avg: 22.0, Max: 45, Diff: 35, Sum: 176]
      [Scan RS (ms): Min: 0.0, Avg: 0.1, Max: 0.1, Diff: 0.1, Sum: 0.6]
      [Code Root Scanning (ms): Min: 0.0, Avg: 0.0, Max: 0.0, Diff: 0.0, Sum: 0.0]
      [Object Copy (ms): Min: 9.9, Avg: 10.1, Max: 10.1, Diff: 0.2, Sum: 80.6]
      [Termination (ms): Min: 0.0, Avg: 0.0, Max: 0.0, Diff: 0.0, Sum: 0.0]
      [GC Worker Other (ms): Min: 0.0, Avg: 0.0, Max: 0.1, Diff: 0.1, Sum: 0.3]
      [GC Worker Total (ms): Min: 16.9, Avg: 16.9, Max: 17.0, Diff: 0.1, Sum: 135.5]
      [GC Worker End (ms): Min: 1505492375.1, Avg: 1505492375.1, Max: 1505492375.1, Diff: 0.0]
   [Code Root Fixup: 0.3 ms]
   [Code Root Purge: 0.0 ms]
   [Clear CT: 0.3 ms]
   [Other: 1.4 ms]
      [Choose CSet: 0.0 ms]
      [Ref Proc: 0.2 ms]
      [Ref Enq: 0.0 ms]
      [Redirty Cards: 0.1 ms]
      [Humongous Reclaim: 0.0 ms]
      [Free CSet: 0.6 ms]
   [Eden: 2212.0M(2212.0M)->0.0B(2212.0M) Survivors: 36.0M->36.0M Heap: 3639.2M(4500.0M)->1426.2M(4500.0M)]
Heap after GC invocations=33127 (full 0):
 garbage-first heap   total 4608000K, used 1460407K [0x00000006a6c00000, 0x00000006a7002328, 0x00000007c0000000)
  region size 4096K, 9 young (36864K), 9 survivors (36864K)
 Metaspace       used 124692K, capacity 128524K, committed 129664K, reserved 1165312K
  class space    used 13846K, capacity 14512K, committed 14720K, reserved 1048576K
}
 [Times: user=0.10 sys=0.04, real=0.02 secs] 
{Heap before GC invocations=33127 (full 0):
 garbage-first heap   total 4608000K, used 3725495K [0x00000006a6c00000, 0x00000006a7002328, 0x00000007c0000000)
  region size 4096K, 562 young (2301952K), 9 survivors (36864K)
 Metaspace       used 124692K, capacity 128524K, committed 129664K, reserved 1165312K
  class space    used 13846K, capacity 14512K, committed 14720K, reserved 1048576K
2019-04-29T02:45:04.467+0800: 1505513.686: [GC pause (G1 Evacuation Pause) (young)
Desired survivor size 148897792 bytes, new threshold 15 (max 15)
- age   1:   15161568 bytes,   15161568 total
- age   2:    2311056 bytes,   17472624 total
- age   3:     395280 bytes,   17867904 total
- age   4:     947864 bytes,   18815768 total
- age   5:     367928 bytes,   19183696 total
- age   6:     311152 bytes,   19494848 total
- age   7:     265520 bytes,   19760368 total
- age   8:     367104 bytes,   20127472 total
- age   9:     429592 bytes,   20557064 total
- age  10:     342048 bytes,   20899112 total
- age  11:     267960 bytes,   21167072 total
- age  12:     128152 bytes,   21295224 total
- age  13:      99176 bytes,   21394400 total
- age  14:      98160 bytes,   21492560 total
- age  15:      86400 bytes,   21578960 total
 1505513.686: [G1Ergonomics (CSet Construction) start choosing CSet, _pending_cards: 21650, predicted base time: 8.06 ms, remaining time: 51.94 ms, target pause time: 60.00 ms]
 1505513.686: [G1Ergonomics (CSet Construction) add young regions to CSet, eden: 553 regions, survivors: 9 regions, predicted young region time: 83.31 ms]
 1505513.686: [G1Ergonomics (CSet Construction) finish choosing CSet, eden: 553 regions, survivors: 9 regions, old: 0 regions, predicted pause time: 91.37 ms, target pause time: 60.00 ms]
, 0.0174693 secs]
   [Parallel Time: 15.6 ms, GC Workers: 8]
      [GC Worker Start (ms): Min: 1505513686.4, Avg: 1505513686.4, Max: 1505513686.4, Diff: 0.1]
      [Ext Root Scanning (ms): Min: 1.1, Avg: 1.3, Max: 2.2, Diff: 1.1, Sum: 10.7]
      [Update RS (ms): Min: 4.6, Avg: 5.1, Max: 5.5, Diff: 0.8, Sum: 40.9]
         [Processed Buffers: Min: 13, Avg: 23.9, Max: 38, Diff: 25, Sum: 191]
      [Scan RS (ms): Min: 0.0, Avg: 0.1, Max: 0.1, Diff: 0.1, Sum: 0.6]
      [Code Root Scanning (ms): Min: 0.0, Avg: 0.0, Max: 0.0, Diff: 0.0, Sum: 0.0]
      [Object Copy (ms): Min: 8.7, Avg: 8.9, Max: 9.0, Diff: 0.3, Sum: 71.4]
      [Termination (ms): Min: 0.0, Avg: 0.0, Max: 0.0, Diff: 0.0, Sum: 0.0]
      [GC Worker Other (ms): Min: 0.0, Avg: 0.0, Max: 0.1, Diff: 0.0, Sum: 0.3]
      [GC Worker Total (ms): Min: 15.5, Avg: 15.5, Max: 15.5, Diff: 0.1, Sum: 124.0]
      [GC Worker End (ms): Min: 1505513701.9, Avg: 1505513701.9, Max: 1505513701.9, Diff: 0.0]
   [Code Root Fixup: 0.2 ms]
   [Code Root Purge: 0.0 ms]
   [Clear CT: 0.3 ms]
   [Other: 1.3 ms]
      [Choose CSet: 0.0 ms]
      [Ref Proc: 0.2 ms]
      [Ref Enq: 0.0 ms]
      [Redirty Cards: 0.1 ms]
      [Humongous Reclaim: 0.0 ms]
      [Free CSet: 0.6 ms]
   [Eden: 2212.0M(2212.0M)->0.0B(2216.0M) Survivors: 36.0M->32.0M Heap: 3638.2M(4500.0M)->1424.3M(4500.0M)]
Heap after GC invocations=33128 (full 0):
 garbage-first heap   total 4608000K, used 1458481K [0x00000006a6c00000, 0x00000006a7002328, 0x00000007c0000000)
  region size 4096K, 8 young (32768K), 8 survivors (32768K)
 Metaspace       used 124692K, capacity 128524K, committed 129664K, reserved 1165312K
  class space    used 13846K, capacity 14512K, committed 14720K, reserved 1048576K
}
 [Times: user=0.10 sys=0.02, real=0.02 secs] 
{Heap before GC invocations=33128 (full 0):
 garbage-first heap   total 4608000K, used 3727665K [0x00000006a6c00000, 0x00000006a7002328, 0x00000007c0000000)
  region size 4096K, 562 young (2301952K), 8 survivors (32768K)
 Metaspace       used 124692K, capacity 128524K, committed 129664K, reserved 1165312K
  class space    used 13846K, capacity 14512K, committed 14720K, reserved 1048576K
2019-04-29T02:45:31.389+0800: 1505540.608: [GC pause (G1 Evacuation Pause) (young)
Desired survivor size 148897792 bytes, new threshold 15 (max 15)
- age   1:   13729240 bytes,   13729240 total
- age   2:    1887888 bytes,   15617128 total
- age   3:     660304 bytes,   16277432 total
- age   4:     137240 bytes,   16414672 total
- age   5:     945272 bytes,   17359944 total
- age   6:     349608 bytes,   17709552 total
- age   7:     310416 bytes,   18019968 total
- age   8:     265184 bytes,   18285152 total
- age   9:     367104 bytes,   18652256 total
- age  10:     429120 bytes,   19081376 total
- age  11:     336688 bytes,   19418064 total
- age  12:     267960 bytes,   19686024 total
- age  13:     128152 bytes,   19814176 total
- age  14:      99176 bytes,   19913352 total
- age  15:      98160 bytes,   20011512 total
 1505540.608: [G1Ergonomics (CSet Construction) start choosing CSet, _pending_cards: 21485, predicted base time: 7.93 ms, remaining time: 52.07 ms, target pause time: 60.00 ms]
 1505540.608: [G1Ergonomics (CSet Construction) add young regions to CSet, eden: 554 regions, survivors: 8 regions, predicted young region time: 68.40 ms]
 1505540.608: [G1Ergonomics (CSet Construction) finish choosing CSet, eden: 554 regions, survivors: 8 regions, old: 0 regions, predicted pause time: 76.34 ms, target pause time: 60.00 ms]
, 0.0182924 secs]
   [Parallel Time: 16.4 ms, GC Workers: 8]
      [GC Worker Start (ms): Min: 1505540608.2, Avg: 1505540608.2, Max: 1505540608.3, Diff: 0.1]
      [Ext Root Scanning (ms): Min: 1.1, Avg: 1.3, Max: 2.1, Diff: 1.1, Sum: 10.3]
      [Update RS (ms): Min: 4.5, Avg: 5.1, Max: 5.5, Diff: 1.0, Sum: 40.9]
         [Processed Buffers: Min: 12, Avg: 22.2, Max: 37, Diff: 25, Sum: 178]
      [Scan RS (ms): Min: 0.0, Avg: 0.1, Max: 0.1, Diff: 0.1, Sum: 0.6]
      [Code Root Scanning (ms): Min: 0.0, Avg: 0.0, Max: 0.0, Diff: 0.0, Sum: 0.0]
      [Object Copy (ms): Min: 9.7, Avg: 9.8, Max: 9.9, Diff: 0.2, Sum: 78.2]
      [Termination (ms): Min: 0.0, Avg: 0.0, Max: 0.0, Diff: 0.0, Sum: 0.0]
      [GC Worker Other (ms): Min: 0.0, Avg: 0.0, Max: 0.1, Diff: 0.1, Sum: 0.3]
      [GC Worker Total (ms): Min: 16.3, Avg: 16.3, Max: 16.3, Diff: 0.1, Sum: 130.5]
      [GC Worker End (ms): Min: 1505540624.5, Avg: 1505540624.5, Max: 1505540624.6, Diff: 0.1]
   [Code Root Fixup: 0.2 ms]
   [Code Root Purge: 0.0 ms]
   [Clear CT: 0.3 ms]
   [Other: 1.4 ms]
      [Choose CSet: 0.0 ms]
      [Ref Proc: 0.2 ms]
      [Ref Enq: 0.0 ms]
      [Redirty Cards: 0.1 ms]
      [Humongous Reclaim: 0.0 ms]
      [Free CSet: 0.6 ms]
   [Eden: 2216.0M(2216.0M)->0.0B(2212.0M) Survivors: 32.0M->36.0M Heap: 3640.3M(4500.0M)->1426.0M(4500.0M)]
Heap after GC invocations=33129 (full 0):
 garbage-first heap   total 4608000K, used 1460182K [0x00000006a6c00000, 0x00000006a7002328, 0x00000007c0000000)
  region size 4096K, 9 young (36864K), 9 survivors (36864K)
 Metaspace       used 124692K, capacity 128524K, committed 129664K, reserved 1165312K
  class space    used 13846K, capacity 14512K, committed 14720K, reserved 1048576K
}
 [Times: user=0.11 sys=0.02, real=0.02 secs] 
{Heap before GC invocations=33129 (full 0):
 garbage-first heap   total 4608000K, used 3725270K [0x00000006a6c00000, 0x00000006a7002328, 0x00000007c0000000)
  region size 4096K, 562 young (2301952K), 9 survivors (36864K)
 Metaspace       used 124692K, capacity 128524K, committed 129664K, reserved 1165312K
  class space    used 13846K, capacity 14512K, committed 14720K, reserved 1048576K
2019-04-29T02:46:02.000+0800: 1505571.219: [GC pause (G1 Evacuation Pause) (young)
Desired survivor size 148897792 bytes, new threshold 15 (max 15)
- age   1:   15004440 bytes,   15004440 total
- age   2:    2093672 bytes,   17098112 total
- age   3:     729688 bytes,   17827800 total
- age   4:     207872 bytes,   18035672 total
- age   5:     137176 bytes,   18172848 total
- age   6:     945216 bytes,   19118064 total
- age   7:     349360 bytes,   19467424 total
- age   8:     310416 bytes,   19777840 total
- age   9:     265184 bytes,   20043024 total
- age  10:     367104 bytes,   20410128 total
- age  11:     429096 bytes,   20839224 total
- age  12:     336464 bytes,   21175688 total
- age  13:     267960 bytes,   21443648 total
- age  14:     128152 bytes,   21571800 total
- age  15:      99176 bytes,   21670976 total
 1505571.219: [G1Ergonomics (CSet Construction) start choosing CSet, _pending_cards: 22867, predicted base time: 8.21 ms, remaining time: 51.79 ms, target pause time: 60.00 ms]
 1505571.219: [G1Ergonomics (CSet Construction) add young regions to CSet, eden: 553 regions, survivors: 9 regions, predicted young region time: 55.39 ms]
 1505571.219: [G1Ergonomics (CSet Construction) finish choosing CSet, eden: 553 regions, survivors: 9 regions, old: 0 regions, predicted pause time: 63.59 ms, target pause time: 60.00 ms]
, 0.0183081 secs]
   [Parallel Time: 16.3 ms, GC Workers: 8]
      [GC Worker Start (ms): Min: 1505571219.5, Avg: 1505571219.6, Max: 1505571219.6, Diff: 0.1]
      [Ext Root Scanning (ms): Min: 1.3, Avg: 1.5, Max: 2.1, Diff: 0.9, Sum: 11.8]
      [Update RS (ms): Min: 5.2, Avg: 5.7, Max: 6.0, Diff: 0.8, Sum: 45.5]
         [Processed Buffers: Min: 14, Avg: 23.4, Max: 36, Diff: 22, Sum: 187]
      [Scan RS (ms): Min: 0.0, Avg: 0.1, Max: 0.2, Diff: 0.1, Sum: 0.7]
      [Code Root Scanning (ms): Min: 0.0, Avg: 0.0, Max: 0.0, Diff: 0.0, Sum: 0.0]
      [Object Copy (ms): Min: 8.7, Avg: 8.9, Max: 9.0, Diff: 0.2, Sum: 71.2]
      [Termination (ms): Min: 0.0, Avg: 0.0, Max: 0.0, Diff: 0.0, Sum: 0.0]
      [GC Worker Other (ms): Min: 0.0, Avg: 0.1, Max: 0.1, Diff: 0.1, Sum: 0.5]
      [GC Worker Total (ms): Min: 16.2, Avg: 16.2, Max: 16.3, Diff: 0.1, Sum: 129.7]
      [GC Worker End (ms): Min: 1505571235.8, Avg: 1505571235.8, Max: 1505571235.8, Diff: 0.1]
   [Code Root Fixup: 0.2 ms]
   [Code Root Purge: 0.0 ms]
   [Clear CT: 0.2 ms]
   [Other: 1.5 ms]
      [Choose CSet: 0.0 ms]
      [Ref Proc: 0.2 ms]
      [Ref Enq: 0.0 ms]
      [Redirty Cards: 0.1 ms]
      [Humongous Reclaim: 0.0 ms]
      [Free CSet: 0.6 ms]
   [Eden: 2212.0M(2212.0M)->0.0B(2212.0M) Survivors: 36.0M->36.0M Heap: 3638.0M(4500.0M)->1426.6M(4500.0M)]
Heap after GC invocations=33130 (full 0):
 garbage-first heap   total 4608000K, used 1460813K [0x00000006a6c00000, 0x00000006a7002328, 0x00000007c0000000)
  region size 4096K, 9 young (36864K), 9 survivors (36864K)
 Metaspace       used 124692K, capacity 128524K, committed 129664K, reserved 1165312K
  class space    used 13846K, capacity 14512K, committed 14720K, reserved 1048576K
}
 [Times: user=0.10 sys=0.04, real=0.01 secs] 
{Heap before GC invocations=33130 (full 0):
 garbage-first heap   total 4608000K, used 3725901K [0x00000006a6c00000, 0x00000006a7002328, 0x00000007c0000000)
  region size 4096K, 562 young (2301952K), 9 survivors (36864K)
 Metaspace       used 124692K, capacity 128524K, committed 129664K, reserved 1165312K
  class space    used 13846K, capacity 14512K, committed 14720K, reserved 1048576K
2019-04-29T02:46:32.225+0800: 1505601.444: [GC pause (G1 Evacuation Pause) (young)
Desired survivor size 148897792 bytes, new threshold 15 (max 15)
- age   1:   13934728 bytes,   13934728 total
- age   2:    1822488 bytes,   15757216 total
- age   3:     591056 bytes,   16348272 total
- age   4:     144736 bytes,   16493008 total
- age   5:     201336 bytes,   16694344 total
- age   6:     135480 bytes,   16829824 total
- age   7:     945216 bytes,   17775040 total
- age   8:     348992 bytes,   18124032 total
- age   9:     288448 bytes,   18412480 total
- age  10:     257000 bytes,   18669480 total
- age  11:     366544 bytes,   19036024 total
- age  12:     428984 bytes,   19465008 total
- age  13:     262424 bytes,   19727432 total
- age  14:     266776 bytes,   19994208 total
- age  15:     128152 bytes,   20122360 total
 1505601.444: [G1Ergonomics (CSet Construction) start choosing CSet, _pending_cards: 22034, predicted base time: 8.13 ms, remaining time: 51.87 ms, target pause time: 60.00 ms]
 1505601.444: [G1Ergonomics (CSet Construction) add young regions to CSet, eden: 553 regions, survivors: 9 regions, predicted young region time: 45.56 ms]
 1505601.444: [G1Ergonomics (CSet Construction) finish choosing CSet, eden: 553 regions, survivors: 9 regions, old: 0 regions, predicted pause time: 53.69 ms, target pause time: 60.00 ms]
, 0.0195330 secs]
   [Parallel Time: 17.2 ms, GC Workers: 8]
      [GC Worker Start (ms): Min: 1505601444.1, Avg: 1505601444.1, Max: 1505601444.2, Diff: 0.1]
      [Ext Root Scanning (ms): Min: 1.1, Avg: 1.3, Max: 2.0, Diff: 0.9, Sum: 10.3]
      [Update RS (ms): Min: 4.7, Avg: 5.4, Max: 5.7, Diff: 1.0, Sum: 42.8]
         [Processed Buffers: Min: 14, Avg: 22.9, Max: 39, Diff: 25, Sum: 183]
      [Scan RS (ms): Min: 0.0, Avg: 0.1, Max: 0.1, Diff: 0.1, Sum: 0.6]
      [Code Root Scanning (ms): Min: 0.0, Avg: 0.0, Max: 0.0, Diff: 0.0, Sum: 0.0]
      [Object Copy (ms): Min: 10.2, Avg: 10.2, Max: 10.3, Diff: 0.1, Sum: 81.9]
      [Termination (ms): Min: 0.0, Avg: 0.0, Max: 0.0, Diff: 0.0, Sum: 0.0]
      [GC Worker Other (ms): Min: 0.0, Avg: 0.0, Max: 0.1, Diff: 0.1, Sum: 0.4]
      [GC Worker Total (ms): Min: 17.0, Avg: 17.0, Max: 17.1, Diff: 0.1, Sum: 136.1]
      [GC Worker End (ms): Min: 1505601461.1, Avg: 1505601461.1, Max: 1505601461.2, Diff: 0.1]
   [Code Root Fixup: 0.2 ms]
   [Code Root Purge: 0.0 ms]
   [Clear CT: 0.3 ms]
   [Other: 1.9 ms]
      [Choose CSet: 0.0 ms]
      [Ref Proc: 0.3 ms]
      [Ref Enq: 0.0 ms]
      [Redirty Cards: 0.1 ms]
      [Humongous Reclaim: 0.0 ms]
      [Free CSet: 0.9 ms]
   [Eden: 2212.0M(2212.0M)->0.0B(2212.0M) Survivors: 36.0M->36.0M Heap: 3638.6M(4500.0M)->1427.7M(4500.0M)]
Heap after GC invocations=33131 (full 0):
 garbage-first heap   total 4608000K, used 1461987K [0x00000006a6c00000, 0x00000006a7002328, 0x00000007c0000000)
  region size 4096K, 9 young (36864K), 9 survivors (36864K)
 Metaspace       used 124692K, capacity 128524K, committed 129664K, reserved 1165312K
  class space    used 13846K, capacity 14512K, committed 14720K, reserved 1048576K
}
 [Times: user=0.11 sys=0.02, real=0.02 secs] 
{Heap before GC invocations=33131 (full 0):
 garbage-first heap   total 4608000K, used 3727075K [0x00000006a6c00000, 0x00000006a7002328, 0x00000007c0000000)
  region size 4096K, 562 young (2301952K), 9 survivors (36864K)
 Metaspace       used 124692K, capacity 128524K, committed 129664K, reserved 1165312K
  class space    used 13846K, capacity 14512K, committed 14720K, reserved 1048576K
2019-04-29T02:47:03.447+0800: 1505632.666: [GC pause (G1 Evacuation Pause) (young)
Desired survivor size 148897792 bytes, new threshold 15 (max 15)
- age   1:   16300816 bytes,   16300816 total
- age   2:    2052048 bytes,   18352864 total
- age   3:     147832 bytes,   18500696 total
- age   4:     334656 bytes,   18835352 total
- age   5:     144312 bytes,   18979664 total
- age   6:     200800 bytes,   19180464 total
- age   7:     134960 bytes,   19315424 total
- age   8:     944328 bytes,   20259752 total
- age   9:     348520 bytes,   20608272 total
- age  10:     288160 bytes,   20896432 total
- age  11:     256712 bytes,   21153144 total
- age  12:     366256 bytes,   21519400 total
- age  13:     427672 bytes,   21947072 total
- age  14:     256560 bytes,   22203632 total
- age  15:     266776 bytes,   22470408 total
 1505632.666: [G1Ergonomics (CSet Construction) start choosing CSet, _pending_cards: 21810, predicted base time: 8.08 ms, remaining time: 51.92 ms, target pause time: 60.00 ms]
 1505632.666: [G1Ergonomics (CSet Construction) add young regions to CSet, eden: 553 regions, survivors: 9 regions, predicted young region time: 38.58 ms]
 1505632.666: [G1Ergonomics (CSet Construction) finish choosing CSet, eden: 553 regions, survivors: 9 regions, old: 0 regions, predicted pause time: 46.66 ms, target pause time: 60.00 ms]
, 0.0187878 secs]
   [Parallel Time: 16.9 ms, GC Workers: 8]
      [GC Worker Start (ms): Min: 1505632666.1, Avg: 1505632666.1, Max: 1505632666.2, Diff: 0.1]
      [Ext Root Scanning (ms): Min: 1.0, Avg: 1.3, Max: 2.1, Diff: 1.0, Sum: 10.2]
      [Update RS (ms): Min: 4.9, Avg: 5.4, Max: 5.7, Diff: 0.8, Sum: 43.5]
         [Processed Buffers: Min: 15, Avg: 22.2, Max: 36, Diff: 21, Sum: 178]
      [Scan RS (ms): Min: 0.0, Avg: 0.1, Max: 0.1, Diff: 0.1, Sum: 0.6]
      [Code Root Scanning (ms): Min: 0.0, Avg: 0.0, Max: 0.0, Diff: 0.0, Sum: 0.0]
      [Object Copy (ms): Min: 9.8, Avg: 10.0, Max: 10.1, Diff: 0.3, Sum: 79.7]
      [Termination (ms): Min: 0.0, Avg: 0.0, Max: 0.0, Diff: 0.0, Sum: 0.0]
      [GC Worker Other (ms): Min: 0.0, Avg: 0.0, Max: 0.1, Diff: 0.0, Sum: 0.3]
      [GC Worker Total (ms): Min: 16.7, Avg: 16.8, Max: 16.8, Diff: 0.1, Sum: 134.4]
      [GC Worker End (ms): Min: 1505632682.9, Avg: 1505632682.9, Max: 1505632683.0, Diff: 0.0]
   [Code Root Fixup: 0.2 ms]
   [Code Root Purge: 0.0 ms]
   [Clear CT: 0.3 ms]
   [Other: 1.4 ms]
      [Choose CSet: 0.0 ms]
      [Ref Proc: 0.2 ms]
      [Ref Enq: 0.0 ms]
      [Redirty Cards: 0.1 ms]
      [Humongous Reclaim: 0.0 ms]
      [Free CSet: 0.6 ms]
   [Eden: 2212.0M(2212.0M)->0.0B(2212.0M) Survivors: 36.0M->36.0M Heap: 3639.7M(4500.0M)->1427.1M(4500.0M)]
Heap after GC invocations=33132 (full 0):
 garbage-first heap   total 4608000K, used 1461314K [0x00000006a6c00000, 0x00000006a7002328, 0x00000007c0000000)
  region size 4096K, 9 young (36864K), 9 survivors (36864K)
 Metaspace       used 124692K, capacity 128524K, committed 129664K, reserved 1165312K
  class space    used 13846K, capacity 14512K, committed 14720K, reserved 1048576K
}
 [Times: user=0.11 sys=0.03, real=0.02 secs] 
{Heap before GC invocations=33132 (full 0):
 garbage-first heap   total 4608000K, used 3726402K [0x00000006a6c00000, 0x00000006a7002328, 0x00000007c0000000)
  region size 4096K, 562 young (2301952K), 9 survivors (36864K)
 Metaspace       used 124692K, capacity 128524K, committed 129664K, reserved 1165312K
  class space    used 13846K, capacity 14512K, committed 14720K, reserved 1048576K
2019-04-29T02:47:32.815+0800: 1505662.034: [GC pause (G1 Evacuation Pause) (young)
Desired survivor size 148897792 bytes, new threshold 15 (max 15)
- age   1:   15838280 bytes,   15838280 total
- age   2:    1963800 bytes,   17802080 total
- age   3:     186456 bytes,   17988536 total
- age   4:     140864 bytes,   18129400 total
- age   5:     333512 bytes,   18462912 total
- age   6:     143680 bytes,   18606592 total
- age   7:     200280 bytes,   18806872 total
- age   8:     134960 bytes,   18941832 total
- age   9:     944328 bytes,   19886160 total
- age  10:     348520 bytes,   20234680 total
- age  11:     288160 bytes,   20522840 total
- age  12:     256712 bytes,   20779552 total
- age  13:     366256 bytes,   21145808 total
- age  14:     427672 bytes,   21573480 total
- age  15:     256560 bytes,   21830040 total
 1505662.034: [G1Ergonomics (CSet Construction) start choosing CSet, _pending_cards: 22287, predicted base time: 8.20 ms, remaining time: 51.80 ms, target pause time: 60.00 ms]
 1505662.034: [G1Ergonomics (CSet Construction) add young regions to CSet, eden: 553 regions, survivors: 9 regions, predicted young region time: 32.06 ms]
 1505662.034: [G1Ergonomics (CSet Construction) finish choosing CSet, eden: 553 regions, survivors: 9 regions, old: 0 regions, predicted pause time: 40.26 ms, target pause time: 60.00 ms]
, 0.0184068 secs]
   [Parallel Time: 16.5 ms, GC Workers: 8]
      [GC Worker Start (ms): Min: 1505662034.6, Avg: 1505662034.6, Max: 1505662034.6, Diff: 0.1]
      [Ext Root Scanning (ms): Min: 1.1, Avg: 1.3, Max: 2.1, Diff: 1.0, Sum: 10.7]
      [Update RS (ms): Min: 4.6, Avg: 5.3, Max: 5.6, Diff: 1.0, Sum: 42.5]
         [Processed Buffers: Min: 15, Avg: 22.8, Max: 32, Diff: 17, Sum: 182]
      [Scan RS (ms): Min: 0.0, Avg: 0.1, Max: 0.1, Diff: 0.1, Sum: 0.6]
      [Code Root Scanning (ms): Min: 0.0, Avg: 0.0, Max: 0.0, Diff: 0.0, Sum: 0.0]
      [Object Copy (ms): Min: 9.5, Avg: 9.6, Max: 9.7, Diff: 0.1, Sum: 76.7]
      [Termination (ms): Min: 0.0, Avg: 0.0, Max: 0.0, Diff: 0.0, Sum: 0.0]
      [GC Worker Other (ms): Min: 0.0, Avg: 0.0, Max: 0.1, Diff: 0.1, Sum: 0.4]
      [GC Worker Total (ms): Min: 16.3, Avg: 16.4, Max: 16.4, Diff: 0.1, Sum: 130.9]
      [GC Worker End (ms): Min: 1505662050.9, Avg: 1505662051.0, Max: 1505662051.0, Diff: 0.1]
   [Code Root Fixup: 0.2 ms]
   [Code Root Purge: 0.0 ms]
   [Clear CT: 0.3 ms]
   [Other: 1.5 ms]
      [Choose CSet: 0.0 ms]
      [Ref Proc: 0.2 ms]
      [Ref Enq: 0.0 ms]
      [Redirty Cards: 0.1 ms]
      [Humongous Reclaim: 0.0 ms]
      [Free CSet: 0.6 ms]
   [Eden: 2212.0M(2212.0M)->0.0B(2212.0M) Survivors: 36.0M->36.0M Heap: 3639.1M(4500.0M)->1427.4M(4500.0M)]
Heap after GC invocations=33133 (full 0):
 garbage-first heap   total 4608000K, used 1461708K [0x00000006a6c00000, 0x00000006a7002328, 0x00000007c0000000)
  region size 4096K, 9 young (36864K), 9 survivors (36864K)
 Metaspace       used 124692K, capacity 128524K, committed 129664K, reserved 1165312K
  class space    used 13846K, capacity 14512K, committed 14720K, reserved 1048576K
}
 [Times: user=0.14 sys=0.00, real=0.02 secs] 
{Heap before GC invocations=33133 (full 0):
 garbage-first heap   total 4608000K, used 3726796K [0x00000006a6c00000, 0x00000006a7002328, 0x00000007c0000000)
  region size 4096K, 562 young (2301952K), 9 survivors (36864K)
 Metaspace       used 124692K, capacity 128524K, committed 129664K, reserved 1165312K
  class space    used 13846K, capacity 14512K, committed 14720K, reserved 1048576K
2019-04-29T02:48:00.191+0800: 1505689.410: [GC pause (G1 Evacuation Pause) (young)
Desired survivor size 148897792 bytes, new threshold 15 (max 15)
- age   1:   15190408 bytes,   15190408 total
- age   2:    2091408 bytes,   17281816 total
- age   3:     163632 bytes,   17445448 total
- age   4:     179344 bytes,   17624792 total
- age   5:     139264 bytes,   17764056 total
- age   6:     330456 bytes,   18094512 total
- age   7:     143064 bytes,   18237576 total
- age   8:     200248 bytes,   18437824 total
- age   9:     134960 bytes,   18572784 total
- age  10:     944328 bytes,   19517112 total
- age  11:     348456 bytes,   19865568 total
- age  12:     288160 bytes,   20153728 total
- age  13:     256712 bytes,   20410440 total
- age  14:     366256 bytes,   20776696 total
- age  15:     427672 bytes,   21204368 total
 1505689.410: [G1Ergonomics (CSet Construction) start choosing CSet, _pending_cards: 22105, predicted base time: 8.08 ms, remaining time: 51.92 ms, target pause time: 60.00 ms]
 1505689.410: [G1Ergonomics (CSet Construction) add young regions to CSet, eden: 553 regions, survivors: 9 regions, predicted young region time: 26.18 ms]
 1505689.410: [G1Ergonomics (CSet Construction) finish choosing CSet, eden: 553 regions, survivors: 9 regions, old: 0 regions, predicted pause time: 34.25 ms, target pause time: 60.00 ms]
, 0.0186157 secs]
   [Parallel Time: 16.7 ms, GC Workers: 8]
      [GC Worker Start (ms): Min: 1505689410.4, Avg: 1505689410.5, Max: 1505689410.5, Diff: 0.1]
      [Ext Root Scanning (ms): Min: 1.0, Avg: 1.2, Max: 1.9, Diff: 0.9, Sum: 9.8]
      [Update RS (ms): Min: 4.8, Avg: 5.2, Max: 5.6, Diff: 0.8, Sum: 41.8]
         [Processed Buffers: Min: 13, Avg: 22.2, Max: 29, Diff: 16, Sum: 178]
      [Scan RS (ms): Min: 0.0, Avg: 0.1, Max: 0.1, Diff: 0.1, Sum: 0.6]
      [Code Root Scanning (ms): Min: 0.0, Avg: 0.0, Max: 0.0, Diff: 0.0, Sum: 0.0]
      [Object Copy (ms): Min: 9.8, Avg: 10.0, Max: 10.2, Diff: 0.4, Sum: 80.2]
      [Termination (ms): Min: 0.0, Avg: 0.0, Max: 0.0, Diff: 0.0, Sum: 0.0]
      [GC Worker Other (ms): Min: 0.0, Avg: 0.0, Max: 0.1, Diff: 0.1, Sum: 0.4]
      [GC Worker Total (ms): Min: 16.5, Avg: 16.6, Max: 16.7, Diff: 0.1, Sum: 132.8]
      [GC Worker End (ms): Min: 1505689427.0, Avg: 1505689427.1, Max: 1505689427.1, Diff: 0.1]
   [Code Root Fixup: 0.2 ms]
   [Code Root Purge: 0.0 ms]
   [Clear CT: 0.3 ms]
   [Other: 1.4 ms]
      [Choose CSet: 0.0 ms]
      [Ref Proc: 0.2 ms]
      [Ref Enq: 0.0 ms]
      [Redirty Cards: 0.1 ms]
      [Humongous Reclaim: 0.0 ms]
      [Free CSet: 0.7 ms]
   [Eden: 2212.0M(2212.0M)->0.0B(2212.0M) Survivors: 36.0M->36.0M Heap: 3639.4M(4500.0M)->1427.6M(4500.0M)]
Heap after GC invocations=33134 (full 0):
 garbage-first heap   total 4608000K, used 1461832K [0x00000006a6c00000, 0x00000006a7002328, 0x00000007c0000000)
  region size 4096K, 9 young (36864K), 9 survivors (36864K)
 Metaspace       used 124692K, capacity 128524K, committed 129664K, reserved 1165312K
  class space    used 13846K, capacity 14512K, committed 14720K, reserved 1048576K
}
 [Times: user=0.11 sys=0.03, real=0.02 secs] 
{Heap before GC invocations=33134 (full 0):
 garbage-first heap   total 4608000K, used 3726920K [0x00000006a6c00000, 0x00000006a7002328, 0x00000007c0000000)
  region size 4096K, 562 young (2301952K), 9 survivors (36864K)
 Metaspace       used 124692K, capacity 128524K, committed 129664K, reserved 1165312K
  class space    used 13846K, capacity 14512K, committed 14720K, reserved 1048576K
2019-04-29T02:48:29.049+0800: 1505718.267: [GC pause (G1 Evacuation Pause) (young)
Desired survivor size 148897792 bytes, new threshold 15 (max 15)
- age   1:   15239608 bytes,   15239608 total
- age   2:    2500176 bytes,   17739784 total
- age   3:     297944 bytes,   18037728 total
- age   4:     162064 bytes,   18199792 total
- age   5:     177944 bytes,   18377736 total
- age   6:     138904 bytes,   18516640 total
- age   7:     330456 bytes,   18847096 total
- age   8:     143064 bytes,   18990160 total
- age   9:     200248 bytes,   19190408 total
- age  10:     134960 bytes,   19325368 total
- age  11:     944328 bytes,   20269696 total
- age  12:     348456 bytes,   20618152 total
- age  13:     288160 bytes,   20906312 total
- age  14:     256712 bytes,   21163024 total
- age  15:     366256 bytes,   21529280 total
 1505718.268: [G1Ergonomics (CSet Construction) start choosing CSet, _pending_cards: 22318, predicted base time: 8.04 ms, remaining time: 51.96 ms, target pause time: 60.00 ms]
 1505718.268: [G1Ergonomics (CSet Construction) add young regions to CSet, eden: 553 regions, survivors: 9 regions, predicted young region time: 25.94 ms]
 1505718.268: [G1Ergonomics (CSet Construction) finish choosing CSet, eden: 553 regions, survivors: 9 regions, old: 0 regions, predicted pause time: 33.98 ms, target pause time: 60.00 ms]
, 0.0204204 secs]
   [Parallel Time: 18.4 ms, GC Workers: 8]
      [GC Worker Start (ms): Min: 1505718267.7, Avg: 1505718267.8, Max: 1505718267.8, Diff: 0.1]
      [Ext Root Scanning (ms): Min: 1.0, Avg: 1.5, Max: 4.2, Diff: 3.2, Sum: 12.2]
      [Update RS (ms): Min: 2.8, Avg: 5.4, Max: 6.0, Diff: 3.2, Sum: 43.5]
         [Processed Buffers: Min: 14, Avg: 22.2, Max: 50, Diff: 36, Sum: 178]
      [Scan RS (ms): Min: 0.0, Avg: 0.1, Max: 0.1, Diff: 0.1, Sum: 0.6]
      [Code Root Scanning (ms): Min: 0.0, Avg: 0.0, Max: 0.0, Diff: 0.0, Sum: 0.0]
      [Object Copy (ms): Min: 11.1, Avg: 11.2, Max: 11.3, Diff: 0.2, Sum: 89.6]
      [Termination (ms): Min: 0.0, Avg: 0.0, Max: 0.0, Diff: 0.0, Sum: 0.0]
      [GC Worker Other (ms): Min: 0.0, Avg: 0.0, Max: 0.1, Diff: 0.1, Sum: 0.3]
      [GC Worker Total (ms): Min: 18.2, Avg: 18.3, Max: 18.3, Diff: 0.1, Sum: 146.3]
      [GC Worker End (ms): Min: 1505718286.0, Avg: 1505718286.1, Max: 1505718286.1, Diff: 0.1]
   [Code Root Fixup: 0.3 ms]
   [Code Root Purge: 0.0 ms]
   [Clear CT: 0.3 ms]
   [Other: 1.4 ms]
      [Choose CSet: 0.0 ms]
      [Ref Proc: 0.2 ms]
      [Ref Enq: 0.0 ms]
      [Redirty Cards: 0.1 ms]
      [Humongous Reclaim: 0.0 ms]
      [Free CSet: 0.6 ms]
   [Eden: 2212.0M(2212.0M)->0.0B(2212.0M) Survivors: 36.0M->36.0M Heap: 3639.6M(4500.0M)->1428.6M(4500.0M)]
Heap after GC invocations=33135 (full 0):
 garbage-first heap   total 4608000K, used 1462889K [0x00000006a6c00000, 0x00000006a7002328, 0x00000007c0000000)
  region size 4096K, 9 young (36864K), 9 survivors (36864K)
 Metaspace       used 124692K, capacity 128524K, committed 129664K, reserved 1165312K
  class space    used 13846K, capacity 14512K, committed 14720K, reserved 1048576K
}
 [Times: user=0.12 sys=0.03, real=0.02 secs] 
{Heap before GC invocations=33135 (full 0):
 garbage-first heap   total 4608000K, used 3727977K [0x00000006a6c00000, 0x00000006a7002328, 0x00000007c0000000)
  region size 4096K, 562 young (2301952K), 9 survivors (36864K)
 Metaspace       used 124692K, capacity 128524K, committed 129664K, reserved 1165312K
  class space    used 13846K, capacity 14512K, committed 14720K, reserved 1048576K
2019-04-29T02:48:57.281+0800: 1505746.500: [GC pause (G1 Evacuation Pause) (young)
Desired survivor size 148897792 bytes, new threshold 15 (max 15)
- age   1:   16774304 bytes,   16774304 total
- age   2:    2177672 bytes,   18951976 total
- age   3:     722632 bytes,   19674608 total
- age   4:     155968 bytes,   19830576 total
- age   5:     161120 bytes,   19991696 total
- age   6:     176376 bytes,   20168072 total
- age   7:     138432 bytes,   20306504 total
- age   8:     330344 bytes,   20636848 total
- age   9:     143064 bytes,   20779912 total
- age  10:     200248 bytes,   20980160 total
- age  11:     134960 bytes,   21115120 total
- age  12:     944328 bytes,   22059448 total
- age  13:     348456 bytes,   22407904 total
- age  14:     288160 bytes,   22696064 total
- age  15:     256712 bytes,   22952776 total
 1505746.500: [G1Ergonomics (CSet Construction) start choosing CSet, _pending_cards: 21880, predicted base time: 8.06 ms, remaining time: 51.94 ms, target pause time: 60.00 ms]
 1505746.500: [G1Ergonomics (CSet Construction) add young regions to CSet, eden: 553 regions, survivors: 9 regions, predicted young region time: 23.72 ms]
 1505746.500: [G1Ergonomics (CSet Construction) finish choosing CSet, eden: 553 regions, survivors: 9 regions, old: 0 regions, predicted pause time: 31.78 ms, target pause time: 60.00 ms]
, 0.0182525 secs]
   [Parallel Time: 16.4 ms, GC Workers: 8]
      [GC Worker Start (ms): Min: 1505746500.3, Avg: 1505746500.3, Max: 1505746500.4, Diff: 0.1]
      [Ext Root Scanning (ms): Min: 1.1, Avg: 1.3, Max: 2.1, Diff: 1.1, Sum: 10.6]
      [Update RS (ms): Min: 4.7, Avg: 5.3, Max: 5.7, Diff: 1.0, Sum: 42.5]
         [Processed Buffers: Min: 13, Avg: 22.0, Max: 40, Diff: 27, Sum: 176]
      [Scan RS (ms): Min: 0.0, Avg: 0.1, Max: 0.1, Diff: 0.1, Sum: 0.6]
      [Code Root Scanning (ms): Min: 0.0, Avg: 0.0, Max: 0.0, Diff: 0.0, Sum: 0.0]
      [Object Copy (ms): Min: 9.4, Avg: 9.5, Max: 9.6, Diff: 0.2, Sum: 75.6]
      [Termination (ms): Min: 0.0, Avg: 0.0, Max: 0.0, Diff: 0.0, Sum: 0.0]
      [GC Worker Other (ms): Min: 0.0, Avg: 0.0, Max: 0.1, Diff: 0.1, Sum: 0.4]
      [GC Worker Total (ms): Min: 16.1, Avg: 16.2, Max: 16.3, Diff: 0.1, Sum: 129.7]
      [GC Worker End (ms): Min: 1505746516.5, Avg: 1505746516.5, Max: 1505746516.6, Diff: 0.1]
   [Code Root Fixup: 0.2 ms]
   [Code Root Purge: 0.0 ms]
   [Clear CT: 0.3 ms]
   [Other: 1.4 ms]
      [Choose CSet: 0.0 ms]
      [Ref Proc: 0.2 ms]
      [Ref Enq: 0.0 ms]
      [Redirty Cards: 0.1 ms]
      [Humongous Reclaim: 0.0 ms]
      [Free CSet: 0.6 ms]
   [Eden: 2212.0M(2212.0M)->0.0B(2212.0M) Survivors: 36.0M->36.0M Heap: 3640.6M(4500.0M)->1429.0M(4500.0M)]
Heap after GC invocations=33136 (full 0):
 garbage-first heap   total 4608000K, used 1463287K [0x00000006a6c00000, 0x00000006a7002328, 0x00000007c0000000)
  region size 4096K, 9 young (36864K), 9 survivors (36864K)
 Metaspace       used 124692K, capacity 128524K, committed 129664K, reserved 1165312K
  class space    used 13846K, capacity 14512K, committed 14720K, reserved 1048576K
}
 [Times: user=0.10 sys=0.03, real=0.02 secs] 
{Heap before GC invocations=33136 (full 0):
 garbage-first heap   total 4608000K, used 3728375K [0x00000006a6c00000, 0x00000006a7002328, 0x00000007c0000000)
  region size 4096K, 562 young (2301952K), 9 survivors (36864K)
 Metaspace       used 124692K, capacity 128524K, committed 129664K, reserved 1165312K
  class space    used 13846K, capacity 14512K, committed 14720K, reserved 1048576K
2019-04-29T02:49:26.894+0800: 1505776.113: [GC pause (G1 Evacuation Pause) (young)
Desired survivor size 148897792 bytes, new threshold 15 (max 15)
- age   1:   14270096 bytes,   14270096 total
- age   2:    2071064 bytes,   16341160 total
- age   3:     445656 bytes,   16786816 total
- age   4:     514448 bytes,   17301264 total
- age   5:     154848 bytes,   17456112 total
- age   6:     160712 bytes,   17616824 total
- age   7:     176376 bytes,   17793200 total
- age   8:     138432 bytes,   17931632 total
- age   9:     330344 bytes,   18261976 total
- age  10:     143064 bytes,   18405040 total
- age  11:     200248 bytes,   18605288 total
- age  12:     134888 bytes,   18740176 total
- age  13:     944328 bytes,   19684504 total
- age  14:     348456 bytes,   20032960 total
- age  15:     288160 bytes,   20321120 total
 1505776.113: [G1Ergonomics (CSet Construction) start choosing CSet, _pending_cards: 22790, predicted base time: 8.26 ms, remaining time: 51.74 ms, target pause time: 60.00 ms]
 1505776.113: [G1Ergonomics (CSet Construction) add young regions to CSet, eden: 553 regions, survivors: 9 regions, predicted young region time: 19.36 ms]
 1505776.113: [G1Ergonomics (CSet Construction) finish choosing CSet, eden: 553 regions, survivors: 9 regions, old: 0 regions, predicted pause time: 27.62 ms, target pause time: 60.00 ms]
, 0.0202158 secs]
   [Parallel Time: 17.9 ms, GC Workers: 8]
      [GC Worker Start (ms): Min: 1505776113.1, Avg: 1505776113.2, Max: 1505776113.2, Diff: 0.1]
      [Ext Root Scanning (ms): Min: 1.1, Avg: 1.4, Max: 2.1, Diff: 0.9, Sum: 11.1]
      [Update RS (ms): Min: 5.4, Avg: 5.8, Max: 6.0, Diff: 0.5, Sum: 46.1]
         [Processed Buffers: Min: 16, Avg: 22.6, Max: 37, Diff: 21, Sum: 181]
      [Scan RS (ms): Min: 0.0, Avg: 0.1, Max: 0.1, Diff: 0.1, Sum: 0.7]
      [Code Root Scanning (ms): Min: 0.0, Avg: 0.0, Max: 0.0, Diff: 0.0, Sum: 0.0]
      [Object Copy (ms): Min: 10.2, Avg: 10.5, Max: 10.6, Diff: 0.3, Sum: 83.9]
      [Termination (ms): Min: 0.0, Avg: 0.0, Max: 0.0, Diff: 0.0, Sum: 0.0]
      [GC Worker Other (ms): Min: 0.0, Avg: 0.1, Max: 0.1, Diff: 0.1, Sum: 0.5]
      [GC Worker Total (ms): Min: 17.7, Avg: 17.8, Max: 17.9, Diff: 0.1, Sum: 142.2]
      [GC Worker End (ms): Min: 1505776130.9, Avg: 1505776130.9, Max: 1505776131.0, Diff: 0.1]
   [Code Root Fixup: 0.2 ms]
   [Code Root Purge: 0.0 ms]
   [Clear CT: 0.3 ms]
   [Other: 1.8 ms]
      [Choose CSet: 0.0 ms]
      [Ref Proc: 0.3 ms]
      [Ref Enq: 0.0 ms]
      [Redirty Cards: 0.1 ms]
      [Humongous Reclaim: 0.0 ms]
      [Free CSet: 0.9 ms]
   [Eden: 2212.0M(2212.0M)->0.0B(2212.0M) Survivors: 36.0M->36.0M Heap: 3641.0M(4500.0M)->1430.5M(4500.0M)]
Heap after GC invocations=33137 (full 0):
 garbage-first heap   total 4608000K, used 1464877K [0x00000006a6c00000, 0x00000006a7002328, 0x00000007c0000000)
  region size 4096K, 9 young (36864K), 9 survivors (36864K)
 Metaspace       used 124692K, capacity 128524K, committed 129664K, reserved 1165312K
  class space    used 13846K, capacity 14512K, committed 14720K, reserved 1048576K
}
 [Times: user=0.12 sys=0.03, real=0.02 secs] 
{Heap before GC invocations=33137 (full 0):
 garbage-first heap   total 4608000K, used 3729965K [0x00000006a6c00000, 0x00000006a7002328, 0x00000007c0000000)
  region size 4096K, 562 young (2301952K), 9 survivors (36864K)
 Metaspace       used 124692K, capacity 128524K, committed 129664K, reserved 1165312K
  class space    used 13846K, capacity 14512K, committed 14720K, reserved 1048576K
2019-04-29T02:49:58.898+0800: 1505808.117: [GC pause (G1 Evacuation Pause) (young)
Desired survivor size 148897792 bytes, new threshold 15 (max 15)
- age   1:   16475096 bytes,   16475096 total
- age   2:    2005224 bytes,   18480320 total
- age   3:     240448 bytes,   18720768 total
- age   4:     367864 bytes,   19088632 total
- age   5:     506896 bytes,   19595528 total
- age   6:     154448 bytes,   19749976 total
- age   7:     115176 bytes,   19865152 total
- age   8:     146768 bytes,   20011920 total
- age   9:     138208 bytes,   20150128 total
- age  10:     330120 bytes,   20480248 total
- age  11:     143064 bytes,   20623312 total
- age  12:     200248 bytes,   20823560 total
- age  13:     134888 bytes,   20958448 total
- age  14:     944328 bytes,   21902776 total
- age  15:     348456 bytes,   22251232 total
 1505808.117: [G1Ergonomics (CSet Construction) start choosing CSet, _pending_cards: 22814, predicted base time: 8.38 ms, remaining time: 51.62 ms, target pause time: 60.00 ms]
 1505808.117: [G1Ergonomics (CSet Construction) add young regions to CSet, eden: 553 regions, survivors: 9 regions, predicted young region time: 19.65 ms]
 1505808.117: [G1Ergonomics (CSet Construction) finish choosing CSet, eden: 553 regions, survivors: 9 regions, old: 0 regions, predicted pause time: 28.04 ms, target pause time: 60.00 ms]
, 0.0197437 secs]
   [Parallel Time: 17.8 ms, GC Workers: 8]
      [GC Worker Start (ms): Min: 1505808116.9, Avg: 1505808116.9, Max: 1505808116.9, Diff: 0.1]
      [Ext Root Scanning (ms): Min: 1.1, Avg: 1.3, Max: 2.1, Diff: 1.0, Sum: 10.5]
      [Update RS (ms): Min: 5.0, Avg: 5.7, Max: 6.0, Diff: 1.0, Sum: 45.5]
         [Processed Buffers: Min: 16, Avg: 23.0, Max: 47, Diff: 31, Sum: 184]
      [Scan RS (ms): Min: 0.0, Avg: 0.1, Max: 0.1, Diff: 0.1, Sum: 0.6]
      [Code Root Scanning (ms): Min: 0.0, Avg: 0.0, Max: 0.0, Diff: 0.0, Sum: 0.0]
      [Object Copy (ms): Min: 10.5, Avg: 10.6, Max: 10.7, Diff: 0.2, Sum: 84.8]
      [Termination (ms): Min: 0.0, Avg: 0.0, Max: 0.0, Diff: 0.0, Sum: 0.0]
      [GC Worker Other (ms): Min: 0.0, Avg: 0.0, Max: 0.1, Diff: 0.1, Sum: 0.3]
      [GC Worker Total (ms): Min: 17.7, Avg: 17.7, Max: 17.8, Diff: 0.1, Sum: 141.8]
      [GC Worker End (ms): Min: 1505808134.6, Avg: 1505808134.6, Max: 1505808134.6, Diff: 0.0]
   [Code Root Fixup: 0.3 ms]
   [Code Root Purge: 0.0 ms]
   [Clear CT: 0.3 ms]
   [Other: 1.4 ms]
      [Choose CSet: 0.0 ms]
      [Ref Proc: 0.2 ms]
      [Ref Enq: 0.0 ms]
      [Redirty Cards: 0.1 ms]
      [Humongous Reclaim: 0.0 ms]
      [Free CSet: 0.6 ms]
   [Eden: 2212.0M(2212.0M)->0.0B(2212.0M) Survivors: 36.0M->36.0M Heap: 3642.5M(4500.0M)->1429.9M(4500.0M)]
Heap after GC invocations=33138 (full 0):
 garbage-first heap   total 4608000K, used 1464193K [0x00000006a6c00000, 0x00000006a7002328, 0x00000007c0000000)
  region size 4096K, 9 young (36864K), 9 survivors (36864K)
 Metaspace       used 124692K, capacity 128524K, committed 129664K, reserved 1165312K
  class space    used 13846K, capacity 14512K, committed 14720K, reserved 1048576K
}
 [Times: user=0.11 sys=0.03, real=0.02 secs] 
{Heap before GC invocations=33138 (full 0):
 garbage-first heap   total 4608000K, used 3729281K [0x00000006a6c00000, 0x00000006a7002328, 0x00000007c0000000)
  region size 4096K, 562 young (2301952K), 9 survivors (36864K)
 Metaspace       used 124692K, capacity 128524K, committed 129664K, reserved 1165312K
  class space    used 13846K, capacity 14512K, committed 14720K, reserved 1048576K
2019-04-29T02:50:19.409+0800: 1505828.628: [GC pause (G1 Evacuation Pause) (young)
Desired survivor size 148897792 bytes, new threshold 15 (max 15)
- age   1:   16818624 bytes,   16818624 total
- age   2:    2173600 bytes,   18992224 total
- age   3:     113304 bytes,   19105528 total
- age   4:     239216 bytes,   19344744 total
- age   5:     366000 bytes,   19710744 total
- age   6:     504952 bytes,   20215696 total
- age   7:     153672 bytes,   20369368 total
- age   8:     115176 bytes,   20484544 total
- age   9:     145984 bytes,   20630528 total
- age  10:     137872 bytes,   20768400 total
- age  11:     329896 bytes,   21098296 total
- age  12:     143064 bytes,   21241360 total
- age  13:     200248 bytes,   21441608 total
- age  14:     134888 bytes,   21576496 total
- age  15:     944328 bytes,   22520824 total
 1505828.628: [G1Ergonomics (CSet Construction) start choosing CSet, _pending_cards: 21267, predicted base time: 7.99 ms, remaining time: 52.01 ms, target pause time: 60.00 ms]
 1505828.628: [G1Ergonomics (CSet Construction) add young regions to CSet, eden: 553 regions, survivors: 9 regions, predicted young region time: 21.08 ms]
 1505828.628: [G1Ergonomics (CSet Construction) finish choosing CSet, eden: 553 regions, survivors: 9 regions, old: 0 regions, predicted pause time: 29.07 ms, target pause time: 60.00 ms]
, 0.0182617 secs]
   [Parallel Time: 16.3 ms, GC Workers: 8]
      [GC Worker Start (ms): Min: 1505828628.6, Avg: 1505828628.6, Max: 1505828628.6, Diff: 0.1]
      [Ext Root Scanning (ms): Min: 1.1, Avg: 1.3, Max: 2.0, Diff: 1.0, Sum: 10.4]
      [Update RS (ms): Min: 4.5, Avg: 5.2, Max: 5.6, Diff: 1.0, Sum: 41.7]
         [Processed Buffers: Min: 17, Avg: 22.2, Max: 33, Diff: 16, Sum: 178]
      [Scan RS (ms): Min: 0.0, Avg: 0.1, Max: 0.1, Diff: 0.1, Sum: 0.6]
      [Code Root Scanning (ms): Min: 0.0, Avg: 0.0, Max: 0.0, Diff: 0.0, Sum: 0.0]
      [Object Copy (ms): Min: 9.4, Avg: 9.6, Max: 9.7, Diff: 0.3, Sum: 76.7]
      [Termination (ms): Min: 0.0, Avg: 0.0, Max: 0.0, Diff: 0.0, Sum: 0.0]
      [GC Worker Other (ms): Min: 0.0, Avg: 0.1, Max: 0.1, Diff: 0.1, Sum: 0.4]
      [GC Worker Total (ms): Min: 16.2, Avg: 16.2, Max: 16.3, Diff: 0.1, Sum: 129.9]
      [GC Worker End (ms): Min: 1505828644.8, Avg: 1505828644.8, Max: 1505828644.9, Diff: 0.1]
   [Code Root Fixup: 0.2 ms]
   [Code Root Purge: 0.0 ms]
   [Clear CT: 0.2 ms]
   [Other: 1.4 ms]
      [Choose CSet: 0.0 ms]
      [Ref Proc: 0.2 ms]
      [Ref Enq: 0.0 ms]
      [Redirty Cards: 0.1 ms]
      [Humongous Reclaim: 0.0 ms]
      [Free CSet: 0.6 ms]
   [Eden: 2212.0M(2212.0M)->0.0B(2212.0M) Survivors: 36.0M->36.0M Heap: 3641.9M(4500.0M)->1430.9M(4500.0M)]
Heap after GC invocations=33139 (full 0):
 garbage-first heap   total 4608000K, used 1465284K [0x00000006a6c00000, 0x00000006a7002328, 0x00000007c0000000)
  region size 4096K, 9 young (36864K), 9 survivors (36864K)
 Metaspace       used 124692K, capacity 128524K, committed 129664K, reserved 1165312K
  class space    used 13846K, capacity 14512K, committed 14720K, reserved 1048576K
}
 [Times: user=0.13 sys=0.00, real=0.02 secs] 
{Heap before GC invocations=33139 (full 0):
 garbage-first heap   total 4608000K, used 3730372K [0x00000006a6c00000, 0x00000006a7002328, 0x00000007c0000000)
  region size 4096K, 562 young (2301952K), 9 survivors (36864K)
 Metaspace       used 124692K, capacity 128524K, committed 129664K, reserved 1165312K
  class space    used 13846K, capacity 14512K, committed 14720K, reserved 1048576K
2019-04-29T02:50:49.362+0800: 1505858.581: [GC pause (G1 Evacuation Pause) (young)
Desired survivor size 148897792 bytes, new threshold 15 (max 15)
- age   1:   14542224 bytes,   14542224 total
- age   2:    2516920 bytes,   17059144 total
- age   3:     879040 bytes,   17938184 total
- age   4:     112112 bytes,   18050296 total
- age   5:     238592 bytes,   18288888 total
- age   6:     366000 bytes,   18654888 total
- age   7:     502376 bytes,   19157264 total
- age   8:     153448 bytes,   19310712 total
- age   9:     115040 bytes,   19425752 total
- age  10:     144192 bytes,   19569944 total
- age  11:     135976 bytes,   19705920 total
- age  12:     329336 bytes,   20035256 total
- age  13:     143064 bytes,   20178320 total
- age  14:     200248 bytes,   20378568 total
- age  15:     134888 bytes,   20513456 total
 1505858.581: [G1Ergonomics (CSet Construction) start choosing CSet, _pending_cards: 23845, predicted base time: 8.56 ms, remaining time: 51.44 ms, target pause time: 60.00 ms]
 1505858.581: [G1Ergonomics (CSet Construction) add young regions to CSet, eden: 553 regions, survivors: 9 regions, predicted young region time: 41.84 ms]
 1505858.581: [G1Ergonomics (CSet Construction) finish choosing CSet, eden: 553 regions, survivors: 9 regions, old: 0 regions, predicted pause time: 50.40 ms, target pause time: 60.00 ms]
, 0.0199118 secs]
   [Parallel Time: 18.0 ms, GC Workers: 8]
      [GC Worker Start (ms): Min: 1505858581.1, Avg: 1505858581.1, Max: 1505858581.2, Diff: 0.1]
      [Ext Root Scanning (ms): Min: 1.0, Avg: 1.3, Max: 2.1, Diff: 1.0, Sum: 10.2]
      [Update RS (ms): Min: 5.1, Avg: 5.8, Max: 6.1, Diff: 1.0, Sum: 46.6]
         [Processed Buffers: Min: 13, Avg: 23.6, Max: 47, Diff: 34, Sum: 189]
      [Scan RS (ms): Min: 0.0, Avg: 0.1, Max: 0.1, Diff: 0.1, Sum: 0.6]
      [Code Root Scanning (ms): Min: 0.0, Avg: 0.0, Max: 0.0, Diff: 0.0, Sum: 0.0]
      [Object Copy (ms): Min: 10.6, Avg: 10.7, Max: 10.8, Diff: 0.2, Sum: 85.4]
      [Termination (ms): Min: 0.0, Avg: 0.0, Max: 0.0, Diff: 0.0, Sum: 0.0]
      [GC Worker Other (ms): Min: 0.0, Avg: 0.0, Max: 0.1, Diff: 0.1, Sum: 0.4]
      [GC Worker Total (ms): Min: 17.9, Avg: 17.9, Max: 18.0, Diff: 0.1, Sum: 143.3]
      [GC Worker End (ms): Min: 1505858599.0, Avg: 1505858599.0, Max: 1505858599.1, Diff: 0.1]
   [Code Root Fixup: 0.2 ms]
   [Code Root Purge: 0.0 ms]
   [Clear CT: 0.3 ms]
   [Other: 1.4 ms]
      [Choose CSet: 0.0 ms]
      [Ref Proc: 0.2 ms]
      [Ref Enq: 0.0 ms]
      [Redirty Cards: 0.1 ms]
      [Humongous Reclaim: 0.0 ms]
      [Free CSet: 0.6 ms]
   [Eden: 2212.0M(2212.0M)->0.0B(2212.0M) Survivors: 36.0M->36.0M Heap: 3642.9M(4500.0M)->1432.7M(4500.0M)]
Heap after GC invocations=33140 (full 0):
 garbage-first heap   total 4608000K, used 1467126K [0x00000006a6c00000, 0x00000006a7002328, 0x00000007c0000000)
  region size 4096K, 9 young (36864K), 9 survivors (36864K)
 Metaspace       used 124692K, capacity 128524K, committed 129664K, reserved 1165312K
  class space    used 13846K, capacity 14512K, committed 14720K, reserved 1048576K
}
 [Times: user=0.12 sys=0.03, real=0.02 secs] 
{Heap before GC invocations=33140 (full 0):
 garbage-first heap   total 4608000K, used 3732214K [0x00000006a6c00000, 0x00000006a7002328, 0x00000007c0000000)
  region size 4096K, 562 young (2301952K), 9 survivors (36864K)
 Metaspace       used 124692K, capacity 128524K, committed 129664K, reserved 1165312K
  class space    used 13846K, capacity 14512K, committed 14720K, reserved 1048576K
2019-04-29T02:51:51.022+0800: 1505920.241: [GC pause (G1 Evacuation Pause) (young)
Desired survivor size 148897792 bytes, new threshold 15 (max 15)
- age   1:   16799032 bytes,   16799032 total
- age   2:    1654488 bytes,   18453520 total
- age   3:    1114040 bytes,   19567560 total
- age   4:     260712 bytes,   19828272 total
- age   5:     111696 bytes,   19939968 total
- age   6:     238496 bytes,   20178464 total
- age   7:     366000 bytes,   20544464 total
- age   8:     333080 bytes,   20877544 total
- age   9:     153448 bytes,   21030992 total
- age  10:     115040 bytes,   21146032 total
- age  11:     127312 bytes,   21273344 total
- age  12:     131160 bytes,   21404504 total
- age  13:     328776 bytes,   21733280 total
- age  14:     143064 bytes,   21876344 total
- age  15:     200248 bytes,   22076592 total
 1505920.241: [G1Ergonomics (CSet Construction) start choosing CSet, _pending_cards: 24140, predicted base time: 8.58 ms, remaining time: 51.42 ms, target pause time: 60.00 ms]
 1505920.241: [G1Ergonomics (CSet Construction) add young regions to CSet, eden: 553 regions, survivors: 9 regions, predicted young region time: 42.05 ms]
 1505920.241: [G1Ergonomics (CSet Construction) finish choosing CSet, eden: 553 regions, survivors: 9 regions, old: 0 regions, predicted pause time: 50.63 ms, target pause time: 60.00 ms]
, 0.0182647 secs]
   [Parallel Time: 16.3 ms, GC Workers: 8]
      [GC Worker Start (ms): Min: 1505920241.6, Avg: 1505920241.6, Max: 1505920241.6, Diff: 0.1]
      [Ext Root Scanning (ms): Min: 1.0, Avg: 1.5, Max: 4.2, Diff: 3.2, Sum: 12.3]
      [Update RS (ms): Min: 2.9, Avg: 5.5, Max: 6.1, Diff: 3.1, Sum: 44.2]
         [Processed Buffers: Min: 14, Avg: 24.4, Max: 36, Diff: 22, Sum: 195]
      [Scan RS (ms): Min: 0.0, Avg: 0.1, Max: 0.1, Diff: 0.1, Sum: 0.6]
      [Code Root Scanning (ms): Min: 0.0, Avg: 0.0, Max: 0.0, Diff: 0.0, Sum: 0.1]
      [Object Copy (ms): Min: 8.9, Avg: 9.0, Max: 9.0, Diff: 0.1, Sum: 71.8]
      [Termination (ms): Min: 0.0, Avg: 0.0, Max: 0.0, Diff: 0.0, Sum: 0.0]
      [GC Worker Other (ms): Min: 0.0, Avg: 0.0, Max: 0.1, Diff: 0.0, Sum: 0.3]
      [GC Worker Total (ms): Min: 16.1, Avg: 16.2, Max: 16.2, Diff: 0.0, Sum: 129.2]
      [GC Worker End (ms): Min: 1505920257.7, Avg: 1505920257.7, Max: 1505920257.8, Diff: 0.0]
   [Code Root Fixup: 0.2 ms]
   [Code Root Purge: 0.0 ms]
   [Clear CT: 0.4 ms]
   [Other: 1.4 ms]
      [Choose CSet: 0.0 ms]
      [Ref Proc: 0.2 ms]
      [Ref Enq: 0.0 ms]
      [Redirty Cards: 0.1 ms]
      [Humongous Reclaim: 0.0 ms]
      [Free CSet: 0.6 ms]
   [Eden: 2212.0M(2212.0M)->0.0B(2212.0M) Survivors: 36.0M->36.0M Heap: 3644.7M(4500.0M)->1431.9M(4500.0M)]
Heap after GC invocations=33141 (full 0):
 garbage-first heap   total 4608000K, used 1466287K [0x00000006a6c00000, 0x00000006a7002328, 0x00000007c0000000)
  region size 4096K, 9 young (36864K), 9 survivors (36864K)
 Metaspace       used 124692K, capacity 128524K, committed 129664K, reserved 1165312K
  class space    used 13846K, capacity 14512K, committed 14720K, reserved 1048576K
}
 [Times: user=0.12 sys=0.01, real=0.02 secs] 
{Heap before GC invocations=33141 (full 0):
 garbage-first heap   total 4608000K, used 3731375K [0x00000006a6c00000, 0x00000006a7002328, 0x00000007c0000000)
  region size 4096K, 562 young (2301952K), 9 survivors (36864K)
 Metaspace       used 124692K, capacity 128524K, committed 129664K, reserved 1165312K
  class space    used 13846K, capacity 14512K, committed 14720K, reserved 1048576K
2019-04-29T02:54:22.105+0800: 1506071.324: [GC pause (G1 Evacuation Pause) (young)
Desired survivor size 148897792 bytes, new threshold 15 (max 15)
- age   1:   16566272 bytes,   16566272 total
- age   2:     208728 bytes,   16775000 total
- age   3:     327608 bytes,   17102608 total
- age   4:     527032 bytes,   17629640 total
- age   5:     259880 bytes,   17889520 total
- age   6:     110768 bytes,   18000288 total
- age   7:     237480 bytes,   18237768 total
- age   8:     366000 bytes,   18603768 total
- age   9:     332928 bytes,   18936696 total
- age  10:     153448 bytes,   19090144 total
- age  11:     114928 bytes,   19205072 total
- age  12:     125624 bytes,   19330696 total
- age  13:     131160 bytes,   19461856 total
- age  14:     328776 bytes,   19790632 total
- age  15:     143064 bytes,   19933696 total
 1506071.324: [G1Ergonomics (CSet Construction) start choosing CSet, _pending_cards: 25191, predicted base time: 8.89 ms, remaining time: 51.11 ms, target pause time: 60.00 ms]
 1506071.324: [G1Ergonomics (CSet Construction) add young regions to CSet, eden: 553 regions, survivors: 9 regions, predicted young region time: 34.16 ms]
 1506071.324: [G1Ergonomics (CSet Construction) finish choosing CSet, eden: 553 regions, survivors: 9 regions, old: 0 regions, predicted pause time: 43.05 ms, target pause time: 60.00 ms]
, 0.0231077 secs]
   [Parallel Time: 21.0 ms, GC Workers: 8]
      [GC Worker Start (ms): Min: 1506071324.0, Avg: 1506071324.0, Max: 1506071324.0, Diff: 0.1]
      [Ext Root Scanning (ms): Min: 1.0, Avg: 1.3, Max: 2.3, Diff: 1.3, Sum: 10.3]
      [Update RS (ms): Min: 5.0, Avg: 5.8, Max: 6.2, Diff: 1.1, Sum: 46.4]
         [Processed Buffers: Min: 18, Avg: 25.1, Max: 33, Diff: 15, Sum: 201]
      [Scan RS (ms): Min: 0.0, Avg: 0.1, Max: 0.1, Diff: 0.1, Sum: 0.6]
      [Code Root Scanning (ms): Min: 0.0, Avg: 0.0, Max: 0.0, Diff: 0.0, Sum: 0.0]
      [Object Copy (ms): Min: 13.6, Avg: 13.7, Max: 13.8, Diff: 0.2, Sum: 109.5]
      [Termination (ms): Min: 0.0, Avg: 0.0, Max: 0.0, Diff: 0.0, Sum: 0.0]
      [GC Worker Other (ms): Min: 0.0, Avg: 0.0, Max: 0.1, Diff: 0.1, Sum: 0.3]
      [GC Worker Total (ms): Min: 20.8, Avg: 20.9, Max: 21.0, Diff: 0.1, Sum: 167.2]
      [GC Worker End (ms): Min: 1506071344.9, Avg: 1506071344.9, Max: 1506071344.9, Diff: 0.1]
   [Code Root Fixup: 0.2 ms]
   [Code Root Purge: 0.0 ms]
   [Clear CT: 0.3 ms]
   [Other: 1.6 ms]
      [Choose CSet: 0.0 ms]
      [Ref Proc: 0.3 ms]
      [Ref Enq: 0.0 ms]
      [Redirty Cards: 0.1 ms]
      [Humongous Reclaim: 0.0 ms]
      [Free CSet: 0.6 ms]
   [Eden: 2212.0M(2212.0M)->0.0B(2196.0M) Survivors: 36.0M->52.0M Heap: 3643.9M(4500.0M)->1447.6M(4500.0M)]
Heap after GC invocations=33142 (full 0):
 garbage-first heap   total 4608000K, used 1482318K [0x00000006a6c00000, 0x00000006a7002328, 0x00000007c0000000)
  region size 4096K, 13 young (53248K), 13 survivors (53248K)
 Metaspace       used 124692K, capacity 128524K, committed 129664K, reserved 1165312K
  class space    used 13846K, capacity 14512K, committed 14720K, reserved 1048576K
}
 [Times: user=0.13 sys=0.03, real=0.02 secs] 
{Heap before GC invocations=33142 (full 0):
 garbage-first heap   total 4608000K, used 3731022K [0x00000006a6c00000, 0x00000006a7002328, 0x00000007c0000000)
  region size 4096K, 562 young (2301952K), 13 survivors (53248K)
 Metaspace       used 124692K, capacity 128524K, committed 129664K, reserved 1165312K
  class space    used 13846K, capacity 14512K, committed 14720K, reserved 1048576K
2019-04-29T02:56:16.176+0800: 1506185.394: [GC pause (G1 Evacuation Pause) (young)
Desired survivor size 148897792 bytes, new threshold 15 (max 15)
- age   1:   26589992 bytes,   26589992 total
- age   2:     583072 bytes,   27173064 total
- age   3:     200480 bytes,   27373544 total
- age   4:     326344 bytes,   27699888 total
- age   5:     523688 bytes,   28223576 total
- age   6:     259736 bytes,   28483312 total
- age   7:     110768 bytes,   28594080 total
- age   8:     237480 bytes,   28831560 total
- age   9:     366000 bytes,   29197560 total
- age  10:     332776 bytes,   29530336 total
- age  11:     153304 bytes,   29683640 total
- age  12:     114928 bytes,   29798568 total
- age  13:     125624 bytes,   29924192 total
- age  14:     131160 bytes,   30055352 total
- age  15:     328664 bytes,   30384016 total
 1506185.394: [G1Ergonomics (CSet Construction) start choosing CSet, _pending_cards: 25149, predicted base time: 8.81 ms, remaining time: 51.19 ms, target pause time: 60.00 ms]
 1506185.394: [G1Ergonomics (CSet Construction) add young regions to CSet, eden: 549 regions, survivors: 13 regions, predicted young region time: 159.85 ms]
 1506185.394: [G1Ergonomics (CSet Construction) finish choosing CSet, eden: 549 regions, survivors: 13 regions, old: 0 regions, predicted pause time: 168.66 ms, target pause time: 60.00 ms]
, 0.0197862 secs]
   [Parallel Time: 17.5 ms, GC Workers: 8]
      [GC Worker Start (ms): Min: 1506185394.7, Avg: 1506185394.7, Max: 1506185394.8, Diff: 0.1]
      [Ext Root Scanning (ms): Min: 1.2, Avg: 1.5, Max: 2.2, Diff: 1.0, Sum: 11.6]
      [Update RS (ms): Min: 5.7, Avg: 6.3, Max: 6.6, Diff: 0.9, Sum: 50.7]
         [Processed Buffers: Min: 18, Avg: 25.8, Max: 47, Diff: 29, Sum: 206]
      [Scan RS (ms): Min: 0.0, Avg: 0.1, Max: 0.1, Diff: 0.1, Sum: 0.7]
      [Code Root Scanning (ms): Min: 0.0, Avg: 0.0, Max: 0.0, Diff: 0.0, Sum: 0.0]
      [Object Copy (ms): Min: 9.4, Avg: 9.5, Max: 9.6, Diff: 0.2, Sum: 75.9]
      [Termination (ms): Min: 0.0, Avg: 0.0, Max: 0.0, Diff: 0.0, Sum: 0.0]
      [GC Worker Other (ms): Min: 0.0, Avg: 0.1, Max: 0.1, Diff: 0.1, Sum: 0.4]
      [GC Worker Total (ms): Min: 17.4, Avg: 17.4, Max: 17.5, Diff: 0.1, Sum: 139.3]
      [GC Worker End (ms): Min: 1506185412.1, Avg: 1506185412.2, Max: 1506185412.2, Diff: 0.0]
   [Code Root Fixup: 0.2 ms]
   [Code Root Purge: 0.0 ms]
   [Clear CT: 0.3 ms]
   [Other: 1.8 ms]
      [Choose CSet: 0.0 ms]
      [Ref Proc: 0.2 ms]
      [Ref Enq: 0.0 ms]
      [Redirty Cards: 0.1 ms]
      [Humongous Reclaim: 0.0 ms]
      [Free CSet: 0.9 ms]
   [Eden: 2196.0M(2196.0M)->0.0B(2212.0M) Survivors: 52.0M->36.0M Heap: 3643.6M(4500.0M)->1432.5M(4500.0M)]
Heap after GC invocations=33143 (full 0):
 garbage-first heap   total 4608000K, used 1466868K [0x00000006a6c00000, 0x00000006a7002328, 0x00000007c0000000)
  region size 4096K, 9 young (36864K), 9 survivors (36864K)
 Metaspace       used 124692K, capacity 128524K, committed 129664K, reserved 1165312K
  class space    used 13846K, capacity 14512K, committed 14720K, reserved 1048576K
}
 [Times: user=0.11 sys=0.04, real=0.02 secs] 
{Heap before GC invocations=33143 (full 0):
 garbage-first heap   total 4608000K, used 3731956K [0x00000006a6c00000, 0x00000006a7002328, 0x00000007c0000000)
  region size 4096K, 562 young (2301952K), 9 survivors (36864K)
 Metaspace       used 124692K, capacity 128524K, committed 129664K, reserved 1165312K
  class space    used 13846K, capacity 14512K, committed 14720K, reserved 1048576K
2019-04-29T02:58:27.878+0800: 1506317.096: [GC pause (G1 Evacuation Pause) (young)
Desired survivor size 148897792 bytes, new threshold 15 (max 15)
- age   1:   16887792 bytes,   16887792 total
- age   2:     895960 bytes,   17783752 total
- age   3:     536600 bytes,   18320352 total
- age   4:     143064 bytes,   18463416 total
- age   5:     323520 bytes,   18786936 total
- age   6:     522984 bytes,   19309920 total
- age   7:     258952 bytes,   19568872 total
- age   8:     110432 bytes,   19679304 total
- age   9:     237480 bytes,   19916784 total
- age  10:     366000 bytes,   20282784 total
- age  11:     332664 bytes,   20615448 total
- age  12:     153304 bytes,   20768752 total
- age  13:     114928 bytes,   20883680 total
- age  14:     125624 bytes,   21009304 total
- age  15:     131160 bytes,   21140464 total
 1506317.097: [G1Ergonomics (CSet Construction) start choosing CSet, _pending_cards: 26101, predicted base time: 9.17 ms, remaining time: 50.83 ms, target pause time: 60.00 ms]
 1506317.097: [G1Ergonomics (CSet Construction) add young regions to CSet, eden: 553 regions, survivors: 9 regions, predicted young region time: 129.27 ms]
 1506317.097: [G1Ergonomics (CSet Construction) finish choosing CSet, eden: 553 regions, survivors: 9 regions, old: 0 regions, predicted pause time: 138.44 ms, target pause time: 60.00 ms]
, 0.0213186 secs]
   [Parallel Time: 19.4 ms, GC Workers: 8]
      [GC Worker Start (ms): Min: 1506317096.7, Avg: 1506317096.7, Max: 1506317096.8, Diff: 0.1]
      [Ext Root Scanning (ms): Min: 1.1, Avg: 1.3, Max: 2.1, Diff: 1.0, Sum: 10.3]
      [Update RS (ms): Min: 5.3, Avg: 6.1, Max: 6.4, Diff: 1.0, Sum: 48.9]
         [Processed Buffers: Min: 13, Avg: 25.2, Max: 43, Diff: 30, Sum: 202]
      [Scan RS (ms): Min: 0.0, Avg: 0.1, Max: 0.2, Diff: 0.1, Sum: 0.6]
      [Code Root Scanning (ms): Min: 0.0, Avg: 0.0, Max: 0.0, Diff: 0.0, Sum: 0.0]
      [Object Copy (ms): Min: 11.6, Avg: 11.7, Max: 11.8, Diff: 0.2, Sum: 93.9]
      [Termination (ms): Min: 0.0, Avg: 0.0, Max: 0.0, Diff: 0.0, Sum: 0.0]
      [GC Worker Other (ms): Min: 0.0, Avg: 0.0, Max: 0.1, Diff: 0.1, Sum: 0.4]
      [GC Worker Total (ms): Min: 19.2, Avg: 19.3, Max: 19.3, Diff: 0.1, Sum: 154.2]
      [GC Worker End (ms): Min: 1506317116.0, Avg: 1506317116.0, Max: 1506317116.0, Diff: 0.1]
   [Code Root Fixup: 0.2 ms]
   [Code Root Purge: 0.0 ms]
   [Clear CT: 0.3 ms]
   [Other: 1.4 ms]
      [Choose CSet: 0.0 ms]
      [Ref Proc: 0.2 ms]
      [Ref Enq: 0.0 ms]
      [Redirty Cards: 0.1 ms]
      [Humongous Reclaim: 0.0 ms]
      [Free CSet: 0.6 ms]
   [Eden: 2212.0M(2212.0M)->0.0B(2212.0M) Survivors: 36.0M->36.0M Heap: 3644.5M(4500.0M)->1432.4M(4500.0M)]
Heap after GC invocations=33144 (full 0):
 garbage-first heap   total 4608000K, used 1466779K [0x00000006a6c00000, 0x00000006a7002328, 0x00000007c0000000)
  region size 4096K, 9 young (36864K), 9 survivors (36864K)
 Metaspace       used 124692K, capacity 128524K, committed 129664K, reserved 1165312K
  class space    used 13846K, capacity 14512K, committed 14720K, reserved 1048576K
}
 [Times: user=0.13 sys=0.03, real=0.02 secs] 
{Heap before GC invocations=33144 (full 0):
 garbage-first heap   total 4608000K, used 3731867K [0x00000006a6c00000, 0x00000006a7002328, 0x00000007c0000000)
  region size 4096K, 562 young (2301952K), 9 survivors (36864K)
 Metaspace       used 124692K, capacity 128524K, committed 129664K, reserved 1165312K
  class space    used 13846K, capacity 14512K, committed 14720K, reserved 1048576K
2019-04-29T03:00:06.377+0800: 1506415.596: [GC pause (G1 Evacuation Pause) (young)
Desired survivor size 148897792 bytes, new threshold 15 (max 15)
- age   1:   19993752 bytes,   19993752 total
- age   2:    1011088 bytes,   21004840 total
- age   3:     893816 bytes,   21898656 total
- age   4:     536264 bytes,   22434920 total
- age   5:     142728 bytes,   22577648 total
- age   6:     322848 bytes,   22900496 total
- age   7:     522648 bytes,   23423144 total
- age   8:     258952 bytes,   23682096 total
- age   9:     110208 bytes,   23792304 total
- age  10:     237480 bytes,   24029784 total
- age  11:     366000 bytes,   24395784 total
- age  12:     332552 bytes,   24728336 total
- age  13:     153304 bytes,   24881640 total
- age  14:     114928 bytes,   24996568 total
- age  15:     125512 bytes,   25122080 total
 1506415.596: [G1Ergonomics (CSet Construction) start choosing CSet, _pending_cards: 25670, predicted base time: 8.95 ms, remaining time: 51.05 ms, target pause time: 60.00 ms]
 1506415.596: [G1Ergonomics (CSet Construction) add young regions to CSet, eden: 553 regions, survivors: 9 regions, predicted young region time: 140.94 ms]
 1506415.596: [G1Ergonomics (CSet Construction) finish choosing CSet, eden: 553 regions, survivors: 9 regions, old: 0 regions, predicted pause time: 149.89 ms, target pause time: 60.00 ms]
, 0.0220892 secs]
   [Parallel Time: 20.2 ms, GC Workers: 8]
      [GC Worker Start (ms): Min: 1506415596.4, Avg: 1506415596.4, Max: 1506415596.5, Diff: 0.1]
      [Ext Root Scanning (ms): Min: 1.1, Avg: 1.3, Max: 2.0, Diff: 0.9, Sum: 10.4]
      [Update RS (ms): Min: 5.5, Avg: 6.2, Max: 6.5, Diff: 1.0, Sum: 49.2]
         [Processed Buffers: Min: 15, Avg: 26.0, Max: 37, Diff: 22, Sum: 208]
      [Scan RS (ms): Min: 0.0, Avg: 0.1, Max: 0.1, Diff: 0.1, Sum: 0.6]
      [Code Root Scanning (ms): Min: 0.0, Avg: 0.0, Max: 0.0, Diff: 0.0, Sum: 0.0]
      [Object Copy (ms): Min: 12.3, Avg: 12.4, Max: 12.5, Diff: 0.2, Sum: 99.4]
      [Termination (ms): Min: 0.0, Avg: 0.0, Max: 0.0, Diff: 0.0, Sum: 0.1]
      [GC Worker Other (ms): Min: 0.0, Avg: 0.0, Max: 0.1, Diff: 0.1, Sum: 0.3]
      [GC Worker Total (ms): Min: 20.0, Avg: 20.0, Max: 20.1, Diff: 0.1, Sum: 160.2]
      [GC Worker End (ms): Min: 1506415616.4, Avg: 1506415616.4, Max: 1506415616.5, Diff: 0.0]
   [Code Root Fixup: 0.2 ms]
   [Code Root Purge: 0.0 ms]
   [Clear CT: 0.2 ms]
   [Other: 1.5 ms]
      [Choose CSet: 0.0 ms]
      [Ref Proc: 0.2 ms]
      [Ref Enq: 0.0 ms]
      [Redirty Cards: 0.1 ms]
      [Humongous Reclaim: 0.0 ms]
      [Free CSet: 0.6 ms]
   [Eden: 2212.0M(2212.0M)->0.0B(2212.0M) Survivors: 36.0M->36.0M Heap: 3644.4M(4500.0M)->1432.9M(4500.0M)]
Heap after GC invocations=33145 (full 0):
 garbage-first heap   total 4608000K, used 1467258K [0x00000006a6c00000, 0x00000006a7002328, 0x00000007c0000000)
  region size 4096K, 9 young (36864K), 9 survivors (36864K)
 Metaspace       used 124692K, capacity 128524K, committed 129664K, reserved 1165312K
  class space    used 13846K, capacity 14512K, committed 14720K, reserved 1048576K
}
 [Times: user=0.13 sys=0.03, real=0.02 secs] 
{Heap before GC invocations=33145 (full 0):
 garbage-first heap   total 4608000K, used 3732346K [0x00000006a6c00000, 0x00000006a7002328, 0x00000007c0000000)
  region size 4096K, 562 young (2301952K), 9 survivors (36864K)
 Metaspace       used 124692K, capacity 128524K, committed 129664K, reserved 1165312K
  class space    used 13846K, capacity 14512K, committed 14720K, reserved 1048576K
2019-04-29T03:02:09.242+0800: 1506538.460: [GC pause (G1 Evacuation Pause) (young)
Desired survivor size 148897792 bytes, new threshold 15 (max 15)
- age   1:   21083072 bytes,   21083072 total
- age   2:     972272 bytes,   22055344 total
- age   3:     957560 bytes,   23012904 total
- age   4:     892808 bytes,   23905712 total
- age   5:     531344 bytes,   24437056 total
- age   6:     130728 bytes,   24567784 total
- age   7:     320944 bytes,   24888728 total
- age   8:     522648 bytes,   25411376 total
- age   9:     258616 bytes,   25669992 total
- age  10:     110096 bytes,   25780088 total
- age  11:     237480 bytes,   26017568 total
- age  12:     366000 bytes,   26383568 total
- age  13:     332552 bytes,   26716120 total
- age  14:     153304 bytes,   26869424 total
- age  15:     114928 bytes,   26984352 total
 1506538.461: [G1Ergonomics (CSet Construction) start choosing CSet, _pending_cards: 26621, predicted base time: 9.14 ms, remaining time: 50.86 ms, target pause time: 60.00 ms]
 1506538.461: [G1Ergonomics (CSet Construction) add young regions to CSet, eden: 553 regions, survivors: 9 regions, predicted young region time: 118.98 ms]
 1506538.461: [G1Ergonomics (CSet Construction) finish choosing CSet, eden: 553 regions, survivors: 9 regions, old: 0 regions, predicted pause time: 128.13 ms, target pause time: 60.00 ms]
, 0.0235070 secs]
   [Parallel Time: 21.4 ms, GC Workers: 8]
      [GC Worker Start (ms): Min: 1506538460.7, Avg: 1506538460.8, Max: 1506538460.8, Diff: 0.1]
      [Ext Root Scanning (ms): Min: 1.1, Avg: 1.3, Max: 2.1, Diff: 1.0, Sum: 10.3]
      [Update RS (ms): Min: 5.2, Avg: 5.9, Max: 6.2, Diff: 1.0, Sum: 47.4]
         [Processed Buffers: Min: 19, Avg: 26.0, Max: 37, Diff: 18, Sum: 208]
      [Scan RS (ms): Min: 0.0, Avg: 0.1, Max: 0.1, Diff: 0.1, Sum: 0.6]
      [Code Root Scanning (ms): Min: 0.0, Avg: 0.0, Max: 0.0, Diff: 0.0, Sum: 0.0]
      [Object Copy (ms): Min: 13.9, Avg: 14.0, Max: 14.1, Diff: 0.1, Sum: 112.0]
      [Termination (ms): Min: 0.0, Avg: 0.0, Max: 0.0, Diff: 0.0, Sum: 0.0]
      [GC Worker Other (ms): Min: 0.0, Avg: 0.0, Max: 0.1, Diff: 0.0, Sum: 0.3]
      [GC Worker Total (ms): Min: 21.3, Avg: 21.3, Max: 21.4, Diff: 0.1, Sum: 170.8]
      [GC Worker End (ms): Min: 1506538482.1, Avg: 1506538482.1, Max: 1506538482.2, Diff: 0.0]
   [Code Root Fixup: 0.3 ms]
   [Code Root Purge: 0.0 ms]
   [Clear CT: 0.3 ms]
   [Other: 1.5 ms]
      [Choose CSet: 0.0 ms]
      [Ref Proc: 0.3 ms]
      [Ref Enq: 0.0 ms]
      [Redirty Cards: 0.1 ms]
      [Humongous Reclaim: 0.0 ms]
      [Free CSet: 0.6 ms]
   [Eden: 2212.0M(2212.0M)->0.0B(2212.0M) Survivors: 36.0M->36.0M Heap: 3644.9M(4500.0M)->1435.0M(4500.0M)]
Heap after GC invocations=33146 (full 0):
 garbage-first heap   total 4608000K, used 1469454K [0x00000006a6c00000, 0x00000006a7002328, 0x00000007c0000000)
  region size 4096K, 9 young (36864K), 9 survivors (36864K)
 Metaspace       used 124692K, capacity 128524K, committed 129664K, reserved 1165312K
  class space    used 13846K, capacity 14512K, committed 14720K, reserved 1048576K
}
 [Times: user=0.14 sys=0.03, real=0.02 secs] 
{Heap before GC invocations=33146 (full 0):
 garbage-first heap   total 4608000K, used 3734542K [0x00000006a6c00000, 0x00000006a7002328, 0x00000007c0000000)
  region size 4096K, 562 young (2301952K), 9 survivors (36864K)
 Metaspace       used 124692K, capacity 128524K, committed 129664K, reserved 1165312K
  class space    used 13846K, capacity 14512K, committed 14720K, reserved 1048576K
2019-04-29T03:04:26.292+0800: 1506675.511: [GC pause (G1 Evacuation Pause) (young)
Desired survivor size 148897792 bytes, new threshold 15 (max 15)
- age   1:   23571112 bytes,   23571112 total
- age   2:    1291576 bytes,   24862688 total
- age   3:     971216 bytes,   25833904 total
- age   4:     956632 bytes,   26790536 total
- age   5:     892584 bytes,   27683120 total
- age   6:     530672 bytes,   28213792 total
- age   7:     130616 bytes,   28344408 total
- age   8:     320720 bytes,   28665128 total
- age   9:     522200 bytes,   29187328 total
- age  10:     258616 bytes,   29445944 total
- age  11:     110096 bytes,   29556040 total
- age  12:     237480 bytes,   29793520 total
- age  13:     366000 bytes,   30159520 total
- age  14:     332552 bytes,   30492072 total
- age  15:     153304 bytes,   30645376 total
 1506675.511: [G1Ergonomics (CSet Construction) start choosing CSet, _pending_cards: 25881, predicted base time: 8.86 ms, remaining time: 51.14 ms, target pause time: 60.00 ms]
 1506675.511: [G1Ergonomics (CSet Construction) add young regions to CSet, eden: 553 regions, survivors: 9 regions, predicted young region time: 123.81 ms]
 1506675.511: [G1Ergonomics (CSet Construction) finish choosing CSet, eden: 553 regions, survivors: 9 regions, old: 0 regions, predicted pause time: 132.67 ms, target pause time: 60.00 ms]
, 0.0225240 secs]
   [Parallel Time: 20.6 ms, GC Workers: 8]
      [GC Worker Start (ms): Min: 1506675511.1, Avg: 1506675511.1, Max: 1506675511.2, Diff: 0.1]
      [Ext Root Scanning (ms): Min: 1.0, Avg: 1.5, Max: 4.2, Diff: 3.2, Sum: 12.1]
      [Update RS (ms): Min: 3.6, Avg: 6.1, Max: 6.7, Diff: 3.2, Sum: 48.9]
         [Processed Buffers: Min: 14, Avg: 25.4, Max: 48, Diff: 34, Sum: 203]
      [Scan RS (ms): Min: 0.0, Avg: 0.1, Max: 0.1, Diff: 0.1, Sum: 0.7]
      [Code Root Scanning (ms): Min: 0.0, Avg: 0.0, Max: 0.0, Diff: 0.0, Sum: 0.0]
      [Object Copy (ms): Min: 12.7, Avg: 12.7, Max: 12.8, Diff: 0.1, Sum: 102.0]
      [Termination (ms): Min: 0.0, Avg: 0.0, Max: 0.0, Diff: 0.0, Sum: 0.0]
      [GC Worker Other (ms): Min: 0.0, Avg: 0.0, Max: 0.1, Diff: 0.1, Sum: 0.3]
      [GC Worker Total (ms): Min: 20.5, Avg: 20.5, Max: 20.6, Diff: 0.1, Sum: 164.1]
      [GC Worker End (ms): Min: 1506675531.6, Avg: 1506675531.7, Max: 1506675531.7, Diff: 0.1]
   [Code Root Fixup: 0.2 ms]
   [Code Root Purge: 0.0 ms]
   [Clear CT: 0.3 ms]
   [Other: 1.4 ms]
      [Choose CSet: 0.0 ms]
      [Ref Proc: 0.2 ms]
      [Ref Enq: 0.0 ms]
      [Redirty Cards: 0.1 ms]
      [Humongous Reclaim: 0.0 ms]
      [Free CSet: 0.6 ms]
   [Eden: 2212.0M(2212.0M)->0.0B(2212.0M) Survivors: 36.0M->36.0M Heap: 3647.0M(4500.0M)->1433.2M(4500.0M)]
Heap after GC invocations=33147 (full 0):
 garbage-first heap   total 4608000K, used 1467626K [0x00000006a6c00000, 0x00000006a7002328, 0x00000007c0000000)
  region size 4096K, 9 young (36864K), 9 survivors (36864K)
 Metaspace       used 124692K, capacity 128524K, committed 129664K, reserved 1165312K
  class space    used 13846K, capacity 14512K, committed 14720K, reserved 1048576K
}
 [Times: user=0.14 sys=0.03, real=0.02 secs] 
{Heap before GC invocations=33147 (full 0):
 garbage-first heap   total 4608000K, used 3732714K [0x00000006a6c00000, 0x00000006a7002328, 0x00000007c0000000)
  region size 4096K, 562 young (2301952K), 9 survivors (36864K)
 Metaspace       used 124692K, capacity 128524K, committed 129664K, reserved 1165312K
  class space    used 13846K, capacity 14512K, committed 14720K, reserved 1048576K
2019-04-29T03:05:56.886+0800: 1506766.105: [GC pause (G1 Evacuation Pause) (young)
Desired survivor size 148897792 bytes, new threshold 15 (max 15)
- age   1:   19231928 bytes,   19231928 total
- age   2:     808368 bytes,   20040296 total
- age   3:    1286408 bytes,   21326704 total
- age   4:     971216 bytes,   22297920 total
- age   5:     955848 bytes,   23253768 total
- age   6:     892248 bytes,   24146016 total
- age   7:     528432 bytes,   24674448 total
- age   8:     130280 bytes,   24804728 total
- age   9:     320608 bytes,   25125336 total
- age  10:     522200 bytes,   25647536 total
- age  11:     258504 bytes,   25906040 total
- age  12:     110072 bytes,   26016112 total
- age  13:     237480 bytes,   26253592 total
- age  14:     366000 bytes,   26619592 total
- age  15:     332552 bytes,   26952144 total
 1506766.105: [G1Ergonomics (CSet Construction) start choosing CSet, _pending_cards: 25717, predicted base time: 8.85 ms, remaining time: 51.15 ms, target pause time: 60.00 ms]
 1506766.105: [G1Ergonomics (CSet Construction) add young regions to CSet, eden: 553 regions, survivors: 9 regions, predicted young region time: 245.24 ms]
 1506766.105: [G1Ergonomics (CSet Construction) finish choosing CSet, eden: 553 regions, survivors: 9 regions, old: 0 regions, predicted pause time: 254.09 ms, target pause time: 60.00 ms]
, 0.0213789 secs]
   [Parallel Time: 19.5 ms, GC Workers: 8]
      [GC Worker Start (ms): Min: 1506766105.3, Avg: 1506766105.4, Max: 1506766105.4, Diff: 0.1]
      [Ext Root Scanning (ms): Min: 1.0, Avg: 1.3, Max: 2.2, Diff: 1.2, Sum: 10.2]
      [Update RS (ms): Min: 5.3, Avg: 5.9, Max: 6.1, Diff: 0.8, Sum: 47.2]
         [Processed Buffers: Min: 14, Avg: 26.5, Max: 41, Diff: 27, Sum: 212]
      [Scan RS (ms): Min: 0.0, Avg: 0.1, Max: 0.1, Diff: 0.1, Sum: 0.6]
      [Code Root Scanning (ms): Min: 0.0, Avg: 0.0, Max: 0.0, Diff: 0.0, Sum: 0.0]
      [Object Copy (ms): Min: 11.8, Avg: 12.1, Max: 12.1, Diff: 0.3, Sum: 96.6]
      [Termination (ms): Min: 0.0, Avg: 0.0, Max: 0.0, Diff: 0.0, Sum: 0.0]
      [GC Worker Other (ms): Min: 0.0, Avg: 0.0, Max: 0.1, Diff: 0.0, Sum: 0.4]
      [GC Worker Total (ms): Min: 19.3, Avg: 19.4, Max: 19.4, Diff: 0.1, Sum: 155.1]
      [GC Worker End (ms): Min: 1506766124.7, Avg: 1506766124.8, Max: 1506766124.8, Diff: 0.1]
   [Code Root Fixup: 0.2 ms]
   [Code Root Purge: 0.0 ms]
   [Clear CT: 0.3 ms]
   [Other: 1.4 ms]
      [Choose CSet: 0.0 ms]
      [Ref Proc: 0.2 ms]
      [Ref Enq: 0.0 ms]
      [Redirty Cards: 0.1 ms]
      [Humongous Reclaim: 0.0 ms]
      [Free CSet: 0.6 ms]
   [Eden: 2212.0M(2212.0M)->0.0B(2212.0M) Survivors: 36.0M->36.0M Heap: 3645.2M(4500.0M)->1433.6M(4500.0M)]
Heap after GC invocations=33148 (full 0):
 garbage-first heap   total 4608000K, used 1468029K [0x00000006a6c00000, 0x00000006a7002328, 0x00000007c0000000)
  region size 4096K, 9 young (36864K), 9 survivors (36864K)
 Metaspace       used 124692K, capacity 128524K, committed 129664K, reserved 1165312K
  class space    used 13846K, capacity 14512K, committed 14720K, reserved 1048576K
}
 [Times: user=0.13 sys=0.03, real=0.02 secs] 
{Heap before GC invocations=33148 (full 0):
 garbage-first heap   total 4608000K, used 3733117K [0x00000006a6c00000, 0x00000006a7002328, 0x00000007c0000000)
  region size 4096K, 562 young (2301952K), 9 survivors (36864K)
 Metaspace       used 124692K, capacity 128524K, committed 129664K, reserved 1165312K
  class space    used 13846K, capacity 14512K, committed 14720K, reserved 1048576K
2019-04-29T03:08:03.187+0800: 1506892.406: [GC pause (G1 Evacuation Pause) (young)
Desired survivor size 148897792 bytes, new threshold 15 (max 15)
- age   1:   17982952 bytes,   17982952 total
- age   2:     646680 bytes,   18629632 total
- age   3:     694736 bytes,   19324368 total
- age   4:     977032 bytes,   20301400 total
- age   5:     882528 bytes,   21183928 total
- age   6:     718344 bytes,   21902272 total
- age   7:     891912 bytes,   22794184 total
- age   8:     527760 bytes,   23321944 total
- age   9:     129832 bytes,   23451776 total
- age  10:     320048 bytes,   23771824 total
- age  11:     522056 bytes,   24293880 total
- age  12:     258504 bytes,   24552384 total
- age  13:     110072 bytes,   24662456 total
- age  14:     237480 bytes,   24899936 total
- age  15:     366000 bytes,   25265936 total
 1506892.406: [G1Ergonomics (CSet Construction) start choosing CSet, _pending_cards: 26495, predicted base time: 8.94 ms, remaining time: 51.06 ms, target pause time: 60.00 ms]
 1506892.406: [G1Ergonomics (CSet Construction) add young regions to CSet, eden: 553 regions, survivors: 9 regions, predicted young region time: 197.79 ms]
 1506892.406: [G1Ergonomics (CSet Construction) finish choosing CSet, eden: 553 regions, survivors: 9 regions, old: 0 regions, predicted pause time: 206.73 ms, target pause time: 60.00 ms]
, 0.0217707 secs]
   [Parallel Time: 19.7 ms, GC Workers: 8]
      [GC Worker Start (ms): Min: 1506892406.3, Avg: 1506892406.4, Max: 1506892406.4, Diff: 0.1]
      [Ext Root Scanning (ms): Min: 1.3, Avg: 1.5, Max: 2.2, Diff: 0.9, Sum: 12.1]
      [Update RS (ms): Min: 6.1, Avg: 6.6, Max: 6.8, Diff: 0.8, Sum: 52.5]
         [Processed Buffers: Min: 15, Avg: 26.0, Max: 57, Diff: 42, Sum: 208]
      [Scan RS (ms): Min: 0.0, Avg: 0.1, Max: 0.1, Diff: 0.1, Sum: 0.7]
      [Code Root Scanning (ms): Min: 0.0, Avg: 0.0, Max: 0.0, Diff: 0.0, Sum: 0.0]
      [Object Copy (ms): Min: 11.3, Avg: 11.4, Max: 11.4, Diff: 0.2, Sum: 91.2]
      [Termination (ms): Min: 0.0, Avg: 0.0, Max: 0.0, Diff: 0.0, Sum: 0.0]
      [GC Worker Other (ms): Min: 0.0, Avg: 0.1, Max: 0.1, Diff: 0.1, Sum: 0.5]
      [GC Worker Total (ms): Min: 19.6, Avg: 19.6, Max: 19.7, Diff: 0.1, Sum: 157.0]
      [GC Worker End (ms): Min: 1506892426.0, Avg: 1506892426.0, Max: 1506892426.0, Diff: 0.1]
   [Code Root Fixup: 0.2 ms]
   [Code Root Purge: 0.0 ms]
   [Clear CT: 0.3 ms]
   [Other: 1.6 ms]
      [Choose CSet: 0.0 ms]
      [Ref Proc: 0.3 ms]
      [Ref Enq: 0.0 ms]
      [Redirty Cards: 0.1 ms]
      [Humongous Reclaim: 0.0 ms]
      [Free CSet: 0.7 ms]
   [Eden: 2212.0M(2212.0M)->0.0B(2212.0M) Survivors: 36.0M->36.0M Heap: 3645.6M(4500.0M)->1434.1M(4500.0M)]
Heap after GC invocations=33149 (full 0):
 garbage-first heap   total 4608000K, used 1468551K [0x00000006a6c00000, 0x00000006a7002328, 0x00000007c0000000)
  region size 4096K, 9 young (36864K), 9 survivors (36864K)
 Metaspace       used 124692K, capacity 128524K, committed 129664K, reserved 1165312K
  class space    used 13846K, capacity 14512K, committed 14720K, reserved 1048576K
}
 [Times: user=0.12 sys=0.04, real=0.02 secs] 
{Heap before GC invocations=33149 (full 0):
 garbage-first heap   total 4608000K, used 3733639K [0x00000006a6c00000, 0x00000006a7002328, 0x00000007c0000000)
  region size 4096K, 562 young (2301952K), 9 survivors (36864K)
 Metaspace       used 124692K, capacity 128524K, committed 129664K, reserved 1165312K
  class space    used 13846K, capacity 14512K, committed 14720K, reserved 1048576K
2019-04-29T03:10:03.125+0800: 1507012.343: [GC pause (G1 Evacuation Pause) (young)
Desired survivor size 148897792 bytes, new threshold 15 (max 15)
- age   1:   17235832 bytes,   17235832 total
- age   2:     569504 bytes,   17805336 total
- age   3:     644624 bytes,   18449960 total
- age   4:     692720 bytes,   19142680 total
- age   5:     976224 bytes,   20118904 total
- age   6:     882192 bytes,   21001096 total
- age   7:     718120 bytes,   21719216 total
- age   8:     891912 bytes,   22611128 total
- age   9:     527648 bytes,   23138776 total
- age  10:     127928 bytes,   23266704 total
- age  11:     320048 bytes,   23586752 total
- age  12:     521832 bytes,   24108584 total
- age  13:     258504 bytes,   24367088 total
- age  14:     110072 bytes,   24477160 total
- age  15:     237480 bytes,   24714640 total
 1507012.344: [G1Ergonomics (CSet Construction) start choosing CSet, _pending_cards: 26412, predicted base time: 9.13 ms, remaining time: 50.87 ms, target pause time: 60.00 ms]
 1507012.344: [G1Ergonomics (CSet Construction) add young regions to CSet, eden: 553 regions, survivors: 9 regions, predicted young region time: 151.67 ms]
 1507012.344: [G1Ergonomics (CSet Construction) finish choosing CSet, eden: 553 regions, survivors: 9 regions, old: 0 regions, predicted pause time: 160.81 ms, target pause time: 60.00 ms]
, 0.0224033 secs]
   [Parallel Time: 20.1 ms, GC Workers: 8]
      [GC Worker Start (ms): Min: 1507012343.7, Avg: 1507012343.8, Max: 1507012343.9, Diff: 0.1]
      [Ext Root Scanning (ms): Min: 1.1, Avg: 1.3, Max: 2.0, Diff: 1.0, Sum: 10.5]
      [Update RS (ms): Min: 6.3, Avg: 6.7, Max: 7.0, Diff: 0.7, Sum: 53.5]
         [Processed Buffers: Min: 17, Avg: 25.8, Max: 47, Diff: 30, Sum: 206]
      [Scan RS (ms): Min: 0.0, Avg: 0.1, Max: 0.1, Diff: 0.1, Sum: 0.7]
      [Code Root Scanning (ms): Min: 0.0, Avg: 0.0, Max: 0.0, Diff: 0.0, Sum: 0.0]
      [Object Copy (ms): Min: 11.6, Avg: 11.8, Max: 11.9, Diff: 0.3, Sum: 94.5]
      [Termination (ms): Min: 0.0, Avg: 0.0, Max: 0.0, Diff: 0.0, Sum: 0.0]
      [GC Worker Other (ms): Min: 0.0, Avg: 0.0, Max: 0.1, Diff: 0.1, Sum: 0.3]
      [GC Worker Total (ms): Min: 19.9, Avg: 19.9, Max: 20.0, Diff: 0.1, Sum: 159.5]
      [GC Worker End (ms): Min: 1507012363.7, Avg: 1507012363.7, Max: 1507012363.8, Diff: 0.1]
   [Code Root Fixup: 0.2 ms]
   [Code Root Purge: 0.0 ms]
   [Clear CT: 0.3 ms]
   [Other: 1.8 ms]
      [Choose CSet: 0.0 ms]
      [Ref Proc: 0.2 ms]
      [Ref Enq: 0.0 ms]
      [Redirty Cards: 0.1 ms]
      [Humongous Reclaim: 0.0 ms]
      [Free CSet: 1.0 ms]
   [Eden: 2212.0M(2212.0M)->0.0B(2212.0M) Survivors: 36.0M->36.0M Heap: 3646.1M(4500.0M)->1434.6M(4500.0M)]
Heap after GC invocations=33150 (full 0):
 garbage-first heap   total 4608000K, used 1469016K [0x00000006a6c00000, 0x00000006a7002328, 0x00000007c0000000)
  region size 4096K, 9 young (36864K), 9 survivors (36864K)
 Metaspace       used 124692K, capacity 128524K, committed 129664K, reserved 1165312K
  class space    used 13846K, capacity 14512K, committed 14720K, reserved 1048576K
}
 [Times: user=0.12 sys=0.04, real=0.02 secs] 
{Heap before GC invocations=33150 (full 0):
 garbage-first heap   total 4608000K, used 3734104K [0x00000006a6c00000, 0x00000006a7002328, 0x00000007c0000000)
  region size 4096K, 562 young (2301952K), 9 survivors (36864K)
 Metaspace       used 124692K, capacity 128524K, committed 129664K, reserved 1165312K
  class space    used 13846K, capacity 14512K, committed 14720K, reserved 1048576K
2019-04-29T03:12:03.741+0800: 1507132.960: [GC pause (G1 Evacuation Pause) (young)
Desired survivor size 148897792 bytes, new threshold 15 (max 15)
- age   1:   17652128 bytes,   17652128 total
- age   2:     411280 bytes,   18063408 total
- age   3:     342960 bytes,   18406368 total
- age   4:     643928 bytes,   19050296 total
- age   5:     692608 bytes,   19742904 total
- age   6:     973352 bytes,   20716256 total
- age   7:     881968 bytes,   21598224 total
- age   8:     718120 bytes,   22316344 total
- age   9:     891912 bytes,   23208256 total
- age  10:     527424 bytes,   23735680 total
- age  11:     127928 bytes,   23863608 total
- age  12:     320048 bytes,   24183656 total
- age  13:     521832 bytes,   24705488 total
- age  14:     258504 bytes,   24963992 total
- age  15:     110072 bytes,   25074064 total
 1507132.960: [G1Ergonomics (CSet Construction) start choosing CSet, _pending_cards: 27096, predicted base time: 9.41 ms, remaining time: 50.59 ms, target pause time: 60.00 ms]
 1507132.960: [G1Ergonomics (CSet Construction) add young regions to CSet, eden: 553 regions, survivors: 9 regions, predicted young region time: 120.02 ms]
 1507132.960: [G1Ergonomics (CSet Construction) finish choosing CSet, eden: 553 regions, survivors: 9 regions, old: 0 regions, predicted pause time: 129.43 ms, target pause time: 60.00 ms]
, 0.0216081 secs]
   [Parallel Time: 19.6 ms, GC Workers: 8]
      [GC Worker Start (ms): Min: 1507132960.5, Avg: 1507132960.6, Max: 1507132960.6, Diff: 0.1]
      [Ext Root Scanning (ms): Min: 1.0, Avg: 1.3, Max: 2.1, Diff: 1.0, Sum: 10.3]
      [Update RS (ms): Min: 5.5, Avg: 6.2, Max: 6.6, Diff: 1.0, Sum: 50.0]
         [Processed Buffers: Min: 17, Avg: 26.1, Max: 34, Diff: 17, Sum: 209]
      [Scan RS (ms): Min: 0.0, Avg: 0.1, Max: 0.1, Diff: 0.1, Sum: 0.6]
      [Code Root Scanning (ms): Min: 0.0, Avg: 0.0, Max: 0.0, Diff: 0.0, Sum: 0.0]
      [Object Copy (ms): Min: 11.8, Avg: 11.8, Max: 11.9, Diff: 0.2, Sum: 94.7]
      [Termination (ms): Min: 0.0, Avg: 0.0, Max: 0.0, Diff: 0.0, Sum: 0.0]
      [GC Worker Other (ms): Min: 0.0, Avg: 0.0, Max: 0.1, Diff: 0.1, Sum: 0.4]
      [GC Worker Total (ms): Min: 19.4, Avg: 19.5, Max: 19.5, Diff: 0.1, Sum: 156.0]
      [GC Worker End (ms): Min: 1507132980.0, Avg: 1507132980.1, Max: 1507132980.1, Diff: 0.1]
   [Code Root Fixup: 0.2 ms]
   [Code Root Purge: 0.0 ms]
   [Clear CT: 0.2 ms]
   [Other: 1.5 ms]
      [Choose CSet: 0.0 ms]
      [Ref Proc: 0.3 ms]
      [Ref Enq: 0.0 ms]
      [Redirty Cards: 0.1 ms]
      [Humongous Reclaim: 0.0 ms]
      [Free CSet: 0.6 ms]
   [Eden: 2212.0M(2212.0M)->0.0B(2212.0M) Survivors: 36.0M->36.0M Heap: 3646.6M(4500.0M)->1434.8M(4500.0M)]
Heap after GC invocations=33151 (full 0):
 garbage-first heap   total 4608000K, used 1469252K [0x00000006a6c00000, 0x00000006a7002328, 0x00000007c0000000)
  region size 4096K, 9 young (36864K), 9 survivors (36864K)
 Metaspace       used 124692K, capacity 128524K, committed 129664K, reserved 1165312K
  class space    used 13846K, capacity 14512K, committed 14720K, reserved 1048576K
}
 [Times: user=0.16 sys=0.00, real=0.02 secs] 
{Heap before GC invocations=33151 (full 0):
 garbage-first heap   total 4608000K, used 3734340K [0x00000006a6c00000, 0x00000006a7002328, 0x00000007c0000000)
  region size 4096K, 562 young (2301952K), 9 survivors (36864K)
 Metaspace       used 124692K, capacity 128524K, committed 129664K, reserved 1165312K
  class space    used 13846K, capacity 14512K, committed 14720K, reserved 1048576K
2019-04-29T03:14:16.924+0800: 1507266.143: [GC pause (G1 Evacuation Pause) (young)
Desired survivor size 148897792 bytes, new threshold 15 (max 15)
- age   1:   17760336 bytes,   17760336 total
- age   2:     338824 bytes,   18099160 total
- age   3:     407904 bytes,   18507064 total
- age   4:     341216 bytes,   18848280 total
- age   5:     643704 bytes,   19491984 total
- age   6:     692160 bytes,   20184144 total
- age   7:     972568 bytes,   21156712 total
- age   8:     881856 bytes,   22038568 total
- age   9:     714872 bytes,   22753440 total
- age  10:     891880 bytes,   23645320 total
- age  11:     527200 bytes,   24172520 total
- age  12:     127928 bytes,   24300448 total
- age  13:     320048 bytes,   24620496 total
- age  14:     521832 bytes,   25142328 total
- age  15:     258504 bytes,   25400832 total
 1507266.143: [G1Ergonomics (CSet Construction) start choosing CSet, _pending_cards: 27065, predicted base time: 9.28 ms, remaining time: 50.72 ms, target pause time: 60.00 ms]
 1507266.143: [G1Ergonomics (CSet Construction) add young regions to CSet, eden: 553 regions, survivors: 9 regions, predicted young region time: 107.49 ms]
 1507266.143: [G1Ergonomics (CSet Construction) finish choosing CSet, eden: 553 regions, survivors: 9 regions, old: 0 regions, predicted pause time: 116.77 ms, target pause time: 60.00 ms]
, 0.0242609 secs]
   [Parallel Time: 22.2 ms, GC Workers: 8]
      [GC Worker Start (ms): Min: 1507266143.4, Avg: 1507266143.4, Max: 1507266143.5, Diff: 0.1]
      [Ext Root Scanning (ms): Min: 1.1, Avg: 1.6, Max: 4.3, Diff: 3.2, Sum: 12.7]
      [Update RS (ms): Min: 3.5, Avg: 6.2, Max: 6.7, Diff: 3.2, Sum: 49.5]
         [Processed Buffers: Min: 15, Avg: 25.6, Max: 41, Diff: 26, Sum: 205]
      [Scan RS (ms): Min: 0.0, Avg: 0.1, Max: 0.1, Diff: 0.1, Sum: 0.6]
      [Code Root Scanning (ms): Min: 0.0, Avg: 0.0, Max: 0.0, Diff: 0.0, Sum: 0.0]
      [Object Copy (ms): Min: 14.0, Avg: 14.1, Max: 14.2, Diff: 0.1, Sum: 113.0]
      [Termination (ms): Min: 0.0, Avg: 0.0, Max: 0.0, Diff: 0.0, Sum: 0.0]
      [GC Worker Other (ms): Min: 0.0, Avg: 0.1, Max: 0.1, Diff: 0.1, Sum: 0.5]
      [GC Worker Total (ms): Min: 22.0, Avg: 22.0, Max: 22.1, Diff: 0.1, Sum: 176.3]
      [GC Worker End (ms): Min: 1507266165.4, Avg: 1507266165.4, Max: 1507266165.5, Diff: 0.1]
   [Code Root Fixup: 0.3 ms]
   [Code Root Purge: 0.0 ms]
   [Clear CT: 0.3 ms]
   [Other: 1.5 ms]
      [Choose CSet: 0.0 ms]
      [Ref Proc: 0.2 ms]
      [Ref Enq: 0.0 ms]
      [Redirty Cards: 0.1 ms]
      [Humongous Reclaim: 0.0 ms]
      [Free CSet: 0.6 ms]
   [Eden: 2212.0M(2212.0M)->0.0B(2212.0M) Survivors: 36.0M->36.0M Heap: 3646.8M(4500.0M)->1435.1M(4500.0M)]
Heap after GC invocations=33152 (full 0):
 garbage-first heap   total 4608000K, used 1469543K [0x00000006a6c00000, 0x00000006a7002328, 0x00000007c0000000)
  region size 4096K, 9 young (36864K), 9 survivors (36864K)
 Metaspace       used 124692K, capacity 128524K, committed 129664K, reserved 1165312K
  class space    used 13846K, capacity 14512K, committed 14720K, reserved 1048576K
}
 [Times: user=0.18 sys=0.00, real=0.02 secs] 
{Heap before GC invocations=33152 (full 0):
 garbage-first heap   total 4608000K, used 3734631K [0x00000006a6c00000, 0x00000006a7002328, 0x00000007c0000000)
  region size 4096K, 562 young (2301952K), 9 survivors (36864K)
 Metaspace       used 124692K, capacity 128524K, committed 129664K, reserved 1165312K
  class space    used 13846K, capacity 14512K, committed 14720K, reserved 1048576K
2019-04-29T03:16:27.160+0800: 1507396.379: [GC pause (G1 Evacuation Pause) (young)
Desired survivor size 148897792 bytes, new threshold 15 (max 15)
- age   1:   19439216 bytes,   19439216 total
- age   2:    1969248 bytes,   21408464 total
- age   3:     334784 bytes,   21743248 total
- age   4:     407312 bytes,   22150560 total
- age   5:     340208 bytes,   22490768 total
- age   6:     643592 bytes,   23134360 total
- age   7:     691936 bytes,   23826296 total
- age   8:     972456 bytes,   24798752 total
- age   9:     881856 bytes,   25680608 total
- age  10:     714872 bytes,   26395480 total
- age  11:     891656 bytes,   27287136 total
- age  12:     527088 bytes,   27814224 total
- age  13:     127816 bytes,   27942040 total
- age  14:     320048 bytes,   28262088 total
- age  15:     521832 bytes,   28783920 total
 1507396.379: [G1Ergonomics (CSet Construction) start choosing CSet, _pending_cards: 27913, predicted base time: 9.54 ms, remaining time: 50.46 ms, target pause time: 60.00 ms]
 1507396.379: [G1Ergonomics (CSet Construction) add young regions to CSet, eden: 553 regions, survivors: 9 regions, predicted young region time: 158.70 ms]
 1507396.379: [G1Ergonomics (CSet Construction) finish choosing CSet, eden: 553 regions, survivors: 9 regions, old: 0 regions, predicted pause time: 168.24 ms, target pause time: 60.00 ms]
, 0.0233394 secs]
   [Parallel Time: 21.4 ms, GC Workers: 8]
      [GC Worker Start (ms): Min: 1507396378.9, Avg: 1507396379.0, Max: 1507396379.0, Diff: 0.1]
      [Ext Root Scanning (ms): Min: 1.0, Avg: 1.3, Max: 2.2, Diff: 1.2, Sum: 10.2]
      [Update RS (ms): Min: 5.6, Avg: 6.5, Max: 6.7, Diff: 1.1, Sum: 51.6]
         [Processed Buffers: Min: 18, Avg: 26.6, Max: 42, Diff: 24, Sum: 213]
      [Scan RS (ms): Min: 0.0, Avg: 0.1, Max: 0.1, Diff: 0.1, Sum: 0.6]
      [Code Root Scanning (ms): Min: 0.0, Avg: 0.0, Max: 0.0, Diff: 0.0, Sum: 0.0]
      [Object Copy (ms): Min: 12.3, Avg: 12.6, Max: 13.5, Diff: 1.1, Sum: 100.8]
      [Termination (ms): Min: 0.0, Avg: 0.8, Max: 1.0, Diff: 1.0, Sum: 6.6]
      [GC Worker Other (ms): Min: 0.0, Avg: 0.0, Max: 0.0, Diff: 0.0, Sum: 0.2]
      [GC Worker Total (ms): Min: 21.2, Avg: 21.3, Max: 21.3, Diff: 0.1, Sum: 170.0]
      [GC Worker End (ms): Min: 1507396400.2, Avg: 1507396400.2, Max: 1507396400.3, Diff: 0.0]
   [Code Root Fixup: 0.2 ms]
   [Code Root Purge: 0.0 ms]
   [Clear CT: 0.3 ms]
   [Other: 1.5 ms]
      [Choose CSet: 0.0 ms]
      [Ref Proc: 0.2 ms]
      [Ref Enq: 0.0 ms]
      [Redirty Cards: 0.1 ms]
      [Humongous Reclaim: 0.0 ms]
      [Free CSet: 0.6 ms]
   [Eden: 2212.0M(2212.0M)->0.0B(2212.0M) Survivors: 36.0M->36.0M Heap: 3647.1M(4500.0M)->1435.8M(4500.0M)]
Heap after GC invocations=33153 (full 0):
 garbage-first heap   total 4608000K, used 1470226K [0x00000006a6c00000, 0x00000006a7002328, 0x00000007c0000000)
  region size 4096K, 9 young (36864K), 9 survivors (36864K)
 Metaspace       used 124692K, capacity 128524K, committed 129664K, reserved 1165312K
  class space    used 13846K, capacity 14512K, committed 14720K, reserved 1048576K
}
 [Times: user=0.14 sys=0.03, real=0.02 secs] 
{Heap before GC invocations=33153 (full 0):
 garbage-first heap   total 4608000K, used 3735314K [0x00000006a6c00000, 0x00000006a7002328, 0x00000007c0000000)
  region size 4096K, 562 young (2301952K), 9 survivors (36864K)
 Metaspace       used 124692K, capacity 128524K, committed 129664K, reserved 1165312K
  class space    used 13846K, capacity 14512K, committed 14720K, reserved 1048576K
2019-04-29T03:19:06.276+0800: 1507555.495: [GC pause (G1 Evacuation Pause) (young)
Desired survivor size 148897792 bytes, new threshold 15 (max 15)
- age   1:   16781648 bytes,   16781648 total
- age   2:    1206296 bytes,   17987944 total
- age   3:    1154360 bytes,   19142304 total
- age   4:     320056 bytes,   19462360 total
- age   5:     406392 bytes,   19868752 total
- age   6:     327208 bytes,   20195960 total
- age   7:     643256 bytes,   20839216 total
- age   8:     691040 bytes,   21530256 total
- age   9:     971000 bytes,   22501256 total
- age  10:     881744 bytes,   23383000 total
- age  11:     714536 bytes,   24097536 total
- age  12:     891320 bytes,   24988856 total
- age  13:     526864 bytes,   25515720 total
- age  14:     127816 bytes,   25643536 total
- age  15:     319976 bytes,   25963512 total
 1507555.495: [G1Ergonomics (CSet Construction) start choosing CSet, _pending_cards: 28355, predicted base time: 9.53 ms, remaining time: 50.47 ms, target pause time: 60.00 ms]
 1507555.495: [G1Ergonomics (CSet Construction) add young regions to CSet, eden: 553 regions, survivors: 9 regions, predicted young region time: 132.83 ms]
 1507555.495: [G1Ergonomics (CSet Construction) finish choosing CSet, eden: 553 regions, survivors: 9 regions, old: 0 regions, predicted pause time: 142.35 ms, target pause time: 60.00 ms]
, 0.0231713 secs]
   [Parallel Time: 21.1 ms, GC Workers: 8]
      [GC Worker Start (ms): Min: 1507555495.2, Avg: 1507555495.2, Max: 1507555495.3, Diff: 0.1]
      [Ext Root Scanning (ms): Min: 1.1, Avg: 1.4, Max: 2.1, Diff: 1.0, Sum: 10.9]
      [Update RS (ms): Min: 6.2, Avg: 6.9, Max: 7.2, Diff: 1.0, Sum: 55.2]
         [Processed Buffers: Min: 17, Avg: 26.0, Max: 35, Diff: 18, Sum: 208]
      [Scan RS (ms): Min: 0.0, Avg: 0.1, Max: 0.1, Diff: 0.1, Sum: 0.6]
      [Code Root Scanning (ms): Min: 0.0, Avg: 0.0, Max: 0.0, Diff: 0.0, Sum: 0.0]
      [Object Copy (ms): Min: 12.5, Avg: 12.6, Max: 12.7, Diff: 0.2, Sum: 100.9]
      [Termination (ms): Min: 0.0, Avg: 0.0, Max: 0.0, Diff: 0.0, Sum: 0.0]
      [GC Worker Other (ms): Min: 0.0, Avg: 0.1, Max: 0.1, Diff: 0.1, Sum: 0.5]
      [GC Worker Total (ms): Min: 21.0, Avg: 21.0, Max: 21.1, Diff: 0.1, Sum: 168.2]
      [GC Worker End (ms): Min: 1507555516.2, Avg: 1507555516.3, Max: 1507555516.3, Diff: 0.1]
   [Code Root Fixup: 0.2 ms]
   [Code Root Purge: 0.0 ms]
   [Clear CT: 0.3 ms]
   [Other: 1.6 ms]
      [Choose CSet: 0.0 ms]
      [Ref Proc: 0.3 ms]
      [Ref Enq: 0.0 ms]
      [Redirty Cards: 0.1 ms]
      [Humongous Reclaim: 0.0 ms]
      [Free CSet: 0.7 ms]
   [Eden: 2212.0M(2212.0M)->0.0B(2212.0M) Survivors: 36.0M->36.0M Heap: 3647.8M(4500.0M)->1436.3M(4500.0M)]
Heap after GC invocations=33154 (full 0):
 garbage-first heap   total 4608000K, used 1470778K [0x00000006a6c00000, 0x00000006a7002328, 0x00000007c0000000)
  region size 4096K, 9 young (36864K), 9 survivors (36864K)
 Metaspace       used 124692K, capacity 128524K, committed 129664K, reserved 1165312K
  class space    used 13846K, capacity 14512K, committed 14720K, reserved 1048576K
}
 [Times: user=0.14 sys=0.03, real=0.02 secs] 
{Heap before GC invocations=33154 (full 0):
 garbage-first heap   total 4608000K, used 3735866K [0x00000006a6c00000, 0x00000006a7002328, 0x00000007c0000000)
  region size 4096K, 562 young (2301952K), 9 survivors (36864K)
 Metaspace       used 124692K, capacity 128524K, committed 129664K, reserved 1165312K
  class space    used 13846K, capacity 14512K, committed 14720K, reserved 1048576K
2019-04-29T03:21:10.980+0800: 1507680.199: [GC pause (G1 Evacuation Pause) (young)
Desired survivor size 148897792 bytes, new threshold 15 (max 15)
- age   1:   16870960 bytes,   16870960 total
- age   2:    1071592 bytes,   17942552 total
- age   3:    1206152 bytes,   19148704 total
- age   4:    1154096 bytes,   20302800 total
- age   5:     319712 bytes,   20622512 total
- age   6:     406136 bytes,   21028648 total
- age   7:     326872 bytes,   21355520 total
- age   8:     643032 bytes,   21998552 total
- age   9:     691040 bytes,   22689592 total
- age  10:     969008 bytes,   23658600 total
- age  11:     881632 bytes,   24540232 total
- age  12:     714504 bytes,   25254736 total
- age  13:     891320 bytes,   26146056 total
- age  14:     526864 bytes,   26672920 total
- age  15:     127816 bytes,   26800736 total
 1507680.199: [G1Ergonomics (CSet Construction) start choosing CSet, _pending_cards: 27575, predicted base time: 9.41 ms, remaining time: 50.59 ms, target pause time: 60.00 ms]
 1507680.199: [G1Ergonomics (CSet Construction) add young regions to CSet, eden: 553 regions, survivors: 9 regions, predicted young region time: 114.28 ms]
 1507680.199: [G1Ergonomics (CSet Construction) finish choosing CSet, eden: 553 regions, survivors: 9 regions, old: 0 regions, predicted pause time: 123.69 ms, target pause time: 60.00 ms]
, 0.0231771 secs]
   [Parallel Time: 21.0 ms, GC Workers: 8]
      [GC Worker Start (ms): Min: 1507680199.3, Avg: 1507680199.3, Max: 1507680199.4, Diff: 0.1]
      [Ext Root Scanning (ms): Min: 1.1, Avg: 1.3, Max: 2.1, Diff: 1.0, Sum: 10.7]
      [Update RS (ms): Min: 6.1, Avg: 6.8, Max: 7.1, Diff: 1.0, Sum: 54.1]
         [Processed Buffers: Min: 16, Avg: 26.4, Max: 44, Diff: 28, Sum: 211]
      [Scan RS (ms): Min: 0.0, Avg: 0.1, Max: 0.1, Diff: 0.1, Sum: 0.6]
      [Code Root Scanning (ms): Min: 0.0, Avg: 0.0, Max: 0.0, Diff: 0.0, Sum: 0.0]
      [Object Copy (ms): Min: 12.5, Avg: 12.6, Max: 12.7, Diff: 0.2, Sum: 100.8]
      [Termination (ms): Min: 0.0, Avg: 0.0, Max: 0.0, Diff: 0.0, Sum: 0.0]
      [GC Worker Other (ms): Min: 0.0, Avg: 0.1, Max: 0.1, Diff: 0.1, Sum: 0.5]
      [GC Worker Total (ms): Min: 20.8, Avg: 20.8, Max: 20.9, Diff: 0.1, Sum: 166.7]
      [GC Worker End (ms): Min: 1507680220.1, Avg: 1507680220.1, Max: 1507680220.2, Diff: 0.1]
   [Code Root Fixup: 0.2 ms]
   [Code Root Purge: 0.0 ms]
   [Clear CT: 0.3 ms]
   [Other: 1.7 ms]
      [Choose CSet: 0.0 ms]
      [Ref Proc: 0.2 ms]
      [Ref Enq: 0.0 ms]
      [Redirty Cards: 0.1 ms]
      [Humongous Reclaim: 0.0 ms]
      [Free CSet: 0.9 ms]
   [Eden: 2212.0M(2212.0M)->0.0B(2212.0M) Survivors: 36.0M->36.0M Heap: 3648.3M(4500.0M)->1436.5M(4500.0M)]
Heap after GC invocations=33155 (full 0):
 garbage-first heap   total 4608000K, used 1471023K [0x00000006a6c00000, 0x00000006a7002328, 0x00000007c0000000)
  region size 4096K, 9 young (36864K), 9 survivors (36864K)
 Metaspace       used 124692K, capacity 128524K, committed 129664K, reserved 1165312K
  class space    used 13846K, capacity 14512K, committed 14720K, reserved 1048576K
}
 [Times: user=0.14 sys=0.03, real=0.02 secs] 
{Heap before GC invocations=33155 (full 0):
 garbage-first heap   total 4608000K, used 3736111K [0x00000006a6c00000, 0x00000006a7002328, 0x00000007c0000000)
  region size 4096K, 562 young (2301952K), 9 survivors (36864K)
 Metaspace       used 124692K, capacity 128524K, committed 129664K, reserved 1165312K
  class space    used 13846K, capacity 14512K, committed 14720K, reserved 1048576K
2019-04-29T03:23:54.194+0800: 1507843.413: [GC pause (G1 Evacuation Pause) (young)
Desired survivor size 148897792 bytes, new threshold 15 (max 15)
- age   1:   16311096 bytes,   16311096 total
- age   2:    1064016 bytes,   17375112 total
- age   3:    1010872 bytes,   18385984 total
- age   4:    1205928 bytes,   19591912 total
- age   5:    1153728 bytes,   20745640 total
- age   6:     319344 bytes,   21064984 total
- age   7:     359528 bytes,   21424512 total
- age   8:     326648 bytes,   21751160 total
- age   9:     643032 bytes,   22394192 total
- age  10:     690928 bytes,   23085120 total
- age  11:     967168 bytes,   24052288 total
- age  12:     881520 bytes,   24933808 total
- age  13:     714504 bytes,   25648312 total
- age  14:     891208 bytes,   26539520 total
- age  15:     524648 bytes,   27064168 total
 1507843.413: [G1Ergonomics (CSet Construction) start choosing CSet, _pending_cards: 27112, predicted base time: 9.32 ms, remaining time: 50.68 ms, target pause time: 60.00 ms]
 1507843.413: [G1Ergonomics (CSet Construction) add young regions to CSet, eden: 553 regions, survivors: 9 regions, predicted young region time: 99.99 ms]
 1507843.413: [G1Ergonomics (CSet Construction) finish choosing CSet, eden: 553 regions, survivors: 9 regions, old: 0 regions, predicted pause time: 109.31 ms, target pause time: 60.00 ms]
, 0.0282388 secs]
   [Parallel Time: 26.2 ms, GC Workers: 8]
      [GC Worker Start (ms): Min: 1507843413.4, Avg: 1507843413.4, Max: 1507843413.4, Diff: 0.1]
      [Ext Root Scanning (ms): Min: 1.1, Avg: 1.4, Max: 2.2, Diff: 1.0, Sum: 10.9]
      [Update RS (ms): Min: 6.1, Avg: 6.8, Max: 7.2, Diff: 1.1, Sum: 54.6]
         [Processed Buffers: Min: 14, Avg: 26.4, Max: 38, Diff: 24, Sum: 211]
      [Scan RS (ms): Min: 0.0, Avg: 0.1, Max: 0.1, Diff: 0.1, Sum: 0.6]
      [Code Root Scanning (ms): Min: 0.0, Avg: 0.0, Max: 0.0, Diff: 0.0, Sum: 0.0]
      [Object Copy (ms): Min: 17.6, Avg: 17.8, Max: 17.9, Diff: 0.2, Sum: 142.1]
      [Termination (ms): Min: 0.0, Avg: 0.0, Max: 0.0, Diff: 0.0, Sum: 0.0]
      [GC Worker Other (ms): Min: 0.0, Avg: 0.0, Max: 0.1, Diff: 0.0, Sum: 0.4]
      [GC Worker Total (ms): Min: 26.0, Avg: 26.1, Max: 26.1, Diff: 0.1, Sum: 208.6]
      [GC Worker End (ms): Min: 1507843439.5, Avg: 1507843439.5, Max: 1507843439.5, Diff: 0.1]
   [Code Root Fixup: 0.3 ms]
   [Code Root Purge: 0.0 ms]
   [Clear CT: 0.3 ms]
   [Other: 1.5 ms]
      [Choose CSet: 0.0 ms]
      [Ref Proc: 0.2 ms]
      [Ref Enq: 0.0 ms]
      [Redirty Cards: 0.1 ms]
      [Humongous Reclaim: 0.0 ms]
      [Free CSet: 0.6 ms]
   [Eden: 2212.0M(2212.0M)->0.0B(2200.0M) Survivors: 36.0M->48.0M Heap: 3648.5M(4500.0M)->1450.7M(4500.0M)]
Heap after GC invocations=33156 (full 0):
 garbage-first heap   total 4608000K, used 1485534K [0x00000006a6c00000, 0x00000006a7002328, 0x00000007c0000000)
  region size 4096K, 12 young (49152K), 12 survivors (49152K)
 Metaspace       used 124692K, capacity 128524K, committed 129664K, reserved 1165312K
  class space    used 13846K, capacity 14512K, committed 14720K, reserved 1048576K
}
 [Times: user=0.17 sys=0.04, real=0.03 secs] 
{Heap before GC invocations=33156 (full 0):
 garbage-first heap   total 4608000K, used 3738334K [0x00000006a6c00000, 0x00000006a7002328, 0x00000007c0000000)
  region size 4096K, 562 young (2301952K), 12 survivors (49152K)
 Metaspace       used 124692K, capacity 128524K, committed 129664K, reserved 1165312K
  class space    used 13846K, capacity 14512K, committed 14720K, reserved 1048576K
2019-04-29T03:25:25.402+0800: 1507934.621: [GC pause (G1 Evacuation Pause) (young)
Desired survivor size 148897792 bytes, new threshold 15 (max 15)
- age   1:   25413992 bytes,   25413992 total
- age   2:    1066448 bytes,   26480440 total
- age   3:    1062840 bytes,   27543280 total
- age   4:    1005568 bytes,   28548848 total
- age   5:    1205928 bytes,   29754776 total
- age   6:    1153728 bytes,   30908504 total
- age   7:     319344 bytes,   31227848 total
- age   8:     359416 bytes,   31587264 total
- age   9:     326624 bytes,   31913888 total
- age  10:     642888 bytes,   32556776 total
- age  11:     690816 bytes,   33247592 total
- age  12:     967056 bytes,   34214648 total
- age  13:     881520 bytes,   35096168 total
- age  14:     714504 bytes,   35810672 total
- age  15:     580968 bytes,   36391640 total
 1507934.621: [G1Ergonomics (CSet Construction) start choosing CSet, _pending_cards: 27163, predicted base time: 9.44 ms, remaining time: 50.56 ms, target pause time: 60.00 ms]
 1507934.621: [G1Ergonomics (CSet Construction) add young regions to CSet, eden: 550 regions, survivors: 12 regions, predicted young region time: 144.06 ms]
 1507934.621: [G1Ergonomics (CSet Construction) finish choosing CSet, eden: 550 regions, survivors: 12 regions, old: 0 regions, predicted pause time: 153.49 ms, target pause time: 60.00 ms]
, 0.0267787 secs]
   [Parallel Time: 24.8 ms, GC Workers: 8]
      [GC Worker Start (ms): Min: 1507934621.1, Avg: 1507934621.1, Max: 1507934621.2, Diff: 0.1]
      [Ext Root Scanning (ms): Min: 1.1, Avg: 1.3, Max: 2.1, Diff: 1.0, Sum: 10.8]
      [Update RS (ms): Min: 5.8, Avg: 6.4, Max: 6.8, Diff: 1.0, Sum: 51.4]
         [Processed Buffers: Min: 13, Avg: 26.5, Max: 55, Diff: 42, Sum: 212]
      [Scan RS (ms): Min: 0.0, Avg: 0.1, Max: 0.1, Diff: 0.1, Sum: 0.7]
      [Code Root Scanning (ms): Min: 0.0, Avg: 0.0, Max: 0.0, Diff: 0.0, Sum: 0.0]
      [Object Copy (ms): Min: 16.6, Avg: 16.7, Max: 16.8, Diff: 0.2, Sum: 133.8]
      [Termination (ms): Min: 0.0, Avg: 0.0, Max: 0.0, Diff: 0.0, Sum: 0.0]
      [GC Worker Other (ms): Min: 0.0, Avg: 0.0, Max: 0.1, Diff: 0.0, Sum: 0.3]
      [GC Worker Total (ms): Min: 24.6, Avg: 24.6, Max: 24.6, Diff: 0.0, Sum: 197.0]
      [GC Worker End (ms): Min: 1507934645.8, Avg: 1507934645.8, Max: 1507934645.8, Diff: 0.0]
   [Code Root Fixup: 0.2 ms]
   [Code Root Purge: 0.0 ms]
   [Clear CT: 0.3 ms]
   [Other: 1.5 ms]
      [Choose CSet: 0.0 ms]
      [Ref Proc: 0.3 ms]
      [Ref Enq: 0.0 ms]
      [Redirty Cards: 0.1 ms]
      [Humongous Reclaim: 0.0 ms]
      [Free CSet: 0.6 ms]
   [Eden: 2200.0M(2200.0M)->0.0B(2204.0M) Survivors: 48.0M->44.0M Heap: 3650.7M(4500.0M)->1447.0M(4500.0M)]
Heap after GC invocations=33157 (full 0):
 garbage-first heap   total 4608000K, used 1481776K [0x00000006a6c00000, 0x00000006a7002328, 0x00000007c0000000)
  region size 4096K, 11 young (45056K), 11 survivors (45056K)
 Metaspace       used 124692K, capacity 128524K, committed 129664K, reserved 1165312K
  class space    used 13846K, capacity 14512K, committed 14720K, reserved 1048576K
}
 [Times: user=0.16 sys=0.04, real=0.02 secs] 
{Heap before GC invocations=33157 (full 0):
 garbage-first heap   total 4608000K, used 3738672K [0x00000006a6c00000, 0x00000006a7002328, 0x00000007c0000000)
  region size 4096K, 562 young (2301952K), 11 survivors (45056K)
 Metaspace       used 124692K, capacity 128524K, committed 129664K, reserved 1165312K
  class space    used 13846K, capacity 14512K, committed 14720K, reserved 1048576K
2019-04-29T03:27:57.445+0800: 1508086.664: [GC pause (G1 Evacuation Pause) (young)
Desired survivor size 148897792 bytes, new threshold 15 (max 15)
- age   1:   23290264 bytes,   23290264 total
- age   2:     959912 bytes,   24250176 total
- age   3:     994432 bytes,   25244608 total
- age   4:    1061832 bytes,   26306440 total
- age   5:    1002320 bytes,   27308760 total
- age   6:    1205592 bytes,   28514352 total
- age   7:    1153616 bytes,   29667968 total
- age   8:     318528 bytes,   29986496 total
- age   9:     359416 bytes,   30345912 total
- age  10:     326144 bytes,   30672056 total
- age  11:     642888 bytes,   31314944 total
- age  12:     690816 bytes,   32005760 total
- age  13:     966496 bytes,   32972256 total
- age  14:     881408 bytes,   33853664 total
- age  15:     623648 bytes,   34477312 total
 1508086.664: [G1Ergonomics (CSet Construction) start choosing CSet, _pending_cards: 26868, predicted base time: 9.30 ms, remaining time: 50.70 ms, target pause time: 60.00 ms]
 1508086.664: [G1Ergonomics (CSet Construction) add young regions to CSet, eden: 551 regions, survivors: 11 regions, predicted young region time: 202.03 ms]
 1508086.664: [G1Ergonomics (CSet Construction) finish choosing CSet, eden: 551 regions, survivors: 11 regions, old: 0 regions, predicted pause time: 211.33 ms, target pause time: 60.00 ms]
, 0.0252794 secs]
   [Parallel Time: 23.1 ms, GC Workers: 8]
      [GC Worker Start (ms): Min: 1508086663.9, Avg: 1508086663.9, Max: 1508086663.9, Diff: 0.1]
      [Ext Root Scanning (ms): Min: 1.1, Avg: 1.6, Max: 4.4, Diff: 3.3, Sum: 12.6]
      [Update RS (ms): Min: 3.8, Avg: 6.3, Max: 6.8, Diff: 3.0, Sum: 50.6]
         [Processed Buffers: Min: 19, Avg: 26.6, Max: 34, Diff: 15, Sum: 213]
      [Scan RS (ms): Min: 0.0, Avg: 0.1, Max: 0.1, Diff: 0.1, Sum: 0.6]
      [Code Root Scanning (ms): Min: 0.0, Avg: 0.0, Max: 0.0, Diff: 0.0, Sum: 0.0]
      [Object Copy (ms): Min: 14.7, Avg: 14.9, Max: 15.0, Diff: 0.3, Sum: 119.2]
      [Termination (ms): Min: 0.0, Avg: 0.0, Max: 0.0, Diff: 0.0, Sum: 0.0]
      [GC Worker Other (ms): Min: 0.0, Avg: 0.1, Max: 0.1, Diff: 0.1, Sum: 0.4]
      [GC Worker Total (ms): Min: 22.9, Avg: 22.9, Max: 23.0, Diff: 0.1, Sum: 183.5]
      [GC Worker End (ms): Min: 1508086686.8, Avg: 1508086686.8, Max: 1508086686.9, Diff: 0.1]
   [Code Root Fixup: 0.2 ms]
   [Code Root Purge: 0.0 ms]
   [Clear CT: 0.3 ms]
   [Other: 1.7 ms]
      [Choose CSet: 0.0 ms]
      [Ref Proc: 0.4 ms]
      [Ref Enq: 0.0 ms]
      [Redirty Cards: 0.1 ms]
      [Humongous Reclaim: 0.0 ms]
      [Free CSet: 0.7 ms]
   [Eden: 2204.0M(2204.0M)->0.0B(2212.0M) Survivors: 44.0M->36.0M Heap: 3651.0M(4500.0M)->1439.4M(4500.0M)]
Heap after GC invocations=33158 (full 0):
 garbage-first heap   total 4608000K, used 1473897K [0x00000006a6c00000, 0x00000006a7002328, 0x00000007c0000000)
  region size 4096K, 9 young (36864K), 9 survivors (36864K)
 Metaspace       used 124692K, capacity 128524K, committed 129664K, reserved 1165312K
  class space    used 13846K, capacity 14512K, committed 14720K, reserved 1048576K
}
 [Times: user=0.19 sys=0.00, real=0.03 secs] 
{Heap before GC invocations=33158 (full 0):
 garbage-first heap   total 4608000K, used 3738985K [0x00000006a6c00000, 0x00000006a7002328, 0x00000007c0000000)
  region size 4096K, 562 young (2301952K), 9 survivors (36864K)
 Metaspace       used 124692K, capacity 128524K, committed 129664K, reserved 1165312K
  class space    used 13846K, capacity 14512K, committed 14720K, reserved 1048576K
2019-04-29T03:30:00.721+0800: 1508209.940: [GC pause (G1 Evacuation Pause) (young)
Desired survivor size 148897792 bytes, new threshold 15 (max 15)
- age   1:   20356488 bytes,   20356488 total
- age   2:     675744 bytes,   21032232 total
- age   3:     929568 bytes,   21961800 total
- age   4:     993608 bytes,   22955408 total
- age   5:    1061720 bytes,   24017128 total
- age   6:    1001872 bytes,   25019000 total
- age   7:    1205480 bytes,   26224480 total
- age   8:    1153472 bytes,   27377952 total
- age   9:     318304 bytes,   27696256 total
- age  10:     359416 bytes,   28055672 total
- age  11:     326112 bytes,   28381784 total
- age  12:     642888 bytes,   29024672 total
- age  13:     690816 bytes,   29715488 total
- age  14:     966384 bytes,   30681872 total
- age  15:     607816 bytes,   31289688 total
 1508209.940: [G1Ergonomics (CSet Construction) start choosing CSet, _pending_cards: 26526, predicted base time: 9.32 ms, remaining time: 50.68 ms, target pause time: 60.00 ms]
 1508209.940: [G1Ergonomics (CSet Construction) add young regions to CSet, eden: 553 regions, survivors: 9 regions, predicted young region time: 209.34 ms]
 1508209.940: [G1Ergonomics (CSet Construction) finish choosing CSet, eden: 553 regions, survivors: 9 regions, old: 0 regions, predicted pause time: 218.66 ms, target pause time: 60.00 ms]
, 0.0245426 secs]
   [Parallel Time: 22.5 ms, GC Workers: 8]
      [GC Worker Start (ms): Min: 1508209940.1, Avg: 1508209940.2, Max: 1508209940.2, Diff: 0.1]
      [Ext Root Scanning (ms): Min: 1.1, Avg: 1.3, Max: 2.1, Diff: 1.1, Sum: 10.4]
      [Update RS (ms): Min: 5.6, Avg: 6.4, Max: 6.8, Diff: 1.2, Sum: 51.4]
         [Processed Buffers: Min: 13, Avg: 27.0, Max: 39, Diff: 26, Sum: 216]
      [Scan RS (ms): Min: 0.0, Avg: 0.1, Max: 0.1, Diff: 0.1, Sum: 0.6]
      [Code Root Scanning (ms): Min: 0.0, Avg: 0.0, Max: 0.0, Diff: 0.0, Sum: 0.0]
      [Object Copy (ms): Min: 14.4, Avg: 14.5, Max: 14.6, Diff: 0.2, Sum: 115.9]
      [Termination (ms): Min: 0.0, Avg: 0.0, Max: 0.0, Diff: 0.0, Sum: 0.0]
      [GC Worker Other (ms): Min: 0.0, Avg: 0.0, Max: 0.1, Diff: 0.0, Sum: 0.3]
      [GC Worker Total (ms): Min: 22.3, Avg: 22.3, Max: 22.4, Diff: 0.1, Sum: 178.8]
      [GC Worker End (ms): Min: 1508209962.5, Avg: 1508209962.5, Max: 1508209962.5, Diff: 0.1]
   [Code Root Fixup: 0.2 ms]
   [Code Root Purge: 0.0 ms]
   [Clear CT: 0.3 ms]
   [Other: 1.6 ms]
      [Choose CSet: 0.0 ms]
      [Ref Proc: 0.2 ms]
      [Ref Enq: 0.0 ms]
      [Redirty Cards: 0.1 ms]
      [Humongous Reclaim: 0.0 ms]
      [Free CSet: 0.7 ms]
   [Eden: 2212.0M(2212.0M)->0.0B(2212.0M) Survivors: 36.0M->36.0M Heap: 3651.4M(4500.0M)->1439.6M(4500.0M)]
Heap after GC invocations=33159 (full 0):
 garbage-first heap   total 4608000K, used 1474190K [0x00000006a6c00000, 0x00000006a7002328, 0x00000007c0000000)
  region size 4096K, 9 young (36864K), 9 survivors (36864K)
 Metaspace       used 124692K, capacity 128524K, committed 129664K, reserved 1165312K
  class space    used 13846K, capacity 14512K, committed 14720K, reserved 1048576K
}
 [Times: user=0.15 sys=0.03, real=0.02 secs] 
{Heap before GC invocations=33159 (full 0):
 garbage-first heap   total 4608000K, used 3739278K [0x00000006a6c00000, 0x00000006a7002328, 0x00000007c0000000)
  region size 4096K, 562 young (2301952K), 9 survivors (36864K)
 Metaspace       used 124692K, capacity 128524K, committed 129664K, reserved 1165312K
  class space    used 13846K, capacity 14512K, committed 14720K, reserved 1048576K
2019-04-29T03:31:53.013+0800: 1508322.232: [GC pause (G1 Evacuation Pause) (young)
Desired survivor size 148897792 bytes, new threshold 15 (max 15)
- age   1:   18814592 bytes,   18814592 total
- age   2:     928592 bytes,   19743184 total
- age   3:     674560 bytes,   20417744 total
- age   4:     929312 bytes,   21347056 total
- age   5:     993048 bytes,   22340104 total
- age   6:    1061496 bytes,   23401600 total
- age   7:    1000768 bytes,   24402368 total
- age   8:    1205480 bytes,   25607848 total
- age   9:    1153248 bytes,   26761096 total
- age  10:     318304 bytes,   27079400 total
- age  11:     357448 bytes,   27436848 total
- age  12:     326000 bytes,   27762848 total
- age  13:     642888 bytes,   28405736 total
- age  14:     690816 bytes,   29096552 total
- age  15:     537672 bytes,   29634224 total
 1508322.232: [G1Ergonomics (CSet Construction) start choosing CSet, _pending_cards: 21737, predicted base time: 8.11 ms, remaining time: 51.89 ms, target pause time: 60.00 ms]
 1508322.232: [G1Ergonomics (CSet Construction) add young regions to CSet, eden: 553 regions, survivors: 9 regions, predicted young region time: 201.50 ms]
 1508322.232: [G1Ergonomics (CSet Construction) finish choosing CSet, eden: 553 regions, survivors: 9 regions, old: 0 regions, predicted pause time: 209.61 ms, target pause time: 60.00 ms]
, 0.0234388 secs]
   [Parallel Time: 21.3 ms, GC Workers: 8]
      [GC Worker Start (ms): Min: 1508322232.4, Avg: 1508322232.4, Max: 1508322232.5, Diff: 0.1]
      [Ext Root Scanning (ms): Min: 1.0, Avg: 1.3, Max: 2.2, Diff: 1.2, Sum: 10.2]
      [Update RS (ms): Min: 4.8, Avg: 5.5, Max: 5.8, Diff: 1.0, Sum: 43.7]
         [Processed Buffers: Min: 16, Avg: 26.0, Max: 41, Diff: 25, Sum: 208]
      [Scan RS (ms): Min: 0.9, Avg: 1.0, Max: 1.2, Diff: 0.3, Sum: 8.4]
      [Code Root Scanning (ms): Min: 0.0, Avg: 0.0, Max: 0.0, Diff: 0.0, Sum: 0.0]
      [Object Copy (ms): Min: 13.3, Avg: 13.4, Max: 13.5, Diff: 0.1, Sum: 107.3]
      [Termination (ms): Min: 0.0, Avg: 0.0, Max: 0.0, Diff: 0.0, Sum: 0.0]
      [GC Worker Other (ms): Min: 0.0, Avg: 0.0, Max: 0.1, Diff: 0.1, Sum: 0.4]
      [GC Worker Total (ms): Min: 21.2, Avg: 21.2, Max: 21.3, Diff: 0.1, Sum: 170.0]
      [GC Worker End (ms): Min: 1508322253.6, Avg: 1508322253.7, Max: 1508322253.7, Diff: 0.1]
   [Code Root Fixup: 0.2 ms]
   [Code Root Purge: 0.0 ms]
   [Clear CT: 0.3 ms]
   [Other: 1.5 ms]
      [Choose CSet: 0.0 ms]
      [Ref Proc: 0.2 ms]
      [Ref Enq: 0.0 ms]
      [Redirty Cards: 0.1 ms]
      [Humongous Reclaim: 0.0 ms]
      [Free CSet: 0.7 ms]
   [Eden: 2212.0M(2212.0M)->0.0B(2212.0M) Survivors: 36.0M->36.0M Heap: 3651.6M(4500.0M)->1439.9M(4500.0M)]
Heap after GC invocations=33160 (full 0):
 garbage-first heap   total 4608000K, used 1474490K [0x00000006a6c00000, 0x00000006a7002328, 0x00000007c0000000)
  region size 4096K, 9 young (36864K), 9 survivors (36864K)
 Metaspace       used 124692K, capacity 128524K, committed 129664K, reserved 1165312K
  class space    used 13846K, capacity 14512K, committed 14720K, reserved 1048576K
}
 [Times: user=0.14 sys=0.04, real=0.02 secs] 
{Heap before GC invocations=33160 (full 0):
 garbage-first heap   total 4608000K, used 3739578K [0x00000006a6c00000, 0x00000006a7002328, 0x00000007c0000000)
  region size 4096K, 562 young (2301952K), 9 survivors (36864K)
 Metaspace       used 124692K, capacity 128524K, committed 129664K, reserved 1165312K
  class space    used 13846K, capacity 14512K, committed 14720K, reserved 1048576K
2019-04-29T03:34:02.866+0800: 1508452.084: [GC pause (G1 Evacuation Pause) (young)
Desired survivor size 148897792 bytes, new threshold 15 (max 15)
- age   1:   17687704 bytes,   17687704 total
- age   2:    1201360 bytes,   18889064 total
- age   3:     927072 bytes,   19816136 total
- age   4:     618560 bytes,   20434696 total
- age   5:     929008 bytes,   21363704 total
- age   6:     985720 bytes,   22349424 total
- age   7:    1061272 bytes,   23410696 total
- age   8:     961160 bytes,   24371856 total
- age   9:    1205368 bytes,   25577224 total
- age  10:    1153136 bytes,   26730360 total
- age  11:     312696 bytes,   27043056 total
- age  12:     354168 bytes,   27397224 total
- age  13:     325920 bytes,   27723144 total
- age  14:     642888 bytes,   28366032 total
- age  15:     356200 bytes,   28722232 total
 1508452.085: [G1Ergonomics (CSet Construction) start choosing CSet, _pending_cards: 20459, predicted base time: 12.50 ms, remaining time: 47.50 ms, target pause time: 60.00 ms]
 1508452.085: [G1Ergonomics (CSet Construction) add young regions to CSet, eden: 553 regions, survivors: 9 regions, predicted young region time: 172.84 ms]
 1508452.085: [G1Ergonomics (CSet Construction) finish choosing CSet, eden: 553 regions, survivors: 9 regions, old: 0 regions, predicted pause time: 185.34 ms, target pause time: 60.00 ms]
, 0.0270019 secs]
   [Parallel Time: 24.7 ms, GC Workers: 8]
      [GC Worker Start (ms): Min: 1508452084.8, Avg: 1508452084.8, Max: 1508452084.9, Diff: 0.1]
      [Ext Root Scanning (ms): Min: 1.1, Avg: 1.4, Max: 2.1, Diff: 0.9, Sum: 11.0]
      [Update RS (ms): Min: 4.7, Avg: 5.4, Max: 5.7, Diff: 0.9, Sum: 43.0]
         [Processed Buffers: Min: 15, Avg: 24.2, Max: 33, Diff: 18, Sum: 194]
      [Scan RS (ms): Min: 0.9, Avg: 1.0, Max: 1.2, Diff: 0.3, Sum: 8.3]
      [Code Root Scanning (ms): Min: 0.0, Avg: 0.0, Max: 0.0, Diff: 0.0, Sum: 0.0]
      [Object Copy (ms): Min: 16.7, Avg: 16.8, Max: 16.8, Diff: 0.2, Sum: 134.2]
      [Termination (ms): Min: 0.0, Avg: 0.0, Max: 0.0, Diff: 0.0, Sum: 0.1]
      [GC Worker Other (ms): Min: 0.0, Avg: 0.1, Max: 0.1, Diff: 0.1, Sum: 0.4]
      [GC Worker Total (ms): Min: 24.6, Avg: 24.6, Max: 24.7, Diff: 0.1, Sum: 197.0]
      [GC Worker End (ms): Min: 1508452109.4, Avg: 1508452109.5, Max: 1508452109.5, Diff: 0.1]
   [Code Root Fixup: 0.2 ms]
   [Code Root Purge: 0.0 ms]
   [Clear CT: 0.4 ms]
   [Other: 1.7 ms]
      [Choose CSet: 0.0 ms]
      [Ref Proc: 0.4 ms]
      [Ref Enq: 0.0 ms]
      [Redirty Cards: 0.1 ms]
      [Humongous Reclaim: 0.0 ms]
      [Free CSet: 0.6 ms]
   [Eden: 2212.0M(2212.0M)->0.0B(2204.0M) Survivors: 36.0M->44.0M Heap: 3651.9M(4500.0M)->1448.2M(4500.0M)]
Heap after GC invocations=33161 (full 0):
 garbage-first heap   total 4608000K, used 1483004K [0x00000006a6c00000, 0x00000006a7002328, 0x00000007c0000000)
  region size 4096K, 11 young (45056K), 11 survivors (45056K)
 Metaspace       used 124692K, capacity 128524K, committed 129664K, reserved 1165312K
  class space    used 13846K, capacity 14512K, committed 14720K, reserved 1048576K
}
 [Times: user=0.16 sys=0.03, real=0.03 secs] 
{Heap before GC invocations=33161 (full 0):
 garbage-first heap   total 4608000K, used 3739900K [0x00000006a6c00000, 0x00000006a7002328, 0x00000007c0000000)
  region size 4096K, 562 young (2301952K), 11 survivors (45056K)
 Metaspace       used 124692K, capacity 128524K, committed 129664K, reserved 1165312K
  class space    used 13846K, capacity 14512K, committed 14720K, reserved 1048576K
2019-04-29T03:36:06.643+0800: 1508575.862: [GC pause (G1 Evacuation Pause) (young)
Desired survivor size 148897792 bytes, new threshold 15 (max 15)
- age   1:   24509048 bytes,   24509048 total
- age   2:    1044416 bytes,   25553464 total
- age   3:    1193768 bytes,   26747232 total
- age   4:     926632 bytes,   27673864 total
- age   5:     616888 bytes,   28290752 total
- age   6:     928640 bytes,   29219392 total
- age   7:     985360 bytes,   30204752 total
- age   8:    1061272 bytes,   31266024 total
- age   9:     957288 bytes,   32223312 total
- age  10:    1205368 bytes,   33428680 total
- age  11:    1153136 bytes,   34581816 total
- age  12:     312696 bytes,   34894512 total
- age  13:     354168 bytes,   35248680 total
- age  14:     325920 bytes,   35574600 total
- age  15:     423504 bytes,   35998104 total
 1508575.862: [G1Ergonomics (CSet Construction) start choosing CSet, _pending_cards: 25773, predicted base time: 15.00 ms, remaining time: 45.00 ms, target pause time: 60.00 ms]
 1508575.862: [G1Ergonomics (CSet Construction) add young regions to CSet, eden: 551 regions, survivors: 11 regions, predicted young region time: 302.64 ms]
 1508575.862: [G1Ergonomics (CSet Construction) finish choosing CSet, eden: 551 regions, survivors: 11 regions, old: 0 regions, predicted pause time: 317.64 ms, target pause time: 60.00 ms]
, 0.0240859 secs]
   [Parallel Time: 21.8 ms, GC Workers: 8]
      [GC Worker Start (ms): Min: 1508575862.5, Avg: 1508575862.5, Max: 1508575862.6, Diff: 0.1]
      [Ext Root Scanning (ms): Min: 1.2, Avg: 1.4, Max: 2.2, Diff: 1.0, Sum: 11.3]
      [Update RS (ms): Min: 5.8, Avg: 6.4, Max: 6.7, Diff: 0.9, Sum: 51.3]
         [Processed Buffers: Min: 11, Avg: 25.6, Max: 70, Diff: 59, Sum: 205]
      [Scan RS (ms): Min: 0.0, Avg: 0.1, Max: 0.1, Diff: 0.1, Sum: 0.6]
      [Code Root Scanning (ms): Min: 0.0, Avg: 0.0, Max: 0.0, Diff: 0.0, Sum: 0.0]
      [Object Copy (ms): Min: 13.6, Avg: 13.6, Max: 13.7, Diff: 0.2, Sum: 109.2]
      [Termination (ms): Min: 0.0, Avg: 0.0, Max: 0.0, Diff: 0.0, Sum: 0.0]
      [GC Worker Other (ms): Min: 0.0, Avg: 0.1, Max: 0.1, Diff: 0.1, Sum: 0.6]
      [GC Worker Total (ms): Min: 21.5, Avg: 21.6, Max: 21.7, Diff: 0.2, Sum: 173.1]
      [GC Worker End (ms): Min: 1508575884.1, Avg: 1508575884.1, Max: 1508575884.2, Diff: 0.1]
   [Code Root Fixup: 0.3 ms]
   [Code Root Purge: 0.0 ms]
   [Clear CT: 0.3 ms]
   [Other: 1.7 ms]
      [Choose CSet: 0.0 ms]
      [Ref Proc: 0.2 ms]
      [Ref Enq: 0.0 ms]
      [Redirty Cards: 0.1 ms]
      [Humongous Reclaim: 0.0 ms]
      [Free CSet: 0.9 ms]
   [Eden: 2204.0M(2204.0M)->0.0B(2208.0M) Survivors: 44.0M->40.0M Heap: 3652.2M(4500.0M)->1442.6M(4500.0M)]
Heap after GC invocations=33162 (full 0):
 garbage-first heap   total 4608000K, used 1477177K [0x00000006a6c00000, 0x00000006a7002328, 0x00000007c0000000)
  region size 4096K, 10 young (40960K), 10 survivors (40960K)
 Metaspace       used 124692K, capacity 128524K, committed 129664K, reserved 1165312K
  class space    used 13846K, capacity 14512K, committed 14720K, reserved 1048576K
}
 [Times: user=0.15 sys=0.04, real=0.02 secs] 
{Heap before GC invocations=33162 (full 0):
 garbage-first heap   total 4608000K, used 3738169K [0x00000006a6c00000, 0x00000006a7002328, 0x00000007c0000000)
  region size 4096K, 562 young (2301952K), 10 survivors (40960K)
 Metaspace       used 124692K, capacity 128524K, committed 129664K, reserved 1165312K
  class space    used 13846K, capacity 14512K, committed 14720K, reserved 1048576K
2019-04-29T03:38:29.180+0800: 1508718.399: [GC pause (G1 Evacuation Pause) (young)
Desired survivor size 148897792 bytes, new threshold 15 (max 15)
- age   1:   18325368 bytes,   18325368 total
- age   2:     604696 bytes,   18930064 total
- age   3:     914136 bytes,   19844200 total
- age   4:    1193136 bytes,   21037336 total
- age   5:     925928 bytes,   21963264 total
- age   6:     616104 bytes,   22579368 total
- age   7:     928640 bytes,   23508008 total
- age   8:     984664 bytes,   24492672 total
- age   9:    1061272 bytes,   25553944 total
- age  10:     957176 bytes,   26511120 total
- age  11:    1205368 bytes,   27716488 total
- age  12:    1153136 bytes,   28869624 total
- age  13:     312696 bytes,   29182320 total
- age  14:     354168 bytes,   29536488 total
- age  15:     226200 bytes,   29762688 total
 1508718.399: [G1Ergonomics (CSet Construction) start choosing CSet, _pending_cards: 20702, predicted base time: 12.45 ms, remaining time: 47.55 ms, target pause time: 60.00 ms]
 1508718.399: [G1Ergonomics (CSet Construction) add young regions to CSet, eden: 552 regions, survivors: 10 regions, predicted young region time: 281.25 ms]
 1508718.399: [G1Ergonomics (CSet Construction) finish choosing CSet, eden: 552 regions, survivors: 10 regions, old: 0 regions, predicted pause time: 293.70 ms, target pause time: 60.00 ms]
, 0.0226618 secs]
   [Parallel Time: 20.6 ms, GC Workers: 8]
      [GC Worker Start (ms): Min: 1508718399.2, Avg: 1508718399.3, Max: 1508718399.3, Diff: 0.1]
      [Ext Root Scanning (ms): Min: 1.1, Avg: 1.4, Max: 2.3, Diff: 1.2, Sum: 10.8]
      [Update RS (ms): Min: 4.4, Avg: 5.3, Max: 5.6, Diff: 1.3, Sum: 42.0]
         [Processed Buffers: Min: 15, Avg: 24.6, Max: 36, Diff: 21, Sum: 197]
      [Scan RS (ms): Min: 0.8, Avg: 1.0, Max: 1.1, Diff: 0.3, Sum: 8.1]
      [Code Root Scanning (ms): Min: 0.0, Avg: 0.0, Max: 0.0, Diff: 0.0, Sum: 0.0]
      [Object Copy (ms): Min: 12.7, Avg: 12.8, Max: 12.8, Diff: 0.2, Sum: 102.2]
      [Termination (ms): Min: 0.0, Avg: 0.0, Max: 0.0, Diff: 0.0, Sum: 0.0]
      [GC Worker Other (ms): Min: 0.0, Avg: 0.0, Max: 0.1, Diff: 0.1, Sum: 0.3]
      [GC Worker Total (ms): Min: 20.4, Avg: 20.4, Max: 20.5, Diff: 0.1, Sum: 163.5]
      [GC Worker End (ms): Min: 1508718419.7, Avg: 1508718419.7, Max: 1508718419.7, Diff: 0.1]
   [Code Root Fixup: 0.2 ms]
   [Code Root Purge: 0.0 ms]
   [Clear CT: 0.3 ms]
   [Other: 1.6 ms]
      [Choose CSet: 0.0 ms]
      [Ref Proc: 0.3 ms]
      [Ref Enq: 0.0 ms]
      [Redirty Cards: 0.1 ms]
      [Humongous Reclaim: 0.0 ms]
      [Free CSet: 0.7 ms]
   [Eden: 2208.0M(2208.0M)->0.0B(2212.0M) Survivors: 40.0M->36.0M Heap: 3650.6M(4500.0M)->1440.8M(4500.0M)]
Heap after GC invocations=33163 (full 0):
 garbage-first heap   total 4608000K, used 1475406K [0x00000006a6c00000, 0x00000006a7002328, 0x00000007c0000000)
  region size 4096K, 9 young (36864K), 9 survivors (36864K)
 Metaspace       used 124692K, capacity 128524K, committed 129664K, reserved 1165312K
  class space    used 13846K, capacity 14512K, committed 14720K, reserved 1048576K
}
 [Times: user=0.14 sys=0.03, real=0.02 secs] 
{Heap before GC invocations=33163 (full 0):
 garbage-first heap   total 4608000K, used 3740494K [0x00000006a6c00000, 0x00000006a7002328, 0x00000007c0000000)
  region size 4096K, 562 young (2301952K), 9 survivors (36864K)
 Metaspace       used 124692K, capacity 128524K, committed 129664K, reserved 1165312K
  class space    used 13846K, capacity 14512K, committed 14720K, reserved 1048576K
2019-04-29T03:40:04.925+0800: 1508814.144: [GC pause (G1 Evacuation Pause) (young)
Desired survivor size 148897792 bytes, new threshold 15 (max 15)
- age   1:   15852664 bytes,   15852664 total
- age   2:     516600 bytes,   16369264 total
- age   3:     602728 bytes,   16971992 total
- age   4:     913360 bytes,   17885352 total
- age   5:    1193024 bytes,   19078376 total
- age   6:     925816 bytes,   20004192 total
- age   7:     615960 bytes,   20620152 total
- age   8:     928528 bytes,   21548680 total
- age   9:     984552 bytes,   22533232 total
- age  10:    1061272 bytes,   23594504 total
- age  11:     957064 bytes,   24551568 total
- age  12:    1205368 bytes,   25756936 total
- age  13:    1153136 bytes,   26910072 total
- age  14:     303832 bytes,   27213904 total
- age  15:     214056 bytes,   27427960 total
 1508814.144: [G1Ergonomics (CSet Construction) start choosing CSet, _pending_cards: 24706, predicted base time: 13.84 ms, remaining time: 46.16 ms, target pause time: 60.00 ms]
 1508814.144: [G1Ergonomics (CSet Construction) add young regions to CSet, eden: 553 regions, survivors: 9 regions, predicted young region time: 218.75 ms]
 1508814.144: [G1Ergonomics (CSet Construction) finish choosing CSet, eden: 553 regions, survivors: 9 regions, old: 0 regions, predicted pause time: 232.60 ms, target pause time: 60.00 ms]
, 0.0244238 secs]
   [Parallel Time: 22.4 ms, GC Workers: 8]
      [GC Worker Start (ms): Min: 1508814143.9, Avg: 1508814144.0, Max: 1508814144.0, Diff: 0.1]
      [Ext Root Scanning (ms): Min: 1.1, Avg: 1.3, Max: 2.1, Diff: 1.0, Sum: 10.6]
      [Update RS (ms): Min: 5.6, Avg: 6.0, Max: 6.3, Diff: 0.7, Sum: 48.2]
         [Processed Buffers: Min: 17, Avg: 25.6, Max: 38, Diff: 21, Sum: 205]
      [Scan RS (ms): Min: 0.0, Avg: 0.1, Max: 0.1, Diff: 0.1, Sum: 0.6]
      [Code Root Scanning (ms): Min: 0.0, Avg: 0.0, Max: 0.0, Diff: 0.0, Sum: 0.0]
      [Object Copy (ms): Min: 14.6, Avg: 14.8, Max: 14.9, Diff: 0.3, Sum: 118.6]
      [Termination (ms): Min: 0.0, Avg: 0.0, Max: 0.0, Diff: 0.0, Sum: 0.0]
      [GC Worker Other (ms): Min: 0.0, Avg: 0.0, Max: 0.1, Diff: 0.0, Sum: 0.3]
      [GC Worker Total (ms): Min: 22.3, Avg: 22.3, Max: 22.4, Diff: 0.1, Sum: 178.5]
      [GC Worker End (ms): Min: 1508814166.3, Avg: 1508814166.3, Max: 1508814166.3, Diff: 0.1]
   [Code Root Fixup: 0.3 ms]
   [Code Root Purge: 0.0 ms]
   [Clear CT: 0.3 ms]
   [Other: 1.4 ms]
      [Choose CSet: 0.0 ms]
      [Ref Proc: 0.2 ms]
      [Ref Enq: 0.0 ms]
      [Redirty Cards: 0.1 ms]
      [Humongous Reclaim: 0.0 ms]
      [Free CSet: 0.6 ms]
   [Eden: 2212.0M(2212.0M)->0.0B(2208.0M) Survivors: 36.0M->40.0M Heap: 3652.8M(4500.0M)->1443.1M(4500.0M)]
Heap after GC invocations=33164 (full 0):
 garbage-first heap   total 4608000K, used 1477691K [0x00000006a6c00000, 0x00000006a7002328, 0x00000007c0000000)
  region size 4096K, 10 young (40960K), 10 survivors (40960K)
 Metaspace       used 124692K, capacity 128524K, committed 129664K, reserved 1165312K
  class space    used 13846K, capacity 14512K, committed 14720K, reserved 1048576K
}
 [Times: user=0.15 sys=0.03, real=0.02 secs] 
{Heap before GC invocations=33164 (full 0):
 garbage-first heap   total 4608000K, used 3738683K [0x00000006a6c00000, 0x00000006a7002328, 0x00000007c0000000)
  region size 4096K, 562 young (2301952K), 10 survivors (40960K)
 Metaspace       used 124692K, capacity 128524K, committed 129664K, reserved 1165312K
  class space    used 13846K, capacity 14512K, committed 14720K, reserved 1048576K
2019-04-29T03:42:30.004+0800: 1508959.223: [GC pause (G1 Evacuation Pause) (young)
Desired survivor size 148897792 bytes, new threshold 15 (max 15)
- age   1:   19908288 bytes,   19908288 total
- age   2:     444328 bytes,   20352616 total
- age   3:     512576 bytes,   20865192 total
- age   4:     602056 bytes,   21467248 total
- age   5:     911120 bytes,   22378368 total
- age   6:    1192688 bytes,   23571056 total
- age   7:     925816 bytes,   24496872 total
- age   8:     614056 bytes,   25110928 total
- age   9:     928392 bytes,   26039320 total
- age  10:     984440 bytes,   27023760 total
- age  11:    1061240 bytes,   28085000 total
- age  12:     956728 bytes,   29041728 total
- age  13:    1205368 bytes,   30247096 total
- age  14:    1153136 bytes,   31400232 total
- age  15:     281672 bytes,   31681904 total
 1508959.223: [G1Ergonomics (CSet Construction) start choosing CSet, _pending_cards: 22132, predicted base time: 12.04 ms, remaining time: 47.96 ms, target pause time: 60.00 ms]
 1508959.223: [G1Ergonomics (CSet Construction) add young regions to CSet, eden: 552 regions, survivors: 10 regions, predicted young region time: 177.94 ms]
 1508959.223: [G1Ergonomics (CSet Construction) finish choosing CSet, eden: 552 regions, survivors: 10 regions, old: 0 regions, predicted pause time: 189.98 ms, target pause time: 60.00 ms]
, 0.0235525 secs]
   [Parallel Time: 21.4 ms, GC Workers: 8]
      [GC Worker Start (ms): Min: 1508959223.6, Avg: 1508959223.6, Max: 1508959223.6, Diff: 0.1]
      [Ext Root Scanning (ms): Min: 1.0, Avg: 1.3, Max: 2.1, Diff: 1.1, Sum: 10.2]
      [Update RS (ms): Min: 4.6, Avg: 5.3, Max: 5.6, Diff: 0.9, Sum: 42.7]
         [Processed Buffers: Min: 12, Avg: 26.0, Max: 44, Diff: 32, Sum: 208]
      [Scan RS (ms): Min: 0.8, Avg: 0.9, Max: 1.0, Diff: 0.3, Sum: 7.4]
      [Code Root Scanning (ms): Min: 0.0, Avg: 0.0, Max: 0.0, Diff: 0.0, Sum: 0.0]
      [Object Copy (ms): Min: 13.5, Avg: 13.6, Max: 13.6, Diff: 0.1, Sum: 108.4]
      [Termination (ms): Min: 0.0, Avg: 0.0, Max: 0.0, Diff: 0.0, Sum: 0.0]
      [GC Worker Other (ms): Min: 0.0, Avg: 0.0, Max: 0.1, Diff: 0.1, Sum: 0.4]
      [GC Worker Total (ms): Min: 21.1, Avg: 21.1, Max: 21.2, Diff: 0.1, Sum: 169.1]
      [GC Worker End (ms): Min: 1508959244.7, Avg: 1508959244.7, Max: 1508959244.8, Diff: 0.1]
   [Code Root Fixup: 0.3 ms]
   [Code Root Purge: 0.0 ms]
   [Clear CT: 0.3 ms]
   [Other: 1.6 ms]
      [Choose CSet: 0.0 ms]
      [Ref Proc: 0.3 ms]
      [Ref Enq: 0.0 ms]
      [Redirty Cards: 0.1 ms]
      [Humongous Reclaim: 0.0 ms]
      [Free CSet: 0.6 ms]
   [Eden: 2208.0M(2208.0M)->0.0B(2208.0M) Survivors: 40.0M->40.0M Heap: 3651.1M(4500.0M)->1443.4M(4500.0M)]
Heap after GC invocations=33165 (full 0):
 garbage-first heap   total 4608000K, used 1478005K [0x00000006a6c00000, 0x00000006a7002328, 0x00000007c0000000)
  region size 4096K, 10 young (40960K), 10 survivors (40960K)
 Metaspace       used 124692K, capacity 128524K, committed 129664K, reserved 1165312K
  class space    used 13846K, capacity 14512K, committed 14720K, reserved 1048576K
}
 [Times: user=0.15 sys=0.03, real=0.02 secs] 
{Heap before GC invocations=33165 (full 0):
 garbage-first heap   total 4608000K, used 3738997K [0x00000006a6c00000, 0x00000006a7002328, 0x00000007c0000000)
  region size 4096K, 562 young (2301952K), 10 survivors (40960K)
 Metaspace       used 124692K, capacity 128524K, committed 129664K, reserved 1165312K
  class space    used 13846K, capacity 14512K, committed 14720K, reserved 1048576K
2019-04-29T03:45:02.169+0800: 1509111.388: [GC pause (G1 Evacuation Pause) (young)
Desired survivor size 148897792 bytes, new threshold 15 (max 15)
- age   1:   18469408 bytes,   18469408 total
- age   2:     288432 bytes,   18757840 total
- age   3:     440920 bytes,   19198760 total
- age   4:     511904 bytes,   19710664 total
- age   5:     576960 bytes,   20287624 total
- age   6:     887600 bytes,   21175224 total
- age   7:    1164520 bytes,   22339744 total
- age   8:     925816 bytes,   23265560 total
- age   9:     613496 bytes,   23879056 total
- age  10:     928280 bytes,   24807336 total
- age  11:     977224 bytes,   25784560 total
- age  12:    1061240 bytes,   26845800 total
- age  13:     919464 bytes,   27765264 total
- age  14:    1189856 bytes,   28955120 total
- age  15:     241856 bytes,   29196976 total
 1509111.388: [G1Ergonomics (CSet Construction) start choosing CSet, _pending_cards: 19423, predicted base time: 11.39 ms, remaining time: 48.61 ms, target pause time: 60.00 ms]
 1509111.388: [G1Ergonomics (CSet Construction) add young regions to CSet, eden: 552 regions, survivors: 10 regions, predicted young region time: 223.26 ms]
 1509111.388: [G1Ergonomics (CSet Construction) finish choosing CSet, eden: 552 regions, survivors: 10 regions, old: 0 regions, predicted pause time: 234.65 ms, target pause time: 60.00 ms]
, 0.0253812 secs]
   [Parallel Time: 23.2 ms, GC Workers: 8]
      [GC Worker Start (ms): Min: 1509111388.4, Avg: 1509111388.4, Max: 1509111388.5, Diff: 0.1]
      [Ext Root Scanning (ms): Min: 1.1, Avg: 1.6, Max: 4.3, Diff: 3.2, Sum: 12.7]
      [Update RS (ms): Min: 2.4, Avg: 4.8, Max: 5.3, Diff: 2.8, Sum: 38.7]
         [Processed Buffers: Min: 14, Avg: 23.6, Max: 38, Diff: 24, Sum: 189]
      [Scan RS (ms): Min: 0.9, Avg: 1.1, Max: 1.2, Diff: 0.3, Sum: 8.5]
      [Code Root Scanning (ms): Min: 0.0, Avg: 0.0, Max: 0.0, Diff: 0.0, Sum: 0.0]
      [Object Copy (ms): Min: 15.3, Avg: 15.4, Max: 15.5, Diff: 0.2, Sum: 123.3]
      [Termination (ms): Min: 0.0, Avg: 0.0, Max: 0.0, Diff: 0.0, Sum: 0.0]
      [GC Worker Other (ms): Min: 0.0, Avg: 0.0, Max: 0.1, Diff: 0.1, Sum: 0.4]
      [GC Worker Total (ms): Min: 22.9, Avg: 23.0, Max: 23.0, Diff: 0.1, Sum: 183.7]
      [GC Worker End (ms): Min: 1509111411.4, Avg: 1509111411.4, Max: 1509111411.4, Diff: 0.1]
   [Code Root Fixup: 0.3 ms]
   [Code Root Purge: 0.0 ms]
   [Clear CT: 0.3 ms]
   [Other: 1.6 ms]
      [Choose CSet: 0.0 ms]
      [Ref Proc: 0.2 ms]
      [Ref Enq: 0.0 ms]
      [Redirty Cards: 0.1 ms]
      [Humongous Reclaim: 0.0 ms]
      [Free CSet: 0.7 ms]
   [Eden: 2208.0M(2208.0M)->0.0B(2208.0M) Survivors: 40.0M->40.0M Heap: 3651.4M(4500.0M)->1443.7M(4500.0M)]
Heap after GC invocations=33166 (full 0):
 garbage-first heap   total 4608000K, used 1478331K [0x00000006a6c00000, 0x00000006a7002328, 0x00000007c0000000)
  region size 4096K, 10 young (40960K), 10 survivors (40960K)
 Metaspace       used 124692K, capacity 128524K, committed 129664K, reserved 1165312K
  class space    used 13846K, capacity 14512K, committed 14720K, reserved 1048576K
}
 [Times: user=0.15 sys=0.04, real=0.03 secs] 
{Heap before GC invocations=33166 (full 0):
 garbage-first heap   total 4608000K, used 3739323K [0x00000006a6c00000, 0x00000006a7002328, 0x00000007c0000000)
  region size 4096K, 562 young (2301952K), 10 survivors (40960K)
 Metaspace       used 124692K, capacity 128524K, committed 129664K, reserved 1165312K
  class space    used 13846K, capacity 14512K, committed 14720K, reserved 1048576K
2019-04-29T03:47:27.816+0800: 1509257.035: [GC pause (G1 Evacuation Pause) (young)
Desired survivor size 148897792 bytes, new threshold 15 (max 15)
- age   1:   21716728 bytes,   21716728 total
- age   2:    1311320 bytes,   23028048 total
- age   3:     275920 bytes,   23303968 total
- age   4:     440624 bytes,   23744592 total
- age   5:     509336 bytes,   24253928 total
- age   6:     576368 bytes,   24830296 total
- age   7:     882768 bytes,   25713064 total
- age   8:    1163520 bytes,   26876584 total
- age   9:     925592 bytes,   27802176 total
- age  10:     612464 bytes,   28414640 total
- age  11:     928024 bytes,   29342664 total
- age  12:     974856 bytes,   30317520 total
- age  13:    1061240 bytes,   31378760 total
- age  14:     876688 bytes,   32255448 total
- age  15:     361072 bytes,   32616520 total
 1509257.035: [G1Ergonomics (CSet Construction) start choosing CSet, _pending_cards: 25180, predicted base time: 13.06 ms, remaining time: 46.94 ms, target pause time: 60.00 ms]
 1509257.035: [G1Ergonomics (CSet Construction) add young regions to CSet, eden: 552 regions, survivors: 10 regions, predicted young region time: 210.62 ms]
 1509257.035: [G1Ergonomics (CSet Construction) finish choosing CSet, eden: 552 regions, survivors: 10 regions, old: 0 regions, predicted pause time: 223.67 ms, target pause time: 60.00 ms]
, 0.0221699 secs]
   [Parallel Time: 20.2 ms, GC Workers: 8]
      [GC Worker Start (ms): Min: 1509257035.5, Avg: 1509257035.5, Max: 1509257035.6, Diff: 0.1]
      [Ext Root Scanning (ms): Min: 1.0, Avg: 1.3, Max: 2.1, Diff: 1.0, Sum: 10.1]
      [Update RS (ms): Min: 5.3, Avg: 5.9, Max: 6.2, Diff: 0.9, Sum: 47.2]
         [Processed Buffers: Min: 17, Avg: 25.2, Max: 49, Diff: 32, Sum: 202]
      [Scan RS (ms): Min: 0.0, Avg: 0.1, Max: 0.1, Diff: 0.1, Sum: 0.7]
      [Code Root Scanning (ms): Min: 0.0, Avg: 0.0, Max: 0.0, Diff: 0.0, Sum: 0.0]
      [Object Copy (ms): Min: 12.7, Avg: 12.8, Max: 12.8, Diff: 0.1, Sum: 102.1]
      [Termination (ms): Min: 0.0, Avg: 0.0, Max: 0.0, Diff: 0.0, Sum: 0.0]
      [GC Worker Other (ms): Min: 0.0, Avg: 0.1, Max: 0.1, Diff: 0.1, Sum: 0.6]
      [GC Worker Total (ms): Min: 20.0, Avg: 20.1, Max: 20.1, Diff: 0.1, Sum: 160.6]
      [GC Worker End (ms): Min: 1509257055.6, Avg: 1509257055.6, Max: 1509257055.6, Diff: 0.1]
   [Code Root Fixup: 0.2 ms]
   [Code Root Purge: 0.0 ms]
   [Clear CT: 0.3 ms]
   [Other: 1.5 ms]
      [Choose CSet: 0.0 ms]
      [Ref Proc: 0.3 ms]
      [Ref Enq: 0.0 ms]
      [Redirty Cards: 0.1 ms]
      [Humongous Reclaim: 0.0 ms]
      [Free CSet: 0.6 ms]
   [Eden: 2208.0M(2208.0M)->0.0B(2212.0M) Survivors: 40.0M->36.0M Heap: 3651.7M(4500.0M)->1442.1M(4500.0M)]
Heap after GC invocations=33167 (full 0):
 garbage-first heap   total 4608000K, used 1476697K [0x00000006a6c00000, 0x00000006a7002328, 0x00000007c0000000)
  region size 4096K, 9 young (36864K), 9 survivors (36864K)
 Metaspace       used 124692K, capacity 128524K, committed 129664K, reserved 1165312K
  class space    used 13846K, capacity 14512K, committed 14720K, reserved 1048576K
}
 [Times: user=0.14 sys=0.03, real=0.02 secs] 
{Heap before GC invocations=33167 (full 0):
 garbage-first heap   total 4608000K, used 3741785K [0x00000006a6c00000, 0x00000006a7002328, 0x00000007c0000000)
  region size 4096K, 562 young (2301952K), 9 survivors (36864K)
 Metaspace       used 124692K, capacity 128524K, committed 129664K, reserved 1165312K
  class space    used 13846K, capacity 14512K, committed 14720K, reserved 1048576K
2019-04-29T03:49:50.890+0800: 1509400.109: [GC pause (G1 Evacuation Pause) (young)
Desired survivor size 148897792 bytes, new threshold 15 (max 15)
- age   1:   16221144 bytes,   16221144 total
- age   2:    1209440 bytes,   17430584 total
- age   3:    1306752 bytes,   18737336 total
- age   4:     274440 bytes,   19011776 total
- age   5:     440512 bytes,   19452288 total
- age   6:     508968 bytes,   19961256 total
- age   7:     576256 bytes,   20537512 total
- age   8:     882096 bytes,   21419608 total
- age   9:    1163296 bytes,   22582904 total
- age  10:     925592 bytes,   23508496 total
- age  11:     612352 bytes,   24120848 total
- age  12:     928024 bytes,   25048872 total
- age  13:     974856 bytes,   26023728 total
- age  14:    1041296 bytes,   27065024 total
- age  15:     718848 bytes,   27783872 total
 1509400.109: [G1Ergonomics (CSet Construction) start choosing CSet, _pending_cards: 25319, predicted base time: 12.11 ms, remaining time: 47.89 ms, target pause time: 60.00 ms]
 1509400.109: [G1Ergonomics (CSet Construction) add young regions to CSet, eden: 553 regions, survivors: 9 regions, predicted young region time: 167.01 ms]
 1509400.109: [G1Ergonomics (CSet Construction) finish choosing CSet, eden: 553 regions, survivors: 9 regions, old: 0 regions, predicted pause time: 179.12 ms, target pause time: 60.00 ms]
, 0.0230673 secs]
   [Parallel Time: 20.8 ms, GC Workers: 8]
      [GC Worker Start (ms): Min: 1509400109.4, Avg: 1509400109.4, Max: 1509400109.5, Diff: 0.1]
      [Ext Root Scanning (ms): Min: 1.1, Avg: 1.3, Max: 2.2, Diff: 1.1, Sum: 10.8]
      [Update RS (ms): Min: 5.4, Avg: 6.1, Max: 6.5, Diff: 1.1, Sum: 49.0]
         [Processed Buffers: Min: 13, Avg: 26.1, Max: 42, Diff: 29, Sum: 209]
      [Scan RS (ms): Min: 0.0, Avg: 0.1, Max: 0.1, Diff: 0.1, Sum: 0.7]
      [Code Root Scanning (ms): Min: 0.0, Avg: 0.0, Max: 0.0, Diff: 0.0, Sum: 0.0]
      [Object Copy (ms): Min: 13.0, Avg: 13.0, Max: 13.1, Diff: 0.2, Sum: 104.3]
      [Termination (ms): Min: 0.0, Avg: 0.0, Max: 0.0, Diff: 0.0, Sum: 0.0]
      [GC Worker Other (ms): Min: 0.0, Avg: 0.0, Max: 0.1, Diff: 0.1, Sum: 0.3]
      [GC Worker Total (ms): Min: 20.6, Avg: 20.7, Max: 20.7, Diff: 0.1, Sum: 165.2]
      [GC Worker End (ms): Min: 1509400130.1, Avg: 1509400130.1, Max: 1509400130.1, Diff: 0.0]
   [Code Root Fixup: 0.2 ms]
   [Code Root Purge: 0.0 ms]
   [Clear CT: 0.3 ms]
   [Other: 1.8 ms]
      [Choose CSet: 0.0 ms]
      [Ref Proc: 0.3 ms]
      [Ref Enq: 0.0 ms]
      [Redirty Cards: 0.1 ms]
      [Humongous Reclaim: 0.0 ms]
      [Free CSet: 0.7 ms]
   [Eden: 2212.0M(2212.0M)->0.0B(2212.0M) Survivors: 36.0M->36.0M Heap: 3654.1M(4500.0M)->1442.9M(4500.0M)]
Heap after GC invocations=33168 (full 0):
 garbage-first heap   total 4608000K, used 1477579K [0x00000006a6c00000, 0x00000006a7002328, 0x00000007c0000000)
  region size 4096K, 9 young (36864K), 9 survivors (36864K)
 Metaspace       used 124692K, capacity 128524K, committed 129664K, reserved 1165312K
  class space    used 13846K, capacity 14512K, committed 14720K, reserved 1048576K
}
 [Times: user=0.13 sys=0.04, real=0.02 secs] 
{Heap before GC invocations=33168 (full 0):
 garbage-first heap   total 4608000K, used 3742667K [0x00000006a6c00000, 0x00000006a7002328, 0x00000007c0000000)
  region size 4096K, 562 young (2301952K), 9 survivors (36864K)
 Metaspace       used 124692K, capacity 128524K, committed 129664K, reserved 1165312K
  class space    used 13846K, capacity 14512K, committed 14720K, reserved 1048576K
2019-04-29T03:52:06.968+0800: 1509536.186: [GC pause (G1 Evacuation Pause) (young)
Desired survivor size 148897792 bytes, new threshold 15 (max 15)
- age   1:   16763056 bytes,   16763056 total
- age   2:     483656 bytes,   17246712 total
- age   3:    1208440 bytes,   18455152 total
- age   4:    1264472 bytes,   19719624 total
- age   5:     273880 bytes,   19993504 total
- age   6:     440144 bytes,   20433648 total
- age   7:     508520 bytes,   20942168 total
- age   8:     574488 bytes,   21516656 total
- age   9:     881872 bytes,   22398528 total
- age  10:    1161656 bytes,   23560184 total
- age  11:     921200 bytes,   24481384 total
- age  12:     612240 bytes,   25093624 total
- age  13:     928024 bytes,   26021648 total
- age  14:     972640 bytes,   26994288 total
- age  15:     302864 bytes,   27297152 total
 1509536.187: [G1Ergonomics (CSet Construction) start choosing CSet, _pending_cards: 24879, predicted base time: 11.32 ms, remaining time: 48.68 ms, target pause time: 60.00 ms]
 1509536.187: [G1Ergonomics (CSet Construction) add young regions to CSet, eden: 553 regions, survivors: 9 regions, predicted young region time: 136.95 ms]
 1509536.187: [G1Ergonomics (CSet Construction) finish choosing CSet, eden: 553 regions, survivors: 9 regions, old: 0 regions, predicted pause time: 148.28 ms, target pause time: 60.00 ms]
, 0.0230900 secs]
   [Parallel Time: 20.7 ms, GC Workers: 8]
      [GC Worker Start (ms): Min: 1509536186.8, Avg: 1509536186.9, Max: 1509536186.9, Diff: 0.1]
      [Ext Root Scanning (ms): Min: 1.2, Avg: 1.4, Max: 2.0, Diff: 0.9, Sum: 10.9]
      [Update RS (ms): Min: 6.1, Avg: 6.5, Max: 6.7, Diff: 0.6, Sum: 52.3]
         [Processed Buffers: Min: 13, Avg: 25.8, Max: 47, Diff: 34, Sum: 206]
      [Scan RS (ms): Min: 0.0, Avg: 0.1, Max: 0.2, Diff: 0.1, Sum: 0.6]
      [Code Root Scanning (ms): Min: 0.0, Avg: 0.0, Max: 0.0, Diff: 0.0, Sum: 0.0]
      [Object Copy (ms): Min: 12.4, Avg: 12.5, Max: 12.6, Diff: 0.2, Sum: 100.3]
      [Termination (ms): Min: 0.0, Avg: 0.0, Max: 0.0, Diff: 0.0, Sum: 0.0]
      [GC Worker Other (ms): Min: 0.0, Avg: 0.0, Max: 0.1, Diff: 0.1, Sum: 0.4]
      [GC Worker Total (ms): Min: 20.5, Avg: 20.6, Max: 20.6, Diff: 0.1, Sum: 164.6]
      [GC Worker End (ms): Min: 1509536207.4, Avg: 1509536207.5, Max: 1509536207.5, Diff: 0.0]
   [Code Root Fixup: 0.2 ms]
   [Code Root Purge: 0.0 ms]
   [Clear CT: 0.3 ms]
   [Other: 1.9 ms]
      [Choose CSet: 0.0 ms]
      [Ref Proc: 0.3 ms]
      [Ref Enq: 0.0 ms]
      [Redirty Cards: 0.1 ms]
      [Humongous Reclaim: 0.0 ms]
      [Free CSet: 1.0 ms]
   [Eden: 2212.0M(2212.0M)->0.0B(2212.0M) Survivors: 36.0M->36.0M Heap: 3654.9M(4500.0M)->1443.6M(4500.0M)]
Heap after GC invocations=33169 (full 0):
 garbage-first heap   total 4608000K, used 1478238K [0x00000006a6c00000, 0x00000006a7002328, 0x00000007c0000000)
  region size 4096K, 9 young (36864K), 9 survivors (36864K)
 Metaspace       used 124692K, capacity 128524K, committed 129664K, reserved 1165312K
  class space    used 13846K, capacity 14512K, committed 14720K, reserved 1048576K
}
 [Times: user=0.17 sys=0.00, real=0.03 secs] 
{Heap before GC invocations=33169 (full 0):
 garbage-first heap   total 4608000K, used 3743326K [0x00000006a6c00000, 0x00000006a7002328, 0x00000007c0000000)
  region size 4096K, 562 young (2301952K), 9 survivors (36864K)
 Metaspace       used 124692K, capacity 128524K, committed 129664K, reserved 1165312K
  class space    used 13846K, capacity 14512K, committed 14720K, reserved 1048576K
2019-04-29T03:54:52.817+0800: 1509702.036: [GC pause (G1 Evacuation Pause) (young)
Desired survivor size 148897792 bytes, new threshold 15 (max 15)
- age   1:   16712544 bytes,   16712544 total
- age   2:    1000984 bytes,   17713528 total
- age   3:     429528 bytes,   18143056 total
- age   4:    1207392 bytes,   19350448 total
- age   5:    1264000 bytes,   20614448 total
- age   6:     272504 bytes,   20886952 total
- age   7:     440032 bytes,   21326984 total
- age   8:     508296 bytes,   21835280 total
- age   9:     574488 bytes,   22409768 total
- age  10:     879832 bytes,   23289600 total
- age  11:    1161512 bytes,   24451112 total
- age  12:     921088 bytes,   25372200 total
- age  13:     612128 bytes,   25984328 total
- age  14:     925808 bytes,   26910136 total
- age  15:     210896 bytes,   27121032 total
 1509702.036: [G1Ergonomics (CSet Construction) start choosing CSet, _pending_cards: 20394, predicted base time: 9.82 ms, remaining time: 50.18 ms, target pause time: 60.00 ms]
 1509702.036: [G1Ergonomics (CSet Construction) add young regions to CSet, eden: 553 regions, survivors: 9 regions, predicted young region time: 109.13 ms]
 1509702.036: [G1Ergonomics (CSet Construction) finish choosing CSet, eden: 553 regions, survivors: 9 regions, old: 0 regions, predicted pause time: 118.94 ms, target pause time: 60.00 ms]
, 0.0220811 secs]
   [Parallel Time: 20.0 ms, GC Workers: 8]
      [GC Worker Start (ms): Min: 1509702036.2, Avg: 1509702036.3, Max: 1509702036.3, Diff: 0.1]
      [Ext Root Scanning (ms): Min: 1.1, Avg: 1.3, Max: 2.1, Diff: 1.0, Sum: 10.7]
      [Update RS (ms): Min: 4.7, Avg: 5.2, Max: 5.6, Diff: 0.9, Sum: 41.6]
         [Processed Buffers: Min: 18, Avg: 24.5, Max: 30, Diff: 12, Sum: 196]
      [Scan RS (ms): Min: 0.5, Avg: 0.7, Max: 0.8, Diff: 0.3, Sum: 5.7]
      [Code Root Scanning (ms): Min: 0.0, Avg: 0.0, Max: 0.0, Diff: 0.0, Sum: 0.0]
      [Object Copy (ms): Min: 12.4, Avg: 12.5, Max: 12.5, Diff: 0.1, Sum: 99.8]
      [Termination (ms): Min: 0.0, Avg: 0.0, Max: 0.0, Diff: 0.0, Sum: 0.0]
      [GC Worker Other (ms): Min: 0.0, Avg: 0.1, Max: 0.1, Diff: 0.1, Sum: 0.6]
      [GC Worker Total (ms): Min: 19.7, Avg: 19.8, Max: 19.9, Diff: 0.2, Sum: 158.4]
      [GC Worker End (ms): Min: 1509702056.0, Avg: 1509702056.1, Max: 1509702056.1, Diff: 0.1]
   [Code Root Fixup: 0.2 ms]
   [Code Root Purge: 0.0 ms]
   [Clear CT: 0.3 ms]
   [Other: 1.6 ms]
      [Choose CSet: 0.0 ms]
      [Ref Proc: 0.3 ms]
      [Ref Enq: 0.0 ms]
      [Redirty Cards: 0.1 ms]
      [Humongous Reclaim: 0.0 ms]
      [Free CSet: 0.7 ms]
   [Eden: 2212.0M(2212.0M)->0.0B(2212.0M) Survivors: 36.0M->36.0M Heap: 3655.6M(4500.0M)->1441.9M(4500.0M)]
Heap after GC invocations=33170 (full 0):
 garbage-first heap   total 4608000K, used 1476457K [0x00000006a6c00000, 0x00000006a7002328, 0x00000007c0000000)
  region size 4096K, 9 young (36864K), 9 survivors (36864K)
 Metaspace       used 124692K, capacity 128524K, committed 129664K, reserved 1165312K
  class space    used 13846K, capacity 14512K, committed 14720K, reserved 1048576K
}
 [Times: user=0.13 sys=0.03, real=0.02 secs] 
{Heap before GC invocations=33170 (full 0):
 garbage-first heap   total 4608000K, used 3741545K [0x00000006a6c00000, 0x00000006a7002328, 0x00000007c0000000)
  region size 4096K, 562 young (2301952K), 9 survivors (36864K)
 Metaspace       used 124692K, capacity 128524K, committed 129664K, reserved 1165312K
  class space    used 13846K, capacity 14512K, committed 14720K, reserved 1048576K
2019-04-29T03:56:43.441+0800: 1509812.660: [GC pause (G1 Evacuation Pause) (young)
Desired survivor size 148897792 bytes, new threshold 15 (max 15)
- age   1:   16821488 bytes,   16821488 total
- age   2:    1051808 bytes,   17873296 total
- age   3:     998952 bytes,   18872248 total
- age   4:     429008 bytes,   19301256 total
- age   5:    1207024 bytes,   20508280 total
- age   6:    1263776 bytes,   21772056 total
- age   7:     272056 bytes,   22044112 total
- age   8:     440032 bytes,   22484144 total
- age   9:     508296 bytes,   22992440 total
- age  10:     574376 bytes,   23566816 total
- age  11:     879832 bytes,   24446648 total
- age  12:    1161400 bytes,   25608048 total
- age  13:     921088 bytes,   26529136 total
- age  14:     521272 bytes,   27050408 total
- age  15:     251640 bytes,   27302048 total
 1509812.660: [G1Ergonomics (CSet Construction) start choosing CSet, _pending_cards: 23705, predicted base time: 10.92 ms, remaining time: 49.08 ms, target pause time: 60.00 ms]
 1509812.660: [G1Ergonomics (CSet Construction) add young regions to CSet, eden: 553 regions, survivors: 9 regions, predicted young region time: 86.94 ms]
 1509812.660: [G1Ergonomics (CSet Construction) finish choosing CSet, eden: 553 regions, survivors: 9 regions, old: 0 regions, predicted pause time: 97.86 ms, target pause time: 60.00 ms]
, 0.0264016 secs]
   [Parallel Time: 24.4 ms, GC Workers: 8]
      [GC Worker Start (ms): Min: 1509812660.2, Avg: 1509812660.2, Max: 1509812660.3, Diff: 0.1]
      [Ext Root Scanning (ms): Min: 1.0, Avg: 1.3, Max: 2.2, Diff: 1.2, Sum: 10.6]
      [Update RS (ms): Min: 5.5, Avg: 6.1, Max: 6.3, Diff: 0.8, Sum: 48.7]
         [Processed Buffers: Min: 14, Avg: 24.8, Max: 47, Diff: 33, Sum: 198]
      [Scan RS (ms): Min: 0.0, Avg: 0.1, Max: 0.2, Diff: 0.1, Sum: 0.7]
      [Code Root Scanning (ms): Min: 0.0, Avg: 0.0, Max: 0.0, Diff: 0.0, Sum: 0.0]
      [Object Copy (ms): Min: 16.6, Avg: 16.7, Max: 16.8, Diff: 0.2, Sum: 133.7]
      [Termination (ms): Min: 0.0, Avg: 0.0, Max: 0.0, Diff: 0.0, Sum: 0.0]
      [GC Worker Other (ms): Min: 0.0, Avg: 0.0, Max: 0.1, Diff: 0.1, Sum: 0.3]
      [GC Worker Total (ms): Min: 24.2, Avg: 24.3, Max: 24.3, Diff: 0.1, Sum: 194.1]
      [GC Worker End (ms): Min: 1509812684.5, Avg: 1509812684.5, Max: 1509812684.5, Diff: 0.0]
   [Code Root Fixup: 0.3 ms]
   [Code Root Purge: 0.0 ms]
   [Clear CT: 0.3 ms]
   [Other: 1.5 ms]
      [Choose CSet: 0.0 ms]
      [Ref Proc: 0.2 ms]
      [Ref Enq: 0.0 ms]
      [Redirty Cards: 0.1 ms]
      [Humongous Reclaim: 0.0 ms]
      [Free CSet: 0.6 ms]
   [Eden: 2212.0M(2212.0M)->0.0B(2204.0M) Survivors: 36.0M->44.0M Heap: 3653.9M(4500.0M)->1452.2M(4500.0M)]
Heap after GC invocations=33171 (full 0):
 garbage-first heap   total 4608000K, used 1487021K [0x00000006a6c00000, 0x00000006a7002328, 0x00000007c0000000)
  region size 4096K, 11 young (45056K), 11 survivors (45056K)
 Metaspace       used 124692K, capacity 128524K, committed 129664K, reserved 1165312K
  class space    used 13846K, capacity 14512K, committed 14720K, reserved 1048576K
}
 [Times: user=0.16 sys=0.03, real=0.02 secs] 
{Heap before GC invocations=33171 (full 0):
 garbage-first heap   total 4608000K, used 3743917K [0x00000006a6c00000, 0x00000006a7002328, 0x00000007c0000000)
  region size 4096K, 562 young (2301952K), 11 survivors (45056K)
 Metaspace       used 124692K, capacity 128524K, committed 129664K, reserved 1165312K
  class space    used 13846K, capacity 14512K, committed 14720K, reserved 1048576K
2019-04-29T03:59:32.969+0800: 1509982.188: [GC pause (G1 Evacuation Pause) (young)
Desired survivor size 148897792 bytes, new threshold 15 (max 15)
- age   1:   22642160 bytes,   22642160 total
- age   2:    1024224 bytes,   23666384 total
- age   3:    1023448 bytes,   24689832 total
- age   4:     996512 bytes,   25686344 total
- age   5:     427552 bytes,   26113896 total
- age   6:    1206128 bytes,   27320024 total
- age   7:    1233968 bytes,   28553992 total
- age   8:     261408 bytes,   28815400 total
- age   9:     439808 bytes,   29255208 total
- age  10:     508072 bytes,   29763280 total
- age  11:     574376 bytes,   30337656 total
- age  12:     879720 bytes,   31217376 total
- age  13:    1161400 bytes,   32378776 total
- age  14:     712280 bytes,   33091056 total
- age  15:     199952 bytes,   33291008 total
 1509982.188: [G1Ergonomics (CSet Construction) start choosing CSet, _pending_cards: 23074, predicted base time: 10.29 ms, remaining time: 49.71 ms, target pause time: 60.00 ms]
 1509982.188: [G1Ergonomics (CSet Construction) add young regions to CSet, eden: 551 regions, survivors: 11 regions, predicted young region time: 99.79 ms]
 1509982.188: [G1Ergonomics (CSet Construction) finish choosing CSet, eden: 551 regions, survivors: 11 regions, old: 0 regions, predicted pause time: 110.08 ms, target pause time: 60.00 ms]
, 0.0220240 secs]
   [Parallel Time: 19.9 ms, GC Workers: 8]
      [GC Worker Start (ms): Min: 1509982188.2, Avg: 1509982188.2, Max: 1509982188.2, Diff: 0.1]
      [Ext Root Scanning (ms): Min: 1.1, Avg: 1.3, Max: 2.1, Diff: 1.0, Sum: 10.5]
      [Update RS (ms): Min: 5.0, Avg: 5.6, Max: 5.9, Diff: 0.9, Sum: 44.5]
         [Processed Buffers: Min: 14, Avg: 24.4, Max: 34, Diff: 20, Sum: 195]
      [Scan RS (ms): Min: 0.0, Avg: 0.1, Max: 0.1, Diff: 0.1, Sum: 0.7]
      [Code Root Scanning (ms): Min: 0.0, Avg: 0.0, Max: 0.0, Diff: 0.0, Sum: 0.0]
      [Object Copy (ms): Min: 12.6, Avg: 12.8, Max: 12.9, Diff: 0.3, Sum: 102.6]
      [Termination (ms): Min: 0.0, Avg: 0.0, Max: 0.0, Diff: 0.0, Sum: 0.0]
      [GC Worker Other (ms): Min: 0.0, Avg: 0.0, Max: 0.1, Diff: 0.1, Sum: 0.3]
      [GC Worker Total (ms): Min: 19.8, Avg: 19.8, Max: 19.9, Diff: 0.1, Sum: 158.7]
      [GC Worker End (ms): Min: 1509982208.0, Avg: 1509982208.0, Max: 1509982208.1, Diff: 0.1]
   [Code Root Fixup: 0.3 ms]
   [Code Root Purge: 0.0 ms]
   [Clear CT: 0.3 ms]
   [Other: 1.5 ms]
      [Choose CSet: 0.0 ms]
      [Ref Proc: 0.3 ms]
      [Ref Enq: 0.0 ms]
      [Redirty Cards: 0.1 ms]
      [Humongous Reclaim: 0.0 ms]
      [Free CSet: 0.6 ms]
   [Eden: 2204.0M(2204.0M)->0.0B(2212.0M) Survivors: 44.0M->36.0M Heap: 3656.2M(4500.0M)->1442.5M(4500.0M)]
Heap after GC invocations=33172 (full 0):
 garbage-first heap   total 4608000K, used 1477100K [0x00000006a6c00000, 0x00000006a7002328, 0x00000007c0000000)
  region size 4096K, 9 young (36864K), 9 survivors (36864K)
 Metaspace       used 124692K, capacity 128524K, committed 129664K, reserved 1165312K
  class space    used 13846K, capacity 14512K, committed 14720K, reserved 1048576K
}
 [Times: user=0.15 sys=0.01, real=0.03 secs] 
{Heap before GC invocations=33172 (full 0):
 garbage-first heap   total 4608000K, used 3742188K [0x00000006a6c00000, 0x00000006a7002328, 0x00000007c0000000)
  region size 4096K, 562 young (2301952K), 9 survivors (36864K)
 Metaspace       used 124692K, capacity 128524K, committed 129664K, reserved 1165312K
  class space    used 13846K, capacity 14512K, committed 14720K, reserved 1048576K
2019-04-29T04:01:38.776+0800: 1510107.995: [GC pause (G1 Evacuation Pause) (young)
Desired survivor size 148897792 bytes, new threshold 15 (max 15)
- age   1:   17295712 bytes,   17295712 total
- age   2:     987016 bytes,   18282728 total
- age   3:    1022688 bytes,   19305416 total
- age   4:    1021464 bytes,   20326880 total
- age   5:     965912 bytes,   21292792 total
- age   6:     427440 bytes,   21720232 total
- age   7:    1204136 bytes,   22924368 total
- age   8:    1230712 bytes,   24155080 total
- age   9:     261408 bytes,   24416488 total
- age  10:     439808 bytes,   24856296 total
- age  11:     508072 bytes,   25364368 total
- age  12:     574376 bytes,   25938744 total
- age  13:     879696 bytes,   26818440 total
- age  14:     806840 bytes,   27625280 total
- age  15:     219824 bytes,   27845104 total
 1510107.995: [G1Ergonomics (CSet Construction) start choosing CSet, _pending_cards: 23897, predicted base time: 10.05 ms, remaining time: 49.95 ms, target pause time: 60.00 ms]
 1510107.995: [G1Ergonomics (CSet Construction) add young regions to CSet, eden: 553 regions, survivors: 9 regions, predicted young region time: 122.78 ms]
 1510107.995: [G1Ergonomics (CSet Construction) finish choosing CSet, eden: 553 regions, survivors: 9 regions, old: 0 regions, predicted pause time: 132.83 ms, target pause time: 60.00 ms]
, 0.0266581 secs]
   [Parallel Time: 24.7 ms, GC Workers: 8]
      [GC Worker Start (ms): Min: 1510107995.2, Avg: 1510107995.2, Max: 1510107995.2, Diff: 0.1]
      [Ext Root Scanning (ms): Min: 1.0, Avg: 1.5, Max: 4.4, Diff: 3.4, Sum: 12.1]
      [Update RS (ms): Min: 3.0, Avg: 5.8, Max: 6.3, Diff: 3.3, Sum: 46.7]
         [Processed Buffers: Min: 7, Avg: 24.6, Max: 38, Diff: 31, Sum: 197]
      [Scan RS (ms): Min: 0.0, Avg: 0.1, Max: 0.1, Diff: 0.1, Sum: 0.7]
      [Code Root Scanning (ms): Min: 0.0, Avg: 0.0, Max: 0.0, Diff: 0.0, Sum: 0.0]
      [Object Copy (ms): Min: 16.8, Avg: 17.0, Max: 17.1, Diff: 0.2, Sum: 136.0]
      [Termination (ms): Min: 0.0, Avg: 0.0, Max: 0.0, Diff: 0.0, Sum: 0.0]
      [GC Worker Other (ms): Min: 0.0, Avg: 0.0, Max: 0.1, Diff: 0.1, Sum: 0.4]
      [GC Worker Total (ms): Min: 24.4, Avg: 24.5, Max: 24.5, Diff: 0.1, Sum: 195.9]
      [GC Worker End (ms): Min: 1510108019.7, Avg: 1510108019.7, Max: 1510108019.7, Diff: 0.1]
   [Code Root Fixup: 0.2 ms]
   [Code Root Purge: 0.0 ms]
   [Clear CT: 0.3 ms]
   [Other: 1.5 ms]
      [Choose CSet: 0.0 ms]
      [Ref Proc: 0.3 ms]
      [Ref Enq: 0.0 ms]
      [Redirty Cards: 0.1 ms]
      [Humongous Reclaim: 0.0 ms]
      [Free CSet: 0.6 ms]
   [Eden: 2212.0M(2212.0M)->0.0B(2200.0M) Survivors: 36.0M->48.0M Heap: 3654.5M(4500.0M)->1454.8M(4500.0M)]
Heap after GC invocations=33173 (full 0):
 garbage-first heap   total 4608000K, used 1489733K [0x00000006a6c00000, 0x00000006a7002328, 0x00000007c0000000)
  region size 4096K, 12 young (49152K), 12 survivors (49152K)
 Metaspace       used 124692K, capacity 128524K, committed 129664K, reserved 1165312K
  class space    used 13846K, capacity 14512K, committed 14720K, reserved 1048576K
}
 [Times: user=0.20 sys=0.00, real=0.03 secs] 
{Heap before GC invocations=33173 (full 0):
 garbage-first heap   total 4608000K, used 3742533K [0x00000006a6c00000, 0x00000006a7002328, 0x00000007c0000000)
  region size 4096K, 562 young (2301952K), 12 survivors (49152K)
 Metaspace       used 124692K, capacity 128524K, committed 129664K, reserved 1165312K
  class space    used 13846K, capacity 14512K, committed 14720K, reserved 1048576K
2019-04-29T04:04:25.446+0800: 1510274.664: [GC pause (G1 Evacuation Pause) (young)
Desired survivor size 148897792 bytes, new threshold 15 (max 15)
- age   1:   25701880 bytes,   25701880 total
- age   2:    1141720 bytes,   26843600 total
- age   3:     816504 bytes,   27660104 total
- age   4:    1022240 bytes,   28682344 total
- age   5:    1020008 bytes,   29702352 total
- age   6:     965576 bytes,   30667928 total
- age   7:     427104 bytes,   31095032 total
- age   8:    1204024 bytes,   32299056 total
- age   9:    1230264 bytes,   33529320 total
- age  10:     260624 bytes,   33789944 total
- age  11:     439808 bytes,   34229752 total
- age  12:     508072 bytes,   34737824 total
- age  13:     566848 bytes,   35304672 total
- age  14:     516160 bytes,   35820832 total
- age  15:     295008 bytes,   36115840 total
 1510274.664: [G1Ergonomics (CSet Construction) start choosing CSet, _pending_cards: 23510, predicted base time: 9.69 ms, remaining time: 50.31 ms, target pause time: 60.00 ms]
 1510274.664: [G1Ergonomics (CSet Construction) add young regions to CSet, eden: 550 regions, survivors: 12 regions, predicted young region time: 237.50 ms]
 1510274.664: [G1Ergonomics (CSet Construction) finish choosing CSet, eden: 550 regions, survivors: 12 regions, old: 0 regions, predicted pause time: 247.20 ms, target pause time: 60.00 ms]
, 0.0249007 secs]
   [Parallel Time: 22.8 ms, GC Workers: 8]
      [GC Worker Start (ms): Min: 1510274664.6, Avg: 1510274664.7, Max: 1510274664.7, Diff: 0.1]
      [Ext Root Scanning (ms): Min: 1.1, Avg: 1.3, Max: 2.2, Diff: 1.2, Sum: 10.7]
      [Update RS (ms): Min: 4.6, Avg: 5.4, Max: 5.8, Diff: 1.2, Sum: 43.6]
         [Processed Buffers: Min: 17, Avg: 24.5, Max: 35, Diff: 18, Sum: 196]
      [Scan RS (ms): Min: 0.0, Avg: 0.1, Max: 0.1, Diff: 0.1, Sum: 0.7]
      [Code Root Scanning (ms): Min: 0.0, Avg: 0.0, Max: 0.0, Diff: 0.0, Sum: 0.0]
      [Object Copy (ms): Min: 15.7, Avg: 15.7, Max: 15.8, Diff: 0.1, Sum: 125.8]
      [Termination (ms): Min: 0.0, Avg: 0.0, Max: 0.0, Diff: 0.0, Sum: 0.0]
      [GC Worker Other (ms): Min: 0.0, Avg: 0.0, Max: 0.1, Diff: 0.1, Sum: 0.3]
      [GC Worker Total (ms): Min: 22.6, Avg: 22.6, Max: 22.7, Diff: 0.1, Sum: 181.1]
      [GC Worker End (ms): Min: 1510274687.3, Avg: 1510274687.3, Max: 1510274687.3, Diff: 0.1]
   [Code Root Fixup: 0.2 ms]
   [Code Root Purge: 0.0 ms]
   [Clear CT: 0.3 ms]
   [Other: 1.6 ms]
      [Choose CSet: 0.0 ms]
      [Ref Proc: 0.3 ms]
      [Ref Enq: 0.0 ms]
      [Redirty Cards: 0.1 ms]
      [Humongous Reclaim: 0.0 ms]
      [Free CSet: 0.7 ms]
   [Eden: 2200.0M(2200.0M)->0.0B(2208.0M) Survivors: 48.0M->40.0M Heap: 3654.8M(4500.0M)->1447.2M(4500.0M)]
Heap after GC invocations=33174 (full 0):
 garbage-first heap   total 4608000K, used 1481925K [0x00000006a6c00000, 0x00000006a7002328, 0x00000007c0000000)
  region size 4096K, 10 young (40960K), 10 survivors (40960K)
 Metaspace       used 124692K, capacity 128524K, committed 129664K, reserved 1165312K
  class space    used 13846K, capacity 14512K, committed 14720K, reserved 1048576K
}
 [Times: user=0.15 sys=0.03, real=0.03 secs] 
{Heap before GC invocations=33174 (full 0):
 garbage-first heap   total 4608000K, used 3742917K [0x00000006a6c00000, 0x00000006a7002328, 0x00000007c0000000)
  region size 4096K, 562 young (2301952K), 10 survivors (40960K)
 Metaspace       used 124692K, capacity 128524K, committed 129664K, reserved 1165312K
  class space    used 13846K, capacity 14512K, committed 14720K, reserved 1048576K
2019-04-29T04:06:20.213+0800: 1510389.432: [GC pause (G1 Evacuation Pause) (young)
Desired survivor size 148897792 bytes, new threshold 15 (max 15)
- age   1:   21505680 bytes,   21505680 total
- age   2:    1183544 bytes,   22689224 total
- age   3:    1139920 bytes,   23829144 total
- age   4:     812976 bytes,   24642120 total
- age   5:    1021808 bytes,   25663928 total
- age   6:    1019192 bytes,   26683120 total
- age   7:     965056 bytes,   27648176 total
- age   8:     426664 bytes,   28074840 total
- age   9:    1203952 bytes,   29278792 total
- age  10:    1230192 bytes,   30508984 total
- age  11:     259744 bytes,   30768728 total
- age  12:     439736 bytes,   31208464 total
- age  13:     507712 bytes,   31716176 total
- age  14:     291920 bytes,   32008096 total
- age  15:     228144 bytes,   32236240 total
 1510389.432: [G1Ergonomics (CSet Construction) start choosing CSet, _pending_cards: 22989, predicted base time: 9.25 ms, remaining time: 50.75 ms, target pause time: 60.00 ms]
 1510389.432: [G1Ergonomics (CSet Construction) add young regions to CSet, eden: 552 regions, survivors: 10 regions, predicted young region time: 209.45 ms]
 1510389.432: [G1Ergonomics (CSet Construction) finish choosing CSet, eden: 552 regions, survivors: 10 regions, old: 0 regions, predicted pause time: 218.70 ms, target pause time: 60.00 ms]
, 0.0221351 secs]
   [Parallel Time: 19.8 ms, GC Workers: 8]
      [GC Worker Start (ms): Min: 1510389432.0, Avg: 1510389432.1, Max: 1510389432.1, Diff: 0.1]
      [Ext Root Scanning (ms): Min: 1.2, Avg: 1.5, Max: 2.3, Diff: 1.0, Sum: 11.9]
      [Update RS (ms): Min: 5.2, Avg: 5.9, Max: 6.2, Diff: 1.0, Sum: 47.1]
         [Processed Buffers: Min: 12, Avg: 24.1, Max: 39, Diff: 27, Sum: 193]
      [Scan RS (ms): Min: 0.0, Avg: 0.1, Max: 0.1, Diff: 0.1, Sum: 0.6]
      [Code Root Scanning (ms): Min: 0.0, Avg: 0.0, Max: 0.0, Diff: 0.0, Sum: 0.0]
      [Object Copy (ms): Min: 12.1, Avg: 12.2, Max: 12.3, Diff: 0.2, Sum: 97.4]
      [Termination (ms): Min: 0.0, Avg: 0.0, Max: 0.0, Diff: 0.0, Sum: 0.0]
      [GC Worker Other (ms): Min: 0.0, Avg: 0.1, Max: 0.1, Diff: 0.1, Sum: 0.5]
      [GC Worker Total (ms): Min: 19.6, Avg: 19.7, Max: 19.8, Diff: 0.1, Sum: 157.5]
      [GC Worker End (ms): Min: 1510389451.7, Avg: 1510389451.7, Max: 1510389451.8, Diff: 0.1]
   [Code Root Fixup: 0.2 ms]
   [Code Root Purge: 0.0 ms]
   [Clear CT: 0.3 ms]
   [Other: 1.8 ms]
      [Choose CSet: 0.0 ms]
      [Ref Proc: 0.2 ms]
      [Ref Enq: 0.0 ms]
      [Redirty Cards: 0.1 ms]
      [Humongous Reclaim: 0.0 ms]
      [Free CSet: 0.9 ms]
   [Eden: 2208.0M(2208.0M)->0.0B(2212.0M) Survivors: 40.0M->36.0M Heap: 3655.2M(4500.0M)->1443.6M(4500.0M)]
Heap after GC invocations=33175 (full 0):
 garbage-first heap   total 4608000K, used 1478236K [0x00000006a6c00000, 0x00000006a7002328, 0x00000007c0000000)
  region size 4096K, 9 young (36864K), 9 survivors (36864K)
 Metaspace       used 124692K, capacity 128524K, committed 129664K, reserved 1165312K
  class space    used 13846K, capacity 14512K, committed 14720K, reserved 1048576K
}
 [Times: user=0.16 sys=0.00, real=0.02 secs] 
{Heap before GC invocations=33175 (full 0):
 garbage-first heap   total 4608000K, used 3743324K [0x00000006a6c00000, 0x00000006a7002328, 0x00000007c0000000)
  region size 4096K, 562 young (2301952K), 9 survivors (36864K)
 Metaspace       used 124692K, capacity 128524K, committed 129664K, reserved 1165312K
  class space    used 13846K, capacity 14512K, committed 14720K, reserved 1048576K
2019-04-29T04:08:24.874+0800: 1510514.092: [GC pause (G1 Evacuation Pause) (young)
Desired survivor size 148897792 bytes, new threshold 15 (max 15)
- age   1:   16303608 bytes,   16303608 total
- age   2:     814168 bytes,   17117776 total
- age   3:    1108392 bytes,   18226168 total
- age   4:    1139696 bytes,   19365864 total
- age   5:     810624 bytes,   20176488 total
- age   6:    1021248 bytes,   21197736 total
- age   7:    1018856 bytes,   22216592 total
- age   8:     963032 bytes,   23179624 total
- age   9:     426440 bytes,   23606064 total
- age  10:    1203808 bytes,   24809872 total
- age  11:    1229632 bytes,   26039504 total
- age  12:     259272 bytes,   26298776 total
- age  13:     435304 bytes,   26734080 total
- age  14:     288328 bytes,   27022408 total
- age  15:     191696 bytes,   27214104 total
 1510514.092: [G1Ergonomics (CSet Construction) start choosing CSet, _pending_cards: 23433, predicted base time: 9.33 ms, remaining time: 50.67 ms, target pause time: 60.00 ms]
 1510514.092: [G1Ergonomics (CSet Construction) add young regions to CSet, eden: 553 regions, survivors: 9 regions, predicted young region time: 168.84 ms]
 1510514.092: [G1Ergonomics (CSet Construction) finish choosing CSet, eden: 553 regions, survivors: 9 regions, old: 0 regions, predicted pause time: 178.17 ms, target pause time: 60.00 ms]
, 0.0252468 secs]
   [Parallel Time: 23.2 ms, GC Workers: 8]
      [GC Worker Start (ms): Min: 1510514092.6, Avg: 1510514092.6, Max: 1510514092.7, Diff: 0.1]
      [Ext Root Scanning (ms): Min: 1.0, Avg: 1.3, Max: 2.1, Diff: 1.1, Sum: 10.2]
      [Update RS (ms): Min: 4.8, Avg: 5.5, Max: 5.9, Diff: 1.1, Sum: 44.4]
         [Processed Buffers: Min: 15, Avg: 23.4, Max: 35, Diff: 20, Sum: 187]
      [Scan RS (ms): Min: 0.0, Avg: 0.1, Max: 0.1, Diff: 0.1, Sum: 0.6]
      [Code Root Scanning (ms): Min: 0.0, Avg: 0.0, Max: 0.0, Diff: 0.0, Sum: 0.0]
      [Object Copy (ms): Min: 16.1, Avg: 16.2, Max: 16.2, Diff: 0.2, Sum: 129.4]
      [Termination (ms): Min: 0.0, Avg: 0.0, Max: 0.0, Diff: 0.0, Sum: 0.0]
      [GC Worker Other (ms): Min: 0.0, Avg: 0.0, Max: 0.1, Diff: 0.1, Sum: 0.3]
      [GC Worker Total (ms): Min: 23.1, Avg: 23.1, Max: 23.2, Diff: 0.1, Sum: 185.0]
      [GC Worker End (ms): Min: 1510514115.7, Avg: 1510514115.8, Max: 1510514115.8, Diff: 0.1]
   [Code Root Fixup: 0.2 ms]
   [Code Root Purge: 0.0 ms]
   [Clear CT: 0.3 ms]
   [Other: 1.5 ms]
      [Choose CSet: 0.0 ms]
      [Ref Proc: 0.2 ms]
      [Ref Enq: 0.0 ms]
      [Redirty Cards: 0.1 ms]
      [Humongous Reclaim: 0.0 ms]
      [Free CSet: 0.6 ms]
   [Eden: 2212.0M(2212.0M)->0.0B(2204.0M) Survivors: 36.0M->44.0M Heap: 3655.6M(4500.0M)->1453.8M(4500.0M)]
Heap after GC invocations=33176 (full 0):
 garbage-first heap   total 4608000K, used 1488732K [0x00000006a6c00000, 0x00000006a7002328, 0x00000007c0000000)
  region size 4096K, 11 young (45056K), 11 survivors (45056K)
 Metaspace       used 124692K, capacity 128524K, committed 129664K, reserved 1165312K
  class space    used 13846K, capacity 14512K, committed 14720K, reserved 1048576K
}
 [Times: user=0.16 sys=0.04, real=0.02 secs] 
{Heap before GC invocations=33176 (full 0):
 garbage-first heap   total 4608000K, used 3745628K [0x00000006a6c00000, 0x00000006a7002328, 0x00000007c0000000)
  region size 4096K, 562 young (2301952K), 11 survivors (45056K)
 Metaspace       used 124692K, capacity 128524K, committed 129664K, reserved 1165312K
  class space    used 13846K, capacity 14512K, committed 14720K, reserved 1048576K
2019-04-29T04:10:36.851+0800: 1510646.070: [GC pause (G1 Evacuation Pause) (young)
Desired survivor size 148897792 bytes, new threshold 15 (max 15)
- age   1:   23780528 bytes,   23780528 total
- age   2:     572928 bytes,   24353456 total
- age   3:     810952 bytes,   25164408 total
- age   4:    1107944 bytes,   26272352 total
- age   5:    1139696 bytes,   27412048 total
- age   6:     810512 bytes,   28222560 total
- age   7:    1021104 bytes,   29243664 total
- age   8:    1018856 bytes,   30262520 total
- age   9:     963032 bytes,   31225552 total
- age  10:     426440 bytes,   31651992 total
- age  11:    1203808 bytes,   32855800 total
- age  12:    1229632 bytes,   34085432 total
- age  13:     259272 bytes,   34344704 total
- age  14:     283104 bytes,   34627808 total
- age  15:     190320 bytes,   34818128 total
 1510646.070: [G1Ergonomics (CSet Construction) start choosing CSet, _pending_cards: 23365, predicted base time: 9.06 ms, remaining time: 50.94 ms, target pause time: 60.00 ms]
 1510646.070: [G1Ergonomics (CSet Construction) add young regions to CSet, eden: 551 regions, survivors: 11 regions, predicted young region time: 341.60 ms]
 1510646.070: [G1Ergonomics (CSet Construction) finish choosing CSet, eden: 551 regions, survivors: 11 regions, old: 0 regions, predicted pause time: 350.66 ms, target pause time: 60.00 ms]
, 0.0236263 secs]
   [Parallel Time: 21.5 ms, GC Workers: 8]
      [GC Worker Start (ms): Min: 1510646070.4, Avg: 1510646070.4, Max: 1510646070.5, Diff: 0.1]
      [Ext Root Scanning (ms): Min: 1.1, Avg: 1.3, Max: 2.2, Diff: 1.1, Sum: 10.7]
      [Update RS (ms): Min: 4.7, Avg: 5.6, Max: 5.9, Diff: 1.2, Sum: 44.5]
         [Processed Buffers: Min: 14, Avg: 24.0, Max: 40, Diff: 26, Sum: 192]
      [Scan RS (ms): Min: 0.0, Avg: 0.1, Max: 0.1, Diff: 0.1, Sum: 0.7]
      [Code Root Scanning (ms): Min: 0.0, Avg: 0.0, Max: 0.0, Diff: 0.0, Sum: 0.0]
      [Object Copy (ms): Min: 14.3, Avg: 14.4, Max: 14.5, Diff: 0.1, Sum: 115.1]
      [Termination (ms): Min: 0.0, Avg: 0.0, Max: 0.0, Diff: 0.0, Sum: 0.0]
      [GC Worker Other (ms): Min: 0.0, Avg: 0.0, Max: 0.1, Diff: 0.1, Sum: 0.3]
      [GC Worker Total (ms): Min: 21.4, Avg: 21.4, Max: 21.5, Diff: 0.1, Sum: 171.3]
      [GC Worker End (ms): Min: 1510646091.8, Avg: 1510646091.8, Max: 1510646091.8, Diff: 0.0]
   [Code Root Fixup: 0.2 ms]
   [Code Root Purge: 0.0 ms]
   [Clear CT: 0.4 ms]
   [Other: 1.5 ms]
      [Choose CSet: 0.0 ms]
      [Ref Proc: 0.2 ms]
      [Ref Enq: 0.0 ms]
      [Redirty Cards: 0.1 ms]
      [Humongous Reclaim: 0.0 ms]
      [Free CSet: 0.6 ms]
   [Eden: 2204.0M(2204.0M)->0.0B(2212.0M) Survivors: 44.0M->36.0M Heap: 3657.8M(4500.0M)->1446.1M(4500.0M)]
Heap after GC invocations=33177 (full 0):
 garbage-first heap   total 4608000K, used 1480825K [0x00000006a6c00000, 0x00000006a7002328, 0x00000007c0000000)
  region size 4096K, 9 young (36864K), 9 survivors (36864K)
 Metaspace       used 124692K, capacity 128524K, committed 129664K, reserved 1165312K
  class space    used 13846K, capacity 14512K, committed 14720K, reserved 1048576K
}
 [Times: user=0.17 sys=0.00, real=0.02 secs] 
{Heap before GC invocations=33177 (full 0):
 garbage-first heap   total 4608000K, used 3745913K [0x00000006a6c00000, 0x00000006a7002328, 0x00000007c0000000)
  region size 4096K, 562 young (2301952K), 9 survivors (36864K)
 Metaspace       used 124692K, capacity 128524K, committed 129664K, reserved 1165312K
  class space    used 13846K, capacity 14512K, committed 14720K, reserved 1048576K
2019-04-29T04:13:24.404+0800: 1510813.623: [GC pause (G1 Evacuation Pause) (young)
Desired survivor size 148897792 bytes, new threshold 15 (max 15)
- age   1:   20874600 bytes,   20874600 total
- age   2:     433704 bytes,   21308304 total
- age   3:     500376 bytes,   21808680 total
- age   4:     809944 bytes,   22618624 total
- age   5:    1093776 bytes,   23712400 total
- age   6:    1139584 bytes,   24851984 total
- age   7:     809480 bytes,   25661464 total
- age   8:    1020816 bytes,   26682280 total
- age   9:    1018632 bytes,   27700912 total
- age  10:     962808 bytes,   28663720 total
- age  11:     426440 bytes,   29090160 total
- age  12:    1203696 bytes,   30293856 total
- age  13:    1224864 bytes,   31518720 total
- age  14:     224688 bytes,   31743408 total
- age  15:     209976 bytes,   31953384 total
 1510813.623: [G1Ergonomics (CSet Construction) start choosing CSet, _pending_cards: 23451, predicted base time: 8.93 ms, remaining time: 51.07 ms, target pause time: 60.00 ms]
 1510813.623: [G1Ergonomics (CSet Construction) add young regions to CSet, eden: 553 regions, survivors: 9 regions, predicted young region time: 476.98 ms]
 1510813.623: [G1Ergonomics (CSet Construction) finish choosing CSet, eden: 553 regions, survivors: 9 regions, old: 0 regions, predicted pause time: 485.91 ms, target pause time: 60.00 ms]
, 0.0253487 secs]
   [Parallel Time: 23.3 ms, GC Workers: 8]
      [GC Worker Start (ms): Min: 1510813623.3, Avg: 1510813623.3, Max: 1510813623.3, Diff: 0.1]
      [Ext Root Scanning (ms): Min: 1.0, Avg: 1.3, Max: 2.1, Diff: 1.1, Sum: 10.0]
      [Update RS (ms): Min: 4.8, Avg: 5.5, Max: 5.9, Diff: 1.1, Sum: 44.1]
         [Processed Buffers: Min: 14, Avg: 24.8, Max: 40, Diff: 26, Sum: 198]
      [Scan RS (ms): Min: 0.0, Avg: 0.1, Max: 0.1, Diff: 0.1, Sum: 0.6]
      [Code Root Scanning (ms): Min: 0.0, Avg: 0.0, Max: 0.0, Diff: 0.0, Sum: 0.0]
      [Object Copy (ms): Min: 16.1, Avg: 16.2, Max: 16.3, Diff: 0.2, Sum: 129.7]
      [Termination (ms): Min: 0.0, Avg: 0.0, Max: 0.0, Diff: 0.0, Sum: 0.0]
      [GC Worker Other (ms): Min: 0.0, Avg: 0.1, Max: 0.2, Diff: 0.2, Sum: 0.6]
      [GC Worker Total (ms): Min: 23.1, Avg: 23.1, Max: 23.3, Diff: 0.2, Sum: 185.2]
      [GC Worker End (ms): Min: 1510813646.4, Avg: 1510813646.4, Max: 1510813646.6, Diff: 0.2]
   [Code Root Fixup: 0.2 ms]
   [Code Root Purge: 0.0 ms]
   [Clear CT: 0.3 ms]
   [Other: 1.5 ms]
      [Choose CSet: 0.0 ms]
      [Ref Proc: 0.3 ms]
      [Ref Enq: 0.0 ms]
      [Redirty Cards: 0.1 ms]
      [Humongous Reclaim: 0.0 ms]
      [Free CSet: 0.6 ms]
   [Eden: 2212.0M(2212.0M)->0.0B(2196.0M) Survivors: 36.0M->52.0M Heap: 3658.1M(4500.0M)->1460.4M(4500.0M)]
Heap after GC invocations=33178 (full 0):
 garbage-first heap   total 4608000K, used 1495468K [0x00000006a6c00000, 0x00000006a7002328, 0x00000007c0000000)
  region size 4096K, 13 young (53248K), 13 survivors (53248K)
 Metaspace       used 124692K, capacity 128524K, committed 129664K, reserved 1165312K
  class space    used 13846K, capacity 14512K, committed 14720K, reserved 1048576K
}
 [Times: user=0.15 sys=0.03, real=0.03 secs] 
{Heap before GC invocations=33178 (full 0):
 garbage-first heap   total 4608000K, used 3744172K [0x00000006a6c00000, 0x00000006a7002328, 0x00000007c0000000)
  region size 4096K, 562 young (2301952K), 13 survivors (53248K)
 Metaspace       used 124692K, capacity 128524K, committed 129664K, reserved 1165312K
  class space    used 13846K, capacity 14512K, committed 14720K, reserved 1048576K
2019-04-29T04:15:19.900+0800: 1510929.118: [GC pause (G1 Evacuation Pause) (young)
Desired survivor size 148897792 bytes, new threshold 15 (max 15)
- age   1:   25080112 bytes,   25080112 total
- age   2:     381640 bytes,   25461752 total
- age   3:     433160 bytes,   25894912 total
- age   4:     498384 bytes,   26393296 total
- age   5:     809120 bytes,   27202416 total
- age   6:    1093776 bytes,   28296192 total
- age   7:    1139584 bytes,   29435776 total
- age   8:     809224 bytes,   30245000 total
- age   9:    1020816 bytes,   31265816 total
- age  10:    1018600 bytes,   32284416 total
- age  11:     962776 bytes,   33247192 total
- age  12:     426440 bytes,   33673632 total
- age  13:    1092896 bytes,   34766528 total
- age  14:     291928 bytes,   35058456 total
- age  15:     221352 bytes,   35279808 total
 1510929.119: [G1Ergonomics (CSet Construction) start choosing CSet, _pending_cards: 23591, predicted base time: 8.82 ms, remaining time: 51.18 ms, target pause time: 60.00 ms]
 1510929.119: [G1Ergonomics (CSet Construction) add young regions to CSet, eden: 549 regions, survivors: 13 regions, predicted young region time: 476.72 ms]
 1510929.119: [G1Ergonomics (CSet Construction) finish choosing CSet, eden: 549 regions, survivors: 13 regions, old: 0 regions, predicted pause time: 485.54 ms, target pause time: 60.00 ms]
, 0.0219666 secs]
   [Parallel Time: 19.9 ms, GC Workers: 8]
      [GC Worker Start (ms): Min: 1510929118.7, Avg: 1510929118.8, Max: 1510929118.8, Diff: 0.1]
      [Ext Root Scanning (ms): Min: 1.2, Avg: 1.7, Max: 4.3, Diff: 3.1, Sum: 13.8]
      [Update RS (ms): Min: 3.0, Avg: 5.5, Max: 6.1, Diff: 3.1, Sum: 44.3]
         [Processed Buffers: Min: 14, Avg: 25.1, Max: 32, Diff: 18, Sum: 201]
      [Scan RS (ms): Min: 0.0, Avg: 0.1, Max: 0.1, Diff: 0.1, Sum: 0.6]
      [Code Root Scanning (ms): Min: 0.0, Avg: 0.0, Max: 0.0, Diff: 0.0, Sum: 0.0]
      [Object Copy (ms): Min: 12.3, Avg: 12.4, Max: 12.5, Diff: 0.2, Sum: 99.3]
      [Termination (ms): Min: 0.0, Avg: 0.0, Max: 0.0, Diff: 0.0, Sum: 0.0]
      [GC Worker Other (ms): Min: 0.0, Avg: 0.0, Max: 0.1, Diff: 0.1, Sum: 0.4]
      [GC Worker Total (ms): Min: 19.8, Avg: 19.8, Max: 19.8, Diff: 0.1, Sum: 158.4]
      [GC Worker End (ms): Min: 1510929138.6, Avg: 1510929138.6, Max: 1510929138.6, Diff: 0.1]
   [Code Root Fixup: 0.2 ms]
   [Code Root Purge: 0.0 ms]
   [Clear CT: 0.3 ms]
   [Other: 1.5 ms]
      [Choose CSet: 0.0 ms]
      [Ref Proc: 0.3 ms]
      [Ref Enq: 0.0 ms]
      [Redirty Cards: 0.1 ms]
      [Humongous Reclaim: 0.0 ms]
      [Free CSet: 0.6 ms]
   [Eden: 2196.0M(2196.0M)->0.0B(2212.0M) Survivors: 52.0M->36.0M Heap: 3656.4M(4500.0M)->1444.7M(4500.0M)]
Heap after GC invocations=33179 (full 0):
 garbage-first heap   total 4608000K, used 1479414K [0x00000006a6c00000, 0x00000006a7002328, 0x00000007c0000000)
  region size 4096K, 9 young (36864K), 9 survivors (36864K)
 Metaspace       used 124692K, capacity 128524K, committed 129664K, reserved 1165312K
  class space    used 13846K, capacity 14512K, committed 14720K, reserved 1048576K
}
 [Times: user=0.14 sys=0.03, real=0.03 secs] 
{Heap before GC invocations=33179 (full 0):
 garbage-first heap   total 4608000K, used 3744502K [0x00000006a6c00000, 0x00000006a7002328, 0x00000007c0000000)
  region size 4096K, 562 young (2301952K), 9 survivors (36864K)
 Metaspace       used 124692K, capacity 128524K, committed 129664K, reserved 1165312K
  class space    used 13846K, capacity 14512K, committed 14720K, reserved 1048576K
2019-04-29T04:17:56.191+0800: 1511085.410: [GC pause (G1 Evacuation Pause) (young)
Desired survivor size 148897792 bytes, new threshold 15 (max 15)
- age   1:   16620536 bytes,   16620536 total
- age   2:    1311128 bytes,   17931664 total
- age   3:     378432 bytes,   18310096 total
- age   4:     432824 bytes,   18742920 total
- age   5:     497040 bytes,   19239960 total
- age   6:     809120 bytes,   20049080 total
- age   7:    1092544 bytes,   21141624 total
- age   8:    1139584 bytes,   22281208 total
- age   9:     807992 bytes,   23089200 total
- age  10:    1020592 bytes,   24109792 total
- age  11:    1018488 bytes,   25128280 total
- age  12:     962776 bytes,   26091056 total
- age  13:     424224 bytes,   26515280 total
- age  14:     346288 bytes,   26861568 total
- age  15:     273192 bytes,   27134760 total
 1511085.410: [G1Ergonomics (CSet Construction) start choosing CSet, _pending_cards: 23323, predicted base time: 8.76 ms, remaining time: 51.24 ms, target pause time: 60.00 ms]
 1511085.410: [G1Ergonomics (CSet Construction) add young regions to CSet, eden: 553 regions, survivors: 9 regions, predicted young region time: 379.20 ms]
 1511085.410: [G1Ergonomics (CSet Construction) finish choosing CSet, eden: 553 regions, survivors: 9 regions, old: 0 regions, predicted pause time: 387.96 ms, target pause time: 60.00 ms]
, 0.0214758 secs]
   [Parallel Time: 19.4 ms, GC Workers: 8]
      [GC Worker Start (ms): Min: 1511085410.5, Avg: 1511085410.5, Max: 1511085410.6, Diff: 0.1]
      [Ext Root Scanning (ms): Min: 1.0, Avg: 1.2, Max: 2.1, Diff: 1.1, Sum: 10.0]
      [Update RS (ms): Min: 4.9, Avg: 5.5, Max: 5.8, Diff: 0.9, Sum: 43.8]
         [Processed Buffers: Min: 12, Avg: 24.5, Max: 38, Diff: 26, Sum: 196]
      [Scan RS (ms): Min: 0.0, Avg: 0.1, Max: 0.2, Diff: 0.2, Sum: 0.6]
      [Code Root Scanning (ms): Min: 0.0, Avg: 0.0, Max: 0.0, Diff: 0.0, Sum: 0.0]
      [Object Copy (ms): Min: 12.3, Avg: 12.4, Max: 12.5, Diff: 0.2, Sum: 99.6]
      [Termination (ms): Min: 0.0, Avg: 0.0, Max: 0.0, Diff: 0.0, Sum: 0.0]
      [GC Worker Other (ms): Min: 0.0, Avg: 0.0, Max: 0.1, Diff: 0.0, Sum: 0.3]
      [GC Worker Total (ms): Min: 19.2, Avg: 19.3, Max: 19.3, Diff: 0.1, Sum: 154.4]
      [GC Worker End (ms): Min: 1511085429.8, Avg: 1511085429.8, Max: 1511085429.9, Diff: 0.0]
   [Code Root Fixup: 0.2 ms]
   [Code Root Purge: 0.0 ms]
   [Clear CT: 0.3 ms]
   [Other: 1.6 ms]
      [Choose CSet: 0.0 ms]
      [Ref Proc: 0.2 ms]
      [Ref Enq: 0.0 ms]
      [Redirty Cards: 0.1 ms]
      [Humongous Reclaim: 0.0 ms]
      [Free CSet: 0.7 ms]
   [Eden: 2212.0M(2212.0M)->0.0B(2212.0M) Survivors: 36.0M->36.0M Heap: 3656.7M(4500.0M)->1445.1M(4500.0M)]
Heap after GC invocations=33180 (full 0):
 garbage-first heap   total 4608000K, used 1479790K [0x00000006a6c00000, 0x00000006a7002328, 0x00000007c0000000)
  region size 4096K, 9 young (36864K), 9 survivors (36864K)
 Metaspace       used 124692K, capacity 128524K, committed 129664K, reserved 1165312K
  class space    used 13846K, capacity 14512K, committed 14720K, reserved 1048576K
}
 [Times: user=0.16 sys=0.00, real=0.02 secs] 
{Heap before GC invocations=33180 (full 0):
 garbage-first heap   total 4608000K, used 3744878K [0x00000006a6c00000, 0x00000006a7002328, 0x00000007c0000000)
  region size 4096K, 562 young (2301952K), 9 survivors (36864K)
 Metaspace       used 124692K, capacity 128524K, committed 129664K, reserved 1165312K
  class space    used 13846K, capacity 14512K, committed 14720K, reserved 1048576K
2019-04-29T04:20:17.196+0800: 1511226.415: [GC pause (G1 Evacuation Pause) (young)
Desired survivor size 148897792 bytes, new threshold 15 (max 15)
- age   1:   16145328 bytes,   16145328 total
- age   2:    1568240 bytes,   17713568 total
- age   3:    1308296 bytes,   19021864 total
- age   4:     332616 bytes,   19354480 total
- age   5:     432792 bytes,   19787272 total
- age   6:     496816 bytes,   20284088 total
- age   7:     809088 bytes,   21093176 total
- age   8:    1092208 bytes,   22185384 total
- age   9:    1093992 bytes,   23279376 total
- age  10:     807768 bytes,   24087144 total
- age  11:    1020592 bytes,   25107736 total
- age  12:    1016808 bytes,   26124544 total
- age  13:     954600 bytes,   27079144 total
- age  14:     254800 bytes,   27333944 total
- age  15:     217008 bytes,   27550952 total
 1511226.415: [G1Ergonomics (CSet Construction) start choosing CSet, _pending_cards: 23627, predicted base time: 8.68 ms, remaining time: 51.32 ms, target pause time: 60.00 ms]
 1511226.415: [G1Ergonomics (CSet Construction) add young regions to CSet, eden: 553 regions, survivors: 9 regions, predicted young region time: 297.30 ms]
 1511226.415: [G1Ergonomics (CSet Construction) finish choosing CSet, eden: 553 regions, survivors: 9 regions, old: 0 regions, predicted pause time: 305.98 ms, target pause time: 60.00 ms]
, 0.0227310 secs]
   [Parallel Time: 20.7 ms, GC Workers: 8]
      [GC Worker Start (ms): Min: 1511226415.3, Avg: 1511226415.3, Max: 1511226415.4, Diff: 0.1]
      [Ext Root Scanning (ms): Min: 1.0, Avg: 1.3, Max: 2.2, Diff: 1.2, Sum: 10.3]
      [Update RS (ms): Min: 4.6, Avg: 5.5, Max: 5.8, Diff: 1.2, Sum: 44.0]
         [Processed Buffers: Min: 16, Avg: 25.0, Max: 38, Diff: 22, Sum: 200]
      [Scan RS (ms): Min: 0.0, Avg: 0.1, Max: 0.2, Diff: 0.1, Sum: 0.7]
      [Code Root Scanning (ms): Min: 0.0, Avg: 0.0, Max: 0.0, Diff: 0.0, Sum: 0.0]
      [Object Copy (ms): Min: 13.6, Avg: 13.7, Max: 13.8, Diff: 0.1, Sum: 109.6]
      [Termination (ms): Min: 0.0, Avg: 0.0, Max: 0.0, Diff: 0.0, Sum: 0.0]
      [GC Worker Other (ms): Min: 0.0, Avg: 0.0, Max: 0.1, Diff: 0.1, Sum: 0.4]
      [GC Worker Total (ms): Min: 20.6, Avg: 20.6, Max: 20.7, Diff: 0.1, Sum: 164.9]
      [GC Worker End (ms): Min: 1511226435.9, Avg: 1511226435.9, Max: 1511226436.0, Diff: 0.1]
   [Code Root Fixup: 0.2 ms]
   [Code Root Purge: 0.0 ms]
   [Clear CT: 0.3 ms]
   [Other: 1.5 ms]
      [Choose CSet: 0.0 ms]
      [Ref Proc: 0.3 ms]
      [Ref Enq: 0.0 ms]
      [Redirty Cards: 0.1 ms]
      [Humongous Reclaim: 0.0 ms]
      [Free CSet: 0.6 ms]
   [Eden: 2212.0M(2212.0M)->0.0B(2212.0M) Survivors: 36.0M->36.0M Heap: 3657.1M(4500.0M)->1447.4M(4500.0M)]
Heap after GC invocations=33181 (full 0):
 garbage-first heap   total 4608000K, used 1482183K [0x00000006a6c00000, 0x00000006a7002328, 0x00000007c0000000)
  region size 4096K, 9 young (36864K), 9 survivors (36864K)
 Metaspace       used 124692K, capacity 128524K, committed 129664K, reserved 1165312K
  class space    used 13846K, capacity 14512K, committed 14720K, reserved 1048576K
}
 [Times: user=0.14 sys=0.03, real=0.02 secs] 
{Heap before GC invocations=33181 (full 0):
 garbage-first heap   total 4608000K, used 3747271K [0x00000006a6c00000, 0x00000006a7002328, 0x00000007c0000000)
  region size 4096K, 562 young (2301952K), 9 survivors (36864K)
 Metaspace       used 124692K, capacity 128524K, committed 129664K, reserved 1165312K
  class space    used 13846K, capacity 14512K, committed 14720K, reserved 1048576K
2019-04-29T04:22:58.005+0800: 1511387.224: [GC pause (G1 Evacuation Pause) (young)
Desired survivor size 148897792 bytes, new threshold 15 (max 15)
- age   1:   17744192 bytes,   17744192 total
- age   2:     826344 bytes,   18570536 total
- age   3:    1562536 bytes,   20133072 total
- age   4:    1307248 bytes,   21440320 total
- age   5:     328296 bytes,   21768616 total
- age   6:     432680 bytes,   22201296 total
- age   7:     496344 bytes,   22697640 total
- age   8:     809088 bytes,   23506728 total
- age   9:    1091984 bytes,   24598712 total
- age  10:    1093992 bytes,   25692704 total
- age  11:     807544 bytes,   26500248 total
- age  12:    1020592 bytes,   27520840 total
- age  13:    1014592 bytes,   28535432 total
- age  14:     269856 bytes,   28805288 total
- age  15:     243720 bytes,   29049008 total
 1511387.224: [G1Ergonomics (CSet Construction) start choosing CSet, _pending_cards: 23450, predicted base time: 8.52 ms, remaining time: 51.48 ms, target pause time: 60.00 ms]
 1511387.224: [G1Ergonomics (CSet Construction) add young regions to CSet, eden: 553 regions, survivors: 9 regions, predicted young region time: 259.95 ms]
 1511387.224: [G1Ergonomics (CSet Construction) finish choosing CSet, eden: 553 regions, survivors: 9 regions, old: 0 regions, predicted pause time: 268.48 ms, target pause time: 60.00 ms]
, 0.0247986 secs]
   [Parallel Time: 22.7 ms, GC Workers: 8]
      [GC Worker Start (ms): Min: 1511387224.0, Avg: 1511387224.1, Max: 1511387224.1, Diff: 0.1]
      [Ext Root Scanning (ms): Min: 1.0, Avg: 1.3, Max: 2.1, Diff: 1.1, Sum: 10.3]
      [Update RS (ms): Min: 4.7, Avg: 5.5, Max: 5.8, Diff: 1.1, Sum: 43.7]
         [Processed Buffers: Min: 17, Avg: 24.5, Max: 34, Diff: 17, Sum: 196]
      [Scan RS (ms): Min: 0.0, Avg: 0.1, Max: 0.1, Diff: 0.1, Sum: 0.7]
      [Code Root Scanning (ms): Min: 0.0, Avg: 0.0, Max: 0.0, Diff: 0.0, Sum: 0.0]
      [Object Copy (ms): Min: 15.6, Avg: 15.8, Max: 15.8, Diff: 0.3, Sum: 126.1]
      [Termination (ms): Min: 0.0, Avg: 0.0, Max: 0.0, Diff: 0.0, Sum: 0.0]
      [GC Worker Other (ms): Min: 0.0, Avg: 0.0, Max: 0.1, Diff: 0.1, Sum: 0.4]
      [GC Worker Total (ms): Min: 22.6, Avg: 22.6, Max: 22.7, Diff: 0.1, Sum: 181.1]
      [GC Worker End (ms): Min: 1511387246.7, Avg: 1511387246.7, Max: 1511387246.7, Diff: 0.1]
   [Code Root Fixup: 0.2 ms]
   [Code Root Purge: 0.0 ms]
   [Clear CT: 0.3 ms]
   [Other: 1.6 ms]
      [Choose CSet: 0.0 ms]
      [Ref Proc: 0.2 ms]
      [Ref Enq: 0.0 ms]
      [Redirty Cards: 0.1 ms]
      [Humongous Reclaim: 0.0 ms]
      [Free CSet: 0.7 ms]
   [Eden: 2212.0M(2212.0M)->0.0B(2204.0M) Survivors: 36.0M->44.0M Heap: 3659.4M(4500.0M)->1453.8M(4500.0M)]
Heap after GC invocations=33182 (full 0):
 garbage-first heap   total 4608000K, used 1488652K [0x00000006a6c00000, 0x00000006a7002328, 0x00000007c0000000)
  region size 4096K, 11 young (45056K), 11 survivors (45056K)
 Metaspace       used 124692K, capacity 128524K, committed 129664K, reserved 1165312K
  class space    used 13846K, capacity 14512K, committed 14720K, reserved 1048576K
}
 [Times: user=0.15 sys=0.04, real=0.03 secs] 
{Heap before GC invocations=33182 (full 0):
 garbage-first heap   total 4608000K, used 3745548K [0x00000006a6c00000, 0x00000006a7002328, 0x00000007c0000000)
  region size 4096K, 562 young (2301952K), 11 survivors (45056K)
 Metaspace       used 124692K, capacity 128524K, committed 129664K, reserved 1165312K
  class space    used 13846K, capacity 14512K, committed 14720K, reserved 1048576K
2019-04-29T04:25:04.686+0800: 1511513.905: [GC pause (G1 Evacuation Pause) (young)
Desired survivor size 148897792 bytes, new threshold 15 (max 15)
- age   1:   23924568 bytes,   23924568 total
- age   2:     971264 bytes,   24895832 total
- age   3:     824528 bytes,   25720360 total
- age   4:    1561160 bytes,   27281520 total
- age   5:    1307248 bytes,   28588768 total
- age   6:     328296 bytes,   28917064 total
- age   7:     432680 bytes,   29349744 total
- age   8:     496232 bytes,   29845976 total
- age   9:     809088 bytes,   30655064 total
- age  10:    1091984 bytes,   31747048 total
- age  11:    1093992 bytes,   32841040 total
- age  12:     807544 bytes,   33648584 total
- age  13:     980200 bytes,   34628784 total
- age  14:     205248 bytes,   34834032 total
- age  15:     211736 bytes,   35045768 total
 1511513.905: [G1Ergonomics (CSet Construction) start choosing CSet, _pending_cards: 23633, predicted base time: 8.47 ms, remaining time: 51.53 ms, target pause time: 60.00 ms]
 1511513.905: [G1Ergonomics (CSet Construction) add young regions to CSet, eden: 551 regions, survivors: 11 regions, predicted young region time: 313.93 ms]
 1511513.905: [G1Ergonomics (CSet Construction) finish choosing CSet, eden: 551 regions, survivors: 11 regions, old: 0 regions, predicted pause time: 322.40 ms, target pause time: 60.00 ms]
, 0.0234710 secs]
   [Parallel Time: 21.2 ms, GC Workers: 8]
      [GC Worker Start (ms): Min: 1511513905.3, Avg: 1511513905.4, Max: 1511513905.4, Diff: 0.1]
      [Ext Root Scanning (ms): Min: 1.2, Avg: 1.4, Max: 2.0, Diff: 0.8, Sum: 11.5]
      [Update RS (ms): Min: 5.6, Avg: 6.0, Max: 6.2, Diff: 0.7, Sum: 47.8]
         [Processed Buffers: Min: 15, Avg: 24.2, Max: 34, Diff: 19, Sum: 194]
      [Scan RS (ms): Min: 0.0, Avg: 0.1, Max: 0.2, Diff: 0.1, Sum: 0.6]
      [Code Root Scanning (ms): Min: 0.0, Avg: 0.0, Max: 0.0, Diff: 0.0, Sum: 0.0]
      [Object Copy (ms): Min: 13.3, Avg: 13.5, Max: 13.5, Diff: 0.2, Sum: 107.7]
      [Termination (ms): Min: 0.0, Avg: 0.0, Max: 0.0, Diff: 0.0, Sum: 0.1]
      [GC Worker Other (ms): Min: 0.0, Avg: 0.1, Max: 0.1, Diff: 0.1, Sum: 0.5]
      [GC Worker Total (ms): Min: 21.0, Avg: 21.0, Max: 21.1, Diff: 0.1, Sum: 168.2]
      [GC Worker End (ms): Min: 1511513926.4, Avg: 1511513926.4, Max: 1511513926.4, Diff: 0.1]
   [Code Root Fixup: 0.2 ms]
   [Code Root Purge: 0.0 ms]
   [Clear CT: 0.3 ms]
   [Other: 1.8 ms]
      [Choose CSet: 0.0 ms]
      [Ref Proc: 0.2 ms]
      [Ref Enq: 0.0 ms]
      [Redirty Cards: 0.1 ms]
      [Humongous Reclaim: 0.0 ms]
      [Free CSet: 0.9 ms]
   [Eden: 2204.0M(2204.0M)->0.0B(2212.0M) Survivors: 44.0M->36.0M Heap: 3657.8M(4500.0M)->1448.1M(4500.0M)]
Heap after GC invocations=33183 (full 0):
 garbage-first heap   total 4608000K, used 1482826K [0x00000006a6c00000, 0x00000006a7002328, 0x00000007c0000000)
  region size 4096K, 9 young (36864K), 9 survivors (36864K)
 Metaspace       used 124692K, capacity 128524K, committed 129664K, reserved 1165312K
  class space    used 13846K, capacity 14512K, committed 14720K, reserved 1048576K
}
 [Times: user=0.13 sys=0.04, real=0.03 secs] 
{Heap before GC invocations=33183 (full 0):
 garbage-first heap   total 4608000K, used 3747914K [0x00000006a6c00000, 0x00000006a7002328, 0x00000007c0000000)
  region size 4096K, 562 young (2301952K), 9 survivors (36864K)
 Metaspace       used 124692K, capacity 128524K, committed 129664K, reserved 1165312K
  class space    used 13846K, capacity 14512K, committed 14720K, reserved 1048576K
2019-04-29T04:27:37.300+0800: 1511666.519: [GC pause (G1 Evacuation Pause) (young)
Desired survivor size 148897792 bytes, new threshold 15 (max 15)
- age   1:   18733464 bytes,   18733464 total
- age   2:    1174312 bytes,   19907776 total
- age   3:     967960 bytes,   20875736 total
- age   4:     587504 bytes,   21463240 total
- age   5:    1039744 bytes,   22502984 total
- age   6:    1306760 bytes,   23809744 total
- age   7:     327176 bytes,   24136920 total
- age   8:     432680 bytes,   24569600 total
- age   9:     496120 bytes,   25065720 total
- age  10:     809056 bytes,   25874776 total
- age  11:    1091648 bytes,   26966424 total
- age  12:    1093880 bytes,   28060304 total
- age  13:     807320 bytes,   28867624 total
- age  14:     412904 bytes,   29280528 total
- age  15:     205248 bytes,   29485776 total
 1511666.519: [G1Ergonomics (CSet Construction) start choosing CSet, _pending_cards: 23026, predicted base time: 8.49 ms, remaining time: 51.51 ms, target pause time: 60.00 ms]
 1511666.519: [G1Ergonomics (CSet Construction) add young regions to CSet, eden: 553 regions, survivors: 9 regions, predicted young region time: 247.15 ms]
 1511666.519: [G1Ergonomics (CSet Construction) finish choosing CSet, eden: 553 regions, survivors: 9 regions, old: 0 regions, predicted pause time: 255.64 ms, target pause time: 60.00 ms]
, 0.0229199 secs]
   [Parallel Time: 20.9 ms, GC Workers: 8]
      [GC Worker Start (ms): Min: 1511666519.6, Avg: 1511666519.6, Max: 1511666519.7, Diff: 0.1]
      [Ext Root Scanning (ms): Min: 1.1, Avg: 1.4, Max: 2.0, Diff: 0.9, Sum: 10.8]
      [Update RS (ms): Min: 5.0, Avg: 5.7, Max: 5.9, Diff: 0.9, Sum: 45.3]
         [Processed Buffers: Min: 13, Avg: 24.9, Max: 38, Diff: 25, Sum: 199]
      [Scan RS (ms): Min: 0.0, Avg: 0.1, Max: 0.1, Diff: 0.1, Sum: 0.6]
      [Code Root Scanning (ms): Min: 0.0, Avg: 0.0, Max: 0.0, Diff: 0.0, Sum: 0.0]
      [Object Copy (ms): Min: 13.5, Avg: 13.7, Max: 13.8, Diff: 0.2, Sum: 109.5]
      [Termination (ms): Min: 0.0, Avg: 0.0, Max: 0.0, Diff: 0.0, Sum: 0.0]
      [GC Worker Other (ms): Min: 0.0, Avg: 0.0, Max: 0.1, Diff: 0.1, Sum: 0.3]
      [GC Worker Total (ms): Min: 20.8, Avg: 20.8, Max: 20.9, Diff: 0.1, Sum: 166.5]
      [GC Worker End (ms): Min: 1511666540.4, Avg: 1511666540.4, Max: 1511666540.5, Diff: 0.0]
   [Code Root Fixup: 0.2 ms]
   [Code Root Purge: 0.0 ms]
   [Clear CT: 0.3 ms]
   [Other: 1.5 ms]
      [Choose CSet: 0.0 ms]
      [Ref Proc: 0.3 ms]
      [Ref Enq: 0.0 ms]
      [Redirty Cards: 0.1 ms]
      [Humongous Reclaim: 0.0 ms]
      [Free CSet: 0.6 ms]
   [Eden: 2212.0M(2212.0M)->0.0B(2212.0M) Survivors: 36.0M->36.0M Heap: 3660.1M(4500.0M)->1448.4M(4500.0M)]
Heap after GC invocations=33184 (full 0):
 garbage-first heap   total 4608000K, used 1483119K [0x00000006a6c00000, 0x00000006a7002328, 0x00000007c0000000)
  region size 4096K, 9 young (36864K), 9 survivors (36864K)
 Metaspace       used 124692K, capacity 128524K, committed 129664K, reserved 1165312K
  class space    used 13846K, capacity 14512K, committed 14720K, reserved 1048576K
}
 [Times: user=0.14 sys=0.03, real=0.02 secs] 
{Heap before GC invocations=33184 (full 0):
 garbage-first heap   total 4608000K, used 3748207K [0x00000006a6c00000, 0x00000006a7002328, 0x00000007c0000000)
  region size 4096K, 562 young (2301952K), 9 survivors (36864K)
 Metaspace       used 124692K, capacity 128524K, committed 129664K, reserved 1165312K
  class space    used 13846K, capacity 14512K, committed 14720K, reserved 1048576K
2019-04-29T04:30:03.962+0800: 1511813.181: [GC pause (G1 Evacuation Pause) (young)
Desired survivor size 148897792 bytes, new threshold 15 (max 15)
- age   1:   20054088 bytes,   20054088 total
- age   2:    1088744 bytes,   21142832 total
- age   3:    1160592 bytes,   22303424 total
- age   4:     966840 bytes,   23270264 total
- age   5:     587360 bytes,   23857624 total
- age   6:    1035624 bytes,   24893248 total
- age   7:    1306760 bytes,   26200008 total
- age   8:     326952 bytes,   26526960 total
- age   9:     432680 bytes,   26959640 total
- age  10:     495560 bytes,   27455200 total
- age  11:     809056 bytes,   28264256 total
- age  12:    1091424 bytes,   29355680 total
- age  13:     989728 bytes,   30345408 total
- age  14:     272256 bytes,   30617664 total
- age  15:     248416 bytes,   30866080 total
 1511813.181: [G1Ergonomics (CSet Construction) start choosing CSet, _pending_cards: 23913, predicted base time: 8.69 ms, remaining time: 51.31 ms, target pause time: 60.00 ms]
 1511813.181: [G1Ergonomics (CSet Construction) add young regions to CSet, eden: 553 regions, survivors: 9 regions, predicted young region time: 261.59 ms]
 1511813.181: [G1Ergonomics (CSet Construction) finish choosing CSet, eden: 553 regions, survivors: 9 regions, old: 0 regions, predicted pause time: 270.28 ms, target pause time: 60.00 ms]
, 0.0227296 secs]
   [Parallel Time: 20.8 ms, GC Workers: 8]
      [GC Worker Start (ms): Min: 1511813180.9, Avg: 1511813181.0, Max: 1511813181.0, Diff: 0.1]
      [Ext Root Scanning (ms): Min: 1.1, Avg: 1.3, Max: 2.1, Diff: 1.1, Sum: 10.4]
      [Update RS (ms): Min: 4.8, Avg: 5.6, Max: 5.9, Diff: 1.1, Sum: 44.6]
         [Processed Buffers: Min: 12, Avg: 25.1, Max: 41, Diff: 29, Sum: 201]
      [Scan RS (ms): Min: 0.0, Avg: 0.1, Max: 0.1, Diff: 0.1, Sum: 0.6]
      [Code Root Scanning (ms): Min: 0.0, Avg: 0.0, Max: 0.0, Diff: 0.0, Sum: 0.0]
      [Object Copy (ms): Min: 13.5, Avg: 13.6, Max: 13.7, Diff: 0.2, Sum: 109.0]
      [Termination (ms): Min: 0.0, Avg: 0.0, Max: 0.0, Diff: 0.0, Sum: 0.0]
      [GC Worker Other (ms): Min: 0.0, Avg: 0.0, Max: 0.1, Diff: 0.1, Sum: 0.4]
      [GC Worker Total (ms): Min: 20.6, Avg: 20.6, Max: 20.7, Diff: 0.1, Sum: 165.1]
      [GC Worker End (ms): Min: 1511813201.6, Avg: 1511813201.6, Max: 1511813201.6, Diff: 0.1]
   [Code Root Fixup: 0.2 ms]
   [Code Root Purge: 0.0 ms]
   [Clear CT: 0.3 ms]
   [Other: 1.4 ms]
      [Choose CSet: 0.0 ms]
      [Ref Proc: 0.2 ms]
      [Ref Enq: 0.0 ms]
      [Redirty Cards: 0.1 ms]
      [Humongous Reclaim: 0.0 ms]
      [Free CSet: 0.6 ms]
   [Eden: 2212.0M(2212.0M)->0.0B(2208.0M) Survivors: 36.0M->40.0M Heap: 3660.4M(4500.0M)->1450.7M(4500.0M)]
Heap after GC invocations=33185 (full 0):
 garbage-first heap   total 4608000K, used 1485538K [0x00000006a6c00000, 0x00000006a7002328, 0x00000007c0000000)
  region size 4096K, 10 young (40960K), 10 survivors (40960K)
 Metaspace       used 124692K, capacity 128524K, committed 129664K, reserved 1165312K
  class space    used 13846K, capacity 14512K, committed 14720K, reserved 1048576K
}
 [Times: user=0.13 sys=0.04, real=0.02 secs] 
{Heap before GC invocations=33185 (full 0):
 garbage-first heap   total 4608000K, used 3746530K [0x00000006a6c00000, 0x00000006a7002328, 0x00000007c0000000)
  region size 4096K, 562 young (2301952K), 10 survivors (40960K)
 Metaspace       used 124692K, capacity 128524K, committed 129664K, reserved 1165312K
  class space    used 13846K, capacity 14512K, committed 14720K, reserved 1048576K
2019-04-29T04:32:16.546+0800: 1511945.765: [GC pause (G1 Evacuation Pause) (young)
Desired survivor size 148897792 bytes, new threshold 15 (max 15)
- age   1:   19759000 bytes,   19759000 total
- age   2:    1360544 bytes,   21119544 total
- age   3:     757152 bytes,   21876696 total
- age   4:    1159896 bytes,   23036592 total
- age   5:     966136 bytes,   24002728 total
- age   6:     586576 bytes,   24589304 total
- age   7:    1034688 bytes,   25623992 total
- age   8:    1306536 bytes,   26930528 total
- age   9:     326728 bytes,   27257256 total
- age  10:     432680 bytes,   27689936 total
- age  11:     495224 bytes,   28185160 total
- age  12:     809056 bytes,   28994216 total
- age  13:    1062504 bytes,   30056720 total
- age  14:     288968 bytes,   30345688 total
- age  15:     265104 bytes,   30610792 total
 1511945.765: [G1Ergonomics (CSet Construction) start choosing CSet, _pending_cards: 23844, predicted base time: 8.57 ms, remaining time: 51.43 ms, target pause time: 60.00 ms]
 1511945.765: [G1Ergonomics (CSet Construction) add young regions to CSet, eden: 552 regions, survivors: 10 regions, predicted young region time: 205.04 ms]
 1511945.765: [G1Ergonomics (CSet Construction) finish choosing CSet, eden: 552 regions, survivors: 10 regions, old: 0 regions, predicted pause time: 213.60 ms, target pause time: 60.00 ms]
, 0.0223754 secs]
   [Parallel Time: 20.3 ms, GC Workers: 8]
      [GC Worker Start (ms): Min: 1511945764.9, Avg: 1511945764.9, Max: 1511945765.0, Diff: 0.1]
      [Ext Root Scanning (ms): Min: 1.0, Avg: 1.2, Max: 2.0, Diff: 1.0, Sum: 10.0]
      [Update RS (ms): Min: 5.0, Avg: 5.5, Max: 5.8, Diff: 0.8, Sum: 43.7]
         [Processed Buffers: Min: 15, Avg: 25.2, Max: 47, Diff: 32, Sum: 202]
      [Scan RS (ms): Min: 0.0, Avg: 0.1, Max: 0.2, Diff: 0.1, Sum: 0.7]
      [Code Root Scanning (ms): Min: 0.0, Avg: 0.0, Max: 0.0, Diff: 0.0, Sum: 0.0]
      [Object Copy (ms): Min: 13.2, Avg: 13.4, Max: 13.4, Diff: 0.2, Sum: 107.0]
      [Termination (ms): Min: 0.0, Avg: 0.0, Max: 0.0, Diff: 0.0, Sum: 0.0]
      [GC Worker Other (ms): Min: 0.0, Avg: 0.0, Max: 0.1, Diff: 0.1, Sum: 0.3]
      [GC Worker Total (ms): Min: 20.2, Avg: 20.2, Max: 20.3, Diff: 0.1, Sum: 161.8]
      [GC Worker End (ms): Min: 1511945785.1, Avg: 1511945785.1, Max: 1511945785.2, Diff: 0.0]
   [Code Root Fixup: 0.2 ms]
   [Code Root Purge: 0.0 ms]
   [Clear CT: 0.3 ms]
   [Other: 1.6 ms]
      [Choose CSet: 0.0 ms]
      [Ref Proc: 0.3 ms]
      [Ref Enq: 0.0 ms]
      [Redirty Cards: 0.1 ms]
      [Humongous Reclaim: 0.0 ms]
      [Free CSet: 0.7 ms]
   [Eden: 2208.0M(2208.0M)->0.0B(2212.0M) Survivors: 40.0M->36.0M Heap: 3658.7M(4500.0M)->1447.1M(4500.0M)]
Heap after GC invocations=33186 (full 0):
 garbage-first heap   total 4608000K, used 1481822K [0x00000006a6c00000, 0x00000006a7002328, 0x00000007c0000000)
  region size 4096K, 9 young (36864K), 9 survivors (36864K)
 Metaspace       used 124692K, capacity 128524K, committed 129664K, reserved 1165312K
  class space    used 13846K, capacity 14512K, committed 14720K, reserved 1048576K
}
 [Times: user=0.17 sys=0.00, real=0.02 secs] 
{Heap before GC invocations=33186 (full 0):
 garbage-first heap   total 4608000K, used 3746910K [0x00000006a6c00000, 0x00000006a7002328, 0x00000007c0000000)
  region size 4096K, 562 young (2301952K), 9 survivors (36864K)
 Metaspace       used 124692K, capacity 128524K, committed 129664K, reserved 1165312K
  class space    used 13846K, capacity 14512K, committed 14720K, reserved 1048576K
2019-04-29T04:35:00.772+0800: 1512109.991: [GC pause (G1 Evacuation Pause) (young)
Desired survivor size 148897792 bytes, new threshold 15 (max 15)
- age   1:   18277256 bytes,   18277256 total
- age   2:    1036016 bytes,   19313272 total
- age   3:    1044424 bytes,   20357696 total
- age   4:     754904 bytes,   21112600 total
- age   5:    1154424 bytes,   22267024 total
- age   6:     957160 bytes,   23224184 total
- age   7:     578224 bytes,   23802408 total
- age   8:     959968 bytes,   24762376 total
- age   9:    1306424 bytes,   26068800 total
- age  10:     326616 bytes,   26395416 total
- age  11:     432680 bytes,   26828096 total
- age  12:     495000 bytes,   27323096 total
- age  13:     806840 bytes,   28129936 total
- age  14:     288392 bytes,   28418328 total
- age  15:     253512 bytes,   28671840 total
 1512109.991: [G1Ergonomics (CSet Construction) start choosing CSet, _pending_cards: 23770, predicted base time: 8.43 ms, remaining time: 51.57 ms, target pause time: 60.00 ms]
 1512109.991: [G1Ergonomics (CSet Construction) add young regions to CSet, eden: 553 regions, survivors: 9 regions, predicted young region time: 172.15 ms]
 1512109.991: [G1Ergonomics (CSet Construction) finish choosing CSet, eden: 553 regions, survivors: 9 regions, old: 0 regions, predicted pause time: 180.59 ms, target pause time: 60.00 ms]
, 0.0260672 secs]
   [Parallel Time: 23.9 ms, GC Workers: 8]
      [GC Worker Start (ms): Min: 1512109991.6, Avg: 1512109991.6, Max: 1512109991.7, Diff: 0.1]
      [Ext Root Scanning (ms): Min: 1.1, Avg: 1.6, Max: 4.4, Diff: 3.3, Sum: 13.1]
      [Update RS (ms): Min: 2.9, Avg: 5.6, Max: 6.2, Diff: 3.3, Sum: 44.8]
         [Processed Buffers: Min: 16, Avg: 26.0, Max: 45, Diff: 29, Sum: 208]
      [Scan RS (ms): Min: 0.0, Avg: 0.1, Max: 0.1, Diff: 0.1, Sum: 0.7]
      [Code Root Scanning (ms): Min: 0.0, Avg: 0.0, Max: 0.0, Diff: 0.0, Sum: 0.0]
      [Object Copy (ms): Min: 16.2, Avg: 16.3, Max: 16.4, Diff: 0.2, Sum: 130.7]
      [Termination (ms): Min: 0.0, Avg: 0.0, Max: 0.0, Diff: 0.0, Sum: 0.0]
      [GC Worker Other (ms): Min: 0.0, Avg: 0.0, Max: 0.1, Diff: 0.1, Sum: 0.3]
      [GC Worker Total (ms): Min: 23.6, Avg: 23.7, Max: 23.7, Diff: 0.1, Sum: 189.6]
      [GC Worker End (ms): Min: 1512110015.3, Avg: 1512110015.3, Max: 1512110015.3, Diff: 0.1]
   [Code Root Fixup: 0.3 ms]
   [Code Root Purge: 0.0 ms]
   [Clear CT: 0.3 ms]
   [Other: 1.7 ms]
      [Choose CSet: 0.0 ms]
      [Ref Proc: 0.3 ms]
      [Ref Enq: 0.0 ms]
      [Redirty Cards: 0.2 ms]
      [Humongous Reclaim: 0.0 ms]
      [Free CSet: 0.6 ms]
   [Eden: 2212.0M(2212.0M)->0.0B(2200.0M) Survivors: 36.0M->48.0M Heap: 3659.1M(4500.0M)->1461.4M(4500.0M)]
Heap after GC invocations=33187 (full 0):
 garbage-first heap   total 4608000K, used 1496497K [0x00000006a6c00000, 0x00000006a7002328, 0x00000007c0000000)
  region size 4096K, 12 young (49152K), 12 survivors (49152K)
 Metaspace       used 124692K, capacity 128524K, committed 129664K, reserved 1165312K
  class space    used 13846K, capacity 14512K, committed 14720K, reserved 1048576K
}
 [Times: user=0.16 sys=0.04, real=0.02 secs] 
{Heap before GC invocations=33187 (full 0):
 garbage-first heap   total 4608000K, used 3749297K [0x00000006a6c00000, 0x00000006a7002328, 0x00000007c0000000)
  region size 4096K, 562 young (2301952K), 12 survivors (49152K)
 Metaspace       used 124692K, capacity 128524K, committed 129664K, reserved 1165312K
  class space    used 13846K, capacity 14512K, committed 14720K, reserved 1048576K
2019-04-29T04:37:29.354+0800: 1512258.573: [GC pause (G1 Evacuation Pause) (young)
Desired survivor size 148897792 bytes, new threshold 15 (max 15)
- age   1:   25836216 bytes,   25836216 total
- age   2:    1041288 bytes,   26877504 total
- age   3:    1032624 bytes,   27910128 total
- age   4:    1043792 bytes,   28953920 total
- age   5:     753776 bytes,   29707696 total
- age   6:    1154024 bytes,   30861720 total
- age   7:     956280 bytes,   31818000 total
- age   8:     577336 bytes,   32395336 total
- age   9:     952656 bytes,   33347992 total
- age  10:    1306424 bytes,   34654416 total
- age  11:     326616 bytes,   34981032 total
- age  12:     432680 bytes,   35413712 total
- age  13:     468408 bytes,   35882120 total
- age  14:     249112 bytes,   36131232 total
- age  15:     250216 bytes,   36381448 total
 1512258.573: [G1Ergonomics (CSet Construction) start choosing CSet, _pending_cards: 23855, predicted base time: 8.66 ms, remaining time: 51.34 ms, target pause time: 60.00 ms]
 1512258.573: [G1Ergonomics (CSet Construction) add young regions to CSet, eden: 550 regions, survivors: 12 regions, predicted young region time: 254.38 ms]
 1512258.573: [G1Ergonomics (CSet Construction) finish choosing CSet, eden: 550 regions, survivors: 12 regions, old: 0 regions, predicted pause time: 263.04 ms, target pause time: 60.00 ms]
, 0.0210974 secs]
   [Parallel Time: 19.2 ms, GC Workers: 8]
      [GC Worker Start (ms): Min: 1512258573.6, Avg: 1512258573.6, Max: 1512258573.6, Diff: 0.1]
      [Ext Root Scanning (ms): Min: 1.0, Avg: 1.3, Max: 2.2, Diff: 1.2, Sum: 10.2]
      [Update RS (ms): Min: 4.6, Avg: 5.4, Max: 5.9, Diff: 1.3, Sum: 43.6]
         [Processed Buffers: Min: 14, Avg: 25.6, Max: 34, Diff: 20, Sum: 205]
      [Scan RS (ms): Min: 0.0, Avg: 0.1, Max: 0.1, Diff: 0.1, Sum: 0.7]
      [Code Root Scanning (ms): Min: 0.0, Avg: 0.0, Max: 0.0, Diff: 0.0, Sum: 0.0]
      [Object Copy (ms): Min: 12.0, Avg: 12.1, Max: 12.2, Diff: 0.2, Sum: 96.8]
      [Termination (ms): Min: 0.0, Avg: 0.0, Max: 0.0, Diff: 0.0, Sum: 0.0]
      [GC Worker Other (ms): Min: 0.0, Avg: 0.1, Max: 0.1, Diff: 0.1, Sum: 0.5]
      [GC Worker Total (ms): Min: 18.9, Avg: 19.0, Max: 19.1, Diff: 0.1, Sum: 151.9]
      [GC Worker End (ms): Min: 1512258592.5, Avg: 1512258592.6, Max: 1512258592.6, Diff: 0.1]
   [Code Root Fixup: 0.2 ms]
   [Code Root Purge: 0.0 ms]
   [Clear CT: 0.3 ms]
   [Other: 1.5 ms]
      [Choose CSet: 0.0 ms]
      [Ref Proc: 0.2 ms]
      [Ref Enq: 0.0 ms]
      [Redirty Cards: 0.1 ms]
      [Humongous Reclaim: 0.0 ms]
      [Free CSet: 0.6 ms]
   [Eden: 2200.0M(2200.0M)->0.0B(2212.0M) Survivors: 48.0M->36.0M Heap: 3661.4M(4500.0M)->1447.7M(4500.0M)]
Heap after GC invocations=33188 (full 0):
 garbage-first heap   total 4608000K, used 1482469K [0x00000006a6c00000, 0x00000006a7002328, 0x00000007c0000000)
  region size 4096K, 9 young (36864K), 9 survivors (36864K)
 Metaspace       used 124692K, capacity 128524K, committed 129664K, reserved 1165312K
  class space    used 13846K, capacity 14512K, committed 14720K, reserved 1048576K
}
 [Times: user=0.13 sys=0.03, real=0.02 secs] 
{Heap before GC invocations=33188 (full 0):
 garbage-first heap   total 4608000K, used 3747557K [0x00000006a6c00000, 0x00000006a7002328, 0x00000007c0000000)
  region size 4096K, 562 young (2301952K), 9 survivors (36864K)
 Metaspace       used 124692K, capacity 128524K, committed 129664K, reserved 1165312K
  class space    used 13846K, capacity 14512K, committed 14720K, reserved 1048576K
2019-04-29T04:40:02.053+0800: 1512411.272: [GC pause (G1 Evacuation Pause) (young)
Desired survivor size 148897792 bytes, new threshold 15 (max 15)
- age   1:   15833032 bytes,   15833032 total
- age   2:     939968 bytes,   16773000 total
- age   3:    1032392 bytes,   17805392 total
- age   4:    1026360 bytes,   18831752 total
- age   5:    1043496 bytes,   19875248 total
- age   6:     753192 bytes,   20628440 total
- age   7:    1153912 bytes,   21782352 total
- age   8:     920568 bytes,   22702920 total
- age   9:     577224 bytes,   23280144 total
- age  10:     952208 bytes,   24232352 total
- age  11:    1306392 bytes,   25538744 total
- age  12:     326280 bytes,   25865024 total
- age  13:     355120 bytes,   26220144 total
- age  14:     170960 bytes,   26391104 total
- age  15:     242464 bytes,   26633568 total
 1512411.272: [G1Ergonomics (CSet Construction) start choosing CSet, _pending_cards: 23579, predicted base time: 8.46 ms, remaining time: 51.54 ms, target pause time: 60.00 ms]
 1512411.272: [G1Ergonomics (CSet Construction) add young regions to CSet, eden: 553 regions, survivors: 9 regions, predicted young region time: 198.90 ms]
 1512411.272: [G1Ergonomics (CSet Construction) finish choosing CSet, eden: 553 regions, survivors: 9 regions, old: 0 regions, predicted pause time: 207.37 ms, target pause time: 60.00 ms]
, 0.0227672 secs]
   [Parallel Time: 20.5 ms, GC Workers: 8]
      [GC Worker Start (ms): Min: 1512411272.0, Avg: 1512411272.0, Max: 1512411272.1, Diff: 0.1]
      [Ext Root Scanning (ms): Min: 1.2, Avg: 1.4, Max: 2.2, Diff: 1.0, Sum: 11.3]
      [Update RS (ms): Min: 5.0, Avg: 5.7, Max: 6.0, Diff: 1.1, Sum: 45.7]
         [Processed Buffers: Min: 16, Avg: 24.8, Max: 47, Diff: 31, Sum: 198]
      [Scan RS (ms): Min: 0.0, Avg: 0.1, Max: 0.1, Diff: 0.1, Sum: 0.6]
      [Code Root Scanning (ms): Min: 0.0, Avg: 0.0, Max: 0.0, Diff: 0.0, Sum: 0.0]
      [Object Copy (ms): Min: 13.0, Avg: 13.1, Max: 13.2, Diff: 0.3, Sum: 105.0]
      [Termination (ms): Min: 0.0, Avg: 0.0, Max: 0.0, Diff: 0.0, Sum: 0.2]
      [GC Worker Other (ms): Min: 0.0, Avg: 0.0, Max: 0.1, Diff: 0.1, Sum: 0.4]
      [GC Worker Total (ms): Min: 20.4, Avg: 20.4, Max: 20.4, Diff: 0.1, Sum: 163.2]
      [GC Worker End (ms): Min: 1512411292.4, Avg: 1512411292.4, Max: 1512411292.5, Diff: 0.0]
   [Code Root Fixup: 0.3 ms]
   [Code Root Purge: 0.0 ms]
   [Clear CT: 0.3 ms]
   [Other: 1.6 ms]
      [Choose CSet: 0.0 ms]
      [Ref Proc: 0.3 ms]
      [Ref Enq: 0.0 ms]
      [Redirty Cards: 0.1 ms]
      [Humongous Reclaim: 0.0 ms]
      [Free CSet: 0.6 ms]
   [Eden: 2212.0M(2212.0M)->0.0B(2212.0M) Survivors: 36.0M->36.0M Heap: 3659.7M(4500.0M)->1448.1M(4500.0M)]
Heap after GC invocations=33189 (full 0):
 garbage-first heap   total 4608000K, used 1482815K [0x00000006a6c00000, 0x00000006a7002328, 0x00000007c0000000)
  region size 4096K, 9 young (36864K), 9 survivors (36864K)
 Metaspace       used 124692K, capacity 128524K, committed 129664K, reserved 1165312K
  class space    used 13846K, capacity 14512K, committed 14720K, reserved 1048576K
}
 [Times: user=0.13 sys=0.04, real=0.02 secs] 
{Heap before GC invocations=33189 (full 0):
 garbage-first heap   total 4608000K, used 3747903K [0x00000006a6c00000, 0x00000006a7002328, 0x00000007c0000000)
  region size 4096K, 562 young (2301952K), 9 survivors (36864K)
 Metaspace       used 124692K, capacity 128524K, committed 129664K, reserved 1165312K
  class space    used 13846K, capacity 14512K, committed 14720K, reserved 1048576K
2019-04-29T04:42:28.555+0800: 1512557.774: [GC pause (G1 Evacuation Pause) (young)
Desired survivor size 148897792 bytes, new threshold 15 (max 15)
- age   1:   17128632 bytes,   17128632 total
- age   2:     638040 bytes,   17766672 total
- age   3:     936168 bytes,   18702840 total
- age   4:    1029312 bytes,   19732152 total
- age   5:    1025584 bytes,   20757736 total
- age   6:    1043496 bytes,   21801232 total
- age   7:     751456 bytes,   22552688 total
- age   8:    1152872 bytes,   23705560 total
- age   9:     919040 bytes,   24624600 total
- age  10:     577224 bytes,   25201824 total
- age  11:     952208 bytes,   26154032 total
- age  12:    1306280 bytes,   27460312 total
- age  13:     237640 bytes,   27697952 total
- age  14:     191136 bytes,   27889088 total
- age  15:     170960 bytes,   28060048 total
 1512557.774: [G1Ergonomics (CSet Construction) start choosing CSet, _pending_cards: 23489, predicted base time: 8.55 ms, remaining time: 51.45 ms, target pause time: 60.00 ms]
 1512557.774: [G1Ergonomics (CSet Construction) add young regions to CSet, eden: 553 regions, survivors: 9 regions, predicted young region time: 163.81 ms]
 1512557.774: [G1Ergonomics (CSet Construction) finish choosing CSet, eden: 553 regions, survivors: 9 regions, old: 0 regions, predicted pause time: 172.36 ms, target pause time: 60.00 ms]
, 0.0242264 secs]
   [Parallel Time: 21.9 ms, GC Workers: 8]
      [GC Worker Start (ms): Min: 1512557774.2, Avg: 1512557774.3, Max: 1512557774.3, Diff: 0.1]
      [Ext Root Scanning (ms): Min: 1.1, Avg: 1.4, Max: 2.2, Diff: 1.1, Sum: 11.0]
      [Update RS (ms): Min: 5.2, Avg: 5.9, Max: 6.2, Diff: 1.0, Sum: 47.3]
         [Processed Buffers: Min: 12, Avg: 24.6, Max: 35, Diff: 23, Sum: 197]
      [Scan RS (ms): Min: 0.0, Avg: 0.1, Max: 0.1, Diff: 0.1, Sum: 0.6]
      [Code Root Scanning (ms): Min: 0.0, Avg: 0.0, Max: 0.0, Diff: 0.0, Sum: 0.0]
      [Object Copy (ms): Min: 14.2, Avg: 14.3, Max: 14.4, Diff: 0.2, Sum: 114.8]
      [Termination (ms): Min: 0.0, Avg: 0.0, Max: 0.0, Diff: 0.0, Sum: 0.1]
      [GC Worker Other (ms): Min: 0.0, Avg: 0.0, Max: 0.1, Diff: 0.1, Sum: 0.4]
      [GC Worker Total (ms): Min: 21.7, Avg: 21.8, Max: 21.8, Diff: 0.1, Sum: 174.2]
      [GC Worker End (ms): Min: 1512557796.0, Avg: 1512557796.1, Max: 1512557796.1, Diff: 0.0]
   [Code Root Fixup: 0.2 ms]
   [Code Root Purge: 0.0 ms]
   [Clear CT: 0.3 ms]
   [Other: 1.8 ms]
      [Choose CSet: 0.0 ms]
      [Ref Proc: 0.3 ms]
      [Ref Enq: 0.0 ms]
      [Redirty Cards: 0.1 ms]
      [Humongous Reclaim: 0.0 ms]
      [Free CSet: 0.9 ms]
   [Eden: 2212.0M(2212.0M)->0.0B(2208.0M) Survivors: 36.0M->40.0M Heap: 3660.1M(4500.0M)->1454.4M(4500.0M)]
Heap after GC invocations=33190 (full 0):
 garbage-first heap   total 4608000K, used 1489261K [0x00000006a6c00000, 0x00000006a7002328, 0x00000007c0000000)
  region size 4096K, 10 young (40960K), 10 survivors (40960K)
 Metaspace       used 124692K, capacity 128524K, committed 129664K, reserved 1165312K
  class space    used 13846K, capacity 14512K, committed 14720K, reserved 1048576K
}
 [Times: user=0.18 sys=0.00, real=0.02 secs] 
{Heap before GC invocations=33190 (full 0):
 garbage-first heap   total 4608000K, used 3750253K [0x00000006a6c00000, 0x00000006a7002328, 0x00000007c0000000)
  region size 4096K, 562 young (2301952K), 10 survivors (40960K)
 Metaspace       used 124692K, capacity 128524K, committed 129664K, reserved 1165312K
  class space    used 13846K, capacity 14512K, committed 14720K, reserved 1048576K
2019-04-29T04:45:00.462+0800: 1512709.681: [GC pause (G1 Evacuation Pause) (young)
Desired survivor size 148897792 bytes, new threshold 15 (max 15)
- age   1:   21320680 bytes,   21320680 total
- age   2:     702800 bytes,   22023480 total
- age   3:     618816 bytes,   22642296 total
- age   4:     925688 bytes,   23567984 total
- age   5:    1028304 bytes,   24596288 total
- age   6:    1024688 bytes,   25620976 total
- age   7:    1043384 bytes,   26664360 total
- age   8:     751008 bytes,   27415368 total
- age   9:    1152872 bytes,   28568240 total
- age  10:     918816 bytes,   29487056 total
- age  11:     500104 bytes,   29987160 total
- age  12:     952096 bytes,   30939256 total
- age  13:    1141456 bytes,   32080712 total
- age  14:     211048 bytes,   32291760 total
- age  15:     186200 bytes,   32477960 total
 1512709.681: [G1Ergonomics (CSet Construction) start choosing CSet, _pending_cards: 23594, predicted base time: 8.67 ms, remaining time: 51.33 ms, target pause time: 60.00 ms]
 1512709.681: [G1Ergonomics (CSet Construction) add young regions to CSet, eden: 552 regions, survivors: 10 regions, predicted young region time: 304.03 ms]
 1512709.681: [G1Ergonomics (CSet Construction) finish choosing CSet, eden: 552 regions, survivors: 10 regions, old: 0 regions, predicted pause time: 312.70 ms, target pause time: 60.00 ms]
, 0.0231080 secs]
   [Parallel Time: 21.1 ms, GC Workers: 8]
      [GC Worker Start (ms): Min: 1512709681.3, Avg: 1512709681.4, Max: 1512709681.4, Diff: 0.1]
      [Ext Root Scanning (ms): Min: 1.1, Avg: 1.4, Max: 2.1, Diff: 1.0, Sum: 10.8]
      [Update RS (ms): Min: 4.9, Avg: 5.6, Max: 6.0, Diff: 1.1, Sum: 45.1]
         [Processed Buffers: Min: 16, Avg: 25.1, Max: 42, Diff: 26, Sum: 201]
      [Scan RS (ms): Min: 0.0, Avg: 0.1, Max: 0.1, Diff: 0.1, Sum: 0.7]
      [Code Root Scanning (ms): Min: 0.0, Avg: 0.0, Max: 0.0, Diff: 0.0, Sum: 0.0]
      [Object Copy (ms): Min: 13.7, Avg: 13.8, Max: 13.9, Diff: 0.2, Sum: 110.6]
      [Termination (ms): Min: 0.0, Avg: 0.0, Max: 0.0, Diff: 0.0, Sum: 0.1]
      [GC Worker Other (ms): Min: 0.0, Avg: 0.1, Max: 0.1, Diff: 0.1, Sum: 0.4]
      [GC Worker Total (ms): Min: 20.9, Avg: 21.0, Max: 21.0, Diff: 0.1, Sum: 167.7]
      [GC Worker End (ms): Min: 1512709702.3, Avg: 1512709702.3, Max: 1512709702.4, Diff: 0.1]
   [Code Root Fixup: 0.2 ms]
   [Code Root Purge: 0.0 ms]
   [Clear CT: 0.3 ms]
   [Other: 1.5 ms]
      [Choose CSet: 0.0 ms]
      [Ref Proc: 0.2 ms]
      [Ref Enq: 0.0 ms]
      [Redirty Cards: 0.1 ms]
      [Humongous Reclaim: 0.0 ms]
      [Free CSet: 0.6 ms]
   [Eden: 2208.0M(2208.0M)->0.0B(2212.0M) Survivors: 40.0M->36.0M Heap: 3662.4M(4500.0M)->1448.6M(4500.0M)]
Heap after GC invocations=33191 (full 0):
 garbage-first heap   total 4608000K, used 1483372K [0x00000006a6c00000, 0x00000006a7002328, 0x00000007c0000000)
  region size 4096K, 9 young (36864K), 9 survivors (36864K)
 Metaspace       used 124692K, capacity 128524K, committed 129664K, reserved 1165312K
  class space    used 13846K, capacity 14512K, committed 14720K, reserved 1048576K
}
 [Times: user=0.14 sys=0.04, real=0.02 secs] 
{Heap before GC invocations=33191 (full 0):
 garbage-first heap   total 4608000K, used 3748460K [0x00000006a6c00000, 0x00000006a7002328, 0x00000007c0000000)
  region size 4096K, 562 young (2301952K), 9 survivors (36864K)
 Metaspace       used 124692K, capacity 128524K, committed 129664K, reserved 1165312K
  class space    used 13846K, capacity 14512K, committed 14720K, reserved 1048576K
2019-04-29T04:46:39.246+0800: 1512808.465: [GC pause (G1 Evacuation Pause) (young)
Desired survivor size 148897792 bytes, new threshold 15 (max 15)
- age   1:   18214904 bytes,   18214904 total
- age   2:     565320 bytes,   18780224 total
- age   3:     702144 bytes,   19482368 total
- age   4:     618256 bytes,   20100624 total
- age   5:     925464 bytes,   21026088 total
- age   6:    1028128 bytes,   22054216 total
- age   7:    1024128 bytes,   23078344 total
- age   8:    1043384 bytes,   24121728 total
- age   9:     751008 bytes,   24872736 total
- age  10:    1152872 bytes,   26025608 total
- age  11:     918816 bytes,   26944424 total
- age  12:     500064 bytes,   27444488 total
- age  13:     506680 bytes,   27951168 total
- age  14:     259320 bytes,   28210488 total
- age  15:     211048 bytes,   28421536 total
 1512808.465: [G1Ergonomics (CSet Construction) start choosing CSet, _pending_cards: 25015, predicted base time: 8.94 ms, remaining time: 51.06 ms, target pause time: 60.00 ms]
 1512808.465: [G1Ergonomics (CSet Construction) add young regions to CSet, eden: 553 regions, survivors: 9 regions, predicted young region time: 246.72 ms]
 1512808.465: [G1Ergonomics (CSet Construction) finish choosing CSet, eden: 553 regions, survivors: 9 regions, old: 0 regions, predicted pause time: 255.66 ms, target pause time: 60.00 ms]
, 0.0322912 secs]
   [Parallel Time: 30.2 ms, GC Workers: 8]
      [GC Worker Start (ms): Min: 1512808465.6, Avg: 1512808465.6, Max: 1512808465.7, Diff: 0.1]
      [Ext Root Scanning (ms): Min: 1.1, Avg: 1.3, Max: 2.1, Diff: 1.0, Sum: 10.5]
      [Update RS (ms): Min: 4.9, Avg: 5.6, Max: 6.0, Diff: 1.0, Sum: 45.2]
         [Processed Buffers: Min: 17, Avg: 25.9, Max: 44, Diff: 27, Sum: 207]
      [Scan RS (ms): Min: 0.0, Avg: 0.1, Max: 0.1, Diff: 0.1, Sum: 0.6]
      [Code Root Scanning (ms): Min: 0.0, Avg: 0.0, Max: 0.0, Diff: 0.0, Sum: 0.0]
      [Object Copy (ms): Min: 22.9, Avg: 23.0, Max: 23.1, Diff: 0.2, Sum: 184.0]
      [Termination (ms): Min: 0.0, Avg: 0.0, Max: 0.0, Diff: 0.0, Sum: 0.0]
      [GC Worker Other (ms): Min: 0.0, Avg: 0.0, Max: 0.1, Diff: 0.1, Sum: 0.4]
      [GC Worker Total (ms): Min: 30.0, Avg: 30.1, Max: 30.2, Diff: 0.1, Sum: 240.8]
      [GC Worker End (ms): Min: 1512808495.7, Avg: 1512808495.7, Max: 1512808495.8, Diff: 0.1]
   [Code Root Fixup: 0.3 ms]
   [Code Root Purge: 0.0 ms]
   [Clear CT: 0.3 ms]
   [Other: 1.5 ms]
      [Choose CSet: 0.0 ms]
      [Ref Proc: 0.2 ms]
      [Ref Enq: 0.0 ms]
      [Redirty Cards: 0.1 ms]
      [Humongous Reclaim: 0.0 ms]
      [Free CSet: 0.6 ms]
   [Eden: 2212.0M(2212.0M)->0.0B(2192.0M) Survivors: 36.0M->56.0M Heap: 3660.6M(4500.0M)->1468.9M(4500.0M)]
Heap after GC invocations=33192 (full 0):
 garbage-first heap   total 4608000K, used 1504136K [0x00000006a6c00000, 0x00000006a7002328, 0x00000007c0000000)
  region size 4096K, 14 young (57344K), 14 survivors (57344K)
 Metaspace       used 124692K, capacity 128524K, committed 129664K, reserved 1165312K
  class space    used 13846K, capacity 14512K, committed 14720K, reserved 1048576K
}
 [Times: user=0.20 sys=0.04, real=0.03 secs] 
{Heap before GC invocations=33192 (full 0):
 garbage-first heap   total 4608000K, used 3748744K [0x00000006a6c00000, 0x00000006a7002328, 0x00000007c0000000)
  region size 4096K, 562 young (2301952K), 14 survivors (57344K)
 Metaspace       used 124692K, capacity 128524K, committed 129664K, reserved 1165312K
  class space    used 13846K, capacity 14512K, committed 14720K, reserved 1048576K
2019-04-29T04:49:16.560+0800: 1512965.779: [GC pause (G1 Evacuation Pause) (young)
Desired survivor size 148897792 bytes, new threshold 15 (max 15)
- age   1:   37009984 bytes,   37009984 total
- age   2:    1892176 bytes,   38902160 total
- age   3:     517360 bytes,   39419520 total
- age   4:     699464 bytes,   40118984 total
- age   5:     599704 bytes,   40718688 total
- age   6:     860480 bytes,   41579168 total
- age   7:    1018128 bytes,   42597296 total
- age   8:     959016 bytes,   43556312 total
- age   9:    1042584 bytes,   44598896 total
- age  10:     750136 bytes,   45349032 total
- age  11:    1152872 bytes,   46501904 total
- age  12:     918704 bytes,   47420608 total
- age  13:     401944 bytes,   47822552 total
- age  14:     189792 bytes,   48012344 total
- age  15:     251160 bytes,   48263504 total
 1512965.779: [G1Ergonomics (CSet Construction) start choosing CSet, _pending_cards: 23897, predicted base time: 8.57 ms, remaining time: 51.43 ms, target pause time: 60.00 ms]
 1512965.779: [G1Ergonomics (CSet Construction) add young regions to CSet, eden: 548 regions, survivors: 14 regions, predicted young region time: 339.78 ms]
 1512965.779: [G1Ergonomics (CSet Construction) finish choosing CSet, eden: 548 regions, survivors: 14 regions, old: 0 regions, predicted pause time: 348.35 ms, target pause time: 60.00 ms]
, 0.0244187 secs]
   [Parallel Time: 22.4 ms, GC Workers: 8]
      [GC Worker Start (ms): Min: 1512965779.4, Avg: 1512965779.4, Max: 1512965779.4, Diff: 0.1]
      [Ext Root Scanning (ms): Min: 1.0, Avg: 1.5, Max: 4.2, Diff: 3.2, Sum: 12.3]
      [Update RS (ms): Min: 3.1, Avg: 5.6, Max: 6.2, Diff: 3.1, Sum: 45.1]
         [Processed Buffers: Min: 14, Avg: 25.0, Max: 36, Diff: 22, Sum: 200]
      [Scan RS (ms): Min: 0.0, Avg: 0.1, Max: 0.1, Diff: 0.1, Sum: 0.6]
      [Code Root Scanning (ms): Min: 0.0, Avg: 0.0, Max: 0.0, Diff: 0.0, Sum: 0.0]
      [Object Copy (ms): Min: 14.9, Avg: 15.0, Max: 15.1, Diff: 0.2, Sum: 120.1]
      [Termination (ms): Min: 0.0, Avg: 0.0, Max: 0.0, Diff: 0.0, Sum: 0.0]
      [GC Worker Other (ms): Min: 0.0, Avg: 0.0, Max: 0.1, Diff: 0.0, Sum: 0.3]
      [GC Worker Total (ms): Min: 22.3, Avg: 22.3, Max: 22.3, Diff: 0.1, Sum: 178.4]
      [GC Worker End (ms): Min: 1512965801.7, Avg: 1512965801.7, Max: 1512965801.7, Diff: 0.0]
   [Code Root Fixup: 0.2 ms]
   [Code Root Purge: 0.0 ms]
   [Clear CT: 0.3 ms]
   [Other: 1.5 ms]
      [Choose CSet: 0.0 ms]
      [Ref Proc: 0.3 ms]
      [Ref Enq: 0.0 ms]
      [Redirty Cards: 0.1 ms]
      [Humongous Reclaim: 0.0 ms]
      [Free CSet: 0.6 ms]
   [Eden: 2192.0M(2192.0M)->0.0B(2208.0M) Survivors: 56.0M->40.0M Heap: 3660.9M(4500.0M)->1453.2M(4500.0M)]
Heap after GC invocations=33193 (full 0):
 garbage-first heap   total 4608000K, used 1488094K [0x00000006a6c00000, 0x00000006a7002328, 0x00000007c0000000)
  region size 4096K, 10 young (40960K), 10 survivors (40960K)
 Metaspace       used 124692K, capacity 128524K, committed 129664K, reserved 1165312K
  class space    used 13846K, capacity 14512K, committed 14720K, reserved 1048576K
}
 [Times: user=0.15 sys=0.03, real=0.02 secs] 
{Heap before GC invocations=33193 (full 0):
 garbage-first heap   total 4608000K, used 3749086K [0x00000006a6c00000, 0x00000006a7002328, 0x00000007c0000000)
  region size 4096K, 562 young (2301952K), 10 survivors (40960K)
 Metaspace       used 124692K, capacity 128524K, committed 129664K, reserved 1165312K
  class space    used 13846K, capacity 14512K, committed 14720K, reserved 1048576K
2019-04-29T04:50:25.827+0800: 1513035.046: [GC pause (G1 Evacuation Pause) (young)
Desired survivor size 148897792 bytes, new threshold 15 (max 15)
- age   1:   18955864 bytes,   18955864 total
- age   2:    2405776 bytes,   21361640 total
- age   3:    1889200 bytes,   23250840 total
- age   4:     511800 bytes,   23762640 total
- age   5:     698608 bytes,   24461248 total
- age   6:     596800 bytes,   25058048 total
- age   7:     857456 bytes,   25915504 total
- age   8:    1017840 bytes,   26933344 total
- age   9:     951568 bytes,   27884912 total
- age  10:    1042584 bytes,   28927496 total
- age  11:     750136 bytes,   29677632 total
- age  12:    1152872 bytes,   30830504 total
- age  13:     885464 bytes,   31715968 total
- age  14:     239032 bytes,   31955000 total
- age  15:     186568 bytes,   32141568 total
 1513035.046: [G1Ergonomics (CSet Construction) start choosing CSet, _pending_cards: 23876, predicted base time: 8.56 ms, remaining time: 51.44 ms, target pause time: 60.00 ms]
 1513035.046: [G1Ergonomics (CSet Construction) add young regions to CSet, eden: 552 regions, survivors: 10 regions, predicted young region time: 447.55 ms]
 1513035.046: [G1Ergonomics (CSet Construction) finish choosing CSet, eden: 552 regions, survivors: 10 regions, old: 0 regions, predicted pause time: 456.11 ms, target pause time: 60.00 ms]
, 0.0254062 secs]
   [Parallel Time: 23.1 ms, GC Workers: 8]
      [GC Worker Start (ms): Min: 1513035046.5, Avg: 1513035046.6, Max: 1513035046.6, Diff: 0.1]
      [Ext Root Scanning (ms): Min: 1.2, Avg: 1.4, Max: 2.2, Diff: 1.0, Sum: 11.5]
      [Update RS (ms): Min: 5.1, Avg: 5.8, Max: 6.1, Diff: 1.1, Sum: 46.1]
         [Processed Buffers: Min: 17, Avg: 27.5, Max: 34, Diff: 17, Sum: 220]
      [Scan RS (ms): Min: 0.0, Avg: 0.1, Max: 0.2, Diff: 0.1, Sum: 0.7]
      [Code Root Scanning (ms): Min: 0.0, Avg: 0.0, Max: 0.0, Diff: 0.0, Sum: 0.0]
      [Object Copy (ms): Min: 15.5, Avg: 15.7, Max: 15.8, Diff: 0.3, Sum: 125.4]
      [Termination (ms): Min: 0.0, Avg: 0.0, Max: 0.0, Diff: 0.0, Sum: 0.3]
      [GC Worker Other (ms): Min: 0.0, Avg: 0.0, Max: 0.1, Diff: 0.1, Sum: 0.3]
      [GC Worker Total (ms): Min: 23.0, Avg: 23.0, Max: 23.1, Diff: 0.1, Sum: 184.3]
      [GC Worker End (ms): Min: 1513035069.6, Avg: 1513035069.6, Max: 1513035069.6, Diff: 0.1]
   [Code Root Fixup: 0.3 ms]
   [Code Root Purge: 0.0 ms]
   [Clear CT: 0.2 ms]
   [Other: 1.7 ms]
      [Choose CSet: 0.0 ms]
      [Ref Proc: 0.2 ms]
      [Ref Enq: 0.0 ms]
      [Redirty Cards: 0.1 ms]
      [Humongous Reclaim: 0.0 ms]
      [Free CSet: 0.6 ms]
   [Eden: 2208.0M(2208.0M)->0.0B(2208.0M) Survivors: 40.0M->40.0M Heap: 3661.2M(4500.0M)->1455.5M(4500.0M)]
Heap after GC invocations=33194 (full 0):
 garbage-first heap   total 4608000K, used 1490429K [0x00000006a6c00000, 0x00000006a7002328, 0x00000007c0000000)
  region size 4096K, 10 young (40960K), 10 survivors (40960K)
 Metaspace       used 124692K, capacity 128524K, committed 129664K, reserved 1165312K
  class space    used 13846K, capacity 14512K, committed 14720K, reserved 1048576K
}
 [Times: user=0.16 sys=0.04, real=0.03 secs] 
{Heap before GC invocations=33194 (full 0):
 garbage-first heap   total 4608000K, used 3751421K [0x00000006a6c00000, 0x00000006a7002328, 0x00000007c0000000)
  region size 4096K, 562 young (2301952K), 10 survivors (40960K)
 Metaspace       used 124692K, capacity 128524K, committed 129664K, reserved 1165312K
  class space    used 13846K, capacity 14512K, committed 14720K, reserved 1048576K
2019-04-29T04:50:57.465+0800: 1513066.684: [GC pause (G1 Evacuation Pause) (young)
Desired survivor size 148897792 bytes, new threshold 15 (max 15)
- age   1:   21268640 bytes,   21268640 total
- age   2:     477856 bytes,   21746496 total
- age   3:     919672 bytes,   22666168 total
- age   4:    1558776 bytes,   24224944 total
- age   5:     504432 bytes,   24729376 total
- age   6:     472576 bytes,   25201952 total
- age   7:     596312 bytes,   25798264 total
- age   8:     857232 bytes,   26655496 total
- age   9:    1017840 bytes,   27673336 total
- age  10:     951456 bytes,   28624792 total
- age  11:    1042584 bytes,   29667376 total
- age  12:     750136 bytes,   30417512 total
- age  13:    1152872 bytes,   31570384 total
- age  14:     590232 bytes,   32160616 total
- age  15:     239032 bytes,   32399648 total
 1513066.684: [G1Ergonomics (CSet Construction) start choosing CSet, _pending_cards: 22592, predicted base time: 8.34 ms, remaining time: 51.66 ms, target pause time: 60.00 ms]
 1513066.684: [G1Ergonomics (CSet Construction) add young regions to CSet, eden: 552 regions, survivors: 10 regions, predicted young region time: 356.40 ms]
 1513066.684: [G1Ergonomics (CSet Construction) finish choosing CSet, eden: 552 regions, survivors: 10 regions, old: 0 regions, predicted pause time: 364.73 ms, target pause time: 60.00 ms]
, 0.0239768 secs]
   [Parallel Time: 21.7 ms, GC Workers: 8]
      [GC Worker Start (ms): Min: 1513066684.0, Avg: 1513066684.0, Max: 1513066684.1, Diff: 0.1]
      [Ext Root Scanning (ms): Min: 1.2, Avg: 1.4, Max: 2.1, Diff: 1.0, Sum: 11.3]
      [Update RS (ms): Min: 5.5, Avg: 6.0, Max: 6.3, Diff: 0.8, Sum: 47.7]
         [Processed Buffers: Min: 10, Avg: 26.6, Max: 42, Diff: 32, Sum: 213]
      [Scan RS (ms): Min: 0.0, Avg: 0.1, Max: 0.1, Diff: 0.1, Sum: 0.7]
      [Code Root Scanning (ms): Min: 0.0, Avg: 0.0, Max: 0.0, Diff: 0.0, Sum: 0.0]
      [Object Copy (ms): Min: 13.9, Avg: 14.1, Max: 14.2, Diff: 0.3, Sum: 112.8]
      [Termination (ms): Min: 0.0, Avg: 0.0, Max: 0.0, Diff: 0.0, Sum: 0.0]
      [GC Worker Other (ms): Min: 0.0, Avg: 0.1, Max: 0.1, Diff: 0.1, Sum: 0.4]
      [GC Worker Total (ms): Min: 21.6, Avg: 21.6, Max: 21.7, Diff: 0.1, Sum: 172.9]
      [GC Worker End (ms): Min: 1513066705.6, Avg: 1513066705.6, Max: 1513066705.7, Diff: 0.0]
   [Code Root Fixup: 0.3 ms]
   [Code Root Purge: 0.0 ms]
   [Clear CT: 0.2 ms]
   [Other: 1.8 ms]
      [Choose CSet: 0.0 ms]
      [Ref Proc: 0.2 ms]
      [Ref Enq: 0.0 ms]
      [Redirty Cards: 0.1 ms]
      [Humongous Reclaim: 0.0 ms]
      [Free CSet: 0.9 ms]
   [Eden: 2208.0M(2208.0M)->0.0B(2212.0M) Survivors: 40.0M->36.0M Heap: 3663.5M(4500.0M)->1451.8M(4500.0M)]
Heap after GC invocations=33195 (full 0):
 garbage-first heap   total 4608000K, used 1486624K [0x00000006a6c00000, 0x00000006a7002328, 0x00000007c0000000)
  region size 4096K, 9 young (36864K), 9 survivors (36864K)
 Metaspace       used 124692K, capacity 128524K, committed 129664K, reserved 1165312K
  class space    used 13846K, capacity 14512K, committed 14720K, reserved 1048576K
}
 [Times: user=0.15 sys=0.03, real=0.02 secs] 
{Heap before GC invocations=33195 (full 0):
 garbage-first heap   total 4608000K, used 3751712K [0x00000006a6c00000, 0x00000006a7002328, 0x00000007c0000000)
  region size 4096K, 562 young (2301952K), 9 survivors (36864K)
 Metaspace       used 124692K, capacity 128524K, committed 129664K, reserved 1165312K
  class space    used 13846K, capacity 14512K, committed 14720K, reserved 1048576K
2019-04-29T04:51:28.865+0800: 1513098.084: [GC pause (G1 Evacuation Pause) (young)
Desired survivor size 148897792 bytes, new threshold 15 (max 15)
- age   1:   17119704 bytes,   17119704 total
- age   2:    2984024 bytes,   20103728 total
- age   3:     420680 bytes,   20524408 total
- age   4:     913256 bytes,   21437664 total
- age   5:    1558664 bytes,   22996328 total
- age   6:     501600 bytes,   23497928 total
- age   7:     472200 bytes,   23970128 total
- age   8:     596200 bytes,   24566328 total
- age   9:     857232 bytes,   25423560 total
- age  10:    1017728 bytes,   26441288 total
- age  11:     951232 bytes,   27392520 total
- age  12:    1039936 bytes,   28432456 total
- age  13:     750136 bytes,   29182592 total
- age  14:    1104120 bytes,   30286712 total
- age  15:     273344 bytes,   30560056 total
 1513098.084: [G1Ergonomics (CSet Construction) start choosing CSet, _pending_cards: 22261, predicted base time: 8.45 ms, remaining time: 51.55 ms, target pause time: 60.00 ms]
 1513098.084: [G1Ergonomics (CSet Construction) add young regions to CSet, eden: 553 regions, survivors: 9 regions, predicted young region time: 280.36 ms]
 1513098.084: [G1Ergonomics (CSet Construction) finish choosing CSet, eden: 553 regions, survivors: 9 regions, old: 0 regions, predicted pause time: 288.81 ms, target pause time: 60.00 ms]
, 0.0237964 secs]
   [Parallel Time: 21.6 ms, GC Workers: 8]
      [GC Worker Start (ms): Min: 1513098084.2, Avg: 1513098084.3, Max: 1513098084.3, Diff: 0.1]
      [Ext Root Scanning (ms): Min: 1.1, Avg: 1.3, Max: 2.1, Diff: 1.0, Sum: 10.7]
      [Update RS (ms): Min: 4.9, Avg: 5.5, Max: 5.8, Diff: 1.0, Sum: 44.2]
         [Processed Buffers: Min: 15, Avg: 26.4, Max: 44, Diff: 29, Sum: 211]
      [Scan RS (ms): Min: 0.0, Avg: 0.1, Max: 0.1, Diff: 0.1, Sum: 0.6]
      [Code Root Scanning (ms): Min: 0.0, Avg: 0.0, Max: 0.0, Diff: 0.0, Sum: 0.0]
      [Object Copy (ms): Min: 14.3, Avg: 14.4, Max: 14.5, Diff: 0.3, Sum: 115.6]
      [Termination (ms): Min: 0.0, Avg: 0.0, Max: 0.0, Diff: 0.0, Sum: 0.1]
      [GC Worker Other (ms): Min: 0.0, Avg: 0.0, Max: 0.1, Diff: 0.1, Sum: 0.4]
      [GC Worker Total (ms): Min: 21.4, Avg: 21.5, Max: 21.5, Diff: 0.1, Sum: 171.6]
      [GC Worker End (ms): Min: 1513098105.7, Avg: 1513098105.7, Max: 1513098105.8, Diff: 0.1]
   [Code Root Fixup: 0.3 ms]
   [Code Root Purge: 0.0 ms]
   [Clear CT: 0.3 ms]
   [Other: 1.6 ms]
      [Choose CSet: 0.0 ms]
      [Ref Proc: 0.3 ms]
      [Ref Enq: 0.0 ms]
      [Redirty Cards: 0.1 ms]
      [Humongous Reclaim: 0.0 ms]
      [Free CSet: 0.7 ms]
   [Eden: 2212.0M(2212.0M)->0.0B(2212.0M) Survivors: 36.0M->36.0M Heap: 3663.8M(4500.0M)->1452.1M(4500.0M)]
Heap after GC invocations=33196 (full 0):
 garbage-first heap   total 4608000K, used 1486908K [0x00000006a6c00000, 0x00000006a7002328, 0x00000007c0000000)
  region size 4096K, 9 young (36864K), 9 survivors (36864K)
 Metaspace       used 124692K, capacity 128524K, committed 129664K, reserved 1165312K
  class space    used 13846K, capacity 14512K, committed 14720K, reserved 1048576K
}
 [Times: user=0.14 sys=0.04, real=0.02 secs] 
{Heap before GC invocations=33196 (full 0):
 garbage-first heap   total 4608000K, used 3751996K [0x00000006a6c00000, 0x00000006a7002328, 0x00000007c0000000)
  region size 4096K, 562 young (2301952K), 9 survivors (36864K)
 Metaspace       used 124692K, capacity 128524K, committed 129664K, reserved 1165312K
  class space    used 13846K, capacity 14512K, committed 14720K, reserved 1048576K
2019-04-29T04:52:01.220+0800: 1513130.439: [GC pause (G1 Evacuation Pause) (young)
Desired survivor size 148897792 bytes, new threshold 15 (max 15)
- age   1:   16901496 bytes,   16901496 total
- age   2:    2486104 bytes,   19387600 total
- age   3:    1213128 bytes,   20600728 total
- age   4:     419000 bytes,   21019728 total
- age   5:     906528 bytes,   21926256 total
- age   6:    1558664 bytes,   23484920 total
- age   7:     501600 bytes,   23986520 total
- age   8:     472200 bytes,   24458720 total
- age   9:     596088 bytes,   25054808 total
- age  10:     857008 bytes,   25911816 total
- age  11:    1017728 bytes,   26929544 total
- age  12:     951232 bytes,   27880776 total
- age  13:    1039936 bytes,   28920712 total
- age  14:     750136 bytes,   29670848 total
- age  15:    1046000 bytes,   30716848 total
 1513130.439: [G1Ergonomics (CSet Construction) start choosing CSet, _pending_cards: 22997, predicted base time: 8.64 ms, remaining time: 51.36 ms, target pause time: 60.00 ms]
 1513130.439: [G1Ergonomics (CSet Construction) add young regions to CSet, eden: 553 regions, survivors: 9 regions, predicted young region time: 224.84 ms]
 1513130.439: [G1Ergonomics (CSet Construction) finish choosing CSet, eden: 553 regions, survivors: 9 regions, old: 0 regions, predicted pause time: 233.48 ms, target pause time: 60.00 ms]
, 0.0237206 secs]
   [Parallel Time: 21.6 ms, GC Workers: 8]
      [GC Worker Start (ms): Min: 1513130438.9, Avg: 1513130438.9, Max: 1513130438.9, Diff: 0.1]
      [Ext Root Scanning (ms): Min: 1.1, Avg: 1.4, Max: 2.3, Diff: 1.2, Sum: 11.4]
      [Update RS (ms): Min: 5.5, Avg: 5.8, Max: 6.0, Diff: 0.5, Sum: 46.2]
         [Processed Buffers: Min: 13, Avg: 26.2, Max: 44, Diff: 31, Sum: 210]
      [Scan RS (ms): Min: 0.0, Avg: 0.1, Max: 0.2, Diff: 0.2, Sum: 0.7]
      [Code Root Scanning (ms): Min: 0.0, Avg: 0.0, Max: 0.0, Diff: 0.0, Sum: 0.0]
      [Object Copy (ms): Min: 13.5, Avg: 14.2, Max: 14.3, Diff: 0.8, Sum: 113.2]
      [Termination (ms): Min: 0.0, Avg: 0.0, Max: 0.0, Diff: 0.0, Sum: 0.0]
      [GC Worker Other (ms): Min: 0.0, Avg: 0.0, Max: 0.1, Diff: 0.1, Sum: 0.4]
      [GC Worker Total (ms): Min: 21.4, Avg: 21.5, Max: 21.6, Diff: 0.1, Sum: 171.8]
      [GC Worker End (ms): Min: 1513130460.4, Avg: 1513130460.4, Max: 1513130460.4, Diff: 0.1]
   [Code Root Fixup: 0.3 ms]
   [Code Root Purge: 0.0 ms]
   [Clear CT: 0.3 ms]
   [Other: 1.5 ms]
      [Choose CSet: 0.0 ms]
      [Ref Proc: 0.2 ms]
      [Ref Enq: 0.0 ms]
      [Redirty Cards: 0.1 ms]
      [Humongous Reclaim: 0.0 ms]
      [Free CSet: 0.6 ms]
   [Eden: 2212.0M(2212.0M)->0.0B(2212.0M) Survivors: 36.0M->36.0M Heap: 3664.1M(4500.0M)->1453.1M(4500.0M)]
Heap after GC invocations=33197 (full 0):
 garbage-first heap   total 4608000K, used 1487926K [0x00000006a6c00000, 0x00000006a7002328, 0x00000007c0000000)
  region size 4096K, 9 young (36864K), 9 survivors (36864K)
 Metaspace       used 124692K, capacity 128524K, committed 129664K, reserved 1165312K
  class space    used 13846K, capacity 14512K, committed 14720K, reserved 1048576K
}
 [Times: user=0.14 sys=0.04, real=0.02 secs] 
{Heap before GC invocations=33197 (full 0):
 garbage-first heap   total 4608000K, used 3753014K [0x00000006a6c00000, 0x00000006a7002328, 0x00000007c0000000)
  region size 4096K, 562 young (2301952K), 9 survivors (36864K)
 Metaspace       used 124692K, capacity 128524K, committed 129664K, reserved 1165312K
  class space    used 13846K, capacity 14512K, committed 14720K, reserved 1048576K
2019-04-29T04:52:32.645+0800: 1513161.864: [GC pause (G1 Evacuation Pause) (young)
Desired survivor size 148897792 bytes, new threshold 15 (max 15)
- age   1:   16611592 bytes,   16611592 total
- age   2:    2057512 bytes,   18669104 total
- age   3:     556632 bytes,   19225736 total
- age   4:    1089624 bytes,   20315360 total
- age   5:     417888 bytes,   20733248 total
- age   6:     904624 bytes,   21637872 total
- age   7:    1558664 bytes,   23196536 total
- age   8:     501264 bytes,   23697800 total
- age   9:     472200 bytes,   24170000 total
- age  10:     595864 bytes,   24765864 total
- age  11:     857008 bytes,   25622872 total
- age  12:    1017728 bytes,   26640600 total
- age  13:     951120 bytes,   27591720 total
- age  14:    1039936 bytes,   28631656 total
- age  15:     750136 bytes,   29381792 total
 1513161.864: [G1Ergonomics (CSet Construction) start choosing CSet, _pending_cards: 23669, predicted base time: 8.84 ms, remaining time: 51.16 ms, target pause time: 60.00 ms]
 1513161.864: [G1Ergonomics (CSet Construction) add young regions to CSet, eden: 553 regions, survivors: 9 regions, predicted young region time: 181.91 ms]
 1513161.864: [G1Ergonomics (CSet Construction) finish choosing CSet, eden: 553 regions, survivors: 9 regions, old: 0 regions, predicted pause time: 190.75 ms, target pause time: 60.00 ms]
, 0.0244753 secs]
   [Parallel Time: 22.5 ms, GC Workers: 8]
      [GC Worker Start (ms): Min: 1513161864.0, Avg: 1513161864.0, Max: 1513161864.0, Diff: 0.1]
      [Ext Root Scanning (ms): Min: 1.0, Avg: 1.3, Max: 2.1, Diff: 1.0, Sum: 10.2]
      [Update RS (ms): Min: 5.2, Avg: 5.8, Max: 6.2, Diff: 1.0, Sum: 46.7]
         [Processed Buffers: Min: 16, Avg: 27.5, Max: 46, Diff: 30, Sum: 220]
      [Scan RS (ms): Min: 0.0, Avg: 0.1, Max: 0.1, Diff: 0.1, Sum: 0.6]
      [Code Root Scanning (ms): Min: 0.0, Avg: 0.0, Max: 0.0, Diff: 0.0, Sum: 0.0]
      [Object Copy (ms): Min: 15.0, Avg: 15.1, Max: 15.2, Diff: 0.2, Sum: 120.9]
      [Termination (ms): Min: 0.0, Avg: 0.0, Max: 0.0, Diff: 0.0, Sum: 0.0]
      [GC Worker Other (ms): Min: 0.0, Avg: 0.0, Max: 0.1, Diff: 0.1, Sum: 0.4]
      [GC Worker Total (ms): Min: 22.3, Avg: 22.4, Max: 22.4, Diff: 0.1, Sum: 178.8]
      [GC Worker End (ms): Min: 1513161886.3, Avg: 1513161886.4, Max: 1513161886.4, Diff: 0.1]
   [Code Root Fixup: 0.2 ms]
   [Code Root Purge: 0.0 ms]
   [Clear CT: 0.3 ms]
   [Other: 1.5 ms]
      [Choose CSet: 0.0 ms]
      [Ref Proc: 0.2 ms]
      [Ref Enq: 0.0 ms]
      [Redirty Cards: 0.1 ms]
      [Humongous Reclaim: 0.0 ms]
      [Free CSet: 0.6 ms]
   [Eden: 2212.0M(2212.0M)->0.0B(2212.0M) Survivors: 36.0M->36.0M Heap: 3665.1M(4500.0M)->1454.2M(4500.0M)]
Heap after GC invocations=33198 (full 0):
 garbage-first heap   total 4608000K, used 1489105K [0x00000006a6c00000, 0x00000006a7002328, 0x00000007c0000000)
  region size 4096K, 9 young (36864K), 9 survivors (36864K)
 Metaspace       used 124692K, capacity 128524K, committed 129664K, reserved 1165312K
  class space    used 13846K, capacity 14512K, committed 14720K, reserved 1048576K
}
 [Times: user=0.15 sys=0.04, real=0.02 secs] 
{Heap before GC invocations=33198 (full 0):
 garbage-first heap   total 4608000K, used 3754193K [0x00000006a6c00000, 0x00000006a7002328, 0x00000007c0000000)
  region size 4096K, 562 young (2301952K), 9 survivors (36864K)
 Metaspace       used 124692K, capacity 128524K, committed 129664K, reserved 1165312K
  class space    used 13846K, capacity 14512K, committed 14720K, reserved 1048576K
2019-04-29T04:53:01.282+0800: 1513190.501: [GC pause (G1 Evacuation Pause) (young)
Desired survivor size 148897792 bytes, new threshold 15 (max 15)
- age   1:   19929944 bytes,   19929944 total
- age   2:    2211200 bytes,   22141144 total
- age   3:     354312 bytes,   22495456 total
- age   4:     541888 bytes,   23037344 total
- age   5:    1079208 bytes,   24116552 total
- age   6:     417856 bytes,   24534408 total
- age   7:     903728 bytes,   25438136 total
- age   8:    1558160 bytes,   26996296 total
- age   9:     493608 bytes,   27489904 total
- age  10:     472200 bytes,   27962104 total
- age  11:     595864 bytes,   28557968 total
- age  12:     857008 bytes,   29414976 total
- age  13:    1017616 bytes,   30432592 total
- age  14:     951120 bytes,   31383712 total
- age  15:    1037216 bytes,   32420928 total
 1513190.501: [G1Ergonomics (CSet Construction) start choosing CSet, _pending_cards: 23910, predicted base time: 8.82 ms, remaining time: 51.18 ms, target pause time: 60.00 ms]
 1513190.501: [G1Ergonomics (CSet Construction) add young regions to CSet, eden: 553 regions, survivors: 9 regions, predicted young region time: 144.85 ms]
 1513190.501: [G1Ergonomics (CSet Construction) finish choosing CSet, eden: 553 regions, survivors: 9 regions, old: 0 regions, predicted pause time: 153.66 ms, target pause time: 60.00 ms]
, 0.0244053 secs]
   [Parallel Time: 22.1 ms, GC Workers: 8]
      [GC Worker Start (ms): Min: 1513190501.4, Avg: 1513190501.4, Max: 1513190501.4, Diff: 0.1]
      [Ext Root Scanning (ms): Min: 1.1, Avg: 1.4, Max: 2.1, Diff: 1.0, Sum: 11.0]
      [Update RS (ms): Min: 5.0, Avg: 5.7, Max: 6.1, Diff: 1.1, Sum: 45.5]
         [Processed Buffers: Min: 15, Avg: 27.0, Max: 37, Diff: 22, Sum: 216]
      [Scan RS (ms): Min: 0.0, Avg: 0.1, Max: 0.1, Diff: 0.1, Sum: 0.6]
      [Code Root Scanning (ms): Min: 0.0, Avg: 0.0, Max: 0.0, Diff: 0.0, Sum: 0.0]
      [Object Copy (ms): Min: 14.6, Avg: 14.8, Max: 14.9, Diff: 0.2, Sum: 118.2]
      [Termination (ms): Min: 0.0, Avg: 0.0, Max: 0.0, Diff: 0.0, Sum: 0.0]
      [GC Worker Other (ms): Min: 0.0, Avg: 0.1, Max: 0.1, Diff: 0.1, Sum: 0.5]
      [GC Worker Total (ms): Min: 21.9, Avg: 22.0, Max: 22.1, Diff: 0.1, Sum: 175.9]
      [GC Worker End (ms): Min: 1513190523.3, Avg: 1513190523.4, Max: 1513190523.4, Diff: 0.1]
   [Code Root Fixup: 0.4 ms]
   [Code Root Purge: 0.0 ms]
   [Clear CT: 0.3 ms]
   [Other: 1.6 ms]
      [Choose CSet: 0.0 ms]
      [Ref Proc: 0.2 ms]
      [Ref Enq: 0.0 ms]
      [Redirty Cards: 0.1 ms]
      [Humongous Reclaim: 0.0 ms]
      [Free CSet: 0.7 ms]
   [Eden: 2212.0M(2212.0M)->0.0B(2212.0M) Survivors: 36.0M->36.0M Heap: 3666.2M(4500.0M)->1455.7M(4500.0M)]
Heap after GC invocations=33199 (full 0):
 garbage-first heap   total 4608000K, used 1490602K [0x00000006a6c00000, 0x00000006a7002328, 0x00000007c0000000)
  region size 4096K, 9 young (36864K), 9 survivors (36864K)
 Metaspace       used 124692K, capacity 128524K, committed 129664K, reserved 1165312K
  class space    used 13846K, capacity 14512K, committed 14720K, reserved 1048576K
}
 [Times: user=0.14 sys=0.04, real=0.02 secs] 
{Heap before GC invocations=33199 (full 0):
 garbage-first heap   total 4608000K, used 3755690K [0x00000006a6c00000, 0x00000006a7002328, 0x00000007c0000000)
  region size 4096K, 562 young (2301952K), 9 survivors (36864K)
 Metaspace       used 124692K, capacity 128524K, committed 129664K, reserved 1165312K
  class space    used 13846K, capacity 14512K, committed 14720K, reserved 1048576K
2019-04-29T04:53:30.334+0800: 1513219.553: [GC pause (G1 Evacuation Pause) (young)
Desired survivor size 148897792 bytes, new threshold 15 (max 15)
- age   1:   17757480 bytes,   17757480 total
- age   2:    2745440 bytes,   20502920 total
- age   3:     306480 bytes,   20809400 total
- age   4:     346832 bytes,   21156232 total
- age   5:     521592 bytes,   21677824 total
- age   6:     955440 bytes,   22633264 total
- age   7:     417744 bytes,   23051008 total
- age   8:     776984 bytes,   23827992 total
- age   9:    1558128 bytes,   25386120 total
- age  10:     493608 bytes,   25879728 total
- age  11:     472200 bytes,   26351928 total
- age  12:     595864 bytes,   26947792 total
- age  13:     857008 bytes,   27804800 total
- age  14:    1017616 bytes,   28822416 total
- age  15:     951120 bytes,   29773536 total
 1513219.553: [G1Ergonomics (CSet Construction) start choosing CSet, _pending_cards: 23881, predicted base time: 8.79 ms, remaining time: 51.21 ms, target pause time: 60.00 ms]
 1513219.553: [G1Ergonomics (CSet Construction) add young regions to CSet, eden: 553 regions, survivors: 9 regions, predicted young region time: 118.90 ms]
 1513219.553: [G1Ergonomics (CSet Construction) finish choosing CSet, eden: 553 regions, survivors: 9 regions, old: 0 regions, predicted pause time: 127.69 ms, target pause time: 60.00 ms]
, 0.0250181 secs]
   [Parallel Time: 22.9 ms, GC Workers: 8]
      [GC Worker Start (ms): Min: 1513219553.2, Avg: 1513219553.3, Max: 1513219553.3, Diff: 0.1]
      [Ext Root Scanning (ms): Min: 1.1, Avg: 1.3, Max: 2.0, Diff: 1.0, Sum: 10.4]
      [Update RS (ms): Min: 5.2, Avg: 5.9, Max: 6.1, Diff: 1.0, Sum: 47.0]
         [Processed Buffers: Min: 16, Avg: 28.5, Max: 52, Diff: 36, Sum: 228]
      [Scan RS (ms): Min: 0.0, Avg: 0.1, Max: 0.1, Diff: 0.1, Sum: 0.6]
      [Code Root Scanning (ms): Min: 0.0, Avg: 0.0, Max: 0.0, Diff: 0.0, Sum: 0.0]
      [Object Copy (ms): Min: 15.4, Avg: 15.5, Max: 15.6, Diff: 0.2, Sum: 123.8]
      [Termination (ms): Min: 0.0, Avg: 0.0, Max: 0.0, Diff: 0.0, Sum: 0.0]
      [GC Worker Other (ms): Min: 0.0, Avg: 0.0, Max: 0.1, Diff: 0.1, Sum: 0.3]
      [GC Worker Total (ms): Min: 22.7, Avg: 22.8, Max: 22.8, Diff: 0.1, Sum: 182.2]
      [GC Worker End (ms): Min: 1513219576.0, Avg: 1513219576.1, Max: 1513219576.1, Diff: 0.1]
   [Code Root Fixup: 0.2 ms]
   [Code Root Purge: 0.0 ms]
   [Clear CT: 0.3 ms]
   [Other: 1.6 ms]
      [Choose CSet: 0.0 ms]
      [Ref Proc: 0.3 ms]
      [Ref Enq: 0.0 ms]
      [Redirty Cards: 0.1 ms]
      [Humongous Reclaim: 0.0 ms]
      [Free CSet: 0.7 ms]
   [Eden: 2212.0M(2212.0M)->0.0B(2204.0M) Survivors: 36.0M->44.0M Heap: 3667.7M(4500.0M)->1463.2M(4500.0M)]
Heap after GC invocations=33200 (full 0):
 garbage-first heap   total 4608000K, used 1498278K [0x00000006a6c00000, 0x00000006a7002328, 0x00000007c0000000)
  region size 4096K, 11 young (45056K), 11 survivors (45056K)
 Metaspace       used 124692K, capacity 128524K, committed 129664K, reserved 1165312K
  class space    used 13846K, capacity 14512K, committed 14720K, reserved 1048576K
}
 [Times: user=0.16 sys=0.04, real=0.02 secs] 
{Heap before GC invocations=33200 (full 0):
 garbage-first heap   total 4608000K, used 3755174K [0x00000006a6c00000, 0x00000006a7002328, 0x00000007c0000000)
  region size 4096K, 562 young (2301952K), 11 survivors (45056K)
 Metaspace       used 124692K, capacity 128524K, committed 129664K, reserved 1165312K
  class space    used 13846K, capacity 14512K, committed 14720K, reserved 1048576K
2019-04-29T04:54:02.278+0800: 1513251.497: [GC pause (G1 Evacuation Pause) (young)
Desired survivor size 148897792 bytes, new threshold 15 (max 15)
- age   1:   21193944 bytes,   21193944 total
- age   2:    2646824 bytes,   23840768 total
- age   3:     961064 bytes,   24801832 total
- age   4:     297536 bytes,   25099368 total
- age   5:     337832 bytes,   25437200 total
- age   6:     504392 bytes,   25941592 total
- age   7:     943600 bytes,   26885192 total
- age   8:     416704 bytes,   27301896 total
- age   9:     761768 bytes,   28063664 total
- age  10:    1558128 bytes,   29621792 total
- age  11:     490888 bytes,   30112680 total
- age  12:     472200 bytes,   30584880 total
- age  13:     595864 bytes,   31180744 total
- age  14:     857008 bytes,   32037752 total
- age  15:    1014896 bytes,   33052648 total
 1513251.497: [G1Ergonomics (CSet Construction) start choosing CSet, _pending_cards: 24004, predicted base time: 8.78 ms, remaining time: 51.22 ms, target pause time: 60.00 ms]
 1513251.497: [G1Ergonomics (CSet Construction) add young regions to CSet, eden: 551 regions, survivors: 11 regions, predicted young region time: 255.98 ms]
 1513251.497: [G1Ergonomics (CSet Construction) finish choosing CSet, eden: 551 regions, survivors: 11 regions, old: 0 regions, predicted pause time: 264.76 ms, target pause time: 60.00 ms]
, 0.0238860 secs]
   [Parallel Time: 21.8 ms, GC Workers: 8]
      [GC Worker Start (ms): Min: 1513251497.3, Avg: 1513251497.3, Max: 1513251497.3, Diff: 0.1]
      [Ext Root Scanning (ms): Min: 1.1, Avg: 1.7, Max: 4.4, Diff: 3.2, Sum: 13.2]
      [Update RS (ms): Min: 3.1, Avg: 5.8, Max: 6.3, Diff: 3.2, Sum: 46.3]
         [Processed Buffers: Min: 17, Avg: 28.1, Max: 46, Diff: 29, Sum: 225]
      [Scan RS (ms): Min: 0.0, Avg: 0.1, Max: 0.2, Diff: 0.2, Sum: 0.8]
      [Code Root Scanning (ms): Min: 0.0, Avg: 0.0, Max: 0.0, Diff: 0.0, Sum: 0.0]
      [Object Copy (ms): Min: 13.9, Avg: 14.1, Max: 14.2, Diff: 0.3, Sum: 112.8]
      [Termination (ms): Min: 0.0, Avg: 0.0, Max: 0.0, Diff: 0.0, Sum: 0.0]
      [GC Worker Other (ms): Min: 0.0, Avg: 0.1, Max: 0.1, Diff: 0.1, Sum: 0.4]
      [GC Worker Total (ms): Min: 21.6, Avg: 21.7, Max: 21.8, Diff: 0.1, Sum: 173.6]
      [GC Worker End (ms): Min: 1513251519.0, Avg: 1513251519.0, Max: 1513251519.0, Diff: 0.1]
   [Code Root Fixup: 0.3 ms]
   [Code Root Purge: 0.0 ms]
   [Clear CT: 0.3 ms]
   [Other: 1.5 ms]
      [Choose CSet: 0.0 ms]
      [Ref Proc: 0.2 ms]
      [Ref Enq: 0.0 ms]
      [Redirty Cards: 0.1 ms]
      [Humongous Reclaim: 0.0 ms]
      [Free CSet: 0.6 ms]
   [Eden: 2204.0M(2204.0M)->0.0B(2212.0M) Survivors: 44.0M->36.0M Heap: 3667.2M(4500.0M)->1456.6M(4500.0M)]
Heap after GC invocations=33201 (full 0):
 garbage-first heap   total 4608000K, used 1491513K [0x00000006a6c00000, 0x00000006a7002328, 0x00000007c0000000)
  region size 4096K, 9 young (36864K), 9 survivors (36864K)
 Metaspace       used 124692K, capacity 128524K, committed 129664K, reserved 1165312K
  class space    used 13846K, capacity 14512K, committed 14720K, reserved 1048576K
}
 [Times: user=0.14 sys=0.03, real=0.03 secs] 
{Heap before GC invocations=33201 (full 0):
 garbage-first heap   total 4608000K, used 3756601K [0x00000006a6c00000, 0x00000006a7002328, 0x00000007c0000000)
  region size 4096K, 562 young (2301952K), 9 survivors (36864K)
 Metaspace       used 124692K, capacity 128524K, committed 129664K, reserved 1165312K
  class space    used 13846K, capacity 14512K, committed 14720K, reserved 1048576K
2019-04-29T04:54:34.464+0800: 1513283.683: [GC pause (G1 Evacuation Pause) (young)
Desired survivor size 148897792 bytes, new threshold 15 (max 15)
- age   1:   18837840 bytes,   18837840 total
- age   2:    2088648 bytes,   20926488 total
- age   3:     645512 bytes,   21572000 total
- age   4:     728504 bytes,   22300504 total
- age   5:     266872 bytes,   22567376 total
- age   6:     328728 bytes,   22896104 total
- age   7:     490920 bytes,   23387024 total
- age   8:     837120 bytes,   24224144 total
- age   9:     416280 bytes,   24640424 total
- age  10:     677976 bytes,   25318400 total
- age  11:    1558128 bytes,   26876528 total
- age  12:     490888 bytes,   27367416 total
- age  13:     472200 bytes,   27839616 total
- age  14:     595864 bytes,   28435480 total
- age  15:     857008 bytes,   29292488 total
 1513283.683: [G1Ergonomics (CSet Construction) start choosing CSet, _pending_cards: 24717, predicted base time: 9.03 ms, remaining time: 50.97 ms, target pause time: 60.00 ms]
 1513283.683: [G1Ergonomics (CSet Construction) add young regions to CSet, eden: 553 regions, survivors: 9 regions, predicted young region time: 204.43 ms]
 1513283.683: [G1Ergonomics (CSet Construction) finish choosing CSet, eden: 553 regions, survivors: 9 regions, old: 0 regions, predicted pause time: 213.46 ms, target pause time: 60.00 ms]
, 0.0230554 secs]
   [Parallel Time: 21.1 ms, GC Workers: 8]
      [GC Worker Start (ms): Min: 1513283683.1, Avg: 1513283683.1, Max: 1513283683.2, Diff: 0.1]
      [Ext Root Scanning (ms): Min: 1.1, Avg: 1.3, Max: 2.1, Diff: 1.0, Sum: 10.7]
      [Update RS (ms): Min: 5.3, Avg: 5.9, Max: 6.2, Diff: 0.9, Sum: 47.1]
         [Processed Buffers: Min: 19, Avg: 27.6, Max: 38, Diff: 19, Sum: 221]
      [Scan RS (ms): Min: 0.0, Avg: 0.1, Max: 0.2, Diff: 0.1, Sum: 0.6]
      [Code Root Scanning (ms): Min: 0.0, Avg: 0.0, Max: 0.0, Diff: 0.0, Sum: 0.0]
      [Object Copy (ms): Min: 13.5, Avg: 13.6, Max: 13.7, Diff: 0.2, Sum: 108.9]
      [Termination (ms): Min: 0.0, Avg: 0.0, Max: 0.0, Diff: 0.0, Sum: 0.0]
      [GC Worker Other (ms): Min: 0.0, Avg: 0.0, Max: 0.1, Diff: 0.1, Sum: 0.3]
      [GC Worker Total (ms): Min: 20.9, Avg: 21.0, Max: 21.0, Diff: 0.1, Sum: 167.7]
      [GC Worker End (ms): Min: 1513283704.1, Avg: 1513283704.1, Max: 1513283704.1, Diff: 0.1]
   [Code Root Fixup: 0.2 ms]
   [Code Root Purge: 0.0 ms]
   [Clear CT: 0.3 ms]
   [Other: 1.5 ms]
      [Choose CSet: 0.0 ms]
      [Ref Proc: 0.2 ms]
      [Ref Enq: 0.0 ms]
      [Redirty Cards: 0.1 ms]
      [Humongous Reclaim: 0.0 ms]
      [Free CSet: 0.6 ms]
   [Eden: 2212.0M(2212.0M)->0.0B(2212.0M) Survivors: 36.0M->36.0M Heap: 3668.6M(4500.0M)->1460.0M(4500.0M)]
Heap after GC invocations=33202 (full 0):
 garbage-first heap   total 4608000K, used 1495026K [0x00000006a6c00000, 0x00000006a7002328, 0x00000007c0000000)
  region size 4096K, 9 young (36864K), 9 survivors (36864K)
 Metaspace       used 124692K, capacity 128524K, committed 129664K, reserved 1165312K
  class space    used 13846K, capacity 14512K, committed 14720K, reserved 1048576K
}
 [Times: user=0.17 sys=0.00, real=0.02 secs] 
{Heap before GC invocations=33202 (full 0):
 garbage-first heap   total 4608000K, used 3760114K [0x00000006a6c00000, 0x00000006a7002328, 0x00000007c0000000)
  region size 4096K, 562 young (2301952K), 9 survivors (36864K)
 Metaspace       used 124692K, capacity 128524K, committed 129664K, reserved 1165312K
  class space    used 13846K, capacity 14512K, committed 14720K, reserved 1048576K
2019-04-29T04:55:01.737+0800: 1513310.955: [GC pause (G1 Evacuation Pause) (young)
Desired survivor size 148897792 bytes, new threshold 15 (max 15)
- age   1:   19003096 bytes,   19003096 total
- age   2:    2066608 bytes,   21069704 total
- age   3:     298576 bytes,   21368280 total
- age   4:     593936 bytes,   21962216 total
- age   5:     661792 bytes,   22624008 total
- age   6:     262824 bytes,   22886832 total
- age   7:     308432 bytes,   23195264 total
- age   8:     485648 bytes,   23680912 total
- age   9:     799176 bytes,   24480088 total
- age  10:     416280 bytes,   24896368 total
- age  11:     671576 bytes,   25567944 total
- age  12:    1558128 bytes,   27126072 total
- age  13:     490888 bytes,   27616960 total
- age  14:     472200 bytes,   28089160 total
- age  15:     595864 bytes,   28685024 total
 1513310.955: [G1Ergonomics (CSet Construction) start choosing CSet, _pending_cards: 23671, predicted base time: 8.66 ms, remaining time: 51.34 ms, target pause time: 60.00 ms]
 1513310.955: [G1Ergonomics (CSet Construction) add young regions to CSet, eden: 553 regions, survivors: 9 regions, predicted young region time: 159.31 ms]
 1513310.955: [G1Ergonomics (CSet Construction) finish choosing CSet, eden: 553 regions, survivors: 9 regions, old: 0 regions, predicted pause time: 167.97 ms, target pause time: 60.00 ms]
, 0.0248184 secs]
   [Parallel Time: 22.8 ms, GC Workers: 8]
      [GC Worker Start (ms): Min: 1513310955.7, Avg: 1513310955.7, Max: 1513310955.7, Diff: 0.1]
      [Ext Root Scanning (ms): Min: 1.3, Avg: 1.6, Max: 2.2, Diff: 0.8, Sum: 12.5]
      [Update RS (ms): Min: 5.7, Avg: 6.1, Max: 6.4, Diff: 0.7, Sum: 49.1]
         [Processed Buffers: Min: 13, Avg: 26.5, Max: 51, Diff: 38, Sum: 212]
      [Scan RS (ms): Min: 0.0, Avg: 0.1, Max: 0.2, Diff: 0.2, Sum: 0.7]
      [Code Root Scanning (ms): Min: 0.0, Avg: 0.0, Max: 0.0, Diff: 0.0, Sum: 0.0]
      [Object Copy (ms): Min: 14.7, Avg: 14.8, Max: 14.9, Diff: 0.2, Sum: 118.3]
      [Termination (ms): Min: 0.0, Avg: 0.0, Max: 0.0, Diff: 0.0, Sum: 0.0]
      [GC Worker Other (ms): Min: 0.0, Avg: 0.1, Max: 0.1, Diff: 0.1, Sum: 0.5]
      [GC Worker Total (ms): Min: 22.6, Avg: 22.6, Max: 22.7, Diff: 0.1, Sum: 181.1]
      [GC Worker End (ms): Min: 1513310978.3, Avg: 1513310978.4, Max: 1513310978.4, Diff: 0.1]
   [Code Root Fixup: 0.2 ms]
   [Code Root Purge: 0.0 ms]
   [Clear CT: 0.2 ms]
   [Other: 1.6 ms]
      [Choose CSet: 0.0 ms]
      [Ref Proc: 0.2 ms]
      [Ref Enq: 0.0 ms]
      [Redirty Cards: 0.1 ms]
      [Humongous Reclaim: 0.0 ms]
      [Free CSet: 0.7 ms]
   [Eden: 2212.0M(2212.0M)->0.0B(2208.0M) Survivors: 36.0M->40.0M Heap: 3672.0M(4500.0M)->1462.8M(4500.0M)]
Heap after GC invocations=33203 (full 0):
 garbage-first heap   total 4608000K, used 1497911K [0x00000006a6c00000, 0x00000006a7002328, 0x00000007c0000000)
  region size 4096K, 10 young (40960K), 10 survivors (40960K)
 Metaspace       used 124692K, capacity 128524K, committed 129664K, reserved 1165312K
  class space    used 13846K, capacity 14512K, committed 14720K, reserved 1048576K
}
 [Times: user=0.15 sys=0.03, real=0.03 secs] 
{Heap before GC invocations=33203 (full 0):
 garbage-first heap   total 4608000K, used 3758903K [0x00000006a6c00000, 0x00000006a7002328, 0x00000007c0000000)
  region size 4096K, 562 young (2301952K), 10 survivors (40960K)
 Metaspace       used 124692K, capacity 128524K, committed 129664K, reserved 1165312K
  class space    used 13846K, capacity 14512K, committed 14720K, reserved 1048576K
2019-04-29T04:55:27.793+0800: 1513337.011: [GC pause (G1 Evacuation Pause) (young)
Desired survivor size 148897792 bytes, new threshold 15 (max 15)
- age   1:   23126744 bytes,   23126744 total
- age   2:    2701488 bytes,   25828232 total
- age   3:     385592 bytes,   26213824 total
- age   4:     292192 bytes,   26506016 total
- age   5:     579328 bytes,   27085344 total
- age   6:     656088 bytes,   27741432 total
- age   7:     262600 bytes,   28004032 total
- age   8:     308104 bytes,   28312136 total
- age   9:     474632 bytes,   28786768 total
- age  10:     791496 bytes,   29578264 total
- age  11:     416280 bytes,   29994544 total
- age  12:     671576 bytes,   30666120 total
- age  13:    1558128 bytes,   32224248 total
- age  14:     490888 bytes,   32715136 total
- age  15:     472200 bytes,   33187336 total
 1513337.012: [G1Ergonomics (CSet Construction) start choosing CSet, _pending_cards: 22792, predicted base time: 8.62 ms, remaining time: 51.38 ms, target pause time: 60.00 ms]
 1513337.012: [G1Ergonomics (CSet Construction) add young regions to CSet, eden: 552 regions, survivors: 10 regions, predicted young region time: 154.36 ms]
 1513337.012: [G1Ergonomics (CSet Construction) finish choosing CSet, eden: 552 regions, survivors: 10 regions, old: 0 regions, predicted pause time: 162.97 ms, target pause time: 60.00 ms]
, 0.0224551 secs]
   [Parallel Time: 20.2 ms, GC Workers: 8]
      [GC Worker Start (ms): Min: 1513337011.7, Avg: 1513337011.8, Max: 1513337011.8, Diff: 0.1]
      [Ext Root Scanning (ms): Min: 1.1, Avg: 1.4, Max: 2.1, Diff: 1.0, Sum: 11.0]
      [Update RS (ms): Min: 4.8, Avg: 5.5, Max: 5.8, Diff: 1.0, Sum: 43.7]
         [Processed Buffers: Min: 13, Avg: 26.6, Max: 44, Diff: 31, Sum: 213]
      [Scan RS (ms): Min: 0.0, Avg: 0.1, Max: 0.1, Diff: 0.1, Sum: 0.6]
      [Code Root Scanning (ms): Min: 0.0, Avg: 0.0, Max: 0.0, Diff: 0.0, Sum: 0.0]
      [Object Copy (ms): Min: 13.0, Avg: 13.1, Max: 13.2, Diff: 0.2, Sum: 104.8]
      [Termination (ms): Min: 0.0, Avg: 0.0, Max: 0.0, Diff: 0.0, Sum: 0.0]
      [GC Worker Other (ms): Min: 0.0, Avg: 0.0, Max: 0.1, Diff: 0.1, Sum: 0.4]
      [GC Worker Total (ms): Min: 20.0, Avg: 20.1, Max: 20.1, Diff: 0.1, Sum: 160.5]
      [GC Worker End (ms): Min: 1513337031.8, Avg: 1513337031.8, Max: 1513337031.9, Diff: 0.1]
   [Code Root Fixup: 0.2 ms]
   [Code Root Purge: 0.0 ms]
   [Clear CT: 0.3 ms]
   [Other: 1.7 ms]
      [Choose CSet: 0.0 ms]
      [Ref Proc: 0.2 ms]
      [Ref Enq: 0.0 ms]
      [Redirty Cards: 0.1 ms]
      [Humongous Reclaim: 0.0 ms]
      [Free CSet: 0.9 ms]
   [Eden: 2208.0M(2208.0M)->0.0B(2212.0M) Survivors: 40.0M->36.0M Heap: 3670.8M(4500.0M)->1461.6M(4500.0M)]
Heap after GC invocations=33204 (full 0):
 garbage-first heap   total 4608000K, used 1496655K [0x00000006a6c00000, 0x00000006a7002328, 0x00000007c0000000)
  region size 4096K, 9 young (36864K), 9 survivors (36864K)
 Metaspace       used 124692K, capacity 128524K, committed 129664K, reserved 1165312K
  class space    used 13846K, capacity 14512K, committed 14720K, reserved 1048576K
}
 [Times: user=0.13 sys=0.03, real=0.02 secs] 
{Heap before GC invocations=33204 (full 0):
 garbage-first heap   total 4608000K, used 3761743K [0x00000006a6c00000, 0x00000006a7002328, 0x00000007c0000000)
  region size 4096K, 562 young (2301952K), 9 survivors (36864K)
 Metaspace       used 124692K, capacity 128524K, committed 129664K, reserved 1165312K
  class space    used 13846K, capacity 14512K, committed 14720K, reserved 1048576K
2019-04-29T04:55:57.788+0800: 1513367.007: [GC pause (G1 Evacuation Pause) (young)
Desired survivor size 148897792 bytes, new threshold 15 (max 15)
- age   1:   18070512 bytes,   18070512 total
- age   2:    2126976 bytes,   20197488 total
- age   3:     981032 bytes,   21178520 total
- age   4:     372504 bytes,   21551024 total
- age   5:     289488 bytes,   21840512 total
- age   6:     576504 bytes,   22417016 total
- age   7:     654968 bytes,   23071984 total
- age   8:     262264 bytes,   23334248 total
- age   9:     307960 bytes,   23642208 total
- age  10:     474632 bytes,   24116840 total
- age  11:     791496 bytes,   24908336 total
- age  12:     416280 bytes,   25324616 total
- age  13:     671576 bytes,   25996192 total
- age  14:    1558128 bytes,   27554320 total
- age  15:     490888 bytes,   28045208 total
 1513367.007: [G1Ergonomics (CSet Construction) start choosing CSet, _pending_cards: 22569, predicted base time: 8.45 ms, remaining time: 51.55 ms, target pause time: 60.00 ms]
 1513367.007: [G1Ergonomics (CSet Construction) add young regions to CSet, eden: 553 regions, survivors: 9 regions, predicted young region time: 131.96 ms]
 1513367.007: [G1Ergonomics (CSet Construction) finish choosing CSet, eden: 553 regions, survivors: 9 regions, old: 0 regions, predicted pause time: 140.41 ms, target pause time: 60.00 ms]
, 0.0211624 secs]
   [Parallel Time: 19.1 ms, GC Workers: 8]
      [GC Worker Start (ms): Min: 1513367007.5, Avg: 1513367007.6, Max: 1513367007.6, Diff: 0.1]
      [Ext Root Scanning (ms): Min: 1.1, Avg: 1.3, Max: 2.0, Diff: 0.9, Sum: 10.5]
      [Update RS (ms): Min: 5.1, Avg: 5.6, Max: 5.9, Diff: 0.8, Sum: 44.8]
         [Processed Buffers: Min: 15, Avg: 26.5, Max: 36, Diff: 21, Sum: 212]
      [Scan RS (ms): Min: 0.0, Avg: 0.1, Max: 0.1, Diff: 0.1, Sum: 0.6]
      [Code Root Scanning (ms): Min: 0.0, Avg: 0.0, Max: 0.0, Diff: 0.0, Sum: 0.0]
      [Object Copy (ms): Min: 11.7, Avg: 11.9, Max: 12.1, Diff: 0.3, Sum: 95.6]
      [Termination (ms): Min: 0.0, Avg: 0.0, Max: 0.0, Diff: 0.0, Sum: 0.0]
      [GC Worker Other (ms): Min: 0.0, Avg: 0.0, Max: 0.1, Diff: 0.0, Sum: 0.4]
      [GC Worker Total (ms): Min: 18.9, Avg: 19.0, Max: 19.0, Diff: 0.1, Sum: 151.9]
      [GC Worker End (ms): Min: 1513367026.5, Avg: 1513367026.5, Max: 1513367026.6, Diff: 0.1]
   [Code Root Fixup: 0.2 ms]
   [Code Root Purge: 0.0 ms]
   [Clear CT: 0.3 ms]
   [Other: 1.5 ms]
      [Choose CSet: 0.0 ms]
      [Ref Proc: 0.3 ms]
      [Ref Enq: 0.0 ms]
      [Redirty Cards: 0.1 ms]
      [Humongous Reclaim: 0.0 ms]
      [Free CSet: 0.6 ms]
   [Eden: 2212.0M(2212.0M)->0.0B(2212.0M) Survivors: 36.0M->36.0M Heap: 3673.6M(4500.0M)->1460.2M(4500.0M)]
Heap after GC invocations=33205 (full 0):
 garbage-first heap   total 4608000K, used 1495289K [0x00000006a6c00000, 0x00000006a7002328, 0x00000007c0000000)
  region size 4096K, 9 young (36864K), 9 survivors (36864K)
 Metaspace       used 124692K, capacity 128524K, committed 129664K, reserved 1165312K
  class space    used 13846K, capacity 14512K, committed 14720K, reserved 1048576K
}
 [Times: user=0.13 sys=0.03, real=0.03 secs] 
{Heap before GC invocations=33205 (full 0):
 garbage-first heap   total 4608000K, used 3760377K [0x00000006a6c00000, 0x00000006a7002328, 0x00000007c0000000)
  region size 4096K, 562 young (2301952K), 9 survivors (36864K)
 Metaspace       used 124692K, capacity 128524K, committed 129664K, reserved 1165312K
  class space    used 13846K, capacity 14512K, committed 14720K, reserved 1048576K
2019-04-29T04:56:28.026+0800: 1513397.245: [GC pause (G1 Evacuation Pause) (young)
Desired survivor size 148897792 bytes, new threshold 15 (max 15)
- age   1:   17242296 bytes,   17242296 total
- age   2:    1922016 bytes,   19164312 total
- age   3:     570784 bytes,   19735096 total
- age   4:     459552 bytes,   20194648 total
- age   5:     328712 bytes,   20523360 total
- age   6:     286704 bytes,   20810064 total
- age   7:     529152 bytes,   21339216 total
- age   8:     604240 bytes,   21943456 total
- age   9:     219744 bytes,   22163200 total
- age  10:     307960 bytes,   22471160 total
- age  11:     468216 bytes,   22939376 total
- age  12:     727656 bytes,   23667032 total
- age  13:     413080 bytes,   24080112 total
- age  14:     671496 bytes,   24751608 total
- age  15:    1558128 bytes,   26309736 total
 1513397.245: [G1Ergonomics (CSet Construction) start choosing CSet, _pending_cards: 23531, predicted base time: 8.68 ms, remaining time: 51.32 ms, target pause time: 60.00 ms]
 1513397.245: [G1Ergonomics (CSet Construction) add young regions to CSet, eden: 553 regions, survivors: 9 regions, predicted young region time: 106.48 ms]
 1513397.245: [G1Ergonomics (CSet Construction) finish choosing CSet, eden: 553 regions, survivors: 9 regions, old: 0 regions, predicted pause time: 115.15 ms, target pause time: 60.00 ms]
, 0.0251105 secs]
   [Parallel Time: 23.0 ms, GC Workers: 8]
      [GC Worker Start (ms): Min: 1513397245.3, Avg: 1513397245.3, Max: 1513397245.3, Diff: 0.1]
      [Ext Root Scanning (ms): Min: 1.1, Avg: 1.3, Max: 2.1, Diff: 1.0, Sum: 10.7]
      [Update RS (ms): Min: 5.1, Avg: 5.7, Max: 5.9, Diff: 0.8, Sum: 45.5]
         [Processed Buffers: Min: 12, Avg: 27.1, Max: 46, Diff: 34, Sum: 217]
      [Scan RS (ms): Min: 0.0, Avg: 0.1, Max: 0.1, Diff: 0.1, Sum: 0.6]
      [Code Root Scanning (ms): Min: 0.0, Avg: 0.0, Max: 0.0, Diff: 0.0, Sum: 0.0]
      [Object Copy (ms): Min: 15.6, Avg: 15.8, Max: 15.8, Diff: 0.2, Sum: 126.1]
      [Termination (ms): Min: 0.0, Avg: 0.0, Max: 0.0, Diff: 0.0, Sum: 0.1]
      [GC Worker Other (ms): Min: 0.0, Avg: 0.0, Max: 0.1, Diff: 0.1, Sum: 0.3]
      [GC Worker Total (ms): Min: 22.9, Avg: 22.9, Max: 22.9, Diff: 0.1, Sum: 183.3]
      [GC Worker End (ms): Min: 1513397268.2, Avg: 1513397268.2, Max: 1513397268.2, Diff: 0.1]
   [Code Root Fixup: 0.2 ms]
   [Code Root Purge: 0.0 ms]
   [Clear CT: 0.3 ms]
   [Other: 1.6 ms]
      [Choose CSet: 0.0 ms]
      [Ref Proc: 0.3 ms]
      [Ref Enq: 0.0 ms]
      [Redirty Cards: 0.1 ms]
      [Humongous Reclaim: 0.0 ms]
      [Free CSet: 0.7 ms]
   [Eden: 2212.0M(2212.0M)->0.0B(2204.0M) Survivors: 36.0M->44.0M Heap: 3672.2M(4500.0M)->1470.0M(4500.0M)]
Heap after GC invocations=33206 (full 0):
 garbage-first heap   total 4608000K, used 1505245K [0x00000006a6c00000, 0x00000006a7002328, 0x00000007c0000000)
  region size 4096K, 11 young (45056K), 11 survivors (45056K)
 Metaspace       used 124692K, capacity 128524K, committed 129664K, reserved 1165312K
  class space    used 13846K, capacity 14512K, committed 14720K, reserved 1048576K
}
 [Times: user=0.15 sys=0.04, real=0.03 secs] 
{Heap before GC invocations=33206 (full 0):
 garbage-first heap   total 4608000K, used 3762141K [0x00000006a6c00000, 0x00000006a7002328, 0x00000007c0000000)
  region size 4096K, 562 young (2301952K), 11 survivors (45056K)
 Metaspace       used 124692K, capacity 128524K, committed 129664K, reserved 1165312K
  class space    used 13846K, capacity 14512K, committed 14720K, reserved 1048576K
2019-04-29T04:56:59.661+0800: 1513428.880: [GC pause (G1 Evacuation Pause) (young)
Desired survivor size 148897792 bytes, new threshold 15 (max 15)
- age   1:   25757248 bytes,   25757248 total
- age   2:    2154904 bytes,   27912152 total
- age   3:     189632 bytes,   28101784 total
- age   4:     336176 bytes,   28437960 total
- age   5:     435928 bytes,   28873888 total
- age   6:     323112 bytes,   29197000 total
- age   7:     243648 bytes,   29440648 total
- age   8:     524688 bytes,   29965336 total
- age   9:     596616 bytes,   30561952 total
- age  10:     218728 bytes,   30780680 total
- age  11:     259584 bytes,   31040264 total
- age  12:     460888 bytes,   31501152 total
- age  13:     721296 bytes,   32222448 total
- age  14:     396080 bytes,   32618528 total
- age  15:     640920 bytes,   33259448 total
 1513428.880: [G1Ergonomics (CSet Construction) start choosing CSet, _pending_cards: 25746, predicted base time: 9.16 ms, remaining time: 50.84 ms, target pause time: 60.00 ms]
 1513428.880: [G1Ergonomics (CSet Construction) add young regions to CSet, eden: 551 regions, survivors: 11 regions, predicted young region time: 319.84 ms]
 1513428.880: [G1Ergonomics (CSet Construction) finish choosing CSet, eden: 551 regions, survivors: 11 regions, old: 0 regions, predicted pause time: 329.00 ms, target pause time: 60.00 ms]
, 0.0216926 secs]
   [Parallel Time: 19.7 ms, GC Workers: 8]
      [GC Worker Start (ms): Min: 1513428880.1, Avg: 1513428880.2, Max: 1513428880.2, Diff: 0.1]
      [Ext Root Scanning (ms): Min: 1.1, Avg: 1.3, Max: 2.0, Diff: 0.9, Sum: 10.6]
      [Update RS (ms): Min: 5.8, Avg: 6.3, Max: 6.6, Diff: 0.9, Sum: 50.6]
         [Processed Buffers: Min: 13, Avg: 28.1, Max: 46, Diff: 33, Sum: 225]
      [Scan RS (ms): Min: 0.0, Avg: 0.1, Max: 0.2, Diff: 0.2, Sum: 0.6]
      [Code Root Scanning (ms): Min: 0.0, Avg: 0.0, Max: 0.0, Diff: 0.0, Sum: 0.0]
      [Object Copy (ms): Min: 11.7, Avg: 11.8, Max: 11.9, Diff: 0.2, Sum: 94.4]
      [Termination (ms): Min: 0.0, Avg: 0.0, Max: 0.0, Diff: 0.0, Sum: 0.0]
      [GC Worker Other (ms): Min: 0.0, Avg: 0.0, Max: 0.1, Diff: 0.1, Sum: 0.3]
      [GC Worker Total (ms): Min: 19.5, Avg: 19.6, Max: 19.6, Diff: 0.1, Sum: 156.4]
      [GC Worker End (ms): Min: 1513428899.7, Avg: 1513428899.7, Max: 1513428899.8, Diff: 0.0]
   [Code Root Fixup: 0.3 ms]
   [Code Root Purge: 0.0 ms]
   [Clear CT: 0.3 ms]
   [Other: 1.4 ms]
      [Choose CSet: 0.0 ms]
      [Ref Proc: 0.2 ms]
      [Ref Enq: 0.0 ms]
      [Redirty Cards: 0.1 ms]
      [Humongous Reclaim: 0.0 ms]
      [Free CSet: 0.6 ms]
   [Eden: 2204.0M(2204.0M)->0.0B(2212.0M) Survivors: 44.0M->36.0M Heap: 3674.0M(4500.0M)->1463.5M(4500.0M)]
Heap after GC invocations=33207 (full 0):
 garbage-first heap   total 4608000K, used 1498615K [0x00000006a6c00000, 0x00000006a7002328, 0x00000007c0000000)
  region size 4096K, 9 young (36864K), 9 survivors (36864K)
 Metaspace       used 124692K, capacity 128524K, committed 129664K, reserved 1165312K
  class space    used 13846K, capacity 14512K, committed 14720K, reserved 1048576K
}
 [Times: user=0.13 sys=0.03, real=0.02 secs] 
{Heap before GC invocations=33207 (full 0):
 garbage-first heap   total 4608000K, used 3763703K [0x00000006a6c00000, 0x00000006a7002328, 0x00000007c0000000)
  region size 4096K, 562 young (2301952K), 9 survivors (36864K)
 Metaspace       used 124692K, capacity 128524K, committed 129664K, reserved 1165312K
  class space    used 13846K, capacity 14512K, committed 14720K, reserved 1048576K
2019-04-29T04:57:31.592+0800: 1513460.811: [GC pause (G1 Evacuation Pause) (young)
Desired survivor size 148897792 bytes, new threshold 15 (max 15)
- age   1:   17991744 bytes,   17991744 total
- age   2:    2616600 bytes,   20608344 total
- age   3:     314136 bytes,   20922480 total
- age   4:     181632 bytes,   21104112 total
- age   5:     325072 bytes,   21429184 total
- age   6:     432856 bytes,   21862040 total
- age   7:     292896 bytes,   22154936 total
- age   8:     219512 bytes,   22374448 total
- age   9:     493200 bytes,   22867648 total
- age  10:     550296 bytes,   23417944 total
- age  11:     218008 bytes,   23635952 total
- age  12:     248344 bytes,   23884296 total
- age  13:     460576 bytes,   24344872 total
- age  14:     656800 bytes,   25001672 total
- age  15:     395448 bytes,   25397120 total
 1513460.811: [G1Ergonomics (CSet Construction) start choosing CSet, _pending_cards: 23907, predicted base time: 8.67 ms, remaining time: 51.33 ms, target pause time: 60.00 ms]
 1513460.811: [G1Ergonomics (CSet Construction) add young regions to CSet, eden: 553 regions, survivors: 9 regions, predicted young region time: 251.99 ms]
 1513460.811: [G1Ergonomics (CSet Construction) finish choosing CSet, eden: 553 regions, survivors: 9 regions, old: 0 regions, predicted pause time: 260.66 ms, target pause time: 60.00 ms]
, 0.0214964 secs]
   [Parallel Time: 19.2 ms, GC Workers: 8]
      [GC Worker Start (ms): Min: 1513460811.3, Avg: 1513460811.4, Max: 1513460811.4, Diff: 0.1]
      [Ext Root Scanning (ms): Min: 1.1, Avg: 1.4, Max: 2.1, Diff: 1.0, Sum: 10.9]
      [Update RS (ms): Min: 5.3, Avg: 5.8, Max: 6.1, Diff: 0.8, Sum: 46.5]
         [Processed Buffers: Min: 15, Avg: 27.8, Max: 48, Diff: 33, Sum: 222]
      [Scan RS (ms): Min: 0.0, Avg: 0.1, Max: 0.1, Diff: 0.1, Sum: 0.6]
      [Code Root Scanning (ms): Min: 0.0, Avg: 0.0, Max: 0.0, Diff: 0.0, Sum: 0.0]
      [Object Copy (ms): Min: 11.6, Avg: 11.8, Max: 11.9, Diff: 0.2, Sum: 94.3]
      [Termination (ms): Min: 0.0, Avg: 0.0, Max: 0.0, Diff: 0.0, Sum: 0.0]
      [GC Worker Other (ms): Min: 0.0, Avg: 0.1, Max: 0.1, Diff: 0.1, Sum: 0.4]
      [GC Worker Total (ms): Min: 19.1, Avg: 19.1, Max: 19.1, Diff: 0.1, Sum: 152.7]
      [GC Worker End (ms): Min: 1513460830.4, Avg: 1513460830.4, Max: 1513460830.5, Diff: 0.1]
   [Code Root Fixup: 0.4 ms]
   [Code Root Purge: 0.0 ms]
   [Clear CT: 0.3 ms]
   [Other: 1.6 ms]
      [Choose CSet: 0.0 ms]
      [Ref Proc: 0.3 ms]
      [Ref Enq: 0.0 ms]
      [Redirty Cards: 0.2 ms]
      [Humongous Reclaim: 0.0 ms]
      [Free CSet: 0.6 ms]
   [Eden: 2212.0M(2212.0M)->0.0B(2212.0M) Survivors: 36.0M->36.0M Heap: 3675.5M(4500.0M)->1464.2M(4500.0M)]
Heap after GC invocations=33208 (full 0):
 garbage-first heap   total 4608000K, used 1499367K [0x00000006a6c00000, 0x00000006a7002328, 0x00000007c0000000)
  region size 4096K, 9 young (36864K), 9 survivors (36864K)
 Metaspace       used 124692K, capacity 128524K, committed 129664K, reserved 1165312K
  class space    used 13846K, capacity 14512K, committed 14720K, reserved 1048576K
}
 [Times: user=0.13 sys=0.03, real=0.02 secs] 
{Heap before GC invocations=33208 (full 0):
 garbage-first heap   total 4608000K, used 3764455K [0x00000006a6c00000, 0x00000006a7002328, 0x00000007c0000000)
  region size 4096K, 562 young (2301952K), 9 survivors (36864K)
 Metaspace       used 124692K, capacity 128524K, committed 129664K, reserved 1165312K
  class space    used 13846K, capacity 14512K, committed 14720K, reserved 1048576K
2019-04-29T04:58:04.344+0800: 1513493.563: [GC pause (G1 Evacuation Pause) (young)
Desired survivor size 148897792 bytes, new threshold 15 (max 15)
- age   1:   18910080 bytes,   18910080 total
- age   2:    2174160 bytes,   21084240 total
- age   3:     699152 bytes,   21783392 total
- age   4:     291696 bytes,   22075088 total
- age   5:     176704 bytes,   22251792 total
- age   6:     321352 bytes,   22573144 total
- age   7:     428488 bytes,   23001632 total
- age   8:     289696 bytes,   23291328 total
- age   9:     217456 bytes,   23508784 total
- age  10:     490216 bytes,   23999000 total
- age  11:     546912 bytes,   24545912 total
- age  12:     217432 bytes,   24763344 total
- age  13:     247912 bytes,   25011256 total
- age  14:     460112 bytes,   25471368 total
- age  15:     651776 bytes,   26123144 total
 1513493.563: [G1Ergonomics (CSet Construction) start choosing CSet, _pending_cards: 23749, predicted base time: 8.70 ms, remaining time: 51.30 ms, target pause time: 60.00 ms]
 1513493.563: [G1Ergonomics (CSet Construction) add young regions to CSet, eden: 553 regions, survivors: 9 regions, predicted young region time: 196.25 ms]
 1513493.563: [G1Ergonomics (CSet Construction) finish choosing CSet, eden: 553 regions, survivors: 9 regions, old: 0 regions, predicted pause time: 204.95 ms, target pause time: 60.00 ms]
, 0.0210481 secs]
   [Parallel Time: 19.1 ms, GC Workers: 8]
      [GC Worker Start (ms): Min: 1513493563.0, Avg: 1513493563.1, Max: 1513493563.1, Diff: 0.1]
      [Ext Root Scanning (ms): Min: 1.1, Avg: 1.3, Max: 2.2, Diff: 1.1, Sum: 10.6]
      [Update RS (ms): Min: 5.2, Avg: 5.8, Max: 6.1, Diff: 0.9, Sum: 46.2]
         [Processed Buffers: Min: 14, Avg: 27.8, Max: 51, Diff: 37, Sum: 222]
      [Scan RS (ms): Min: 0.0, Avg: 0.1, Max: 0.1, Diff: 0.1, Sum: 0.6]
      [Code Root Scanning (ms): Min: 0.0, Avg: 0.0, Max: 0.0, Diff: 0.0, Sum: 0.0]
      [Object Copy (ms): Min: 11.7, Avg: 11.8, Max: 11.9, Diff: 0.2, Sum: 94.5]
      [Termination (ms): Min: 0.0, Avg: 0.0, Max: 0.0, Diff: 0.0, Sum: 0.0]
      [GC Worker Other (ms): Min: 0.0, Avg: 0.0, Max: 0.1, Diff: 0.0, Sum: 0.3]
      [GC Worker Total (ms): Min: 19.0, Avg: 19.0, Max: 19.1, Diff: 0.1, Sum: 152.3]
      [GC Worker End (ms): Min: 1513493582.1, Avg: 1513493582.1, Max: 1513493582.1, Diff: 0.0]
   [Code Root Fixup: 0.2 ms]
   [Code Root Purge: 0.0 ms]
   [Clear CT: 0.2 ms]
   [Other: 1.5 ms]
      [Choose CSet: 0.0 ms]
      [Ref Proc: 0.2 ms]
      [Ref Enq: 0.0 ms]
      [Redirty Cards: 0.1 ms]
      [Humongous Reclaim: 0.0 ms]
      [Free CSet: 0.7 ms]
   [Eden: 2212.0M(2212.0M)->0.0B(2212.0M) Survivors: 36.0M->36.0M Heap: 3676.2M(4500.0M)->1465.0M(4500.0M)]
Heap after GC invocations=33209 (full 0):
 garbage-first heap   total 4608000K, used 1500144K [0x00000006a6c00000, 0x00000006a7002328, 0x00000007c0000000)
  region size 4096K, 9 young (36864K), 9 survivors (36864K)
 Metaspace       used 124692K, capacity 128524K, committed 129664K, reserved 1165312K
  class space    used 13846K, capacity 14512K, committed 14720K, reserved 1048576K
}
 [Times: user=0.13 sys=0.02, real=0.02 secs] 
{Heap before GC invocations=33209 (full 0):
 garbage-first heap   total 4608000K, used 3765232K [0x00000006a6c00000, 0x00000006a7002328, 0x00000007c0000000)
  region size 4096K, 562 young (2301952K), 9 survivors (36864K)
 Metaspace       used 124692K, capacity 128524K, committed 129664K, reserved 1165312K
  class space    used 13846K, capacity 14512K, committed 14720K, reserved 1048576K
2019-04-29T04:58:33.828+0800: 1513523.047: [GC pause (G1 Evacuation Pause) (young)
Desired survivor size 148897792 bytes, new threshold 15 (max 15)
- age   1:   18618872 bytes,   18618872 total
- age   2:    2053800 bytes,   20672672 total
- age   3:     429136 bytes,   21101808 total
- age   4:     688512 bytes,   21790320 total
- age   5:     275136 bytes,   22065456 total
- age   6:     175584 bytes,   22241040 total
- age   7:     311360 bytes,   22552400 total
- age   8:     428216 bytes,   22980616 total
- age   9:     286248 bytes,   23266864 total
- age  10:     215104 bytes,   23481968 total
- age  11:     481824 bytes,   23963792 total
- age  12:     546912 bytes,   24510704 total
- age  13:     217432 bytes,   24728136 total
- age  14:     247912 bytes,   24976048 total
- age  15:     460112 bytes,   25436160 total
 1513523.047: [G1Ergonomics (CSet Construction) start choosing CSet, _pending_cards: 23563, predicted base time: 8.57 ms, remaining time: 51.43 ms, target pause time: 60.00 ms]
 1513523.047: [G1Ergonomics (CSet Construction) add young regions to CSet, eden: 553 regions, survivors: 9 regions, predicted young region time: 160.32 ms]
 1513523.047: [G1Ergonomics (CSet Construction) finish choosing CSet, eden: 553 regions, survivors: 9 regions, old: 0 regions, predicted pause time: 168.89 ms, target pause time: 60.00 ms]
, 0.0207548 secs]
   [Parallel Time: 18.7 ms, GC Workers: 8]
      [GC Worker Start (ms): Min: 1513523047.6, Avg: 1513523047.6, Max: 1513523047.6, Diff: 0.1]
      [Ext Root Scanning (ms): Min: 1.1, Avg: 1.6, Max: 4.3, Diff: 3.2, Sum: 12.8]
      [Update RS (ms): Min: 3.3, Avg: 5.8, Max: 6.4, Diff: 3.2, Sum: 46.5]
         [Processed Buffers: Min: 10, Avg: 26.1, Max: 49, Diff: 39, Sum: 209]
      [Scan RS (ms): Min: 0.0, Avg: 0.1, Max: 0.1, Diff: 0.1, Sum: 0.7]
      [Code Root Scanning (ms): Min: 0.0, Avg: 0.0, Max: 0.0, Diff: 0.0, Sum: 0.0]
      [Object Copy (ms): Min: 11.0, Avg: 11.1, Max: 11.1, Diff: 0.2, Sum: 88.5]
      [Termination (ms): Min: 0.0, Avg: 0.0, Max: 0.0, Diff: 0.0, Sum: 0.0]
      [GC Worker Other (ms): Min: 0.0, Avg: 0.0, Max: 0.1, Diff: 0.1, Sum: 0.4]
      [GC Worker Total (ms): Min: 18.6, Avg: 18.6, Max: 18.6, Diff: 0.1, Sum: 148.9]
      [GC Worker End (ms): Min: 1513523066.2, Avg: 1513523066.2, Max: 1513523066.3, Diff: 0.1]
   [Code Root Fixup: 0.3 ms]
   [Code Root Purge: 0.0 ms]
   [Clear CT: 0.3 ms]
   [Other: 1.5 ms]
      [Choose CSet: 0.0 ms]
      [Ref Proc: 0.2 ms]
      [Ref Enq: 0.0 ms]
      [Redirty Cards: 0.1 ms]
      [Humongous Reclaim: 0.0 ms]
      [Free CSet: 0.6 ms]
   [Eden: 2212.0M(2212.0M)->0.0B(2212.0M) Survivors: 36.0M->36.0M Heap: 3677.0M(4500.0M)->1465.7M(4500.0M)]
Heap after GC invocations=33210 (full 0):
 garbage-first heap   total 4608000K, used 1500911K [0x00000006a6c00000, 0x00000006a7002328, 0x00000007c0000000)
  region size 4096K, 9 young (36864K), 9 survivors (36864K)
 Metaspace       used 124692K, capacity 128524K, committed 129664K, reserved 1165312K
  class space    used 13846K, capacity 14512K, committed 14720K, reserved 1048576K
}
 [Times: user=0.16 sys=0.00, real=0.02 secs] 
{Heap before GC invocations=33210 (full 0):
 garbage-first heap   total 4608000K, used 3765999K [0x00000006a6c00000, 0x00000006a7002328, 0x00000007c0000000)
  region size 4096K, 562 young (2301952K), 9 survivors (36864K)
 Metaspace       used 124692K, capacity 128524K, committed 129664K, reserved 1165312K
  class space    used 13846K, capacity 14512K, committed 14720K, reserved 1048576K
2019-04-29T04:59:05.189+0800: 1513554.408: [GC pause (G1 Evacuation Pause) (young)
Desired survivor size 148897792 bytes, new threshold 15 (max 15)
- age   1:   16939328 bytes,   16939328 total
- age   2:    2439072 bytes,   19378400 total
- age   3:     287360 bytes,   19665760 total
- age   4:     421032 bytes,   20086792 total
- age   5:     520480 bytes,   20607272 total
- age   6:     245672 bytes,   20852944 total
- age   7:     164032 bytes,   21016976 total
- age   8:     274376 bytes,   21291352 total
- age   9:     419584 bytes,   21710936 total
- age  10:     286248 bytes,   21997184 total
- age  11:     187256 bytes,   22184440 total
- age  12:     481824 bytes,   22666264 total
- age  13:     546912 bytes,   23213176 total
- age  14:     217360 bytes,   23430536 total
- age  15:     247912 bytes,   23678448 total
 1513554.408: [G1Ergonomics (CSet Construction) start choosing CSet, _pending_cards: 24158, predicted base time: 8.81 ms, remaining time: 51.19 ms, target pause time: 60.00 ms]
 1513554.408: [G1Ergonomics (CSet Construction) add young regions to CSet, eden: 553 regions, survivors: 9 regions, predicted young region time: 127.52 ms]
 1513554.408: [G1Ergonomics (CSet Construction) finish choosing CSet, eden: 553 regions, survivors: 9 regions, old: 0 regions, predicted pause time: 136.33 ms, target pause time: 60.00 ms]
, 0.0204243 secs]
   [Parallel Time: 18.3 ms, GC Workers: 8]
      [GC Worker Start (ms): Min: 1513554408.0, Avg: 1513554408.1, Max: 1513554408.1, Diff: 0.1]
      [Ext Root Scanning (ms): Min: 1.1, Avg: 1.4, Max: 2.2, Diff: 1.0, Sum: 10.9]
      [Update RS (ms): Min: 5.2, Avg: 5.9, Max: 6.2, Diff: 1.0, Sum: 47.0]
         [Processed Buffers: Min: 15, Avg: 28.8, Max: 43, Diff: 28, Sum: 230]
      [Scan RS (ms): Min: 0.0, Avg: 0.1, Max: 0.2, Diff: 0.1, Sum: 0.6]
      [Code Root Scanning (ms): Min: 0.0, Avg: 0.0, Max: 0.0, Diff: 0.0, Sum: 0.0]
      [Object Copy (ms): Min: 10.7, Avg: 10.9, Max: 10.9, Diff: 0.2, Sum: 86.8]
      [Termination (ms): Min: 0.0, Avg: 0.0, Max: 0.0, Diff: 0.0, Sum: 0.0]
      [GC Worker Other (ms): Min: 0.0, Avg: 0.0, Max: 0.1, Diff: 0.0, Sum: 0.3]
      [GC Worker Total (ms): Min: 18.2, Avg: 18.2, Max: 18.3, Diff: 0.1, Sum: 145.8]
      [GC Worker End (ms): Min: 1513554426.3, Avg: 1513554426.3, Max: 1513554426.3, Diff: 0.0]
   [Code Root Fixup: 0.2 ms]
   [Code Root Purge: 0.0 ms]
   [Clear CT: 0.3 ms]
   [Other: 1.6 ms]
      [Choose CSet: 0.0 ms]
      [Ref Proc: 0.2 ms]
      [Ref Enq: 0.0 ms]
      [Redirty Cards: 0.2 ms]
      [Humongous Reclaim: 0.0 ms]
      [Free CSet: 0.6 ms]
   [Eden: 2212.0M(2212.0M)->0.0B(2212.0M) Survivors: 36.0M->36.0M Heap: 3677.7M(4500.0M)->1466.2M(4500.0M)]
Heap after GC invocations=33211 (full 0):
 garbage-first heap   total 4608000K, used 1501381K [0x00000006a6c00000, 0x00000006a7002328, 0x00000007c0000000)
  region size 4096K, 9 young (36864K), 9 survivors (36864K)
 Metaspace       used 124692K, capacity 128524K, committed 129664K, reserved 1165312K
  class space    used 13846K, capacity 14512K, committed 14720K, reserved 1048576K
}
 [Times: user=0.12 sys=0.03, real=0.02 secs] 
{Heap before GC invocations=33211 (full 0):
 garbage-first heap   total 4608000K, used 3766469K [0x00000006a6c00000, 0x00000006a7002328, 0x00000007c0000000)
  region size 4096K, 562 young (2301952K), 9 survivors (36864K)
 Metaspace       used 124692K, capacity 128524K, committed 129664K, reserved 1165312K
  class space    used 13846K, capacity 14512K, committed 14720K, reserved 1048576K
2019-04-29T05:00:01.796+0800: 1513611.015: [GC pause (G1 Evacuation Pause) (young)
Desired survivor size 148897792 bytes, new threshold 15 (max 15)
- age   1:   17443576 bytes,   17443576 total
- age   2:    2083856 bytes,   19527432 total
- age   3:     442088 bytes,   19969520 total
- age   4:     267920 bytes,   20237440 total
- age   5:     376288 bytes,   20613728 total
- age   6:     464608 bytes,   21078336 total
- age   7:     234952 bytes,   21313288 total
- age   8:     119136 bytes,   21432424 total
- age   9:     270800 bytes,   21703224 total
- age  10:     416896 bytes,   22120120 total
- age  11:     285496 bytes,   22405616 total
- age  12:     173816 bytes,   22579432 total
- age  13:     453992 bytes,   23033424 total
- age  14:     546912 bytes,   23580336 total
- age  15:     214640 bytes,   23794976 total
 1513611.015: [G1Ergonomics (CSet Construction) start choosing CSet, _pending_cards: 30552, predicted base time: 10.36 ms, remaining time: 49.64 ms, target pause time: 60.00 ms]
 1513611.015: [G1Ergonomics (CSet Construction) add young regions to CSet, eden: 553 regions, survivors: 9 regions, predicted young region time: 107.91 ms]
 1513611.015: [G1Ergonomics (CSet Construction) finish choosing CSet, eden: 553 regions, survivors: 9 regions, old: 0 regions, predicted pause time: 118.27 ms, target pause time: 60.00 ms]
, 0.0221521 secs]
   [Parallel Time: 20.1 ms, GC Workers: 8]
      [GC Worker Start (ms): Min: 1513611015.3, Avg: 1513611015.4, Max: 1513611015.4, Diff: 0.1]
      [Ext Root Scanning (ms): Min: 1.0, Avg: 1.3, Max: 2.2, Diff: 1.2, Sum: 10.4]
      [Update RS (ms): Min: 5.5, Avg: 6.1, Max: 6.3, Diff: 0.8, Sum: 48.4]
         [Processed Buffers: Min: 13, Avg: 27.9, Max: 46, Diff: 33, Sum: 223]
      [Scan RS (ms): Min: 0.0, Avg: 0.1, Max: 0.1, Diff: 0.1, Sum: 0.6]
      [Code Root Scanning (ms): Min: 0.0, Avg: 0.0, Max: 0.0, Diff: 0.0, Sum: 0.0]
      [Object Copy (ms): Min: 12.3, Avg: 12.5, Max: 12.6, Diff: 0.3, Sum: 100.1]
      [Termination (ms): Min: 0.0, Avg: 0.0, Max: 0.0, Diff: 0.0, Sum: 0.0]
      [GC Worker Other (ms): Min: 0.0, Avg: 0.0, Max: 0.1, Diff: 0.1, Sum: 0.4]
      [GC Worker Total (ms): Min: 20.0, Avg: 20.0, Max: 20.1, Diff: 0.1, Sum: 160.0]
      [GC Worker End (ms): Min: 1513611035.3, Avg: 1513611035.4, Max: 1513611035.4, Diff: 0.1]
   [Code Root Fixup: 0.3 ms]
   [Code Root Purge: 0.0 ms]
   [Clear CT: 0.3 ms]
   [Other: 1.5 ms]
      [Choose CSet: 0.0 ms]
      [Ref Proc: 0.2 ms]
      [Ref Enq: 0.0 ms]
      [Redirty Cards: 0.1 ms]
      [Humongous Reclaim: 0.0 ms]
      [Free CSet: 0.6 ms]
   [Eden: 2212.0M(2212.0M)->0.0B(2212.0M) Survivors: 36.0M->36.0M Heap: 3678.2M(4500.0M)->1466.5M(4500.0M)]
Heap after GC invocations=33212 (full 0):
 garbage-first heap   total 4608000K, used 1501683K [0x00000006a6c00000, 0x00000006a7002328, 0x00000007c0000000)
  region size 4096K, 9 young (36864K), 9 survivors (36864K)
 Metaspace       used 124692K, capacity 128524K, committed 129664K, reserved 1165312K
  class space    used 13846K, capacity 14512K, committed 14720K, reserved 1048576K
}
 [Times: user=0.13 sys=0.04, real=0.02 secs] 
{Heap before GC invocations=33212 (full 0):
 garbage-first heap   total 4608000K, used 3766771K [0x00000006a6c00000, 0x00000006a7002328, 0x00000007c0000000)
  region size 4096K, 562 young (2301952K), 9 survivors (36864K)
 Metaspace       used 124692K, capacity 128524K, committed 129664K, reserved 1165312K
  class space    used 13846K, capacity 14512K, committed 14720K, reserved 1048576K
2019-04-29T05:02:23.364+0800: 1513752.583: [GC pause (G1 Evacuation Pause) (young)
Desired survivor size 148897792 bytes, new threshold 15 (max 15)
- age   1:   21136704 bytes,   21136704 total
- age   2:     670560 bytes,   21807264 total
- age   3:     263880 bytes,   22071144 total
- age   4:     322080 bytes,   22393224 total
- age   5:     233912 bytes,   22627136 total
- age   6:     300536 bytes,   22927672 total
- age   7:     345208 bytes,   23272880 total
- age   8:     192776 bytes,   23465656 total
- age   9:     110488 bytes,   23576144 total
- age  10:     216592 bytes,   23792736 total
- age  11:     401288 bytes,   24194024 total
- age  12:     230424 bytes,   24424448 total
- age  13:     142552 bytes,   24567000 total
- age  14:     351928 bytes,   24918928 total
- age  15:     513608 bytes,   25432536 total
 1513752.583: [G1Ergonomics (CSet Construction) start choosing CSet, _pending_cards: 27793, predicted base time: 9.47 ms, remaining time: 50.53 ms, target pause time: 60.00 ms]
 1513752.583: [G1Ergonomics (CSet Construction) add young regions to CSet, eden: 553 regions, survivors: 9 regions, predicted young region time: 97.82 ms]
 1513752.583: [G1Ergonomics (CSet Construction) finish choosing CSet, eden: 553 regions, survivors: 9 regions, old: 0 regions, predicted pause time: 107.29 ms, target pause time: 60.00 ms]
, 0.0206219 secs]
   [Parallel Time: 18.4 ms, GC Workers: 8]
      [GC Worker Start (ms): Min: 1513752583.1, Avg: 1513752583.2, Max: 1513752583.2, Diff: 0.1]
      [Ext Root Scanning (ms): Min: 1.2, Avg: 1.5, Max: 2.2, Diff: 1.0, Sum: 11.7]
      [Update RS (ms): Min: 6.4, Avg: 6.9, Max: 7.1, Diff: 0.7, Sum: 55.3]
         [Processed Buffers: Min: 15, Avg: 26.6, Max: 49, Diff: 34, Sum: 213]
      [Scan RS (ms): Min: 0.0, Avg: 0.1, Max: 0.2, Diff: 0.1, Sum: 0.6]
      [Code Root Scanning (ms): Min: 0.0, Avg: 0.0, Max: 0.0, Diff: 0.0, Sum: 0.0]
      [Object Copy (ms): Min: 9.5, Avg: 9.7, Max: 9.8, Diff: 0.2, Sum: 77.5]
      [Termination (ms): Min: 0.0, Avg: 0.0, Max: 0.0, Diff: 0.0, Sum: 0.0]
      [GC Worker Other (ms): Min: 0.0, Avg: 0.1, Max: 0.1, Diff: 0.1, Sum: 0.5]
      [GC Worker Total (ms): Min: 18.1, Avg: 18.2, Max: 18.3, Diff: 0.2, Sum: 145.7]
      [GC Worker End (ms): Min: 1513752601.4, Avg: 1513752601.4, Max: 1513752601.4, Diff: 0.1]
   [Code Root Fixup: 0.2 ms]
   [Code Root Purge: 0.0 ms]
   [Clear CT: 0.3 ms]
   [Other: 1.8 ms]
      [Choose CSet: 0.0 ms]
      [Ref Proc: 0.2 ms]
      [Ref Enq: 0.0 ms]
      [Redirty Cards: 0.1 ms]
      [Humongous Reclaim: 0.0 ms]
      [Free CSet: 0.9 ms]
   [Eden: 2212.0M(2212.0M)->0.0B(2212.0M) Survivors: 36.0M->36.0M Heap: 3678.5M(4500.0M)->1467.1M(4500.0M)]
Heap after GC invocations=33213 (full 0):
 garbage-first heap   total 4608000K, used 1502300K [0x00000006a6c00000, 0x00000006a7002328, 0x00000007c0000000)
  region size 4096K, 9 young (36864K), 9 survivors (36864K)
 Metaspace       used 124692K, capacity 128524K, committed 129664K, reserved 1165312K
  class space    used 13846K, capacity 14512K, committed 14720K, reserved 1048576K
}
 [Times: user=0.12 sys=0.03, real=0.02 secs] 
{Heap before GC invocations=33213 (full 0):
 garbage-first heap   total 4608000K, used 3767388K [0x00000006a6c00000, 0x00000006a7002328, 0x00000007c0000000)
  region size 4096K, 562 young (2301952K), 9 survivors (36864K)
 Metaspace       used 124692K, capacity 128524K, committed 129664K, reserved 1165312K
  class space    used 13846K, capacity 14512K, committed 14720K, reserved 1048576K
2019-04-29T05:05:02.231+0800: 1513911.450: [GC pause (G1 Evacuation Pause) (young)
Desired survivor size 148897792 bytes, new threshold 15 (max 15)
- age   1:   16971224 bytes,   16971224 total
- age   2:     540072 bytes,   17511296 total
- age   3:     223464 bytes,   17734760 total
- age   4:     248064 bytes,   17982824 total
- age   5:     305368 bytes,   18288192 total
- age   6:     226000 bytes,   18514192 total
- age   7:     293392 bytes,   18807584 total
- age   8:     297792 bytes,   19105376 total
- age   9:     187096 bytes,   19292472 total
- age  10:     108592 bytes,   19401064 total
- age  11:     200160 bytes,   19601224 total
- age  12:     398872 bytes,   20000096 total
- age  13:     227232 bytes,   20227328 total
- age  14:     138016 bytes,   20365344 total
- age  15:     317040 bytes,   20682384 total
 1513911.450: [G1Ergonomics (CSet Construction) start choosing CSet, _pending_cards: 26380, predicted base time: 9.27 ms, remaining time: 50.73 ms, target pause time: 60.00 ms]
 1513911.450: [G1Ergonomics (CSet Construction) add young regions to CSet, eden: 553 regions, survivors: 9 regions, predicted young region time: 108.29 ms]
 1513911.450: [G1Ergonomics (CSet Construction) finish choosing CSet, eden: 553 regions, survivors: 9 regions, old: 0 regions, predicted pause time: 117.56 ms, target pause time: 60.00 ms]
, 0.0213165 secs]
   [Parallel Time: 19.3 ms, GC Workers: 8]
      [GC Worker Start (ms): Min: 1513911450.3, Avg: 1513911450.3, Max: 1513911450.4, Diff: 0.1]
      [Ext Root Scanning (ms): Min: 1.0, Avg: 1.3, Max: 2.1, Diff: 1.1, Sum: 10.3]
      [Update RS (ms): Min: 6.0, Avg: 6.8, Max: 7.1, Diff: 1.1, Sum: 54.6]
         [Processed Buffers: Min: 18, Avg: 25.8, Max: 37, Diff: 19, Sum: 206]
      [Scan RS (ms): Min: 0.0, Avg: 0.1, Max: 0.1, Diff: 0.1, Sum: 0.6]
      [Code Root Scanning (ms): Min: 0.0, Avg: 0.0, Max: 0.0, Diff: 0.0, Sum: 0.0]
      [Object Copy (ms): Min: 10.8, Avg: 11.0, Max: 11.1, Diff: 0.3, Sum: 88.0]
      [Termination (ms): Min: 0.0, Avg: 0.0, Max: 0.0, Diff: 0.0, Sum: 0.0]
      [GC Worker Other (ms): Min: 0.0, Avg: 0.0, Max: 0.1, Diff: 0.1, Sum: 0.4]
      [GC Worker Total (ms): Min: 19.2, Avg: 19.2, Max: 19.3, Diff: 0.1, Sum: 153.8]
      [GC Worker End (ms): Min: 1513911469.5, Avg: 1513911469.5, Max: 1513911469.6, Diff: 0.1]
   [Code Root Fixup: 0.2 ms]
   [Code Root Purge: 0.0 ms]
   [Clear CT: 0.2 ms]
   [Other: 1.6 ms]
      [Choose CSet: 0.0 ms]
      [Ref Proc: 0.2 ms]
      [Ref Enq: 0.0 ms]
      [Redirty Cards: 0.2 ms]
      [Humongous Reclaim: 0.0 ms]
      [Free CSet: 0.6 ms]
   [Eden: 2212.0M(2212.0M)->0.0B(2212.0M) Survivors: 36.0M->36.0M Heap: 3679.1M(4500.0M)->1469.1M(4500.0M)]
Heap after GC invocations=33214 (full 0):
 garbage-first heap   total 4608000K, used 1504311K [0x00000006a6c00000, 0x00000006a7002328, 0x00000007c0000000)
  region size 4096K, 9 young (36864K), 9 survivors (36864K)
 Metaspace       used 124692K, capacity 128524K, committed 129664K, reserved 1165312K
  class space    used 13846K, capacity 14512K, committed 14720K, reserved 1048576K
}
 [Times: user=0.13 sys=0.02, real=0.02 secs] 
{Heap before GC invocations=33214 (full 0):
 garbage-first heap   total 4608000K, used 3769399K [0x00000006a6c00000, 0x00000006a7002328, 0x00000007c0000000)
  region size 4096K, 562 young (2301952K), 9 survivors (36864K)
 Metaspace       used 124692K, capacity 128524K, committed 129664K, reserved 1165312K
  class space    used 13846K, capacity 14512K, committed 14720K, reserved 1048576K
2019-04-29T05:07:39.616+0800: 1514068.835: [GC pause (G1 Evacuation Pause) (young)
Desired survivor size 148897792 bytes, new threshold 15 (max 15)
- age   1:   18637184 bytes,   18637184 total
- age   2:    1552952 bytes,   20190136 total
- age   3:     530208 bytes,   20720344 total
- age   4:     203952 bytes,   20924296 total
- age   5:     242136 bytes,   21166432 total
- age   6:     304632 bytes,   21471064 total
- age   7:     225744 bytes,   21696808 total
- age   8:     292352 bytes,   21989160 total
- age   9:     294456 bytes,   22283616 total
- age  10:     186888 bytes,   22470504 total
- age  11:     108304 bytes,   22578808 total
- age  12:     200088 bytes,   22778896 total
- age  13:     398584 bytes,   23177480 total
- age  14:     226880 bytes,   23404360 total
- age  15:     137520 bytes,   23541880 total
 1514068.835: [G1Ergonomics (CSet Construction) start choosing CSet, _pending_cards: 25958, predicted base time: 9.28 ms, remaining time: 50.72 ms, target pause time: 60.00 ms]
 1514068.835: [G1Ergonomics (CSet Construction) add young regions to CSet, eden: 553 regions, survivors: 9 regions, predicted young region time: 116.10 ms]
 1514068.835: [G1Ergonomics (CSet Construction) finish choosing CSet, eden: 553 regions, survivors: 9 regions, old: 0 regions, predicted pause time: 125.38 ms, target pause time: 60.00 ms]
, 0.0218875 secs]
   [Parallel Time: 19.9 ms, GC Workers: 8]
      [GC Worker Start (ms): Min: 1514068835.5, Avg: 1514068835.5, Max: 1514068835.5, Diff: 0.1]
      [Ext Root Scanning (ms): Min: 1.5, Avg: 1.7, Max: 2.2, Diff: 0.7, Sum: 13.8]
      [Update RS (ms): Min: 5.7, Avg: 6.1, Max: 6.4, Diff: 0.8, Sum: 48.8]
         [Processed Buffers: Min: 21, Avg: 26.0, Max: 40, Diff: 19, Sum: 208]
      [Scan RS (ms): Min: 0.0, Avg: 0.1, Max: 0.1, Diff: 0.1, Sum: 0.7]
      [Code Root Scanning (ms): Min: 0.0, Avg: 0.0, Max: 0.0, Diff: 0.0, Sum: 0.0]
      [Object Copy (ms): Min: 11.6, Avg: 11.8, Max: 11.8, Diff: 0.2, Sum: 94.2]
      [Termination (ms): Min: 0.0, Avg: 0.0, Max: 0.0, Diff: 0.0, Sum: 0.0]
      [GC Worker Other (ms): Min: 0.0, Avg: 0.0, Max: 0.1, Diff: 0.1, Sum: 0.4]
      [GC Worker Total (ms): Min: 19.7, Avg: 19.7, Max: 19.8, Diff: 0.1, Sum: 157.9]
      [GC Worker End (ms): Min: 1514068855.2, Avg: 1514068855.2, Max: 1514068855.3, Diff: 0.1]
   [Code Root Fixup: 0.2 ms]
   [Code Root Purge: 0.0 ms]
   [Clear CT: 0.3 ms]
   [Other: 1.5 ms]
      [Choose CSet: 0.0 ms]
      [Ref Proc: 0.3 ms]
      [Ref Enq: 0.0 ms]
      [Redirty Cards: 0.1 ms]
      [Humongous Reclaim: 0.0 ms]
      [Free CSet: 0.7 ms]
   [Eden: 2212.0M(2212.0M)->0.0B(2212.0M) Survivors: 36.0M->36.0M Heap: 3681.1M(4500.0M)->1468.0M(4500.0M)]
Heap after GC invocations=33215 (full 0):
 garbage-first heap   total 4608000K, used 1503184K [0x00000006a6c00000, 0x00000006a7002328, 0x00000007c0000000)
  region size 4096K, 9 young (36864K), 9 survivors (36864K)
 Metaspace       used 124692K, capacity 128524K, committed 129664K, reserved 1165312K
  class space    used 13846K, capacity 14512K, committed 14720K, reserved 1048576K
}
 [Times: user=0.16 sys=0.00, real=0.02 secs] 
{Heap before GC invocations=33215 (full 0):
 garbage-first heap   total 4608000K, used 3768272K [0x00000006a6c00000, 0x00000006a7002328, 0x00000007c0000000)
  region size 4096K, 562 young (2301952K), 9 survivors (36864K)
 Metaspace       used 124692K, capacity 128524K, committed 129664K, reserved 1165312K
  class space    used 13846K, capacity 14512K, committed 14720K, reserved 1048576K
2019-04-29T05:10:01.902+0800: 1514211.120: [GC pause (G1 Evacuation Pause) (young)
Desired survivor size 148897792 bytes, new threshold 15 (max 15)
- age   1:   19798800 bytes,   19798800 total
- age   2:     933664 bytes,   20732464 total
- age   3:    1515160 bytes,   22247624 total
- age   4:     529984 bytes,   22777608 total
- age   5:     203688 bytes,   22981296 total
- age   6:     241992 bytes,   23223288 total
- age   7:     304632 bytes,   23527920 total
- age   8:     225744 bytes,   23753664 total
- age   9:     292352 bytes,   24046016 total
- age  10:     294456 bytes,   24340472 total
- age  11:     186888 bytes,   24527360 total
- age  12:     108304 bytes,   24635664 total
- age  13:     200056 bytes,   24835720 total
- age  14:     398584 bytes,   25234304 total
- age  15:     226880 bytes,   25461184 total
 1514211.120: [G1Ergonomics (CSet Construction) start choosing CSet, _pending_cards: 25469, predicted base time: 9.21 ms, remaining time: 50.79 ms, target pause time: 60.00 ms]
 1514211.120: [G1Ergonomics (CSet Construction) add young regions to CSet, eden: 553 regions, survivors: 9 regions, predicted young region time: 121.15 ms]
 1514211.120: [G1Ergonomics (CSet Construction) finish choosing CSet, eden: 553 regions, survivors: 9 regions, old: 0 regions, predicted pause time: 130.35 ms, target pause time: 60.00 ms]
, 0.0244504 secs]
   [Parallel Time: 22.3 ms, GC Workers: 8]
      [GC Worker Start (ms): Min: 1514211120.6, Avg: 1514211120.7, Max: 1514211120.7, Diff: 0.1]
      [Ext Root Scanning (ms): Min: 1.0, Avg: 1.6, Max: 4.3, Diff: 3.3, Sum: 12.5]
      [Update RS (ms): Min: 3.6, Avg: 6.1, Max: 6.8, Diff: 3.2, Sum: 49.1]
         [Processed Buffers: Min: 16, Avg: 25.9, Max: 38, Diff: 22, Sum: 207]
      [Scan RS (ms): Min: 0.0, Avg: 0.1, Max: 0.1, Diff: 0.1, Sum: 0.6]
      [Code Root Scanning (ms): Min: 0.0, Avg: 0.0, Max: 0.0, Diff: 0.0, Sum: 0.0]
      [Object Copy (ms): Min: 14.2, Avg: 14.4, Max: 14.5, Diff: 0.2, Sum: 115.0]
      [Termination (ms): Min: 0.0, Avg: 0.0, Max: 0.0, Diff: 0.0, Sum: 0.0]
      [GC Worker Other (ms): Min: 0.0, Avg: 0.0, Max: 0.1, Diff: 0.0, Sum: 0.3]
      [GC Worker Total (ms): Min: 22.1, Avg: 22.2, Max: 22.3, Diff: 0.1, Sum: 177.6]
      [GC Worker End (ms): Min: 1514211142.9, Avg: 1514211142.9, Max: 1514211142.9, Diff: 0.0]
   [Code Root Fixup: 0.2 ms]
   [Code Root Purge: 0.0 ms]
   [Clear CT: 0.3 ms]
   [Other: 1.6 ms]
      [Choose CSet: 0.0 ms]
      [Ref Proc: 0.2 ms]
      [Ref Enq: 0.0 ms]
      [Redirty Cards: 0.2 ms]
      [Humongous Reclaim: 0.0 ms]
      [Free CSet: 0.7 ms]
   [Eden: 2212.0M(2212.0M)->0.0B(2212.0M) Survivors: 36.0M->36.0M Heap: 3680.0M(4500.0M)->1468.2M(4500.0M)]
Heap after GC invocations=33216 (full 0):
 garbage-first heap   total 4608000K, used 1503440K [0x00000006a6c00000, 0x00000006a7002328, 0x00000007c0000000)
  region size 4096K, 9 young (36864K), 9 survivors (36864K)
 Metaspace       used 124692K, capacity 128524K, committed 129664K, reserved 1165312K
  class space    used 13846K, capacity 14512K, committed 14720K, reserved 1048576K
}
 [Times: user=0.15 sys=0.03, real=0.02 secs] 
{Heap before GC invocations=33216 (full 0):
 garbage-first heap   total 4608000K, used 3768528K [0x00000006a6c00000, 0x00000006a7002328, 0x00000007c0000000)
  region size 4096K, 562 young (2301952K), 9 survivors (36864K)
 Metaspace       used 124692K, capacity 128524K, committed 129664K, reserved 1165312K
  class space    used 13846K, capacity 14512K, committed 14720K, reserved 1048576K
2019-04-29T05:12:19.130+0800: 1514348.349: [GC pause (G1 Evacuation Pause) (young)
Desired survivor size 148897792 bytes, new threshold 15 (max 15)
- age   1:   22663464 bytes,   22663464 total
- age   2:     690680 bytes,   23354144 total
- age   3:     932784 bytes,   24286928 total
- age   4:    1513000 bytes,   25799928 total
- age   5:     529872 bytes,   26329800 total
- age   6:     203464 bytes,   26533264 total
- age   7:     241880 bytes,   26775144 total
- age   8:     304632 bytes,   27079776 total
- age   9:     225632 bytes,   27305408 total
- age  10:     292208 bytes,   27597616 total
- age  11:     294456 bytes,   27892072 total
- age  12:     186888 bytes,   28078960 total
- age  13:     108304 bytes,   28187264 total
- age  14:     200056 bytes,   28387320 total
- age  15:     398584 bytes,   28785904 total
 1514348.349: [G1Ergonomics (CSet Construction) start choosing CSet, _pending_cards: 26865, predicted base time: 9.56 ms, remaining time: 50.44 ms, target pause time: 60.00 ms]
 1514348.349: [G1Ergonomics (CSet Construction) add young regions to CSet, eden: 553 regions, survivors: 9 regions, predicted young region time: 133.90 ms]
 1514348.349: [G1Ergonomics (CSet Construction) finish choosing CSet, eden: 553 regions, survivors: 9 regions, old: 0 regions, predicted pause time: 143.46 ms, target pause time: 60.00 ms]
, 0.0225498 secs]
   [Parallel Time: 20.5 ms, GC Workers: 8]
      [GC Worker Start (ms): Min: 1514348349.5, Avg: 1514348349.6, Max: 1514348349.6, Diff: 0.1]
      [Ext Root Scanning (ms): Min: 1.0, Avg: 1.3, Max: 2.2, Diff: 1.2, Sum: 10.1]
      [Update RS (ms): Min: 5.5, Avg: 6.2, Max: 6.6, Diff: 1.0, Sum: 49.8]
         [Processed Buffers: Min: 16, Avg: 27.1, Max: 37, Diff: 21, Sum: 217]
      [Scan RS (ms): Min: 0.0, Avg: 0.1, Max: 0.1, Diff: 0.1, Sum: 0.6]
      [Code Root Scanning (ms): Min: 0.0, Avg: 0.0, Max: 0.0, Diff: 0.0, Sum: 0.0]
      [Object Copy (ms): Min: 12.6, Avg: 12.8, Max: 12.9, Diff: 0.3, Sum: 102.1]
      [Termination (ms): Min: 0.0, Avg: 0.0, Max: 0.0, Diff: 0.0, Sum: 0.0]
      [GC Worker Other (ms): Min: 0.0, Avg: 0.0, Max: 0.1, Diff: 0.1, Sum: 0.3]
      [GC Worker Total (ms): Min: 20.3, Avg: 20.4, Max: 20.4, Diff: 0.1, Sum: 163.0]
      [GC Worker End (ms): Min: 1514348369.9, Avg: 1514348369.9, Max: 1514348370.0, Diff: 0.1]
   [Code Root Fixup: 0.2 ms]
   [Code Root Purge: 0.0 ms]
   [Clear CT: 0.3 ms]
   [Other: 1.5 ms]
      [Choose CSet: 0.0 ms]
      [Ref Proc: 0.3 ms]
      [Ref Enq: 0.0 ms]
      [Redirty Cards: 0.1 ms]
      [Humongous Reclaim: 0.0 ms]
      [Free CSet: 0.6 ms]
   [Eden: 2212.0M(2212.0M)->0.0B(2212.0M) Survivors: 36.0M->36.0M Heap: 3680.2M(4500.0M)->1468.7M(4500.0M)]
Heap after GC invocations=33217 (full 0):
 garbage-first heap   total 4608000K, used 1503971K [0x00000006a6c00000, 0x00000006a7002328, 0x00000007c0000000)
  region size 4096K, 9 young (36864K), 9 survivors (36864K)
 Metaspace       used 124692K, capacity 128524K, committed 129664K, reserved 1165312K
  class space    used 13846K, capacity 14512K, committed 14720K, reserved 1048576K
}
 [Times: user=0.17 sys=0.00, real=0.02 secs] 
{Heap before GC invocations=33217 (full 0):
 garbage-first heap   total 4608000K, used 3769059K [0x00000006a6c00000, 0x00000006a7002328, 0x00000007c0000000)
  region size 4096K, 562 young (2301952K), 9 survivors (36864K)
 Metaspace       used 124692K, capacity 128524K, committed 129664K, reserved 1165312K
  class space    used 13846K, capacity 14512K, committed 14720K, reserved 1048576K
2019-04-29T05:15:02.042+0800: 1514511.261: [GC pause (G1 Evacuation Pause) (young)
Desired survivor size 148897792 bytes, new threshold 15 (max 15)
- age   1:   20545688 bytes,   20545688 total
- age   2:     476392 bytes,   21022080 total
- age   3:     643488 bytes,   21665568 total
- age   4:     932080 bytes,   22597648 total
- age   5:    1411592 bytes,   24009240 total
- age   6:     521304 bytes,   24530544 total
- age   7:     165992 bytes,   24696536 total
- age   8:     241768 bytes,   24938304 total
- age   9:     296424 bytes,   25234728 total
- age  10:     225632 bytes,   25460360 total
- age  11:     264464 bytes,   25724824 total
- age  12:     274688 bytes,   25999512 total
- age  13:     186888 bytes,   26186400 total
- age  14:     108304 bytes,   26294704 total
- age  15:     200056 bytes,   26494760 total
 1514511.261: [G1Ergonomics (CSet Construction) start choosing CSet, _pending_cards: 27134, predicted base time: 9.47 ms, remaining time: 50.53 ms, target pause time: 60.00 ms]
 1514511.261: [G1Ergonomics (CSet Construction) add young regions to CSet, eden: 553 regions, survivors: 9 regions, predicted young region time: 161.77 ms]
 1514511.261: [G1Ergonomics (CSet Construction) finish choosing CSet, eden: 553 regions, survivors: 9 regions, old: 0 regions, predicted pause time: 171.24 ms, target pause time: 60.00 ms]
, 0.0222427 secs]
   [Parallel Time: 20.0 ms, GC Workers: 8]
      [GC Worker Start (ms): Min: 1514511261.6, Avg: 1514511261.6, Max: 1514511261.6, Diff: 0.1]
      [Ext Root Scanning (ms): Min: 1.1, Avg: 1.4, Max: 2.2, Diff: 1.2, Sum: 10.8]
      [Update RS (ms): Min: 5.9, Avg: 6.5, Max: 6.8, Diff: 0.9, Sum: 52.2]
         [Processed Buffers: Min: 17, Avg: 26.6, Max: 47, Diff: 30, Sum: 213]
      [Scan RS (ms): Min: 0.0, Avg: 0.1, Max: 0.2, Diff: 0.2, Sum: 0.7]
      [Code Root Scanning (ms): Min: 0.0, Avg: 0.0, Max: 0.0, Diff: 0.0, Sum: 0.0]
      [Object Copy (ms): Min: 11.7, Avg: 11.9, Max: 11.9, Diff: 0.2, Sum: 94.9]
      [Termination (ms): Min: 0.0, Avg: 0.0, Max: 0.0, Diff: 0.0, Sum: 0.0]
      [GC Worker Other (ms): Min: 0.0, Avg: 0.0, Max: 0.1, Diff: 0.1, Sum: 0.4]
      [GC Worker Total (ms): Min: 19.8, Avg: 19.9, Max: 19.9, Diff: 0.1, Sum: 159.0]
      [GC Worker End (ms): Min: 1514511281.4, Avg: 1514511281.5, Max: 1514511281.5, Diff: 0.1]
   [Code Root Fixup: 0.2 ms]
   [Code Root Purge: 0.0 ms]
   [Clear CT: 0.3 ms]
   [Other: 1.7 ms]
      [Choose CSet: 0.0 ms]
      [Ref Proc: 0.3 ms]
      [Ref Enq: 0.0 ms]
      [Redirty Cards: 0.1 ms]
      [Humongous Reclaim: 0.0 ms]
      [Free CSet: 0.7 ms]
   [Eden: 2212.0M(2212.0M)->0.0B(2212.0M) Survivors: 36.0M->36.0M Heap: 3680.7M(4500.0M)->1469.1M(4500.0M)]
Heap after GC invocations=33218 (full 0):
 garbage-first heap   total 4608000K, used 1504395K [0x00000006a6c00000, 0x00000006a7002328, 0x00000007c0000000)
  region size 4096K, 9 young (36864K), 9 survivors (36864K)
 Metaspace       used 124692K, capacity 128524K, committed 129664K, reserved 1165312K
  class space    used 13846K, capacity 14512K, committed 14720K, reserved 1048576K
}
 [Times: user=0.13 sys=0.03, real=0.02 secs] 
{Heap before GC invocations=33218 (full 0):
 garbage-first heap   total 4608000K, used 3769483K [0x00000006a6c00000, 0x00000006a7002328, 0x00000007c0000000)
  region size 4096K, 562 young (2301952K), 9 survivors (36864K)
 Metaspace       used 124692K, capacity 128524K, committed 129664K, reserved 1165312K
  class space    used 13846K, capacity 14512K, committed 14720K, reserved 1048576K
2019-04-29T05:17:36.917+0800: 1514666.136: [GC pause (G1 Evacuation Pause) (young)
Desired survivor size 148897792 bytes, new threshold 15 (max 15)
- age   1:   19309416 bytes,   19309416 total
- age   2:     641040 bytes,   19950456 total
- age   3:     470200 bytes,   20420656 total
- age   4:     640760 bytes,   21061416 total
- age   5:     930608 bytes,   21992024 total
- age   6:    1400296 bytes,   23392320 total
- age   7:     519528 bytes,   23911848 total
- age   8:     162264 bytes,   24074112 total
- age   9:     241256 bytes,   24315368 total
- age  10:     296032 bytes,   24611400 total
- age  11:     224784 bytes,   24836184 total
- age  12:     262360 bytes,   25098544 total
- age  13:     274688 bytes,   25373232 total
- age  14:     186888 bytes,   25560120 total
- age  15:     108304 bytes,   25668424 total
 1514666.136: [G1Ergonomics (CSet Construction) start choosing CSet, _pending_cards: 26757, predicted base time: 9.39 ms, remaining time: 50.61 ms, target pause time: 60.00 ms]
 1514666.136: [G1Ergonomics (CSet Construction) add young regions to CSet, eden: 553 regions, survivors: 9 regions, predicted young region time: 143.57 ms]
 1514666.136: [G1Ergonomics (CSet Construction) finish choosing CSet, eden: 553 regions, survivors: 9 regions, old: 0 regions, predicted pause time: 152.95 ms, target pause time: 60.00 ms]
, 0.0260543 secs]
   [Parallel Time: 24.2 ms, GC Workers: 8]
      [GC Worker Start (ms): Min: 1514666136.2, Avg: 1514666136.2, Max: 1514666136.2, Diff: 0.1]
      [Ext Root Scanning (ms): Min: 1.2, Avg: 1.4, Max: 2.1, Diff: 0.9, Sum: 11.2]
      [Update RS (ms): Min: 6.0, Avg: 6.7, Max: 7.0, Diff: 0.9, Sum: 53.4]
         [Processed Buffers: Min: 14, Avg: 26.2, Max: 43, Diff: 29, Sum: 210]
      [Scan RS (ms): Min: 0.0, Avg: 0.1, Max: 0.1, Diff: 0.1, Sum: 0.7]
      [Code Root Scanning (ms): Min: 0.0, Avg: 0.0, Max: 0.0, Diff: 0.0, Sum: 0.0]
      [Object Copy (ms): Min: 15.5, Avg: 15.6, Max: 15.8, Diff: 0.3, Sum: 124.8]
      [Termination (ms): Min: 0.0, Avg: 0.2, Max: 0.2, Diff: 0.2, Sum: 1.5]
      [GC Worker Other (ms): Min: 0.0, Avg: 0.1, Max: 0.1, Diff: 0.1, Sum: 0.4]
      [GC Worker Total (ms): Min: 23.9, Avg: 24.0, Max: 24.0, Diff: 0.1, Sum: 191.9]
      [GC Worker End (ms): Min: 1514666160.2, Avg: 1514666160.2, Max: 1514666160.2, Diff: 0.1]
   [Code Root Fixup: 0.2 ms]
   [Code Root Purge: 0.0 ms]
   [Clear CT: 0.2 ms]
   [Other: 1.4 ms]
      [Choose CSet: 0.0 ms]
      [Ref Proc: 0.2 ms]
      [Ref Enq: 0.0 ms]
      [Redirty Cards: 0.1 ms]
      [Humongous Reclaim: 0.0 ms]
      [Free CSet: 0.6 ms]
   [Eden: 2212.0M(2212.0M)->0.0B(2204.0M) Survivors: 36.0M->44.0M Heap: 3681.1M(4500.0M)->1479.3M(4500.0M)]
Heap after GC invocations=33219 (full 0):
 garbage-first heap   total 4608000K, used 1514833K [0x00000006a6c00000, 0x00000006a7002328, 0x00000007c0000000)
  region size 4096K, 11 young (45056K), 11 survivors (45056K)
 Metaspace       used 124692K, capacity 128524K, committed 129664K, reserved 1165312K
  class space    used 13846K, capacity 14512K, committed 14720K, reserved 1048576K
}
 [Times: user=0.16 sys=0.04, real=0.03 secs] 
{Heap before GC invocations=33219 (full 0):
 garbage-first heap   total 4608000K, used 3771729K [0x00000006a6c00000, 0x00000006a7002328, 0x00000007c0000000)
  region size 4096K, 562 young (2301952K), 11 survivors (45056K)
 Metaspace       used 124692K, capacity 128524K, committed 129664K, reserved 1165312K
  class space    used 13846K, capacity 14512K, committed 14720K, reserved 1048576K
2019-04-29T05:20:05.067+0800: 1514814.286: [GC pause (G1 Evacuation Pause) (young)
Desired survivor size 148897792 bytes, new threshold 15 (max 15)
- age   1:   26369560 bytes,   26369560 total
- age   2:    1914160 bytes,   28283720 total
- age   3:     628352 bytes,   28912072 total
- age   4:     469072 bytes,   29381144 total
- age   5:     640648 bytes,   30021792 total
- age   6:     930496 bytes,   30952288 total
- age   7:    1394152 bytes,   32346440 total
- age   8:     519304 bytes,   32865744 total
- age   9:     162264 bytes,   33028008 total
- age  10:     241256 bytes,   33269264 total
- age  11:     296032 bytes,   33565296 total
- age  12:     224784 bytes,   33790080 total
- age  13:     262360 bytes,   34052440 total
- age  14:     274688 bytes,   34327128 total
- age  15:     186888 bytes,   34514016 total
 1514814.286: [G1Ergonomics (CSet Construction) start choosing CSet, _pending_cards: 26081, predicted base time: 9.26 ms, remaining time: 50.74 ms, target pause time: 60.00 ms]
 1514814.286: [G1Ergonomics (CSet Construction) add young regions to CSet, eden: 551 regions, survivors: 11 regions, predicted young region time: 343.38 ms]
 1514814.286: [G1Ergonomics (CSet Construction) finish choosing CSet, eden: 551 regions, survivors: 11 regions, old: 0 regions, predicted pause time: 352.64 ms, target pause time: 60.00 ms]
, 0.0228414 secs]
   [Parallel Time: 20.5 ms, GC Workers: 8]
      [GC Worker Start (ms): Min: 1514814286.2, Avg: 1514814286.2, Max: 1514814286.3, Diff: 0.1]
      [Ext Root Scanning (ms): Min: 1.1, Avg: 1.4, Max: 2.1, Diff: 0.9, Sum: 10.9]
      [Update RS (ms): Min: 6.1, Avg: 6.5, Max: 6.7, Diff: 0.6, Sum: 51.7]
         [Processed Buffers: Min: 17, Avg: 26.1, Max: 39, Diff: 22, Sum: 209]
      [Scan RS (ms): Min: 0.0, Avg: 0.1, Max: 0.1, Diff: 0.1, Sum: 0.6]
      [Code Root Scanning (ms): Min: 0.0, Avg: 0.0, Max: 0.0, Diff: 0.0, Sum: 0.0]
      [Object Copy (ms): Min: 12.2, Avg: 12.4, Max: 12.5, Diff: 0.3, Sum: 99.0]
      [Termination (ms): Min: 0.0, Avg: 0.0, Max: 0.0, Diff: 0.0, Sum: 0.0]
      [GC Worker Other (ms): Min: 0.0, Avg: 0.0, Max: 0.1, Diff: 0.1, Sum: 0.4]
      [GC Worker Total (ms): Min: 20.3, Avg: 20.3, Max: 20.4, Diff: 0.1, Sum: 162.7]
      [GC Worker End (ms): Min: 1514814306.5, Avg: 1514814306.6, Max: 1514814306.6, Diff: 0.1]
   [Code Root Fixup: 0.2 ms]
   [Code Root Purge: 0.0 ms]
   [Clear CT: 0.4 ms]
   [Other: 1.8 ms]
      [Choose CSet: 0.0 ms]
      [Ref Proc: 0.3 ms]
      [Ref Enq: 0.0 ms]
      [Redirty Cards: 0.1 ms]
      [Humongous Reclaim: 0.0 ms]
      [Free CSet: 0.9 ms]
   [Eden: 2204.0M(2204.0M)->0.0B(2212.0M) Survivors: 44.0M->36.0M Heap: 3683.3M(4500.0M)->1469.6M(4500.0M)]
Heap after GC invocations=33220 (full 0):
 garbage-first heap   total 4608000K, used 1504821K [0x00000006a6c00000, 0x00000006a7002328, 0x00000007c0000000)
  region size 4096K, 9 young (36864K), 9 survivors (36864K)
 Metaspace       used 124692K, capacity 128524K, committed 129664K, reserved 1165312K
  class space    used 13846K, capacity 14512K, committed 14720K, reserved 1048576K
}
 [Times: user=0.17 sys=0.00, real=0.03 secs] 
{Heap before GC invocations=33220 (full 0):
 garbage-first heap   total 4608000K, used 3769909K [0x00000006a6c00000, 0x00000006a7002328, 0x00000007c0000000)
  region size 4096K, 562 young (2301952K), 9 survivors (36864K)
 Metaspace       used 124692K, capacity 128524K, committed 129664K, reserved 1165312K
  class space    used 13846K, capacity 14512K, committed 14720K, reserved 1048576K
2019-04-29T05:22:55.732+0800: 1514984.951: [GC pause (G1 Evacuation Pause) (young)
Desired survivor size 148897792 bytes, new threshold 15 (max 15)
- age   1:   17683024 bytes,   17683024 total
- age   2:    1062072 bytes,   18745096 total
- age   3:    1873840 bytes,   20618936 total
- age   4:     614864 bytes,   21233800 total
- age   5:     468960 bytes,   21702760 total
- age   6:     640536 bytes,   22343296 total
- age   7:     930272 bytes,   23273568 total
- age   8:    1393032 bytes,   24666600 total
- age   9:     519304 bytes,   25185904 total
- age  10:     162264 bytes,   25348168 total
- age  11:     241256 bytes,   25589424 total
- age  12:     296032 bytes,   25885456 total
- age  13:     224752 bytes,   26110208 total
- age  14:     262360 bytes,   26372568 total
- age  15:     274688 bytes,   26647256 total
 1514984.951: [G1Ergonomics (CSet Construction) start choosing CSet, _pending_cards: 26771, predicted base time: 9.47 ms, remaining time: 50.53 ms, target pause time: 60.00 ms]
 1514984.951: [G1Ergonomics (CSet Construction) add young regions to CSet, eden: 553 regions, survivors: 9 regions, predicted young region time: 270.38 ms]
 1514984.951: [G1Ergonomics (CSet Construction) finish choosing CSet, eden: 553 regions, survivors: 9 regions, old: 0 regions, predicted pause time: 279.85 ms, target pause time: 60.00 ms]
, 0.0237157 secs]
   [Parallel Time: 21.8 ms, GC Workers: 8]
      [GC Worker Start (ms): Min: 1514984951.0, Avg: 1514984951.0, Max: 1514984951.1, Diff: 0.1]
      [Ext Root Scanning (ms): Min: 1.0, Avg: 1.3, Max: 2.0, Diff: 1.0, Sum: 10.2]
      [Update RS (ms): Min: 6.1, Avg: 6.8, Max: 7.0, Diff: 0.9, Sum: 54.1]
         [Processed Buffers: Min: 17, Avg: 26.4, Max: 43, Diff: 26, Sum: 211]
      [Scan RS (ms): Min: 0.0, Avg: 0.1, Max: 0.1, Diff: 0.1, Sum: 0.6]
      [Code Root Scanning (ms): Min: 0.0, Avg: 0.0, Max: 0.0, Diff: 0.0, Sum: 0.0]
      [Object Copy (ms): Min: 13.3, Avg: 13.5, Max: 13.6, Diff: 0.3, Sum: 107.9]
      [Termination (ms): Min: 0.0, Avg: 0.0, Max: 0.0, Diff: 0.0, Sum: 0.0]
      [GC Worker Other (ms): Min: 0.0, Avg: 0.0, Max: 0.1, Diff: 0.1, Sum: 0.3]
      [GC Worker Total (ms): Min: 21.6, Avg: 21.7, Max: 21.7, Diff: 0.1, Sum: 173.3]
      [GC Worker End (ms): Min: 1514984972.7, Avg: 1514984972.7, Max: 1514984972.7, Diff: 0.0]
   [Code Root Fixup: 0.2 ms]
   [Code Root Purge: 0.0 ms]
   [Clear CT: 0.3 ms]
   [Other: 1.4 ms]
      [Choose CSet: 0.0 ms]
      [Ref Proc: 0.2 ms]
      [Ref Enq: 0.0 ms]
      [Redirty Cards: 0.1 ms]
      [Humongous Reclaim: 0.0 ms]
      [Free CSet: 0.6 ms]
   [Eden: 2212.0M(2212.0M)->0.0B(2212.0M) Survivors: 36.0M->36.0M Heap: 3681.6M(4500.0M)->1469.9M(4500.0M)]
Heap after GC invocations=33221 (full 0):
 garbage-first heap   total 4608000K, used 1505174K [0x00000006a6c00000, 0x00000006a7002328, 0x00000007c0000000)
  region size 4096K, 9 young (36864K), 9 survivors (36864K)
 Metaspace       used 124692K, capacity 128524K, committed 129664K, reserved 1165312K
  class space    used 13846K, capacity 14512K, committed 14720K, reserved 1048576K
}
 [Times: user=0.15 sys=0.03, real=0.02 secs] 
{Heap before GC invocations=33221 (full 0):
 garbage-first heap   total 4608000K, used 3770262K [0x00000006a6c00000, 0x00000006a7002328, 0x00000007c0000000)
  region size 4096K, 562 young (2301952K), 9 survivors (36864K)
 Metaspace       used 124692K, capacity 128524K, committed 129664K, reserved 1165312K
  class space    used 13846K, capacity 14512K, committed 14720K, reserved 1048576K
2019-04-29T05:25:13.774+0800: 1515122.993: [GC pause (G1 Evacuation Pause) (young)
Desired survivor size 148897792 bytes, new threshold 15 (max 15)
- age   1:   18486208 bytes,   18486208 total
- age   2:     431344 bytes,   18917552 total
- age   3:    1061096 bytes,   19978648 total
- age   4:    1873584 bytes,   21852232 total
- age   5:     553112 bytes,   22405344 total
- age   6:     468848 bytes,   22874192 total
- age   7:     640536 bytes,   23514728 total
- age   8:     930160 bytes,   24444888 total
- age   9:    1392472 bytes,   25837360 total
- age  10:     519304 bytes,   26356664 total
- age  11:     161168 bytes,   26517832 total
- age  12:     241256 bytes,   26759088 total
- age  13:     296032 bytes,   27055120 total
- age  14:     224752 bytes,   27279872 total
- age  15:     262360 bytes,   27542232 total
 1515122.993: [G1Ergonomics (CSet Construction) start choosing CSet, _pending_cards: 27514, predicted base time: 9.66 ms, remaining time: 50.34 ms, target pause time: 60.00 ms]
 1515122.993: [G1Ergonomics (CSet Construction) add young regions to CSet, eden: 553 regions, survivors: 9 regions, predicted young region time: 241.78 ms]
 1515122.993: [G1Ergonomics (CSet Construction) finish choosing CSet, eden: 553 regions, survivors: 9 regions, old: 0 regions, predicted pause time: 251.44 ms, target pause time: 60.00 ms]
, 0.0241448 secs]
   [Parallel Time: 22.2 ms, GC Workers: 8]
      [GC Worker Start (ms): Min: 1515122993.4, Avg: 1515122993.4, Max: 1515122993.5, Diff: 0.1]
      [Ext Root Scanning (ms): Min: 1.0, Avg: 1.2, Max: 2.0, Diff: 1.0, Sum: 10.0]
      [Update RS (ms): Min: 5.8, Avg: 6.5, Max: 6.8, Diff: 1.0, Sum: 52.2]
         [Processed Buffers: Min: 14, Avg: 26.1, Max: 40, Diff: 26, Sum: 209]
      [Scan RS (ms): Min: 0.0, Avg: 0.1, Max: 0.1, Diff: 0.1, Sum: 0.6]
      [Code Root Scanning (ms): Min: 0.0, Avg: 0.0, Max: 0.0, Diff: 0.0, Sum: 0.0]
      [Object Copy (ms): Min: 14.1, Avg: 14.2, Max: 14.3, Diff: 0.2, Sum: 114.0]
      [Termination (ms): Min: 0.0, Avg: 0.0, Max: 0.0, Diff: 0.0, Sum: 0.0]
      [GC Worker Other (ms): Min: 0.0, Avg: 0.0, Max: 0.1, Diff: 0.0, Sum: 0.3]
      [GC Worker Total (ms): Min: 22.1, Avg: 22.1, Max: 22.2, Diff: 0.1, Sum: 177.2]
      [GC Worker End (ms): Min: 1515123015.6, Avg: 1515123015.6, Max: 1515123015.6, Diff: 0.0]
   [Code Root Fixup: 0.2 ms]
   [Code Root Purge: 0.0 ms]
   [Clear CT: 0.3 ms]
   [Other: 1.4 ms]
      [Choose CSet: 0.0 ms]
      [Ref Proc: 0.3 ms]
      [Ref Enq: 0.0 ms]
      [Redirty Cards: 0.1 ms]
      [Humongous Reclaim: 0.0 ms]
      [Free CSet: 0.6 ms]
   [Eden: 2212.0M(2212.0M)->0.0B(2212.0M) Survivors: 36.0M->36.0M Heap: 3681.9M(4500.0M)->1472.2M(4500.0M)]
Heap after GC invocations=33222 (full 0):
 garbage-first heap   total 4608000K, used 1507581K [0x00000006a6c00000, 0x00000006a7002328, 0x00000007c0000000)
  region size 4096K, 9 young (36864K), 9 survivors (36864K)
 Metaspace       used 124692K, capacity 128524K, committed 129664K, reserved 1165312K
  class space    used 13846K, capacity 14512K, committed 14720K, reserved 1048576K
}
 [Times: user=0.14 sys=0.04, real=0.02 secs] 
{Heap before GC invocations=33222 (full 0):
 garbage-first heap   total 4608000K, used 3772669K [0x00000006a6c00000, 0x00000006a7002328, 0x00000007c0000000)
  region size 4096K, 562 young (2301952K), 9 survivors (36864K)
 Metaspace       used 124692K, capacity 128524K, committed 129664K, reserved 1165312K
  class space    used 13846K, capacity 14512K, committed 14720K, reserved 1048576K
2019-04-29T05:28:07.100+0800: 1515296.318: [GC pause (G1 Evacuation Pause) (young)
Desired survivor size 148897792 bytes, new threshold 15 (max 15)
- age   1:   20774672 bytes,   20774672 total
- age   2:    1366360 bytes,   22141032 total
- age   3:     373592 bytes,   22514624 total
- age   4:    1059384 bytes,   23574008 total
- age   5:    1873248 bytes,   25447256 total
- age   6:     551656 bytes,   25998912 total
- age   7:     468512 bytes,   26467424 total
- age   8:     640536 bytes,   27107960 total
- age   9:     930048 bytes,   28038008 total
- age  10:    1391688 bytes,   29429696 total
- age  11:     519192 bytes,   29948888 total
- age  12:     161168 bytes,   30110056 total
- age  13:     241256 bytes,   30351312 total
- age  14:     296032 bytes,   30647344 total
- age  15:     224752 bytes,   30872096 total
 1515296.319: [G1Ergonomics (CSet Construction) start choosing CSet, _pending_cards: 27768, predicted base time: 9.59 ms, remaining time: 50.41 ms, target pause time: 60.00 ms]
 1515296.319: [G1Ergonomics (CSet Construction) add young regions to CSet, eden: 553 regions, survivors: 9 regions, predicted young region time: 394.51 ms]
 1515296.319: [G1Ergonomics (CSet Construction) finish choosing CSet, eden: 553 regions, survivors: 9 regions, old: 0 regions, predicted pause time: 404.10 ms, target pause time: 60.00 ms]
, 0.0237546 secs]
   [Parallel Time: 21.8 ms, GC Workers: 8]
      [GC Worker Start (ms): Min: 1515296318.8, Avg: 1515296318.8, Max: 1515296318.8, Diff: 0.1]
      [Ext Root Scanning (ms): Min: 1.1, Avg: 1.6, Max: 4.5, Diff: 3.4, Sum: 13.0]
      [Update RS (ms): Min: 4.1, Avg: 6.7, Max: 7.1, Diff: 3.0, Sum: 53.3]
         [Processed Buffers: Min: 13, Avg: 26.5, Max: 46, Diff: 33, Sum: 212]
      [Scan RS (ms): Min: 0.0, Avg: 0.1, Max: 0.1, Diff: 0.1, Sum: 0.7]
      [Code Root Scanning (ms): Min: 0.0, Avg: 0.0, Max: 0.0, Diff: 0.0, Sum: 0.0]
      [Object Copy (ms): Min: 12.9, Avg: 13.2, Max: 13.2, Diff: 0.3, Sum: 105.4]
      [Termination (ms): Min: 0.0, Avg: 0.0, Max: 0.0, Diff: 0.0, Sum: 0.1]
      [GC Worker Other (ms): Min: 0.0, Avg: 0.1, Max: 0.1, Diff: 0.1, Sum: 0.5]
      [GC Worker Total (ms): Min: 21.6, Avg: 21.6, Max: 21.7, Diff: 0.2, Sum: 173.1]
      [GC Worker End (ms): Min: 1515296340.4, Avg: 1515296340.4, Max: 1515296340.5, Diff: 0.1]
   [Code Root Fixup: 0.2 ms]
   [Code Root Purge: 0.0 ms]
   [Clear CT: 0.2 ms]
   [Other: 1.6 ms]
      [Choose CSet: 0.0 ms]
      [Ref Proc: 0.2 ms]
      [Ref Enq: 0.0 ms]
      [Redirty Cards: 0.1 ms]
      [Humongous Reclaim: 0.0 ms]
      [Free CSet: 0.6 ms]
   [Eden: 2212.0M(2212.0M)->0.0B(2212.0M) Survivors: 36.0M->36.0M Heap: 3684.2M(4500.0M)->1470.5M(4500.0M)]
Heap after GC invocations=33223 (full 0):
 garbage-first heap   total 4608000K, used 1505817K [0x00000006a6c00000, 0x00000006a7002328, 0x00000007c0000000)
  region size 4096K, 9 young (36864K), 9 survivors (36864K)
 Metaspace       used 124692K, capacity 128524K, committed 129664K, reserved 1165312K
  class space    used 13846K, capacity 14512K, committed 14720K, reserved 1048576K
}
 [Times: user=0.18 sys=0.00, real=0.02 secs] 
{Heap before GC invocations=33223 (full 0):
 garbage-first heap   total 4608000K, used 3770905K [0x00000006a6c00000, 0x00000006a7002328, 0x00000007c0000000)
  region size 4096K, 562 young (2301952K), 9 survivors (36864K)
 Metaspace       used 124692K, capacity 128524K, committed 129664K, reserved 1165312K
  class space    used 13846K, capacity 14512K, committed 14720K, reserved 1048576K
2019-04-29T05:30:16.078+0800: 1515425.297: [GC pause (G1 Evacuation Pause) (young)
Desired survivor size 148897792 bytes, new threshold 15 (max 15)
- age   1:   16256216 bytes,   16256216 total
- age   2:    1119576 bytes,   17375792 total
- age   3:    1365744 bytes,   18741536 total
- age   4:     372480 bytes,   19114016 total
- age   5:    1058712 bytes,   20172728 total
- age   6:    1873248 bytes,   22045976 total
- age   7:     549256 bytes,   22595232 total
- age   8:     468512 bytes,   23063744 total
- age   9:     640312 bytes,   23704056 total
- age  10:     930048 bytes,   24634104 total
- age  11:    1347096 bytes,   25981200 total
- age  12:     519192 bytes,   26500392 total
- age  13:     161168 bytes,   26661560 total
- age  14:     241256 bytes,   26902816 total
- age  15:     293816 bytes,   27196632 total
 1515425.297: [G1Ergonomics (CSet Construction) start choosing CSet, _pending_cards: 26740, predicted base time: 9.39 ms, remaining time: 50.61 ms, target pause time: 60.00 ms]
 1515425.297: [G1Ergonomics (CSet Construction) add young regions to CSet, eden: 553 regions, survivors: 9 regions, predicted young region time: 314.20 ms]
 1515425.297: [G1Ergonomics (CSet Construction) finish choosing CSet, eden: 553 regions, survivors: 9 regions, old: 0 regions, predicted pause time: 323.59 ms, target pause time: 60.00 ms]
, 0.0227962 secs]
   [Parallel Time: 20.8 ms, GC Workers: 8]
      [GC Worker Start (ms): Min: 1515425296.8, Avg: 1515425296.9, Max: 1515425296.9, Diff: 0.1]
      [Ext Root Scanning (ms): Min: 1.0, Avg: 1.3, Max: 2.2, Diff: 1.2, Sum: 10.0]
      [Update RS (ms): Min: 5.6, Avg: 6.5, Max: 6.7, Diff: 1.0, Sum: 51.7]
         [Processed Buffers: Min: 15, Avg: 25.9, Max: 49, Diff: 34, Sum: 207]
      [Scan RS (ms): Min: 0.0, Avg: 0.1, Max: 0.1, Diff: 0.1, Sum: 0.6]
      [Code Root Scanning (ms): Min: 0.0, Avg: 0.0, Max: 0.0, Diff: 0.0, Sum: 0.0]
      [Object Copy (ms): Min: 12.7, Avg: 12.8, Max: 12.9, Diff: 0.1, Sum: 102.6]
      [Termination (ms): Min: 0.0, Avg: 0.0, Max: 0.0, Diff: 0.0, Sum: 0.0]
      [GC Worker Other (ms): Min: 0.0, Avg: 0.0, Max: 0.1, Diff: 0.1, Sum: 0.3]
      [GC Worker Total (ms): Min: 20.6, Avg: 20.7, Max: 20.7, Diff: 0.1, Sum: 165.3]
      [GC Worker End (ms): Min: 1515425317.5, Avg: 1515425317.5, Max: 1515425317.5, Diff: 0.0]
   [Code Root Fixup: 0.2 ms]
   [Code Root Purge: 0.0 ms]
   [Clear CT: 0.3 ms]
   [Other: 1.5 ms]
      [Choose CSet: 0.0 ms]
      [Ref Proc: 0.3 ms]
      [Ref Enq: 0.0 ms]
      [Redirty Cards: 0.2 ms]
      [Humongous Reclaim: 0.0 ms]
      [Free CSet: 0.6 ms]
   [Eden: 2212.0M(2212.0M)->0.0B(2212.0M) Survivors: 36.0M->36.0M Heap: 3682.5M(4500.0M)->1470.7M(4500.0M)]
Heap after GC invocations=33224 (full 0):
 garbage-first heap   total 4608000K, used 1505974K [0x00000006a6c00000, 0x00000006a7002328, 0x00000007c0000000)
  region size 4096K, 9 young (36864K), 9 survivors (36864K)
 Metaspace       used 124692K, capacity 128524K, committed 129664K, reserved 1165312K
  class space    used 13846K, capacity 14512K, committed 14720K, reserved 1048576K
}
 [Times: user=0.17 sys=0.00, real=0.03 secs] 
{Heap before GC invocations=33224 (full 0):
 garbage-first heap   total 4608000K, used 3771062K [0x00000006a6c00000, 0x00000006a7002328, 0x00000007c0000000)
  region size 4096K, 562 young (2301952K), 9 survivors (36864K)
 Metaspace       used 124692K, capacity 128524K, committed 129664K, reserved 1165312K
  class space    used 13846K, capacity 14512K, committed 14720K, reserved 1048576K
2019-04-29T05:33:27.346+0800: 1515616.565: [GC pause (G1 Evacuation Pause) (young)
Desired survivor size 148897792 bytes, new threshold 15 (max 15)
- age   1:   16287352 bytes,   16287352 total
- age   2:    1010336 bytes,   17297688 total
- age   3:    1108056 bytes,   18405744 total
- age   4:    1364520 bytes,   19770264 total
- age   5:     370544 bytes,   20140808 total
- age   6:    1057520 bytes,   21198328 total
- age   7:    1872768 bytes,   23071096 total
- age   8:     547352 bytes,   23618448 total
- age   9:     468296 bytes,   24086744 total
- age  10:     640128 bytes,   24726872 total
- age  11:     929904 bytes,   25656776 total
- age  12:    1343184 bytes,   26999960 total
- age  13:     449992 bytes,   27449952 total
- age  14:     104256 bytes,   27554208 total
- age  15:     103360 bytes,   27657568 total
 1515616.565: [G1Ergonomics (CSet Construction) start choosing CSet, _pending_cards: 27050, predicted base time: 9.40 ms, remaining time: 50.60 ms, target pause time: 60.00 ms]
 1515616.565: [G1Ergonomics (CSet Construction) add young regions to CSet, eden: 553 regions, survivors: 9 regions, predicted young region time: 251.71 ms]
 1515616.565: [G1Ergonomics (CSet Construction) finish choosing CSet, eden: 553 regions, survivors: 9 regions, old: 0 regions, predicted pause time: 261.11 ms, target pause time: 60.00 ms]
, 0.0242380 secs]
   [Parallel Time: 22.2 ms, GC Workers: 8]
      [GC Worker Start (ms): Min: 1515616565.4, Avg: 1515616565.4, Max: 1515616565.5, Diff: 0.1]
      [Ext Root Scanning (ms): Min: 1.3, Avg: 1.5, Max: 2.2, Diff: 1.0, Sum: 12.3]
      [Update RS (ms): Min: 6.5, Avg: 7.1, Max: 7.4, Diff: 0.8, Sum: 56.5]
         [Processed Buffers: Min: 17, Avg: 26.9, Max: 44, Diff: 27, Sum: 215]
      [Scan RS (ms): Min: 0.0, Avg: 0.1, Max: 0.1, Diff: 0.1, Sum: 0.7]
      [Code Root Scanning (ms): Min: 0.0, Avg: 0.0, Max: 0.0, Diff: 0.0, Sum: 0.0]
      [Object Copy (ms): Min: 13.1, Avg: 13.3, Max: 13.3, Diff: 0.3, Sum: 106.1]
      [Termination (ms): Min: 0.0, Avg: 0.0, Max: 0.0, Diff: 0.0, Sum: 0.0]
      [GC Worker Other (ms): Min: 0.0, Avg: 0.1, Max: 0.2, Diff: 0.1, Sum: 0.7]
      [GC Worker Total (ms): Min: 22.0, Avg: 22.0, Max: 22.1, Diff: 0.2, Sum: 176.3]
      [GC Worker End (ms): Min: 1515616587.4, Avg: 1515616587.4, Max: 1515616587.5, Diff: 0.1]
   [Code Root Fixup: 0.2 ms]
   [Code Root Purge: 0.0 ms]
   [Clear CT: 0.3 ms]
   [Other: 1.6 ms]
      [Choose CSet: 0.0 ms]
      [Ref Proc: 0.3 ms]
      [Ref Enq: 0.0 ms]
      [Redirty Cards: 0.1 ms]
      [Humongous Reclaim: 0.0 ms]
      [Free CSet: 0.6 ms]
   [Eden: 2212.0M(2212.0M)->0.0B(2212.0M) Survivors: 36.0M->36.0M Heap: 3682.7M(4500.0M)->1470.8M(4500.0M)]
Heap after GC invocations=33225 (full 0):
 garbage-first heap   total 4608000K, used 1506113K [0x00000006a6c00000, 0x00000006a7002328, 0x00000007c0000000)
  region size 4096K, 9 young (36864K), 9 survivors (36864K)
 Metaspace       used 124692K, capacity 128524K, committed 129664K, reserved 1165312K
  class space    used 13846K, capacity 14512K, committed 14720K, reserved 1048576K
}
 [Times: user=0.14 sys=0.05, real=0.03 secs] 
{Heap before GC invocations=33225 (full 0):
 garbage-first heap   total 4608000K, used 3771201K [0x00000006a6c00000, 0x00000006a7002328, 0x00000007c0000000)
  region size 4096K, 562 young (2301952K), 9 survivors (36864K)
 Metaspace       used 124692K, capacity 128524K, committed 129664K, reserved 1165312K
  class space    used 13846K, capacity 14512K, committed 14720K, reserved 1048576K
2019-04-29T05:35:13.736+0800: 1515722.955: [GC pause (G1 Evacuation Pause) (young)
Desired survivor size 148897792 bytes, new threshold 15 (max 15)
- age   1:   16710304 bytes,   16710304 total
- age   2:    1109056 bytes,   17819360 total
- age   3:    1009440 bytes,   18828800 total
- age   4:    1107224 bytes,   19936024 total
- age   5:    1364408 bytes,   21300432 total
- age   6:     366600 bytes,   21667032 total
- age   7:    1049936 bytes,   22716968 total
- age   8:    1872656 bytes,   24589624 total
- age   9:     509920 bytes,   25099544 total
- age  10:     468296 bytes,   25567840 total
- age  11:     640128 bytes,   26207968 total
- age  12:     808024 bytes,   27015992 total
- age  13:     347696 bytes,   27363688 total
- age  14:     221240 bytes,   27584928 total
- age  15:     104256 bytes,   27689184 total
 1515722.955: [G1Ergonomics (CSet Construction) start choosing CSet, _pending_cards: 20633, predicted base time: 8.07 ms, remaining time: 51.93 ms, target pause time: 60.00 ms]
 1515722.955: [G1Ergonomics (CSet Construction) add young regions to CSet, eden: 553 regions, survivors: 9 regions, predicted young region time: 200.17 ms]
 1515722.955: [G1Ergonomics (CSet Construction) finish choosing CSet, eden: 553 regions, survivors: 9 regions, old: 0 regions, predicted pause time: 208.24 ms, target pause time: 60.00 ms]
, 0.0258301 secs]
   [Parallel Time: 23.5 ms, GC Workers: 8]
      [GC Worker Start (ms): Min: 1515722955.1, Avg: 1515722955.1, Max: 1515722955.2, Diff: 0.1]
      [Ext Root Scanning (ms): Min: 1.0, Avg: 1.3, Max: 2.0, Diff: 1.0, Sum: 10.2]
      [Update RS (ms): Min: 5.0, Avg: 5.4, Max: 5.6, Diff: 0.6, Sum: 43.2]
         [Processed Buffers: Min: 12, Avg: 24.5, Max: 36, Diff: 24, Sum: 196]
      [Scan RS (ms): Min: 1.0, Avg: 1.2, Max: 1.2, Diff: 0.2, Sum: 9.3]
      [Code Root Scanning (ms): Min: 0.0, Avg: 0.0, Max: 0.0, Diff: 0.0, Sum: 0.0]
      [Object Copy (ms): Min: 15.3, Avg: 15.4, Max: 15.5, Diff: 0.2, Sum: 123.2]
      [Termination (ms): Min: 0.0, Avg: 0.0, Max: 0.0, Diff: 0.0, Sum: 0.0]
      [GC Worker Other (ms): Min: 0.0, Avg: 0.1, Max: 0.1, Diff: 0.1, Sum: 0.4]
      [GC Worker Total (ms): Min: 23.2, Avg: 23.3, Max: 23.3, Diff: 0.1, Sum: 186.3]
      [GC Worker End (ms): Min: 1515722978.4, Avg: 1515722978.4, Max: 1515722978.5, Diff: 0.1]
   [Code Root Fixup: 0.2 ms]
   [Code Root Purge: 0.0 ms]
   [Clear CT: 0.3 ms]
   [Other: 1.9 ms]
      [Choose CSet: 0.0 ms]
      [Ref Proc: 0.3 ms]
      [Ref Enq: 0.0 ms]
      [Redirty Cards: 0.1 ms]
      [Humongous Reclaim: 0.0 ms]
      [Free CSet: 0.9 ms]
   [Eden: 2212.0M(2212.0M)->0.0B(2208.0M) Survivors: 36.0M->40.0M Heap: 3682.8M(4500.0M)->1475.0M(4500.0M)]
Heap after GC invocations=33226 (full 0):
 garbage-first heap   total 4608000K, used 1510353K [0x00000006a6c00000, 0x00000006a7002328, 0x00000007c0000000)
  region size 4096K, 10 young (40960K), 10 survivors (40960K)
 Metaspace       used 124692K, capacity 128524K, committed 129664K, reserved 1165312K
  class space    used 13846K, capacity 14512K, committed 14720K, reserved 1048576K
}
 [Times: user=0.15 sys=0.04, real=0.03 secs] 
{Heap before GC invocations=33226 (full 0):
 garbage-first heap   total 4608000K, used 3771345K [0x00000006a6c00000, 0x00000006a7002328, 0x00000007c0000000)
  region size 4096K, 562 young (2301952K), 10 survivors (40960K)
 Metaspace       used 124692K, capacity 128524K, committed 129664K, reserved 1165312K
  class space    used 13846K, capacity 14512K, committed 14720K, reserved 1048576K
2019-04-29T05:37:24.310+0800: 1515853.529: [GC pause (G1 Evacuation Pause) (young)
Desired survivor size 148897792 bytes, new threshold 15 (max 15)
- age   1:   20339048 bytes,   20339048 total
- age   2:    1612616 bytes,   21951664 total
- age   3:    1097136 bytes,   23048800 total
- age   4:    1007952 bytes,   24056752 total
- age   5:    1105624 bytes,   25162376 total
- age   6:    1363512 bytes,   26525888 total
- age   7:     365088 bytes,   26890976 total
- age   8:    1048096 bytes,   27939072 total
- age   9:    1871888 bytes,   29810960 total
- age  10:     506520 bytes,   30317480 total
- age  11:     468080 bytes,   30785560 total
- age  12:     639912 bytes,   31425472 total
- age  13:     328472 bytes,   31753944 total
- age  14:     339480 bytes,   32093424 total
- age  15:     221240 bytes,   32314664 total
 1515853.529: [G1Ergonomics (CSet Construction) start choosing CSet, _pending_cards: 27060, predicted base time: 11.43 ms, remaining time: 48.57 ms, target pause time: 60.00 ms]
 1515853.529: [G1Ergonomics (CSet Construction) add young regions to CSet, eden: 552 regions, survivors: 10 regions, predicted young region time: 172.24 ms]
 1515853.529: [G1Ergonomics (CSet Construction) finish choosing CSet, eden: 552 regions, survivors: 10 regions, old: 0 regions, predicted pause time: 183.67 ms, target pause time: 60.00 ms]
, 0.0236613 secs]
   [Parallel Time: 21.6 ms, GC Workers: 8]
      [GC Worker Start (ms): Min: 1515853528.9, Avg: 1515853529.0, Max: 1515853529.0, Diff: 0.1]
      [Ext Root Scanning (ms): Min: 1.0, Avg: 1.2, Max: 1.9, Diff: 0.9, Sum: 10.0]
      [Update RS (ms): Min: 6.1, Avg: 6.7, Max: 7.0, Diff: 0.8, Sum: 53.9]
         [Processed Buffers: Min: 14, Avg: 26.5, Max: 41, Diff: 27, Sum: 212]
      [Scan RS (ms): Min: 0.0, Avg: 0.1, Max: 0.1, Diff: 0.1, Sum: 0.7]
      [Code Root Scanning (ms): Min: 0.0, Avg: 0.0, Max: 0.0, Diff: 0.0, Sum: 0.0]
      [Object Copy (ms): Min: 13.1, Avg: 13.3, Max: 13.4, Diff: 0.2, Sum: 106.2]
      [Termination (ms): Min: 0.0, Avg: 0.0, Max: 0.0, Diff: 0.0, Sum: 0.0]
      [GC Worker Other (ms): Min: 0.0, Avg: 0.1, Max: 0.1, Diff: 0.1, Sum: 0.6]
      [GC Worker Total (ms): Min: 21.4, Avg: 21.4, Max: 21.5, Diff: 0.1, Sum: 171.5]
      [GC Worker End (ms): Min: 1515853550.4, Avg: 1515853550.4, Max: 1515853550.4, Diff: 0.1]
   [Code Root Fixup: 0.2 ms]
   [Code Root Purge: 0.0 ms]
   [Clear CT: 0.3 ms]
   [Other: 1.6 ms]
      [Choose CSet: 0.0 ms]
      [Ref Proc: 0.2 ms]
      [Ref Enq: 0.0 ms]
      [Redirty Cards: 0.1 ms]
      [Humongous Reclaim: 0.0 ms]
      [Free CSet: 0.6 ms]
   [Eden: 2208.0M(2208.0M)->0.0B(2212.0M) Survivors: 40.0M->36.0M Heap: 3683.0M(4500.0M)->1473.2M(4500.0M)]
Heap after GC invocations=33227 (full 0):
 garbage-first heap   total 4608000K, used 1508576K [0x00000006a6c00000, 0x00000006a7002328, 0x00000007c0000000)
  region size 4096K, 9 young (36864K), 9 survivors (36864K)
 Metaspace       used 124692K, capacity 128524K, committed 129664K, reserved 1165312K
  class space    used 13846K, capacity 14512K, committed 14720K, reserved 1048576K
}
 [Times: user=0.14 sys=0.04, real=0.02 secs] 
{Heap before GC invocations=33227 (full 0):
 garbage-first heap   total 4608000K, used 3773664K [0x00000006a6c00000, 0x00000006a7002328, 0x00000007c0000000)
  region size 4096K, 562 young (2301952K), 9 survivors (36864K)
 Metaspace       used 124692K, capacity 128524K, committed 129664K, reserved 1165312K
  class space    used 13846K, capacity 14512K, committed 14720K, reserved 1048576K
2019-04-29T05:40:00.462+0800: 1516009.680: [GC pause (G1 Evacuation Pause) (young)
Desired survivor size 148897792 bytes, new threshold 15 (max 15)
- age   1:   15863496 bytes,   15863496 total
- age   2:     658672 bytes,   16522168 total
- age   3:    1611952 bytes,   18134120 total
- age   4:    1095680 bytes,   19229800 total
- age   5:    1007952 bytes,   20237752 total
- age   6:    1105064 bytes,   21342816 total
- age   7:    1363176 bytes,   22705992 total
- age   8:     365088 bytes,   23071080 total
- age   9:    1048096 bytes,   24119176 total
- age  10:    1871888 bytes,   25991064 total
- age  11:     463392 bytes,   26454456 total
- age  12:     468080 bytes,   26922536 total
- age  13:     331384 bytes,   27253920 total
- age  14:     239832 bytes,   27493752 total
- age  15:     336760 bytes,   27830512 total
 1516009.680: [G1Ergonomics (CSet Construction) start choosing CSet, _pending_cards: 21174, predicted base time: 9.49 ms, remaining time: 50.51 ms, target pause time: 60.00 ms]
 1516009.680: [G1Ergonomics (CSet Construction) add young regions to CSet, eden: 553 regions, survivors: 9 regions, predicted young region time: 137.21 ms]
 1516009.680: [G1Ergonomics (CSet Construction) finish choosing CSet, eden: 553 regions, survivors: 9 regions, old: 0 regions, predicted pause time: 146.69 ms, target pause time: 60.00 ms]
, 0.0232144 secs]
   [Parallel Time: 21.2 ms, GC Workers: 8]
      [GC Worker Start (ms): Min: 1516009680.6, Avg: 1516009680.6, Max: 1516009680.7, Diff: 0.1]
      [Ext Root Scanning (ms): Min: 1.0, Avg: 1.2, Max: 2.0, Diff: 1.0, Sum: 9.9]
      [Update RS (ms): Min: 4.9, Avg: 5.4, Max: 5.7, Diff: 0.8, Sum: 42.9]
         [Processed Buffers: Min: 18, Avg: 25.1, Max: 33, Diff: 15, Sum: 201]
      [Scan RS (ms): Min: 0.9, Avg: 1.1, Max: 1.2, Diff: 0.3, Sum: 8.8]
      [Code Root Scanning (ms): Min: 0.0, Avg: 0.0, Max: 0.0, Diff: 0.0, Sum: 0.0]
      [Object Copy (ms): Min: 13.3, Avg: 13.4, Max: 13.4, Diff: 0.1, Sum: 106.9]
      [Termination (ms): Min: 0.0, Avg: 0.0, Max: 0.0, Diff: 0.0, Sum: 0.0]
      [GC Worker Other (ms): Min: 0.0, Avg: 0.0, Max: 0.1, Diff: 0.0, Sum: 0.4]
      [GC Worker Total (ms): Min: 21.1, Avg: 21.1, Max: 21.2, Diff: 0.1, Sum: 168.9]
      [GC Worker End (ms): Min: 1516009701.7, Avg: 1516009701.8, Max: 1516009701.8, Diff: 0.1]
   [Code Root Fixup: 0.2 ms]
   [Code Root Purge: 0.0 ms]
   [Clear CT: 0.2 ms]
   [Other: 1.5 ms]
      [Choose CSet: 0.0 ms]
      [Ref Proc: 0.3 ms]
      [Ref Enq: 0.0 ms]
      [Redirty Cards: 0.1 ms]
      [Humongous Reclaim: 0.0 ms]
      [Free CSet: 0.6 ms]
   [Eden: 2212.0M(2212.0M)->0.0B(2212.0M) Survivors: 36.0M->36.0M Heap: 3685.2M(4500.0M)->1473.6M(4500.0M)]
Heap after GC invocations=33228 (full 0):
 garbage-first heap   total 4608000K, used 1509013K [0x00000006a6c00000, 0x00000006a7002328, 0x00000007c0000000)
  region size 4096K, 9 young (36864K), 9 survivors (36864K)
 Metaspace       used 124692K, capacity 128524K, committed 129664K, reserved 1165312K
  class space    used 13846K, capacity 14512K, committed 14720K, reserved 1048576K
}
 [Times: user=0.17 sys=0.00, real=0.02 secs] 
{Heap before GC invocations=33228 (full 0):
 garbage-first heap   total 4608000K, used 3774101K [0x00000006a6c00000, 0x00000006a7002328, 0x00000007c0000000)
  region size 4096K, 562 young (2301952K), 9 survivors (36864K)
 Metaspace       used 124692K, capacity 128524K, committed 129664K, reserved 1165312K
  class space    used 13846K, capacity 14512K, committed 14720K, reserved 1048576K
2019-04-29T05:42:39.439+0800: 1516168.657: [GC pause (G1 Evacuation Pause) (young)
Desired survivor size 148897792 bytes, new threshold 15 (max 15)
- age   1:   15848208 bytes,   15848208 total
- age   2:     646568 bytes,   16494776 total
- age   3:     654816 bytes,   17149592 total
- age   4:    1611752 bytes,   18761344 total
- age   5:    1094232 bytes,   19855576 total
- age   6:    1007920 bytes,   20863496 total
- age   7:    1104176 bytes,   21967672 total
- age   8:    1362920 bytes,   23330592 total
- age   9:     364576 bytes,   23695168 total
- age  10:    1047736 bytes,   24742904 total
- age  11:    1871528 bytes,   26614432 total
- age  12:     460512 bytes,   27074944 total
- age  13:     257056 bytes,   27332000 total
- age  14:     237808 bytes,   27569808 total
- age  15:     237000 bytes,   27806808 total
 1516168.657: [G1Ergonomics (CSet Construction) start choosing CSet, _pending_cards: 27068, predicted base time: 11.51 ms, remaining time: 48.49 ms, target pause time: 60.00 ms]
 1516168.657: [G1Ergonomics (CSet Construction) add young regions to CSet, eden: 553 regions, survivors: 9 regions, predicted young region time: 109.02 ms]
 1516168.658: [G1Ergonomics (CSet Construction) finish choosing CSet, eden: 553 regions, survivors: 9 regions, old: 0 regions, predicted pause time: 120.53 ms, target pause time: 60.00 ms]
, 0.0266814 secs]
   [Parallel Time: 24.7 ms, GC Workers: 8]
      [GC Worker Start (ms): Min: 1516168657.7, Avg: 1516168657.7, Max: 1516168657.7, Diff: 0.1]
      [Ext Root Scanning (ms): Min: 1.0, Avg: 1.6, Max: 4.3, Diff: 3.2, Sum: 12.5]
      [Update RS (ms): Min: 3.7, Avg: 6.1, Max: 6.7, Diff: 3.0, Sum: 48.9]
         [Processed Buffers: Min: 14, Avg: 26.2, Max: 39, Diff: 25, Sum: 210]
      [Scan RS (ms): Min: 0.0, Avg: 0.1, Max: 0.2, Diff: 0.1, Sum: 0.6]
      [Code Root Scanning (ms): Min: 0.0, Avg: 0.0, Max: 0.0, Diff: 0.0, Sum: 0.0]
      [Object Copy (ms): Min: 16.6, Avg: 16.8, Max: 16.9, Diff: 0.3, Sum: 134.3]
      [Termination (ms): Min: 0.0, Avg: 0.0, Max: 0.0, Diff: 0.0, Sum: 0.0]
      [GC Worker Other (ms): Min: 0.0, Avg: 0.0, Max: 0.1, Diff: 0.0, Sum: 0.3]
      [GC Worker Total (ms): Min: 24.6, Avg: 24.6, Max: 24.7, Diff: 0.1, Sum: 196.8]
      [GC Worker End (ms): Min: 1516168682.3, Avg: 1516168682.3, Max: 1516168682.3, Diff: 0.0]
   [Code Root Fixup: 0.2 ms]
   [Code Root Purge: 0.0 ms]
   [Clear CT: 0.3 ms]
   [Other: 1.5 ms]
      [Choose CSet: 0.0 ms]
      [Ref Proc: 0.2 ms]
      [Ref Enq: 0.0 ms]
      [Redirty Cards: 0.1 ms]
      [Humongous Reclaim: 0.0 ms]
      [Free CSet: 0.6 ms]
   [Eden: 2212.0M(2212.0M)->0.0B(2196.0M) Survivors: 36.0M->52.0M Heap: 3685.6M(4500.0M)->1488.0M(4500.0M)]
Heap after GC invocations=33229 (full 0):
 garbage-first heap   total 4608000K, used 1523731K [0x00000006a6c00000, 0x00000006a7002328, 0x00000007c0000000)
  region size 4096K, 13 young (53248K), 13 survivors (53248K)
 Metaspace       used 124692K, capacity 128524K, committed 129664K, reserved 1165312K
  class space    used 13846K, capacity 14512K, committed 14720K, reserved 1048576K
}
 [Times: user=0.20 sys=0.00, real=0.03 secs] 
{Heap before GC invocations=33229 (full 0):
 garbage-first heap   total 4608000K, used 3772435K [0x00000006a6c00000, 0x00000006a7002328, 0x00000007c0000000)
  region size 4096K, 562 young (2301952K), 13 survivors (53248K)
 Metaspace       used 124692K, capacity 128524K, committed 129664K, reserved 1165312K
  class space    used 13846K, capacity 14512K, committed 14720K, reserved 1048576K
2019-04-29T05:45:06.279+0800: 1516315.498: [GC pause (G1 Evacuation Pause) (young)
Desired survivor size 148897792 bytes, new threshold 15 (max 15)
- age   1:   24205168 bytes,   24205168 total
- age   2:     624160 bytes,   24829328 total
- age   3:     643896 bytes,   25473224 total
- age   4:     653584 bytes,   26126808 total
- age   5:    1611480 bytes,   27738288 total
- age   6:    1093224 bytes,   28831512 total
- age   7:    1007920 bytes,   29839432 total
- age   8:    1103728 bytes,   30943160 total
- age   9:    1355648 bytes,   32298808 total
- age  10:     364544 bytes,   32663352 total
- age  11:    1047736 bytes,   33711088 total
- age  12:    1862664 bytes,   35573752 total
- age  13:     321232 bytes,   35894984 total
- age  14:     205080 bytes,   36100064 total
- age  15:     233376 bytes,   36333440 total
 1516315.498: [G1Ergonomics (CSet Construction) start choosing CSet, _pending_cards: 20974, predicted base time: 9.46 ms, remaining time: 50.54 ms, target pause time: 60.00 ms]
 1516315.498: [G1Ergonomics (CSet Construction) add young regions to CSet, eden: 549 regions, survivors: 13 regions, predicted young region time: 314.70 ms]
 1516315.498: [G1Ergonomics (CSet Construction) finish choosing CSet, eden: 549 regions, survivors: 13 regions, old: 0 regions, predicted pause time: 324.16 ms, target pause time: 60.00 ms]
, 0.0223596 secs]
   [Parallel Time: 20.3 ms, GC Workers: 8]
      [GC Worker Start (ms): Min: 1516315498.0, Avg: 1516315498.0, Max: 1516315498.0, Diff: 0.1]
      [Ext Root Scanning (ms): Min: 1.0, Avg: 1.3, Max: 2.2, Diff: 1.1, Sum: 10.2]
      [Update RS (ms): Min: 4.4, Avg: 5.2, Max: 5.5, Diff: 1.1, Sum: 41.8]
         [Processed Buffers: Min: 12, Avg: 24.0, Max: 45, Diff: 33, Sum: 192]
      [Scan RS (ms): Min: 0.8, Avg: 1.0, Max: 1.1, Diff: 0.3, Sum: 7.8]
      [Code Root Scanning (ms): Min: 0.0, Avg: 0.0, Max: 0.0, Diff: 0.0, Sum: 0.0]
      [Object Copy (ms): Min: 12.6, Avg: 12.7, Max: 12.8, Diff: 0.2, Sum: 101.5]
      [Termination (ms): Min: 0.0, Avg: 0.0, Max: 0.0, Diff: 0.0, Sum: 0.1]
      [GC Worker Other (ms): Min: 0.0, Avg: 0.0, Max: 0.1, Diff: 0.0, Sum: 0.3]
      [GC Worker Total (ms): Min: 20.2, Avg: 20.2, Max: 20.3, Diff: 0.1, Sum: 161.7]
      [GC Worker End (ms): Min: 1516315518.2, Avg: 1516315518.2, Max: 1516315518.2, Diff: 0.0]
   [Code Root Fixup: 0.2 ms]
   [Code Root Purge: 0.0 ms]
   [Clear CT: 0.3 ms]
   [Other: 1.6 ms]
      [Choose CSet: 0.0 ms]
      [Ref Proc: 0.3 ms]
      [Ref Enq: 0.0 ms]
      [Redirty Cards: 0.1 ms]
      [Humongous Reclaim: 0.0 ms]
      [Free CSet: 0.6 ms]
   [Eden: 2196.0M(2196.0M)->0.0B(2212.0M) Survivors: 52.0M->36.0M Heap: 3684.0M(4500.0M)->1474.4M(4500.0M)]
Heap after GC invocations=33230 (full 0):
 garbage-first heap   total 4608000K, used 1509771K [0x00000006a6c00000, 0x00000006a7002328, 0x00000007c0000000)
  region size 4096K, 9 young (36864K), 9 survivors (36864K)
 Metaspace       used 124692K, capacity 128524K, committed 129664K, reserved 1165312K
  class space    used 13846K, capacity 14512K, committed 14720K, reserved 1048576K
}
 [Times: user=0.14 sys=0.03, real=0.03 secs] 
{Heap before GC invocations=33230 (full 0):
 garbage-first heap   total 4608000K, used 3774859K [0x00000006a6c00000, 0x00000006a7002328, 0x00000007c0000000)
  region size 4096K, 562 young (2301952K), 9 survivors (36864K)
 Metaspace       used 124692K, capacity 128524K, committed 129664K, reserved 1165312K
  class space    used 13846K, capacity 14512K, committed 14720K, reserved 1048576K
2019-04-29T05:47:09.746+0800: 1516438.964: [GC pause (G1 Evacuation Pause) (young)
Desired survivor size 148897792 bytes, new threshold 15 (max 15)
- age   1:   16220144 bytes,   16220144 total
- age   2:     432360 bytes,   16652504 total
- age   3:     610440 bytes,   17262944 total
- age   4:     642520 bytes,   17905464 total
- age   5:     651392 bytes,   18556856 total
- age   6:    1609120 bytes,   20165976 total
- age   7:    1091672 bytes,   21257648 total
- age   8:    1007664 bytes,   22265312 total
- age   9:    1103064 bytes,   23368376 total
- age  10:    1355152 bytes,   24723528 total
- age  11:     364256 bytes,   25087784 total
- age  12:    1047736 bytes,   26135520 total
- age  13:     941496 bytes,   27077016 total
- age  14:     313912 bytes,   27390928 total
- age  15:     205080 bytes,   27596008 total
 1516438.965: [G1Ergonomics (CSet Construction) start choosing CSet, _pending_cards: 25787, predicted base time: 10.94 ms, remaining time: 49.06 ms, target pause time: 60.00 ms]
 1516438.965: [G1Ergonomics (CSet Construction) add young regions to CSet, eden: 553 regions, survivors: 9 regions, predicted young region time: 240.27 ms]
 1516438.965: [G1Ergonomics (CSet Construction) finish choosing CSet, eden: 553 regions, survivors: 9 regions, old: 0 regions, predicted pause time: 251.21 ms, target pause time: 60.00 ms]
, 0.0277515 secs]
   [Parallel Time: 25.5 ms, GC Workers: 8]
      [GC Worker Start (ms): Min: 1516438964.8, Avg: 1516438964.8, Max: 1516438964.9, Diff: 0.1]
      [Ext Root Scanning (ms): Min: 1.1, Avg: 1.4, Max: 2.3, Diff: 1.3, Sum: 11.1]
      [Update RS (ms): Min: 5.0, Avg: 5.9, Max: 6.2, Diff: 1.2, Sum: 47.1]
         [Processed Buffers: Min: 15, Avg: 25.6, Max: 45, Diff: 30, Sum: 205]
      [Scan RS (ms): Min: 0.0, Avg: 0.1, Max: 0.2, Diff: 0.2, Sum: 0.7]
      [Code Root Scanning (ms): Min: 0.0, Avg: 0.0, Max: 0.0, Diff: 0.0, Sum: 0.0]
      [Object Copy (ms): Min: 17.9, Avg: 18.0, Max: 18.2, Diff: 0.2, Sum: 144.3]
      [Termination (ms): Min: 0.0, Avg: 0.0, Max: 0.0, Diff: 0.0, Sum: 0.0]
      [GC Worker Other (ms): Min: 0.0, Avg: 0.0, Max: 0.1, Diff: 0.0, Sum: 0.3]
      [GC Worker Total (ms): Min: 25.4, Avg: 25.5, Max: 25.5, Diff: 0.1, Sum: 203.7]
      [GC Worker End (ms): Min: 1516438990.3, Avg: 1516438990.3, Max: 1516438990.3, Diff: 0.1]
   [Code Root Fixup: 0.3 ms]
   [Code Root Purge: 0.0 ms]
   [Clear CT: 0.3 ms]
   [Other: 1.6 ms]
      [Choose CSet: 0.0 ms]
      [Ref Proc: 0.2 ms]
      [Ref Enq: 0.0 ms]
      [Redirty Cards: 0.1 ms]
      [Humongous Reclaim: 0.0 ms]
      [Free CSet: 0.7 ms]
   [Eden: 2212.0M(2212.0M)->0.0B(2196.0M) Survivors: 36.0M->52.0M Heap: 3686.4M(4500.0M)->1490.7M(4500.0M)]
Heap after GC invocations=33231 (full 0):
 garbage-first heap   total 4608000K, used 1526472K [0x00000006a6c00000, 0x00000006a7002328, 0x00000007c0000000)
  region size 4096K, 13 young (53248K), 13 survivors (53248K)
 Metaspace       used 124692K, capacity 128524K, committed 129664K, reserved 1165312K
  class space    used 13846K, capacity 14512K, committed 14720K, reserved 1048576K
}
 [Times: user=0.17 sys=0.04, real=0.03 secs] 
{Heap before GC invocations=33231 (full 0):
 garbage-first heap   total 4608000K, used 3775176K [0x00000006a6c00000, 0x00000006a7002328, 0x00000007c0000000)
  region size 4096K, 562 young (2301952K), 13 survivors (53248K)
 Metaspace       used 124692K, capacity 128524K, committed 129664K, reserved 1165312K
  class space    used 13846K, capacity 14512K, committed 14720K, reserved 1048576K
2019-04-29T05:50:01.674+0800: 1516610.893: [GC pause (G1 Evacuation Pause) (young)
Desired survivor size 148897792 bytes, new threshold 15 (max 15)
- age   1:   26732720 bytes,   26732720 total
- age   2:    1193280 bytes,   27926000 total
- age   3:     425296 bytes,   28351296 total
- age   4:     610104 bytes,   28961400 total
- age   5:     634824 bytes,   29596224 total
- age   6:     650960 bytes,   30247184 total
- age   7:    1608896 bytes,   31856080 total
- age   8:    1049568 bytes,   32905648 total
- age   9:    1007544 bytes,   33913192 total
- age  10:    1102840 bytes,   35016032 total
- age  11:    1353544 bytes,   36369576 total
- age  12:     364256 bytes,   36733832 total
- age  13:     378000 bytes,   37111832 total
- age  14:     767456 bytes,   37879288 total
- age  15:     236792 bytes,   38116080 total
 1516610.893: [G1Ergonomics (CSet Construction) start choosing CSet, _pending_cards: 25519, predicted base time: 10.39 ms, remaining time: 49.61 ms, target pause time: 60.00 ms]
 1516610.893: [G1Ergonomics (CSet Construction) add young regions to CSet, eden: 549 regions, survivors: 13 regions, predicted young region time: 256.61 ms]
 1516610.893: [G1Ergonomics (CSet Construction) finish choosing CSet, eden: 549 regions, survivors: 13 regions, old: 0 regions, predicted pause time: 267.00 ms, target pause time: 60.00 ms]
, 0.0254891 secs]
   [Parallel Time: 22.9 ms, GC Workers: 8]
      [GC Worker Start (ms): Min: 1516610893.4, Avg: 1516610893.4, Max: 1516610893.5, Diff: 0.1]
      [Ext Root Scanning (ms): Min: 1.1, Avg: 1.4, Max: 2.1, Diff: 1.0, Sum: 11.0]
      [Update RS (ms): Min: 5.9, Avg: 6.6, Max: 7.0, Diff: 1.1, Sum: 52.6]
         [Processed Buffers: Min: 14, Avg: 26.2, Max: 48, Diff: 34, Sum: 210]
      [Scan RS (ms): Min: 0.0, Avg: 0.1, Max: 0.1, Diff: 0.1, Sum: 0.7]
      [Code Root Scanning (ms): Min: 0.0, Avg: 0.0, Max: 0.0, Diff: 0.0, Sum: 0.0]
      [Object Copy (ms): Min: 14.5, Avg: 14.7, Max: 14.8, Diff: 0.3, Sum: 117.4]
      [Termination (ms): Min: 0.0, Avg: 0.0, Max: 0.0, Diff: 0.0, Sum: 0.0]
      [GC Worker Other (ms): Min: 0.0, Avg: 0.1, Max: 0.1, Diff: 0.1, Sum: 0.5]
      [GC Worker Total (ms): Min: 22.7, Avg: 22.8, Max: 22.8, Diff: 0.1, Sum: 182.2]
      [GC Worker End (ms): Min: 1516610916.2, Avg: 1516610916.2, Max: 1516610916.3, Diff: 0.1]
   [Code Root Fixup: 0.3 ms]
   [Code Root Purge: 0.0 ms]
   [Clear CT: 0.3 ms]
   [Other: 2.0 ms]
      [Choose CSet: 0.0 ms]
      [Ref Proc: 0.4 ms]
      [Ref Enq: 0.0 ms]
      [Redirty Cards: 0.1 ms]
      [Humongous Reclaim: 0.0 ms]
      [Free CSet: 0.9 ms]
   [Eden: 2196.0M(2196.0M)->0.0B(2208.0M) Survivors: 52.0M->40.0M Heap: 3686.7M(4500.0M)->1477.1M(4500.0M)]
Heap after GC invocations=33232 (full 0):
 garbage-first heap   total 4608000K, used 1512509K [0x00000006a6c00000, 0x00000006a7002328, 0x00000007c0000000)
  region size 4096K, 10 young (40960K), 10 survivors (40960K)
 Metaspace       used 124692K, capacity 128524K, committed 129664K, reserved 1165312K
  class space    used 13846K, capacity 14512K, committed 14720K, reserved 1048576K
}
 [Times: user=0.14 sys=0.04, real=0.03 secs] 
{Heap before GC invocations=33232 (full 0):
 garbage-first heap   total 4608000K, used 3773501K [0x00000006a6c00000, 0x00000006a7002328, 0x00000007c0000000)
  region size 4096K, 562 young (2301952K), 10 survivors (40960K)
 Metaspace       used 124692K, capacity 128524K, committed 129664K, reserved 1165312K
  class space    used 13846K, capacity 14512K, committed 14720K, reserved 1048576K
2019-04-29T05:52:28.379+0800: 1516757.598: [GC pause (G1 Evacuation Pause) (young)
Desired survivor size 148897792 bytes, new threshold 15 (max 15)
- age   1:   19244816 bytes,   19244816 total
- age   2:    1154720 bytes,   20399536 total
- age   3:    1176216 bytes,   21575752 total
- age   4:     424848 bytes,   22000600 total
- age   5:     609880 bytes,   22610480 total
- age   6:     634416 bytes,   23244896 total
- age   7:     649920 bytes,   23894816 total
- age   8:    1608064 bytes,   25502880 total
- age   9:    1044408 bytes,   26547288 total
- age  10:    1007432 bytes,   27554720 total
- age  11:    1102728 bytes,   28657448 total
- age  12:    1353544 bytes,   30010992 total
- age  13:     236936 bytes,   30247928 total
- age  14:     233456 bytes,   30481384 total
- age  15:     762016 bytes,   31243400 total
 1516757.598: [G1Ergonomics (CSet Construction) start choosing CSet, _pending_cards: 26224, predicted base time: 10.51 ms, remaining time: 49.49 ms, target pause time: 60.00 ms]
 1516757.598: [G1Ergonomics (CSet Construction) add young regions to CSet, eden: 552 regions, survivors: 10 regions, predicted young region time: 253.84 ms]
 1516757.598: [G1Ergonomics (CSet Construction) finish choosing CSet, eden: 552 regions, survivors: 10 regions, old: 0 regions, predicted pause time: 264.35 ms, target pause time: 60.00 ms]
, 0.0230602 secs]
   [Parallel Time: 21.2 ms, GC Workers: 8]
      [GC Worker Start (ms): Min: 1516757598.4, Avg: 1516757598.5, Max: 1516757598.5, Diff: 0.1]
      [Ext Root Scanning (ms): Min: 1.1, Avg: 1.3, Max: 2.0, Diff: 1.0, Sum: 10.7]
      [Update RS (ms): Min: 5.9, Avg: 6.4, Max: 6.7, Diff: 0.7, Sum: 50.9]
         [Processed Buffers: Min: 19, Avg: 26.6, Max: 47, Diff: 28, Sum: 213]
      [Scan RS (ms): Min: 0.0, Avg: 0.1, Max: 0.1, Diff: 0.1, Sum: 0.6]
      [Code Root Scanning (ms): Min: 0.0, Avg: 0.0, Max: 0.0, Diff: 0.0, Sum: 0.0]
      [Object Copy (ms): Min: 13.1, Avg: 13.2, Max: 13.3, Diff: 0.2, Sum: 105.9]
      [Termination (ms): Min: 0.0, Avg: 0.0, Max: 0.0, Diff: 0.0, Sum: 0.0]
      [GC Worker Other (ms): Min: 0.0, Avg: 0.0, Max: 0.1, Diff: 0.1, Sum: 0.4]
      [GC Worker Total (ms): Min: 21.0, Avg: 21.1, Max: 21.1, Diff: 0.1, Sum: 168.6]
      [GC Worker End (ms): Min: 1516757619.5, Avg: 1516757619.6, Max: 1516757619.6, Diff: 0.1]
   [Code Root Fixup: 0.2 ms]
   [Code Root Purge: 0.0 ms]
   [Clear CT: 0.3 ms]
   [Other: 1.4 ms]
      [Choose CSet: 0.0 ms]
      [Ref Proc: 0.2 ms]
      [Ref Enq: 0.0 ms]
      [Redirty Cards: 0.1 ms]
      [Humongous Reclaim: 0.0 ms]
      [Free CSet: 0.6 ms]
   [Eden: 2208.0M(2208.0M)->0.0B(2212.0M) Survivors: 40.0M->36.0M Heap: 3685.1M(4500.0M)->1473.9M(4500.0M)]
Heap after GC invocations=33233 (full 0):
 garbage-first heap   total 4608000K, used 1509233K [0x00000006a6c00000, 0x00000006a7002328, 0x00000007c0000000)
  region size 4096K, 9 young (36864K), 9 survivors (36864K)
 Metaspace       used 124692K, capacity 128524K, committed 129664K, reserved 1165312K
  class space    used 13846K, capacity 14512K, committed 14720K, reserved 1048576K
}
 [Times: user=0.14 sys=0.03, real=0.03 secs] 
{Heap before GC invocations=33233 (full 0):
 garbage-first heap   total 4608000K, used 3774321K [0x00000006a6c00000, 0x00000006a7002328, 0x00000007c0000000)
  region size 4096K, 562 young (2301952K), 9 survivors (36864K)
 Metaspace       used 124692K, capacity 128524K, committed 129664K, reserved 1165312K
  class space    used 13846K, capacity 14512K, committed 14720K, reserved 1048576K
2019-04-29T05:55:01.872+0800: 1516911.091: [GC pause (G1 Evacuation Pause) (young)
Desired survivor size 148897792 bytes, new threshold 15 (max 15)
- age   1:   16681208 bytes,   16681208 total
- age   2:     696256 bytes,   17377464 total
- age   3:    1145696 bytes,   18523160 total
- age   4:    1173744 bytes,   19696904 total
- age   5:     423360 bytes,   20120264 total
- age   6:     609176 bytes,   20729440 total
- age   7:     633744 bytes,   21363184 total
- age   8:     649584 bytes,   22012768 total
- age   9:    1607840 bytes,   23620608 total
- age  10:    1044040 bytes,   24664648 total
- age  11:    1007432 bytes,   25672080 total
- age  12:    1065576 bytes,   26737656 total
- age  13:     615112 bytes,   27352768 total
- age  14:     224344 bytes,   27577112 total
- age  15:     233456 bytes,   27810568 total
 1516911.091: [G1Ergonomics (CSet Construction) start choosing CSet, _pending_cards: 20902, predicted base time: 8.83 ms, remaining time: 51.17 ms, target pause time: 60.00 ms]
 1516911.091: [G1Ergonomics (CSet Construction) add young regions to CSet, eden: 553 regions, survivors: 9 regions, predicted young region time: 201.19 ms]
 1516911.091: [G1Ergonomics (CSet Construction) finish choosing CSet, eden: 553 regions, survivors: 9 regions, old: 0 regions, predicted pause time: 210.02 ms, target pause time: 60.00 ms]
, 0.0229187 secs]
   [Parallel Time: 20.8 ms, GC Workers: 8]
      [GC Worker Start (ms): Min: 1516911091.3, Avg: 1516911091.3, Max: 1516911091.4, Diff: 0.1]
      [Ext Root Scanning (ms): Min: 1.0, Avg: 1.3, Max: 2.1, Diff: 1.0, Sum: 10.3]
      [Update RS (ms): Min: 4.7, Avg: 5.4, Max: 5.7, Diff: 1.1, Sum: 43.0]
         [Processed Buffers: Min: 15, Avg: 25.4, Max: 37, Diff: 22, Sum: 203]
      [Scan RS (ms): Min: 0.6, Avg: 0.7, Max: 0.9, Diff: 0.3, Sum: 6.0]
      [Code Root Scanning (ms): Min: 0.0, Avg: 0.0, Max: 0.0, Diff: 0.0, Sum: 0.0]
      [Object Copy (ms): Min: 13.1, Avg: 13.2, Max: 13.3, Diff: 0.2, Sum: 105.8]
      [Termination (ms): Min: 0.0, Avg: 0.0, Max: 0.0, Diff: 0.0, Sum: 0.0]
      [GC Worker Other (ms): Min: 0.0, Avg: 0.0, Max: 0.1, Diff: 0.0, Sum: 0.3]
      [GC Worker Total (ms): Min: 20.6, Avg: 20.7, Max: 20.7, Diff: 0.1, Sum: 165.4]
      [GC Worker End (ms): Min: 1516911112.0, Avg: 1516911112.0, Max: 1516911112.0, Diff: 0.1]
   [Code Root Fixup: 0.3 ms]
   [Code Root Purge: 0.0 ms]
   [Clear CT: 0.3 ms]
   [Other: 1.6 ms]
      [Choose CSet: 0.0 ms]
      [Ref Proc: 0.3 ms]
      [Ref Enq: 0.0 ms]
      [Redirty Cards: 0.1 ms]
      [Humongous Reclaim: 0.0 ms]
      [Free CSet: 0.6 ms]
   [Eden: 2212.0M(2212.0M)->0.0B(2212.0M) Survivors: 36.0M->36.0M Heap: 3685.9M(4500.0M)->1474.5M(4500.0M)]
Heap after GC invocations=33234 (full 0):
 garbage-first heap   total 4608000K, used 1509846K [0x00000006a6c00000, 0x00000006a7002328, 0x00000007c0000000)
  region size 4096K, 9 young (36864K), 9 survivors (36864K)
 Metaspace       used 124692K, capacity 128524K, committed 129664K, reserved 1165312K
  class space    used 13846K, capacity 14512K, committed 14720K, reserved 1048576K
}
 [Times: user=0.13 sys=0.03, real=0.02 secs] 
{Heap before GC invocations=33234 (full 0):
 garbage-first heap   total 4608000K, used 3774934K [0x00000006a6c00000, 0x00000006a7002328, 0x00000007c0000000)
  region size 4096K, 562 young (2301952K), 9 survivors (36864K)
 Metaspace       used 124692K, capacity 128524K, committed 129664K, reserved 1165312K
  class space    used 13846K, capacity 14512K, committed 14720K, reserved 1048576K
2019-04-29T05:57:18.874+0800: 1517048.093: [GC pause (G1 Evacuation Pause) (young)
Desired survivor size 148897792 bytes, new threshold 15 (max 15)
- age   1:   17933288 bytes,   17933288 total
- age   2:    1020992 bytes,   18954280 total
- age   3:     558200 bytes,   19512480 total
- age   4:    1144608 bytes,   20657088 total
- age   5:    1172112 bytes,   21829200 total
- age   6:     422840 bytes,   22252040 total
- age   7:     608256 bytes,   22860296 total
- age   8:     633632 bytes,   23493928 total
- age   9:     649440 bytes,   24143368 total
- age  10:    1607840 bytes,   25751208 total
- age  11:     788040 bytes,   26539248 total
- age  12:    1005888 bytes,   27545136 total
- age  13:     517656 bytes,   28062792 total
- age  14:     314944 bytes,   28377736 total
- age  15:     224344 bytes,   28602080 total
 1517048.093: [G1Ergonomics (CSet Construction) start choosing CSet, _pending_cards: 25181, predicted base time: 10.23 ms, remaining time: 49.77 ms, target pause time: 60.00 ms]
 1517048.093: [G1Ergonomics (CSet Construction) add young regions to CSet, eden: 553 regions, survivors: 9 regions, predicted young region time: 161.55 ms]
 1517048.093: [G1Ergonomics (CSet Construction) finish choosing CSet, eden: 553 regions, survivors: 9 regions, old: 0 regions, predicted pause time: 171.78 ms, target pause time: 60.00 ms]
, 0.0290463 secs]
   [Parallel Time: 27.0 ms, GC Workers: 8]
      [GC Worker Start (ms): Min: 1517048092.8, Avg: 1517048092.9, Max: 1517048092.9, Diff: 0.1]
      [Ext Root Scanning (ms): Min: 1.1, Avg: 1.3, Max: 2.1, Diff: 1.1, Sum: 10.4]
      [Update RS (ms): Min: 5.2, Avg: 5.9, Max: 6.2, Diff: 1.0, Sum: 47.1]
         [Processed Buffers: Min: 12, Avg: 25.4, Max: 53, Diff: 41, Sum: 203]
      [Scan RS (ms): Min: 0.0, Avg: 0.1, Max: 0.1, Diff: 0.1, Sum: 0.6]
      [Code Root Scanning (ms): Min: 0.0, Avg: 0.0, Max: 0.0, Diff: 0.0, Sum: 0.0]
      [Object Copy (ms): Min: 19.4, Avg: 19.6, Max: 19.6, Diff: 0.3, Sum: 156.5]
      [Termination (ms): Min: 0.0, Avg: 0.0, Max: 0.0, Diff: 0.0, Sum: 0.0]
      [GC Worker Other (ms): Min: 0.0, Avg: 0.0, Max: 0.1, Diff: 0.1, Sum: 0.3]
      [GC Worker Total (ms): Min: 26.8, Avg: 26.9, Max: 26.9, Diff: 0.1, Sum: 215.0]
      [GC Worker End (ms): Min: 1517048119.7, Avg: 1517048119.7, Max: 1517048119.8, Diff: 0.0]
   [Code Root Fixup: 0.3 ms]
   [Code Root Purge: 0.0 ms]
   [Clear CT: 0.3 ms]
   [Other: 1.5 ms]
      [Choose CSet: 0.0 ms]
      [Ref Proc: 0.2 ms]
      [Ref Enq: 0.0 ms]
      [Redirty Cards: 0.1 ms]
      [Humongous Reclaim: 0.0 ms]
      [Free CSet: 0.6 ms]
   [Eden: 2212.0M(2212.0M)->0.0B(2200.0M) Survivors: 36.0M->48.0M Heap: 3686.5M(4500.0M)->1488.7M(4500.0M)]
Heap after GC invocations=33235 (full 0):
 garbage-first heap   total 4608000K, used 1524471K [0x00000006a6c00000, 0x00000006a7002328, 0x00000007c0000000)
  region size 4096K, 12 young (49152K), 12 survivors (49152K)
 Metaspace       used 124692K, capacity 128524K, committed 129664K, reserved 1165312K
  class space    used 13846K, capacity 14512K, committed 14720K, reserved 1048576K
}
 [Times: user=0.22 sys=0.00, real=0.03 secs] 
{Heap before GC invocations=33235 (full 0):
 garbage-first heap   total 4608000K, used 3777271K [0x00000006a6c00000, 0x00000006a7002328, 0x00000007c0000000)
  region size 4096K, 562 young (2301952K), 12 survivors (49152K)
 Metaspace       used 124692K, capacity 128524K, committed 129664K, reserved 1165312K
  class space    used 13846K, capacity 14512K, committed 14720K, reserved 1048576K
2019-04-29T05:59:45.235+0800: 1517194.454: [GC pause (G1 Evacuation Pause) (young)
Desired survivor size 148897792 bytes, new threshold 15 (max 15)
- age   1:   27937016 bytes,   27937016 total
- age   2:    1080864 bytes,   29017880 total
- age   3:    1017712 bytes,   30035592 total
- age   4:     557528 bytes,   30593120 total
- age   5:    1136728 bytes,   31729848 total
- age   6:    1171352 bytes,   32901200 total
- age   7:     412736 bytes,   33313936 total
- age   8:     580536 bytes,   33894472 total
- age   9:     633408 bytes,   34527880 total
- age  10:     649216 bytes,   35177096 total
- age  11:    1607840 bytes,   36784936 total
- age  12:     787776 bytes,   37572712 total
- age  13:     655256 bytes,   38227968 total
- age  14:     209128 bytes,   38437096 total
- age  15:     314944 bytes,   38752040 total
 1517194.454: [G1Ergonomics (CSet Construction) start choosing CSet, _pending_cards: 24678, predicted base time: 9.72 ms, remaining time: 50.28 ms, target pause time: 60.00 ms]
 1517194.454: [G1Ergonomics (CSet Construction) add young regions to CSet, eden: 550 regions, survivors: 12 regions, predicted young region time: 201.53 ms]
 1517194.454: [G1Ergonomics (CSet Construction) finish choosing CSet, eden: 550 regions, survivors: 12 regions, old: 0 regions, predicted pause time: 211.26 ms, target pause time: 60.00 ms]
, 0.0231225 secs]
   [Parallel Time: 21.2 ms, GC Workers: 8]
      [GC Worker Start (ms): Min: 1517194454.4, Avg: 1517194454.4, Max: 1517194454.5, Diff: 0.1]
      [Ext Root Scanning (ms): Min: 1.0, Avg: 1.6, Max: 4.5, Diff: 3.4, Sum: 12.5]
      [Update RS (ms): Min: 3.1, Avg: 5.8, Max: 6.5, Diff: 3.4, Sum: 46.7]
         [Processed Buffers: Min: 11, Avg: 25.4, Max: 44, Diff: 33, Sum: 203]
      [Scan RS (ms): Min: 0.0, Avg: 0.1, Max: 0.2, Diff: 0.1, Sum: 0.7]
      [Code Root Scanning (ms): Min: 0.0, Avg: 0.0, Max: 0.0, Diff: 0.0, Sum: 0.0]
      [Object Copy (ms): Min: 13.4, Avg: 13.5, Max: 13.6, Diff: 0.2, Sum: 108.2]
      [Termination (ms): Min: 0.0, Avg: 0.0, Max: 0.0, Diff: 0.0, Sum: 0.1]
      [GC Worker Other (ms): Min: 0.0, Avg: 0.1, Max: 0.1, Diff: 0.1, Sum: 0.4]
      [GC Worker Total (ms): Min: 21.0, Avg: 21.1, Max: 21.1, Diff: 0.1, Sum: 168.5]
      [GC Worker End (ms): Min: 1517194475.4, Avg: 1517194475.5, Max: 1517194475.5, Diff: 0.1]
   [Code Root Fixup: 0.2 ms]
   [Code Root Purge: 0.0 ms]
   [Clear CT: 0.3 ms]
   [Other: 1.5 ms]
      [Choose CSet: 0.0 ms]
      [Ref Proc: 0.3 ms]
      [Ref Enq: 0.0 ms]
      [Redirty Cards: 0.1 ms]
      [Humongous Reclaim: 0.0 ms]
      [Free CSet: 0.6 ms]
   [Eden: 2200.0M(2200.0M)->0.0B(2212.0M) Survivors: 48.0M->36.0M Heap: 3688.7M(4500.0M)->1475.1M(4500.0M)]
Heap after GC invocations=33236 (full 0):
 garbage-first heap   total 4608000K, used 1510538K [0x00000006a6c00000, 0x00000006a7002328, 0x00000007c0000000)
  region size 4096K, 9 young (36864K), 9 survivors (36864K)
 Metaspace       used 124692K, capacity 128524K, committed 129664K, reserved 1165312K
  class space    used 13846K, capacity 14512K, committed 14720K, reserved 1048576K
}
 [Times: user=0.14 sys=0.03, real=0.02 secs] 
{Heap before GC invocations=33236 (full 0):
 garbage-first heap   total 4608000K, used 3775626K [0x00000006a6c00000, 0x00000006a7002328, 0x00000007c0000000)
  region size 4096K, 562 young (2301952K), 9 survivors (36864K)
 Metaspace       used 124692K, capacity 128524K, committed 129664K, reserved 1165312K
  class space    used 13846K, capacity 14512K, committed 14720K, reserved 1048576K
2019-04-29T06:01:38.019+0800: 1517307.238: [GC pause (G1 Evacuation Pause) (young)
Desired survivor size 148897792 bytes, new threshold 15 (max 15)
- age   1:   17451728 bytes,   17451728 total
- age   2:     945232 bytes,   18396960 total
- age   3:    1078424 bytes,   19475384 total
- age   4:    1016176 bytes,   20491560 total
- age   5:     547296 bytes,   21038856 total
- age   6:    1136032 bytes,   22174888 total
- age   7:    1170416 bytes,   23345304 total
- age   8:     410112 bytes,   23755416 total
- age   9:     579800 bytes,   24335216 total
- age  10:     633408 bytes,   24968624 total
- age  11:     649104 bytes,   25617728 total
- age  12:    1607840 bytes,   27225568 total
- age  13:     475320 bytes,   27700888 total
- age  14:     253656 bytes,   27954544 total
- age  15:     209128 bytes,   28163672 total
 1517307.238: [G1Ergonomics (CSet Construction) start choosing CSet, _pending_cards: 24748, predicted base time: 9.54 ms, remaining time: 50.46 ms, target pause time: 60.00 ms]
 1517307.238: [G1Ergonomics (CSet Construction) add young regions to CSet, eden: 553 regions, survivors: 9 regions, predicted young region time: 163.83 ms]
 1517307.238: [G1Ergonomics (CSet Construction) finish choosing CSet, eden: 553 regions, survivors: 9 regions, old: 0 regions, predicted pause time: 173.37 ms, target pause time: 60.00 ms]
, 0.0217659 secs]
   [Parallel Time: 19.7 ms, GC Workers: 8]
      [GC Worker Start (ms): Min: 1517307238.2, Avg: 1517307238.2, Max: 1517307238.3, Diff: 0.1]
      [Ext Root Scanning (ms): Min: 1.0, Avg: 1.3, Max: 2.1, Diff: 1.1, Sum: 10.2]
      [Update RS (ms): Min: 4.9, Avg: 5.7, Max: 6.0, Diff: 1.1, Sum: 45.5]
         [Processed Buffers: Min: 18, Avg: 25.5, Max: 39, Diff: 21, Sum: 204]
      [Scan RS (ms): Min: 0.0, Avg: 0.1, Max: 0.1, Diff: 0.1, Sum: 0.6]
      [Code Root Scanning (ms): Min: 0.0, Avg: 0.0, Max: 0.0, Diff: 0.0, Sum: 0.0]
      [Object Copy (ms): Min: 12.5, Avg: 12.5, Max: 12.6, Diff: 0.1, Sum: 100.3]
      [Termination (ms): Min: 0.0, Avg: 0.0, Max: 0.0, Diff: 0.0, Sum: 0.1]
      [GC Worker Other (ms): Min: 0.0, Avg: 0.0, Max: 0.1, Diff: 0.0, Sum: 0.3]
      [GC Worker Total (ms): Min: 19.6, Avg: 19.6, Max: 19.7, Diff: 0.1, Sum: 157.1]
      [GC Worker End (ms): Min: 1517307257.8, Avg: 1517307257.9, Max: 1517307257.9, Diff: 0.0]
   [Code Root Fixup: 0.2 ms]
   [Code Root Purge: 0.0 ms]
   [Clear CT: 0.3 ms]
   [Other: 1.6 ms]
      [Choose CSet: 0.0 ms]
      [Ref Proc: 0.3 ms]
      [Ref Enq: 0.0 ms]
      [Redirty Cards: 0.1 ms]
      [Humongous Reclaim: 0.0 ms]
      [Free CSet: 0.6 ms]
   [Eden: 2212.0M(2212.0M)->0.0B(2212.0M) Survivors: 36.0M->36.0M Heap: 3687.1M(4500.0M)->1475.5M(4500.0M)]
Heap after GC invocations=33237 (full 0):
 garbage-first heap   total 4608000K, used 1510909K [0x00000006a6c00000, 0x00000006a7002328, 0x00000007c0000000)
  region size 4096K, 9 young (36864K), 9 survivors (36864K)
 Metaspace       used 124692K, capacity 128524K, committed 129664K, reserved 1165312K
  class space    used 13846K, capacity 14512K, committed 14720K, reserved 1048576K
}
 [Times: user=0.16 sys=0.00, real=0.03 secs] 
{Heap before GC invocations=33237 (full 0):
 garbage-first heap   total 4608000K, used 3775997K [0x00000006a6c00000, 0x00000006a7002328, 0x00000007c0000000)
  region size 4096K, 562 young (2301952K), 9 survivors (36864K)
 Metaspace       used 124692K, capacity 128524K, committed 129664K, reserved 1165312K
  class space    used 13846K, capacity 14512K, committed 14720K, reserved 1048576K
2019-04-29T06:04:03.617+0800: 1517452.835: [GC pause (G1 Evacuation Pause) (young)
Desired survivor size 148897792 bytes, new threshold 15 (max 15)
- age   1:   16032288 bytes,   16032288 total
- age   2:    1003352 bytes,   17035640 total
- age   3:     930816 bytes,   17966456 total
- age   4:    1076064 bytes,   19042520 total
- age   5:    1012536 bytes,   20055056 total
- age   6:     547184 bytes,   20602240 total
- age   7:    1136032 bytes,   21738272 total
- age   8:    1170168 bytes,   22908440 total
- age   9:     409776 bytes,   23318216 total
- age  10:     579192 bytes,   23897408 total
- age  11:     633408 bytes,   24530816 total
- age  12:     649104 bytes,   25179920 total
- age  13:    1237768 bytes,   26417688 total
- age  14:     272856 bytes,   26690544 total
- age  15:     251440 bytes,   26941984 total
 1517452.835: [G1Ergonomics (CSet Construction) start choosing CSet, _pending_cards: 24120, predicted base time: 9.11 ms, remaining time: 50.89 ms, target pause time: 60.00 ms]
 1517452.835: [G1Ergonomics (CSet Construction) add young regions to CSet, eden: 553 regions, survivors: 9 regions, predicted young region time: 127.57 ms]
 1517452.835: [G1Ergonomics (CSet Construction) finish choosing CSet, eden: 553 regions, survivors: 9 regions, old: 0 regions, predicted pause time: 136.68 ms, target pause time: 60.00 ms]
, 0.0258450 secs]
   [Parallel Time: 23.9 ms, GC Workers: 8]
      [GC Worker Start (ms): Min: 1517452835.7, Avg: 1517452835.7, Max: 1517452835.8, Diff: 0.1]
      [Ext Root Scanning (ms): Min: 1.4, Avg: 1.6, Max: 2.3, Diff: 0.9, Sum: 13.2]
      [Update RS (ms): Min: 6.0, Avg: 6.3, Max: 6.6, Diff: 0.6, Sum: 50.1]
         [Processed Buffers: Min: 14, Avg: 24.9, Max: 43, Diff: 29, Sum: 199]
      [Scan RS (ms): Min: 0.0, Avg: 0.1, Max: 0.1, Diff: 0.1, Sum: 0.6]
      [Code Root Scanning (ms): Min: 0.0, Avg: 0.0, Max: 0.0, Diff: 0.0, Sum: 0.0]
      [Object Copy (ms): Min: 15.5, Avg: 15.7, Max: 15.8, Diff: 0.4, Sum: 125.8]
      [Termination (ms): Min: 0.0, Avg: 0.0, Max: 0.0, Diff: 0.0, Sum: 0.0]
      [GC Worker Other (ms): Min: 0.0, Avg: 0.0, Max: 0.1, Diff: 0.1, Sum: 0.4]
      [GC Worker Total (ms): Min: 23.7, Avg: 23.8, Max: 23.8, Diff: 0.1, Sum: 190.1]
      [GC Worker End (ms): Min: 1517452859.5, Avg: 1517452859.5, Max: 1517452859.5, Diff: 0.0]
   [Code Root Fixup: 0.2 ms]
   [Code Root Purge: 0.0 ms]
   [Clear CT: 0.2 ms]
   [Other: 1.5 ms]
      [Choose CSet: 0.0 ms]
      [Ref Proc: 0.2 ms]
      [Ref Enq: 0.0 ms]
      [Redirty Cards: 0.1 ms]
      [Humongous Reclaim: 0.0 ms]
      [Free CSet: 0.6 ms]
   [Eden: 2212.0M(2212.0M)->0.0B(2208.0M) Survivors: 36.0M->40.0M Heap: 3687.5M(4500.0M)->1481.8M(4500.0M)]
Heap after GC invocations=33238 (full 0):
 garbage-first heap   total 4608000K, used 1517382K [0x00000006a6c00000, 0x00000006a7002328, 0x00000007c0000000)
  region size 4096K, 10 young (40960K), 10 survivors (40960K)
 Metaspace       used 124692K, capacity 128524K, committed 129664K, reserved 1165312K
  class space    used 13846K, capacity 14512K, committed 14720K, reserved 1048576K
}
 [Times: user=0.15 sys=0.04, real=0.03 secs] 
{Heap before GC invocations=33238 (full 0):
 garbage-first heap   total 4608000K, used 3778374K [0x00000006a6c00000, 0x00000006a7002328, 0x00000007c0000000)
  region size 4096K, 562 young (2301952K), 10 survivors (40960K)
 Metaspace       used 124692K, capacity 128524K, committed 129664K, reserved 1165312K
  class space    used 13846K, capacity 14512K, committed 14720K, reserved 1048576K
2019-04-29T06:06:07.279+0800: 1517576.498: [GC pause (G1 Evacuation Pause) (young)
Desired survivor size 148897792 bytes, new threshold 15 (max 15)
- age   1:   22965344 bytes,   22965344 total
- age   2:     783200 bytes,   23748544 total
- age   3:     999520 bytes,   24748064 total
- age   4:     925680 bytes,   25673744 total
- age   5:    1076064 bytes,   26749808 total
- age   6:    1012088 bytes,   27761896 total
- age   7:     546928 bytes,   28308824 total
- age   8:    1135920 bytes,   29444744 total
- age   9:    1170056 bytes,   30614800 total
- age  10:     409744 bytes,   31024544 total
- age  11:     579080 bytes,   31603624 total
- age  12:     633408 bytes,   32237032 total
- age  13:     618080 bytes,   32855112 total
- age  14:     332016 bytes,   33187128 total
- age  15:     270640 bytes,   33457768 total
 1517576.498: [G1Ergonomics (CSet Construction) start choosing CSet, _pending_cards: 24066, predicted base time: 9.25 ms, remaining time: 50.75 ms, target pause time: 60.00 ms]
 1517576.498: [G1Ergonomics (CSet Construction) add young regions to CSet, eden: 552 regions, survivors: 10 regions, predicted young region time: 224.88 ms]
 1517576.498: [G1Ergonomics (CSet Construction) finish choosing CSet, eden: 552 regions, survivors: 10 regions, old: 0 regions, predicted pause time: 234.12 ms, target pause time: 60.00 ms]
, 0.0283667 secs]
   [Parallel Time: 26.0 ms, GC Workers: 8]
      [GC Worker Start (ms): Min: 1517576498.0, Avg: 1517576498.0, Max: 1517576498.1, Diff: 0.1]
      [Ext Root Scanning (ms): Min: 1.1, Avg: 1.3, Max: 2.2, Diff: 1.1, Sum: 10.8]
      [Update RS (ms): Min: 5.3, Avg: 5.9, Max: 6.1, Diff: 0.9, Sum: 46.9]
         [Processed Buffers: Min: 12, Avg: 25.2, Max: 64, Diff: 52, Sum: 202]
      [Scan RS (ms): Min: 0.0, Avg: 0.1, Max: 0.1, Diff: 0.1, Sum: 0.6]
      [Code Root Scanning (ms): Min: 0.0, Avg: 0.0, Max: 0.0, Diff: 0.0, Sum: 0.0]
      [Object Copy (ms): Min: 18.5, Avg: 18.6, Max: 18.6, Diff: 0.2, Sum: 148.7]
      [Termination (ms): Min: 0.0, Avg: 0.0, Max: 0.0, Diff: 0.0, Sum: 0.0]
      [GC Worker Other (ms): Min: 0.0, Avg: 0.0, Max: 0.1, Diff: 0.1, Sum: 0.4]
      [GC Worker Total (ms): Min: 25.9, Avg: 25.9, Max: 26.0, Diff: 0.1, Sum: 207.4]
      [GC Worker End (ms): Min: 1517576523.9, Avg: 1517576523.9, Max: 1517576524.0, Diff: 0.1]
   [Code Root Fixup: 0.3 ms]
   [Code Root Purge: 0.0 ms]
   [Clear CT: 0.3 ms]
   [Other: 1.8 ms]
      [Choose CSet: 0.0 ms]
      [Ref Proc: 0.3 ms]
      [Ref Enq: 0.0 ms]
      [Redirty Cards: 0.1 ms]
      [Humongous Reclaim: 0.0 ms]
      [Free CSet: 0.9 ms]
   [Eden: 2208.0M(2208.0M)->0.0B(2200.0M) Survivors: 40.0M->48.0M Heap: 3689.8M(4500.0M)->1490.2M(4500.0M)]
Heap after GC invocations=33239 (full 0):
 garbage-first heap   total 4608000K, used 1525929K [0x00000006a6c00000, 0x00000006a7002328, 0x00000007c0000000)
  region size 4096K, 12 young (49152K), 12 survivors (49152K)
 Metaspace       used 124692K, capacity 128524K, committed 129664K, reserved 1165312K
  class space    used 13846K, capacity 14512K, committed 14720K, reserved 1048576K
}
 [Times: user=0.17 sys=0.03, real=0.03 secs] 
{Heap before GC invocations=33239 (full 0):
 garbage-first heap   total 4608000K, used 3778729K [0x00000006a6c00000, 0x00000006a7002328, 0x00000007c0000000)
  region size 4096K, 562 young (2301952K), 12 survivors (49152K)
 Metaspace       used 124692K, capacity 128524K, committed 129664K, reserved 1165312K
  class space    used 13846K, capacity 14512K, committed 14720K, reserved 1048576K
2019-04-29T06:08:20.711+0800: 1517709.930: [GC pause (G1 Evacuation Pause) (young)
Desired survivor size 148897792 bytes, new threshold 15 (max 15)
- age   1:   28015472 bytes,   28015472 total
- age   2:    1159120 bytes,   29174592 total
- age   3:     776480 bytes,   29951072 total
- age   4:     998184 bytes,   30949256 total
- age   5:     911912 bytes,   31861168 total
- age   6:    1075624 bytes,   32936792 total
- age   7:    1011752 bytes,   33948544 total
- age   8:     544952 bytes,   34493496 total
- age   9:    1135808 bytes,   35629304 total
- age  10:    1169832 bytes,   36799136 total
- age  11:     409296 bytes,   37208432 total
- age  12:     579080 bytes,   37787512 total
- age  13:     588336 bytes,   38375848 total
- age  14:     183400 bytes,   38559248 total
- age  15:     296056 bytes,   38855304 total
 1517709.930: [G1Ergonomics (CSet Construction) start choosing CSet, _pending_cards: 23025, predicted base time: 8.84 ms, remaining time: 51.16 ms, target pause time: 60.00 ms]
 1517709.930: [G1Ergonomics (CSet Construction) add young regions to CSet, eden: 550 regions, survivors: 12 regions, predicted young region time: 182.15 ms]
 1517709.930: [G1Ergonomics (CSet Construction) finish choosing CSet, eden: 550 regions, survivors: 12 regions, old: 0 regions, predicted pause time: 190.99 ms, target pause time: 60.00 ms]
, 0.0217092 secs]
   [Parallel Time: 19.6 ms, GC Workers: 8]
      [GC Worker Start (ms): Min: 1517709930.0, Avg: 1517709930.1, Max: 1517709930.1, Diff: 0.1]
      [Ext Root Scanning (ms): Min: 1.1, Avg: 1.3, Max: 2.2, Diff: 1.1, Sum: 10.7]
      [Update RS (ms): Min: 4.9, Avg: 5.7, Max: 6.0, Diff: 1.1, Sum: 45.2]
         [Processed Buffers: Min: 13, Avg: 23.8, Max: 35, Diff: 22, Sum: 190]
      [Scan RS (ms): Min: 0.0, Avg: 0.1, Max: 0.1, Diff: 0.1, Sum: 0.6]
      [Code Root Scanning (ms): Min: 0.0, Avg: 0.0, Max: 0.0, Diff: 0.0, Sum: 0.0]
      [Object Copy (ms): Min: 12.3, Avg: 12.4, Max: 12.5, Diff: 0.2, Sum: 99.1]
      [Termination (ms): Min: 0.0, Avg: 0.0, Max: 0.0, Diff: 0.0, Sum: 0.0]
      [GC Worker Other (ms): Min: 0.0, Avg: 0.0, Max: 0.1, Diff: 0.1, Sum: 0.3]
      [GC Worker Total (ms): Min: 19.5, Avg: 19.5, Max: 19.5, Diff: 0.1, Sum: 156.0]
      [GC Worker End (ms): Min: 1517709949.5, Avg: 1517709949.6, Max: 1517709949.6, Diff: 0.0]
   [Code Root Fixup: 0.2 ms]
   [Code Root Purge: 0.0 ms]
   [Clear CT: 0.3 ms]
   [Other: 1.6 ms]
      [Choose CSet: 0.0 ms]
      [Ref Proc: 0.2 ms]
      [Ref Enq: 0.0 ms]
      [Redirty Cards: 0.1 ms]
      [Humongous Reclaim: 0.0 ms]
      [Free CSet: 0.6 ms]
   [Eden: 2200.0M(2200.0M)->0.0B(2212.0M) Survivors: 48.0M->36.0M Heap: 3690.2M(4500.0M)->1476.6M(4500.0M)]
Heap after GC invocations=33240 (full 0):
 garbage-first heap   total 4608000K, used 1512014K [0x00000006a6c00000, 0x00000006a7002328, 0x00000007c0000000)
  region size 4096K, 9 young (36864K), 9 survivors (36864K)
 Metaspace       used 124692K, capacity 128524K, committed 129664K, reserved 1165312K
  class space    used 13846K, capacity 14512K, committed 14720K, reserved 1048576K
}
 [Times: user=0.13 sys=0.03, real=0.02 secs] 
{Heap before GC invocations=33240 (full 0):
 garbage-first heap   total 4608000K, used 3777102K [0x00000006a6c00000, 0x00000006a7002328, 0x00000007c0000000)
  region size 4096K, 562 young (2301952K), 9 survivors (36864K)
 Metaspace       used 124692K, capacity 128524K, committed 129664K, reserved 1165312K
  class space    used 13846K, capacity 14512K, committed 14720K, reserved 1048576K
2019-04-29T06:10:02.597+0800: 1517811.816: [GC pause (G1 Evacuation Pause) (young)
Desired survivor size 148897792 bytes, new threshold 15 (max 15)
- age   1:   16230672 bytes,   16230672 total
- age   2:    1174032 bytes,   17404704 total
- age   3:    1158696 bytes,   18563400 total
- age   4:     776144 bytes,   19339544 total
- age   5:     998072 bytes,   20337616 total
- age   6:     911688 bytes,   21249304 total
- age   7:    1075288 bytes,   22324592 total
- age   8:    1011456 bytes,   23336048 total
- age   9:     544728 bytes,   23880776 total
- age  10:    1135808 bytes,   25016584 total
- age  11:    1169720 bytes,   26186304 total
- age  12:     409080 bytes,   26595384 total
- age  13:     509880 bytes,   27105264 total
- age  14:     233272 bytes,   27338536 total
- age  15:     169496 bytes,   27508032 total
 1517811.816: [G1Ergonomics (CSet Construction) start choosing CSet, _pending_cards: 23225, predicted base time: 8.81 ms, remaining time: 51.19 ms, target pause time: 60.00 ms]
 1517811.816: [G1Ergonomics (CSet Construction) add young regions to CSet, eden: 553 regions, survivors: 9 regions, predicted young region time: 140.83 ms]
 1517811.816: [G1Ergonomics (CSet Construction) finish choosing CSet, eden: 553 regions, survivors: 9 regions, old: 0 regions, predicted pause time: 149.63 ms, target pause time: 60.00 ms]
, 0.0234803 secs]
   [Parallel Time: 21.5 ms, GC Workers: 8]
      [GC Worker Start (ms): Min: 1517811816.4, Avg: 1517811816.4, Max: 1517811816.5, Diff: 0.1]
      [Ext Root Scanning (ms): Min: 1.0, Avg: 1.3, Max: 2.0, Diff: 1.0, Sum: 10.1]
      [Update RS (ms): Min: 4.9, Avg: 5.6, Max: 5.9, Diff: 1.0, Sum: 44.9]
         [Processed Buffers: Min: 12, Avg: 25.0, Max: 45, Diff: 33, Sum: 200]
      [Scan RS (ms): Min: 0.0, Avg: 0.1, Max: 0.1, Diff: 0.1, Sum: 0.6]
      [Code Root Scanning (ms): Min: 0.0, Avg: 0.0, Max: 0.0, Diff: 0.0, Sum: 0.0]
      [Object Copy (ms): Min: 14.3, Avg: 14.4, Max: 14.4, Diff: 0.2, Sum: 114.9]
      [Termination (ms): Min: 0.0, Avg: 0.0, Max: 0.0, Diff: 0.0, Sum: 0.1]
      [GC Worker Other (ms): Min: 0.0, Avg: 0.0, Max: 0.1, Diff: 0.1, Sum: 0.3]
      [GC Worker Total (ms): Min: 21.3, Avg: 21.4, Max: 21.4, Diff: 0.1, Sum: 170.9]
      [GC Worker End (ms): Min: 1517811837.8, Avg: 1517811837.8, Max: 1517811837.8, Diff: 0.1]
   [Code Root Fixup: 0.2 ms]
   [Code Root Purge: 0.0 ms]
   [Clear CT: 0.3 ms]
   [Other: 1.5 ms]
      [Choose CSet: 0.0 ms]
      [Ref Proc: 0.2 ms]
      [Ref Enq: 0.0 ms]
      [Redirty Cards: 0.1 ms]
      [Humongous Reclaim: 0.0 ms]
      [Free CSet: 0.6 ms]
   [Eden: 2212.0M(2212.0M)->0.0B(2212.0M) Survivors: 36.0M->36.0M Heap: 3688.6M(4500.0M)->1478.9M(4500.0M)]
Heap after GC invocations=33241 (full 0):
 garbage-first heap   total 4608000K, used 1514367K [0x00000006a6c00000, 0x00000006a7002328, 0x00000007c0000000)
  region size 4096K, 9 young (36864K), 9 survivors (36864K)
 Metaspace       used 124692K, capacity 128524K, committed 129664K, reserved 1165312K
  class space    used 13846K, capacity 14512K, committed 14720K, reserved 1048576K
}
 [Times: user=0.14 sys=0.03, real=0.03 secs] 
{Heap before GC invocations=33241 (full 0):
 garbage-first heap   total 4608000K, used 3779455K [0x00000006a6c00000, 0x00000006a7002328, 0x00000007c0000000)
  region size 4096K, 562 young (2301952K), 9 survivors (36864K)
 Metaspace       used 124692K, capacity 128524K, committed 129664K, reserved 1165312K
  class space    used 13846K, capacity 14512K, committed 14720K, reserved 1048576K
2019-04-29T06:12:03.757+0800: 1517932.975: [GC pause (G1 Evacuation Pause) (young)
Desired survivor size 148897792 bytes, new threshold 15 (max 15)
- age   1:   18329944 bytes,   18329944 total
- age   2:     638024 bytes,   18967968 total
- age   3:     746632 bytes,   19714600 total
- age   4:    1157912 bytes,   20872512 total
- age   5:     775440 bytes,   21647952 total
- age   6:     947776 bytes,   22595728 total
- age   7:     910680 bytes,   23506408 total
- age   8:    1073384 bytes,   24579792 total
- age   9:    1011008 bytes,   25590800 total
- age  10:     544616 bytes,   26135416 total
- age  11:    1135808 bytes,   27271224 total
- age  12:    1169608 bytes,   28440832 total
- age  13:     408968 bytes,   28849800 total
- age  14:     287272 bytes,   29137072 total
- age  15:     226120 bytes,   29363192 total
 1517932.975: [G1Ergonomics (CSet Construction) start choosing CSet, _pending_cards: 25161, predicted base time: 9.15 ms, remaining time: 50.85 ms, target pause time: 60.00 ms]
 1517932.975: [G1Ergonomics (CSet Construction) add young regions to CSet, eden: 553 regions, survivors: 9 regions, predicted young region time: 134.30 ms]
 1517932.975: [G1Ergonomics (CSet Construction) finish choosing CSet, eden: 553 regions, survivors: 9 regions, old: 0 regions, predicted pause time: 143.45 ms, target pause time: 60.00 ms]
, 0.0213352 secs]
   [Parallel Time: 19.4 ms, GC Workers: 8]
      [GC Worker Start (ms): Min: 1517932975.6, Avg: 1517932975.6, Max: 1517932975.7, Diff: 0.1]
      [Ext Root Scanning (ms): Min: 1.0, Avg: 1.2, Max: 2.0, Diff: 1.0, Sum: 9.9]
      [Update RS (ms): Min: 5.1, Avg: 5.6, Max: 5.9, Diff: 0.8, Sum: 45.1]
         [Processed Buffers: Min: 13, Avg: 25.5, Max: 40, Diff: 27, Sum: 204]
      [Scan RS (ms): Min: 0.0, Avg: 0.1, Max: 0.2, Diff: 0.1, Sum: 0.6]
      [Code Root Scanning (ms): Min: 0.0, Avg: 0.0, Max: 0.0, Diff: 0.0, Sum: 0.0]
      [Object Copy (ms): Min: 12.2, Avg: 12.3, Max: 12.4, Diff: 0.2, Sum: 98.6]
      [Termination (ms): Min: 0.0, Avg: 0.0, Max: 0.0, Diff: 0.0, Sum: 0.0]
      [GC Worker Other (ms): Min: 0.0, Avg: 0.0, Max: 0.1, Diff: 0.0, Sum: 0.3]
      [GC Worker Total (ms): Min: 19.3, Avg: 19.3, Max: 19.4, Diff: 0.1, Sum: 154.6]
      [GC Worker End (ms): Min: 1517932994.9, Avg: 1517932995.0, Max: 1517932995.0, Diff: 0.1]
   [Code Root Fixup: 0.2 ms]
   [Code Root Purge: 0.0 ms]
   [Clear CT: 0.3 ms]
   [Other: 1.5 ms]
      [Choose CSet: 0.0 ms]
      [Ref Proc: 0.2 ms]
      [Ref Enq: 0.0 ms]
      [Redirty Cards: 0.1 ms]
      [Humongous Reclaim: 0.0 ms]
      [Free CSet: 0.6 ms]
   [Eden: 2212.0M(2212.0M)->0.0B(2212.0M) Survivors: 36.0M->36.0M Heap: 3690.9M(4500.0M)->1477.1M(4500.0M)]
Heap after GC invocations=33242 (full 0):
 garbage-first heap   total 4608000K, used 1512576K [0x00000006a6c00000, 0x00000006a7002328, 0x00000007c0000000)
  region size 4096K, 9 young (36864K), 9 survivors (36864K)
 Metaspace       used 124692K, capacity 128524K, committed 129664K, reserved 1165312K
  class space    used 13846K, capacity 14512K, committed 14720K, reserved 1048576K
}
 [Times: user=0.13 sys=0.03, real=0.02 secs] 
{Heap before GC invocations=33242 (full 0):
 garbage-first heap   total 4608000K, used 3777664K [0x00000006a6c00000, 0x00000006a7002328, 0x00000007c0000000)
  region size 4096K, 562 young (2301952K), 9 survivors (36864K)
 Metaspace       used 124692K, capacity 128524K, committed 129664K, reserved 1165312K
  class space    used 13846K, capacity 14512K, committed 14720K, reserved 1048576K
2019-04-29T06:15:00.531+0800: 1518109.750: [GC pause (G1 Evacuation Pause) (young)
Desired survivor size 148897792 bytes, new threshold 15 (max 15)
- age   1:   16463184 bytes,   16463184 total
- age   2:     452872 bytes,   16916056 total
- age   3:     634424 bytes,   17550480 total
- age   4:     740792 bytes,   18291272 total
- age   5:    1149512 bytes,   19440784 total
- age   6:     775104 bytes,   20215888 total
- age   7:     947776 bytes,   21163664 total
- age   8:     874064 bytes,   22037728 total
- age   9:    1073272 bytes,   23111000 total
- age  10:    1010376 bytes,   24121376 total
- age  11:     543984 bytes,   24665360 total
- age  12:    1111416 bytes,   25776776 total
- age  13:    1141744 bytes,   26918520 total
- age  14:     277040 bytes,   27195560 total
- age  15:     240912 bytes,   27436472 total
 1518109.750: [G1Ergonomics (CSet Construction) start choosing CSet, _pending_cards: 23472, predicted base time: 8.53 ms, remaining time: 51.47 ms, target pause time: 60.00 ms]
 1518109.750: [G1Ergonomics (CSet Construction) add young regions to CSet, eden: 553 regions, survivors: 9 regions, predicted young region time: 114.90 ms]
 1518109.750: [G1Ergonomics (CSet Construction) finish choosing CSet, eden: 553 regions, survivors: 9 regions, old: 0 regions, predicted pause time: 123.43 ms, target pause time: 60.00 ms]
, 0.0219429 secs]
   [Parallel Time: 19.9 ms, GC Workers: 8]
      [GC Worker Start (ms): Min: 1518109750.2, Avg: 1518109750.2, Max: 1518109750.3, Diff: 0.1]
      [Ext Root Scanning (ms): Min: 1.0, Avg: 1.5, Max: 4.4, Diff: 3.3, Sum: 12.4]
      [Update RS (ms): Min: 3.0, Avg: 5.6, Max: 6.2, Diff: 3.2, Sum: 44.9]
         [Processed Buffers: Min: 15, Avg: 25.4, Max: 38, Diff: 23, Sum: 203]
      [Scan RS (ms): Min: 0.0, Avg: 0.1, Max: 0.1, Diff: 0.1, Sum: 0.6]
      [Code Root Scanning (ms): Min: 0.0, Avg: 0.0, Max: 0.0, Diff: 0.0, Sum: 0.0]
      [Object Copy (ms): Min: 12.4, Avg: 12.5, Max: 12.6, Diff: 0.2, Sum: 99.8]
      [Termination (ms): Min: 0.0, Avg: 0.0, Max: 0.0, Diff: 0.0, Sum: 0.0]
      [GC Worker Other (ms): Min: 0.0, Avg: 0.0, Max: 0.1, Diff: 0.1, Sum: 0.4]
      [GC Worker Total (ms): Min: 19.7, Avg: 19.8, Max: 19.8, Diff: 0.1, Sum: 158.2]
      [GC Worker End (ms): Min: 1518109770.0, Avg: 1518109770.0, Max: 1518109770.0, Diff: 0.1]
   [Code Root Fixup: 0.2 ms]
   [Code Root Purge: 0.0 ms]
   [Clear CT: 0.3 ms]
   [Other: 1.5 ms]
      [Choose CSet: 0.0 ms]
      [Ref Proc: 0.3 ms]
      [Ref Enq: 0.0 ms]
      [Redirty Cards: 0.1 ms]
      [Humongous Reclaim: 0.0 ms]
      [Free CSet: 0.6 ms]
   [Eden: 2212.0M(2212.0M)->0.0B(2212.0M) Survivors: 36.0M->36.0M Heap: 3689.1M(4500.0M)->1477.4M(4500.0M)]
Heap after GC invocations=33243 (full 0):
 garbage-first heap   total 4608000K, used 1512874K [0x00000006a6c00000, 0x00000006a7002328, 0x00000007c0000000)
  region size 4096K, 9 young (36864K), 9 survivors (36864K)
 Metaspace       used 124692K, capacity 128524K, committed 129664K, reserved 1165312K
  class space    used 13846K, capacity 14512K, committed 14720K, reserved 1048576K
}
 [Times: user=0.15 sys=0.02, real=0.02 secs] 
{Heap before GC invocations=33243 (full 0):
 garbage-first heap   total 4608000K, used 3786324K [0x00000006a6c00000, 0x00000006a7002328, 0x00000007c0000000)
  region size 4096K, 562 young (2301952K), 9 survivors (36864K)
 Metaspace       used 124692K, capacity 128524K, committed 129664K, reserved 1165312K
  class space    used 13846K, capacity 14512K, committed 14720K, reserved 1048576K
2019-04-29T06:16:34.120+0800: 1518203.338: [GC pause (G1 Evacuation Pause) (young)
Desired survivor size 148897792 bytes, new threshold 15 (max 15)
- age   1:   16685696 bytes,   16685696 total
- age   2:     503248 bytes,   17188944 total
- age   3:     448128 bytes,   17637072 total
- age   4:     633456 bytes,   18270528 total
- age   5:     736248 bytes,   19006776 total
- age   6:    1148376 bytes,   20155152 total
- age   7:     772928 bytes,   20928080 total
- age   8:     946704 bytes,   21874784 total
- age   9:     871264 bytes,   22746048 total
- age  10:    1073128 bytes,   23819176 total
- age  11:    1009432 bytes,   24828608 total
- age  12:     543408 bytes,   25372016 total
- age  13:    1110848 bytes,   26482864 total
- age  14:     664848 bytes,   27147712 total
- age  15:     229872 bytes,   27377584 total
 1518203.338: [G1Ergonomics (CSet Construction) start choosing CSet, _pending_cards: 41119, predicted base time: 12.88 ms, remaining time: 47.12 ms, target pause time: 60.00 ms]
 1518203.338: [G1Ergonomics (CSet Construction) add young regions to CSet, eden: 553 regions, survivors: 9 regions, predicted young region time: 91.73 ms]
 1518203.338: [G1Ergonomics (CSet Construction) finish choosing CSet, eden: 553 regions, survivors: 9 regions, old: 0 regions, predicted pause time: 104.61 ms, target pause time: 60.00 ms]
, 0.0229579 secs]
   [Parallel Time: 20.9 ms, GC Workers: 8]
      [GC Worker Start (ms): Min: 1518203338.7, Avg: 1518203338.7, Max: 1518203338.8, Diff: 0.1]
      [Ext Root Scanning (ms): Min: 1.0, Avg: 1.3, Max: 2.2, Diff: 1.2, Sum: 10.2]
      [Update RS (ms): Min: 5.7, Avg: 6.6, Max: 7.0, Diff: 1.3, Sum: 52.7]
         [Processed Buffers: Min: 25, Avg: 33.6, Max: 45, Diff: 20, Sum: 269]
      [Scan RS (ms): Min: 0.0, Avg: 0.1, Max: 0.1, Diff: 0.1, Sum: 0.6]
      [Code Root Scanning (ms): Min: 0.0, Avg: 0.0, Max: 0.0, Diff: 0.0, Sum: 0.0]
      [Object Copy (ms): Min: 12.4, Avg: 12.6, Max: 12.7, Diff: 0.3, Sum: 101.1]
      [Termination (ms): Min: 0.0, Avg: 0.0, Max: 0.0, Diff: 0.0, Sum: 0.0]
      [GC Worker Other (ms): Min: 0.0, Avg: 0.1, Max: 0.1, Diff: 0.1, Sum: 0.4]
      [GC Worker Total (ms): Min: 20.6, Avg: 20.6, Max: 20.7, Diff: 0.1, Sum: 165.1]
      [GC Worker End (ms): Min: 1518203359.3, Avg: 1518203359.4, Max: 1518203359.4, Diff: 0.1]
   [Code Root Fixup: 0.2 ms]
   [Code Root Purge: 0.0 ms]
   [Clear CT: 0.3 ms]
   [Other: 1.6 ms]
      [Choose CSet: 0.0 ms]
      [Ref Proc: 0.2 ms]
      [Ref Enq: 0.0 ms]
      [Redirty Cards: 0.1 ms]
      [Humongous Reclaim: 0.0 ms]
      [Free CSet: 0.6 ms]
   [Eden: 2212.0M(2212.0M)->0.0B(2212.0M) Survivors: 36.0M->36.0M Heap: 3697.6M(4500.0M)->1477.8M(4500.0M)]
Heap after GC invocations=33244 (full 0):
 garbage-first heap   total 4608000K, used 1513226K [0x00000006a6c00000, 0x00000006a7002328, 0x00000007c0000000)
  region size 4096K, 9 young (36864K), 9 survivors (36864K)
 Metaspace       used 124692K, capacity 128524K, committed 129664K, reserved 1165312K
  class space    used 13846K, capacity 14512K, committed 14720K, reserved 1048576K
}
 [Times: user=0.14 sys=0.03, real=0.03 secs] 
{Heap before GC invocations=33244 (full 0):
 garbage-first heap   total 4608000K, used 3778314K [0x00000006a6c00000, 0x00000006a7002328, 0x00000007c0000000)
  region size 4096K, 562 young (2301952K), 9 survivors (36864K)
 Metaspace       used 124692K, capacity 128524K, committed 129664K, reserved 1165312K
  class space    used 13846K, capacity 14512K, committed 14720K, reserved 1048576K
2019-04-29T06:19:03.669+0800: 1518352.888: [GC pause (G1 Evacuation Pause) (young)
Desired survivor size 148897792 bytes, new threshold 15 (max 15)
- age   1:   17660496 bytes,   17660496 total
- age   2:     784552 bytes,   18445048 total
- age   3:     493536 bytes,   18938584 total
- age   4:     397408 bytes,   19335992 total
- age   5:     633304 bytes,   19969296 total
- age   6:     734456 bytes,   20703752 total
- age   7:    1148232 bytes,   21851984 total
- age   8:     772704 bytes,   22624688 total
- age   9:     928552 bytes,   23553240 total
- age  10:     871264 bytes,   24424504 total
- age  11:    1065528 bytes,   25490032 total
- age  12:     971984 bytes,   26462016 total
- age  13:     515464 bytes,   26977480 total
- age  14:     851576 bytes,   27829056 total
- age  15:     211664 bytes,   28040720 total
 1518352.888: [G1Ergonomics (CSet Construction) start choosing CSet, _pending_cards: 23157, predicted base time: 8.25 ms, remaining time: 51.75 ms, target pause time: 60.00 ms]
 1518352.888: [G1Ergonomics (CSet Construction) add young regions to CSet, eden: 553 regions, survivors: 9 regions, predicted young region time: 80.88 ms]
 1518352.888: [G1Ergonomics (CSet Construction) finish choosing CSet, eden: 553 regions, survivors: 9 regions, old: 0 regions, predicted pause time: 89.13 ms, target pause time: 60.00 ms]
, 0.0229232 secs]
   [Parallel Time: 20.7 ms, GC Workers: 8]
      [GC Worker Start (ms): Min: 1518352888.4, Avg: 1518352888.4, Max: 1518352888.5, Diff: 0.1]
      [Ext Root Scanning (ms): Min: 1.2, Avg: 1.4, Max: 2.1, Diff: 0.9, Sum: 11.4]
      [Update RS (ms): Min: 5.7, Avg: 6.2, Max: 6.4, Diff: 0.7, Sum: 49.3]
         [Processed Buffers: Min: 14, Avg: 24.0, Max: 41, Diff: 27, Sum: 192]
      [Scan RS (ms): Min: 0.0, Avg: 0.1, Max: 0.2, Diff: 0.1, Sum: 0.6]
      [Code Root Scanning (ms): Min: 0.0, Avg: 0.0, Max: 0.0, Diff: 0.0, Sum: 0.0]
      [Object Copy (ms): Min: 12.7, Avg: 12.8, Max: 12.9, Diff: 0.2, Sum: 102.5]
      [Termination (ms): Min: 0.0, Avg: 0.0, Max: 0.0, Diff: 0.0, Sum: 0.1]
      [GC Worker Other (ms): Min: 0.0, Avg: 0.0, Max: 0.1, Diff: 0.1, Sum: 0.4]
      [GC Worker Total (ms): Min: 20.5, Avg: 20.5, Max: 20.6, Diff: 0.1, Sum: 164.4]
      [GC Worker End (ms): Min: 1518352908.9, Avg: 1518352909.0, Max: 1518352909.0, Diff: 0.0]
   [Code Root Fixup: 0.2 ms]
   [Code Root Purge: 0.0 ms]
   [Clear CT: 0.3 ms]
   [Other: 1.8 ms]
      [Choose CSet: 0.0 ms]
      [Ref Proc: 0.3 ms]
      [Ref Enq: 0.0 ms]
      [Redirty Cards: 0.1 ms]
      [Humongous Reclaim: 0.0 ms]
      [Free CSet: 0.9 ms]
   [Eden: 2212.0M(2212.0M)->0.0B(2212.0M) Survivors: 36.0M->36.0M Heap: 3689.8M(4500.0M)->1478.1M(4500.0M)]
Heap after GC invocations=33245 (full 0):
 garbage-first heap   total 4608000K, used 1513532K [0x00000006a6c00000, 0x00000006a7002328, 0x00000007c0000000)
  region size 4096K, 9 young (36864K), 9 survivors (36864K)
 Metaspace       used 124692K, capacity 128524K, committed 129664K, reserved 1165312K
  class space    used 13846K, capacity 14512K, committed 14720K, reserved 1048576K
}
 [Times: user=0.17 sys=0.00, real=0.03 secs] 
{Heap before GC invocations=33245 (full 0):
 garbage-first heap   total 4608000K, used 3778620K [0x00000006a6c00000, 0x00000006a7002328, 0x00000007c0000000)
  region size 4096K, 562 young (2301952K), 9 survivors (36864K)
 Metaspace       used 124692K, capacity 128524K, committed 129664K, reserved 1165312K
  class space    used 13846K, capacity 14512K, committed 14720K, reserved 1048576K
2019-04-29T06:21:01.178+0800: 1518470.397: [GC pause (G1 Evacuation Pause) (young)
Desired survivor size 148897792 bytes, new threshold 15 (max 15)
- age   1:   16636024 bytes,   16636024 total
- age   2:    2098688 bytes,   18734712 total
- age   3:     780952 bytes,   19515664 total
- age   4:     491208 bytes,   20006872 total
- age   5:     396480 bytes,   20403352 total
- age   6:     632792 bytes,   21036144 total
- age   7:     734200 bytes,   21770344 total
- age   8:    1147640 bytes,   22917984 total
- age   9:     771232 bytes,   23689216 total
- age  10:     928264 bytes,   24617480 total
- age  11:     870648 bytes,   25488128 total
- age  12:    1065168 bytes,   26553296 total
- age  13:     967296 bytes,   27520592 total
- age  14:     311656 bytes,   27832248 total
- age  15:     267760 bytes,   28100008 total
 1518470.397: [G1Ergonomics (CSet Construction) start choosing CSet, _pending_cards: 22920, predicted base time: 8.54 ms, remaining time: 51.46 ms, target pause time: 60.00 ms]
 1518470.397: [G1Ergonomics (CSet Construction) add young regions to CSet, eden: 553 regions, survivors: 9 regions, predicted young region time: 72.04 ms]
 1518470.397: [G1Ergonomics (CSet Construction) finish choosing CSet, eden: 553 regions, survivors: 9 regions, old: 0 regions, predicted pause time: 80.59 ms, target pause time: 60.00 ms]
, 0.0217072 secs]
   [Parallel Time: 19.8 ms, GC Workers: 8]
      [GC Worker Start (ms): Min: 1518470396.9, Avg: 1518470397.0, Max: 1518470397.0, Diff: 0.1]
      [Ext Root Scanning (ms): Min: 1.0, Avg: 1.3, Max: 2.0, Diff: 1.0, Sum: 10.4]
      [Update RS (ms): Min: 5.0, Avg: 5.6, Max: 6.0, Diff: 1.0, Sum: 45.1]
         [Processed Buffers: Min: 16, Avg: 24.1, Max: 38, Diff: 22, Sum: 193]
      [Scan RS (ms): Min: 0.0, Avg: 0.1, Max: 0.1, Diff: 0.1, Sum: 0.7]
      [Code Root Scanning (ms): Min: 0.0, Avg: 0.0, Max: 0.0, Diff: 0.0, Sum: 0.0]
      [Object Copy (ms): Min: 12.5, Avg: 12.6, Max: 12.7, Diff: 0.2, Sum: 100.7]
      [Termination (ms): Min: 0.0, Avg: 0.0, Max: 0.0, Diff: 0.0, Sum: 0.0]
      [GC Worker Other (ms): Min: 0.0, Avg: 0.0, Max: 0.1, Diff: 0.1, Sum: 0.3]
      [GC Worker Total (ms): Min: 19.6, Avg: 19.6, Max: 19.7, Diff: 0.1, Sum: 157.2]
      [GC Worker End (ms): Min: 1518470416.6, Avg: 1518470416.6, Max: 1518470416.7, Diff: 0.1]
   [Code Root Fixup: 0.2 ms]
   [Code Root Purge: 0.0 ms]
   [Clear CT: 0.3 ms]
   [Other: 1.4 ms]
      [Choose CSet: 0.0 ms]
      [Ref Proc: 0.2 ms]
      [Ref Enq: 0.0 ms]
      [Redirty Cards: 0.1 ms]
      [Humongous Reclaim: 0.0 ms]
      [Free CSet: 0.6 ms]
   [Eden: 2212.0M(2212.0M)->0.0B(2212.0M) Survivors: 36.0M->36.0M Heap: 3690.1M(4500.0M)->1478.4M(4500.0M)]
Heap after GC invocations=33246 (full 0):
 garbage-first heap   total 4608000K, used 1513904K [0x00000006a6c00000, 0x00000006a7002328, 0x00000007c0000000)
  region size 4096K, 9 young (36864K), 9 survivors (36864K)
 Metaspace       used 124692K, capacity 128524K, committed 129664K, reserved 1165312K
  class space    used 13846K, capacity 14512K, committed 14720K, reserved 1048576K
}
 [Times: user=0.13 sys=0.03, real=0.03 secs] 
{Heap before GC invocations=33246 (full 0):
 garbage-first heap   total 4608000K, used 3778992K [0x00000006a6c00000, 0x00000006a7002328, 0x00000007c0000000)
  region size 4096K, 562 young (2301952K), 9 survivors (36864K)
 Metaspace       used 124692K, capacity 128524K, committed 129664K, reserved 1165312K
  class space    used 13846K, capacity 14512K, committed 14720K, reserved 1048576K
2019-04-29T06:23:08.486+0800: 1518597.705: [GC pause (G1 Evacuation Pause) (young)
Desired survivor size 148897792 bytes, new threshold 15 (max 15)
- age   1:   16506112 bytes,   16506112 total
- age   2:    1016328 bytes,   17522440 total
- age   3:    1076064 bytes,   18598504 total
- age   4:     780240 bytes,   19378744 total
- age   5:     489192 bytes,   19867936 total
- age   6:     396368 bytes,   20264304 total
- age   7:     632568 bytes,   20896872 total
- age   8:     734200 bytes,   21631072 total
- age   9:    1147528 bytes,   22778600 total
- age  10:     771232 bytes,   23549832 total
- age  11:     928264 bytes,   24478096 total
- age  12:     870648 bytes,   25348744 total
- age  13:    1065168 bytes,   26413912 total
- age  14:     958432 bytes,   27372344 total
- age  15:     251320 bytes,   27623664 total
 1518597.705: [G1Ergonomics (CSet Construction) start choosing CSet, _pending_cards: 23390, predicted base time: 8.65 ms, remaining time: 51.35 ms, target pause time: 60.00 ms]
 1518597.705: [G1Ergonomics (CSet Construction) add young regions to CSet, eden: 553 regions, survivors: 9 regions, predicted young region time: 57.81 ms]
 1518597.705: [G1Ergonomics (CSet Construction) finish choosing CSet, eden: 553 regions, survivors: 9 regions, old: 0 regions, predicted pause time: 66.46 ms, target pause time: 60.00 ms]
, 0.0243677 secs]
   [Parallel Time: 22.3 ms, GC Workers: 8]
      [GC Worker Start (ms): Min: 1518597704.9, Avg: 1518597705.0, Max: 1518597705.0, Diff: 0.1]
      [Ext Root Scanning (ms): Min: 1.1, Avg: 1.3, Max: 2.0, Diff: 1.0, Sum: 10.3]
      [Update RS (ms): Min: 5.2, Avg: 5.5, Max: 5.7, Diff: 0.5, Sum: 44.0]
         [Processed Buffers: Min: 16, Avg: 24.9, Max: 35, Diff: 19, Sum: 199]
      [Scan RS (ms): Min: 0.0, Avg: 0.1, Max: 0.1, Diff: 0.1, Sum: 0.7]
      [Code Root Scanning (ms): Min: 0.0, Avg: 0.0, Max: 0.0, Diff: 0.0, Sum: 0.0]
      [Object Copy (ms): Min: 14.9, Avg: 15.2, Max: 15.3, Diff: 0.4, Sum: 121.7]
      [Termination (ms): Min: 0.0, Avg: 0.0, Max: 0.0, Diff: 0.0, Sum: 0.0]
      [GC Worker Other (ms): Min: 0.0, Avg: 0.1, Max: 0.1, Diff: 0.1, Sum: 0.5]
      [GC Worker Total (ms): Min: 22.1, Avg: 22.2, Max: 22.2, Diff: 0.1, Sum: 177.4]
      [GC Worker End (ms): Min: 1518597727.1, Avg: 1518597727.1, Max: 1518597727.2, Diff: 0.1]
   [Code Root Fixup: 0.3 ms]
   [Code Root Purge: 0.0 ms]
   [Clear CT: 0.3 ms]
   [Other: 1.5 ms]
      [Choose CSet: 0.0 ms]
      [Ref Proc: 0.2 ms]
      [Ref Enq: 0.0 ms]
      [Redirty Cards: 0.1 ms]
      [Humongous Reclaim: 0.0 ms]
      [Free CSet: 0.6 ms]
   [Eden: 2212.0M(2212.0M)->0.0B(2212.0M) Survivors: 36.0M->36.0M Heap: 3690.4M(4500.0M)->1480.8M(4500.0M)]
Heap after GC invocations=33247 (full 0):
 garbage-first heap   total 4608000K, used 1516312K [0x00000006a6c00000, 0x00000006a7002328, 0x00000007c0000000)
  region size 4096K, 9 young (36864K), 9 survivors (36864K)
 Metaspace       used 124692K, capacity 128524K, committed 129664K, reserved 1165312K
  class space    used 13846K, capacity 14512K, committed 14720K, reserved 1048576K
}
 [Times: user=0.15 sys=0.03, real=0.03 secs] 
{Heap before GC invocations=33247 (full 0):
 garbage-first heap   total 4608000K, used 3781400K [0x00000006a6c00000, 0x00000006a7002328, 0x00000007c0000000)
  region size 4096K, 562 young (2301952K), 9 survivors (36864K)
 Metaspace       used 124692K, capacity 128524K, committed 129664K, reserved 1165312K
  class space    used 13846K, capacity 14512K, committed 14720K, reserved 1048576K
2019-04-29T06:25:03.489+0800: 1518712.708: [GC pause (G1 Evacuation Pause) (young)
Desired survivor size 148897792 bytes, new threshold 15 (max 15)
- age   1:   22025296 bytes,   22025296 total
- age   2:     261344 bytes,   22286640 total
- age   3:    1014080 bytes,   23300720 total
- age   4:    1071920 bytes,   24372640 total
- age   5:     775424 bytes,   25148064 total
- age   6:     488944 bytes,   25637008 total
- age   7:     396368 bytes,   26033376 total
- age   8:     632568 bytes,   26665944 total
- age   9:     734200 bytes,   27400144 total
- age  10:    1147528 bytes,   28547672 total
- age  11:     771232 bytes,   29318904 total
- age  12:     928264 bytes,   30247168 total
- age  13:     870648 bytes,   31117816 total
- age  14:    1027496 bytes,   32145312 total
- age  15:     223424 bytes,   32368736 total
 1518712.708: [G1Ergonomics (CSet Construction) start choosing CSet, _pending_cards: 23509, predicted base time: 8.60 ms, remaining time: 51.40 ms, target pause time: 60.00 ms]
 1518712.708: [G1Ergonomics (CSet Construction) add young regions to CSet, eden: 553 regions, survivors: 9 regions, predicted young region time: 96.75 ms]
 1518712.708: [G1Ergonomics (CSet Construction) finish choosing CSet, eden: 553 regions, survivors: 9 regions, old: 0 regions, predicted pause time: 105.35 ms, target pause time: 60.00 ms]
, 0.0224850 secs]
   [Parallel Time: 20.3 ms, GC Workers: 8]
      [GC Worker Start (ms): Min: 1518712708.0, Avg: 1518712708.0, Max: 1518712708.1, Diff: 0.1]
      [Ext Root Scanning (ms): Min: 1.1, Avg: 1.3, Max: 2.0, Diff: 0.9, Sum: 10.7]
      [Update RS (ms): Min: 4.9, Avg: 5.4, Max: 5.7, Diff: 0.8, Sum: 43.4]
         [Processed Buffers: Min: 11, Avg: 24.5, Max: 35, Diff: 24, Sum: 196]
      [Scan RS (ms): Min: 0.0, Avg: 0.1, Max: 0.1, Diff: 0.1, Sum: 0.6]
      [Code Root Scanning (ms): Min: 0.0, Avg: 0.0, Max: 0.0, Diff: 0.0, Sum: 0.0]
      [Object Copy (ms): Min: 13.2, Avg: 13.3, Max: 13.4, Diff: 0.1, Sum: 106.5]
      [Termination (ms): Min: 0.0, Avg: 0.0, Max: 0.0, Diff: 0.0, Sum: 0.1]
      [GC Worker Other (ms): Min: 0.0, Avg: 0.0, Max: 0.1, Diff: 0.1, Sum: 0.4]
      [GC Worker Total (ms): Min: 20.2, Avg: 20.2, Max: 20.3, Diff: 0.1, Sum: 161.7]
      [GC Worker End (ms): Min: 1518712728.2, Avg: 1518712728.2, Max: 1518712728.3, Diff: 0.1]
   [Code Root Fixup: 0.2 ms]
   [Code Root Purge: 0.0 ms]
   [Clear CT: 0.3 ms]
   [Other: 1.7 ms]
      [Choose CSet: 0.0 ms]
      [Ref Proc: 0.4 ms]
      [Ref Enq: 0.0 ms]
      [Redirty Cards: 0.1 ms]
      [Humongous Reclaim: 0.0 ms]
      [Free CSet: 0.6 ms]
   [Eden: 2212.0M(2212.0M)->0.0B(2212.0M) Survivors: 36.0M->36.0M Heap: 3692.8M(4500.0M)->1479.1M(4500.0M)]
Heap after GC invocations=33248 (full 0):
 garbage-first heap   total 4608000K, used 1514625K [0x00000006a6c00000, 0x00000006a7002328, 0x00000007c0000000)
  region size 4096K, 9 young (36864K), 9 survivors (36864K)
 Metaspace       used 124692K, capacity 128524K, committed 129664K, reserved 1165312K
  class space    used 13846K, capacity 14512K, committed 14720K, reserved 1048576K
}
 [Times: user=0.14 sys=0.04, real=0.03 secs] 
{Heap before GC invocations=33248 (full 0):
 garbage-first heap   total 4608000K, used 3779713K [0x00000006a6c00000, 0x00000006a7002328, 0x00000007c0000000)
  region size 4096K, 562 young (2301952K), 9 survivors (36864K)
 Metaspace       used 124692K, capacity 128524K, committed 129664K, reserved 1165312K
  class space    used 13846K, capacity 14512K, committed 14720K, reserved 1048576K
2019-04-29T06:27:13.577+0800: 1518842.796: [GC pause (G1 Evacuation Pause) (young)
Desired survivor size 148897792 bytes, new threshold 15 (max 15)
- age   1:   18580368 bytes,   18580368 total
- age   2:    1099568 bytes,   19679936 total
- age   3:     259664 bytes,   19939600 total
- age   4:    1013632 bytes,   20953232 total
- age   5:    1070688 bytes,   22023920 total
- age   6:     774864 bytes,   22798784 total
- age   7:     444624 bytes,   23243408 total
- age   8:     396256 bytes,   23639664 total
- age   9:     632456 bytes,   24272120 total
- age  10:     734088 bytes,   25006208 total
- age  11:    1147528 bytes,   26153736 total
- age  12:     771232 bytes,   26924968 total
- age  13:     928264 bytes,   27853232 total
- age  14:     870648 bytes,   28723880 total
- age  15:     275768 bytes,   28999648 total
 1518842.796: [G1Ergonomics (CSet Construction) start choosing CSet, _pending_cards: 23655, predicted base time: 8.58 ms, remaining time: 51.42 ms, target pause time: 60.00 ms]
 1518842.796: [G1Ergonomics (CSet Construction) add young regions to CSet, eden: 553 regions, survivors: 9 regions, predicted young region time: 77.16 ms]
 1518842.796: [G1Ergonomics (CSet Construction) finish choosing CSet, eden: 553 regions, survivors: 9 regions, old: 0 regions, predicted pause time: 85.74 ms, target pause time: 60.00 ms]
, 0.0249663 secs]
   [Parallel Time: 22.9 ms, GC Workers: 8]
      [GC Worker Start (ms): Min: 1518842796.5, Avg: 1518842796.6, Max: 1518842796.6, Diff: 0.1]
      [Ext Root Scanning (ms): Min: 1.0, Avg: 1.6, Max: 4.4, Diff: 3.4, Sum: 12.5]
      [Update RS (ms): Min: 2.8, Avg: 5.5, Max: 6.2, Diff: 3.4, Sum: 44.2]
         [Processed Buffers: Min: 17, Avg: 25.0, Max: 35, Diff: 18, Sum: 200]
      [Scan RS (ms): Min: 0.0, Avg: 0.1, Max: 0.1, Diff: 0.1, Sum: 0.6]
      [Code Root Scanning (ms): Min: 0.0, Avg: 0.0, Max: 0.0, Diff: 0.0, Sum: 0.0]
      [Object Copy (ms): Min: 15.5, Avg: 15.6, Max: 15.7, Diff: 0.2, Sum: 124.6]
      [Termination (ms): Min: 0.0, Avg: 0.0, Max: 0.0, Diff: 0.0, Sum: 0.0]
      [GC Worker Other (ms): Min: 0.0, Avg: 0.0, Max: 0.1, Diff: 0.1, Sum: 0.3]
      [GC Worker Total (ms): Min: 22.7, Avg: 22.8, Max: 22.8, Diff: 0.1, Sum: 182.3]
      [GC Worker End (ms): Min: 1518842819.3, Avg: 1518842819.3, Max: 1518842819.4, Diff: 0.1]
   [Code Root Fixup: 0.3 ms]
   [Code Root Purge: 0.0 ms]
   [Clear CT: 0.3 ms]
   [Other: 1.5 ms]
      [Choose CSet: 0.0 ms]
      [Ref Proc: 0.2 ms]
      [Ref Enq: 0.0 ms]
      [Redirty Cards: 0.1 ms]
      [Humongous Reclaim: 0.0 ms]
      [Free CSet: 0.6 ms]
   [Eden: 2212.0M(2212.0M)->0.0B(2208.0M) Survivors: 36.0M->40.0M Heap: 3691.1M(4500.0M)->1483.4M(4500.0M)]
Heap after GC invocations=33249 (full 0):
 garbage-first heap   total 4608000K, used 1519021K [0x00000006a6c00000, 0x00000006a7002328, 0x00000007c0000000)
  region size 4096K, 10 young (40960K), 10 survivors (40960K)
 Metaspace       used 124692K, capacity 128524K, committed 129664K, reserved 1165312K
  class space    used 13846K, capacity 14512K, committed 14720K, reserved 1048576K
}
 [Times: user=0.15 sys=0.04, real=0.03 secs] 
{Heap before GC invocations=33249 (full 0):
 garbage-first heap   total 4608000K, used 3780013K [0x00000006a6c00000, 0x00000006a7002328, 0x00000007c0000000)
  region size 4096K, 562 young (2301952K), 10 survivors (40960K)
 Metaspace       used 124692K, capacity 128524K, committed 129664K, reserved 1165312K
  class space    used 13846K, capacity 14512K, committed 14720K, reserved 1048576K
2019-04-29T06:29:36.190+0800: 1518985.409: [GC pause (G1 Evacuation Pause) (young)
Desired survivor size 148897792 bytes, new threshold 15 (max 15)
- age   1:   22050560 bytes,   22050560 total
- age   2:     947912 bytes,   22998472 total
- age   3:    1090784 bytes,   24089256 total
- age   4:     257552 bytes,   24346808 total
- age   5:    1013560 bytes,   25360368 total
- age   6:    1016608 bytes,   26376976 total
- age   7:     774464 bytes,   27151440 total
- age   8:     440704 bytes,   27592144 total
- age   9:     396008 bytes,   27988152 total
- age  10:     632456 bytes,   28620608 total
- age  11:     734088 bytes,   29354696 total
- age  12:    1147496 bytes,   30502192 total
- age  13:     771232 bytes,   31273424 total
- age  14:     928232 bytes,   32201656 total
- age  15:     354320 bytes,   32555976 total
 1518985.409: [G1Ergonomics (CSet Construction) start choosing CSet, _pending_cards: 23756, predicted base time: 8.64 ms, remaining time: 51.36 ms, target pause time: 60.00 ms]
 1518985.409: [G1Ergonomics (CSet Construction) add young regions to CSet, eden: 552 regions, survivors: 10 regions, predicted young region time: 155.85 ms]
 1518985.409: [G1Ergonomics (CSet Construction) finish choosing CSet, eden: 552 regions, survivors: 10 regions, old: 0 regions, predicted pause time: 164.49 ms, target pause time: 60.00 ms]
, 0.0226733 secs]
   [Parallel Time: 20.7 ms, GC Workers: 8]
      [GC Worker Start (ms): Min: 1518985409.2, Avg: 1518985409.2, Max: 1518985409.3, Diff: 0.1]
      [Ext Root Scanning (ms): Min: 1.0, Avg: 1.3, Max: 2.2, Diff: 1.1, Sum: 10.1]
      [Update RS (ms): Min: 4.7, Avg: 5.5, Max: 5.8, Diff: 1.1, Sum: 44.4]
         [Processed Buffers: Min: 17, Avg: 24.4, Max: 45, Diff: 28, Sum: 195]
      [Scan RS (ms): Min: 0.0, Avg: 0.1, Max: 0.1, Diff: 0.1, Sum: 0.6]
      [Code Root Scanning (ms): Min: 0.0, Avg: 0.0, Max: 0.0, Diff: 0.0, Sum: 0.0]
      [Object Copy (ms): Min: 13.5, Avg: 13.6, Max: 13.7, Diff: 0.1, Sum: 109.2]
      [Termination (ms): Min: 0.0, Avg: 0.0, Max: 0.0, Diff: 0.0, Sum: 0.1]
      [GC Worker Other (ms): Min: 0.0, Avg: 0.0, Max: 0.1, Diff: 0.1, Sum: 0.4]
      [GC Worker Total (ms): Min: 20.6, Avg: 20.6, Max: 20.6, Diff: 0.1, Sum: 164.8]
      [GC Worker End (ms): Min: 1518985429.8, Avg: 1518985429.8, Max: 1518985429.9, Diff: 0.1]
   [Code Root Fixup: 0.2 ms]
   [Code Root Purge: 0.0 ms]
   [Clear CT: 0.3 ms]
   [Other: 1.5 ms]
      [Choose CSet: 0.0 ms]
      [Ref Proc: 0.2 ms]
      [Ref Enq: 0.0 ms]
      [Redirty Cards: 0.1 ms]
      [Humongous Reclaim: 0.0 ms]
      [Free CSet: 0.6 ms]
   [Eden: 2208.0M(2208.0M)->0.0B(2212.0M) Survivors: 40.0M->36.0M Heap: 3691.4M(4500.0M)->1479.7M(4500.0M)]
Heap after GC invocations=33250 (full 0):
 garbage-first heap   total 4608000K, used 1515248K [0x00000006a6c00000, 0x00000006a7002328, 0x00000007c0000000)
  region size 4096K, 9 young (36864K), 9 survivors (36864K)
 Metaspace       used 124692K, capacity 128524K, committed 129664K, reserved 1165312K
  class space    used 13846K, capacity 14512K, committed 14720K, reserved 1048576K
}
 [Times: user=0.17 sys=0.00, real=0.02 secs] 
{Heap before GC invocations=33250 (full 0):
 garbage-first heap   total 4608000K, used 3780336K [0x00000006a6c00000, 0x00000006a7002328, 0x00000007c0000000)
  region size 4096K, 562 young (2301952K), 9 survivors (36864K)
 Metaspace       used 124692K, capacity 128524K, committed 129664K, reserved 1165312K
  class space    used 13846K, capacity 14512K, committed 14720K, reserved 1048576K
2019-04-29T06:31:06.017+0800: 1519075.236: [GC pause (G1 Evacuation Pause) (young)
Desired survivor size 148897792 bytes, new threshold 15 (max 15)
- age   1:   17286536 bytes,   17286536 total
- age   2:    1003768 bytes,   18290304 total
- age   3:     946696 bytes,   19237000 total
- age   4:    1090448 bytes,   20327448 total
- age   5:     256768 bytes,   20584216 total
- age   6:    1013560 bytes,   21597776 total
- age   7:    1016240 bytes,   22614016 total
- age   8:     774464 bytes,   23388480 total
- age   9:     439048 bytes,   23827528 total
- age  10:     394184 bytes,   24221712 total
- age  11:     632456 bytes,   24854168 total
- age  12:     733976 bytes,   25588144 total
- age  13:    1147496 bytes,   26735640 total
- age  14:     771232 bytes,   27506872 total
- age  15:     458416 bytes,   27965288 total
 1519075.236: [G1Ergonomics (CSet Construction) start choosing CSet, _pending_cards: 23537, predicted base time: 8.49 ms, remaining time: 51.51 ms, target pause time: 60.00 ms]
 1519075.236: [G1Ergonomics (CSet Construction) add young regions to CSet, eden: 553 regions, survivors: 9 regions, predicted young region time: 128.67 ms]
 1519075.236: [G1Ergonomics (CSet Construction) finish choosing CSet, eden: 553 regions, survivors: 9 regions, old: 0 regions, predicted pause time: 137.16 ms, target pause time: 60.00 ms]
, 0.0232528 secs]
   [Parallel Time: 21.1 ms, GC Workers: 8]
      [GC Worker Start (ms): Min: 1519075236.5, Avg: 1519075236.5, Max: 1519075236.6, Diff: 0.1]
      [Ext Root Scanning (ms): Min: 1.0, Avg: 1.3, Max: 2.3, Diff: 1.2, Sum: 10.5]
      [Update RS (ms): Min: 5.1, Avg: 5.7, Max: 6.0, Diff: 1.0, Sum: 45.6]
         [Processed Buffers: Min: 11, Avg: 25.8, Max: 45, Diff: 34, Sum: 206]
      [Scan RS (ms): Min: 0.0, Avg: 0.1, Max: 0.2, Diff: 0.2, Sum: 0.7]
      [Code Root Scanning (ms): Min: 0.0, Avg: 0.0, Max: 0.0, Diff: 0.0, Sum: 0.0]
      [Object Copy (ms): Min: 13.7, Avg: 13.9, Max: 14.0, Diff: 0.3, Sum: 111.1]
      [Termination (ms): Min: 0.0, Avg: 0.0, Max: 0.0, Diff: 0.0, Sum: 0.0]
      [GC Worker Other (ms): Min: 0.0, Avg: 0.0, Max: 0.1, Diff: 0.0, Sum: 0.3]
      [GC Worker Total (ms): Min: 21.0, Avg: 21.0, Max: 21.1, Diff: 0.1, Sum: 168.2]
      [GC Worker End (ms): Min: 1519075257.6, Avg: 1519075257.6, Max: 1519075257.6, Diff: 0.0]
   [Code Root Fixup: 0.2 ms]
   [Code Root Purge: 0.0 ms]
   [Clear CT: 0.3 ms]
   [Other: 1.6 ms]
      [Choose CSet: 0.0 ms]
      [Ref Proc: 0.2 ms]
      [Ref Enq: 0.0 ms]
      [Redirty Cards: 0.1 ms]
      [Humongous Reclaim: 0.0 ms]
      [Free CSet: 0.7 ms]
   [Eden: 2212.0M(2212.0M)->0.0B(2212.0M) Survivors: 36.0M->36.0M Heap: 3691.7M(4500.0M)->1480.1M(4500.0M)]
Heap after GC invocations=33251 (full 0):
 garbage-first heap   total 4608000K, used 1515584K [0x00000006a6c00000, 0x00000006a7002328, 0x00000007c0000000)
  region size 4096K, 9 young (36864K), 9 survivors (36864K)
 Metaspace       used 124692K, capacity 128524K, committed 129664K, reserved 1165312K
  class space    used 13846K, capacity 14512K, committed 14720K, reserved 1048576K
}
 [Times: user=0.17 sys=0.00, real=0.03 secs] 
{Heap before GC invocations=33251 (full 0):
 garbage-first heap   total 4608000K, used 3780672K [0x00000006a6c00000, 0x00000006a7002328, 0x00000007c0000000)
  region size 4096K, 562 young (2301952K), 9 survivors (36864K)
 Metaspace       used 124692K, capacity 128524K, committed 129664K, reserved 1165312K
  class space    used 13846K, capacity 14512K, committed 14720K, reserved 1048576K
2019-04-29T06:33:02.640+0800: 1519191.859: [GC pause (G1 Evacuation Pause) (young)
Desired survivor size 148897792 bytes, new threshold 15 (max 15)
- age   1:   18225168 bytes,   18225168 total
- age   2:     834888 bytes,   19060056 total
- age   3:     846248 bytes,   19906304 total
- age   4:     944648 bytes,   20850952 total
- age   5:    1082784 bytes,   21933736 total
- age   6:     255912 bytes,   22189648 total
- age   7:    1013336 bytes,   23202984 total
- age   8:    1010072 bytes,   24213056 total
- age   9:     766568 bytes,   24979624 total
- age  10:     366392 bytes,   25346016 total
- age  11:     392528 bytes,   25738544 total
- age  12:     632456 bytes,   26371000 total
- age  13:     733752 bytes,   27104752 total
- age  14:    1147496 bytes,   28252248 total
- age  15:     631512 bytes,   28883760 total
 1519191.859: [G1Ergonomics (CSet Construction) start choosing CSet, _pending_cards: 23053, predicted base time: 8.37 ms, remaining time: 51.63 ms, target pause time: 60.00 ms]
 1519191.859: [G1Ergonomics (CSet Construction) add young regions to CSet, eden: 553 regions, survivors: 9 regions, predicted young region time: 170.02 ms]
 1519191.859: [G1Ergonomics (CSet Construction) finish choosing CSet, eden: 553 regions, survivors: 9 regions, old: 0 regions, predicted pause time: 178.40 ms, target pause time: 60.00 ms]
, 0.0257518 secs]
   [Parallel Time: 23.5 ms, GC Workers: 8]
      [GC Worker Start (ms): Min: 1519191859.6, Avg: 1519191859.6, Max: 1519191859.7, Diff: 0.1]
      [Ext Root Scanning (ms): Min: 1.1, Avg: 1.4, Max: 2.2, Diff: 1.1, Sum: 11.1]
      [Update RS (ms): Min: 5.3, Avg: 6.0, Max: 6.3, Diff: 1.0, Sum: 48.3]
         [Processed Buffers: Min: 12, Avg: 24.2, Max: 46, Diff: 34, Sum: 194]
      [Scan RS (ms): Min: 0.0, Avg: 0.1, Max: 0.1, Diff: 0.1, Sum: 0.7]
      [Code Root Scanning (ms): Min: 0.0, Avg: 0.0, Max: 0.0, Diff: 0.0, Sum: 0.0]
      [Object Copy (ms): Min: 15.6, Avg: 15.7, Max: 15.8, Diff: 0.2, Sum: 125.7]
      [Termination (ms): Min: 0.0, Avg: 0.0, Max: 0.0, Diff: 0.0, Sum: 0.0]
      [GC Worker Other (ms): Min: 0.0, Avg: 0.1, Max: 0.1, Diff: 0.1, Sum: 0.5]
      [GC Worker Total (ms): Min: 23.3, Avg: 23.3, Max: 23.4, Diff: 0.1, Sum: 186.4]
      [GC Worker End (ms): Min: 1519191882.9, Avg: 1519191882.9, Max: 1519191882.9, Diff: 0.1]
   [Code Root Fixup: 0.3 ms]
   [Code Root Purge: 0.0 ms]
   [Clear CT: 0.3 ms]
   [Other: 1.8 ms]
      [Choose CSet: 0.0 ms]
      [Ref Proc: 0.2 ms]
      [Ref Enq: 0.0 ms]
      [Redirty Cards: 0.1 ms]
      [Humongous Reclaim: 0.0 ms]
      [Free CSet: 0.9 ms]
   [Eden: 2212.0M(2212.0M)->0.0B(2208.0M) Survivors: 36.0M->40.0M Heap: 3692.1M(4500.0M)->1486.4M(4500.0M)]
Heap after GC invocations=33252 (full 0):
 garbage-first heap   total 4608000K, used 1522078K [0x00000006a6c00000, 0x00000006a7002328, 0x00000007c0000000)
  region size 4096K, 10 young (40960K), 10 survivors (40960K)
 Metaspace       used 124692K, capacity 128524K, committed 129664K, reserved 1165312K
  class space    used 13846K, capacity 14512K, committed 14720K, reserved 1048576K
}
 [Times: user=0.19 sys=0.00, real=0.02 secs] 
{Heap before GC invocations=33252 (full 0):
 garbage-first heap   total 4608000K, used 3783070K [0x00000006a6c00000, 0x00000006a7002328, 0x00000007c0000000)
  region size 4096K, 562 young (2301952K), 10 survivors (40960K)
 Metaspace       used 124692K, capacity 128524K, committed 129664K, reserved 1165312K
  class space    used 13846K, capacity 14512K, committed 14720K, reserved 1048576K
2019-04-29T06:35:01.548+0800: 1519310.767: [GC pause (G1 Evacuation Pause) (young)
Desired survivor size 148897792 bytes, new threshold 15 (max 15)
- age   1:   21791848 bytes,   21791848 total
- age   2:    1068688 bytes,   22860536 total
- age   3:     833688 bytes,   23694224 total
- age   4:     844664 bytes,   24538888 total
- age   5:     943392 bytes,   25482280 total
- age   6:    1080608 bytes,   26562888 total
- age   7:     254592 bytes,   26817480 total
- age   8:    1013192 bytes,   27830672 total
- age   9:    1009312 bytes,   28839984 total
- age  10:     764520 bytes,   29604504 total
- age  11:     362072 bytes,   29966576 total
- age  12:     392416 bytes,   30358992 total
- age  13:     632456 bytes,   30991448 total
- age  14:     733752 bytes,   31725200 total
- age  15:     908168 bytes,   32633368 total
 1519310.767: [G1Ergonomics (CSet Construction) start choosing CSet, _pending_cards: 23608, predicted base time: 8.74 ms, remaining time: 51.26 ms, target pause time: 60.00 ms]
 1519310.767: [G1Ergonomics (CSet Construction) add young regions to CSet, eden: 552 regions, survivors: 10 regions, predicted young region time: 162.18 ms]
 1519310.767: [G1Ergonomics (CSet Construction) finish choosing CSet, eden: 552 regions, survivors: 10 regions, old: 0 regions, predicted pause time: 170.92 ms, target pause time: 60.00 ms]
, 0.0219100 secs]
   [Parallel Time: 19.8 ms, GC Workers: 8]
      [GC Worker Start (ms): Min: 1519310767.5, Avg: 1519310767.5, Max: 1519310767.6, Diff: 0.1]
      [Ext Root Scanning (ms): Min: 1.1, Avg: 1.3, Max: 2.0, Diff: 0.8, Sum: 10.7]
      [Update RS (ms): Min: 5.3, Avg: 5.7, Max: 5.9, Diff: 0.6, Sum: 45.5]
         [Processed Buffers: Min: 15, Avg: 25.6, Max: 56, Diff: 41, Sum: 205]
      [Scan RS (ms): Min: 0.0, Avg: 0.1, Max: 0.1, Diff: 0.1, Sum: 0.7]
      [Code Root Scanning (ms): Min: 0.0, Avg: 0.0, Max: 0.0, Diff: 0.0, Sum: 0.0]
      [Object Copy (ms): Min: 12.4, Avg: 12.5, Max: 12.6, Diff: 0.2, Sum: 100.3]
      [Termination (ms): Min: 0.0, Avg: 0.0, Max: 0.0, Diff: 0.0, Sum: 0.0]
      [GC Worker Other (ms): Min: 0.0, Avg: 0.1, Max: 0.1, Diff: 0.1, Sum: 0.5]
      [GC Worker Total (ms): Min: 19.6, Avg: 19.7, Max: 19.8, Diff: 0.1, Sum: 157.7]
      [GC Worker End (ms): Min: 1519310787.2, Avg: 1519310787.2, Max: 1519310787.3, Diff: 0.1]
   [Code Root Fixup: 0.3 ms]
   [Code Root Purge: 0.0 ms]
   [Clear CT: 0.3 ms]
   [Other: 1.5 ms]
      [Choose CSet: 0.0 ms]
      [Ref Proc: 0.3 ms]
      [Ref Enq: 0.0 ms]
      [Redirty Cards: 0.1 ms]
      [Humongous Reclaim: 0.0 ms]
      [Free CSet: 0.6 ms]
   [Eden: 2208.0M(2208.0M)->0.0B(2212.0M) Survivors: 40.0M->36.0M Heap: 3694.4M(4500.0M)->1480.7M(4500.0M)]
Heap after GC invocations=33253 (full 0):
 garbage-first heap   total 4608000K, used 1516243K [0x00000006a6c00000, 0x00000006a7002328, 0x00000007c0000000)
  region size 4096K, 9 young (36864K), 9 survivors (36864K)
 Metaspace       used 124692K, capacity 128524K, committed 129664K, reserved 1165312K
  class space    used 13846K, capacity 14512K, committed 14720K, reserved 1048576K
}
 [Times: user=0.13 sys=0.03, real=0.03 secs] 
{Heap before GC invocations=33253 (full 0):
 garbage-first heap   total 4608000K, used 3781331K [0x00000006a6c00000, 0x00000006a7002328, 0x00000007c0000000)
  region size 4096K, 562 young (2301952K), 9 survivors (36864K)
 Metaspace       used 124692K, capacity 128524K, committed 129664K, reserved 1165312K
  class space    used 13846K, capacity 14512K, committed 14720K, reserved 1048576K
2019-04-29T06:36:27.513+0800: 1519396.731: [GC pause (G1 Evacuation Pause) (young)
Desired survivor size 148897792 bytes, new threshold 15 (max 15)
- age   1:   17227688 bytes,   17227688 total
- age   2:     855392 bytes,   18083080 total
- age   3:    1004288 bytes,   19087368 total
- age   4:     833040 bytes,   19920408 total
- age   5:     838520 bytes,   20758928 total
- age   6:     942832 bytes,   21701760 total
- age   7:    1080496 bytes,   22782256 total
- age   8:     254368 bytes,   23036624 total
- age   9:    1013192 bytes,   24049816 total
- age  10:    1008864 bytes,   25058680 total
- age  11:     764496 bytes,   25823176 total
- age  12:     361848 bytes,   26185024 total
- age  13:     392384 bytes,   26577408 total
- age  14:     632456 bytes,   27209864 total
- age  15:     640680 bytes,   27850544 total
 1519396.731: [G1Ergonomics (CSet Construction) start choosing CSet, _pending_cards: 23343, predicted base time: 8.62 ms, remaining time: 51.38 ms, target pause time: 60.00 ms]
 1519396.731: [G1Ergonomics (CSet Construction) add young regions to CSet, eden: 553 regions, survivors: 9 regions, predicted young region time: 126.14 ms]
 1519396.731: [G1Ergonomics (CSet Construction) finish choosing CSet, eden: 553 regions, survivors: 9 regions, old: 0 regions, predicted pause time: 134.75 ms, target pause time: 60.00 ms]
, 0.0231306 secs]
   [Parallel Time: 21.2 ms, GC Workers: 8]
      [GC Worker Start (ms): Min: 1519396731.6, Avg: 1519396731.7, Max: 1519396731.7, Diff: 0.1]
      [Ext Root Scanning (ms): Min: 1.0, Avg: 1.2, Max: 2.0, Diff: 1.0, Sum: 9.8]
      [Update RS (ms): Min: 4.8, Avg: 5.6, Max: 5.9, Diff: 1.0, Sum: 44.6]
         [Processed Buffers: Min: 18, Avg: 25.4, Max: 41, Diff: 23, Sum: 203]
      [Scan RS (ms): Min: 0.0, Avg: 0.1, Max: 0.2, Diff: 0.1, Sum: 0.6]
      [Code Root Scanning (ms): Min: 0.0, Avg: 0.0, Max: 0.0, Diff: 0.0, Sum: 0.0]
      [Object Copy (ms): Min: 14.1, Avg: 14.1, Max: 14.2, Diff: 0.1, Sum: 113.0]
      [Termination (ms): Min: 0.0, Avg: 0.0, Max: 0.0, Diff: 0.0, Sum: 0.0]
      [GC Worker Other (ms): Min: 0.0, Avg: 0.0, Max: 0.1, Diff: 0.1, Sum: 0.3]
      [GC Worker Total (ms): Min: 21.0, Avg: 21.1, Max: 21.1, Diff: 0.1, Sum: 168.4]
      [GC Worker End (ms): Min: 1519396752.7, Avg: 1519396752.7, Max: 1519396752.7, Diff: 0.1]
   [Code Root Fixup: 0.2 ms]
   [Code Root Purge: 0.0 ms]
   [Clear CT: 0.3 ms]
   [Other: 1.5 ms]
      [Choose CSet: 0.0 ms]
      [Ref Proc: 0.2 ms]
      [Ref Enq: 0.0 ms]
      [Redirty Cards: 0.1 ms]
      [Humongous Reclaim: 0.0 ms]
      [Free CSet: 0.6 ms]
   [Eden: 2212.0M(2212.0M)->0.0B(2212.0M) Survivors: 36.0M->36.0M Heap: 3692.7M(4500.0M)->1483.0M(4500.0M)]
Heap after GC invocations=33254 (full 0):
 garbage-first heap   total 4608000K, used 1518622K [0x00000006a6c00000, 0x00000006a7002328, 0x00000007c0000000)
  region size 4096K, 9 young (36864K), 9 survivors (36864K)
 Metaspace       used 124692K, capacity 128524K, committed 129664K, reserved 1165312K
  class space    used 13846K, capacity 14512K, committed 14720K, reserved 1048576K
}
 [Times: user=0.14 sys=0.03, real=0.02 secs] 
{Heap before GC invocations=33254 (full 0):
 garbage-first heap   total 4608000K, used 3783710K [0x00000006a6c00000, 0x00000006a7002328, 0x00000007c0000000)
  region size 4096K, 562 young (2301952K), 9 survivors (36864K)
 Metaspace       used 124692K, capacity 128524K, committed 129664K, reserved 1165312K
  class space    used 13846K, capacity 14512K, committed 14720K, reserved 1048576K
2019-04-29T06:38:35.927+0800: 1519525.145: [GC pause (G1 Evacuation Pause) (young)
Desired survivor size 148897792 bytes, new threshold 15 (max 15)
- age   1:   20733768 bytes,   20733768 total
- age   2:    1014176 bytes,   21747944 total
- age   3:     851144 bytes,   22599088 total
- age   4:     983128 bytes,   23582216 total
- age   5:     832784 bytes,   24415000 total
- age   6:     837176 bytes,   25252176 total
- age   7:     942496 bytes,   26194672 total
- age   8:    1079696 bytes,   27274368 total
- age   9:     253152 bytes,   27527520 total
- age  10:    1005704 bytes,   28533224 total
- age  11:    1008080 bytes,   29541304 total
- age  12:     764288 bytes,   30305592 total
- age  13:     325696 bytes,   30631288 total
- age  14:     392384 bytes,   31023672 total
- age  15:     630240 bytes,   31653912 total
 1519525.145: [G1Ergonomics (CSet Construction) start choosing CSet, _pending_cards: 23367, predicted base time: 8.51 ms, remaining time: 51.49 ms, target pause time: 60.00 ms]
 1519525.145: [G1Ergonomics (CSet Construction) add young regions to CSet, eden: 553 regions, survivors: 9 regions, predicted young region time: 152.74 ms]
 1519525.145: [G1Ergonomics (CSet Construction) finish choosing CSet, eden: 553 regions, survivors: 9 regions, old: 0 regions, predicted pause time: 161.24 ms, target pause time: 60.00 ms]
, 0.0235383 secs]
   [Parallel Time: 21.4 ms, GC Workers: 8]
      [GC Worker Start (ms): Min: 1519525145.6, Avg: 1519525145.7, Max: 1519525145.7, Diff: 0.1]
      [Ext Root Scanning (ms): Min: 1.1, Avg: 1.3, Max: 2.1, Diff: 1.0, Sum: 10.5]
      [Update RS (ms): Min: 5.1, Avg: 5.6, Max: 5.9, Diff: 0.8, Sum: 45.1]
         [Processed Buffers: Min: 18, Avg: 25.1, Max: 36, Diff: 18, Sum: 201]
      [Scan RS (ms): Min: 0.0, Avg: 0.1, Max: 0.1, Diff: 0.1, Sum: 0.6]
      [Code Root Scanning (ms): Min: 0.0, Avg: 0.0, Max: 0.0, Diff: 0.0, Sum: 0.0]
      [Object Copy (ms): Min: 14.1, Avg: 14.2, Max: 14.4, Diff: 0.3, Sum: 114.0]
      [Termination (ms): Min: 0.0, Avg: 0.0, Max: 0.0, Diff: 0.0, Sum: 0.0]
      [GC Worker Other (ms): Min: 0.0, Avg: 0.0, Max: 0.1, Diff: 0.1, Sum: 0.3]
      [GC Worker Total (ms): Min: 21.3, Avg: 21.3, Max: 21.4, Diff: 0.1, Sum: 170.6]
      [GC Worker End (ms): Min: 1519525167.0, Avg: 1519525167.0, Max: 1519525167.0, Diff: 0.1]
   [Code Root Fixup: 0.3 ms]
   [Code Root Purge: 0.0 ms]
   [Clear CT: 0.3 ms]
   [Other: 1.5 ms]
      [Choose CSet: 0.0 ms]
      [Ref Proc: 0.3 ms]
      [Ref Enq: 0.0 ms]
      [Redirty Cards: 0.1 ms]
      [Humongous Reclaim: 0.0 ms]
      [Free CSet: 0.6 ms]
   [Eden: 2212.0M(2212.0M)->0.0B(2212.0M) Survivors: 36.0M->36.0M Heap: 3695.0M(4500.0M)->1481.4M(4500.0M)]
Heap after GC invocations=33255 (full 0):
 garbage-first heap   total 4608000K, used 1516910K [0x00000006a6c00000, 0x00000006a7002328, 0x00000007c0000000)
  region size 4096K, 9 young (36864K), 9 survivors (36864K)
 Metaspace       used 124692K, capacity 128524K, committed 129664K, reserved 1165312K
  class space    used 13846K, capacity 14512K, committed 14720K, reserved 1048576K
}
 [Times: user=0.15 sys=0.03, real=0.03 secs] 
{Heap before GC invocations=33255 (full 0):
 garbage-first heap   total 4608000K, used 3781998K [0x00000006a6c00000, 0x00000006a7002328, 0x00000007c0000000)
  region size 4096K, 562 young (2301952K), 9 survivors (36864K)
 Metaspace       used 124692K, capacity 128524K, committed 129664K, reserved 1165312K
  class space    used 13846K, capacity 14512K, committed 14720K, reserved 1048576K
2019-04-29T06:40:05.992+0800: 1519615.211: [GC pause (G1 Evacuation Pause) (young)
Desired survivor size 148897792 bytes, new threshold 15 (max 15)
- age   1:   19383440 bytes,   19383440 total
- age   2:    1127808 bytes,   20511248 total
- age   3:     971968 bytes,   21483216 total
- age   4:     851072 bytes,   22334288 total
- age   5:     645096 bytes,   22979384 total
- age   6:     832264 bytes,   23811648 total
- age   7:     836520 bytes,   24648168 total
- age   8:     942168 bytes,   25590336 total
- age   9:    1079328 bytes,   26669664 total
- age  10:     252752 bytes,   26922416 total
- age  11:    1005560 bytes,   27927976 total
- age  12:    1006064 bytes,   28934040 total
- age  13:     764112 bytes,   29698152 total
- age  14:     322960 bytes,   30021112 total
- age  15:     387928 bytes,   30409040 total
 1519615.211: [G1Ergonomics (CSet Construction) start choosing CSet, _pending_cards: 22697, predicted base time: 8.32 ms, remaining time: 51.68 ms, target pause time: 60.00 ms]
 1519615.211: [G1Ergonomics (CSet Construction) add young regions to CSet, eden: 553 regions, survivors: 9 regions, predicted young region time: 207.48 ms]
 1519615.211: [G1Ergonomics (CSet Construction) finish choosing CSet, eden: 553 regions, survivors: 9 regions, old: 0 regions, predicted pause time: 215.81 ms, target pause time: 60.00 ms]
, 0.0260396 secs]
   [Parallel Time: 24.0 ms, GC Workers: 8]
      [GC Worker Start (ms): Min: 1519615211.5, Avg: 1519615211.5, Max: 1519615211.5, Diff: 0.1]
      [Ext Root Scanning (ms): Min: 1.0, Avg: 1.2, Max: 2.1, Diff: 1.1, Sum: 10.0]
      [Update RS (ms): Min: 4.8, Avg: 5.5, Max: 5.8, Diff: 1.0, Sum: 44.0]
         [Processed Buffers: Min: 13, Avg: 24.5, Max: 50, Diff: 37, Sum: 196]
      [Scan RS (ms): Min: 0.0, Avg: 0.1, Max: 0.2, Diff: 0.1, Sum: 0.6]
      [Code Root Scanning (ms): Min: 0.0, Avg: 0.0, Max: 0.0, Diff: 0.0, Sum: 0.0]
      [Object Copy (ms): Min: 16.9, Avg: 17.0, Max: 17.1, Diff: 0.2, Sum: 136.0]
      [Termination (ms): Min: 0.0, Avg: 0.0, Max: 0.0, Diff: 0.0, Sum: 0.0]
      [GC Worker Other (ms): Min: 0.0, Avg: 0.0, Max: 0.1, Diff: 0.1, Sum: 0.3]
      [GC Worker Total (ms): Min: 23.8, Avg: 23.9, Max: 23.9, Diff: 0.1, Sum: 191.0]
      [GC Worker End (ms): Min: 1519615235.3, Avg: 1519615235.4, Max: 1519615235.4, Diff: 0.0]
   [Code Root Fixup: 0.2 ms]
   [Code Root Purge: 0.0 ms]
   [Clear CT: 0.3 ms]
   [Other: 1.5 ms]
      [Choose CSet: 0.0 ms]
      [Ref Proc: 0.3 ms]
      [Ref Enq: 0.0 ms]
      [Redirty Cards: 0.1 ms]
      [Humongous Reclaim: 0.0 ms]
      [Free CSet: 0.7 ms]
   [Eden: 2212.0M(2212.0M)->0.0B(2200.0M) Survivors: 36.0M->48.0M Heap: 3693.4M(4500.0M)->1493.7M(4500.0M)]
Heap after GC invocations=33256 (full 0):
 garbage-first heap   total 4608000K, used 1529570K [0x00000006a6c00000, 0x00000006a7002328, 0x00000007c0000000)
  region size 4096K, 12 young (49152K), 12 survivors (49152K)
 Metaspace       used 124692K, capacity 128524K, committed 129664K, reserved 1165312K
  class space    used 13846K, capacity 14512K, committed 14720K, reserved 1048576K
}
 [Times: user=0.16 sys=0.04, real=0.02 secs] 
{Heap before GC invocations=33256 (full 0):
 garbage-first heap   total 4608000K, used 3782370K [0x00000006a6c00000, 0x00000006a7002328, 0x00000007c0000000)
  region size 4096K, 562 young (2301952K), 12 survivors (49152K)
 Metaspace       used 124692K, capacity 128524K, committed 129664K, reserved 1165312K
  class space    used 13846K, capacity 14512K, committed 14720K, reserved 1048576K
2019-04-29T06:42:17.653+0800: 1519746.872: [GC pause (G1 Evacuation Pause) (young)
Desired survivor size 148897792 bytes, new threshold 15 (max 15)
- age   1:   25002792 bytes,   25002792 total
- age   2:     664264 bytes,   25667056 total
- age   3:     611640 bytes,   26278696 total
- age   4:     971408 bytes,   27250104 total
- age   5:     850624 bytes,   28100728 total
- age   6:     644200 bytes,   28744928 total
- age   7:     832040 bytes,   29576968 total
- age   8:     836072 bytes,   30413040 total
- age   9:     941720 bytes,   31354760 total
- age  10:    1079328 bytes,   32434088 total
- age  11:     252528 bytes,   32686616 total
- age  12:    1005560 bytes,   33692176 total
- age  13:    1006064 bytes,   34698240 total
- age  14:     764112 bytes,   35462352 total
- age  15:     320744 bytes,   35783096 total
 1519746.872: [G1Ergonomics (CSet Construction) start choosing CSet, _pending_cards: 23945, predicted base time: 8.58 ms, remaining time: 51.42 ms, target pause time: 60.00 ms]
 1519746.872: [G1Ergonomics (CSet Construction) add young regions to CSet, eden: 550 regions, survivors: 12 regions, predicted young region time: 177.20 ms]
 1519746.872: [G1Ergonomics (CSet Construction) finish choosing CSet, eden: 550 regions, survivors: 12 regions, old: 0 regions, predicted pause time: 185.78 ms, target pause time: 60.00 ms]
, 0.0242080 secs]
   [Parallel Time: 22.1 ms, GC Workers: 8]
      [GC Worker Start (ms): Min: 1519746872.5, Avg: 1519746872.5, Max: 1519746872.6, Diff: 0.1]
      [Ext Root Scanning (ms): Min: 1.1, Avg: 1.6, Max: 4.3, Diff: 3.2, Sum: 12.7]
      [Update RS (ms): Min: 3.0, Avg: 5.7, Max: 6.3, Diff: 3.3, Sum: 45.4]
         [Processed Buffers: Min: 18, Avg: 25.2, Max: 32, Diff: 14, Sum: 202]
      [Scan RS (ms): Min: 0.0, Avg: 0.1, Max: 0.1, Diff: 0.1, Sum: 0.6]
      [Code Root Scanning (ms): Min: 0.0, Avg: 0.0, Max: 0.0, Diff: 0.0, Sum: 0.0]
      [Object Copy (ms): Min: 14.5, Avg: 14.6, Max: 14.7, Diff: 0.3, Sum: 117.1]
      [Termination (ms): Min: 0.0, Avg: 0.0, Max: 0.0, Diff: 0.0, Sum: 0.0]
      [GC Worker Other (ms): Min: 0.0, Avg: 0.0, Max: 0.1, Diff: 0.1, Sum: 0.3]
      [GC Worker Total (ms): Min: 22.0, Avg: 22.0, Max: 22.1, Diff: 0.1, Sum: 176.2]
      [GC Worker End (ms): Min: 1519746894.5, Avg: 1519746894.6, Max: 1519746894.6, Diff: 0.1]
   [Code Root Fixup: 0.2 ms]
   [Code Root Purge: 0.0 ms]
   [Clear CT: 0.3 ms]
   [Other: 1.5 ms]
      [Choose CSet: 0.0 ms]
      [Ref Proc: 0.2 ms]
      [Ref Enq: 0.0 ms]
      [Redirty Cards: 0.1 ms]
      [Humongous Reclaim: 0.0 ms]
      [Free CSet: 0.6 ms]
   [Eden: 2200.0M(2200.0M)->0.0B(2212.0M) Survivors: 48.0M->36.0M Heap: 3693.7M(4500.0M)->1484.1M(4500.0M)]
Heap after GC invocations=33257 (full 0):
 garbage-first heap   total 4608000K, used 1519705K [0x00000006a6c00000, 0x00000006a7002328, 0x00000007c0000000)
  region size 4096K, 9 young (36864K), 9 survivors (36864K)
 Metaspace       used 124692K, capacity 128524K, committed 129664K, reserved 1165312K
  class space    used 13846K, capacity 14512K, committed 14720K, reserved 1048576K
}
 [Times: user=0.18 sys=0.00, real=0.02 secs] 
{Heap before GC invocations=33257 (full 0):
 garbage-first heap   total 4608000K, used 3784793K [0x00000006a6c00000, 0x00000006a7002328, 0x00000007c0000000)
  region size 4096K, 562 young (2301952K), 9 survivors (36864K)
 Metaspace       used 124692K, capacity 128524K, committed 129664K, reserved 1165312K
  class space    used 13846K, capacity 14512K, committed 14720K, reserved 1048576K
2019-04-29T06:44:16.277+0800: 1519865.496: [GC pause (G1 Evacuation Pause) (young)
Desired survivor size 148897792 bytes, new threshold 15 (max 15)
- age   1:   21169936 bytes,   21169936 total
- age   2:     430168 bytes,   21600104 total
- age   3:     614136 bytes,   22214240 total
- age   4:     601992 bytes,   22816232 total
- age   5:     971176 bytes,   23787408 total
- age   6:     850512 bytes,   24637920 total
- age   7:     559952 bytes,   25197872 total
- age   8:     832016 bytes,   26029888 total
- age   9:     835736 bytes,   26865624 total
- age  10:     941648 bytes,   27807272 total
- age  11:    1072064 bytes,   28879336 total
- age  12:     252328 bytes,   29131664 total
- age  13:    1005560 bytes,   30137224 total
- age  14:     968912 bytes,   31106136 total
- age  15:     755248 bytes,   31861384 total
 1519865.496: [G1Ergonomics (CSet Construction) start choosing CSet, _pending_cards: 23924, predicted base time: 8.63 ms, remaining time: 51.37 ms, target pause time: 60.00 ms]
 1519865.496: [G1Ergonomics (CSet Construction) add young regions to CSet, eden: 553 regions, survivors: 9 regions, predicted young region time: 183.42 ms]
 1519865.496: [G1Ergonomics (CSet Construction) finish choosing CSet, eden: 553 regions, survivors: 9 regions, old: 0 regions, predicted pause time: 192.04 ms, target pause time: 60.00 ms]
, 0.0233101 secs]
   [Parallel Time: 21.3 ms, GC Workers: 8]
      [GC Worker Start (ms): Min: 1519865496.2, Avg: 1519865496.2, Max: 1519865496.3, Diff: 0.1]
      [Ext Root Scanning (ms): Min: 1.0, Avg: 1.3, Max: 2.2, Diff: 1.3, Sum: 10.3]
      [Update RS (ms): Min: 4.9, Avg: 5.7, Max: 6.0, Diff: 1.1, Sum: 45.6]
         [Processed Buffers: Min: 14, Avg: 25.1, Max: 41, Diff: 27, Sum: 201]
      [Scan RS (ms): Min: 0.0, Avg: 0.1, Max: 0.2, Diff: 0.1, Sum: 0.6]
      [Code Root Scanning (ms): Min: 0.0, Avg: 0.0, Max: 0.0, Diff: 0.0, Sum: 0.0]
      [Object Copy (ms): Min: 13.8, Avg: 13.9, Max: 14.0, Diff: 0.2, Sum: 111.4]
      [Termination (ms): Min: 0.0, Avg: 0.0, Max: 0.0, Diff: 0.0, Sum: 0.0]
      [GC Worker Other (ms): Min: 0.0, Avg: 0.0, Max: 0.1, Diff: 0.1, Sum: 0.4]
      [GC Worker Total (ms): Min: 21.0, Avg: 21.0, Max: 21.1, Diff: 0.1, Sum: 168.3]
      [GC Worker End (ms): Min: 1519865517.3, Avg: 1519865517.3, Max: 1519865517.3, Diff: 0.1]
   [Code Root Fixup: 0.2 ms]
   [Code Root Purge: 0.0 ms]
   [Clear CT: 0.3 ms]
   [Other: 1.5 ms]
      [Choose CSet: 0.0 ms]
      [Ref Proc: 0.3 ms]
      [Ref Enq: 0.0 ms]
      [Redirty Cards: 0.1 ms]
      [Humongous Reclaim: 0.0 ms]
      [Free CSet: 0.6 ms]
   [Eden: 2212.0M(2212.0M)->0.0B(2212.0M) Survivors: 36.0M->36.0M Heap: 3696.1M(4500.0M)->1484.8M(4500.0M)]
Heap after GC invocations=33258 (full 0):
 garbage-first heap   total 4608000K, used 1520440K [0x00000006a6c00000, 0x00000006a7002328, 0x00000007c0000000)
  region size 4096K, 9 young (36864K), 9 survivors (36864K)
 Metaspace       used 124692K, capacity 128524K, committed 129664K, reserved 1165312K
  class space    used 13846K, capacity 14512K, committed 14720K, reserved 1048576K
}
 [Times: user=0.14 sys=0.03, real=0.03 secs] 
{Heap before GC invocations=33258 (full 0):
 garbage-first heap   total 4608000K, used 3785528K [0x00000006a6c00000, 0x00000006a7002328, 0x00000007c0000000)
  region size 4096K, 562 young (2301952K), 9 survivors (36864K)
 Metaspace       used 124692K, capacity 128524K, committed 129664K, reserved 1165312K
  class space    used 13846K, capacity 14512K, committed 14720K, reserved 1048576K
2019-04-29T06:45:37.652+0800: 1519946.870: [GC pause (G1 Evacuation Pause) (young)
Desired survivor size 148897792 bytes, new threshold 15 (max 15)
- age   1:   17830064 bytes,   17830064 total
- age   2:     433496 bytes,   18263560 total
- age   3:     423272 bytes,   18686832 total
- age   4:     613328 bytes,   19300160 total
- age   5:     594360 bytes,   19894520 total
- age   6:     970248 bytes,   20864768 total
- age   7:     849856 bytes,   21714624 total
- age   8:     551632 bytes,   22266256 total
- age   9:     831760 bytes,   23098016 total
- age  10:     835256 bytes,   23933272 total
- age  11:     941432 bytes,   24874704 total
- age  12:    1071848 bytes,   25946552 total
- age  13:     251192 bytes,   26197744 total
- age  14:    1005560 bytes,   27203304 total
- age  15:     966768 bytes,   28170072 total
 1519946.871: [G1Ergonomics (CSet Construction) start choosing CSet, _pending_cards: 23895, predicted base time: 8.60 ms, remaining time: 51.40 ms, target pause time: 60.00 ms]
 1519946.871: [G1Ergonomics (CSet Construction) add young regions to CSet, eden: 553 regions, survivors: 9 regions, predicted young region time: 181.04 ms]
 1519946.871: [G1Ergonomics (CSet Construction) finish choosing CSet, eden: 553 regions, survivors: 9 regions, old: 0 regions, predicted pause time: 189.64 ms, target pause time: 60.00 ms]
, 0.0215518 secs]
   [Parallel Time: 19.4 ms, GC Workers: 8]
      [GC Worker Start (ms): Min: 1519946870.9, Avg: 1519946871.0, Max: 1519946871.0, Diff: 0.1]
      [Ext Root Scanning (ms): Min: 1.1, Avg: 1.4, Max: 2.2, Diff: 1.1, Sum: 10.9]
      [Update RS (ms): Min: 4.8, Avg: 5.6, Max: 6.0, Diff: 1.1, Sum: 44.8]
         [Processed Buffers: Min: 14, Avg: 25.2, Max: 42, Diff: 28, Sum: 202]
      [Scan RS (ms): Min: 0.0, Avg: 0.1, Max: 0.1, Diff: 0.1, Sum: 0.7]
      [Code Root Scanning (ms): Min: 0.0, Avg: 0.0, Max: 0.0, Diff: 0.0, Sum: 0.0]
      [Object Copy (ms): Min: 12.1, Avg: 12.2, Max: 12.2, Diff: 0.2, Sum: 97.5]
      [Termination (ms): Min: 0.0, Avg: 0.0, Max: 0.0, Diff: 0.0, Sum: 0.0]
      [GC Worker Other (ms): Min: 0.0, Avg: 0.0, Max: 0.1, Diff: 0.1, Sum: 0.3]
      [GC Worker Total (ms): Min: 19.2, Avg: 19.3, Max: 19.3, Diff: 0.1, Sum: 154.3]
      [GC Worker End (ms): Min: 1519946890.2, Avg: 1519946890.3, Max: 1519946890.3, Diff: 0.1]
   [Code Root Fixup: 0.2 ms]
   [Code Root Purge: 0.0 ms]
   [Clear CT: 0.3 ms]
   [Other: 1.7 ms]
      [Choose CSet: 0.0 ms]
      [Ref Proc: 0.2 ms]
      [Ref Enq: 0.0 ms]
      [Redirty Cards: 0.1 ms]
      [Humongous Reclaim: 0.0 ms]
      [Free CSet: 0.7 ms]
   [Eden: 2212.0M(2212.0M)->0.0B(2212.0M) Survivors: 36.0M->36.0M Heap: 3696.8M(4500.0M)->1484.1M(4500.0M)]
Heap after GC invocations=33259 (full 0):
 garbage-first heap   total 4608000K, used 1519683K [0x00000006a6c00000, 0x00000006a7002328, 0x00000007c0000000)
  region size 4096K, 9 young (36864K), 9 survivors (36864K)
 Metaspace       used 124692K, capacity 128524K, committed 129664K, reserved 1165312K
  class space    used 13846K, capacity 14512K, committed 14720K, reserved 1048576K
}
 [Times: user=0.13 sys=0.03, real=0.02 secs] 
{Heap before GC invocations=33259 (full 0):
 garbage-first heap   total 4608000K, used 3784771K [0x00000006a6c00000, 0x00000006a7002328, 0x00000007c0000000)
  region size 4096K, 562 young (2301952K), 9 survivors (36864K)
 Metaspace       used 124692K, capacity 128524K, committed 129664K, reserved 1165312K
  class space    used 13846K, capacity 14512K, committed 14720K, reserved 1048576K
2019-04-29T06:47:32.510+0800: 1520061.729: [GC pause (G1 Evacuation Pause) (young)
Desired survivor size 148897792 bytes, new threshold 15 (max 15)
- age   1:   15888760 bytes,   15888760 total
- age   2:     339976 bytes,   16228736 total
- age   3:     424672 bytes,   16653408 total
- age   4:     416648 bytes,   17070056 total
- age   5:     611560 bytes,   17681616 total
- age   6:     593240 bytes,   18274856 total
- age   7:     970136 bytes,   19244992 total
- age   8:     849712 bytes,   20094704 total
- age   9:     549864 bytes,   20644568 total
- age  10:     831648 bytes,   21476216 total
- age  11:     835256 bytes,   22311472 total
- age  12:     941208 bytes,   23252680 total
- age  13:    1071736 bytes,   24324416 total
- age  14:     251192 bytes,   24575608 total
- age  15:    1005560 bytes,   25581168 total
 1520061.729: [G1Ergonomics (CSet Construction) start choosing CSet, _pending_cards: 25207, predicted base time: 8.86 ms, remaining time: 51.14 ms, target pause time: 60.00 ms]
 1520061.729: [G1Ergonomics (CSet Construction) add young regions to CSet, eden: 553 regions, survivors: 9 regions, predicted young region time: 142.44 ms]
 1520061.729: [G1Ergonomics (CSet Construction) finish choosing CSet, eden: 553 regions, survivors: 9 regions, old: 0 regions, predicted pause time: 151.30 ms, target pause time: 60.00 ms]
, 0.0259822 secs]
   [Parallel Time: 23.6 ms, GC Workers: 8]
      [GC Worker Start (ms): Min: 1520061729.3, Avg: 1520061729.3, Max: 1520061729.4, Diff: 0.1]
      [Ext Root Scanning (ms): Min: 1.2, Avg: 1.4, Max: 2.1, Diff: 0.8, Sum: 11.4]
      [Update RS (ms): Min: 6.0, Avg: 6.5, Max: 6.7, Diff: 0.8, Sum: 51.8]
         [Processed Buffers: Min: 13, Avg: 24.9, Max: 38, Diff: 25, Sum: 199]
      [Scan RS (ms): Min: 0.0, Avg: 0.1, Max: 0.1, Diff: 0.1, Sum: 0.7]
      [Code Root Scanning (ms): Min: 0.0, Avg: 0.0, Max: 0.0, Diff: 0.0, Sum: 0.0]
      [Object Copy (ms): Min: 15.3, Avg: 15.4, Max: 15.5, Diff: 0.2, Sum: 123.2]
      [Termination (ms): Min: 0.0, Avg: 0.0, Max: 0.0, Diff: 0.0, Sum: 0.0]
      [GC Worker Other (ms): Min: 0.0, Avg: 0.1, Max: 0.1, Diff: 0.1, Sum: 0.4]
      [GC Worker Total (ms): Min: 23.4, Avg: 23.4, Max: 23.5, Diff: 0.1, Sum: 187.5]
      [GC Worker End (ms): Min: 1520061752.8, Avg: 1520061752.8, Max: 1520061752.8, Diff: 0.1]
   [Code Root Fixup: 0.2 ms]
   [Code Root Purge: 0.0 ms]
   [Clear CT: 0.3 ms]
   [Other: 2.0 ms]
      [Choose CSet: 0.0 ms]
      [Ref Proc: 0.4 ms]
      [Ref Enq: 0.0 ms]
      [Redirty Cards: 0.1 ms]
      [Humongous Reclaim: 0.0 ms]
      [Free CSet: 0.9 ms]
   [Eden: 2212.0M(2212.0M)->0.0B(2208.0M) Survivors: 36.0M->40.0M Heap: 3696.1M(4500.0M)->1491.3M(4500.0M)]
Heap after GC invocations=33260 (full 0):
 garbage-first heap   total 4608000K, used 1527138K [0x00000006a6c00000, 0x00000006a7002328, 0x00000007c0000000)
  region size 4096K, 10 young (40960K), 10 survivors (40960K)
 Metaspace       used 124692K, capacity 128524K, committed 129664K, reserved 1165312K
  class space    used 13846K, capacity 14512K, committed 14720K, reserved 1048576K
}
 [Times: user=0.15 sys=0.04, real=0.02 secs] 
{Heap before GC invocations=33260 (full 0):
 garbage-first heap   total 4608000K, used 3788130K [0x00000006a6c00000, 0x00000006a7002328, 0x00000007c0000000)
  region size 4096K, 562 young (2301952K), 10 survivors (40960K)
 Metaspace       used 124692K, capacity 128524K, committed 129664K, reserved 1165312K
  class space    used 13846K, capacity 14512K, committed 14720K, reserved 1048576K
2019-04-29T06:49:39.497+0800: 1520188.716: [GC pause (G1 Evacuation Pause) (young)
Desired survivor size 148897792 bytes, new threshold 15 (max 15)
- age   1:   23665272 bytes,   23665272 total
- age   2:     542144 bytes,   24207416 total
- age   3:     336160 bytes,   24543576 total
- age   4:     424224 bytes,   24967800 total
- age   5:     415864 bytes,   25383664 total
- age   6:     611448 bytes,   25995112 total
- age   7:     592904 bytes,   26588016 total
- age   8:     969800 bytes,   27557816 total
- age   9:     849712 bytes,   28407528 total
- age  10:     549752 bytes,   28957280 total
- age  11:     831648 bytes,   29788928 total
- age  12:     835224 bytes,   30624152 total
- age  13:     941208 bytes,   31565360 total
- age  14:    1071736 bytes,   32637096 total
- age  15:     251192 bytes,   32888288 total
 1520188.716: [G1Ergonomics (CSet Construction) start choosing CSet, _pending_cards: 25095, predicted base time: 9.06 ms, remaining time: 50.94 ms, target pause time: 60.00 ms]
 1520188.716: [G1Ergonomics (CSet Construction) add young regions to CSet, eden: 552 regions, survivors: 10 regions, predicted young region time: 290.25 ms]
 1520188.716: [G1Ergonomics (CSet Construction) finish choosing CSet, eden: 552 regions, survivors: 10 regions, old: 0 regions, predicted pause time: 299.31 ms, target pause time: 60.00 ms]
, 0.0259545 secs]
   [Parallel Time: 23.9 ms, GC Workers: 8]
      [GC Worker Start (ms): Min: 1520188716.1, Avg: 1520188716.1, Max: 1520188716.1, Diff: 0.1]
      [Ext Root Scanning (ms): Min: 1.2, Avg: 1.4, Max: 2.0, Diff: 0.9, Sum: 10.9]
      [Update RS (ms): Min: 5.6, Avg: 6.1, Max: 6.4, Diff: 0.8, Sum: 48.6]
         [Processed Buffers: Min: 16, Avg: 25.9, Max: 43, Diff: 27, Sum: 207]
      [Scan RS (ms): Min: 0.0, Avg: 0.1, Max: 0.1, Diff: 0.1, Sum: 0.6]
      [Code Root Scanning (ms): Min: 0.0, Avg: 0.0, Max: 0.0, Diff: 0.0, Sum: 0.0]
      [Object Copy (ms): Min: 16.1, Avg: 16.2, Max: 16.3, Diff: 0.2, Sum: 129.6]
      [Termination (ms): Min: 0.0, Avg: 0.0, Max: 0.0, Diff: 0.0, Sum: 0.0]
      [GC Worker Other (ms): Min: 0.0, Avg: 0.0, Max: 0.1, Diff: 0.1, Sum: 0.3]
      [GC Worker Total (ms): Min: 23.7, Avg: 23.8, Max: 23.8, Diff: 0.1, Sum: 190.2]
      [GC Worker End (ms): Min: 1520188739.9, Avg: 1520188739.9, Max: 1520188739.9, Diff: 0.0]
   [Code Root Fixup: 0.3 ms]
   [Code Root Purge: 0.0 ms]
   [Clear CT: 0.3 ms]
   [Other: 1.5 ms]
      [Choose CSet: 0.0 ms]
      [Ref Proc: 0.3 ms]
      [Ref Enq: 0.0 ms]
      [Redirty Cards: 0.1 ms]
      [Humongous Reclaim: 0.0 ms]
      [Free CSet: 0.6 ms]
   [Eden: 2208.0M(2208.0M)->0.0B(2208.0M) Survivors: 40.0M->40.0M Heap: 3699.3M(4500.0M)->1492.2M(4500.0M)]
Heap after GC invocations=33261 (full 0):
 garbage-first heap   total 4608000K, used 1527971K [0x00000006a6c00000, 0x00000006a7002328, 0x00000007c0000000)
  region size 4096K, 10 young (40960K), 10 survivors (40960K)
 Metaspace       used 124692K, capacity 128524K, committed 129664K, reserved 1165312K
  class space    used 13846K, capacity 14512K, committed 14720K, reserved 1048576K
}
 [Times: user=0.16 sys=0.04, real=0.03 secs] 
{Heap before GC invocations=33261 (full 0):
 garbage-first heap   total 4608000K, used 3788963K [0x00000006a6c00000, 0x00000006a7002328, 0x00000007c0000000)
  region size 4096K, 562 young (2301952K), 10 survivors (40960K)
 Metaspace       used 124692K, capacity 128524K, committed 129664K, reserved 1165312K
  class space    used 13846K, capacity 14512K, committed 14720K, reserved 1048576K
2019-04-29T06:50:50.492+0800: 1520259.711: [GC pause (G1 Evacuation Pause) (young)
Desired survivor size 148897792 bytes, new threshold 15 (max 15)
- age   1:   23444944 bytes,   23444944 total
- age   2:    1156496 bytes,   24601440 total
- age   3:     526856 bytes,   25128296 total
- age   4:     336016 bytes,   25464312 total
- age   5:     423664 bytes,   25887976 total
- age   6:     415080 bytes,   26303056 total
- age   7:     611336 bytes,   26914392 total
- age   8:     591096 bytes,   27505488 total
- age   9:     969800 bytes,   28475288 total
- age  10:     849600 bytes,   29324888 total
- age  11:     549640 bytes,   29874528 total
- age  12:     831648 bytes,   30706176 total
- age  13:     835224 bytes,   31541400 total
- age  14:     941208 bytes,   32482608 total
- age  15:    1071736 bytes,   33554344 total
 1520259.711: [G1Ergonomics (CSet Construction) start choosing CSet, _pending_cards: 23865, predicted base time: 8.72 ms, remaining time: 51.28 ms, target pause time: 60.00 ms]
 1520259.711: [G1Ergonomics (CSet Construction) add young regions to CSet, eden: 552 regions, survivors: 10 regions, predicted young region time: 236.10 ms]
 1520259.711: [G1Ergonomics (CSet Construction) finish choosing CSet, eden: 552 regions, survivors: 10 regions, old: 0 regions, predicted pause time: 244.82 ms, target pause time: 60.00 ms]
, 0.0248819 secs]
   [Parallel Time: 22.9 ms, GC Workers: 8]
      [GC Worker Start (ms): Min: 1520259711.4, Avg: 1520259711.5, Max: 1520259711.5, Diff: 0.1]
      [Ext Root Scanning (ms): Min: 1.1, Avg: 1.3, Max: 2.1, Diff: 1.0, Sum: 10.3]
      [Update RS (ms): Min: 4.8, Avg: 5.6, Max: 5.9, Diff: 1.0, Sum: 44.6]
         [Processed Buffers: Min: 11, Avg: 25.2, Max: 47, Diff: 36, Sum: 202]
      [Scan RS (ms): Min: 0.0, Avg: 0.1, Max: 0.1, Diff: 0.1, Sum: 0.6]
      [Code Root Scanning (ms): Min: 0.0, Avg: 0.0, Max: 0.0, Diff: 0.0, Sum: 0.0]
      [Object Copy (ms): Min: 15.7, Avg: 15.8, Max: 15.9, Diff: 0.1, Sum: 126.4]
      [Termination (ms): Min: 0.0, Avg: 0.0, Max: 0.0, Diff: 0.0, Sum: 0.0]
      [GC Worker Other (ms): Min: 0.0, Avg: 0.0, Max: 0.1, Diff: 0.1, Sum: 0.4]
      [GC Worker Total (ms): Min: 22.8, Avg: 22.8, Max: 22.9, Diff: 0.1, Sum: 182.4]
      [GC Worker End (ms): Min: 1520259734.3, Avg: 1520259734.3, Max: 1520259734.3, Diff: 0.1]
   [Code Root Fixup: 0.3 ms]
   [Code Root Purge: 0.0 ms]
   [Clear CT: 0.3 ms]
   [Other: 1.5 ms]
      [Choose CSet: 0.0 ms]
      [Ref Proc: 0.2 ms]
      [Ref Enq: 0.0 ms]
      [Redirty Cards: 0.1 ms]
      [Humongous Reclaim: 0.0 ms]
      [Free CSet: 0.6 ms]
   [Eden: 2208.0M(2208.0M)->0.0B(2208.0M) Survivors: 40.0M->40.0M Heap: 3700.2M(4500.0M)->1491.3M(4500.0M)]
Heap after GC invocations=33262 (full 0):
 garbage-first heap   total 4608000K, used 1527065K [0x00000006a6c00000, 0x00000006a7002328, 0x00000007c0000000)
  region size 4096K, 10 young (40960K), 10 survivors (40960K)
 Metaspace       used 124692K, capacity 128524K, committed 129664K, reserved 1165312K
  class space    used 13846K, capacity 14512K, committed 14720K, reserved 1048576K
}
 [Times: user=0.15 sys=0.04, real=0.02 secs] 
{Heap before GC invocations=33262 (full 0):
 garbage-first heap   total 4608000K, used 3788057K [0x00000006a6c00000, 0x00000006a7002328, 0x00000007c0000000)
  region size 4096K, 562 young (2301952K), 10 survivors (40960K)
 Metaspace       used 124692K, capacity 128524K, committed 129664K, reserved 1165312K
  class space    used 13846K, capacity 14512K, committed 14720K, reserved 1048576K
2019-04-29T06:52:11.744+0800: 1520340.963: [GC pause (G1 Evacuation Pause) (young)
Desired survivor size 148897792 bytes, new threshold 15 (max 15)
- age   1:   22318344 bytes,   22318344 total
- age   2:    1122000 bytes,   23440344 total
- age   3:    1154712 bytes,   24595056 total
- age   4:     505320 bytes,   25100376 total
- age   5:     334248 bytes,   25434624 total
- age   6:     423104 bytes,   25857728 total
- age   7:     377752 bytes,   26235480 total
- age   8:     611224 bytes,   26846704 total
- age   9:     588688 bytes,   27435392 total
- age  10:     969688 bytes,   28405080 total
- age  11:     849488 bytes,   29254568 total
- age  12:     549528 bytes,   29804096 total
- age  13:     831648 bytes,   30635744 total
- age  14:     835224 bytes,   31470968 total
- age  15:     941208 bytes,   32412176 total
 1520340.963: [G1Ergonomics (CSet Construction) start choosing CSet, _pending_cards: 25607, predicted base time: 9.03 ms, remaining time: 50.97 ms, target pause time: 60.00 ms]
 1520340.963: [G1Ergonomics (CSet Construction) add young regions to CSet, eden: 552 regions, survivors: 10 regions, predicted young region time: 381.02 ms]
 1520340.963: [G1Ergonomics (CSet Construction) finish choosing CSet, eden: 552 regions, survivors: 10 regions, old: 0 regions, predicted pause time: 390.05 ms, target pause time: 60.00 ms]
, 0.0263545 secs]
   [Parallel Time: 24.4 ms, GC Workers: 8]
      [GC Worker Start (ms): Min: 1520340962.9, Avg: 1520340962.9, Max: 1520340963.0, Diff: 0.1]
      [Ext Root Scanning (ms): Min: 1.0, Avg: 1.3, Max: 2.1, Diff: 1.1, Sum: 10.1]
      [Update RS (ms): Min: 5.5, Avg: 6.1, Max: 6.3, Diff: 0.8, Sum: 48.8]
         [Processed Buffers: Min: 20, Avg: 26.1, Max: 44, Diff: 24, Sum: 209]
      [Scan RS (ms): Min: 0.0, Avg: 0.1, Max: 0.1, Diff: 0.1, Sum: 0.7]
      [Code Root Scanning (ms): Min: 0.0, Avg: 0.0, Max: 0.0, Diff: 0.0, Sum: 0.0]
      [Object Copy (ms): Min: 16.6, Avg: 16.8, Max: 16.8, Diff: 0.2, Sum: 134.2]
      [Termination (ms): Min: 0.0, Avg: 0.0, Max: 0.0, Diff: 0.0, Sum: 0.0]
      [GC Worker Other (ms): Min: 0.0, Avg: 0.0, Max: 0.1, Diff: 0.1, Sum: 0.4]
      [GC Worker Total (ms): Min: 24.2, Avg: 24.3, Max: 24.3, Diff: 0.1, Sum: 194.3]
      [GC Worker End (ms): Min: 1520340987.2, Avg: 1520340987.2, Max: 1520340987.3, Diff: 0.1]
   [Code Root Fixup: 0.2 ms]
   [Code Root Purge: 0.0 ms]
   [Clear CT: 0.3 ms]
   [Other: 1.5 ms]
      [Choose CSet: 0.0 ms]
      [Ref Proc: 0.2 ms]
      [Ref Enq: 0.0 ms]
      [Redirty Cards: 0.1 ms]
      [Humongous Reclaim: 0.0 ms]
      [Free CSet: 0.6 ms]
   [Eden: 2208.0M(2208.0M)->0.0B(2204.0M) Survivors: 40.0M->44.0M Heap: 3699.3M(4500.0M)->1498.7M(4500.0M)]
Heap after GC invocations=33263 (full 0):
 garbage-first heap   total 4608000K, used 1534711K [0x00000006a6c00000, 0x00000006a7002328, 0x00000007c0000000)
  region size 4096K, 11 young (45056K), 11 survivors (45056K)
 Metaspace       used 124692K, capacity 128524K, committed 129664K, reserved 1165312K
  class space    used 13846K, capacity 14512K, committed 14720K, reserved 1048576K
}
 [Times: user=0.16 sys=0.04, real=0.03 secs] 
{Heap before GC invocations=33263 (full 0):
 garbage-first heap   total 4608000K, used 3791607K [0x00000006a6c00000, 0x00000006a7002328, 0x00000007c0000000)
  region size 4096K, 562 young (2301952K), 11 survivors (45056K)
 Metaspace       used 124692K, capacity 128524K, committed 129664K, reserved 1165312K
  class space    used 13846K, capacity 14512K, committed 14720K, reserved 1048576K
2019-04-29T06:53:50.502+0800: 1520439.720: [GC pause (G1 Evacuation Pause) (young)
Desired survivor size 148897792 bytes, new threshold 15 (max 15)
- age   1:   24937144 bytes,   24937144 total
- age   2:     348160 bytes,   25285304 total
- age   3:     812112 bytes,   26097416 total
- age   4:    1152920 bytes,   27250336 total
- age   5:     504488 bytes,   27754824 total
- age   6:     286712 bytes,   28041536 total
- age   7:     420968 bytes,   28462504 total
- age   8:     373720 bytes,   28836224 total
- age   9:     611112 bytes,   29447336 total
- age  10:     588688 bytes,   30036024 total
- age  11:     968008 bytes,   31004032 total
- age  12:     849488 bytes,   31853520 total
- age  13:     549528 bytes,   32403048 total
- age  14:     829968 bytes,   33233016 total
- age  15:     831112 bytes,   34064128 total
 1520439.720: [G1Ergonomics (CSet Construction) start choosing CSet, _pending_cards: 26029, predicted base time: 9.05 ms, remaining time: 50.95 ms, target pause time: 60.00 ms]
 1520439.720: [G1Ergonomics (CSet Construction) add young regions to CSet, eden: 551 regions, survivors: 11 regions, predicted young region time: 440.25 ms]
 1520439.720: [G1Ergonomics (CSet Construction) finish choosing CSet, eden: 551 regions, survivors: 11 regions, old: 0 regions, predicted pause time: 449.29 ms, target pause time: 60.00 ms]
, 0.0218577 secs]
   [Parallel Time: 20.0 ms, GC Workers: 8]
      [GC Worker Start (ms): Min: 1520439720.6, Avg: 1520439720.7, Max: 1520439720.7, Diff: 0.1]
      [Ext Root Scanning (ms): Min: 1.0, Avg: 1.2, Max: 2.0, Diff: 1.0, Sum: 9.8]
      [Update RS (ms): Min: 5.4, Avg: 6.1, Max: 6.5, Diff: 1.0, Sum: 49.1]
         [Processed Buffers: Min: 19, Avg: 25.1, Max: 30, Diff: 11, Sum: 201]
      [Scan RS (ms): Min: 0.0, Avg: 0.1, Max: 0.1, Diff: 0.1, Sum: 0.7]
      [Code Root Scanning (ms): Min: 0.0, Avg: 0.0, Max: 0.0, Diff: 0.0, Sum: 0.0]
      [Object Copy (ms): Min: 12.2, Avg: 12.4, Max: 12.4, Diff: 0.2, Sum: 98.9]
      [Termination (ms): Min: 0.0, Avg: 0.0, Max: 0.0, Diff: 0.0, Sum: 0.0]
      [GC Worker Other (ms): Min: 0.0, Avg: 0.0, Max: 0.1, Diff: 0.0, Sum: 0.3]
      [GC Worker Total (ms): Min: 19.8, Avg: 19.8, Max: 19.9, Diff: 0.1, Sum: 158.8]
      [GC Worker End (ms): Min: 1520439740.5, Avg: 1520439740.5, Max: 1520439740.5, Diff: 0.0]
   [Code Root Fixup: 0.2 ms]
   [Code Root Purge: 0.0 ms]
   [Clear CT: 0.3 ms]
   [Other: 1.4 ms]
      [Choose CSet: 0.0 ms]
      [Ref Proc: 0.2 ms]
      [Ref Enq: 0.0 ms]
      [Redirty Cards: 0.1 ms]
      [Humongous Reclaim: 0.0 ms]
      [Free CSet: 0.6 ms]
   [Eden: 2204.0M(2204.0M)->0.0B(2212.0M) Survivors: 44.0M->36.0M Heap: 3702.7M(4500.0M)->1490.1M(4500.0M)]
Heap after GC invocations=33264 (full 0):
 garbage-first heap   total 4608000K, used 1525822K [0x00000006a6c00000, 0x00000006a7002328, 0x00000007c0000000)
  region size 4096K, 9 young (36864K), 9 survivors (36864K)
 Metaspace       used 124692K, capacity 128524K, committed 129664K, reserved 1165312K
  class space    used 13846K, capacity 14512K, committed 14720K, reserved 1048576K
}
 [Times: user=0.13 sys=0.03, real=0.02 secs] 
{Heap before GC invocations=33264 (full 0):
 garbage-first heap   total 4608000K, used 3790910K [0x00000006a6c00000, 0x00000006a7002328, 0x00000007c0000000)
  region size 4096K, 562 young (2301952K), 9 survivors (36864K)
 Metaspace       used 124692K, capacity 128524K, committed 129664K, reserved 1165312K
  class space    used 13846K, capacity 14512K, committed 14720K, reserved 1048576K
2019-04-29T06:55:04.162+0800: 1520513.380: [GC pause (G1 Evacuation Pause) (young)
Desired survivor size 148897792 bytes, new threshold 15 (max 15)
- age   1:   16654496 bytes,   16654496 total
- age   2:     663464 bytes,   17317960 total
- age   3:     344808 bytes,   17662768 total
- age   4:     811664 bytes,   18474432 total
- age   5:    1152696 bytes,   19627128 total
- age   6:     504040 bytes,   20131168 total
- age   7:     286376 bytes,   20417544 total
- age   8:     420744 bytes,   20838288 total
- age   9:     373496 bytes,   21211784 total
- age  10:     611112 bytes,   21822896 total
- age  11:     588240 bytes,   22411136 total
- age  12:     968008 bytes,   23379144 total
- age  13:     849488 bytes,   24228632 total
- age  14:     549528 bytes,   24778160 total
- age  15:     829968 bytes,   25608128 total
 1520513.381: [G1Ergonomics (CSet Construction) start choosing CSet, _pending_cards: 25538, predicted base time: 8.83 ms, remaining time: 51.17 ms, target pause time: 60.00 ms]
 1520513.381: [G1Ergonomics (CSet Construction) add young regions to CSet, eden: 553 regions, survivors: 9 regions, predicted young region time: 341.19 ms]
 1520513.381: [G1Ergonomics (CSet Construction) finish choosing CSet, eden: 553 regions, survivors: 9 regions, old: 0 regions, predicted pause time: 350.02 ms, target pause time: 60.00 ms]
, 0.0229820 secs]
   [Parallel Time: 21.0 ms, GC Workers: 8]
      [GC Worker Start (ms): Min: 1520513380.7, Avg: 1520513380.7, Max: 1520513380.8, Diff: 0.1]
      [Ext Root Scanning (ms): Min: 1.1, Avg: 1.6, Max: 4.3, Diff: 3.3, Sum: 12.5]
      [Update RS (ms): Min: 3.4, Avg: 6.1, Max: 6.7, Diff: 3.3, Sum: 48.9]
         [Processed Buffers: Min: 16, Avg: 26.0, Max: 51, Diff: 35, Sum: 208]
      [Scan RS (ms): Min: 0.0, Avg: 0.1, Max: 0.1, Diff: 0.1, Sum: 0.6]
      [Code Root Scanning (ms): Min: 0.0, Avg: 0.0, Max: 0.0, Diff: 0.0, Sum: 0.0]
      [Object Copy (ms): Min: 13.0, Avg: 13.1, Max: 13.1, Diff: 0.1, Sum: 104.4]
      [Termination (ms): Min: 0.0, Avg: 0.0, Max: 0.0, Diff: 0.0, Sum: 0.0]
      [GC Worker Other (ms): Min: 0.0, Avg: 0.0, Max: 0.1, Diff: 0.1, Sum: 0.4]
      [GC Worker Total (ms): Min: 20.8, Avg: 20.9, Max: 20.9, Diff: 0.1, Sum: 166.8]
      [GC Worker End (ms): Min: 1520513401.6, Avg: 1520513401.6, Max: 1520513401.6, Diff: 0.1]
   [Code Root Fixup: 0.2 ms]
   [Code Root Purge: 0.0 ms]
   [Clear CT: 0.3 ms]
   [Other: 1.5 ms]
      [Choose CSet: 0.0 ms]
      [Ref Proc: 0.2 ms]
      [Ref Enq: 0.0 ms]
      [Redirty Cards: 0.1 ms]
      [Humongous Reclaim: 0.0 ms]
      [Free CSet: 0.6 ms]
   [Eden: 2212.0M(2212.0M)->0.0B(2212.0M) Survivors: 36.0M->36.0M Heap: 3702.1M(4500.0M)->1491.5M(4500.0M)]
Heap after GC invocations=33265 (full 0):
 garbage-first heap   total 4608000K, used 1527282K [0x00000006a6c00000, 0x00000006a7002328, 0x00000007c0000000)
  region size 4096K, 9 young (36864K), 9 survivors (36864K)
 Metaspace       used 124692K, capacity 128524K, committed 129664K, reserved 1165312K
  class space    used 13846K, capacity 14512K, committed 14720K, reserved 1048576K
}
 [Times: user=0.17 sys=0.00, real=0.02 secs] 
{Heap before GC invocations=33265 (full 0):
 garbage-first heap   total 4608000K, used 3792370K [0x00000006a6c00000, 0x00000006a7002328, 0x00000007c0000000)
  region size 4096K, 562 young (2301952K), 9 survivors (36864K)
 Metaspace       used 124692K, capacity 128524K, committed 129664K, reserved 1165312K
  class space    used 13846K, capacity 14512K, committed 14720K, reserved 1048576K
2019-04-29T06:56:59.314+0800: 1520628.533: [GC pause (G1 Evacuation Pause) (young)
Desired survivor size 148897792 bytes, new threshold 15 (max 15)
- age   1:   17583600 bytes,   17583600 total
- age   2:     891504 bytes,   18475104 total
- age   3:     518264 bytes,   18993368 total
- age   4:     237864 bytes,   19231232 total
- age   5:     811216 bytes,   20042448 total
- age   6:    1152360 bytes,   21194808 total
- age   7:     503816 bytes,   21698624 total
- age   8:     286040 bytes,   21984664 total
- age   9:     420408 bytes,   22405072 total
- age  10:     373048 bytes,   22778120 total
- age  11:     611112 bytes,   23389232 total
- age  12:     587792 bytes,   23977024 total
- age  13:     967784 bytes,   24944808 total
- age  14:     849488 bytes,   25794296 total
- age  15:     549416 bytes,   26343712 total
 1520628.533: [G1Ergonomics (CSet Construction) start choosing CSet, _pending_cards: 26779, predicted base time: 9.23 ms, remaining time: 50.77 ms, target pause time: 60.00 ms]
 1520628.533: [G1Ergonomics (CSet Construction) add young regions to CSet, eden: 553 regions, survivors: 9 regions, predicted young region time: 265.51 ms]
 1520628.533: [G1Ergonomics (CSet Construction) finish choosing CSet, eden: 553 regions, survivors: 9 regions, old: 0 regions, predicted pause time: 274.74 ms, target pause time: 60.00 ms]
, 0.0289382 secs]
   [Parallel Time: 27.0 ms, GC Workers: 8]
      [GC Worker Start (ms): Min: 1520628533.4, Avg: 1520628533.5, Max: 1520628533.6, Diff: 0.2]
      [Ext Root Scanning (ms): Min: 1.0, Avg: 1.3, Max: 2.2, Diff: 1.2, Sum: 10.2]
      [Update RS (ms): Min: 5.5, Avg: 6.2, Max: 6.5, Diff: 1.0, Sum: 49.9]
         [Processed Buffers: Min: 16, Avg: 26.2, Max: 37, Diff: 21, Sum: 210]
      [Scan RS (ms): Min: 0.0, Avg: 0.1, Max: 0.1, Diff: 0.1, Sum: 0.6]
      [Code Root Scanning (ms): Min: 0.0, Avg: 0.0, Max: 0.0, Diff: 0.0, Sum: 0.0]
      [Object Copy (ms): Min: 19.0, Avg: 19.2, Max: 19.2, Diff: 0.3, Sum: 153.3]
      [Termination (ms): Min: 0.0, Avg: 0.0, Max: 0.0, Diff: 0.0, Sum: 0.0]
      [GC Worker Other (ms): Min: 0.0, Avg: 0.0, Max: 0.1, Diff: 0.0, Sum: 0.3]
      [GC Worker Total (ms): Min: 26.7, Avg: 26.8, Max: 26.9, Diff: 0.2, Sum: 214.4]
      [GC Worker End (ms): Min: 1520628560.2, Avg: 1520628560.3, Max: 1520628560.3, Diff: 0.1]
   [Code Root Fixup: 0.2 ms]
   [Code Root Purge: 0.0 ms]
   [Clear CT: 0.2 ms]
   [Other: 1.5 ms]
      [Choose CSet: 0.0 ms]
      [Ref Proc: 0.2 ms]
      [Ref Enq: 0.0 ms]
      [Redirty Cards: 0.1 ms]
      [Humongous Reclaim: 0.0 ms]
      [Free CSet: 0.6 ms]
   [Eden: 2212.0M(2212.0M)->0.0B(2196.0M) Survivors: 36.0M->52.0M Heap: 3703.5M(4500.0M)->1508.3M(4500.0M)]
Heap after GC invocations=33266 (full 0):
 garbage-first heap   total 4608000K, used 1544499K [0x00000006a6c00000, 0x00000006a7002328, 0x00000007c0000000)
  region size 4096K, 13 young (53248K), 13 survivors (53248K)
 Metaspace       used 124692K, capacity 128524K, committed 129664K, reserved 1165312K
  class space    used 13846K, capacity 14512K, committed 14720K, reserved 1048576K
}
 [Times: user=0.17 sys=0.04, real=0.03 secs] 
{Heap before GC invocations=33266 (full 0):
 garbage-first heap   total 4608000K, used 3793203K [0x00000006a6c00000, 0x00000006a7002328, 0x00000007c0000000)
  region size 4096K, 562 young (2301952K), 13 survivors (53248K)
 Metaspace       used 124692K, capacity 128524K, committed 129664K, reserved 1165312K
  class space    used 13846K, capacity 14512K, committed 14720K, reserved 1048576K
2019-04-29T06:58:52.177+0800: 1520741.396: [GC pause (G1 Evacuation Pause) (young)
Desired survivor size 148897792 bytes, new threshold 15 (max 15)
- age   1:   30362776 bytes,   30362776 total
- age   2:     715296 bytes,   31078072 total
- age   3:     888064 bytes,   31966136 total
- age   4:     198056 bytes,   32164192 total
- age   5:     236368 bytes,   32400560 total
- age   6:     810840 bytes,   33211400 total
- age   7:    1152136 bytes,   34363536 total
- age   8:     496200 bytes,   34859736 total
- age   9:     286040 bytes,   35145776 total
- age  10:     420296 bytes,   35566072 total
- age  11:     336096 bytes,   35902168 total
- age  12:     611000 bytes,   36513168 total
- age  13:     587680 bytes,   37100848 total
- age  14:     967784 bytes,   38068632 total
- age  15:     849488 bytes,   38918120 total
 1520741.396: [G1Ergonomics (CSet Construction) start choosing CSet, _pending_cards: 25793, predicted base time: 8.90 ms, remaining time: 51.10 ms, target pause time: 60.00 ms]
 1520741.396: [G1Ergonomics (CSet Construction) add young regions to CSet, eden: 549 regions, survivors: 13 regions, predicted young region time: 237.05 ms]
 1520741.396: [G1Ergonomics (CSet Construction) finish choosing CSet, eden: 549 regions, survivors: 13 regions, old: 0 regions, predicted pause time: 245.95 ms, target pause time: 60.00 ms]
, 0.0232479 secs]
   [Parallel Time: 20.9 ms, GC Workers: 8]
      [GC Worker Start (ms): Min: 1520741396.4, Avg: 1520741396.4, Max: 1520741396.5, Diff: 0.1]
      [Ext Root Scanning (ms): Min: 1.2, Avg: 1.4, Max: 2.1, Diff: 0.9, Sum: 11.4]
      [Update RS (ms): Min: 5.9, Avg: 6.5, Max: 6.8, Diff: 0.9, Sum: 52.2]
         [Processed Buffers: Min: 17, Avg: 25.5, Max: 39, Diff: 22, Sum: 204]
      [Scan RS (ms): Min: 0.0, Avg: 0.1, Max: 0.2, Diff: 0.1, Sum: 0.7]
      [Code Root Scanning (ms): Min: 0.0, Avg: 0.0, Max: 0.0, Diff: 0.0, Sum: 0.0]
      [Object Copy (ms): Min: 12.5, Avg: 12.6, Max: 12.7, Diff: 0.2, Sum: 101.1]
      [Termination (ms): Min: 0.0, Avg: 0.0, Max: 0.0, Diff: 0.0, Sum: 0.0]
      [GC Worker Other (ms): Min: 0.0, Avg: 0.1, Max: 0.1, Diff: 0.1, Sum: 0.4]
      [GC Worker Total (ms): Min: 20.7, Avg: 20.7, Max: 20.8, Diff: 0.1, Sum: 165.9]
      [GC Worker End (ms): Min: 1520741417.2, Avg: 1520741417.2, Max: 1520741417.2, Diff: 0.1]
   [Code Root Fixup: 0.2 ms]
   [Code Root Purge: 0.0 ms]
   [Clear CT: 0.3 ms]
   [Other: 1.9 ms]
      [Choose CSet: 0.0 ms]
      [Ref Proc: 0.2 ms]
      [Ref Enq: 0.0 ms]
      [Redirty Cards: 0.1 ms]
      [Humongous Reclaim: 0.0 ms]
      [Free CSet: 0.9 ms]
   [Eden: 2196.0M(2196.0M)->0.0B(2212.0M) Survivors: 52.0M->36.0M Heap: 3704.3M(4500.0M)->1493.5M(4500.0M)]
Heap after GC invocations=33267 (full 0):
 garbage-first heap   total 4608000K, used 1529338K [0x00000006a6c00000, 0x00000006a7002328, 0x00000007c0000000)
  region size 4096K, 9 young (36864K), 9 survivors (36864K)
 Metaspace       used 124692K, capacity 128524K, committed 129664K, reserved 1165312K
  class space    used 13846K, capacity 14512K, committed 14720K, reserved 1048576K
}
 [Times: user=0.14 sys=0.02, real=0.03 secs] 
{Heap before GC invocations=33267 (full 0):
 garbage-first heap   total 4608000K, used 3794426K [0x00000006a6c00000, 0x00000006a7002328, 0x00000007c0000000)
  region size 4096K, 562 young (2301952K), 9 survivors (36864K)
 Metaspace       used 124692K, capacity 128524K, committed 129664K, reserved 1165312K
  class space    used 13846K, capacity 14512K, committed 14720K, reserved 1048576K
2019-04-29T07:00:02.265+0800: 1520811.484: [GC pause (G1 Evacuation Pause) (young)
Desired survivor size 148897792 bytes, new threshold 15 (max 15)
- age   1:   17641680 bytes,   17641680 total
- age   2:    1446136 bytes,   19087816 total
- age   3:     711656 bytes,   19799472 total
- age   4:     887504 bytes,   20686976 total
- age   5:     197552 bytes,   20884528 total
- age   6:     235072 bytes,   21119600 total
- age   7:     810544 bytes,   21930144 total
- age   8:    1151728 bytes,   23081872 total
- age   9:     494912 bytes,   23576784 total
- age  10:     286040 bytes,   23862824 total
- age  11:     420112 bytes,   24282936 total
- age  12:     332328 bytes,   24615264 total
- age  13:     611000 bytes,   25226264 total
- age  14:     587648 bytes,   25813912 total
- age  15:     967784 bytes,   26781696 total
 1520811.484: [G1Ergonomics (CSet Construction) start choosing CSet, _pending_cards: 26089, predicted base time: 9.20 ms, remaining time: 50.80 ms, target pause time: 60.00 ms]
 1520811.484: [G1Ergonomics (CSet Construction) add young regions to CSet, eden: 553 regions, survivors: 9 regions, predicted young region time: 183.14 ms]
 1520811.484: [G1Ergonomics (CSet Construction) finish choosing CSet, eden: 553 regions, survivors: 9 regions, old: 0 regions, predicted pause time: 192.35 ms, target pause time: 60.00 ms]
, 0.0230235 secs]
   [Parallel Time: 20.9 ms, GC Workers: 8]
      [GC Worker Start (ms): Min: 1520811484.6, Avg: 1520811484.6, Max: 1520811484.6, Diff: 0.1]
      [Ext Root Scanning (ms): Min: 1.1, Avg: 1.3, Max: 2.1, Diff: 0.9, Sum: 10.8]
      [Update RS (ms): Min: 5.6, Avg: 6.3, Max: 6.6, Diff: 1.0, Sum: 50.2]
         [Processed Buffers: Min: 17, Avg: 26.9, Max: 39, Diff: 22, Sum: 215]
      [Scan RS (ms): Min: 0.0, Avg: 0.1, Max: 0.1, Diff: 0.1, Sum: 0.7]
      [Code Root Scanning (ms): Min: 0.0, Avg: 0.0, Max: 0.0, Diff: 0.0, Sum: 0.0]
      [Object Copy (ms): Min: 13.0, Avg: 13.1, Max: 13.1, Diff: 0.1, Sum: 104.6]
      [Termination (ms): Min: 0.0, Avg: 0.0, Max: 0.0, Diff: 0.0, Sum: 0.0]
      [GC Worker Other (ms): Min: 0.0, Avg: 0.0, Max: 0.1, Diff: 0.1, Sum: 0.4]
      [GC Worker Total (ms): Min: 20.8, Avg: 20.9, Max: 20.9, Diff: 0.1, Sum: 166.8]
      [GC Worker End (ms): Min: 1520811505.4, Avg: 1520811505.4, Max: 1520811505.5, Diff: 0.0]
   [Code Root Fixup: 0.3 ms]
   [Code Root Purge: 0.0 ms]
   [Clear CT: 0.3 ms]
   [Other: 1.5 ms]
      [Choose CSet: 0.0 ms]
      [Ref Proc: 0.2 ms]
      [Ref Enq: 0.0 ms]
      [Redirty Cards: 0.2 ms]
      [Humongous Reclaim: 0.0 ms]
      [Free CSet: 0.6 ms]
   [Eden: 2212.0M(2212.0M)->0.0B(2212.0M) Survivors: 36.0M->36.0M Heap: 3705.5M(4500.0M)->1494.9M(4500.0M)]
Heap after GC invocations=33268 (full 0):
 garbage-first heap   total 4608000K, used 1530753K [0x00000006a6c00000, 0x00000006a7002328, 0x00000007c0000000)
  region size 4096K, 9 young (36864K), 9 survivors (36864K)
 Metaspace       used 124692K, capacity 128524K, committed 129664K, reserved 1165312K
  class space    used 13846K, capacity 14512K, committed 14720K, reserved 1048576K
}
 [Times: user=0.14 sys=0.04, real=0.02 secs] 
{Heap before GC invocations=33268 (full 0):
 garbage-first heap   total 4608000K, used 3795841K [0x00000006a6c00000, 0x00000006a7002328, 0x00000007c0000000)
  region size 4096K, 562 young (2301952K), 9 survivors (36864K)
 Metaspace       used 124692K, capacity 128524K, committed 129664K, reserved 1165312K
  class space    used 13846K, capacity 14512K, committed 14720K, reserved 1048576K
2019-04-29T07:01:42.644+0800: 1520911.862: [GC pause (G1 Evacuation Pause) (young)
Desired survivor size 148897792 bytes, new threshold 15 (max 15)
- age   1:   18475552 bytes,   18475552 total
- age   2:     775520 bytes,   19251072 total
- age   3:    1054720 bytes,   20305792 total
- age   4:     709496 bytes,   21015288 total
- age   5:     887056 bytes,   21902344 total
- age   6:     195448 bytes,   22097792 total
- age   7:     234512 bytes,   22332304 total
- age   8:     810320 bytes,   23142624 total
- age   9:    1151728 bytes,   24294352 total
- age  10:     493728 bytes,   24788080 total
- age  11:     285928 bytes,   25074008 total
- age  12:     419776 bytes,   25493784 total
- age  13:     332328 bytes,   25826112 total
- age  14:     609296 bytes,   26435408 total
- age  15:     587648 bytes,   27023056 total
 1520911.862: [G1Ergonomics (CSet Construction) start choosing CSet, _pending_cards: 27598, predicted base time: 9.55 ms, remaining time: 50.45 ms, target pause time: 60.00 ms]
 1520911.862: [G1Ergonomics (CSet Construction) add young regions to CSet, eden: 553 regions, survivors: 9 regions, predicted young region time: 144.11 ms]
 1520911.862: [G1Ergonomics (CSet Construction) finish choosing CSet, eden: 553 regions, survivors: 9 regions, old: 0 regions, predicted pause time: 153.65 ms, target pause time: 60.00 ms]
, 0.0218933 secs]
   [Parallel Time: 19.9 ms, GC Workers: 8]
      [GC Worker Start (ms): Min: 1520911862.6, Avg: 1520911862.7, Max: 1520911862.7, Diff: 0.1]
      [Ext Root Scanning (ms): Min: 1.1, Avg: 1.3, Max: 2.1, Diff: 1.0, Sum: 10.6]
      [Update RS (ms): Min: 6.1, Avg: 6.8, Max: 7.0, Diff: 0.9, Sum: 54.5]
         [Processed Buffers: Min: 15, Avg: 26.5, Max: 41, Diff: 26, Sum: 212]
      [Scan RS (ms): Min: 0.0, Avg: 0.1, Max: 0.1, Diff: 0.1, Sum: 0.6]
      [Code Root Scanning (ms): Min: 0.0, Avg: 0.0, Max: 0.0, Diff: 0.0, Sum: 0.0]
      [Object Copy (ms): Min: 11.4, Avg: 11.5, Max: 11.6, Diff: 0.2, Sum: 92.0]
      [Termination (ms): Min: 0.0, Avg: 0.0, Max: 0.0, Diff: 0.0, Sum: 0.0]
      [GC Worker Other (ms): Min: 0.0, Avg: 0.1, Max: 0.1, Diff: 0.1, Sum: 0.6]
      [GC Worker Total (ms): Min: 19.8, Avg: 19.8, Max: 19.9, Diff: 0.1, Sum: 158.4]
      [GC Worker End (ms): Min: 1520911882.4, Avg: 1520911882.5, Max: 1520911882.5, Diff: 0.1]
   [Code Root Fixup: 0.2 ms]
   [Code Root Purge: 0.0 ms]
   [Clear CT: 0.3 ms]
   [Other: 1.5 ms]
      [Choose CSet: 0.0 ms]
      [Ref Proc: 0.2 ms]
      [Ref Enq: 0.0 ms]
      [Redirty Cards: 0.1 ms]
      [Humongous Reclaim: 0.0 ms]
      [Free CSet: 0.6 ms]
   [Eden: 2212.0M(2212.0M)->0.0B(2212.0M) Survivors: 36.0M->36.0M Heap: 3706.9M(4500.0M)->1496.1M(4500.0M)]
Heap after GC invocations=33269 (full 0):
 garbage-first heap   total 4608000K, used 1531988K [0x00000006a6c00000, 0x00000006a7002328, 0x00000007c0000000)
  region size 4096K, 9 young (36864K), 9 survivors (36864K)
 Metaspace       used 124692K, capacity 128524K, committed 129664K, reserved 1165312K
  class space    used 13846K, capacity 14512K, committed 14720K, reserved 1048576K
}
 [Times: user=0.13 sys=0.04, real=0.02 secs] 
{Heap before GC invocations=33269 (full 0):
 garbage-first heap   total 4608000K, used 3797076K [0x00000006a6c00000, 0x00000006a7002328, 0x00000007c0000000)
  region size 4096K, 562 young (2301952K), 9 survivors (36864K)
 Metaspace       used 124692K, capacity 128524K, committed 129664K, reserved 1165312K
  class space    used 13846K, capacity 14512K, committed 14720K, reserved 1048576K
2019-04-29T07:03:57.069+0800: 1521046.288: [GC pause (G1 Evacuation Pause) (young)
Desired survivor size 148897792 bytes, new threshold 15 (max 15)
- age   1:   16176992 bytes,   16176992 total
- age   2:    1062672 bytes,   17239664 total
- age   3:     685360 bytes,   17925024 total
- age   4:     833696 bytes,   18758720 total
- age   5:     708600 bytes,   19467320 total
- age   6:     886384 bytes,   20353704 total
- age   7:     195088 bytes,   20548792 total
- age   8:     233840 bytes,   20782632 total
- age   9:     810208 bytes,   21592840 total
- age  10:    1151616 bytes,   22744456 total
- age  11:     493280 bytes,   23237736 total
- age  12:     285816 bytes,   23523552 total
- age  13:     419552 bytes,   23943104 total
- age  14:     332328 bytes,   24275432 total
- age  15:     609296 bytes,   24884728 total
 1521046.288: [G1Ergonomics (CSet Construction) start choosing CSet, _pending_cards: 27181, predicted base time: 9.45 ms, remaining time: 50.55 ms, target pause time: 60.00 ms]
 1521046.288: [G1Ergonomics (CSet Construction) add young regions to CSet, eden: 553 regions, survivors: 9 regions, predicted young region time: 112.36 ms]
 1521046.288: [G1Ergonomics (CSet Construction) finish choosing CSet, eden: 553 regions, survivors: 9 regions, old: 0 regions, predicted pause time: 121.81 ms, target pause time: 60.00 ms]
, 0.0245413 secs]
   [Parallel Time: 22.5 ms, GC Workers: 8]
      [GC Worker Start (ms): Min: 1521046287.9, Avg: 1521046287.9, Max: 1521046287.9, Diff: 0.1]
      [Ext Root Scanning (ms): Min: 1.1, Avg: 1.3, Max: 2.1, Diff: 1.0, Sum: 10.6]
      [Update RS (ms): Min: 5.9, Avg: 6.4, Max: 6.7, Diff: 0.8, Sum: 50.9]
         [Processed Buffers: Min: 19, Avg: 26.2, Max: 42, Diff: 23, Sum: 210]
      [Scan RS (ms): Min: 0.0, Avg: 0.1, Max: 0.1, Diff: 0.1, Sum: 0.6]
      [Code Root Scanning (ms): Min: 0.0, Avg: 0.0, Max: 0.0, Diff: 0.0, Sum: 0.0]
      [Object Copy (ms): Min: 14.4, Avg: 14.6, Max: 14.7, Diff: 0.3, Sum: 116.7]
      [Termination (ms): Min: 0.0, Avg: 0.0, Max: 0.0, Diff: 0.0, Sum: 0.1]
      [GC Worker Other (ms): Min: 0.0, Avg: 0.0, Max: 0.1, Diff: 0.0, Sum: 0.3]
      [GC Worker Total (ms): Min: 22.4, Avg: 22.4, Max: 22.5, Diff: 0.1, Sum: 179.3]
      [GC Worker End (ms): Min: 1521046310.3, Avg: 1521046310.3, Max: 1521046310.3, Diff: 0.1]
   [Code Root Fixup: 0.3 ms]
   [Code Root Purge: 0.0 ms]
   [Clear CT: 0.2 ms]
   [Other: 1.5 ms]
      [Choose CSet: 0.0 ms]
      [Ref Proc: 0.2 ms]
      [Ref Enq: 0.0 ms]
      [Redirty Cards: 0.1 ms]
      [Humongous Reclaim: 0.0 ms]
      [Free CSet: 0.6 ms]
   [Eden: 2212.0M(2212.0M)->0.0B(2212.0M) Survivors: 36.0M->36.0M Heap: 3708.1M(4500.0M)->1499.0M(4500.0M)]
Heap after GC invocations=33270 (full 0):
 garbage-first heap   total 4608000K, used 1534947K [0x00000006a6c00000, 0x00000006a7002328, 0x00000007c0000000)
  region size 4096K, 9 young (36864K), 9 survivors (36864K)
 Metaspace       used 124692K, capacity 128524K, committed 129664K, reserved 1165312K
  class space    used 13846K, capacity 14512K, committed 14720K, reserved 1048576K
}
 [Times: user=0.15 sys=0.04, real=0.03 secs] 
{Heap before GC invocations=33270 (full 0):
 garbage-first heap   total 4608000K, used 3800035K [0x00000006a6c00000, 0x00000006a7002328, 0x00000007c0000000)
  region size 4096K, 562 young (2301952K), 9 survivors (36864K)
 Metaspace       used 124692K, capacity 128524K, committed 129664K, reserved 1165312K
  class space    used 13846K, capacity 14512K, committed 14720K, reserved 1048576K
2019-04-29T07:05:28.694+0800: 1521137.913: [GC pause (G1 Evacuation Pause) (young)
Desired survivor size 148897792 bytes, new threshold 15 (max 15)
- age   1:   20999024 bytes,   20999024 total
- age   2:     635552 bytes,   21634576 total
- age   3:    1058576 bytes,   22693152 total
- age   4:     684992 bytes,   23378144 total
- age   5:     833328 bytes,   24211472 total
- age   6:     708040 bytes,   24919512 total
- age   7:     886384 bytes,   25805896 total
- age   8:     194752 bytes,   26000648 total
- age   9:     233504 bytes,   26234152 total
- age  10:     810096 bytes,   27044248 total
- age  11:    1151504 bytes,   28195752 total
- age  12:     492944 bytes,   28688696 total
- age  13:     285816 bytes,   28974512 total
- age  14:     419440 bytes,   29393952 total
- age  15:     332328 bytes,   29726280 total
 1521137.913: [G1Ergonomics (CSet Construction) start choosing CSet, _pending_cards: 27571, predicted base time: 9.45 ms, remaining time: 50.55 ms, target pause time: 60.00 ms]
 1521137.913: [G1Ergonomics (CSet Construction) add young regions to CSet, eden: 553 regions, survivors: 9 regions, predicted young region time: 113.57 ms]
 1521137.913: [G1Ergonomics (CSet Construction) finish choosing CSet, eden: 553 regions, survivors: 9 regions, old: 0 regions, predicted pause time: 123.01 ms, target pause time: 60.00 ms]
, 0.0266312 secs]
   [Parallel Time: 24.7 ms, GC Workers: 8]
      [GC Worker Start (ms): Min: 1521137913.5, Avg: 1521137913.6, Max: 1521137913.6, Diff: 0.1]
      [Ext Root Scanning (ms): Min: 1.0, Avg: 1.5, Max: 4.4, Diff: 3.4, Sum: 12.2]
      [Update RS (ms): Min: 3.7, Avg: 6.3, Max: 7.0, Diff: 3.3, Sum: 50.8]
         [Processed Buffers: Min: 16, Avg: 26.6, Max: 40, Diff: 24, Sum: 213]
      [Scan RS (ms): Min: 0.0, Avg: 0.1, Max: 0.1, Diff: 0.1, Sum: 0.6]
      [Code Root Scanning (ms): Min: 0.0, Avg: 0.0, Max: 0.0, Diff: 0.0, Sum: 0.0]
      [Object Copy (ms): Min: 16.5, Avg: 16.6, Max: 16.6, Diff: 0.2, Sum: 132.6]
      [Termination (ms): Min: 0.0, Avg: 0.0, Max: 0.0, Diff: 0.0, Sum: 0.0]
      [GC Worker Other (ms): Min: 0.0, Avg: 0.0, Max: 0.1, Diff: 0.1, Sum: 0.3]
      [GC Worker Total (ms): Min: 24.5, Avg: 24.6, Max: 24.6, Diff: 0.1, Sum: 196.5]
      [GC Worker End (ms): Min: 1521137938.1, Avg: 1521137938.1, Max: 1521137938.2, Diff: 0.1]
   [Code Root Fixup: 0.2 ms]
   [Code Root Purge: 0.0 ms]
   [Clear CT: 0.2 ms]
   [Other: 1.5 ms]
      [Choose CSet: 0.0 ms]
      [Ref Proc: 0.3 ms]
      [Ref Enq: 0.0 ms]
      [Redirty Cards: 0.1 ms]
      [Humongous Reclaim: 0.0 ms]
      [Free CSet: 0.6 ms]
   [Eden: 2212.0M(2212.0M)->0.0B(2204.0M) Survivors: 36.0M->44.0M Heap: 3711.0M(4500.0M)->1507.7M(4500.0M)]
Heap after GC invocations=33271 (full 0):
 garbage-first heap   total 4608000K, used 1543904K [0x00000006a6c00000, 0x00000006a7002328, 0x00000007c0000000)
  region size 4096K, 11 young (45056K), 11 survivors (45056K)
 Metaspace       used 124692K, capacity 128524K, committed 129664K, reserved 1165312K
  class space    used 13846K, capacity 14512K, committed 14720K, reserved 1048576K
}
 [Times: user=0.16 sys=0.04, real=0.03 secs] 
{Heap before GC invocations=33271 (full 0):
 garbage-first heap   total 4608000K, used 3800800K [0x00000006a6c00000, 0x00000006a7002328, 0x00000007c0000000)
  region size 4096K, 562 young (2301952K), 11 survivors (45056K)
 Metaspace       used 124692K, capacity 128524K, committed 129664K, reserved 1165312K
  class space    used 13846K, capacity 14512K, committed 14720K, reserved 1048576K
2019-04-29T07:07:50.852+0800: 1521280.071: [GC pause (G1 Evacuation Pause) (young)
Desired survivor size 148897792 bytes, new threshold 15 (max 15)
- age   1:   25962488 bytes,   25962488 total
- age   2:    1157264 bytes,   27119752 total
- age   3:     631216 bytes,   27750968 total
- age   4:     471416 bytes,   28222384 total
- age   5:     684504 bytes,   28906888 total
- age   6:     832880 bytes,   29739768 total
- age   7:     707368 bytes,   30447136 total
- age   8:     886160 bytes,   31333296 total
- age   9:     193056 bytes,   31526352 total
- age  10:     232720 bytes,   31759072 total
- age  11:     810096 bytes,   32569168 total
- age  12:    1151504 bytes,   33720672 total
- age  13:     492808 bytes,   34213480 total
- age  14:     285816 bytes,   34499296 total
- age  15:     419296 bytes,   34918592 total
 1521280.071: [G1Ergonomics (CSet Construction) start choosing CSet, _pending_cards: 27034, predicted base time: 9.28 ms, remaining time: 50.72 ms, target pause time: 60.00 ms]
 1521280.071: [G1Ergonomics (CSet Construction) add young regions to CSet, eden: 551 regions, survivors: 11 regions, predicted young region time: 322.82 ms]
 1521280.071: [G1Ergonomics (CSet Construction) finish choosing CSet, eden: 551 regions, survivors: 11 regions, old: 0 regions, predicted pause time: 332.10 ms, target pause time: 60.00 ms]
, 0.0233468 secs]
   [Parallel Time: 21.4 ms, GC Workers: 8]
      [GC Worker Start (ms): Min: 1521280071.5, Avg: 1521280071.6, Max: 1521280071.6, Diff: 0.1]
      [Ext Root Scanning (ms): Min: 1.0, Avg: 1.3, Max: 2.2, Diff: 1.2, Sum: 10.2]
      [Update RS (ms): Min: 5.8, Avg: 6.4, Max: 6.7, Diff: 0.9, Sum: 51.3]
         [Processed Buffers: Min: 13, Avg: 26.0, Max: 47, Diff: 34, Sum: 208]
      [Scan RS (ms): Min: 0.0, Avg: 0.1, Max: 0.1, Diff: 0.1, Sum: 0.7]
      [Code Root Scanning (ms): Min: 0.0, Avg: 0.0, Max: 0.0, Diff: 0.0, Sum: 0.0]
      [Object Copy (ms): Min: 13.2, Avg: 13.4, Max: 13.5, Diff: 0.3, Sum: 107.5]
      [Termination (ms): Min: 0.0, Avg: 0.0, Max: 0.0, Diff: 0.0, Sum: 0.0]
      [GC Worker Other (ms): Min: 0.0, Avg: 0.0, Max: 0.1, Diff: 0.1, Sum: 0.4]
      [GC Worker Total (ms): Min: 21.2, Avg: 21.3, Max: 21.3, Diff: 0.1, Sum: 170.1]
      [GC Worker End (ms): Min: 1521280092.8, Avg: 1521280092.8, Max: 1521280092.9, Diff: 0.1]
   [Code Root Fixup: 0.2 ms]
   [Code Root Purge: 0.0 ms]
   [Clear CT: 0.3 ms]
   [Other: 1.5 ms]
      [Choose CSet: 0.0 ms]
      [Ref Proc: 0.2 ms]
      [Ref Enq: 0.0 ms]
      [Redirty Cards: 0.1 ms]
      [Humongous Reclaim: 0.0 ms]
      [Free CSet: 0.6 ms]
   [Eden: 2204.0M(2204.0M)->0.0B(2212.0M) Survivors: 44.0M->36.0M Heap: 3711.7M(4500.0M)->1498.2M(4500.0M)]
Heap after GC invocations=33272 (full 0):
 garbage-first heap   total 4608000K, used 1534186K [0x00000006a6c00000, 0x00000006a7002328, 0x00000007c0000000)
  region size 4096K, 9 young (36864K), 9 survivors (36864K)
 Metaspace       used 124692K, capacity 128524K, committed 129664K, reserved 1165312K
  class space    used 13846K, capacity 14512K, committed 14720K, reserved 1048576K
}
 [Times: user=0.17 sys=0.00, real=0.02 secs] 
{Heap before GC invocations=33272 (full 0):
 garbage-first heap   total 4608000K, used 3799274K [0x00000006a6c00000, 0x00000006a7002328, 0x00000007c0000000)
  region size 4096K, 562 young (2301952K), 9 survivors (36864K)
 Metaspace       used 124692K, capacity 128524K, committed 129664K, reserved 1165312K
  class space    used 13846K, capacity 14512K, committed 14720K, reserved 1048576K
2019-04-29T07:09:53.767+0800: 1521402.986: [GC pause (G1 Evacuation Pause) (young)
Desired survivor size 148897792 bytes, new threshold 15 (max 15)
- age   1:   19462512 bytes,   19462512 total
- age   2:     984384 bytes,   20446896 total
- age   3:     889200 bytes,   21336096 total
- age   4:     630176 bytes,   21966272 total
- age   5:     470928 bytes,   22437200 total
- age   6:     684504 bytes,   23121704 total
- age   7:     832768 bytes,   23954472 total
- age   8:     707256 bytes,   24661728 total
- age   9:     886048 bytes,   25547776 total
- age  10:     193056 bytes,   25740832 total
- age  11:     232384 bytes,   25973216 total
- age  12:     810096 bytes,   26783312 total
- age  13:    1151504 bytes,   27934816 total
- age  14:     492808 bytes,   28427624 total
- age  15:     285672 bytes,   28713296 total
 1521402.986: [G1Ergonomics (CSet Construction) start choosing CSet, _pending_cards: 27475, predicted base time: 9.32 ms, remaining time: 50.68 ms, target pause time: 60.00 ms]
 1521402.986: [G1Ergonomics (CSet Construction) add young regions to CSet, eden: 553 regions, survivors: 9 regions, predicted young region time: 337.13 ms]
 1521402.986: [G1Ergonomics (CSet Construction) finish choosing CSet, eden: 553 regions, survivors: 9 regions, old: 0 regions, predicted pause time: 346.45 ms, target pause time: 60.00 ms]
, 0.0232421 secs]
   [Parallel Time: 21.3 ms, GC Workers: 8]
      [GC Worker Start (ms): Min: 1521402985.8, Avg: 1521402985.8, Max: 1521402985.9, Diff: 0.1]
      [Ext Root Scanning (ms): Min: 1.1, Avg: 1.3, Max: 2.2, Diff: 1.1, Sum: 10.6]
      [Update RS (ms): Min: 5.8, Avg: 6.4, Max: 6.7, Diff: 1.0, Sum: 51.2]
         [Processed Buffers: Min: 14, Avg: 26.5, Max: 58, Diff: 44, Sum: 212]
      [Scan RS (ms): Min: 0.0, Avg: 0.1, Max: 0.1, Diff: 0.1, Sum: 0.6]
      [Code Root Scanning (ms): Min: 0.0, Avg: 0.0, Max: 0.0, Diff: 0.0, Sum: 0.0]
      [Object Copy (ms): Min: 13.2, Avg: 13.3, Max: 13.4, Diff: 0.2, Sum: 106.7]
      [Termination (ms): Min: 0.0, Avg: 0.0, Max: 0.0, Diff: 0.0, Sum: 0.0]
      [GC Worker Other (ms): Min: 0.0, Avg: 0.0, Max: 0.1, Diff: 0.1, Sum: 0.4]
      [GC Worker Total (ms): Min: 21.1, Avg: 21.2, Max: 21.2, Diff: 0.1, Sum: 169.5]
      [GC Worker End (ms): Min: 1521403007.0, Avg: 1521403007.0, Max: 1521403007.1, Diff: 0.1]
   [Code Root Fixup: 0.3 ms]
   [Code Root Purge: 0.0 ms]
   [Clear CT: 0.2 ms]
   [Other: 1.5 ms]
      [Choose CSet: 0.0 ms]
      [Ref Proc: 0.3 ms]
      [Ref Enq: 0.0 ms]
      [Redirty Cards: 0.1 ms]
      [Humongous Reclaim: 0.0 ms]
      [Free CSet: 0.6 ms]
   [Eden: 2212.0M(2212.0M)->0.0B(2212.0M) Survivors: 36.0M->36.0M Heap: 3710.2M(4500.0M)->1498.7M(4500.0M)]
Heap after GC invocations=33273 (full 0):
 garbage-first heap   total 4608000K, used 1534651K [0x00000006a6c00000, 0x00000006a7002328, 0x00000007c0000000)
  region size 4096K, 9 young (36864K), 9 survivors (36864K)
 Metaspace       used 124692K, capacity 128524K, committed 129664K, reserved 1165312K
  class space    used 13846K, capacity 14512K, committed 14720K, reserved 1048576K
}
 [Times: user=0.14 sys=0.03, real=0.03 secs] 
{Heap before GC invocations=33273 (full 0):
 garbage-first heap   total 4608000K, used 3799739K [0x00000006a6c00000, 0x00000006a7002328, 0x00000007c0000000)
  region size 4096K, 562 young (2301952K), 9 survivors (36864K)
 Metaspace       used 124692K, capacity 128524K, committed 129664K, reserved 1165312K
  class space    used 13846K, capacity 14512K, committed 14720K, reserved 1048576K
2019-04-29T07:11:18.955+0800: 1521488.174: [GC pause (G1 Evacuation Pause) (young)
Desired survivor size 148897792 bytes, new threshold 15 (max 15)
- age   1:   18112968 bytes,   18112968 total
- age   2:     774976 bytes,   18887944 total
- age   3:     981624 bytes,   19869568 total
- age   4:     888832 bytes,   20758400 total
- age   5:     629840 bytes,   21388240 total
- age   6:     470440 bytes,   21858680 total
- age   7:     684392 bytes,   22543072 total
- age   8:     832432 bytes,   23375504 total
- age   9:     706696 bytes,   24082200 total
- age  10:     886048 bytes,   24968248 total
- age  11:     191264 bytes,   25159512 total
- age  12:     232272 bytes,   25391784 total
- age  13:     810096 bytes,   26201880 total
- age  14:    1151472 bytes,   27353352 total
- age  15:     492808 bytes,   27846160 total
 1521488.174: [G1Ergonomics (CSet Construction) start choosing CSet, _pending_cards: 27100, predicted base time: 9.16 ms, remaining time: 50.84 ms, target pause time: 60.00 ms]
 1521488.174: [G1Ergonomics (CSet Construction) add young regions to CSet, eden: 553 regions, survivors: 9 regions, predicted young region time: 270.26 ms]
 1521488.174: [G1Ergonomics (CSet Construction) finish choosing CSet, eden: 553 regions, survivors: 9 regions, old: 0 regions, predicted pause time: 279.42 ms, target pause time: 60.00 ms]
, 0.0241099 secs]
   [Parallel Time: 21.8 ms, GC Workers: 8]
      [GC Worker Start (ms): Min: 1521488174.1, Avg: 1521488174.2, Max: 1521488174.2, Diff: 0.1]
      [Ext Root Scanning (ms): Min: 1.2, Avg: 1.4, Max: 2.2, Diff: 1.1, Sum: 11.4]
      [Update RS (ms): Min: 6.4, Avg: 6.9, Max: 7.2, Diff: 0.8, Sum: 55.2]
         [Processed Buffers: Min: 15, Avg: 26.9, Max: 37, Diff: 22, Sum: 215]
      [Scan RS (ms): Min: 0.0, Avg: 0.1, Max: 0.1, Diff: 0.1, Sum: 0.7]
      [Code Root Scanning (ms): Min: 0.0, Avg: 0.0, Max: 0.0, Diff: 0.0, Sum: 0.0]
      [Object Copy (ms): Min: 13.0, Avg: 13.2, Max: 13.3, Diff: 0.3, Sum: 105.5]
      [Termination (ms): Min: 0.0, Avg: 0.0, Max: 0.0, Diff: 0.0, Sum: 0.0]
      [GC Worker Other (ms): Min: 0.0, Avg: 0.0, Max: 0.1, Diff: 0.1, Sum: 0.4]
      [GC Worker Total (ms): Min: 21.6, Avg: 21.7, Max: 21.7, Diff: 0.2, Sum: 173.2]
      [GC Worker End (ms): Min: 1521488195.8, Avg: 1521488195.8, Max: 1521488195.9, Diff: 0.0]
   [Code Root Fixup: 0.2 ms]
   [Code Root Purge: 0.0 ms]
   [Clear CT: 0.3 ms]
   [Other: 1.8 ms]
      [Choose CSet: 0.0 ms]
      [Ref Proc: 0.2 ms]
      [Ref Enq: 0.0 ms]
      [Redirty Cards: 0.1 ms]
      [Humongous Reclaim: 0.0 ms]
      [Free CSet: 0.9 ms]
   [Eden: 2212.0M(2212.0M)->0.0B(2212.0M) Survivors: 36.0M->36.0M Heap: 3710.7M(4500.0M)->1499.3M(4500.0M)]
Heap after GC invocations=33274 (full 0):
 garbage-first heap   total 4608000K, used 1535245K [0x00000006a6c00000, 0x00000006a7002328, 0x00000007c0000000)
  region size 4096K, 9 young (36864K), 9 survivors (36864K)
 Metaspace       used 124692K, capacity 128524K, committed 129664K, reserved 1165312K
  class space    used 13846K, capacity 14512K, committed 14720K, reserved 1048576K
}
 [Times: user=0.14 sys=0.04, real=0.02 secs] 
{Heap before GC invocations=33274 (full 0):
 garbage-first heap   total 4608000K, used 3800333K [0x00000006a6c00000, 0x00000006a7002328, 0x00000007c0000000)
  region size 4096K, 562 young (2301952K), 9 survivors (36864K)
 Metaspace       used 124692K, capacity 128524K, committed 129664K, reserved 1165312K
  class space    used 13846K, capacity 14512K, committed 14720K, reserved 1048576K
2019-04-29T07:13:12.632+0800: 1521601.851: [GC pause (G1 Evacuation Pause) (young)
Desired survivor size 148897792 bytes, new threshold 15 (max 15)
- age   1:   18180552 bytes,   18180552 total
- age   2:     618736 bytes,   18799288 total
- age   3:     772096 bytes,   19571384 total
- age   4:     960056 bytes,   20531440 total
- age   5:     888384 bytes,   21419824 total
- age   6:     629168 bytes,   22048992 total
- age   7:     469768 bytes,   22518760 total
- age   8:     684392 bytes,   23203152 total
- age   9:     832320 bytes,   24035472 total
- age  10:     706360 bytes,   24741832 total
- age  11:     886048 bytes,   25627880 total
- age  12:     191040 bytes,   25818920 total
- age  13:     232160 bytes,   26051080 total
- age  14:     810096 bytes,   26861176 total
- age  15:    1151472 bytes,   28012648 total
 1521601.851: [G1Ergonomics (CSet Construction) start choosing CSet, _pending_cards: 21618, predicted base time: 8.06 ms, remaining time: 51.94 ms, target pause time: 60.00 ms]
 1521601.851: [G1Ergonomics (CSet Construction) add young regions to CSet, eden: 553 regions, survivors: 9 regions, predicted young region time: 318.61 ms]
 1521601.851: [G1Ergonomics (CSet Construction) finish choosing CSet, eden: 553 regions, survivors: 9 regions, old: 0 regions, predicted pause time: 326.67 ms, target pause time: 60.00 ms]
, 0.0233204 secs]
   [Parallel Time: 21.3 ms, GC Workers: 8]
      [GC Worker Start (ms): Min: 1521601851.1, Avg: 1521601851.1, Max: 1521601851.2, Diff: 0.1]
      [Ext Root Scanning (ms): Min: 1.1, Avg: 1.4, Max: 2.2, Diff: 1.1, Sum: 10.9]
      [Update RS (ms): Min: 4.8, Avg: 5.3, Max: 5.5, Diff: 0.7, Sum: 42.6]
         [Processed Buffers: Min: 15, Avg: 24.1, Max: 44, Diff: 29, Sum: 193]
      [Scan RS (ms): Min: 0.9, Avg: 1.0, Max: 1.1, Diff: 0.2, Sum: 8.4]
      [Code Root Scanning (ms): Min: 0.0, Avg: 0.0, Max: 0.0, Diff: 0.0, Sum: 0.0]
      [Object Copy (ms): Min: 13.3, Avg: 13.4, Max: 13.5, Diff: 0.2, Sum: 107.5]
      [Termination (ms): Min: 0.0, Avg: 0.0, Max: 0.0, Diff: 0.0, Sum: 0.1]
      [GC Worker Other (ms): Min: 0.0, Avg: 0.0, Max: 0.1, Diff: 0.1, Sum: 0.4]
      [GC Worker Total (ms): Min: 21.2, Avg: 21.2, Max: 21.3, Diff: 0.1, Sum: 169.8]
      [GC Worker End (ms): Min: 1521601872.3, Avg: 1521601872.4, Max: 1521601872.4, Diff: 0.1]
   [Code Root Fixup: 0.2 ms]
   [Code Root Purge: 0.0 ms]
   [Clear CT: 0.3 ms]
   [Other: 1.5 ms]
      [Choose CSet: 0.0 ms]
      [Ref Proc: 0.2 ms]
      [Ref Enq: 0.0 ms]
      [Redirty Cards: 0.1 ms]
      [Humongous Reclaim: 0.0 ms]
      [Free CSet: 0.7 ms]
   [Eden: 2212.0M(2212.0M)->0.0B(2212.0M) Survivors: 36.0M->36.0M Heap: 3711.3M(4500.0M)->1500.6M(4500.0M)]
Heap after GC invocations=33275 (full 0):
 garbage-first heap   total 4608000K, used 1536592K [0x00000006a6c00000, 0x00000006a7002328, 0x00000007c0000000)
  region size 4096K, 9 young (36864K), 9 survivors (36864K)
 Metaspace       used 124692K, capacity 128524K, committed 129664K, reserved 1165312K
  class space    used 13846K, capacity 14512K, committed 14720K, reserved 1048576K
}
 [Times: user=0.14 sys=0.04, real=0.02 secs] 
{Heap before GC invocations=33275 (full 0):
 garbage-first heap   total 4608000K, used 3801680K [0x00000006a6c00000, 0x00000006a7002328, 0x00000007c0000000)
  region size 4096K, 562 young (2301952K), 9 survivors (36864K)
 Metaspace       used 124692K, capacity 128524K, committed 129664K, reserved 1165312K
  class space    used 13846K, capacity 14512K, committed 14720K, reserved 1048576K
2019-04-29T07:14:50.483+0800: 1521699.701: [GC pause (G1 Evacuation Pause) (young)
Desired survivor size 148897792 bytes, new threshold 15 (max 15)
- age   1:   17326288 bytes,   17326288 total
- age   2:     431256 bytes,   17757544 total
- age   3:     613416 bytes,   18370960 total
- age   4:     771648 bytes,   19142608 total
- age   5:     958488 bytes,   20101096 total
- age   6:     888384 bytes,   20989480 total
- age   7:     628944 bytes,   21618424 total
- age   8:     468048 bytes,   22086472 total
- age   9:     684392 bytes,   22770864 total
- age  10:     832096 bytes,   23602960 total
- age  11:     706248 bytes,   24309208 total
- age  12:     885824 bytes,   25195032 total
- age  13:     191040 bytes,   25386072 total
- age  14:     232160 bytes,   25618232 total
- age  15:     810096 bytes,   26428328 total
 1521699.701: [G1Ergonomics (CSet Construction) start choosing CSet, _pending_cards: 21323, predicted base time: 8.96 ms, remaining time: 51.04 ms, target pause time: 60.00 ms]
 1521699.701: [G1Ergonomics (CSet Construction) add young regions to CSet, eden: 553 regions, survivors: 9 regions, predicted young region time: 270.50 ms]
 1521699.701: [G1Ergonomics (CSet Construction) finish choosing CSet, eden: 553 regions, survivors: 9 regions, old: 0 regions, predicted pause time: 279.46 ms, target pause time: 60.00 ms]
, 0.0215320 secs]
   [Parallel Time: 19.5 ms, GC Workers: 8]
      [GC Worker Start (ms): Min: 1521699701.6, Avg: 1521699701.7, Max: 1521699701.7, Diff: 0.1]
      [Ext Root Scanning (ms): Min: 1.0, Avg: 1.3, Max: 2.1, Diff: 1.0, Sum: 10.0]
      [Update RS (ms): Min: 4.5, Avg: 5.2, Max: 5.6, Diff: 1.1, Sum: 41.8]
         [Processed Buffers: Min: 16, Avg: 24.1, Max: 30, Diff: 14, Sum: 193]
      [Scan RS (ms): Min: 0.8, Avg: 1.0, Max: 1.1, Diff: 0.3, Sum: 8.0]
      [Code Root Scanning (ms): Min: 0.0, Avg: 0.0, Max: 0.0, Diff: 0.0, Sum: 0.0]
      [Object Copy (ms): Min: 11.8, Avg: 11.9, Max: 12.0, Diff: 0.2, Sum: 95.3]
      [Termination (ms): Min: 0.0, Avg: 0.0, Max: 0.0, Diff: 0.0, Sum: 0.0]
      [GC Worker Other (ms): Min: 0.0, Avg: 0.0, Max: 0.1, Diff: 0.0, Sum: 0.3]
      [GC Worker Total (ms): Min: 19.4, Avg: 19.4, Max: 19.5, Diff: 0.1, Sum: 155.4]
      [GC Worker End (ms): Min: 1521699721.1, Avg: 1521699721.1, Max: 1521699721.1, Diff: 0.0]
   [Code Root Fixup: 0.2 ms]
   [Code Root Purge: 0.0 ms]
   [Clear CT: 0.3 ms]
   [Other: 1.5 ms]
      [Choose CSet: 0.0 ms]
      [Ref Proc: 0.2 ms]
      [Ref Enq: 0.0 ms]
      [Redirty Cards: 0.1 ms]
      [Humongous Reclaim: 0.0 ms]
      [Free CSet: 0.6 ms]
   [Eden: 2212.0M(2212.0M)->0.0B(2212.0M) Survivors: 36.0M->36.0M Heap: 3712.6M(4500.0M)->1502.0M(4500.0M)]
Heap after GC invocations=33276 (full 0):
 garbage-first heap   total 4608000K, used 1538011K [0x00000006a6c00000, 0x00000006a7002328, 0x00000007c0000000)
  region size 4096K, 9 young (36864K), 9 survivors (36864K)
 Metaspace       used 124692K, capacity 128524K, committed 129664K, reserved 1165312K
  class space    used 13846K, capacity 14512K, committed 14720K, reserved 1048576K
}
 [Times: user=0.13 sys=0.03, real=0.02 secs] 
{Heap before GC invocations=33276 (full 0):
 garbage-first heap   total 4608000K, used 3803099K [0x00000006a6c00000, 0x00000006a7002328, 0x00000007c0000000)
  region size 4096K, 562 young (2301952K), 9 survivors (36864K)
 Metaspace       used 124692K, capacity 128524K, committed 129664K, reserved 1165312K
  class space    used 13846K, capacity 14512K, committed 14720K, reserved 1048576K
2019-04-29T07:16:02.031+0800: 1521771.250: [GC pause (G1 Evacuation Pause) (young)
Desired survivor size 148897792 bytes, new threshold 15 (max 15)
- age   1:   16903024 bytes,   16903024 total
- age   2:     396608 bytes,   17299632 total
- age   3:     427696 bytes,   17727328 total
- age   4:     613160 bytes,   18340488 total
- age   5:     771392 bytes,   19111880 total
- age   6:     957928 bytes,   20069808 total
- age   7:     888272 bytes,   20958080 total
- age   8:     628496 bytes,   21586576 total
- age   9:     457272 bytes,   22043848 total
- age  10:     684280 bytes,   22728128 total
- age  11:     831984 bytes,   23560112 total
- age  12:     706248 bytes,   24266360 total
- age  13:     885824 bytes,   25152184 total
- age  14:     191016 bytes,   25343200 total
- age  15:     232160 bytes,   25575360 total
 1521771.250: [G1Ergonomics (CSet Construction) start choosing CSet, _pending_cards: 27025, predicted base time: 10.61 ms, remaining time: 49.39 ms, target pause time: 60.00 ms]
 1521771.250: [G1Ergonomics (CSet Construction) add young regions to CSet, eden: 553 regions, survivors: 9 regions, predicted young region time: 209.57 ms]
 1521771.250: [G1Ergonomics (CSet Construction) finish choosing CSet, eden: 553 regions, survivors: 9 regions, old: 0 regions, predicted pause time: 220.19 ms, target pause time: 60.00 ms]
, 0.0220315 secs]
   [Parallel Time: 20.1 ms, GC Workers: 8]
      [GC Worker Start (ms): Min: 1521771250.5, Avg: 1521771250.5, Max: 1521771250.6, Diff: 0.1]
      [Ext Root Scanning (ms): Min: 1.0, Avg: 1.3, Max: 2.0, Diff: 1.0, Sum: 10.0]
      [Update RS (ms): Min: 5.7, Avg: 6.4, Max: 6.6, Diff: 0.9, Sum: 50.8]
         [Processed Buffers: Min: 18, Avg: 27.1, Max: 44, Diff: 26, Sum: 217]
      [Scan RS (ms): Min: 0.0, Avg: 0.1, Max: 0.1, Diff: 0.1, Sum: 0.7]
      [Code Root Scanning (ms): Min: 0.0, Avg: 0.0, Max: 0.0, Diff: 0.0, Sum: 0.0]
      [Object Copy (ms): Min: 12.1, Avg: 12.2, Max: 12.2, Diff: 0.1, Sum: 97.6]
      [Termination (ms): Min: 0.0, Avg: 0.0, Max: 0.0, Diff: 0.0, Sum: 0.0]
      [GC Worker Other (ms): Min: 0.0, Avg: 0.0, Max: 0.1, Diff: 0.0, Sum: 0.3]
      [GC Worker Total (ms): Min: 19.9, Avg: 19.9, Max: 20.0, Diff: 0.1, Sum: 159.5]
      [GC Worker End (ms): Min: 1521771270.5, Avg: 1521771270.5, Max: 1521771270.5, Diff: 0.0]
   [Code Root Fixup: 0.2 ms]
   [Code Root Purge: 0.0 ms]
   [Clear CT: 0.3 ms]
   [Other: 1.5 ms]
      [Choose CSet: 0.0 ms]
      [Ref Proc: 0.2 ms]
      [Ref Enq: 0.0 ms]
      [Redirty Cards: 0.1 ms]
      [Humongous Reclaim: 0.0 ms]
      [Free CSet: 0.6 ms]
   [Eden: 2212.0M(2212.0M)->0.0B(2212.0M) Survivors: 36.0M->36.0M Heap: 3714.0M(4500.0M)->1502.6M(4500.0M)]
Heap after GC invocations=33277 (full 0):
 garbage-first heap   total 4608000K, used 1538619K [0x00000006a6c00000, 0x00000006a7002328, 0x00000007c0000000)
  region size 4096K, 9 young (36864K), 9 survivors (36864K)
 Metaspace       used 124692K, capacity 128524K, committed 129664K, reserved 1165312K
  class space    used 13846K, capacity 14512K, committed 14720K, reserved 1048576K
}
 [Times: user=0.14 sys=0.03, real=0.02 secs] 
{Heap before GC invocations=33277 (full 0):
 garbage-first heap   total 4608000K, used 3803707K [0x00000006a6c00000, 0x00000006a7002328, 0x00000007c0000000)
  region size 4096K, 562 young (2301952K), 9 survivors (36864K)
 Metaspace       used 124692K, capacity 128524K, committed 129664K, reserved 1165312K
  class space    used 13846K, capacity 14512K, committed 14720K, reserved 1048576K
2019-04-29T07:17:39.001+0800: 1521868.220: [GC pause (G1 Evacuation Pause) (young)
Desired survivor size 148897792 bytes, new threshold 15 (max 15)
- age   1:   16957744 bytes,   16957744 total
- age   2:     259480 bytes,   17217224 total
- age   3:     370136 bytes,   17587360 total
- age   4:     411128 bytes,   17998488 total
- age   5:     612264 bytes,   18610752 total
- age   6:     770832 bytes,   19381584 total
- age   7:     956360 bytes,   20337944 total
- age   8:     888048 bytes,   21225992 total
- age   9:     627936 bytes,   21853928 total
- age  10:     457272 bytes,   22311200 total
- age  11:     684168 bytes,   22995368 total
- age  12:     831872 bytes,   23827240 total
- age  13:     706136 bytes,   24533376 total
- age  14:     885824 bytes,   25419200 total
- age  15:     191016 bytes,   25610216 total
 1521868.220: [G1Ergonomics (CSet Construction) start choosing CSet, _pending_cards: 26380, predicted base time: 10.07 ms, remaining time: 49.93 ms, target pause time: 60.00 ms]
 1521868.220: [G1Ergonomics (CSet Construction) add young regions to CSet, eden: 553 regions, survivors: 9 regions, predicted young region time: 163.01 ms]
 1521868.220: [G1Ergonomics (CSet Construction) finish choosing CSet, eden: 553 regions, survivors: 9 regions, old: 0 regions, predicted pause time: 173.08 ms, target pause time: 60.00 ms]
, 0.0224721 secs]
   [Parallel Time: 20.6 ms, GC Workers: 8]
      [GC Worker Start (ms): Min: 1521868220.5, Avg: 1521868220.6, Max: 1521868220.6, Diff: 0.1]
      [Ext Root Scanning (ms): Min: 1.0, Avg: 1.5, Max: 4.4, Diff: 3.4, Sum: 12.4]
      [Update RS (ms): Min: 3.4, Avg: 6.2, Max: 6.8, Diff: 3.4, Sum: 49.6]
         [Processed Buffers: Min: 18, Avg: 25.4, Max: 41, Diff: 23, Sum: 203]
      [Scan RS (ms): Min: 0.0, Avg: 0.1, Max: 0.1, Diff: 0.1, Sum: 0.7]
      [Code Root Scanning (ms): Min: 0.0, Avg: 0.0, Max: 0.0, Diff: 0.0, Sum: 0.0]
      [Object Copy (ms): Min: 12.5, Avg: 12.6, Max: 12.7, Diff: 0.2, Sum: 101.1]
      [Termination (ms): Min: 0.0, Avg: 0.0, Max: 0.0, Diff: 0.0, Sum: 0.0]
      [GC Worker Other (ms): Min: 0.0, Avg: 0.0, Max: 0.1, Diff: 0.1, Sum: 0.4]
      [GC Worker Total (ms): Min: 20.5, Avg: 20.5, Max: 20.5, Diff: 0.1, Sum: 164.1]
      [GC Worker End (ms): Min: 1521868241.1, Avg: 1521868241.1, Max: 1521868241.1, Diff: 0.1]
   [Code Root Fixup: 0.2 ms]
   [Code Root Purge: 0.0 ms]
   [Clear CT: 0.3 ms]
   [Other: 1.4 ms]
      [Choose CSet: 0.0 ms]
      [Ref Proc: 0.2 ms]
      [Ref Enq: 0.0 ms]
      [Redirty Cards: 0.1 ms]
      [Humongous Reclaim: 0.0 ms]
      [Free CSet: 0.6 ms]
   [Eden: 2212.0M(2212.0M)->0.0B(2212.0M) Survivors: 36.0M->36.0M Heap: 3714.6M(4500.0M)->1502.9M(4500.0M)]
Heap after GC invocations=33278 (full 0):
 garbage-first heap   total 4608000K, used 1538925K [0x00000006a6c00000, 0x00000006a7002328, 0x00000007c0000000)
  region size 4096K, 9 young (36864K), 9 survivors (36864K)
 Metaspace       used 124692K, capacity 128524K, committed 129664K, reserved 1165312K
  class space    used 13846K, capacity 14512K, committed 14720K, reserved 1048576K
}
 [Times: user=0.17 sys=0.00, real=0.02 secs] 
{Heap before GC invocations=33278 (full 0):
 garbage-first heap   total 4608000K, used 3804013K [0x00000006a6c00000, 0x00000006a7002328, 0x00000007c0000000)
  region size 4096K, 562 young (2301952K), 9 survivors (36864K)
 Metaspace       used 124692K, capacity 128524K, committed 129664K, reserved 1165312K
  class space    used 13846K, capacity 14512K, committed 14720K, reserved 1048576K
2019-04-29T07:19:41.188+0800: 1521990.406: [GC pause (G1 Evacuation Pause) (young)
Desired survivor size 148897792 bytes, new threshold 15 (max 15)
- age   1:   17685760 bytes,   17685760 total
- age   2:     385200 bytes,   18070960 total
- age   3:     254928 bytes,   18325888 total
- age   4:     369576 bytes,   18695464 total
- age   5:     410904 bytes,   19106368 total
- age   6:     612152 bytes,   19718520 total
- age   7:     770608 bytes,   20489128 total
- age   8:     956024 bytes,   21445152 total
- age   9:     887936 bytes,   22333088 total
- age  10:     627936 bytes,   22961024 total
- age  11:     457272 bytes,   23418296 total
- age  12:     684168 bytes,   24102464 total
- age  13:     831760 bytes,   24934224 total
- age  14:     706136 bytes,   25640360 total
- age  15:     885824 bytes,   26526184 total
 1521990.407: [G1Ergonomics (CSet Construction) start choosing CSet, _pending_cards: 21631, predicted base time: 8.68 ms, remaining time: 51.32 ms, target pause time: 60.00 ms]
 1521990.407: [G1Ergonomics (CSet Construction) add young regions to CSet, eden: 553 regions, survivors: 9 regions, predicted young region time: 143.09 ms]
 1521990.407: [G1Ergonomics (CSet Construction) finish choosing CSet, eden: 553 regions, survivors: 9 regions, old: 0 regions, predicted pause time: 151.77 ms, target pause time: 60.00 ms]
, 0.0226415 secs]
   [Parallel Time: 20.5 ms, GC Workers: 8]
      [GC Worker Start (ms): Min: 1521990406.9, Avg: 1521990406.9, Max: 1521990406.9, Diff: 0.1]
      [Ext Root Scanning (ms): Min: 1.0, Avg: 1.3, Max: 2.2, Diff: 1.1, Sum: 10.3]
      [Update RS (ms): Min: 4.7, Avg: 5.4, Max: 5.7, Diff: 1.0, Sum: 42.8]
         [Processed Buffers: Min: 15, Avg: 24.2, Max: 32, Diff: 17, Sum: 194]
      [Scan RS (ms): Min: 0.8, Avg: 1.1, Max: 1.2, Diff: 0.3, Sum: 8.5]
      [Code Root Scanning (ms): Min: 0.0, Avg: 0.0, Max: 0.0, Diff: 0.0, Sum: 0.0]
      [Object Copy (ms): Min: 12.4, Avg: 12.5, Max: 12.6, Diff: 0.2, Sum: 100.0]
      [Termination (ms): Min: 0.0, Avg: 0.0, Max: 0.0, Diff: 0.0, Sum: 0.0]
      [GC Worker Other (ms): Min: 0.0, Avg: 0.1, Max: 0.1, Diff: 0.1, Sum: 0.4]
      [GC Worker Total (ms): Min: 20.2, Avg: 20.3, Max: 20.3, Diff: 0.1, Sum: 162.0]
      [GC Worker End (ms): Min: 1521990427.1, Avg: 1521990427.1, Max: 1521990427.2, Diff: 0.1]
   [Code Root Fixup: 0.2 ms]
   [Code Root Purge: 0.0 ms]
   [Clear CT: 0.3 ms]
   [Other: 1.6 ms]
      [Choose CSet: 0.0 ms]
      [Ref Proc: 0.2 ms]
      [Ref Enq: 0.0 ms]
      [Redirty Cards: 0.2 ms]
      [Humongous Reclaim: 0.0 ms]
      [Free CSet: 0.6 ms]
   [Eden: 2212.0M(2212.0M)->0.0B(2212.0M) Survivors: 36.0M->36.0M Heap: 3714.9M(4500.0M)->1505.8M(4500.0M)]
Heap after GC invocations=33279 (full 0):
 garbage-first heap   total 4608000K, used 1541931K [0x00000006a6c00000, 0x00000006a7002328, 0x00000007c0000000)
  region size 4096K, 9 young (36864K), 9 survivors (36864K)
 Metaspace       used 124692K, capacity 128524K, committed 129664K, reserved 1165312K
  class space    used 13846K, capacity 14512K, committed 14720K, reserved 1048576K
}
 [Times: user=0.14 sys=0.03, real=0.03 secs] 
{Heap before GC invocations=33279 (full 0):
 garbage-first heap   total 4608000K, used 3807019K [0x00000006a6c00000, 0x00000006a7002328, 0x00000007c0000000)
  region size 4096K, 562 young (2301952K), 9 survivors (36864K)
 Metaspace       used 124692K, capacity 128524K, committed 129664K, reserved 1165312K
  class space    used 13846K, capacity 14512K, committed 14720K, reserved 1048576K
2019-04-29T07:21:04.820+0800: 1522074.038: [GC pause (G1 Evacuation Pause) (young)
Desired survivor size 148897792 bytes, new threshold 15 (max 15)
- age   1:   17786080 bytes,   17786080 total
- age   2:    1025592 bytes,   18811672 total
- age   3:     379944 bytes,   19191616 total
- age   4:     203784 bytes,   19395400 total
- age   5:     367640 bytes,   19763040 total
- age   6:     410008 bytes,   20173048 total
- age   7:     612040 bytes,   20785088 total
- age   8:     770496 bytes,   21555584 total
- age   9:     956024 bytes,   22511608 total
- age  10:     887936 bytes,   23399544 total
- age  11:     627936 bytes,   24027480 total
- age  12:     457136 bytes,   24484616 total
- age  13:     684168 bytes,   25168784 total
- age  14:     831760 bytes,   26000544 total
- age  15:     706136 bytes,   26706680 total
 1522074.039: [G1Ergonomics (CSet Construction) start choosing CSet, _pending_cards: 21410, predicted base time: 9.15 ms, remaining time: 50.85 ms, target pause time: 60.00 ms]
 1522074.039: [G1Ergonomics (CSet Construction) add young regions to CSet, eden: 553 regions, survivors: 9 regions, predicted young region time: 118.11 ms]
 1522074.039: [G1Ergonomics (CSet Construction) finish choosing CSet, eden: 553 regions, survivors: 9 regions, old: 0 regions, predicted pause time: 127.26 ms, target pause time: 60.00 ms]
, 0.0252397 secs]
   [Parallel Time: 22.8 ms, GC Workers: 8]
      [GC Worker Start (ms): Min: 1522074038.8, Avg: 1522074038.8, Max: 1522074038.9, Diff: 0.1]
      [Ext Root Scanning (ms): Min: 1.2, Avg: 1.4, Max: 2.2, Diff: 1.0, Sum: 11.2]
      [Update RS (ms): Min: 5.0, Avg: 5.7, Max: 6.0, Diff: 0.9, Sum: 45.5]
         [Processed Buffers: Min: 13, Avg: 24.5, Max: 53, Diff: 40, Sum: 196]
      [Scan RS (ms): Min: 0.8, Avg: 0.9, Max: 1.0, Diff: 0.2, Sum: 7.6]
      [Code Root Scanning (ms): Min: 0.0, Avg: 0.0, Max: 0.0, Diff: 0.0, Sum: 0.1]
      [Object Copy (ms): Min: 14.4, Avg: 14.6, Max: 14.6, Diff: 0.2, Sum: 116.4]
      [Termination (ms): Min: 0.0, Avg: 0.0, Max: 0.0, Diff: 0.0, Sum: 0.0]
      [GC Worker Other (ms): Min: 0.0, Avg: 0.1, Max: 0.1, Diff: 0.1, Sum: 0.4]
      [GC Worker Total (ms): Min: 22.6, Avg: 22.7, Max: 22.7, Diff: 0.1, Sum: 181.3]
      [GC Worker End (ms): Min: 1522074061.5, Avg: 1522074061.5, Max: 1522074061.5, Diff: 0.1]
   [Code Root Fixup: 0.3 ms]
   [Code Root Purge: 0.0 ms]
   [Clear CT: 0.4 ms]
   [Other: 1.8 ms]
      [Choose CSet: 0.0 ms]
      [Ref Proc: 0.2 ms]
      [Ref Enq: 0.0 ms]
      [Redirty Cards: 0.1 ms]
      [Humongous Reclaim: 0.0 ms]
      [Free CSet: 0.9 ms]
   [Eden: 2212.0M(2212.0M)->0.0B(2212.0M) Survivors: 36.0M->36.0M Heap: 3717.8M(4500.0M)->1504.8M(4500.0M)]
Heap after GC invocations=33280 (full 0):
 garbage-first heap   total 4608000K, used 1540954K [0x00000006a6c00000, 0x00000006a7002328, 0x00000007c0000000)
  region size 4096K, 9 young (36864K), 9 survivors (36864K)
 Metaspace       used 124692K, capacity 128524K, committed 129664K, reserved 1165312K
  class space    used 13846K, capacity 14512K, committed 14720K, reserved 1048576K
}
 [Times: user=0.14 sys=0.04, real=0.03 secs] 
{Heap before GC invocations=33280 (full 0):
 garbage-first heap   total 4608000K, used 3806042K [0x00000006a6c00000, 0x00000006a7002328, 0x00000007c0000000)
  region size 4096K, 562 young (2301952K), 9 survivors (36864K)
 Metaspace       used 124692K, capacity 128524K, committed 129664K, reserved 1165312K
  class space    used 13846K, capacity 14512K, committed 14720K, reserved 1048576K
2019-04-29T07:22:44.743+0800: 1522173.961: [GC pause (G1 Evacuation Pause) (young)
Desired survivor size 148897792 bytes, new threshold 15 (max 15)
- age   1:   20029840 bytes,   20029840 total
- age   2:     978416 bytes,   21008256 total
- age   3:    1023288 bytes,   22031544 total
- age   4:     353296 bytes,   22384840 total
- age   5:     203448 bytes,   22588288 total
- age   6:     366744 bytes,   22955032 total
- age   7:     409000 bytes,   23364032 total
- age   8:     611928 bytes,   23975960 total
- age   9:     770384 bytes,   24746344 total
- age  10:     955800 bytes,   25702144 total
- age  11:     887824 bytes,   26589968 total
- age  12:     627936 bytes,   27217904 total
- age  13:     457136 bytes,   27675040 total
- age  14:     684136 bytes,   28359176 total
- age  15:     831760 bytes,   29190936 total
 1522173.961: [G1Ergonomics (CSet Construction) start choosing CSet, _pending_cards: 27441, predicted base time: 11.06 ms, remaining time: 48.94 ms, target pause time: 60.00 ms]
 1522173.961: [G1Ergonomics (CSet Construction) add young regions to CSet, eden: 553 regions, survivors: 9 regions, predicted young region time: 189.13 ms]
 1522173.961: [G1Ergonomics (CSet Construction) finish choosing CSet, eden: 553 regions, survivors: 9 regions, old: 0 regions, predicted pause time: 200.19 ms, target pause time: 60.00 ms]
, 0.0297278 secs]
   [Parallel Time: 27.6 ms, GC Workers: 8]
      [GC Worker Start (ms): Min: 1522173961.6, Avg: 1522173961.7, Max: 1522173961.7, Diff: 0.1]
      [Ext Root Scanning (ms): Min: 1.2, Avg: 1.4, Max: 2.2, Diff: 1.0, Sum: 11.2]
      [Update RS (ms): Min: 5.9, Avg: 6.6, Max: 7.0, Diff: 1.1, Sum: 52.7]
         [Processed Buffers: Min: 21, Avg: 26.4, Max: 39, Diff: 18, Sum: 211]
      [Scan RS (ms): Min: 0.0, Avg: 0.1, Max: 0.1, Diff: 0.1, Sum: 0.7]
      [Code Root Scanning (ms): Min: 0.0, Avg: 0.0, Max: 0.0, Diff: 0.0, Sum: 0.0]
      [Object Copy (ms): Min: 19.2, Avg: 19.4, Max: 19.5, Diff: 0.3, Sum: 155.4]
      [Termination (ms): Min: 0.0, Avg: 0.0, Max: 0.0, Diff: 0.0, Sum: 0.0]
      [GC Worker Other (ms): Min: 0.0, Avg: 0.0, Max: 0.1, Diff: 0.1, Sum: 0.3]
      [GC Worker Total (ms): Min: 27.5, Avg: 27.5, Max: 27.6, Diff: 0.1, Sum: 220.4]
      [GC Worker End (ms): Min: 1522173989.2, Avg: 1522173989.2, Max: 1522173989.3, Diff: 0.0]
   [Code Root Fixup: 0.4 ms]
   [Code Root Purge: 0.0 ms]
   [Clear CT: 0.3 ms]
   [Other: 1.5 ms]
      [Choose CSet: 0.0 ms]
      [Ref Proc: 0.2 ms]
      [Ref Enq: 0.0 ms]
      [Redirty Cards: 0.1 ms]
      [Humongous Reclaim: 0.0 ms]
      [Free CSet: 0.6 ms]
   [Eden: 2212.0M(2212.0M)->0.0B(2196.0M) Survivors: 36.0M->52.0M Heap: 3716.8M(4500.0M)->1522.0M(4500.0M)]
Heap after GC invocations=33281 (full 0):
 garbage-first heap   total 4608000K, used 1558547K [0x00000006a6c00000, 0x00000006a7002328, 0x00000007c0000000)
  region size 4096K, 13 young (53248K), 13 survivors (53248K)
 Metaspace       used 124692K, capacity 128524K, committed 129664K, reserved 1165312K
  class space    used 13846K, capacity 14512K, committed 14720K, reserved 1048576K
}
 [Times: user=0.18 sys=0.05, real=0.03 secs] 
{Heap before GC invocations=33281 (full 0):
 garbage-first heap   total 4608000K, used 3807251K [0x00000006a6c00000, 0x00000006a7002328, 0x00000007c0000000)
  region size 4096K, 562 young (2301952K), 13 survivors (53248K)
 Metaspace       used 124692K, capacity 128524K, committed 129664K, reserved 1165312K
  class space    used 13846K, capacity 14512K, committed 14720K, reserved 1048576K
2019-04-29T07:24:15.684+0800: 1522264.902: [GC pause (G1 Evacuation Pause) (young)
Desired survivor size 148897792 bytes, new threshold 15 (max 15)
- age   1:   28814408 bytes,   28814408 total
- age   2:     435840 bytes,   29250248 total
- age   3:     974600 bytes,   30224848 total
- age   4:    1022728 bytes,   31247576 total
- age   5:     352960 bytes,   31600536 total
- age   6:     203112 bytes,   31803648 total
- age   7:     366408 bytes,   32170056 total
- age   8:     407376 bytes,   32577432 total
- age   9:     611816 bytes,   33189248 total
- age  10:     770384 bytes,   33959632 total
- age  11:     954048 bytes,   34913680 total
- age  12:     887824 bytes,   35801504 total
- age  13:     627912 bytes,   36429416 total
- age  14:     457136 bytes,   36886552 total
- age  15:     684136 bytes,   37570688 total
 1522264.902: [G1Ergonomics (CSet Construction) start choosing CSet, _pending_cards: 23342, predicted base time: 9.66 ms, remaining time: 50.34 ms, target pause time: 60.00 ms]
 1522264.902: [G1Ergonomics (CSet Construction) add young regions to CSet, eden: 549 regions, survivors: 13 regions, predicted young region time: 164.81 ms]
 1522264.902: [G1Ergonomics (CSet Construction) finish choosing CSet, eden: 549 regions, survivors: 13 regions, old: 0 regions, predicted pause time: 174.47 ms, target pause time: 60.00 ms]
, 0.0247103 secs]
   [Parallel Time: 22.6 ms, GC Workers: 8]
      [GC Worker Start (ms): Min: 1522264902.7, Avg: 1522264902.7, Max: 1522264902.7, Diff: 0.1]
      [Ext Root Scanning (ms): Min: 1.2, Avg: 1.4, Max: 2.1, Diff: 1.0, Sum: 11.1]
      [Update RS (ms): Min: 5.1, Avg: 5.8, Max: 6.1, Diff: 1.0, Sum: 46.2]
         [Processed Buffers: Min: 12, Avg: 26.6, Max: 49, Diff: 37, Sum: 213]
      [Scan RS (ms): Min: 0.7, Avg: 0.9, Max: 1.0, Diff: 0.3, Sum: 7.1]
      [Code Root Scanning (ms): Min: 0.0, Avg: 0.0, Max: 0.0, Diff: 0.0, Sum: 0.0]
      [Object Copy (ms): Min: 14.3, Avg: 14.4, Max: 14.5, Diff: 0.2, Sum: 115.0]
      [Termination (ms): Min: 0.0, Avg: 0.0, Max: 0.0, Diff: 0.0, Sum: 0.0]
      [GC Worker Other (ms): Min: 0.0, Avg: 0.0, Max: 0.1, Diff: 0.0, Sum: 0.4]
      [GC Worker Total (ms): Min: 22.4, Avg: 22.5, Max: 22.5, Diff: 0.1, Sum: 179.8]
      [GC Worker End (ms): Min: 1522264925.2, Avg: 1522264925.2, Max: 1522264925.2, Diff: 0.1]
   [Code Root Fixup: 0.3 ms]
   [Code Root Purge: 0.0 ms]
   [Clear CT: 0.3 ms]
   [Other: 1.6 ms]
      [Choose CSet: 0.0 ms]
      [Ref Proc: 0.2 ms]
      [Ref Enq: 0.0 ms]
      [Redirty Cards: 0.1 ms]
      [Humongous Reclaim: 0.0 ms]
      [Free CSet: 0.7 ms]
   [Eden: 2196.0M(2196.0M)->0.0B(2212.0M) Survivors: 52.0M->36.0M Heap: 3718.0M(4500.0M)->1509.2M(4500.0M)]
Heap after GC invocations=33282 (full 0):
 garbage-first heap   total 4608000K, used 1545385K [0x00000006a6c00000, 0x00000006a7002328, 0x00000007c0000000)
  region size 4096K, 9 young (36864K), 9 survivors (36864K)
 Metaspace       used 124692K, capacity 128524K, committed 129664K, reserved 1165312K
  class space    used 13846K, capacity 14512K, committed 14720K, reserved 1048576K
}
 [Times: user=0.18 sys=0.00, real=0.02 secs] 
{Heap before GC invocations=33282 (full 0):
 garbage-first heap   total 4608000K, used 3810473K [0x00000006a6c00000, 0x00000006a7002328, 0x00000007c0000000)
  region size 4096K, 562 young (2301952K), 9 survivors (36864K)
 Metaspace       used 124692K, capacity 128524K, committed 129664K, reserved 1165312K
  class space    used 13846K, capacity 14512K, committed 14720K, reserved 1048576K
2019-04-29T07:25:31.719+0800: 1522340.938: [GC pause (G1 Evacuation Pause) (young)
Desired survivor size 148897792 bytes, new threshold 15 (max 15)
- age   1:   20979504 bytes,   20979504 total
- age   2:     517744 bytes,   21497248 total
- age   3:     391344 bytes,   21888592 total
- age   4:     972456 bytes,   22861048 total
- age   5:    1022616 bytes,   23883664 total
- age   6:     350200 bytes,   24233864 total
- age   7:     202968 bytes,   24436832 total
- age   8:     366376 bytes,   24803208 total
- age   9:     383280 bytes,   25186488 total
- age  10:     611552 bytes,   25798040 total
- age  11:     770384 bytes,   26568424 total
- age  12:     953936 bytes,   27522360 total
- age  13:     887824 bytes,   28410184 total
- age  14:     627912 bytes,   29038096 total
- age  15:     457136 bytes,   29495232 total
 1522340.938: [G1Ergonomics (CSet Construction) start choosing CSet, _pending_cards: 27279, predicted base time: 10.75 ms, remaining time: 49.25 ms, target pause time: 60.00 ms]
 1522340.938: [G1Ergonomics (CSet Construction) add young regions to CSet, eden: 553 regions, survivors: 9 regions, predicted young region time: 205.38 ms]
 1522340.938: [G1Ergonomics (CSet Construction) finish choosing CSet, eden: 553 regions, survivors: 9 regions, old: 0 regions, predicted pause time: 216.13 ms, target pause time: 60.00 ms]
, 0.0235820 secs]
   [Parallel Time: 21.6 ms, GC Workers: 8]
      [GC Worker Start (ms): Min: 1522340937.9, Avg: 1522340937.9, Max: 1522340938.0, Diff: 0.1]
      [Ext Root Scanning (ms): Min: 1.0, Avg: 1.3, Max: 2.1, Diff: 1.1, Sum: 10.1]
      [Update RS (ms): Min: 6.1, Avg: 6.8, Max: 7.2, Diff: 1.1, Sum: 54.7]
         [Processed Buffers: Min: 15, Avg: 26.4, Max: 44, Diff: 29, Sum: 211]
      [Scan RS (ms): Min: 0.0, Avg: 0.1, Max: 0.1, Diff: 0.1, Sum: 0.7]
      [Code Root Scanning (ms): Min: 0.0, Avg: 0.0, Max: 0.0, Diff: 0.0, Sum: 0.0]
      [Object Copy (ms): Min: 13.2, Avg: 13.3, Max: 13.3, Diff: 0.1, Sum: 106.0]
      [Termination (ms): Min: 0.0, Avg: 0.0, Max: 0.0, Diff: 0.0, Sum: 0.0]
      [GC Worker Other (ms): Min: 0.0, Avg: 0.1, Max: 0.1, Diff: 0.1, Sum: 0.5]
      [GC Worker Total (ms): Min: 21.4, Avg: 21.5, Max: 21.6, Diff: 0.1, Sum: 172.0]
      [GC Worker End (ms): Min: 1522340959.4, Avg: 1522340959.4, Max: 1522340959.5, Diff: 0.1]
   [Code Root Fixup: 0.2 ms]
   [Code Root Purge: 0.0 ms]
   [Clear CT: 0.2 ms]
   [Other: 1.5 ms]
      [Choose CSet: 0.0 ms]
      [Ref Proc: 0.2 ms]
      [Ref Enq: 0.0 ms]
      [Redirty Cards: 0.1 ms]
      [Humongous Reclaim: 0.0 ms]
      [Free CSet: 0.7 ms]
   [Eden: 2212.0M(2212.0M)->0.0B(2212.0M) Survivors: 36.0M->36.0M Heap: 3721.2M(4500.0M)->1507.8M(4500.0M)]
Heap after GC invocations=33283 (full 0):
 garbage-first heap   total 4608000K, used 1544006K [0x00000006a6c00000, 0x00000006a7002328, 0x00000007c0000000)
  region size 4096K, 9 young (36864K), 9 survivors (36864K)
 Metaspace       used 124692K, capacity 128524K, committed 129664K, reserved 1165312K
  class space    used 13846K, capacity 14512K, committed 14720K, reserved 1048576K
}
 [Times: user=0.18 sys=0.00, real=0.03 secs] 
{Heap before GC invocations=33283 (full 0):
 garbage-first heap   total 4608000K, used 3809094K [0x00000006a6c00000, 0x00000006a7002328, 0x00000007c0000000)
  region size 4096K, 562 young (2301952K), 9 survivors (36864K)
 Metaspace       used 124692K, capacity 128524K, committed 129664K, reserved 1165312K
  class space    used 13846K, capacity 14512K, committed 14720K, reserved 1048576K
2019-04-29T07:27:10.432+0800: 1522439.650: [GC pause (G1 Evacuation Pause) (young)
Desired survivor size 148897792 bytes, new threshold 15 (max 15)
- age   1:   19370048 bytes,   19370048 total
- age   2:     916192 bytes,   20286240 total
- age   3:     506488 bytes,   20792728 total
- age   4:     385656 bytes,   21178384 total
- age   5:     930744 bytes,   22109128 total
- age   6:    1022504 bytes,   23131632 total
- age   7:     349528 bytes,   23481160 total
- age   8:     202856 bytes,   23684016 total
- age   9:     365816 bytes,   24049832 total
- age  10:     382680 bytes,   24432512 total
- age  11:     611440 bytes,   25043952 total
- age  12:     770384 bytes,   25814336 total
- age  13:     953936 bytes,   26768272 total
- age  14:     887712 bytes,   27655984 total
- age  15:     627912 bytes,   28283896 total
 1522439.651: [G1Ergonomics (CSet Construction) start choosing CSet, _pending_cards: 21661, predicted base time: 9.06 ms, remaining time: 50.94 ms, target pause time: 60.00 ms]
 1522439.651: [G1Ergonomics (CSet Construction) add young regions to CSet, eden: 553 regions, survivors: 9 regions, predicted young region time: 273.80 ms]
 1522439.651: [G1Ergonomics (CSet Construction) finish choosing CSet, eden: 553 regions, survivors: 9 regions, old: 0 regions, predicted pause time: 282.86 ms, target pause time: 60.00 ms]
, 0.0222468 secs]
   [Parallel Time: 20.2 ms, GC Workers: 8]
      [GC Worker Start (ms): Min: 1522439650.8, Avg: 1522439650.8, Max: 1522439650.9, Diff: 0.1]
      [Ext Root Scanning (ms): Min: 1.1, Avg: 1.4, Max: 2.1, Diff: 1.0, Sum: 10.9]
      [Update RS (ms): Min: 4.9, Avg: 5.5, Max: 5.9, Diff: 1.0, Sum: 44.3]
         [Processed Buffers: Min: 15, Avg: 24.4, Max: 35, Diff: 20, Sum: 195]
      [Scan RS (ms): Min: 0.9, Avg: 1.0, Max: 1.2, Diff: 0.3, Sum: 8.3]
      [Code Root Scanning (ms): Min: 0.0, Avg: 0.0, Max: 0.0, Diff: 0.0, Sum: 0.0]
      [Object Copy (ms): Min: 12.0, Avg: 12.1, Max: 12.1, Diff: 0.2, Sum: 96.8]
      [Termination (ms): Min: 0.0, Avg: 0.0, Max: 0.0, Diff: 0.0, Sum: 0.0]
      [GC Worker Other (ms): Min: 0.0, Avg: 0.0, Max: 0.1, Diff: 0.1, Sum: 0.3]
      [GC Worker Total (ms): Min: 20.0, Avg: 20.1, Max: 20.1, Diff: 0.1, Sum: 160.7]
      [GC Worker End (ms): Min: 1522439670.9, Avg: 1522439670.9, Max: 1522439671.0, Diff: 0.1]
   [Code Root Fixup: 0.2 ms]
   [Code Root Purge: 0.0 ms]
   [Clear CT: 0.3 ms]
   [Other: 1.5 ms]
      [Choose CSet: 0.0 ms]
      [Ref Proc: 0.2 ms]
      [Ref Enq: 0.0 ms]
      [Redirty Cards: 0.1 ms]
      [Humongous Reclaim: 0.0 ms]
      [Free CSet: 0.7 ms]
   [Eden: 2212.0M(2212.0M)->0.0B(2212.0M) Survivors: 36.0M->36.0M Heap: 3719.8M(4500.0M)->1508.8M(4500.0M)]
Heap after GC invocations=33284 (full 0):
 garbage-first heap   total 4608000K, used 1544974K [0x00000006a6c00000, 0x00000006a7002328, 0x00000007c0000000)
  region size 4096K, 9 young (36864K), 9 survivors (36864K)
 Metaspace       used 124692K, capacity 128524K, committed 129664K, reserved 1165312K
  class space    used 13846K, capacity 14512K, committed 14720K, reserved 1048576K
}
 [Times: user=0.13 sys=0.04, real=0.02 secs] 
{Heap before GC invocations=33284 (full 0):
 garbage-first heap   total 4608000K, used 3810062K [0x00000006a6c00000, 0x00000006a7002328, 0x00000007c0000000)
  region size 4096K, 562 young (2301952K), 9 survivors (36864K)
 Metaspace       used 124692K, capacity 128524K, committed 129664K, reserved 1165312K
  class space    used 13846K, capacity 14512K, committed 14720K, reserved 1048576K
2019-04-29T07:28:51.651+0800: 1522540.870: [GC pause (G1 Evacuation Pause) (young)
Desired survivor size 148897792 bytes, new threshold 15 (max 15)
- age   1:   16561888 bytes,   16561888 total
- age   2:     996080 bytes,   17557968 total
- age   3:     911880 bytes,   18469848 total
- age   4:     506344 bytes,   18976192 total
- age   5:     385096 bytes,   19361288 total
- age   6:     930632 bytes,   20291920 total
- age   7:    1022504 bytes,   21314424 total
- age   8:     349304 bytes,   21663728 total
- age   9:     201200 bytes,   21864928 total
- age  10:     365704 bytes,   22230632 total
- age  11:     382680 bytes,   22613312 total
- age  12:     609784 bytes,   23223096 total
- age  13:     770384 bytes,   23993480 total
- age  14:     953936 bytes,   24947416 total
- age  15:     887712 bytes,   25835128 total
 1522540.870: [G1Ergonomics (CSet Construction) start choosing CSet, _pending_cards: 27576, predicted base time: 10.83 ms, remaining time: 49.17 ms, target pause time: 60.00 ms]
 1522540.870: [G1Ergonomics (CSet Construction) add young regions to CSet, eden: 553 regions, survivors: 9 regions, predicted young region time: 213.84 ms]
 1522540.870: [G1Ergonomics (CSet Construction) finish choosing CSet, eden: 553 regions, survivors: 9 regions, old: 0 regions, predicted pause time: 224.67 ms, target pause time: 60.00 ms]
, 0.0307655 secs]
   [Parallel Time: 28.7 ms, GC Workers: 8]
      [GC Worker Start (ms): Min: 1522540870.2, Avg: 1522540870.2, Max: 1522540870.2, Diff: 0.1]
      [Ext Root Scanning (ms): Min: 1.0, Avg: 1.5, Max: 4.2, Diff: 3.2, Sum: 12.3]
      [Update RS (ms): Min: 4.2, Avg: 6.7, Max: 7.4, Diff: 3.2, Sum: 53.8]
         [Processed Buffers: Min: 16, Avg: 26.1, Max: 35, Diff: 19, Sum: 209]
      [Scan RS (ms): Min: 0.0, Avg: 0.1, Max: 0.1, Diff: 0.1, Sum: 0.7]
      [Code Root Scanning (ms): Min: 0.0, Avg: 0.0, Max: 0.0, Diff: 0.0, Sum: 0.0]
      [Object Copy (ms): Min: 20.1, Avg: 20.2, Max: 20.3, Diff: 0.2, Sum: 161.5]
      [Termination (ms): Min: 0.0, Avg: 0.0, Max: 0.0, Diff: 0.0, Sum: 0.0]
      [GC Worker Other (ms): Min: 0.0, Avg: 0.0, Max: 0.1, Diff: 0.1, Sum: 0.3]
      [GC Worker Total (ms): Min: 28.6, Avg: 28.6, Max: 28.6, Diff: 0.1, Sum: 228.7]
      [GC Worker End (ms): Min: 1522540898.8, Avg: 1522540898.8, Max: 1522540898.8, Diff: 0.0]
   [Code Root Fixup: 0.2 ms]
   [Code Root Purge: 0.0 ms]
   [Clear CT: 0.3 ms]
   [Other: 1.5 ms]
      [Choose CSet: 0.0 ms]
      [Ref Proc: 0.2 ms]
      [Ref Enq: 0.0 ms]
      [Redirty Cards: 0.1 ms]
      [Humongous Reclaim: 0.0 ms]
      [Free CSet: 0.6 ms]
   [Eden: 2212.0M(2212.0M)->0.0B(2200.0M) Survivors: 36.0M->48.0M Heap: 3720.8M(4500.0M)->1524.0M(4500.0M)]
Heap after GC invocations=33285 (full 0):
 garbage-first heap   total 4608000K, used 1560597K [0x00000006a6c00000, 0x00000006a7002328, 0x00000007c0000000)
  region size 4096K, 12 young (49152K), 12 survivors (49152K)
 Metaspace       used 124692K, capacity 128524K, committed 129664K, reserved 1165312K
  class space    used 13846K, capacity 14512K, committed 14720K, reserved 1048576K
}
 [Times: user=0.19 sys=0.05, real=0.03 secs] 
{Heap before GC invocations=33285 (full 0):
 garbage-first heap   total 4608000K, used 3813397K [0x00000006a6c00000, 0x00000006a7002328, 0x00000007c0000000)
  region size 4096K, 562 young (2301952K), 12 survivors (49152K)
 Metaspace       used 124692K, capacity 128524K, committed 129664K, reserved 1165312K
  class space    used 13846K, capacity 14512K, committed 14720K, reserved 1048576K
2019-04-29T07:30:03.578+0800: 1522612.797: [GC pause (G1 Evacuation Pause) (young)
Desired survivor size 148897792 bytes, new threshold 15 (max 15)
- age   1:   29807744 bytes,   29807744 total
- age   2:     778384 bytes,   30586128 total
- age   3:     975720 bytes,   31561848 total
- age   4:     911544 bytes,   32473392 total
- age   5:     506008 bytes,   32979400 total
- age   6:     384760 bytes,   33364160 total
- age   7:     930632 bytes,   34294792 total
- age   8:    1022280 bytes,   35317072 total
- age   9:     349192 bytes,   35666264 total
- age  10:     201200 bytes,   35867464 total
- age  11:     365592 bytes,   36233056 total
- age  12:     382456 bytes,   36615512 total
- age  13:     609760 bytes,   37225272 total
- age  14:     770384 bytes,   37995656 total
- age  15:     953936 bytes,   38949592 total
 1522612.797: [G1Ergonomics (CSet Construction) start choosing CSet, _pending_cards: 21845, predicted base time: 9.17 ms, remaining time: 50.83 ms, target pause time: 60.00 ms]
 1522612.797: [G1Ergonomics (CSet Construction) add young regions to CSet, eden: 550 regions, survivors: 12 regions, predicted young region time: 222.53 ms]
 1522612.797: [G1Ergonomics (CSet Construction) finish choosing CSet, eden: 550 regions, survivors: 12 regions, old: 0 regions, predicted pause time: 231.70 ms, target pause time: 60.00 ms]
, 0.0226494 secs]
   [Parallel Time: 20.6 ms, GC Workers: 8]
      [GC Worker Start (ms): Min: 1522612797.1, Avg: 1522612797.1, Max: 1522612797.1, Diff: 0.1]
      [Ext Root Scanning (ms): Min: 1.2, Avg: 1.4, Max: 2.2, Diff: 1.1, Sum: 11.2]
      [Update RS (ms): Min: 4.7, Avg: 5.5, Max: 5.7, Diff: 1.0, Sum: 43.8]
         [Processed Buffers: Min: 15, Avg: 25.9, Max: 48, Diff: 33, Sum: 207]
      [Scan RS (ms): Min: 0.8, Avg: 0.9, Max: 1.1, Diff: 0.3, Sum: 7.4]
      [Code Root Scanning (ms): Min: 0.0, Avg: 0.0, Max: 0.0, Diff: 0.0, Sum: 0.0]
      [Object Copy (ms): Min: 12.6, Avg: 12.7, Max: 12.8, Diff: 0.2, Sum: 101.4]
      [Termination (ms): Min: 0.0, Avg: 0.0, Max: 0.0, Diff: 0.0, Sum: 0.3]
      [GC Worker Other (ms): Min: 0.0, Avg: 0.0, Max: 0.1, Diff: 0.0, Sum: 0.3]
      [GC Worker Total (ms): Min: 20.5, Avg: 20.5, Max: 20.6, Diff: 0.1, Sum: 164.3]
      [GC Worker End (ms): Min: 1522612817.6, Avg: 1522612817.6, Max: 1522612817.7, Diff: 0.0]
   [Code Root Fixup: 0.2 ms]
   [Code Root Purge: 0.0 ms]
   [Clear CT: 0.3 ms]
   [Other: 1.5 ms]
      [Choose CSet: 0.0 ms]
      [Ref Proc: 0.2 ms]
      [Ref Enq: 0.0 ms]
      [Redirty Cards: 0.1 ms]
      [Humongous Reclaim: 0.0 ms]
      [Free CSet: 0.6 ms]
   [Eden: 2200.0M(2200.0M)->0.0B(2212.0M) Survivors: 48.0M->36.0M Heap: 3724.0M(4500.0M)->1511.4M(4500.0M)]
Heap after GC invocations=33286 (full 0):
 garbage-first heap   total 4608000K, used 1547649K [0x00000006a6c00000, 0x00000006a7002328, 0x00000007c0000000)
  region size 4096K, 9 young (36864K), 9 survivors (36864K)
 Metaspace       used 124692K, capacity 128524K, committed 129664K, reserved 1165312K
  class space    used 13846K, capacity 14512K, committed 14720K, reserved 1048576K
}
 [Times: user=0.17 sys=0.00, real=0.03 secs] 
{Heap before GC invocations=33286 (full 0):
 garbage-first heap   total 4608000K, used 3812737K [0x00000006a6c00000, 0x00000006a7002328, 0x00000007c0000000)
  region size 4096K, 562 young (2301952K), 9 survivors (36864K)
 Metaspace       used 124692K, capacity 128524K, committed 129664K, reserved 1165312K
  class space    used 13846K, capacity 14512K, committed 14720K, reserved 1048576K
2019-04-29T07:31:43.877+0800: 1522713.096: [GC pause (G1 Evacuation Pause) (young)
Desired survivor size 148897792 bytes, new threshold 15 (max 15)
- age   1:   18581512 bytes,   18581512 total
- age   2:     821080 bytes,   19402592 total
- age   3:     773960 bytes,   20176552 total
- age   4:     494136 bytes,   20670688 total
- age   5:     907344 bytes,   21578032 total
- age   6:     350296 bytes,   21928328 total
- age   7:     384312 bytes,   22312640 total
- age   8:     930632 bytes,   23243272 total
- age   9:    1022168 bytes,   24265440 total
- age  10:     348520 bytes,   24613960 total
- age  11:     201200 bytes,   24815160 total
- age  12:     365592 bytes,   25180752 total
- age  13:     382232 bytes,   25562984 total
- age  14:     609760 bytes,   26172744 total
- age  15:     770384 bytes,   26943128 total
 1522713.096: [G1Ergonomics (CSet Construction) start choosing CSet, _pending_cards: 22545, predicted base time: 9.47 ms, remaining time: 50.53 ms, target pause time: 60.00 ms]
 1522713.096: [G1Ergonomics (CSet Construction) add young regions to CSet, eden: 553 regions, survivors: 9 regions, predicted young region time: 173.09 ms]
 1522713.096: [G1Ergonomics (CSet Construction) finish choosing CSet, eden: 553 regions, survivors: 9 regions, old: 0 regions, predicted pause time: 182.56 ms, target pause time: 60.00 ms]
, 0.0234461 secs]
   [Parallel Time: 21.4 ms, GC Workers: 8]
      [GC Worker Start (ms): Min: 1522713096.3, Avg: 1522713096.4, Max: 1522713096.5, Diff: 0.1]
      [Ext Root Scanning (ms): Min: 1.3, Avg: 1.5, Max: 2.2, Diff: 1.0, Sum: 11.9]
      [Update RS (ms): Min: 5.6, Avg: 6.1, Max: 6.3, Diff: 0.7, Sum: 48.9]
         [Processed Buffers: Min: 12, Avg: 25.9, Max: 43, Diff: 31, Sum: 207]
      [Scan RS (ms): Min: 0.9, Avg: 1.0, Max: 1.1, Diff: 0.2, Sum: 7.9]
      [Code Root Scanning (ms): Min: 0.0, Avg: 0.0, Max: 0.0, Diff: 0.0, Sum: 0.0]
      [Object Copy (ms): Min: 12.6, Avg: 12.6, Max: 12.7, Diff: 0.1, Sum: 101.1]
      [Termination (ms): Min: 0.0, Avg: 0.0, Max: 0.0, Diff: 0.0, Sum: 0.0]
      [GC Worker Other (ms): Min: 0.0, Avg: 0.1, Max: 0.1, Diff: 0.0, Sum: 0.5]
      [GC Worker Total (ms): Min: 21.2, Avg: 21.3, Max: 21.4, Diff: 0.1, Sum: 170.4]
      [GC Worker End (ms): Min: 1522713117.7, Avg: 1522713117.7, Max: 1522713117.7, Diff: 0.1]
   [Code Root Fixup: 0.2 ms]
   [Code Root Purge: 0.0 ms]
   [Clear CT: 0.3 ms]
   [Other: 1.6 ms]
      [Choose CSet: 0.0 ms]
      [Ref Proc: 0.2 ms]
      [Ref Enq: 0.0 ms]
      [Redirty Cards: 0.1 ms]
      [Humongous Reclaim: 0.0 ms]
      [Free CSet: 0.6 ms]
   [Eden: 2212.0M(2212.0M)->0.0B(2212.0M) Survivors: 36.0M->36.0M Heap: 3723.4M(4500.0M)->1514.8M(4500.0M)]
Heap after GC invocations=33287 (full 0):
 garbage-first heap   total 4608000K, used 1551120K [0x00000006a6c00000, 0x00000006a7002328, 0x00000007c0000000)
  region size 4096K, 9 young (36864K), 9 survivors (36864K)
 Metaspace       used 124692K, capacity 128524K, committed 129664K, reserved 1165312K
  class space    used 13846K, capacity 14512K, committed 14720K, reserved 1048576K
}
 [Times: user=0.13 sys=0.05, real=0.03 secs] 
{Heap before GC invocations=33287 (full 0):
 garbage-first heap   total 4608000K, used 3816208K [0x00000006a6c00000, 0x00000006a7002328, 0x00000007c0000000)
  region size 4096K, 562 young (2301952K), 9 survivors (36864K)
 Metaspace       used 124692K, capacity 128524K, committed 129664K, reserved 1165312K
  class space    used 13846K, capacity 14512K, committed 14720K, reserved 1048576K
2019-04-29T07:33:16.034+0800: 1522805.253: [GC pause (G1 Evacuation Pause) (young)
Desired survivor size 148897792 bytes, new threshold 15 (max 15)
- age   1:   18002112 bytes,   18002112 total
- age   2:     596608 bytes,   18598720 total
- age   3:     814624 bytes,   19413344 total
- age   4:     771744 bytes,   20185088 total
- age   5:     490976 bytes,   20676064 total
- age   6:     863232 bytes,   21539296 total
- age   7:     349696 bytes,   21888992 total
- age   8:     383976 bytes,   22272968 total
- age   9:     930520 bytes,   23203488 total
- age  10:    1022168 bytes,   24225656 total
- age  11:     348184 bytes,   24573840 total
- age  12:     201088 bytes,   24774928 total
- age  13:     365480 bytes,   25140408 total
- age  14:     382232 bytes,   25522640 total
- age  15:     609728 bytes,   26132368 total
 1522805.253: [G1Ergonomics (CSet Construction) start choosing CSet, _pending_cards: 22062, predicted base time: 9.66 ms, remaining time: 50.34 ms, target pause time: 60.00 ms]
 1522805.253: [G1Ergonomics (CSet Construction) add young regions to CSet, eden: 553 regions, survivors: 9 regions, predicted young region time: 137.41 ms]
 1522805.253: [G1Ergonomics (CSet Construction) finish choosing CSet, eden: 553 regions, survivors: 9 regions, old: 0 regions, predicted pause time: 147.08 ms, target pause time: 60.00 ms]
, 0.0283213 secs]
   [Parallel Time: 26.0 ms, GC Workers: 8]
      [GC Worker Start (ms): Min: 1522805253.3, Avg: 1522805253.3, Max: 1522805253.4, Diff: 0.1]
      [Ext Root Scanning (ms): Min: 1.3, Avg: 1.5, Max: 2.3, Diff: 1.0, Sum: 12.0]
      [Update RS (ms): Min: 5.3, Avg: 5.8, Max: 6.1, Diff: 0.8, Sum: 46.7]
         [Processed Buffers: Min: 15, Avg: 25.0, Max: 41, Diff: 26, Sum: 200]
      [Scan RS (ms): Min: 0.8, Avg: 0.9, Max: 1.0, Diff: 0.2, Sum: 7.3]
      [Code Root Scanning (ms): Min: 0.0, Avg: 0.0, Max: 0.0, Diff: 0.0, Sum: 0.0]
      [Object Copy (ms): Min: 17.5, Avg: 17.6, Max: 17.7, Diff: 0.2, Sum: 140.7]
      [Termination (ms): Min: 0.0, Avg: 0.0, Max: 0.0, Diff: 0.0, Sum: 0.0]
      [GC Worker Other (ms): Min: 0.0, Avg: 0.1, Max: 0.1, Diff: 0.1, Sum: 0.4]
      [GC Worker Total (ms): Min: 25.8, Avg: 25.9, Max: 26.0, Diff: 0.1, Sum: 207.1]
      [GC Worker End (ms): Min: 1522805279.2, Avg: 1522805279.2, Max: 1522805279.3, Diff: 0.1]
   [Code Root Fixup: 0.3 ms]
   [Code Root Purge: 0.0 ms]
   [Clear CT: 0.3 ms]
   [Other: 1.7 ms]
      [Choose CSet: 0.0 ms]
      [Ref Proc: 0.2 ms]
      [Ref Enq: 0.0 ms]
      [Redirty Cards: 0.1 ms]
      [Humongous Reclaim: 0.0 ms]
      [Free CSet: 0.9 ms]
   [Eden: 2212.0M(2212.0M)->0.0B(2200.0M) Survivors: 36.0M->48.0M Heap: 3726.8M(4500.0M)->1525.6M(4500.0M)]
Heap after GC invocations=33288 (full 0):
 garbage-first heap   total 4608000K, used 1562247K [0x00000006a6c00000, 0x00000006a7002328, 0x00000007c0000000)
  region size 4096K, 12 young (49152K), 12 survivors (49152K)
 Metaspace       used 124692K, capacity 128524K, committed 129664K, reserved 1165312K
  class space    used 13846K, capacity 14512K, committed 14720K, reserved 1048576K
}
 [Times: user=0.17 sys=0.04, real=0.03 secs] 
{Heap before GC invocations=33288 (full 0):
 garbage-first heap   total 4608000K, used 3815047K [0x00000006a6c00000, 0x00000006a7002328, 0x00000007c0000000)
  region size 4096K, 562 young (2301952K), 12 survivors (49152K)
 Metaspace       used 124692K, capacity 128524K, committed 129664K, reserved 1165312K
  class space    used 13846K, capacity 14512K, committed 14720K, reserved 1048576K
2019-04-29T07:34:51.741+0800: 1522900.959: [GC pause (G1 Evacuation Pause) (young)
Desired survivor size 148897792 bytes, new threshold 15 (max 15)
- age   1:   27431872 bytes,   27431872 total
- age   2:     768000 bytes,   28199872 total
- age   3:     590760 bytes,   28790632 total
- age   4:     814512 bytes,   29605144 total
- age   5:     771448 bytes,   30376592 total
- age   6:     487456 bytes,   30864048 total
- age   7:     860080 bytes,   31724128 total
- age   8:     349336 bytes,   32073464 total
- age   9:     383080 bytes,   32456544 total
- age  10:     930408 bytes,   33386952 total
- age  11:    1022056 bytes,   34409008 total
- age  12:     348184 bytes,   34757192 total
- age  13:     201088 bytes,   34958280 total
- age  14:     365480 bytes,   35323760 total
- age  15:     382232 bytes,   35705992 total
 1522900.960: [G1Ergonomics (CSet Construction) start choosing CSet, _pending_cards: 21748, predicted base time: 9.68 ms, remaining time: 50.32 ms, target pause time: 60.00 ms]
 1522900.960: [G1Ergonomics (CSet Construction) add young regions to CSet, eden: 550 regions, survivors: 12 regions, predicted young region time: 139.34 ms]
 1522900.960: [G1Ergonomics (CSet Construction) finish choosing CSet, eden: 550 regions, survivors: 12 regions, old: 0 regions, predicted pause time: 149.02 ms, target pause time: 60.00 ms]
, 0.0221911 secs]
   [Parallel Time: 19.9 ms, GC Workers: 8]
      [GC Worker Start (ms): Min: 1522900959.8, Avg: 1522900959.8, Max: 1522900959.9, Diff: 0.1]
      [Ext Root Scanning (ms): Min: 1.1, Avg: 1.3, Max: 2.0, Diff: 0.9, Sum: 10.6]
      [Update RS (ms): Min: 4.9, Avg: 5.4, Max: 5.6, Diff: 0.7, Sum: 43.3]
         [Processed Buffers: Min: 14, Avg: 25.4, Max: 42, Diff: 28, Sum: 203]
      [Scan RS (ms): Min: 0.9, Avg: 1.0, Max: 1.1, Diff: 0.2, Sum: 8.0]
      [Code Root Scanning (ms): Min: 0.0, Avg: 0.0, Max: 0.0, Diff: 0.0, Sum: 0.0]
      [Object Copy (ms): Min: 11.8, Avg: 11.9, Max: 12.1, Diff: 0.3, Sum: 95.5]
      [Termination (ms): Min: 0.0, Avg: 0.0, Max: 0.0, Diff: 0.0, Sum: 0.0]
      [GC Worker Other (ms): Min: 0.0, Avg: 0.1, Max: 0.2, Diff: 0.1, Sum: 0.5]
      [GC Worker Total (ms): Min: 19.7, Avg: 19.8, Max: 19.9, Diff: 0.2, Sum: 158.1]
      [GC Worker End (ms): Min: 1522900979.5, Avg: 1522900979.6, Max: 1522900979.7, Diff: 0.1]
   [Code Root Fixup: 0.2 ms]
   [Code Root Purge: 0.0 ms]
   [Clear CT: 0.4 ms]
   [Other: 1.6 ms]
      [Choose CSet: 0.0 ms]
      [Ref Proc: 0.3 ms]
      [Ref Enq: 0.0 ms]
      [Redirty Cards: 0.1 ms]
      [Humongous Reclaim: 0.0 ms]
      [Free CSet: 0.7 ms]
   [Eden: 2200.0M(2200.0M)->0.0B(2212.0M) Survivors: 48.0M->36.0M Heap: 3725.6M(4500.0M)->1514.3M(4500.0M)]
Heap after GC invocations=33289 (full 0):
 garbage-first heap   total 4608000K, used 1550685K [0x00000006a6c00000, 0x00000006a7002328, 0x00000007c0000000)
  region size 4096K, 9 young (36864K), 9 survivors (36864K)
 Metaspace       used 124692K, capacity 128524K, committed 129664K, reserved 1165312K
  class space    used 13846K, capacity 14512K, committed 14720K, reserved 1048576K
}
 [Times: user=0.13 sys=0.03, real=0.02 secs] 
{Heap before GC invocations=33289 (full 0):
 garbage-first heap   total 4608000K, used 3815773K [0x00000006a6c00000, 0x00000006a7002328, 0x00000007c0000000)
  region size 4096K, 562 young (2301952K), 9 survivors (36864K)
 Metaspace       used 124692K, capacity 128524K, committed 129664K, reserved 1165312K
  class space    used 13846K, capacity 14512K, committed 14720K, reserved 1048576K
2019-04-29T07:36:26.133+0800: 1522995.352: [GC pause (G1 Evacuation Pause) (young)
Desired survivor size 148897792 bytes, new threshold 15 (max 15)
- age   1:   17895056 bytes,   17895056 total
- age   2:     574216 bytes,   18469272 total
- age   3:     730976 bytes,   19200248 total
- age   4:     589600 bytes,   19789848 total
- age   5:     769360 bytes,   20559208 total
- age   6:     771424 bytes,   21330632 total
- age   7:     486784 bytes,   21817416 total
- age   8:     859712 bytes,   22677128 total
- age   9:     349112 bytes,   23026240 total
- age  10:     382968 bytes,   23409208 total
- age  11:     930408 bytes,   24339616 total
- age  12:    1022056 bytes,   25361672 total
- age  13:     348184 bytes,   25709856 total
- age  14:     201088 bytes,   25910944 total
- age  15:     365368 bytes,   26276312 total
 1522995.352: [G1Ergonomics (CSet Construction) start choosing CSet, _pending_cards: 27079, predicted base time: 11.07 ms, remaining time: 48.93 ms, target pause time: 60.00 ms]
 1522995.352: [G1Ergonomics (CSet Construction) add young regions to CSet, eden: 553 regions, survivors: 9 regions, predicted young region time: 134.46 ms]
 1522995.352: [G1Ergonomics (CSet Construction) finish choosing CSet, eden: 553 regions, survivors: 9 regions, old: 0 regions, predicted pause time: 145.53 ms, target pause time: 60.00 ms]
, 0.0217133 secs]
   [Parallel Time: 19.9 ms, GC Workers: 8]
      [GC Worker Start (ms): Min: 1522995352.3, Avg: 1522995352.3, Max: 1522995352.4, Diff: 0.1]
      [Ext Root Scanning (ms): Min: 1.1, Avg: 1.4, Max: 2.2, Diff: 1.1, Sum: 10.8]
      [Update RS (ms): Min: 5.6, Avg: 6.4, Max: 6.6, Diff: 1.0, Sum: 51.1]
         [Processed Buffers: Min: 17, Avg: 26.2, Max: 44, Diff: 27, Sum: 210]
      [Scan RS (ms): Min: 0.0, Avg: 0.1, Max: 0.1, Diff: 0.1, Sum: 0.7]
      [Code Root Scanning (ms): Min: 0.0, Avg: 0.0, Max: 0.0, Diff: 0.0, Sum: 0.0]
      [Object Copy (ms): Min: 11.7, Avg: 11.9, Max: 12.0, Diff: 0.3, Sum: 95.1]
      [Termination (ms): Min: 0.0, Avg: 0.0, Max: 0.0, Diff: 0.0, Sum: 0.0]
      [GC Worker Other (ms): Min: 0.0, Avg: 0.0, Max: 0.1, Diff: 0.1, Sum: 0.4]
      [GC Worker Total (ms): Min: 19.7, Avg: 19.8, Max: 19.8, Diff: 0.1, Sum: 158.1]
      [GC Worker End (ms): Min: 1522995372.1, Avg: 1522995372.1, Max: 1522995372.1, Diff: 0.1]
   [Code Root Fixup: 0.2 ms]
   [Code Root Purge: 0.0 ms]
   [Clear CT: 0.3 ms]
   [Other: 1.4 ms]
      [Choose CSet: 0.0 ms]
      [Ref Proc: 0.2 ms]
      [Ref Enq: 0.0 ms]
      [Redirty Cards: 0.1 ms]
      [Humongous Reclaim: 0.0 ms]
      [Free CSet: 0.6 ms]
   [Eden: 2212.0M(2212.0M)->0.0B(2212.0M) Survivors: 36.0M->36.0M Heap: 3726.3M(4500.0M)->1514.9M(4500.0M)]
Heap after GC invocations=33290 (full 0):
 garbage-first heap   total 4608000K, used 1551210K [0x00000006a6c00000, 0x00000006a7002328, 0x00000007c0000000)
  region size 4096K, 9 young (36864K), 9 survivors (36864K)
 Metaspace       used 124692K, capacity 128524K, committed 129664K, reserved 1165312K
  class space    used 13846K, capacity 14512K, committed 14720K, reserved 1048576K
}
 [Times: user=0.13 sys=0.04, real=0.02 secs] 
{Heap before GC invocations=33290 (full 0):
 garbage-first heap   total 4608000K, used 3816298K [0x00000006a6c00000, 0x00000006a7002328, 0x00000007c0000000)
  region size 4096K, 562 young (2301952K), 9 survivors (36864K)
 Metaspace       used 124692K, capacity 128524K, committed 129664K, reserved 1165312K
  class space    used 13846K, capacity 14512K, committed 14720K, reserved 1048576K
2019-04-29T07:38:18.956+0800: 1523108.175: [GC pause (G1 Evacuation Pause) (young)
Desired survivor size 148897792 bytes, new threshold 15 (max 15)
- age   1:   16910704 bytes,   16910704 total
- age   2:     770408 bytes,   17681112 total
- age   3:     507512 bytes,   18188624 total
- age   4:     712264 bytes,   18900888 total
- age   5:     587584 bytes,   19488472 total
- age   6:     769248 bytes,   20257720 total
- age   7:     769736 bytes,   21027456 total
- age   8:     485664 bytes,   21513120 total
- age   9:     859600 bytes,   22372720 total
- age  10:     348776 bytes,   22721496 total
- age  11:     382408 bytes,   23103904 total
- age  12:     930072 bytes,   24033976 total
- age  13:    1022056 bytes,   25056032 total
- age  14:     348184 bytes,   25404216 total
- age  15:     201088 bytes,   25605304 total
 1523108.175: [G1Ergonomics (CSet Construction) start choosing CSet, _pending_cards: 21446, predicted base time: 9.21 ms, remaining time: 50.79 ms, target pause time: 60.00 ms]
 1523108.175: [G1Ergonomics (CSet Construction) add young regions to CSet, eden: 553 regions, survivors: 9 regions, predicted young region time: 105.60 ms]
 1523108.175: [G1Ergonomics (CSet Construction) finish choosing CSet, eden: 553 regions, survivors: 9 regions, old: 0 regions, predicted pause time: 114.82 ms, target pause time: 60.00 ms]
, 0.0260308 secs]
   [Parallel Time: 23.9 ms, GC Workers: 8]
      [GC Worker Start (ms): Min: 1523108174.9, Avg: 1523108174.9, Max: 1523108174.9, Diff: 0.1]
      [Ext Root Scanning (ms): Min: 1.1, Avg: 1.3, Max: 2.2, Diff: 1.1, Sum: 10.4]
      [Update RS (ms): Min: 4.5, Avg: 5.3, Max: 5.6, Diff: 1.1, Sum: 42.8]
         [Processed Buffers: Min: 15, Avg: 24.1, Max: 36, Diff: 21, Sum: 193]
      [Scan RS (ms): Min: 1.0, Avg: 1.1, Max: 1.2, Diff: 0.2, Sum: 9.1]
      [Code Root Scanning (ms): Min: 0.0, Avg: 0.0, Max: 0.0, Diff: 0.0, Sum: 0.0]
      [Object Copy (ms): Min: 15.8, Avg: 16.0, Max: 16.1, Diff: 0.2, Sum: 127.7]
      [Termination (ms): Min: 0.0, Avg: 0.0, Max: 0.0, Diff: 0.0, Sum: 0.2]
      [GC Worker Other (ms): Min: 0.0, Avg: 0.0, Max: 0.1, Diff: 0.1, Sum: 0.3]
      [GC Worker Total (ms): Min: 23.8, Avg: 23.8, Max: 23.9, Diff: 0.1, Sum: 190.5]
      [GC Worker End (ms): Min: 1523108198.7, Avg: 1523108198.7, Max: 1523108198.7, Diff: 0.1]
   [Code Root Fixup: 0.3 ms]
   [Code Root Purge: 0.0 ms]
   [Clear CT: 0.3 ms]
   [Other: 1.5 ms]
      [Choose CSet: 0.0 ms]
      [Ref Proc: 0.2 ms]
      [Ref Enq: 0.0 ms]
      [Redirty Cards: 0.1 ms]
      [Humongous Reclaim: 0.0 ms]
      [Free CSet: 0.6 ms]
   [Eden: 2212.0M(2212.0M)->0.0B(2208.0M) Survivors: 36.0M->40.0M Heap: 3726.9M(4500.0M)->1519.2M(4500.0M)]
Heap after GC invocations=33291 (full 0):
 garbage-first heap   total 4608000K, used 1555686K [0x00000006a6c00000, 0x00000006a7002328, 0x00000007c0000000)
  region size 4096K, 10 young (40960K), 10 survivors (40960K)
 Metaspace       used 124692K, capacity 128524K, committed 129664K, reserved 1165312K
  class space    used 13846K, capacity 14512K, committed 14720K, reserved 1048576K
}
 [Times: user=0.16 sys=0.04, real=0.03 secs] 
{Heap before GC invocations=33291 (full 0):
 garbage-first heap   total 4608000K, used 3816678K [0x00000006a6c00000, 0x00000006a7002328, 0x00000007c0000000)
  region size 4096K, 562 young (2301952K), 10 survivors (40960K)
 Metaspace       used 124692K, capacity 128524K, committed 129664K, reserved 1165312K
  class space    used 13846K, capacity 14512K, committed 14720K, reserved 1048576K
2019-04-29T07:39:41.338+0800: 1523190.557: [GC pause (G1 Evacuation Pause) (young)
Desired survivor size 148897792 bytes, new threshold 15 (max 15)
- age   1:   22378632 bytes,   22378632 total
- age   2:     900000 bytes,   23278632 total
- age   3:     767000 bytes,   24045632 total
- age   4:     507376 bytes,   24553008 total
- age   5:     711816 bytes,   25264824 total
- age   6:     585680 bytes,   25850504 total
- age   7:     769224 bytes,   26619728 total
- age   8:     769736 bytes,   27389464 total
- age   9:     485664 bytes,   27875128 total
- age  10:     859488 bytes,   28734616 total
- age  11:     348776 bytes,   29083392 total
- age  12:     382408 bytes,   29465800 total
- age  13:     930072 bytes,   30395872 total
- age  14:    1022056 bytes,   31417928 total
- age  15:     348184 bytes,   31766112 total
 1523190.557: [G1Ergonomics (CSet Construction) start choosing CSet, _pending_cards: 26287, predicted base time: 10.58 ms, remaining time: 49.42 ms, target pause time: 60.00 ms]
 1523190.557: [G1Ergonomics (CSet Construction) add young regions to CSet, eden: 552 regions, survivors: 10 regions, predicted young region time: 104.79 ms]
 1523190.557: [G1Ergonomics (CSet Construction) finish choosing CSet, eden: 552 regions, survivors: 10 regions, old: 0 regions, predicted pause time: 115.37 ms, target pause time: 60.00 ms]
, 0.0233275 secs]
   [Parallel Time: 21.4 ms, GC Workers: 8]
      [GC Worker Start (ms): Min: 1523190557.3, Avg: 1523190557.3, Max: 1523190557.3, Diff: 0.1]
      [Ext Root Scanning (ms): Min: 1.1, Avg: 1.6, Max: 4.4, Diff: 3.3, Sum: 12.9]
      [Update RS (ms): Min: 3.7, Avg: 6.2, Max: 6.9, Diff: 3.1, Sum: 49.7]
         [Processed Buffers: Min: 16, Avg: 26.1, Max: 39, Diff: 23, Sum: 209]
      [Scan RS (ms): Min: 0.0, Avg: 0.1, Max: 0.1, Diff: 0.1, Sum: 0.6]
      [Code Root Scanning (ms): Min: 0.0, Avg: 0.0, Max: 0.0, Diff: 0.0, Sum: 0.0]
      [Object Copy (ms): Min: 13.1, Avg: 13.4, Max: 13.5, Diff: 0.3, Sum: 106.9]
      [Termination (ms): Min: 0.0, Avg: 0.0, Max: 0.0, Diff: 0.0, Sum: 0.1]
      [GC Worker Other (ms): Min: 0.0, Avg: 0.0, Max: 0.1, Diff: 0.1, Sum: 0.3]
      [GC Worker Total (ms): Min: 21.3, Avg: 21.3, Max: 21.3, Diff: 0.1, Sum: 170.5]
      [GC Worker End (ms): Min: 1523190578.6, Avg: 1523190578.6, Max: 1523190578.6, Diff: 0.0]
   [Code Root Fixup: 0.2 ms]
   [Code Root Purge: 0.0 ms]
   [Clear CT: 0.3 ms]
   [Other: 1.4 ms]
      [Choose CSet: 0.0 ms]
      [Ref Proc: 0.2 ms]
      [Ref Enq: 0.0 ms]
      [Redirty Cards: 0.1 ms]
      [Humongous Reclaim: 0.0 ms]
      [Free CSet: 0.6 ms]
   [Eden: 2208.0M(2208.0M)->0.0B(2212.0M) Survivors: 40.0M->36.0M Heap: 3727.2M(4500.0M)->1515.6M(4500.0M)]
Heap after GC invocations=33292 (full 0):
 garbage-first heap   total 4608000K, used 1551985K [0x00000006a6c00000, 0x00000006a7002328, 0x00000007c0000000)
  region size 4096K, 9 young (36864K), 9 survivors (36864K)
 Metaspace       used 124692K, capacity 128524K, committed 129664K, reserved 1165312K
  class space    used 13846K, capacity 14512K, committed 14720K, reserved 1048576K
}
 [Times: user=0.13 sys=0.04, real=0.03 secs] 
{Heap before GC invocations=33292 (full 0):
 garbage-first heap   total 4608000K, used 3817073K [0x00000006a6c00000, 0x00000006a7002328, 0x00000007c0000000)
  region size 4096K, 562 young (2301952K), 9 survivors (36864K)
 Metaspace       used 124692K, capacity 128524K, committed 129664K, reserved 1165312K
  class space    used 13846K, capacity 14512K, committed 14720K, reserved 1048576K
2019-04-29T07:41:04.272+0800: 1523273.491: [GC pause (G1 Evacuation Pause) (young)
Desired survivor size 148897792 bytes, new threshold 15 (max 15)
- age   1:   17698848 bytes,   17698848 total
- age   2:     669656 bytes,   18368504 total
- age   3:     895768 bytes,   19264272 total
- age   4:     766888 bytes,   20031160 total
- age   5:     507376 bytes,   20538536 total
- age   6:     704968 bytes,   21243504 total
- age   7:     585456 bytes,   21828960 total
- age   8:     769224 bytes,   22598184 total
- age   9:     769736 bytes,   23367920 total
- age  10:     485664 bytes,   23853584 total
- age  11:     859488 bytes,   24713072 total
- age  12:     348776 bytes,   25061848 total
- age  13:     382408 bytes,   25444256 total
- age  14:     930072 bytes,   26374328 total
- age  15:    1022056 bytes,   27396384 total
 1523273.491: [G1Ergonomics (CSet Construction) start choosing CSet, _pending_cards: 22636, predicted base time: 9.36 ms, remaining time: 50.64 ms, target pause time: 60.00 ms]
 1523273.491: [G1Ergonomics (CSet Construction) add young regions to CSet, eden: 553 regions, survivors: 9 regions, predicted young region time: 126.71 ms]
 1523273.491: [G1Ergonomics (CSet Construction) finish choosing CSet, eden: 553 regions, survivors: 9 regions, old: 0 regions, predicted pause time: 136.06 ms, target pause time: 60.00 ms]
, 0.0237625 secs]
   [Parallel Time: 21.7 ms, GC Workers: 8]
      [GC Worker Start (ms): Min: 1523273491.3, Avg: 1523273491.3, Max: 1523273491.4, Diff: 0.1]
      [Ext Root Scanning (ms): Min: 1.0, Avg: 1.5, Max: 3.8, Diff: 2.7, Sum: 11.9]
      [Update RS (ms): Min: 3.3, Avg: 5.3, Max: 5.8, Diff: 2.5, Sum: 42.2]
         [Processed Buffers: Min: 14, Avg: 26.0, Max: 36, Diff: 22, Sum: 208]
      [Scan RS (ms): Min: 1.1, Avg: 1.3, Max: 1.5, Diff: 0.4, Sum: 10.7]
      [Code Root Scanning (ms): Min: 0.0, Avg: 0.0, Max: 0.0, Diff: 0.0, Sum: 0.0]
      [Object Copy (ms): Min: 13.3, Avg: 13.4, Max: 13.5, Diff: 0.2, Sum: 107.0]
      [Termination (ms): Min: 0.0, Avg: 0.0, Max: 0.0, Diff: 0.0, Sum: 0.2]
      [GC Worker Other (ms): Min: 0.0, Avg: 0.0, Max: 0.1, Diff: 0.1, Sum: 0.4]
      [GC Worker Total (ms): Min: 21.5, Avg: 21.6, Max: 21.6, Diff: 0.1, Sum: 172.4]
      [GC Worker End (ms): Min: 1523273512.9, Avg: 1523273512.9, Max: 1523273512.9, Diff: 0.1]
   [Code Root Fixup: 0.2 ms]
   [Code Root Purge: 0.0 ms]
   [Clear CT: 0.3 ms]
   [Other: 1.5 ms]
      [Choose CSet: 0.0 ms]
      [Ref Proc: 0.2 ms]
      [Ref Enq: 0.0 ms]
      [Redirty Cards: 0.1 ms]
      [Humongous Reclaim: 0.0 ms]
      [Free CSet: 0.6 ms]
   [Eden: 2212.0M(2212.0M)->0.0B(2212.0M) Survivors: 36.0M->36.0M Heap: 3727.6M(4500.0M)->1518.8M(4500.0M)]
Heap after GC invocations=33293 (full 0):
 garbage-first heap   total 4608000K, used 1555247K [0x00000006a6c00000, 0x00000006a7002328, 0x00000007c0000000)
  region size 4096K, 9 young (36864K), 9 survivors (36864K)
 Metaspace       used 124692K, capacity 128524K, committed 129664K, reserved 1165312K
  class space    used 13846K, capacity 14512K, committed 14720K, reserved 1048576K
}
 [Times: user=0.14 sys=0.03, real=0.02 secs] 
{Heap before GC invocations=33293 (full 0):
 garbage-first heap   total 4608000K, used 3820335K [0x00000006a6c00000, 0x00000006a7002328, 0x00000007c0000000)
  region size 4096K, 562 young (2301952K), 9 survivors (36864K)
 Metaspace       used 124692K, capacity 128524K, committed 129664K, reserved 1165312K
  class space    used 13846K, capacity 14512K, committed 14720K, reserved 1048576K
2019-04-29T07:42:47.242+0800: 1523376.461: [GC pause (G1 Evacuation Pause) (young)
Desired survivor size 148897792 bytes, new threshold 15 (max 15)
- age   1:   17884024 bytes,   17884024 total
- age   2:     501552 bytes,   18385576 total
- age   3:     664424 bytes,   19050000 total
- age   4:     852696 bytes,   19902696 total
- age   5:     766040 bytes,   20668736 total
- age   6:     506792 bytes,   21175528 total
- age   7:     687216 bytes,   21862744 total
- age   8:     519464 bytes,   22382208 total
- age   9:     769192 bytes,   23151400 total
- age  10:     769736 bytes,   23921136 total
- age  11:     485368 bytes,   24406504 total
- age  12:     858784 bytes,   25265288 total
- age  13:     348552 bytes,   25613840 total
- age  14:     337360 bytes,   25951200 total
- age  15:     929960 bytes,   26881160 total
 1523376.461: [G1Ergonomics (CSet Construction) start choosing CSet, _pending_cards: 22186, predicted base time: 9.48 ms, remaining time: 50.52 ms, target pause time: 60.00 ms]
 1523376.461: [G1Ergonomics (CSet Construction) add young regions to CSet, eden: 553 regions, survivors: 9 regions, predicted young region time: 104.70 ms]
 1523376.461: [G1Ergonomics (CSet Construction) finish choosing CSet, eden: 553 regions, survivors: 9 regions, old: 0 regions, predicted pause time: 114.18 ms, target pause time: 60.00 ms]
, 0.0255715 secs]
   [Parallel Time: 23.5 ms, GC Workers: 8]
      [GC Worker Start (ms): Min: 1523376461.3, Avg: 1523376461.3, Max: 1523376461.3, Diff: 0.1]
      [Ext Root Scanning (ms): Min: 1.1, Avg: 1.4, Max: 2.4, Diff: 1.2, Sum: 11.4]
      [Update RS (ms): Min: 4.9, Avg: 5.7, Max: 6.0, Diff: 1.1, Sum: 45.3]
         [Processed Buffers: Min: 13, Avg: 24.0, Max: 34, Diff: 21, Sum: 192]
      [Scan RS (ms): Min: 0.8, Avg: 0.9, Max: 1.0, Diff: 0.2, Sum: 7.4]
      [Code Root Scanning (ms): Min: 0.0, Avg: 0.0, Max: 0.0, Diff: 0.0, Sum: 0.0]
      [Object Copy (ms): Min: 15.2, Avg: 15.3, Max: 15.4, Diff: 0.2, Sum: 122.4]
      [Termination (ms): Min: 0.0, Avg: 0.0, Max: 0.0, Diff: 0.0, Sum: 0.0]
      [GC Worker Other (ms): Min: 0.0, Avg: 0.0, Max: 0.1, Diff: 0.1, Sum: 0.3]
      [GC Worker Total (ms): Min: 23.3, Avg: 23.4, Max: 23.4, Diff: 0.1, Sum: 186.9]
      [GC Worker End (ms): Min: 1523376484.6, Avg: 1523376484.7, Max: 1523376484.7, Diff: 0.1]
   [Code Root Fixup: 0.2 ms]
   [Code Root Purge: 0.0 ms]
   [Clear CT: 0.2 ms]
   [Other: 1.7 ms]
      [Choose CSet: 0.0 ms]
      [Ref Proc: 0.2 ms]
      [Ref Enq: 0.0 ms]
      [Redirty Cards: 0.1 ms]
      [Humongous Reclaim: 0.0 ms]
      [Free CSet: 0.7 ms]
   [Eden: 2212.0M(2212.0M)->0.0B(2204.0M) Survivors: 36.0M->44.0M Heap: 3730.8M(4500.0M)->1528.2M(4500.0M)]
Heap after GC invocations=33294 (full 0):
 garbage-first heap   total 4608000K, used 1564878K [0x00000006a6c00000, 0x00000006a7002328, 0x00000007c0000000)
  region size 4096K, 11 young (45056K), 11 survivors (45056K)
 Metaspace       used 124692K, capacity 128524K, committed 129664K, reserved 1165312K
  class space    used 13846K, capacity 14512K, committed 14720K, reserved 1048576K
}
 [Times: user=0.15 sys=0.04, real=0.02 secs] 
{Heap before GC invocations=33294 (full 0):
 garbage-first heap   total 4608000K, used 3821774K [0x00000006a6c00000, 0x00000006a7002328, 0x00000007c0000000)
  region size 4096K, 562 young (2301952K), 11 survivors (45056K)
 Metaspace       used 124692K, capacity 128524K, committed 129664K, reserved 1165312K
  class space    used 13846K, capacity 14512K, committed 14720K, reserved 1048576K
2019-04-29T07:44:21.063+0800: 1523470.282: [GC pause (G1 Evacuation Pause) (young)
Desired survivor size 148897792 bytes, new threshold 15 (max 15)
- age   1:   24452280 bytes,   24452280 total
- age   2:    1012096 bytes,   25464376 total
- age   3:     495488 bytes,   25959864 total
- age   4:     663216 bytes,   26623080 total
- age   5:     850968 bytes,   27474048 total
- age   6:     765856 bytes,   28239904 total
- age   7:     505808 bytes,   28745712 total
- age   8:     684280 bytes,   29429992 total
- age   9:     514336 bytes,   29944328 total
- age  10:     769192 bytes,   30713520 total
- age  11:     768160 bytes,   31481680 total
- age  12:     485080 bytes,   31966760 total
- age  13:     858424 bytes,   32825184 total
- age  14:     347848 bytes,   33173032 total
- age  15:     335264 bytes,   33508296 total
 1523470.282: [G1Ergonomics (CSet Construction) start choosing CSet, _pending_cards: 28205, predicted base time: 11.07 ms, remaining time: 48.93 ms, target pause time: 60.00 ms]
 1523470.282: [G1Ergonomics (CSet Construction) add young regions to CSet, eden: 551 regions, survivors: 11 regions, predicted young region time: 230.94 ms]
 1523470.282: [G1Ergonomics (CSet Construction) finish choosing CSet, eden: 551 regions, survivors: 11 regions, old: 0 regions, predicted pause time: 242.00 ms, target pause time: 60.00 ms]
, 0.0319299 secs]
   [Parallel Time: 29.5 ms, GC Workers: 8]
      [GC Worker Start (ms): Min: 1523470282.7, Avg: 1523470282.7, Max: 1523470282.8, Diff: 0.1]
      [Ext Root Scanning (ms): Min: 1.2, Avg: 1.5, Max: 2.4, Diff: 1.2, Sum: 11.8]
      [Update RS (ms): Min: 6.7, Avg: 7.5, Max: 7.8, Diff: 1.1, Sum: 60.1]
         [Processed Buffers: Min: 13, Avg: 26.9, Max: 62, Diff: 49, Sum: 215]
      [Scan RS (ms): Min: 0.0, Avg: 0.1, Max: 0.1, Diff: 0.1, Sum: 0.7]
      [Code Root Scanning (ms): Min: 0.0, Avg: 0.0, Max: 0.0, Diff: 0.0, Sum: 0.1]
      [Object Copy (ms): Min: 20.2, Avg: 20.3, Max: 20.3, Diff: 0.2, Sum: 162.4]
      [Termination (ms): Min: 0.0, Avg: 0.0, Max: 0.0, Diff: 0.0, Sum: 0.0]
      [GC Worker Other (ms): Min: 0.0, Avg: 0.0, Max: 0.1, Diff: 0.1, Sum: 0.3]
      [GC Worker Total (ms): Min: 29.4, Avg: 29.4, Max: 29.5, Diff: 0.1, Sum: 235.4]
      [GC Worker End (ms): Min: 1523470312.1, Avg: 1523470312.1, Max: 1523470312.2, Diff: 0.0]
   [Code Root Fixup: 0.3 ms]
   [Code Root Purge: 0.0 ms]
   [Clear CT: 0.3 ms]
   [Other: 1.8 ms]
      [Choose CSet: 0.0 ms]
      [Ref Proc: 0.2 ms]
      [Ref Enq: 0.0 ms]
      [Redirty Cards: 0.1 ms]
      [Humongous Reclaim: 0.0 ms]
      [Free CSet: 0.9 ms]
   [Eden: 2204.0M(2204.0M)->0.0B(2196.0M) Survivors: 44.0M->52.0M Heap: 3732.2M(4500.0M)->1537.1M(4500.0M)]
Heap after GC invocations=33295 (full 0):
 garbage-first heap   total 4608000K, used 1573957K [0x00000006a6c00000, 0x00000006a7002328, 0x00000007c0000000)
  region size 4096K, 13 young (53248K), 13 survivors (53248K)
 Metaspace       used 124692K, capacity 128524K, committed 129664K, reserved 1165312K
  class space    used 13846K, capacity 14512K, committed 14720K, reserved 1048576K
}
 [Times: user=0.19 sys=0.05, real=0.03 secs] 
{Heap before GC invocations=33295 (full 0):
 garbage-first heap   total 4608000K, used 3822661K [0x00000006a6c00000, 0x00000006a7002328, 0x00000007c0000000)
  region size 4096K, 562 young (2301952K), 13 survivors (53248K)
 Metaspace       used 124692K, capacity 128524K, committed 129664K, reserved 1165312K
  class space    used 13846K, capacity 14512K, committed 14720K, reserved 1048576K
2019-04-29T07:45:21.699+0800: 1523530.918: [GC pause (G1 Evacuation Pause) (young)
Desired survivor size 148897792 bytes, new threshold 15 (max 15)
- age   1:   30567616 bytes,   30567616 total
- age   2:     419568 bytes,   30987184 total
- age   3:     994040 bytes,   31981224 total
- age   4:     495488 bytes,   32476712 total
- age   5:     663216 bytes,   33139928 total
- age   6:     850744 bytes,   33990672 total
- age   7:     765744 bytes,   34756416 total
- age   8:     505808 bytes,   35262224 total
- age   9:     684280 bytes,   35946504 total
- age  10:     514336 bytes,   36460840 total
- age  11:     769192 bytes,   37230032 total
- age  12:     768160 bytes,   37998192 total
- age  13:     485080 bytes,   38483272 total
- age  14:     858424 bytes,   39341696 total
- age  15:     347848 bytes,   39689544 total
 1523530.918: [G1Ergonomics (CSet Construction) start choosing CSet, _pending_cards: 25638, predicted base time: 10.40 ms, remaining time: 49.60 ms, target pause time: 60.00 ms]
 1523530.918: [G1Ergonomics (CSet Construction) add young regions to CSet, eden: 549 regions, survivors: 13 regions, predicted young region time: 203.03 ms]
 1523530.918: [G1Ergonomics (CSet Construction) finish choosing CSet, eden: 549 regions, survivors: 13 regions, old: 0 regions, predicted pause time: 213.43 ms, target pause time: 60.00 ms]
, 0.0234542 secs]
   [Parallel Time: 21.3 ms, GC Workers: 8]
      [GC Worker Start (ms): Min: 1523530918.2, Avg: 1523530918.3, Max: 1523530918.3, Diff: 0.1]
      [Ext Root Scanning (ms): Min: 1.2, Avg: 1.4, Max: 2.1, Diff: 1.0, Sum: 10.9]
      [Update RS (ms): Min: 5.7, Avg: 6.1, Max: 6.5, Diff: 0.8, Sum: 49.1]
         [Processed Buffers: Min: 15, Avg: 25.6, Max: 57, Diff: 42, Sum: 205]
      [Scan RS (ms): Min: 0.0, Avg: 0.1, Max: 0.1, Diff: 0.1, Sum: 0.6]
      [Code Root Scanning (ms): Min: 0.0, Avg: 0.0, Max: 0.0, Diff: 0.0, Sum: 0.0]
      [Object Copy (ms): Min: 13.4, Avg: 13.5, Max: 13.6, Diff: 0.3, Sum: 108.3]
      [Termination (ms): Min: 0.0, Avg: 0.0, Max: 0.0, Diff: 0.0, Sum: 0.1]
      [GC Worker Other (ms): Min: 0.0, Avg: 0.0, Max: 0.1, Diff: 0.0, Sum: 0.4]
      [GC Worker Total (ms): Min: 21.1, Avg: 21.2, Max: 21.2, Diff: 0.1, Sum: 169.5]
      [GC Worker End (ms): Min: 1523530939.4, Avg: 1523530939.4, Max: 1523530939.5, Diff: 0.0]
   [Code Root Fixup: 0.2 ms]
   [Code Root Purge: 0.0 ms]
   [Clear CT: 0.3 ms]
   [Other: 1.7 ms]
      [Choose CSet: 0.0 ms]
      [Ref Proc: 0.2 ms]
      [Ref Enq: 0.0 ms]
      [Redirty Cards: 0.1 ms]
      [Humongous Reclaim: 0.0 ms]
      [Free CSet: 0.7 ms]
   [Eden: 2196.0M(2196.0M)->0.0B(2212.0M) Survivors: 52.0M->36.0M Heap: 3733.1M(4500.0M)->1519.5M(4500.0M)]
Heap after GC invocations=33296 (full 0):
 garbage-first heap   total 4608000K, used 1556018K [0x00000006a6c00000, 0x00000006a7002328, 0x00000007c0000000)
  region size 4096K, 9 young (36864K), 9 survivors (36864K)
 Metaspace       used 124692K, capacity 128524K, committed 129664K, reserved 1165312K
  class space    used 13846K, capacity 14512K, committed 14720K, reserved 1048576K
}
 [Times: user=0.13 sys=0.04, real=0.03 secs] 
{Heap before GC invocations=33296 (full 0):
 garbage-first heap   total 4608000K, used 3821106K [0x00000006a6c00000, 0x00000006a7002328, 0x00000007c0000000)
  region size 4096K, 562 young (2301952K), 9 survivors (36864K)
 Metaspace       used 124692K, capacity 128524K, committed 129664K, reserved 1165312K
  class space    used 13846K, capacity 14512K, committed 14720K, reserved 1048576K
2019-04-29T07:47:03.421+0800: 1523632.640: [GC pause (G1 Evacuation Pause) (young)
Desired survivor size 148897792 bytes, new threshold 15 (max 15)
- age   1:   18693024 bytes,   18693024 total
- age   2:     339896 bytes,   19032920 total
- age   3:     414520 bytes,   19447440 total
- age   4:     989248 bytes,   20436688 total
- age   5:     495344 bytes,   20932032 total
- age   6:     663216 bytes,   21595248 total
- age   7:     850296 bytes,   22445544 total
- age   8:     765520 bytes,   23211064 total
- age   9:     505808 bytes,   23716872 total
- age  10:     683944 bytes,   24400816 total
- age  11:     514224 bytes,   24915040 total
- age  12:     769192 bytes,   25684232 total
- age  13:     768160 bytes,   26452392 total
- age  14:     485080 bytes,   26937472 total
- age  15:     858424 bytes,   27795896 total
 1523632.640: [G1Ergonomics (CSet Construction) start choosing CSet, _pending_cards: 21909, predicted base time: 9.13 ms, remaining time: 50.87 ms, target pause time: 60.00 ms]
 1523632.640: [G1Ergonomics (CSet Construction) add young regions to CSet, eden: 553 regions, survivors: 9 regions, predicted young region time: 197.69 ms]
 1523632.640: [G1Ergonomics (CSet Construction) finish choosing CSet, eden: 553 regions, survivors: 9 regions, old: 0 regions, predicted pause time: 206.82 ms, target pause time: 60.00 ms]
, 0.0226778 secs]
   [Parallel Time: 20.5 ms, GC Workers: 8]
      [GC Worker Start (ms): Min: 1523632640.4, Avg: 1523632640.4, Max: 1523632640.4, Diff: 0.1]
      [Ext Root Scanning (ms): Min: 1.1, Avg: 1.3, Max: 2.0, Diff: 1.0, Sum: 10.1]
      [Update RS (ms): Min: 4.9, Avg: 5.5, Max: 5.8, Diff: 1.0, Sum: 44.2]
         [Processed Buffers: Min: 13, Avg: 25.8, Max: 42, Diff: 29, Sum: 206]
      [Scan RS (ms): Min: 0.8, Avg: 1.0, Max: 1.1, Diff: 0.3, Sum: 7.7]
      [Code Root Scanning (ms): Min: 0.0, Avg: 0.0, Max: 0.0, Diff: 0.0, Sum: 0.0]
      [Object Copy (ms): Min: 12.5, Avg: 12.5, Max: 12.6, Diff: 0.2, Sum: 100.3]
      [Termination (ms): Min: 0.0, Avg: 0.0, Max: 0.0, Diff: 0.0, Sum: 0.0]
      [GC Worker Other (ms): Min: 0.1, Avg: 0.1, Max: 0.1, Diff: 0.1, Sum: 0.7]
      [GC Worker Total (ms): Min: 20.3, Avg: 20.4, Max: 20.4, Diff: 0.1, Sum: 163.1]
      [GC Worker End (ms): Min: 1523632660.8, Avg: 1523632660.8, Max: 1523632660.8, Diff: 0.1]
   [Code Root Fixup: 0.3 ms]
   [Code Root Purge: 0.0 ms]
   [Clear CT: 0.3 ms]
   [Other: 1.6 ms]
      [Choose CSet: 0.0 ms]
      [Ref Proc: 0.2 ms]
      [Ref Enq: 0.0 ms]
      [Redirty Cards: 0.1 ms]
      [Humongous Reclaim: 0.0 ms]
      [Free CSet: 0.7 ms]
   [Eden: 2212.0M(2212.0M)->0.0B(2212.0M) Survivors: 36.0M->36.0M Heap: 3731.5M(4500.0M)->1520.5M(4500.0M)]
Heap after GC invocations=33297 (full 0):
 garbage-first heap   total 4608000K, used 1557023K [0x00000006a6c00000, 0x00000006a7002328, 0x00000007c0000000)
  region size 4096K, 9 young (36864K), 9 survivors (36864K)
 Metaspace       used 124692K, capacity 128524K, committed 129664K, reserved 1165312K
  class space    used 13846K, capacity 14512K, committed 14720K, reserved 1048576K
}
 [Times: user=0.14 sys=0.03, real=0.02 secs] 
{Heap before GC invocations=33297 (full 0):
 garbage-first heap   total 4608000K, used 3822111K [0x00000006a6c00000, 0x00000006a7002328, 0x00000007c0000000)
  region size 4096K, 562 young (2301952K), 9 survivors (36864K)
 Metaspace       used 124692K, capacity 128524K, committed 129664K, reserved 1165312K
  class space    used 13846K, capacity 14512K, committed 14720K, reserved 1048576K
2019-04-29T07:48:30.056+0800: 1523719.275: [GC pause (G1 Evacuation Pause) (young)
Desired survivor size 148897792 bytes, new threshold 15 (max 15)
- age   1:   17434208 bytes,   17434208 total
- age   2:     296392 bytes,   17730600 total
- age   3:     308736 bytes,   18039336 total
- age   4:     381200 bytes,   18420536 total
- age   5:     951056 bytes,   19371592 total
- age   6:     495200 bytes,   19866792 total
- age   7:     615672 bytes,   20482464 total
- age   8:     850032 bytes,   21332496 total
- age   9:     763696 bytes,   22096192 total
- age  10:     505808 bytes,   22602000 total
- age  11:     683944 bytes,   23285944 total
- age  12:     514224 bytes,   23800168 total
- age  13:     769192 bytes,   24569360 total
- age  14:     768160 bytes,   25337520 total
- age  15:     485080 bytes,   25822600 total
 1523719.275: [G1Ergonomics (CSet Construction) start choosing CSet, _pending_cards: 22441, predicted base time: 9.41 ms, remaining time: 50.59 ms, target pause time: 60.00 ms]
 1523719.275: [G1Ergonomics (CSet Construction) add young regions to CSet, eden: 553 regions, survivors: 9 regions, predicted young region time: 186.77 ms]
 1523719.275: [G1Ergonomics (CSet Construction) finish choosing CSet, eden: 553 regions, survivors: 9 regions, old: 0 regions, predicted pause time: 196.18 ms, target pause time: 60.00 ms]
, 0.0217476 secs]
   [Parallel Time: 19.7 ms, GC Workers: 8]
      [GC Worker Start (ms): Min: 1523719275.3, Avg: 1523719275.3, Max: 1523719275.4, Diff: 0.1]
      [Ext Root Scanning (ms): Min: 1.1, Avg: 1.3, Max: 2.0, Diff: 1.0, Sum: 10.2]
      [Update RS (ms): Min: 4.8, Avg: 5.5, Max: 5.9, Diff: 1.0, Sum: 44.0]
         [Processed Buffers: Min: 16, Avg: 25.0, Max: 45, Diff: 29, Sum: 200]
      [Scan RS (ms): Min: 0.7, Avg: 0.9, Max: 1.0, Diff: 0.3, Sum: 7.6]
      [Code Root Scanning (ms): Min: 0.0, Avg: 0.0, Max: 0.0, Diff: 0.0, Sum: 0.1]
      [Object Copy (ms): Min: 11.7, Avg: 11.8, Max: 11.8, Diff: 0.2, Sum: 94.2]
      [Termination (ms): Min: 0.0, Avg: 0.0, Max: 0.0, Diff: 0.0, Sum: 0.0]
      [GC Worker Other (ms): Min: 0.0, Avg: 0.0, Max: 0.1, Diff: 0.1, Sum: 0.4]
      [GC Worker Total (ms): Min: 19.5, Avg: 19.6, Max: 19.6, Diff: 0.1, Sum: 156.5]
      [GC Worker End (ms): Min: 1523719294.9, Avg: 1523719294.9, Max: 1523719294.9, Diff: 0.1]
   [Code Root Fixup: 0.2 ms]
   [Code Root Purge: 0.0 ms]
   [Clear CT: 0.3 ms]
   [Other: 1.6 ms]
      [Choose CSet: 0.0 ms]
      [Ref Proc: 0.3 ms]
      [Ref Enq: 0.0 ms]
      [Redirty Cards: 0.1 ms]
      [Humongous Reclaim: 0.0 ms]
      [Free CSet: 0.7 ms]
   [Eden: 2212.0M(2212.0M)->0.0B(2212.0M) Survivors: 36.0M->36.0M Heap: 3732.5M(4500.0M)->1521.5M(4500.0M)]
Heap after GC invocations=33298 (full 0):
 garbage-first heap   total 4608000K, used 1558001K [0x00000006a6c00000, 0x00000006a7002328, 0x00000007c0000000)
  region size 4096K, 9 young (36864K), 9 survivors (36864K)
 Metaspace       used 124692K, capacity 128524K, committed 129664K, reserved 1165312K
  class space    used 13846K, capacity 14512K, committed 14720K, reserved 1048576K
}
 [Times: user=0.14 sys=0.02, real=0.02 secs] 
{Heap before GC invocations=33298 (full 0):
 garbage-first heap   total 4608000K, used 3823089K [0x00000006a6c00000, 0x00000006a7002328, 0x00000007c0000000)
  region size 4096K, 562 young (2301952K), 9 survivors (36864K)
 Metaspace       used 124692K, capacity 128524K, committed 129664K, reserved 1165312K
  class space    used 13846K, capacity 14512K, committed 14720K, reserved 1048576K
2019-04-29T07:49:56.048+0800: 1523805.267: [GC pause (G1 Evacuation Pause) (young)
Desired survivor size 148897792 bytes, new threshold 15 (max 15)
- age   1:   17048720 bytes,   17048720 total
- age   2:     704840 bytes,   17753560 total
- age   3:     284040 bytes,   18037600 total
- age   4:     305960 bytes,   18343560 total
- age   5:     380264 bytes,   18723824 total
- age   6:     505504 bytes,   19229328 total
- age   7:     456064 bytes,   19685392 total
- age   8:     615672 bytes,   20301064 total
- age   9:     849920 bytes,   21150984 total
- age  10:     763696 bytes,   21914680 total
- age  11:     505808 bytes,   22420488 total
- age  12:     683944 bytes,   23104432 total
- age  13:     514224 bytes,   23618656 total
- age  14:     769192 bytes,   24387848 total
- age  15:     768160 bytes,   25156008 total
 1523805.267: [G1Ergonomics (CSet Construction) start choosing CSet, _pending_cards: 27023, predicted base time: 10.56 ms, remaining time: 49.44 ms, target pause time: 60.00 ms]
 1523805.267: [G1Ergonomics (CSet Construction) add young regions to CSet, eden: 553 regions, survivors: 9 regions, predicted young region time: 145.65 ms]
 1523805.267: [G1Ergonomics (CSet Construction) finish choosing CSet, eden: 553 regions, survivors: 9 regions, old: 0 regions, predicted pause time: 156.22 ms, target pause time: 60.00 ms]
, 0.0242330 secs]
   [Parallel Time: 22.1 ms, GC Workers: 8]
      [GC Worker Start (ms): Min: 1523805267.5, Avg: 1523805267.6, Max: 1523805267.6, Diff: 0.1]
      [Ext Root Scanning (ms): Min: 1.1, Avg: 1.6, Max: 4.3, Diff: 3.2, Sum: 12.5]
      [Update RS (ms): Min: 4.0, Avg: 6.4, Max: 6.9, Diff: 2.9, Sum: 51.0]
         [Processed Buffers: Min: 12, Avg: 27.1, Max: 44, Diff: 32, Sum: 217]
      [Scan RS (ms): Min: 0.0, Avg: 0.1, Max: 0.1, Diff: 0.1, Sum: 0.7]
      [Code Root Scanning (ms): Min: 0.0, Avg: 0.0, Max: 0.0, Diff: 0.0, Sum: 0.0]
      [Object Copy (ms): Min: 13.7, Avg: 14.0, Max: 14.1, Diff: 0.4, Sum: 111.7]
      [Termination (ms): Min: 0.0, Avg: 0.0, Max: 0.0, Diff: 0.0, Sum: 0.0]
      [GC Worker Other (ms): Min: 0.0, Avg: 0.0, Max: 0.1, Diff: 0.0, Sum: 0.3]
      [GC Worker Total (ms): Min: 22.0, Avg: 22.0, Max: 22.1, Diff: 0.1, Sum: 176.3]
      [GC Worker End (ms): Min: 1523805289.6, Avg: 1523805289.6, Max: 1523805289.6, Diff: 0.1]
   [Code Root Fixup: 0.2 ms]
   [Code Root Purge: 0.0 ms]
   [Clear CT: 0.3 ms]
   [Other: 1.6 ms]
      [Choose CSet: 0.0 ms]
      [Ref Proc: 0.2 ms]
      [Ref Enq: 0.0 ms]
      [Redirty Cards: 0.1 ms]
      [Humongous Reclaim: 0.0 ms]
      [Free CSet: 0.6 ms]
   [Eden: 2212.0M(2212.0M)->0.0B(2212.0M) Survivors: 36.0M->36.0M Heap: 3733.5M(4500.0M)->1522.4M(4500.0M)]
Heap after GC invocations=33299 (full 0):
 garbage-first heap   total 4608000K, used 1558935K [0x00000006a6c00000, 0x00000006a7002328, 0x00000007c0000000)
  region size 4096K, 9 young (36864K), 9 survivors (36864K)
 Metaspace       used 124692K, capacity 128524K, committed 129664K, reserved 1165312K
  class space    used 13846K, capacity 14512K, committed 14720K, reserved 1048576K
}
 [Times: user=0.14 sys=0.03, real=0.03 secs] 
{Heap before GC invocations=33299 (full 0):
 garbage-first heap   total 4608000K, used 3824023K [0x00000006a6c00000, 0x00000006a7002328, 0x00000007c0000000)
  region size 4096K, 562 young (2301952K), 9 survivors (36864K)
 Metaspace       used 124692K, capacity 128524K, committed 129664K, reserved 1165312K
  class space    used 13846K, capacity 14512K, committed 14720K, reserved 1048576K
2019-04-29T07:51:03.036+0800: 1523872.255: [GC pause (G1 Evacuation Pause) (young)
Desired survivor size 148897792 bytes, new threshold 15 (max 15)
- age   1:   20049120 bytes,   20049120 total
- age   2:    1249720 bytes,   21298840 total
- age   3:     677888 bytes,   21976728 total
- age   4:     282000 bytes,   22258728 total
- age   5:     305928 bytes,   22564656 total
- age   6:     380264 bytes,   22944920 total
- age   7:     505248 bytes,   23450168 total
- age   8:     456064 bytes,   23906232 total
- age   9:     615672 bytes,   24521904 total
- age  10:     849920 bytes,   25371824 total
- age  11:     763696 bytes,   26135520 total
- age  12:     505808 bytes,   26641328 total
- age  13:     683944 bytes,   27325272 total
- age  14:     514224 bytes,   27839496 total
- age  15:     769192 bytes,   28608688 total
 1523872.255: [G1Ergonomics (CSet Construction) start choosing CSet, _pending_cards: 22063, predicted base time: 9.09 ms, remaining time: 50.91 ms, target pause time: 60.00 ms]
 1523872.255: [G1Ergonomics (CSet Construction) add young regions to CSet, eden: 553 regions, survivors: 9 regions, predicted young region time: 148.02 ms]
 1523872.255: [G1Ergonomics (CSet Construction) finish choosing CSet, eden: 553 regions, survivors: 9 regions, old: 0 regions, predicted pause time: 157.11 ms, target pause time: 60.00 ms]
, 0.0243238 secs]
   [Parallel Time: 22.3 ms, GC Workers: 8]
      [GC Worker Start (ms): Min: 1523872255.3, Avg: 1523872255.4, Max: 1523872255.4, Diff: 0.1]
      [Ext Root Scanning (ms): Min: 1.0, Avg: 1.3, Max: 2.3, Diff: 1.3, Sum: 10.5]
      [Update RS (ms): Min: 4.7, Avg: 5.4, Max: 5.6, Diff: 0.9, Sum: 43.0]
         [Processed Buffers: Min: 16, Avg: 24.8, Max: 33, Diff: 17, Sum: 198]
      [Scan RS (ms): Min: 0.8, Avg: 1.0, Max: 1.1, Diff: 0.3, Sum: 7.9]
      [Code Root Scanning (ms): Min: 0.0, Avg: 0.0, Max: 0.0, Diff: 0.0, Sum: 0.0]
      [Object Copy (ms): Min: 14.2, Avg: 14.3, Max: 14.4, Diff: 0.2, Sum: 114.5]
      [Termination (ms): Min: 0.0, Avg: 0.0, Max: 0.0, Diff: 0.0, Sum: 0.0]
      [GC Worker Other (ms): Min: 0.0, Avg: 0.1, Max: 0.2, Diff: 0.2, Sum: 0.7]
      [GC Worker Total (ms): Min: 22.0, Avg: 22.1, Max: 22.2, Diff: 0.2, Sum: 176.7]
      [GC Worker End (ms): Min: 1523872277.4, Avg: 1523872277.5, Max: 1523872277.6, Diff: 0.2]
   [Code Root Fixup: 0.2 ms]
   [Code Root Purge: 0.0 ms]
   [Clear CT: 0.3 ms]
   [Other: 1.5 ms]
      [Choose CSet: 0.0 ms]
      [Ref Proc: 0.2 ms]
      [Ref Enq: 0.0 ms]
      [Redirty Cards: 0.1 ms]
      [Humongous Reclaim: 0.0 ms]
      [Free CSet: 0.6 ms]
   [Eden: 2212.0M(2212.0M)->0.0B(2212.0M) Survivors: 36.0M->36.0M Heap: 3734.4M(4500.0M)->1525.5M(4500.0M)]
Heap after GC invocations=33300 (full 0):
 garbage-first heap   total 4608000K, used 1562123K [0x00000006a6c00000, 0x00000006a7002328, 0x00000007c0000000)
  region size 4096K, 9 young (36864K), 9 survivors (36864K)
 Metaspace       used 124692K, capacity 128524K, committed 129664K, reserved 1165312K
  class space    used 13846K, capacity 14512K, committed 14720K, reserved 1048576K
}
 [Times: user=0.14 sys=0.03, real=0.03 secs] 
{Heap before GC invocations=33300 (full 0):
 garbage-first heap   total 4608000K, used 3827211K [0x00000006a6c00000, 0x00000006a7002328, 0x00000007c0000000)
  region size 4096K, 562 young (2301952K), 9 survivors (36864K)
 Metaspace       used 124692K, capacity 128524K, committed 129664K, reserved 1165312K
  class space    used 13846K, capacity 14512K, committed 14720K, reserved 1048576K
2019-04-29T07:52:17.755+0800: 1523946.974: [GC pause (G1 Evacuation Pause) (young)
Desired survivor size 148897792 bytes, new threshold 15 (max 15)
- age   1:   21891672 bytes,   21891672 total
- age   2:     788368 bytes,   22680040 total
- age   3:     937992 bytes,   23618032 total
- age   4:     676920 bytes,   24294952 total
- age   5:     279648 bytes,   24574600 total
- age   6:     288384 bytes,   24862984 total
- age   7:     379928 bytes,   25242912 total
- age   8:     476824 bytes,   25719736 total
- age   9:     456064 bytes,   26175800 total
- age  10:     615560 bytes,   26791360 total
- age  11:     842360 bytes,   27633720 total
- age  12:     763496 bytes,   28397216 total
- age  13:     505808 bytes,   28903024 total
- age  14:     674320 bytes,   29577344 total
- age  15:     486320 bytes,   30063664 total
 1523946.974: [G1Ergonomics (CSet Construction) start choosing CSet, _pending_cards: 20087, predicted base time: 8.72 ms, remaining time: 51.28 ms, target pause time: 60.00 ms]
 1523946.974: [G1Ergonomics (CSet Construction) add young regions to CSet, eden: 553 regions, survivors: 9 regions, predicted young region time: 167.25 ms]
 1523946.974: [G1Ergonomics (CSet Construction) finish choosing CSet, eden: 553 regions, survivors: 9 regions, old: 0 regions, predicted pause time: 175.97 ms, target pause time: 60.00 ms]
, 0.0213568 secs]
   [Parallel Time: 19.2 ms, GC Workers: 8]
      [GC Worker Start (ms): Min: 1523946974.5, Avg: 1523946974.5, Max: 1523946974.6, Diff: 0.1]
      [Ext Root Scanning (ms): Min: 1.1, Avg: 1.3, Max: 2.2, Diff: 1.1, Sum: 10.7]
      [Update RS (ms): Min: 4.2, Avg: 5.0, Max: 5.3, Diff: 1.1, Sum: 39.9]
         [Processed Buffers: Min: 14, Avg: 23.1, Max: 36, Diff: 22, Sum: 185]
      [Scan RS (ms): Min: 0.8, Avg: 1.0, Max: 1.1, Diff: 0.3, Sum: 7.7]
      [Code Root Scanning (ms): Min: 0.0, Avg: 0.0, Max: 0.0, Diff: 0.0, Sum: 0.0]
      [Object Copy (ms): Min: 11.6, Avg: 11.7, Max: 11.9, Diff: 0.3, Sum: 93.8]
      [Termination (ms): Min: 0.0, Avg: 0.0, Max: 0.0, Diff: 0.0, Sum: 0.0]
      [GC Worker Other (ms): Min: 0.0, Avg: 0.0, Max: 0.1, Diff: 0.1, Sum: 0.3]
      [GC Worker Total (ms): Min: 19.0, Avg: 19.1, Max: 19.1, Diff: 0.1, Sum: 152.5]
      [GC Worker End (ms): Min: 1523946993.6, Avg: 1523946993.6, Max: 1523946993.6, Diff: 0.0]
   [Code Root Fixup: 0.2 ms]
   [Code Root Purge: 0.0 ms]
   [Clear CT: 0.3 ms]
   [Other: 1.7 ms]
      [Choose CSet: 0.0 ms]
      [Ref Proc: 0.3 ms]
      [Ref Enq: 0.0 ms]
      [Redirty Cards: 0.1 ms]
      [Humongous Reclaim: 0.0 ms]
      [Free CSet: 0.7 ms]
   [Eden: 2212.0M(2212.0M)->0.0B(2212.0M) Survivors: 36.0M->36.0M Heap: 3737.5M(4500.0M)->1526.4M(4500.0M)]
Heap after GC invocations=33301 (full 0):
 garbage-first heap   total 4608000K, used 1563051K [0x00000006a6c00000, 0x00000006a7002328, 0x00000007c0000000)
  region size 4096K, 9 young (36864K), 9 survivors (36864K)
 Metaspace       used 124692K, capacity 128524K, committed 129664K, reserved 1165312K
  class space    used 13846K, capacity 14512K, committed 14720K, reserved 1048576K
}
 [Times: user=0.16 sys=0.00, real=0.02 secs] 
 1523950.730: [G1Ergonomics (Concurrent Cycles) request concurrent cycle initiation, reason: occupancy higher than threshold, occupancy: 2122317824 bytes, allocation request: 5249536 bytes, threshold: 2123366400 bytes (45.00 %), source: concurrent humongous allocation]
 1523950.731: [G1Ergonomics (Concurrent Cycles) request concurrent cycle initiation, reason: requested by GC cause, GC cause: G1 Humongous Allocation]
{Heap before GC invocations=33301 (full 0):
 garbage-first heap   total 4608000K, used 2416641K [0x00000006a6c00000, 0x00000006a7002328, 0x00000007c0000000)
  region size 4096K, 126 young (516096K), 9 survivors (36864K)
 Metaspace       used 124692K, capacity 128524K, committed 129664K, reserved 1165312K
  class space    used 13846K, capacity 14512K, committed 14720K, reserved 1048576K
 1523950.731: [G1Ergonomics (Concurrent Cycles) initiate concurrent cycle, reason: concurrent cycle initiation requested]
2019-04-29T07:52:21.513+0800: 1523950.731: [GC pause (G1 Humongous Allocation) (young) (initial-mark)
Desired survivor size 148897792 bytes, new threshold 15 (max 15)
- age   1:   18990016 bytes,   18990016 total
- age   2:     599944 bytes,   19589960 total
- age   3:     784344 bytes,   20374304 total
- age   4:     937336 bytes,   21311640 total
- age   5:     638872 bytes,   21950512 total
- age   6:     277752 bytes,   22228264 total
- age   7:     284752 bytes,   22513016 total
- age   8:     377560 bytes,   22890576 total
- age   9:     475560 bytes,   23366136 total
- age  10:     456064 bytes,   23822200 total
- age  11:     613904 bytes,   24436104 total
- age  12:     840320 bytes,   25276424 total
- age  13:     758864 bytes,   26035288 total
- age  14:     505808 bytes,   26541096 total
- age  15:     671400 bytes,   27212496 total
 1523950.732: [G1Ergonomics (CSet Construction) start choosing CSet, _pending_cards: 53499, predicted base time: 17.09 ms, remaining time: 42.91 ms, target pause time: 60.00 ms]
 1523950.732: [G1Ergonomics (CSet Construction) add young regions to CSet, eden: 117 regions, survivors: 9 regions, predicted young region time: 60.69 ms]
 1523950.732: [G1Ergonomics (CSet Construction) finish choosing CSet, eden: 117 regions, survivors: 9 regions, old: 0 regions, predicted pause time: 77.78 ms, target pause time: 60.00 ms]
, 0.0258422 secs]
   [Parallel Time: 23.3 ms, GC Workers: 8]
      [GC Worker Start (ms): Min: 1523950732.5, Avg: 1523950732.5, Max: 1523950732.6, Diff: 0.1]
      [Ext Root Scanning (ms): Min: 3.2, Avg: 3.3, Max: 3.5, Diff: 0.2, Sum: 26.6]
      [Update RS (ms): Min: 4.4, Avg: 4.7, Max: 4.8, Diff: 0.4, Sum: 37.5]
         [Processed Buffers: Min: 29, Avg: 37.2, Max: 44, Diff: 15, Sum: 298]
      [Scan RS (ms): Min: 1.1, Avg: 1.1, Max: 1.2, Diff: 0.1, Sum: 9.0]
      [Code Root Scanning (ms): Min: 0.0, Avg: 0.0, Max: 0.0, Diff: 0.0, Sum: 0.0]
      [Object Copy (ms): Min: 13.7, Avg: 13.9, Max: 14.1, Diff: 0.4, Sum: 110.9]
      [Termination (ms): Min: 0.0, Avg: 0.0, Max: 0.0, Diff: 0.0, Sum: 0.0]
      [GC Worker Other (ms): Min: 0.0, Avg: 0.0, Max: 0.1, Diff: 0.0, Sum: 0.2]
      [GC Worker Total (ms): Min: 23.0, Avg: 23.0, Max: 23.1, Diff: 0.1, Sum: 184.2]
      [GC Worker End (ms): Min: 1523950755.5, Avg: 1523950755.6, Max: 1523950755.6, Diff: 0.0]
   [Code Root Fixup: 0.2 ms]
   [Code Root Purge: 0.0 ms]
   [Clear CT: 0.1 ms]
   [Other: 2.2 ms]
      [Choose CSet: 0.0 ms]
      [Ref Proc: 0.2 ms]
      [Ref Enq: 0.0 ms]
      [Redirty Cards: 0.1 ms]
      [Humongous Reclaim: 0.5 ms]
      [Free CSet: 0.2 ms]
   [Eden: 468.0M(2212.0M)->0.0B(2204.0M) Survivors: 36.0M->44.0M Heap: 2362.6M(4500.0M)->1547.6M(4500.0M)]
Heap after GC invocations=33302 (full 0):
 garbage-first heap   total 4608000K, used 1584696K [0x00000006a6c00000, 0x00000006a7002328, 0x00000007c0000000)
  region size 4096K, 11 young (45056K), 11 survivors (45056K)
 Metaspace       used 124692K, capacity 128524K, committed 129664K, reserved 1165312K
  class space    used 13846K, capacity 14512K, committed 14720K, reserved 1048576K
}
 [Times: user=0.15 sys=0.03, real=0.02 secs] 
2019-04-29T07:52:21.539+0800: 1523950.758: [GC concurrent-root-region-scan-start]
2019-04-29T07:52:21.554+0800: 1523950.773: [GC concurrent-root-region-scan-end, 0.0150580 secs]
2019-04-29T07:52:21.554+0800: 1523950.773: [GC concurrent-mark-start]
2019-04-29T07:52:21.673+0800: 1523950.892: [GC concurrent-mark-end, 0.1191969 secs]
2019-04-29T07:52:21.674+0800: 1523950.893: [GC remark 1523950.893: [Finalize Marking, 0.0009240 secs] 1523950.894: [GC ref-proc, 0.0064652 secs] 1523950.901: [Unloading, 0.0249423 secs], 0.0337052 secs]
 [Times: user=0.18 sys=0.00, real=0.03 secs] 
2019-04-29T07:52:21.710+0800: 1523950.929: [GC cleanup 1744M->1735M(4500M), 0.0065861 secs]
 [Times: user=0.05 sys=0.00, real=0.00 secs] 
2019-04-29T07:52:21.717+0800: 1523950.935: [GC concurrent-cleanup-start]
2019-04-29T07:52:21.717+0800: 1523950.935: [GC concurrent-cleanup-end, 0.0000567 secs]
 1523951.356: [G1Ergonomics (Concurrent Cycles) do not request concurrent cycle initiation, reason: still doing mixed collections, occupancy: 2122317824 bytes, allocation request: 2692576 bytes, threshold: 2123366400 bytes (45.00 %), source: concurrent humongous allocation]
 1523951.361: [G1Ergonomics (Concurrent Cycles) do not request concurrent cycle initiation, reason: still doing mixed collections, occupancy: 2126512128 bytes, allocation request: 4038856 bytes, threshold: 2123366400 bytes (45.00 %), source: concurrent humongous allocation]
 1523951.366: [G1Ergonomics (Concurrent Cycles) do not request concurrent cycle initiation, reason: still doing mixed collections, occupancy: 2130706432 bytes, allocation request: 3499600 bytes, threshold: 2123366400 bytes (45.00 %), source: concurrent humongous allocation]
 1523951.367: [G1Ergonomics (Concurrent Cycles) do not request concurrent cycle initiation, reason: still doing mixed collections, occupancy: 2134900736 bytes, allocation request: 3499680 bytes, threshold: 2123366400 bytes (45.00 %), source: concurrent humongous allocation]
 1523951.368: [G1Ergonomics (Concurrent Cycles) do not request concurrent cycle initiation, reason: still doing mixed collections, occupancy: 2139095040 bytes, allocation request: 6999336 bytes, threshold: 2123366400 bytes (45.00 %), source: concurrent humongous allocation]
 1523951.369: [G1Ergonomics (Concurrent Cycles) do not request concurrent cycle initiation, reason: still doing mixed collections, occupancy: 2147483648 bytes, allocation request: 3499696 bytes, threshold: 2123366400 bytes (45.00 %), source: concurrent humongous allocation]
 1523951.370: [G1Ergonomics (Concurrent Cycles) do not request concurrent cycle initiation, reason: still doing mixed collections, occupancy: 2151677952 bytes, allocation request: 3499696 bytes, threshold: 2123366400 bytes (45.00 %), source: concurrent humongous allocation]
 1523951.372: [G1Ergonomics (Concurrent Cycles) do not request concurrent cycle initiation, reason: still doing mixed collections, occupancy: 2155872256 bytes, allocation request: 3499696 bytes, threshold: 2123366400 bytes (45.00 %), source: concurrent humongous allocation]
 1523951.372: [G1Ergonomics (Concurrent Cycles) do not request concurrent cycle initiation, reason: still doing mixed collections, occupancy: 2160066560 bytes, allocation request: 5249536 bytes, threshold: 2123366400 bytes (45.00 %), source: concurrent humongous allocation]
 1523951.384: [G1Ergonomics (Concurrent Cycles) do not request concurrent cycle initiation, reason: still doing mixed collections, occupancy: 2168455168 bytes, allocation request: 2692576 bytes, threshold: 2123366400 bytes (45.00 %), source: concurrent humongous allocation]
 1523951.389: [G1Ergonomics (Concurrent Cycles) do not request concurrent cycle initiation, reason: still doing mixed collections, occupancy: 2172649472 bytes, allocation request: 4038856 bytes, threshold: 2123366400 bytes (45.00 %), source: concurrent humongous allocation]
 1523951.390: [G1Ergonomics (Concurrent Cycles) do not request concurrent cycle initiation, reason: still doing mixed collections, occupancy: 2176843776 bytes, allocation request: 5249536 bytes, threshold: 2123366400 bytes (45.00 %), source: concurrent humongous allocation]
 1523951.393: [G1Ergonomics (Concurrent Cycles) do not request concurrent cycle initiation, reason: still doing mixed collections, occupancy: 2185232384 bytes, allocation request: 3499600 bytes, threshold: 2123366400 bytes (45.00 %), source: concurrent humongous allocation]
 1523951.394: [G1Ergonomics (Concurrent Cycles) do not request concurrent cycle initiation, reason: still doing mixed collections, occupancy: 2189426688 bytes, allocation request: 3499680 bytes, threshold: 2123366400 bytes (45.00 %), source: concurrent humongous allocation]
 1523951.395: [G1Ergonomics (Concurrent Cycles) do not request concurrent cycle initiation, reason: still doing mixed collections, occupancy: 2193620992 bytes, allocation request: 6999336 bytes, threshold: 2123366400 bytes (45.00 %), source: concurrent humongous allocation]
 1523951.397: [G1Ergonomics (Concurrent Cycles) do not request concurrent cycle initiation, reason: still doing mixed collections, occupancy: 2202009600 bytes, allocation request: 3499696 bytes, threshold: 2123366400 bytes (45.00 %), source: concurrent humongous allocation]
 1523951.398: [G1Ergonomics (Concurrent Cycles) do not request concurrent cycle initiation, reason: still doing mixed collections, occupancy: 2206203904 bytes, allocation request: 3500200 bytes, threshold: 2123366400 bytes (45.00 %), source: concurrent humongous allocation]
 1523951.398: [G1Ergonomics (Concurrent Cycles) do not request concurrent cycle initiation, reason: still doing mixed collections, occupancy: 2206203904 bytes, allocation request: 3499984 bytes, threshold: 2123366400 bytes (45.00 %), source: concurrent humongous allocation]
 1523951.398: [G1Ergonomics (Concurrent Cycles) do not request concurrent cycle initiation, reason: still doing mixed collections, occupancy: 2214592512 bytes, allocation request: 3499920 bytes, threshold: 2123366400 bytes (45.00 %), source: concurrent humongous allocation]
 1523951.405: [G1Ergonomics (Concurrent Cycles) do not request concurrent cycle initiation, reason: still doing mixed collections, occupancy: 2218786816 bytes, allocation request: 7000376 bytes, threshold: 2123366400 bytes (45.00 %), source: concurrent humongous allocation]
 1523951.405: [G1Ergonomics (Concurrent Cycles) do not request concurrent cycle initiation, reason: still doing mixed collections, occupancy: 2227175424 bytes, allocation request: 6999944 bytes, threshold: 2123366400 bytes (45.00 %), source: concurrent humongous allocation]
 1523951.406: [G1Ergonomics (Concurrent Cycles) do not request concurrent cycle initiation, reason: still doing mixed collections, occupancy: 2235564032 bytes, allocation request: 6999824 bytes, threshold: 2123366400 bytes (45.00 %), source: concurrent humongous allocation]
 1523951.406: [G1Ergonomics (Concurrent Cycles) do not request concurrent cycle initiation, reason: still doing mixed collections, occupancy: 2243952640 bytes, allocation request: 3500200 bytes, threshold: 2123366400 bytes (45.00 %), source: concurrent humongous allocation]
 1523951.407: [G1Ergonomics (Concurrent Cycles) do not request concurrent cycle initiation, reason: still doing mixed collections, occupancy: 2248146944 bytes, allocation request: 5249536 bytes, threshold: 2123366400 bytes (45.00 %), source: concurrent humongous allocation]
 1523951.407: [G1Ergonomics (Concurrent Cycles) do not request concurrent cycle initiation, reason: still doing mixed collections, occupancy: 2256535552 bytes, allocation request: 5250288 bytes, threshold: 2123366400 bytes (45.00 %), source: concurrent humongous allocation]
 1523951.414: [G1Ergonomics (Concurrent Cycles) do not request concurrent cycle initiation, reason: still doing mixed collections, occupancy: 2264924160 bytes, allocation request: 3515912 bytes, threshold: 2123366400 bytes (45.00 %), source: concurrent humongous allocation]
 1523951.418: [G1Ergonomics (Concurrent Cycles) do not request concurrent cycle initiation, reason: still doing mixed collections, occupancy: 2269118464 bytes, allocation request: 3500200 bytes, threshold: 2123366400 bytes (45.00 %), source: concurrent humongous allocation]
 1523951.419: [G1Ergonomics (Concurrent Cycles) do not request concurrent cycle initiation, reason: still doing mixed collections, occupancy: 2273312768 bytes, allocation request: 3500200 bytes, threshold: 2123366400 bytes (45.00 %), source: concurrent humongous allocation]
 1523951.420: [G1Ergonomics (Concurrent Cycles) do not request concurrent cycle initiation, reason: still doing mixed collections, occupancy: 2277507072 bytes, allocation request: 3500200 bytes, threshold: 2123366400 bytes (45.00 %), source: concurrent humongous allocation]
 1523951.420: [G1Ergonomics (Concurrent Cycles) do not request concurrent cycle initiation, reason: still doing mixed collections, occupancy: 2281701376 bytes, allocation request: 2692576 bytes, threshold: 2123366400 bytes (45.00 %), source: concurrent humongous allocation]
 1523951.420: [G1Ergonomics (Concurrent Cycles) do not request concurrent cycle initiation, reason: still doing mixed collections, occupancy: 2285895680 bytes, allocation request: 3499712 bytes, threshold: 2123366400 bytes (45.00 %), source: concurrent humongous allocation]
 1523951.421: [G1Ergonomics (Concurrent Cycles) do not request concurrent cycle initiation, reason: still doing mixed collections, occupancy: 2290089984 bytes, allocation request: 3500304 bytes, threshold: 2123366400 bytes (45.00 %), source: concurrent humongous allocation]
 1523951.422: [G1Ergonomics (Concurrent Cycles) do not request concurrent cycle initiation, reason: still doing mixed collections, occupancy: 2294284288 bytes, allocation request: 3500304 bytes, threshold: 2123366400 bytes (45.00 %), source: concurrent humongous allocation]
 1523951.425: [G1Ergonomics (Concurrent Cycles) do not request concurrent cycle initiation, reason: still doing mixed collections, occupancy: 2298478592 bytes, allocation request: 2387024 bytes, threshold: 2123366400 bytes (45.00 %), source: concurrent humongous allocation]
 1523951.426: [G1Ergonomics (Concurrent Cycles) do not request concurrent cycle initiation, reason: still doing mixed collections, occupancy: 2302672896 bytes, allocation request: 2387104 bytes, threshold: 2123366400 bytes (45.00 %), source: concurrent humongous allocation]
 1523951.426: [G1Ergonomics (Concurrent Cycles) do not request concurrent cycle initiation, reason: still doing mixed collections, occupancy: 2306867200 bytes, allocation request: 5249536 bytes, threshold: 2123366400 bytes (45.00 %), source: concurrent humongous allocation]
 1523951.427: [G1Ergonomics (Concurrent Cycles) do not request concurrent cycle initiation, reason: still doing mixed collections, occupancy: 2315255808 bytes, allocation request: 4774184 bytes, threshold: 2123366400 bytes (45.00 %), source: concurrent humongous allocation]
 1523951.428: [G1Ergonomics (Concurrent Cycles) do not request concurrent cycle initiation, reason: still doing mixed collections, occupancy: 2323644416 bytes, allocation request: 2387120 bytes, threshold: 2123366400 bytes (45.00 %), source: concurrent humongous allocation]
 1523951.429: [G1Ergonomics (Concurrent Cycles) do not request concurrent cycle initiation, reason: still doing mixed collections, occupancy: 2327838720 bytes, allocation request: 5250448 bytes, threshold: 2123366400 bytes (45.00 %), source: concurrent humongous allocation]
 1523951.429: [G1Ergonomics (Concurrent Cycles) do not request concurrent cycle initiation, reason: still doing mixed collections, occupancy: 2336227328 bytes, allocation request: 2387120 bytes, threshold: 2123366400 bytes (45.00 %), source: concurrent humongous allocation]
 1523951.430: [G1Ergonomics (Concurrent Cycles) do not request concurrent cycle initiation, reason: still doing mixed collections, occupancy: 2340421632 bytes, allocation request: 2387120 bytes, threshold: 2123366400 bytes (45.00 %), source: concurrent humongous allocation]
 1523951.445: [G1Ergonomics (Concurrent Cycles) do not request concurrent cycle initiation, reason: still doing mixed collections, occupancy: 2344615936 bytes, allocation request: 5249536 bytes, threshold: 2123366400 bytes (45.00 %), source: concurrent humongous allocation]
 1523951.445: [G1Ergonomics (Concurrent Cycles) do not request concurrent cycle initiation, reason: still doing mixed collections, occupancy: 2353004544 bytes, allocation request: 2692576 bytes, threshold: 2123366400 bytes (45.00 %), source: concurrent humongous allocation]
 1523951.449: [G1Ergonomics (Concurrent Cycles) do not request concurrent cycle initiation, reason: still doing mixed collections, occupancy: 2357198848 bytes, allocation request: 2387024 bytes, threshold: 2123366400 bytes (45.00 %), source: concurrent humongous allocation]
 1523951.449: [G1Ergonomics (Concurrent Cycles) do not request concurrent cycle initiation, reason: still doing mixed collections, occupancy: 2361393152 bytes, allocation request: 2387104 bytes, threshold: 2123366400 bytes (45.00 %), source: concurrent humongous allocation]
 1523951.450: [G1Ergonomics (Concurrent Cycles) do not request concurrent cycle initiation, reason: still doing mixed collections, occupancy: 2365587456 bytes, allocation request: 4774184 bytes, threshold: 2123366400 bytes (45.00 %), source: concurrent humongous allocation]
 1523951.451: [G1Ergonomics (Concurrent Cycles) do not request concurrent cycle initiation, reason: still doing mixed collections, occupancy: 2373976064 bytes, allocation request: 2387120 bytes, threshold: 2123366400 bytes (45.00 %), source: concurrent humongous allocation]
 1523951.452: [G1Ergonomics (Concurrent Cycles) do not request concurrent cycle initiation, reason: still doing mixed collections, occupancy: 2378170368 bytes, allocation request: 2387624 bytes, threshold: 2123366400 bytes (45.00 %), source: concurrent humongous allocation]
 1523951.452: [G1Ergonomics (Concurrent Cycles) do not request concurrent cycle initiation, reason: still doing mixed collections, occupancy: 2378170368 bytes, allocation request: 2387408 bytes, threshold: 2123366400 bytes (45.00 %), source: concurrent humongous allocation]
 1523951.452: [G1Ergonomics (Concurrent Cycles) do not request concurrent cycle initiation, reason: still doing mixed collections, occupancy: 2386558976 bytes, allocation request: 2387344 bytes, threshold: 2123366400 bytes (45.00 %), source: concurrent humongous allocation]
 1523951.457: [G1Ergonomics (Concurrent Cycles) do not request concurrent cycle initiation, reason: still doing mixed collections, occupancy: 2390753280 bytes, allocation request: 4775224 bytes, threshold: 2123366400 bytes (45.00 %), source: concurrent humongous allocation]
 1523951.457: [G1Ergonomics (Concurrent Cycles) do not request concurrent cycle initiation, reason: still doing mixed collections, occupancy: 2399141888 bytes, allocation request: 4774792 bytes, threshold: 2123366400 bytes (45.00 %), source: concurrent humongous allocation]
 1523951.458: [G1Ergonomics (Concurrent Cycles) do not request concurrent cycle initiation, reason: still doing mixed collections, occupancy: 2407530496 bytes, allocation request: 2387624 bytes, threshold: 2123366400 bytes (45.00 %), source: concurrent humongous allocation]
 1523951.458: [G1Ergonomics (Concurrent Cycles) do not request concurrent cycle initiation, reason: still doing mixed collections, occupancy: 2411724800 bytes, allocation request: 3581424 bytes, threshold: 2123366400 bytes (45.00 %), source: concurrent humongous allocation]
 1523951.459: [G1Ergonomics (Concurrent Cycles) do not request concurrent cycle initiation, reason: still doing mixed collections, occupancy: 2415919104 bytes, allocation request: 4774672 bytes, threshold: 2123366400 bytes (45.00 %), source: concurrent humongous allocation]
 1523951.463: [G1Ergonomics (Concurrent Cycles) do not request concurrent cycle initiation, reason: still doing mixed collections, occupancy: 2424307712 bytes, allocation request: 2486064 bytes, threshold: 2123366400 bytes (45.00 %), source: concurrent humongous allocation]
 1523951.464: [G1Ergonomics (Concurrent Cycles) do not request concurrent cycle initiation, reason: still doing mixed collections, occupancy: 2428502016 bytes, allocation request: 5249536 bytes, threshold: 2123366400 bytes (45.00 %), source: concurrent humongous allocation]
 1523951.467: [G1Ergonomics (Concurrent Cycles) do not request concurrent cycle initiation, reason: still doing mixed collections, occupancy: 2436890624 bytes, allocation request: 2387624 bytes, threshold: 2123366400 bytes (45.00 %), source: concurrent humongous allocation]
 1523951.467: [G1Ergonomics (Concurrent Cycles) do not request concurrent cycle initiation, reason: still doing mixed collections, occupancy: 2441084928 bytes, allocation request: 2387624 bytes, threshold: 2123366400 bytes (45.00 %), source: concurrent humongous allocation]
 1523951.468: [G1Ergonomics (Concurrent Cycles) do not request concurrent cycle initiation, reason: still doing mixed collections, occupancy: 2445279232 bytes, allocation request: 2387624 bytes, threshold: 2123366400 bytes (45.00 %), source: concurrent humongous allocation]
 1523951.468: [G1Ergonomics (Concurrent Cycles) do not request concurrent cycle initiation, reason: still doing mixed collections, occupancy: 2449473536 bytes, allocation request: 2387136 bytes, threshold: 2123366400 bytes (45.00 %), source: concurrent humongous allocation]
 1523951.469: [G1Ergonomics (Concurrent Cycles) do not request concurrent cycle initiation, reason: still doing mixed collections, occupancy: 2453667840 bytes, allocation request: 2387728 bytes, threshold: 2123366400 bytes (45.00 %), source: concurrent humongous allocation]
 1523951.470: [G1Ergonomics (Concurrent Cycles) do not request concurrent cycle initiation, reason: still doing mixed collections, occupancy: 2457862144 bytes, allocation request: 2387728 bytes, threshold: 2123366400 bytes (45.00 %), source: concurrent humongous allocation]
 1523951.470: [G1Ergonomics (Concurrent Cycles) do not request concurrent cycle initiation, reason: still doing mixed collections, occupancy: 2462056448 bytes, allocation request: 3581584 bytes, threshold: 2123366400 bytes (45.00 %), source: concurrent humongous allocation]
 1523951.479: [G1Ergonomics (Concurrent Cycles) do not request concurrent cycle initiation, reason: still doing mixed collections, occupancy: 2466250752 bytes, allocation request: 3580672 bytes, threshold: 2123366400 bytes (45.00 %), source: concurrent humongous allocation]
 1523951.493: [G1Ergonomics (Concurrent Cycles) do not request concurrent cycle initiation, reason: still doing mixed collections, occupancy: 2470445056 bytes, allocation request: 3580672 bytes, threshold: 2123366400 bytes (45.00 %), source: concurrent humongous allocation]
 1523951.508: [G1Ergonomics (Concurrent Cycles) do not request concurrent cycle initiation, reason: still doing mixed collections, occupancy: 2474639360 bytes, allocation request: 3580672 bytes, threshold: 2123366400 bytes (45.00 %), source: concurrent humongous allocation]
 1523951.522: [G1Ergonomics (Concurrent Cycles) do not request concurrent cycle initiation, reason: still doing mixed collections, occupancy: 2478833664 bytes, allocation request: 3580672 bytes, threshold: 2123366400 bytes (45.00 %), source: concurrent humongous allocation]
 1523951.534: [G1Ergonomics (Concurrent Cycles) do not request concurrent cycle initiation, reason: still doing mixed collections, occupancy: 2483027968 bytes, allocation request: 2692576 bytes, threshold: 2123366400 bytes (45.00 %), source: concurrent humongous allocation]
 1523951.540: [G1Ergonomics (Concurrent Cycles) do not request concurrent cycle initiation, reason: still doing mixed collections, occupancy: 2487222272 bytes, allocation request: 4038856 bytes, threshold: 2123366400 bytes (45.00 %), source: concurrent humongous allocation]
 1523951.545: [G1Ergonomics (Concurrent Cycles) do not request concurrent cycle initiation, reason: still doing mixed collections, occupancy: 2491416576 bytes, allocation request: 3499608 bytes, threshold: 2123366400 bytes (45.00 %), source: concurrent humongous allocation]
 1523951.545: [G1Ergonomics (Concurrent Cycles) do not request concurrent cycle initiation, reason: still doing mixed collections, occupancy: 2495610880 bytes, allocation request: 3499680 bytes, threshold: 2123366400 bytes (45.00 %), source: concurrent humongous allocation]
 1523951.547: [G1Ergonomics (Concurrent Cycles) do not request concurrent cycle initiation, reason: still doing mixed collections, occupancy: 2499805184 bytes, allocation request: 6999344 bytes, threshold: 2123366400 bytes (45.00 %), source: concurrent humongous allocation]
 1523951.548: [G1Ergonomics (Concurrent Cycles) do not request concurrent cycle initiation, reason: still doing mixed collections, occupancy: 2508193792 bytes, allocation request: 3499696 bytes, threshold: 2123366400 bytes (45.00 %), source: concurrent humongous allocation]
 1523951.549: [G1Ergonomics (Concurrent Cycles) do not request concurrent cycle initiation, reason: still doing mixed collections, occupancy: 2512388096 bytes, allocation request: 3499696 bytes, threshold: 2123366400 bytes (45.00 %), source: concurrent humongous allocation]
 1523951.550: [G1Ergonomics (Concurrent Cycles) do not request concurrent cycle initiation, reason: still doing mixed collections, occupancy: 2516582400 bytes, allocation request: 3499696 bytes, threshold: 2123366400 bytes (45.00 %), source: concurrent humongous allocation]
 1523951.551: [G1Ergonomics (Concurrent Cycles) do not request concurrent cycle initiation, reason: still doing mixed collections, occupancy: 2520776704 bytes, allocation request: 5249536 bytes, threshold: 2123366400 bytes (45.00 %), source: concurrent humongous allocation]
 1523951.562: [G1Ergonomics (Concurrent Cycles) do not request concurrent cycle initiation, reason: still doing mixed collections, occupancy: 2529165312 bytes, allocation request: 2692576 bytes, threshold: 2123366400 bytes (45.00 %), source: concurrent humongous allocation]
 1523951.567: [G1Ergonomics (Concurrent Cycles) do not request concurrent cycle initiation, reason: still doing mixed collections, occupancy: 2533359616 bytes, allocation request: 4038856 bytes, threshold: 2123366400 bytes (45.00 %), source: concurrent humongous allocation]
 1523951.568: [G1Ergonomics (Concurrent Cycles) do not request concurrent cycle initiation, reason: still doing mixed collections, occupancy: 2537553920 bytes, allocation request: 5249536 bytes, threshold: 2123366400 bytes (45.00 %), source: concurrent humongous allocation]
 1523951.572: [G1Ergonomics (Concurrent Cycles) do not request concurrent cycle initiation, reason: still doing mixed collections, occupancy: 2545942528 bytes, allocation request: 3499608 bytes, threshold: 2123366400 bytes (45.00 %), source: concurrent humongous allocation]
 1523951.573: [G1Ergonomics (Concurrent Cycles) do not request concurrent cycle initiation, reason: still doing mixed collections, occupancy: 2550136832 bytes, allocation request: 3499680 bytes, threshold: 2123366400 bytes (45.00 %), source: concurrent humongous allocation]
 1523951.574: [G1Ergonomics (Concurrent Cycles) do not request concurrent cycle initiation, reason: still doing mixed collections, occupancy: 2554331136 bytes, allocation request: 6999344 bytes, threshold: 2123366400 bytes (45.00 %), source: concurrent humongous allocation]
 1523951.576: [G1Ergonomics (Concurrent Cycles) do not request concurrent cycle initiation, reason: still doing mixed collections, occupancy: 2562719744 bytes, allocation request: 3499696 bytes, threshold: 2123366400 bytes (45.00 %), source: concurrent humongous allocation]
 1523951.577: [G1Ergonomics (Concurrent Cycles) do not request concurrent cycle initiation, reason: still doing mixed collections, occupancy: 2566914048 bytes, allocation request: 3499984 bytes, threshold: 2123366400 bytes (45.00 %), source: concurrent humongous allocation]
 1523951.577: [G1Ergonomics (Concurrent Cycles) do not request concurrent cycle initiation, reason: still doing mixed collections, occupancy: 2566914048 bytes, allocation request: 3500200 bytes, threshold: 2123366400 bytes (45.00 %), source: concurrent humongous allocation]
 1523951.577: [G1Ergonomics (Concurrent Cycles) do not request concurrent cycle initiation, reason: still doing mixed collections, occupancy: 2575302656 bytes, allocation request: 3499920 bytes, threshold: 2123366400 bytes (45.00 %), source: concurrent humongous allocation]
 1523951.584: [G1Ergonomics (Concurrent Cycles) do not request concurrent cycle initiation, reason: still doing mixed collections, occupancy: 2579496960 bytes, allocation request: 7000384 bytes, threshold: 2123366400 bytes (45.00 %), source: concurrent humongous allocation]
 1523951.584: [G1Ergonomics (Concurrent Cycles) do not request concurrent cycle initiation, reason: still doing mixed collections, occupancy: 2587885568 bytes, allocation request: 6999952 bytes, threshold: 2123366400 bytes (45.00 %), source: concurrent humongous allocation]
 1523951.585: [G1Ergonomics (Concurrent Cycles) do not request concurrent cycle initiation, reason: still doing mixed collections, occupancy: 2596274176 bytes, allocation request: 6999824 bytes, threshold: 2123366400 bytes (45.00 %), source: concurrent humongous allocation]
 1523951.585: [G1Ergonomics (Concurrent Cycles) do not request concurrent cycle initiation, reason: still doing mixed collections, occupancy: 2604662784 bytes, allocation request: 3500200 bytes, threshold: 2123366400 bytes (45.00 %), source: concurrent humongous allocation]
 1523951.586: [G1Ergonomics (Concurrent Cycles) do not request concurrent cycle initiation, reason: still doing mixed collections, occupancy: 2608857088 bytes, allocation request: 5250296 bytes, threshold: 2123366400 bytes (45.00 %), source: concurrent humongous allocation]
 1523951.587: [G1Ergonomics (Concurrent Cycles) do not request concurrent cycle initiation, reason: still doing mixed collections, occupancy: 2617245696 bytes, allocation request: 5249536 bytes, threshold: 2123366400 bytes (45.00 %), source: concurrent humongous allocation]
 1523951.592: [G1Ergonomics (Concurrent Cycles) do not request concurrent cycle initiation, reason: still doing mixed collections, occupancy: 2625634304 bytes, allocation request: 3515912 bytes, threshold: 2123366400 bytes (45.00 %), source: concurrent humongous allocation]
 1523951.597: [G1Ergonomics (Concurrent Cycles) do not request concurrent cycle initiation, reason: still doing mixed collections, occupancy: 2629828608 bytes, allocation request: 3500200 bytes, threshold: 2123366400 bytes (45.00 %), source: concurrent humongous allocation]
 1523951.597: [G1Ergonomics (Concurrent Cycles) do not request concurrent cycle initiation, reason: still doing mixed collections, occupancy: 2634022912 bytes, allocation request: 2692576 bytes, threshold: 2123366400 bytes (45.00 %), source: concurrent humongous allocation]
 1523951.598: [G1Ergonomics (Concurrent Cycles) do not request concurrent cycle initiation, reason: still doing mixed collections, occupancy: 2638217216 bytes, allocation request: 3500200 bytes, threshold: 2123366400 bytes (45.00 %), source: concurrent humongous allocation]
 1523951.599: [G1Ergonomics (Concurrent Cycles) do not request concurrent cycle initiation, reason: still doing mixed collections, occupancy: 2642411520 bytes, allocation request: 3500200 bytes, threshold: 2123366400 bytes (45.00 %), source: concurrent humongous allocation]
 1523951.599: [G1Ergonomics (Concurrent Cycles) do not request concurrent cycle initiation, reason: still doing mixed collections, occupancy: 2646605824 bytes, allocation request: 3499712 bytes, threshold: 2123366400 bytes (45.00 %), source: concurrent humongous allocation]
 1523951.600: [G1Ergonomics (Concurrent Cycles) do not request concurrent cycle initiation, reason: still doing mixed collections, occupancy: 2650800128 bytes, allocation request: 3500304 bytes, threshold: 2123366400 bytes (45.00 %), source: concurrent humongous allocation]
 1523951.601: [G1Ergonomics (Concurrent Cycles) do not request concurrent cycle initiation, reason: still doing mixed collections, occupancy: 2654994432 bytes, allocation request: 3500304 bytes, threshold: 2123366400 bytes (45.00 %), source: concurrent humongous allocation]
 1523951.602: [G1Ergonomics (Concurrent Cycles) do not request concurrent cycle initiation, reason: still doing mixed collections, occupancy: 2659188736 bytes, allocation request: 2386704 bytes, threshold: 2123366400 bytes (45.00 %), source: concurrent humongous allocation]
 1523951.602: [G1Ergonomics (Concurrent Cycles) do not request concurrent cycle initiation, reason: still doing mixed collections, occupancy: 2663383040 bytes, allocation request: 2386784 bytes, threshold: 2123366400 bytes (45.00 %), source: concurrent humongous allocation]
 1523951.603: [G1Ergonomics (Concurrent Cycles) do not request concurrent cycle initiation, reason: still doing mixed collections, occupancy: 2667577344 bytes, allocation request: 4773544 bytes, threshold: 2123366400 bytes (45.00 %), source: concurrent humongous allocation]
 1523951.604: [G1Ergonomics (Concurrent Cycles) do not request concurrent cycle initiation, reason: still doing mixed collections, occupancy: 2675965952 bytes, allocation request: 2386800 bytes, threshold: 2123366400 bytes (45.00 %), source: concurrent humongous allocation]
 1523951.605: [G1Ergonomics (Concurrent Cycles) do not request concurrent cycle initiation, reason: still doing mixed collections, occupancy: 2680160256 bytes, allocation request: 5250448 bytes, threshold: 2123366400 bytes (45.00 %), source: concurrent humongous allocation]
 1523951.605: [G1Ergonomics (Concurrent Cycles) do not request concurrent cycle initiation, reason: still doing mixed collections, occupancy: 2688548864 bytes, allocation request: 2386800 bytes, threshold: 2123366400 bytes (45.00 %), source: concurrent humongous allocation]
 1523951.606: [G1Ergonomics (Concurrent Cycles) do not request concurrent cycle initiation, reason: still doing mixed collections, occupancy: 2692743168 bytes, allocation request: 2386800 bytes, threshold: 2123366400 bytes (45.00 %), source: concurrent humongous allocation]
 1523951.608: [G1Ergonomics (Concurrent Cycles) do not request concurrent cycle initiation, reason: still doing mixed collections, occupancy: 2696937472 bytes, allocation request: 5249536 bytes, threshold: 2123366400 bytes (45.00 %), source: concurrent humongous allocation]
 1523951.619: [G1Ergonomics (Concurrent Cycles) do not request concurrent cycle initiation, reason: still doing mixed collections, occupancy: 2705326080 bytes, allocation request: 2692576 bytes, threshold: 2123366400 bytes (45.00 %), source: concurrent humongous allocation]
 1523951.623: [G1Ergonomics (Concurrent Cycles) do not request concurrent cycle initiation, reason: still doing mixed collections, occupancy: 2709520384 bytes, allocation request: 2386704 bytes, threshold: 2123366400 bytes (45.00 %), source: concurrent humongous allocation]
 1523951.623: [G1Ergonomics (Concurrent Cycles) do not request concurrent cycle initiation, reason: still doing mixed collections, occupancy: 2713714688 bytes, allocation request: 2386784 bytes, threshold: 2123366400 bytes (45.00 %), source: concurrent humongous allocation]
 1523951.624: [G1Ergonomics (Concurrent Cycles) do not request concurrent cycle initiation, reason: still doing mixed collections, occupancy: 2717908992 bytes, allocation request: 4773544 bytes, threshold: 2123366400 bytes (45.00 %), source: concurrent humongous allocation]
 1523951.625: [G1Ergonomics (Concurrent Cycles) do not request concurrent cycle initiation, reason: still doing mixed collections, occupancy: 2726297600 bytes, allocation request: 2386800 bytes, threshold: 2123366400 bytes (45.00 %), source: concurrent humongous allocation]
 1523951.625: [G1Ergonomics (Concurrent Cycles) do not request concurrent cycle initiation, reason: still doing mixed collections, occupancy: 2730491904 bytes, allocation request: 5249536 bytes, threshold: 2123366400 bytes (45.00 %), source: concurrent humongous allocation]
 1523951.626: [G1Ergonomics (Concurrent Cycles) do not request concurrent cycle initiation, reason: still doing mixed collections, occupancy: 2738880512 bytes, allocation request: 2387304 bytes, threshold: 2123366400 bytes (45.00 %), source: concurrent humongous allocation]
 1523951.626: [G1Ergonomics (Concurrent Cycles) do not request concurrent cycle initiation, reason: still doing mixed collections, occupancy: 2738880512 bytes, allocation request: 2387088 bytes, threshold: 2123366400 bytes (45.00 %), source: concurrent humongous allocation]
 1523951.626: [G1Ergonomics (Concurrent Cycles) do not request concurrent cycle initiation, reason: still doing mixed collections, occupancy: 2747269120 bytes, allocation request: 2387024 bytes, threshold: 2123366400 bytes (45.00 %), source: concurrent humongous allocation]
 1523951.630: [G1Ergonomics (Concurrent Cycles) do not request concurrent cycle initiation, reason: still doing mixed collections, occupancy: 2751463424 bytes, allocation request: 4774592 bytes, threshold: 2123366400 bytes (45.00 %), source: concurrent humongous allocation]
 1523951.630: [G1Ergonomics (Concurrent Cycles) do not request concurrent cycle initiation, reason: still doing mixed collections, occupancy: 2759852032 bytes, allocation request: 4774160 bytes, threshold: 2123366400 bytes (45.00 %), source: concurrent humongous allocation]
 1523951.631: [G1Ergonomics (Concurrent Cycles) do not request concurrent cycle initiation, reason: still doing mixed collections, occupancy: 2768240640 bytes, allocation request: 2387304 bytes, threshold: 2123366400 bytes (45.00 %), source: concurrent humongous allocation]
 1523951.631: [G1Ergonomics (Concurrent Cycles) do not request concurrent cycle initiation, reason: still doing mixed collections, occupancy: 2772434944 bytes, allocation request: 4774032 bytes, threshold: 2123366400 bytes (45.00 %), source: concurrent humongous allocation]
 1523951.632: [G1Ergonomics (Concurrent Cycles) do not request concurrent cycle initiation, reason: still doing mixed collections, occupancy: 2780823552 bytes, allocation request: 3580952 bytes, threshold: 2123366400 bytes (45.00 %), source: concurrent humongous allocation]
 1523951.636: [G1Ergonomics (Concurrent Cycles) do not request concurrent cycle initiation, reason: still doing mixed collections, occupancy: 2785017856 bytes, allocation request: 2485744 bytes, threshold: 2123366400 bytes (45.00 %), source: concurrent humongous allocation]
 1523951.640: [G1Ergonomics (Concurrent Cycles) do not request concurrent cycle initiation, reason: still doing mixed collections, occupancy: 2789212160 bytes, allocation request: 2387304 bytes, threshold: 2123366400 bytes (45.00 %), source: concurrent humongous allocation]
 1523951.640: [G1Ergonomics (Concurrent Cycles) do not request concurrent cycle initiation, reason: still doing mixed collections, occupancy: 2793406464 bytes, allocation request: 2387304 bytes, threshold: 2123366400 bytes (45.00 %), source: concurrent humongous allocation]
 1523951.641: [G1Ergonomics (Concurrent Cycles) do not request concurrent cycle initiation, reason: still doing mixed collections, occupancy: 2797600768 bytes, allocation request: 2387304 bytes, threshold: 2123366400 bytes (45.00 %), source: concurrent humongous allocation]
 1523951.642: [G1Ergonomics (Concurrent Cycles) do not request concurrent cycle initiation, reason: still doing mixed collections, occupancy: 2801795072 bytes, allocation request: 2386816 bytes, threshold: 2123366400 bytes (45.00 %), source: concurrent humongous allocation]
 1523951.642: [G1Ergonomics (Concurrent Cycles) do not request concurrent cycle initiation, reason: still doing mixed collections, occupancy: 2805989376 bytes, allocation request: 2387408 bytes, threshold: 2123366400 bytes (45.00 %), source: concurrent humongous allocation]
 1523951.642: [G1Ergonomics (Concurrent Cycles) do not request concurrent cycle initiation, reason: still doing mixed collections, occupancy: 2810183680 bytes, allocation request: 5249536 bytes, threshold: 2123366400 bytes (45.00 %), source: concurrent humongous allocation]
 1523951.643: [G1Ergonomics (Concurrent Cycles) do not request concurrent cycle initiation, reason: still doing mixed collections, occupancy: 2818572288 bytes, allocation request: 2387408 bytes, threshold: 2123366400 bytes (45.00 %), source: concurrent humongous allocation]
 1523951.659: [G1Ergonomics (Concurrent Cycles) do not request concurrent cycle initiation, reason: still doing mixed collections, occupancy: 2822766592 bytes, allocation request: 3580192 bytes, threshold: 2123366400 bytes (45.00 %), source: concurrent humongous allocation]
 1523951.667: [G1Ergonomics (Concurrent Cycles) do not request concurrent cycle initiation, reason: still doing mixed collections, occupancy: 2826960896 bytes, allocation request: 3581104 bytes, threshold: 2123366400 bytes (45.00 %), source: concurrent humongous allocation]
 1523951.673: [G1Ergonomics (Concurrent Cycles) do not request concurrent cycle initiation, reason: still doing mixed collections, occupancy: 2831155200 bytes, allocation request: 3580192 bytes, threshold: 2123366400 bytes (45.00 %), source: concurrent humongous allocation]
 1523951.687: [G1Ergonomics (Concurrent Cycles) do not request concurrent cycle initiation, reason: still doing mixed collections, occupancy: 2835349504 bytes, allocation request: 3580192 bytes, threshold: 2123366400 bytes (45.00 %), source: concurrent humongous allocation]
 1523951.700: [G1Ergonomics (Concurrent Cycles) do not request concurrent cycle initiation, reason: still doing mixed collections, occupancy: 2839543808 bytes, allocation request: 3580192 bytes, threshold: 2123366400 bytes (45.00 %), source: concurrent humongous allocation]
 1523957.618: [G1Ergonomics (Concurrent Cycles) do not request concurrent cycle initiation, reason: still doing mixed collections, occupancy: 2843738112 bytes, allocation request: 2692576 bytes, threshold: 2123366400 bytes (45.00 %), source: concurrent humongous allocation]
 1523957.623: [G1Ergonomics (Concurrent Cycles) do not request concurrent cycle initiation, reason: still doing mixed collections, occupancy: 2847932416 bytes, allocation request: 4038856 bytes, threshold: 2123366400 bytes (45.00 %), source: concurrent humongous allocation]
 1523957.629: [G1Ergonomics (Concurrent Cycles) do not request concurrent cycle initiation, reason: still doing mixed collections, occupancy: 2852126720 bytes, allocation request: 3499600 bytes, threshold: 2123366400 bytes (45.00 %), source: concurrent humongous allocation]
 1523957.629: [G1Ergonomics (Concurrent Cycles) do not request concurrent cycle initiation, reason: still doing mixed collections, occupancy: 2856321024 bytes, allocation request: 3499680 bytes, threshold: 2123366400 bytes (45.00 %), source: concurrent humongous allocation]
 1523957.630: [G1Ergonomics (Concurrent Cycles) do not request concurrent cycle initiation, reason: still doing mixed collections, occupancy: 2860515328 bytes, allocation request: 6999336 bytes, threshold: 2123366400 bytes (45.00 %), source: concurrent humongous allocation]
 1523957.632: [G1Ergonomics (Concurrent Cycles) do not request concurrent cycle initiation, reason: still doing mixed collections, occupancy: 2868903936 bytes, allocation request: 3499696 bytes, threshold: 2123366400 bytes (45.00 %), source: concurrent humongous allocation]
 1523957.633: [G1Ergonomics (Concurrent Cycles) do not request concurrent cycle initiation, reason: still doing mixed collections, occupancy: 2873098240 bytes, allocation request: 3499696 bytes, threshold: 2123366400 bytes (45.00 %), source: concurrent humongous allocation]
 1523957.634: [G1Ergonomics (Concurrent Cycles) do not request concurrent cycle initiation, reason: still doing mixed collections, occupancy: 2877292544 bytes, allocation request: 3499696 bytes, threshold: 2123366400 bytes (45.00 %), source: concurrent humongous allocation]
 1523957.635: [G1Ergonomics (Concurrent Cycles) do not request concurrent cycle initiation, reason: still doing mixed collections, occupancy: 2881486848 bytes, allocation request: 5249536 bytes, threshold: 2123366400 bytes (45.00 %), source: concurrent humongous allocation]
 1523957.645: [G1Ergonomics (Concurrent Cycles) do not request concurrent cycle initiation, reason: still doing mixed collections, occupancy: 2889875456 bytes, allocation request: 2692576 bytes, threshold: 2123366400 bytes (45.00 %), source: concurrent humongous allocation]
 1523957.650: [G1Ergonomics (Concurrent Cycles) do not request concurrent cycle initiation, reason: still doing mixed collections, occupancy: 2894069760 bytes, allocation request: 4038856 bytes, threshold: 2123366400 bytes (45.00 %), source: concurrent humongous allocation]
 1523957.652: [G1Ergonomics (Concurrent Cycles) do not request concurrent cycle initiation, reason: still doing mixed collections, occupancy: 2898264064 bytes, allocation request: 5249536 bytes, threshold: 2123366400 bytes (45.00 %), source: concurrent humongous allocation]
 1523957.655: [G1Ergonomics (Concurrent Cycles) do not request concurrent cycle initiation, reason: still doing mixed collections, occupancy: 2906652672 bytes, allocation request: 3499600 bytes, threshold: 2123366400 bytes (45.00 %), source: concurrent humongous allocation]
 1523957.656: [G1Ergonomics (Concurrent Cycles) do not request concurrent cycle initiation, reason: still doing mixed collections, occupancy: 2910846976 bytes, allocation request: 3499680 bytes, threshold: 2123366400 bytes (45.00 %), source: concurrent humongous allocation]
 1523957.657: [G1Ergonomics (Concurrent Cycles) do not request concurrent cycle initiation, reason: still doing mixed collections, occupancy: 2915041280 bytes, allocation request: 6999336 bytes, threshold: 2123366400 bytes (45.00 %), source: concurrent humongous allocation]
 1523957.659: [G1Ergonomics (Concurrent Cycles) do not request concurrent cycle initiation, reason: still doing mixed collections, occupancy: 2923429888 bytes, allocation request: 3499696 bytes, threshold: 2123366400 bytes (45.00 %), source: concurrent humongous allocation]
 1523957.660: [G1Ergonomics (Concurrent Cycles) do not request concurrent cycle initiation, reason: still doing mixed collections, occupancy: 2927624192 bytes, allocation request: 3499984 bytes, threshold: 2123366400 bytes (45.00 %), source: concurrent humongous allocation]
 1523957.660: [G1Ergonomics (Concurrent Cycles) do not request concurrent cycle initiation, reason: still doing mixed collections, occupancy: 2927624192 bytes, allocation request: 3500200 bytes, threshold: 2123366400 bytes (45.00 %), source: concurrent humongous allocation]
 1523957.660: [G1Ergonomics (Concurrent Cycles) do not request concurrent cycle initiation, reason: still doing mixed collections, occupancy: 2936012800 bytes, allocation request: 3499920 bytes, threshold: 2123366400 bytes (45.00 %), source: concurrent humongous allocation]
 1523957.666: [G1Ergonomics (Concurrent Cycles) do not request concurrent cycle initiation, reason: still doing mixed collections, occupancy: 2940207104 bytes, allocation request: 6999944 bytes, threshold: 2123366400 bytes (45.00 %), source: concurrent humongous allocation]
 1523957.667: [G1Ergonomics (Concurrent Cycles) do not request concurrent cycle initiation, reason: still doing mixed collections, occupancy: 2948595712 bytes, allocation request: 7000376 bytes, threshold: 2123366400 bytes (45.00 %), source: concurrent humongous allocation]
 1523957.667: [G1Ergonomics (Concurrent Cycles) do not request concurrent cycle initiation, reason: still doing mixed collections, occupancy: 2948595712 bytes, allocation request: 6999824 bytes, threshold: 2123366400 bytes (45.00 %), source: concurrent humongous allocation]
 1523957.668: [G1Ergonomics (Concurrent Cycles) do not request concurrent cycle initiation, reason: still doing mixed collections, occupancy: 2965372928 bytes, allocation request: 5249536 bytes, threshold: 2123366400 bytes (45.00 %), source: concurrent humongous allocation]
 1523957.669: [G1Ergonomics (Concurrent Cycles) do not request concurrent cycle initiation, reason: still doing mixed collections, occupancy: 2973761536 bytes, allocation request: 3500200 bytes, threshold: 2123366400 bytes (45.00 %), source: concurrent humongous allocation]
 1523957.669: [G1Ergonomics (Concurrent Cycles) do not request concurrent cycle initiation, reason: still doing mixed collections, occupancy: 2977955840 bytes, allocation request: 5250288 bytes, threshold: 2123366400 bytes (45.00 %), source: concurrent humongous allocation]
 1523957.676: [G1Ergonomics (Concurrent Cycles) do not request concurrent cycle initiation, reason: still doing mixed collections, occupancy: 2986344448 bytes, allocation request: 3515912 bytes, threshold: 2123366400 bytes (45.00 %), source: concurrent humongous allocation]
 1523957.680: [G1Ergonomics (Concurrent Cycles) do not request concurrent cycle initiation, reason: still doing mixed collections, occupancy: 2990538752 bytes, allocation request: 3500200 bytes, threshold: 2123366400 bytes (45.00 %), source: concurrent humongous allocation]
 1523957.681: [G1Ergonomics (Concurrent Cycles) do not request concurrent cycle initiation, reason: still doing mixed collections, occupancy: 2994733056 bytes, allocation request: 3500200 bytes, threshold: 2123366400 bytes (45.00 %), source: concurrent humongous allocation]
 1523957.682: [G1Ergonomics (Concurrent Cycles) do not request concurrent cycle initiation, reason: still doing mixed collections, occupancy: 2998927360 bytes, allocation request: 3500200 bytes, threshold: 2123366400 bytes (45.00 %), source: concurrent humongous allocation]
 1523957.683: [G1Ergonomics (Concurrent Cycles) do not request concurrent cycle initiation, reason: still doing mixed collections, occupancy: 3003121664 bytes, allocation request: 3499712 bytes, threshold: 2123366400 bytes (45.00 %), source: concurrent humongous allocation]
 1523957.683: [G1Ergonomics (Concurrent Cycles) do not request concurrent cycle initiation, reason: still doing mixed collections, occupancy: 3007315968 bytes, allocation request: 3500304 bytes, threshold: 2123366400 bytes (45.00 %), source: concurrent humongous allocation]
 1523957.684: [G1Ergonomics (Concurrent Cycles) do not request concurrent cycle initiation, reason: still doing mixed collections, occupancy: 3011510272 bytes, allocation request: 3500304 bytes, threshold: 2123366400 bytes (45.00 %), source: concurrent humongous allocation]
 1523957.685: [G1Ergonomics (Concurrent Cycles) do not request concurrent cycle initiation, reason: still doing mixed collections, occupancy: 3015704576 bytes, allocation request: 2692576 bytes, threshold: 2123366400 bytes (45.00 %), source: concurrent humongous allocation]
 1523957.685: [G1Ergonomics (Concurrent Cycles) do not request concurrent cycle initiation, reason: still doing mixed collections, occupancy: 3019898880 bytes, allocation request: 5249536 bytes, threshold: 2123366400 bytes (45.00 %), source: concurrent humongous allocation]
 1523957.689: [G1Ergonomics (Concurrent Cycles) do not request concurrent cycle initiation, reason: still doing mixed collections, occupancy: 3028287488 bytes, allocation request: 2386672 bytes, threshold: 2123366400 bytes (45.00 %), source: concurrent humongous allocation]
 1523957.689: [G1Ergonomics (Concurrent Cycles) do not request concurrent cycle initiation, reason: still doing mixed collections, occupancy: 3032481792 bytes, allocation request: 2386744 bytes, threshold: 2123366400 bytes (45.00 %), source: concurrent humongous allocation]
 1523957.690: [G1Ergonomics (Concurrent Cycles) do not request concurrent cycle initiation, reason: still doing mixed collections, occupancy: 3036676096 bytes, allocation request: 4773472 bytes, threshold: 2123366400 bytes (45.00 %), source: concurrent humongous allocation]
 1523957.691: [G1Ergonomics (Concurrent Cycles) do not request concurrent cycle initiation, reason: still doing mixed collections, occupancy: 3045064704 bytes, allocation request: 2386760 bytes, threshold: 2123366400 bytes (45.00 %), source: concurrent humongous allocation]
 1523957.691: [G1Ergonomics (Concurrent Cycles) do not request concurrent cycle initiation, reason: still doing mixed collections, occupancy: 3049259008 bytes, allocation request: 5250448 bytes, threshold: 2123366400 bytes (45.00 %), source: concurrent humongous allocation]
 1523957.692: [G1Ergonomics (Concurrent Cycles) do not request concurrent cycle initiation, reason: still doing mixed collections, occupancy: 3057647616 bytes, allocation request: 2386760 bytes, threshold: 2123366400 bytes (45.00 %), source: concurrent humongous allocation]
 1523957.692: [G1Ergonomics (Concurrent Cycles) do not request concurrent cycle initiation, reason: still doing mixed collections, occupancy: 3061841920 bytes, allocation request: 2386760 bytes, threshold: 2123366400 bytes (45.00 %), source: concurrent humongous allocation]
 1523957.702: [G1Ergonomics (Concurrent Cycles) do not request concurrent cycle initiation, reason: still doing mixed collections, occupancy: 3066036224 bytes, allocation request: 5249536 bytes, threshold: 2123366400 bytes (45.00 %), source: concurrent humongous allocation]
 1523957.704: [G1Ergonomics (Concurrent Cycles) do not request concurrent cycle initiation, reason: still doing mixed collections, occupancy: 3074424832 bytes, allocation request: 2692576 bytes, threshold: 2123366400 bytes (45.00 %), source: concurrent humongous allocation]
 1523957.708: [G1Ergonomics (Concurrent Cycles) do not request concurrent cycle initiation, reason: still doing mixed collections, occupancy: 3078619136 bytes, allocation request: 2386672 bytes, threshold: 2123366400 bytes (45.00 %), source: concurrent humongous allocation]
 1523957.708: [G1Ergonomics (Concurrent Cycles) do not request concurrent cycle initiation, reason: still doing mixed collections, occupancy: 3082813440 bytes, allocation request: 2386744 bytes, threshold: 2123366400 bytes (45.00 %), source: concurrent humongous allocation]
 1523957.709: [G1Ergonomics (Concurrent Cycles) do not request concurrent cycle initiation, reason: still doing mixed collections, occupancy: 3087007744 bytes, allocation request: 4773472 bytes, threshold: 2123366400 bytes (45.00 %), source: concurrent humongous allocation]
 1523957.710: [G1Ergonomics (Concurrent Cycles) do not request concurrent cycle initiation, reason: still doing mixed collections, occupancy: 3095396352 bytes, allocation request: 2386760 bytes, threshold: 2123366400 bytes (45.00 %), source: concurrent humongous allocation]
 1523957.714: [G1Ergonomics (Concurrent Cycles) do not request concurrent cycle initiation, reason: still doing mixed collections, occupancy: 3099590656 bytes, allocation request: 2387048 bytes, threshold: 2123366400 bytes (45.00 %), source: concurrent humongous allocation]
 1523957.714: [G1Ergonomics (Concurrent Cycles) do not request concurrent cycle initiation, reason: still doing mixed collections, occupancy: 3099590656 bytes, allocation request: 2387264 bytes, threshold: 2123366400 bytes (45.00 %), source: concurrent humongous allocation]
 1523957.714: [G1Ergonomics (Concurrent Cycles) do not request concurrent cycle initiation, reason: still doing mixed collections, occupancy: 3107979264 bytes, allocation request: 2386984 bytes, threshold: 2123366400 bytes (45.00 %), source: concurrent humongous allocation]
 1523957.719: [G1Ergonomics (Concurrent Cycles) do not request concurrent cycle initiation, reason: still doing mixed collections, occupancy: 3112173568 bytes, allocation request: 4773960 bytes, threshold: 2123366400 bytes (45.00 %), source: concurrent humongous allocation]
 1523957.719: [G1Ergonomics (Concurrent Cycles) do not request concurrent cycle initiation, reason: still doing mixed collections, occupancy: 3112173568 bytes, allocation request: 4774512 bytes, threshold: 2123366400 bytes (45.00 %), source: concurrent humongous allocation]
 1523957.719: [G1Ergonomics (Concurrent Cycles) do not request concurrent cycle initiation, reason: still doing mixed collections, occupancy: 3120562176 bytes, allocation request: 4774080 bytes, threshold: 2123366400 bytes (45.00 %), source: concurrent humongous allocation]
 1523957.720: [G1Ergonomics (Concurrent Cycles) do not request concurrent cycle initiation, reason: still doing mixed collections, occupancy: 3137339392 bytes, allocation request: 2387264 bytes, threshold: 2123366400 bytes (45.00 %), source: concurrent humongous allocation]
 1523957.720: [G1Ergonomics (Concurrent Cycles) do not request concurrent cycle initiation, reason: still doing mixed collections, occupancy: 3141533696 bytes, allocation request: 3580888 bytes, threshold: 2123366400 bytes (45.00 %), source: concurrent humongous allocation]
 1523957.722: [G1Ergonomics (Concurrent Cycles) do not request concurrent cycle initiation, reason: still doing mixed collections, occupancy: 3145728000 bytes, allocation request: 5249536 bytes, threshold: 2123366400 bytes (45.00 %), source: concurrent humongous allocation]
 1523957.725: [G1Ergonomics (Concurrent Cycles) do not request concurrent cycle initiation, reason: still doing mixed collections, occupancy: 3154116608 bytes, allocation request: 2485704 bytes, threshold: 2123366400 bytes (45.00 %), source: concurrent humongous allocation]
 1523957.729: [G1Ergonomics (Concurrent Cycles) do not request concurrent cycle initiation, reason: still doing mixed collections, occupancy: 3158310912 bytes, allocation request: 2387264 bytes, threshold: 2123366400 bytes (45.00 %), source: concurrent humongous allocation]
 1523957.729: [G1Ergonomics (Concurrent Cycles) do not request concurrent cycle initiation, reason: still doing mixed collections, occupancy: 3162505216 bytes, allocation request: 2387264 bytes, threshold: 2123366400 bytes (45.00 %), source: concurrent humongous allocation]
 1523957.730: [G1Ergonomics (Concurrent Cycles) do not request concurrent cycle initiation, reason: still doing mixed collections, occupancy: 3166699520 bytes, allocation request: 2387264 bytes, threshold: 2123366400 bytes (45.00 %), source: concurrent humongous allocation]
 1523957.730: [G1Ergonomics (Concurrent Cycles) do not request concurrent cycle initiation, reason: still doing mixed collections, occupancy: 3170893824 bytes, allocation request: 2386784 bytes, threshold: 2123366400 bytes (45.00 %), source: concurrent humongous allocation]
 1523957.731: [G1Ergonomics (Concurrent Cycles) do not request concurrent cycle initiation, reason: still doing mixed collections, occupancy: 3175088128 bytes, allocation request: 2387368 bytes, threshold: 2123366400 bytes (45.00 %), source: concurrent humongous allocation]
 1523957.732: [G1Ergonomics (Concurrent Cycles) do not request concurrent cycle initiation, reason: still doing mixed collections, occupancy: 3179282432 bytes, allocation request: 2387368 bytes, threshold: 2123366400 bytes (45.00 %), source: concurrent humongous allocation]
 1523957.736: [G1Ergonomics (Concurrent Cycles) do not request concurrent cycle initiation, reason: still doing mixed collections, occupancy: 3183476736 bytes, allocation request: 3580136 bytes, threshold: 2123366400 bytes (45.00 %), source: concurrent humongous allocation]
 1523957.749: [G1Ergonomics (Concurrent Cycles) do not request concurrent cycle initiation, reason: still doing mixed collections, occupancy: 3187671040 bytes, allocation request: 3580136 bytes, threshold: 2123366400 bytes (45.00 %), source: concurrent humongous allocation]
 1523957.762: [G1Ergonomics (Concurrent Cycles) do not request concurrent cycle initiation, reason: still doing mixed collections, occupancy: 3191865344 bytes, allocation request: 3580136 bytes, threshold: 2123366400 bytes (45.00 %), source: concurrent humongous allocation]
 1523957.767: [G1Ergonomics (Concurrent Cycles) do not request concurrent cycle initiation, reason: still doing mixed collections, occupancy: 3196059648 bytes, allocation request: 3581048 bytes, threshold: 2123366400 bytes (45.00 %), source: concurrent humongous allocation]
 1523957.775: [G1Ergonomics (Concurrent Cycles) do not request concurrent cycle initiation, reason: still doing mixed collections, occupancy: 3200253952 bytes, allocation request: 3580136 bytes, threshold: 2123366400 bytes (45.00 %), source: concurrent humongous allocation]
 1523959.540: [G1Ergonomics (Concurrent Cycles) do not request concurrent cycle initiation, reason: still doing mixed collections, occupancy: 3204448256 bytes, allocation request: 2692576 bytes, threshold: 2123366400 bytes (45.00 %), source: concurrent humongous allocation]
 1523959.545: [G1Ergonomics (Concurrent Cycles) do not request concurrent cycle initiation, reason: still doing mixed collections, occupancy: 3208642560 bytes, allocation request: 4038856 bytes, threshold: 2123366400 bytes (45.00 %), source: concurrent humongous allocation]
 1523959.550: [G1Ergonomics (Concurrent Cycles) do not request concurrent cycle initiation, reason: still doing mixed collections, occupancy: 3212836864 bytes, allocation request: 3499608 bytes, threshold: 2123366400 bytes (45.00 %), source: concurrent humongous allocation]
 1523959.551: [G1Ergonomics (Concurrent Cycles) do not request concurrent cycle initiation, reason: still doing mixed collections, occupancy: 3217031168 bytes, allocation request: 3499680 bytes, threshold: 2123366400 bytes (45.00 %), source: concurrent humongous allocation]
 1523959.552: [G1Ergonomics (Concurrent Cycles) do not request concurrent cycle initiation, reason: still doing mixed collections, occupancy: 3221225472 bytes, allocation request: 6999344 bytes, threshold: 2123366400 bytes (45.00 %), source: concurrent humongous allocation]
 1523959.554: [G1Ergonomics (Concurrent Cycles) do not request concurrent cycle initiation, reason: still doing mixed collections, occupancy: 3229614080 bytes, allocation request: 3499696 bytes, threshold: 2123366400 bytes (45.00 %), source: concurrent humongous allocation]
 1523959.555: [G1Ergonomics (Concurrent Cycles) do not request concurrent cycle initiation, reason: still doing mixed collections, occupancy: 3233808384 bytes, allocation request: 3499696 bytes, threshold: 2123366400 bytes (45.00 %), source: concurrent humongous allocation]
 1523959.556: [G1Ergonomics (Concurrent Cycles) do not request concurrent cycle initiation, reason: still doing mixed collections, occupancy: 3238002688 bytes, allocation request: 3499696 bytes, threshold: 2123366400 bytes (45.00 %), source: concurrent humongous allocation]
 1523959.557: [G1Ergonomics (Concurrent Cycles) do not request concurrent cycle initiation, reason: still doing mixed collections, occupancy: 3242196992 bytes, allocation request: 5249536 bytes, threshold: 2123366400 bytes (45.00 %), source: concurrent humongous allocation]
 1523959.567: [G1Ergonomics (Concurrent Cycles) do not request concurrent cycle initiation, reason: still doing mixed collections, occupancy: 3250585600 bytes, allocation request: 2692576 bytes, threshold: 2123366400 bytes (45.00 %), source: concurrent humongous allocation]
 1523959.573: [G1Ergonomics (Concurrent Cycles) do not request concurrent cycle initiation, reason: still doing mixed collections, occupancy: 3254779904 bytes, allocation request: 4038856 bytes, threshold: 2123366400 bytes (45.00 %), source: concurrent humongous allocation]
 1523959.574: [G1Ergonomics (Concurrent Cycles) do not request concurrent cycle initiation, reason: still doing mixed collections, occupancy: 3258974208 bytes, allocation request: 5249536 bytes, threshold: 2123366400 bytes (45.00 %), source: concurrent humongous allocation]
 1523959.577: [G1Ergonomics (Concurrent Cycles) do not request concurrent cycle initiation, reason: still doing mixed collections, occupancy: 3267362816 bytes, allocation request: 3499608 bytes, threshold: 2123366400 bytes (45.00 %), source: concurrent humongous allocation]
 1523959.578: [G1Ergonomics (Concurrent Cycles) do not request concurrent cycle initiation, reason: still doing mixed collections, occupancy: 3271557120 bytes, allocation request: 3499680 bytes, threshold: 2123366400 bytes (45.00 %), source: concurrent humongous allocation]
 1523959.579: [G1Ergonomics (Concurrent Cycles) do not request concurrent cycle initiation, reason: still doing mixed collections, occupancy: 3275751424 bytes, allocation request: 6999344 bytes, threshold: 2123366400 bytes (45.00 %), source: concurrent humongous allocation]
 1523959.581: [G1Ergonomics (Concurrent Cycles) do not request concurrent cycle initiation, reason: still doing mixed collections, occupancy: 3284140032 bytes, allocation request: 3499696 bytes, threshold: 2123366400 bytes (45.00 %), source: concurrent humongous allocation]
 1523959.582: [G1Ergonomics (Concurrent Cycles) do not request concurrent cycle initiation, reason: still doing mixed collections, occupancy: 3288334336 bytes, allocation request: 3500200 bytes, threshold: 2123366400 bytes (45.00 %), source: concurrent humongous allocation]
 1523959.582: [G1Ergonomics (Concurrent Cycles) do not request concurrent cycle initiation, reason: still doing mixed collections, occupancy: 3292528640 bytes, allocation request: 3499984 bytes, threshold: 2123366400 bytes (45.00 %), source: concurrent humongous allocation]
 1523959.582: [G1Ergonomics (Concurrent Cycles) do not request concurrent cycle initiation, reason: still doing mixed collections, occupancy: 3296722944 bytes, allocation request: 3499920 bytes, threshold: 2123366400 bytes (45.00 %), source: concurrent humongous allocation]
 1523959.589: [G1Ergonomics (Concurrent Cycles) do not request concurrent cycle initiation, reason: still doing mixed collections, occupancy: 3300917248 bytes, allocation request: 6999824 bytes, threshold: 2123366400 bytes (45.00 %), source: concurrent humongous allocation]
 1523959.589: [G1Ergonomics (Concurrent Cycles) do not request concurrent cycle initiation, reason: still doing mixed collections, occupancy: 3309305856 bytes, allocation request: 7000384 bytes, threshold: 2123366400 bytes (45.00 %), source: concurrent humongous allocation]
 1523959.590: [G1Ergonomics (Concurrent Cycles) do not request concurrent cycle initiation, reason: still doing mixed collections, occupancy: 3317694464 bytes, allocation request: 6999952 bytes, threshold: 2123366400 bytes (45.00 %), source: concurrent humongous allocation]
 1523959.591: [G1Ergonomics (Concurrent Cycles) do not request concurrent cycle initiation, reason: still doing mixed collections, occupancy: 3326083072 bytes, allocation request: 3500200 bytes, threshold: 2123366400 bytes (45.00 %), source: concurrent humongous allocation]
 1523959.591: [G1Ergonomics (Concurrent Cycles) do not request concurrent cycle initiation, reason: still doing mixed collections, occupancy: 3330277376 bytes, allocation request: 5250296 bytes, threshold: 2123366400 bytes (45.00 %), source: concurrent humongous allocation]
 1523959.592: [G1Ergonomics (Concurrent Cycles) do not request concurrent cycle initiation, reason: still doing mixed collections, occupancy: 3338665984 bytes, allocation request: 5249536 bytes, threshold: 2123366400 bytes (45.00 %), source: concurrent humongous allocation]
 1523959.598: [G1Ergonomics (Concurrent Cycles) do not request concurrent cycle initiation, reason: still doing mixed collections, occupancy: 3347054592 bytes, allocation request: 3515912 bytes, threshold: 2123366400 bytes (45.00 %), source: concurrent humongous allocation]
 1523959.602: [G1Ergonomics (Concurrent Cycles) do not request concurrent cycle initiation, reason: still doing mixed collections, occupancy: 3351248896 bytes, allocation request: 3500200 bytes, threshold: 2123366400 bytes (45.00 %), source: concurrent humongous allocation]
 1523959.603: [G1Ergonomics (Concurrent Cycles) do not request concurrent cycle initiation, reason: still doing mixed collections, occupancy: 3355443200 bytes, allocation request: 2692576 bytes, threshold: 2123366400 bytes (45.00 %), source: concurrent humongous allocation]
 1523959.603: [G1Ergonomics (Concurrent Cycles) do not request concurrent cycle initiation, reason: still doing mixed collections, occupancy: 3359637504 bytes, allocation request: 3500200 bytes, threshold: 2123366400 bytes (45.00 %), source: concurrent humongous allocation]
 1523959.604: [G1Ergonomics (Concurrent Cycles) do not request concurrent cycle initiation, reason: still doing mixed collections, occupancy: 3363831808 bytes, allocation request: 3500200 bytes, threshold: 2123366400 bytes (45.00 %), source: concurrent humongous allocation]
 1523959.605: [G1Ergonomics (Concurrent Cycles) do not request concurrent cycle initiation, reason: still doing mixed collections, occupancy: 3368026112 bytes, allocation request: 3499712 bytes, threshold: 2123366400 bytes (45.00 %), source: concurrent humongous allocation]
 1523959.606: [G1Ergonomics (Concurrent Cycles) do not request concurrent cycle initiation, reason: still doing mixed collections, occupancy: 3372220416 bytes, allocation request: 3500304 bytes, threshold: 2123366400 bytes (45.00 %), source: concurrent humongous allocation]
 1523959.607: [G1Ergonomics (Concurrent Cycles) do not request concurrent cycle initiation, reason: still doing mixed collections, occupancy: 3376414720 bytes, allocation request: 3500304 bytes, threshold: 2123366400 bytes (45.00 %), source: concurrent humongous allocation]
 1523959.607: [G1Ergonomics (Concurrent Cycles) do not request concurrent cycle initiation, reason: still doing mixed collections, occupancy: 3380609024 bytes, allocation request: 2386672 bytes, threshold: 2123366400 bytes (45.00 %), source: concurrent humongous allocation]
 1523959.607: [G1Ergonomics (Concurrent Cycles) do not request concurrent cycle initiation, reason: still doing mixed collections, occupancy: 3384803328 bytes, allocation request: 2386744 bytes, threshold: 2123366400 bytes (45.00 %), source: concurrent humongous allocation]
 1523959.608: [G1Ergonomics (Concurrent Cycles) do not request concurrent cycle initiation, reason: still doing mixed collections, occupancy: 3388997632 bytes, allocation request: 4773480 bytes, threshold: 2123366400 bytes (45.00 %), source: concurrent humongous allocation]
 1523959.609: [G1Ergonomics (Concurrent Cycles) do not request concurrent cycle initiation, reason: still doing mixed collections, occupancy: 3397386240 bytes, allocation request: 2386768 bytes, threshold: 2123366400 bytes (45.00 %), source: concurrent humongous allocation]
 1523959.610: [G1Ergonomics (Concurrent Cycles) do not request concurrent cycle initiation, reason: still doing mixed collections, occupancy: 3401580544 bytes, allocation request: 5250448 bytes, threshold: 2123366400 bytes (45.00 %), source: concurrent humongous allocation]
 1523959.610: [G1Ergonomics (Concurrent Cycles) do not request concurrent cycle initiation, reason: still doing mixed collections, occupancy: 3409969152 bytes, allocation request: 2386768 bytes, threshold: 2123366400 bytes (45.00 %), source: concurrent humongous allocation]
 1523959.610: [G1Ergonomics (Concurrent Cycles) do not request concurrent cycle initiation, reason: still doing mixed collections, occupancy: 3414163456 bytes, allocation request: 5249536 bytes, threshold: 2123366400 bytes (45.00 %), source: concurrent humongous allocation]
 1523959.610: [G1Ergonomics (Concurrent Cycles) do not request concurrent cycle initiation, reason: still doing mixed collections, occupancy: 3422552064 bytes, allocation request: 2386768 bytes, threshold: 2123366400 bytes (45.00 %), source: concurrent humongous allocation]
{Heap before GC invocations=33303 (full 0):
 garbage-first heap   total 4608000K, used 4056296K [0x00000006a6c00000, 0x00000006a7002328, 0x00000007c0000000)
  region size 4096K, 309 young (1265664K), 11 survivors (45056K)
 Metaspace       used 124688K, capacity 128518K, committed 129664K, reserved 1165312K
  class space    used 13846K, capacity 14511K, committed 14720K, reserved 1048576K
2019-04-29T07:52:30.394+0800: 1523959.612: [GC pause (G1 Humongous Allocation) (young)
Desired survivor size 148897792 bytes, new threshold 15 (max 15)
- age   1:   23763176 bytes,   23763176 total
- age   2:    4819928 bytes,   28583104 total
- age   3:     599720 bytes,   29182824 total
- age   4:     784080 bytes,   29966904 total
- age   5:     937336 bytes,   30904240 total
- age   6:     638872 bytes,   31543112 total
- age   7:     277752 bytes,   31820864 total
- age   8:     284752 bytes,   32105616 total
- age   9:     377560 bytes,   32483176 total
- age  10:     475560 bytes,   32958736 total
- age  11:     456064 bytes,   33414800 total
- age  12:     613904 bytes,   34028704 total
- age  13:     840320 bytes,   34869024 total
- age  14:     758864 bytes,   35627888 total
- age  15:     505808 bytes,   36133696 total
 1523959.613: [G1Ergonomics (CSet Construction) start choosing CSet, _pending_cards: 79564, predicted base time: 23.30 ms, remaining time: 36.70 ms, target pause time: 60.00 ms]
 1523959.613: [G1Ergonomics (CSet Construction) add young regions to CSet, eden: 298 regions, survivors: 11 regions, predicted young region time: 136.71 ms]
 1523959.613: [G1Ergonomics (CSet Construction) finish choosing CSet, eden: 298 regions, survivors: 11 regions, old: 0 regions, predicted pause time: 160.01 ms, target pause time: 60.00 ms]
 1523959.614: [G1Ergonomics (Heap Sizing) attempt heap expansion, reason: region allocation request failed, allocation request: 2097144 bytes]
 1523959.614: [G1Ergonomics (Heap Sizing) expand the heap, requested expansion amount: 2097144 bytes, attempted expansion amount: 4194304 bytes]
 1523959.614: [G1Ergonomics (Heap Sizing) did not expand the heap, reason: heap already fully expanded]
 1523960.146: [G1Ergonomics (Concurrent Cycles) do not request concurrent cycle initiation, reason: still doing mixed collections, occupancy: 2206203904 bytes, allocation request: 0 bytes, threshold: 2123366400 bytes (45.00 %), source: end of GC]
 1523960.146: [G1Ergonomics (Mixed GCs) start mixed GCs, reason: candidate old regions available, candidate old regions: 368 regions, reclaimable: 1445528488 bytes (30.63 %), threshold: 5.00 %]
 (to-space exhausted), 0.5338400 secs]
   [Parallel Time: 380.6 ms, GC Workers: 8]
      [GC Worker Start (ms): Min: 1523959613.3, Avg: 1523959613.3, Max: 1523959613.4, Diff: 0.1]
      [Ext Root Scanning (ms): Min: 0.8, Avg: 1.4, Max: 2.8, Diff: 1.9, Sum: 11.2]
      [Update RS (ms): Min: 6.9, Avg: 7.4, Max: 9.8, Diff: 2.9, Sum: 59.3]
         [Processed Buffers: Min: 42, Avg: 49.6, Max: 60, Diff: 18, Sum: 397]
      [Scan RS (ms): Min: 0.0, Avg: 0.6, Max: 0.8, Diff: 0.8, Sum: 4.8]
      [Code Root Scanning (ms): Min: 0.0, Avg: 0.0, Max: 0.0, Diff: 0.0, Sum: 0.0]
      [Object Copy (ms): Min: 367.9, Avg: 371.0, Max: 371.7, Diff: 3.9, Sum: 2967.9]
      [Termination (ms): Min: 0.0, Avg: 0.1, Max: 0.1, Diff: 0.1, Sum: 0.4]
      [GC Worker Other (ms): Min: 0.0, Avg: 0.0, Max: 0.0, Diff: 0.0, Sum: 0.2]
      [GC Worker Total (ms): Min: 380.4, Avg: 380.5, Max: 380.5, Diff: 0.1, Sum: 3043.9]
      [GC Worker End (ms): Min: 1523959993.8, Avg: 1523959993.8, Max: 1523959993.8, Diff: 0.0]
   [Code Root Fixup: 0.2 ms]
   [Code Root Purge: 0.0 ms]
   [Clear CT: 0.1 ms]
   [Other: 152.9 ms]
      [Evacuation Failure: 149.2 ms]
      [Choose CSet: 0.0 ms]
      [Ref Proc: 0.2 ms]
      [Ref Enq: 0.0 ms]
      [Redirty Cards: 0.2 ms]
      [Humongous Reclaim: 1.8 ms]
      [Free CSet: 0.4 ms]
   [Eden: 1192.0M(2204.0M)->0.0B(2248.0M) Survivors: 44.0M->0.0B Heap: 3963.1M(4500.0M)->2083.5M(4500.0M)]
Heap after GC invocations=33304 (full 0):
 garbage-first heap   total 4608000K, used 2133507K [0x00000006a6c00000, 0x00000006a7002328, 0x00000007c0000000)
  region size 4096K, 0 young (0K), 0 survivors (0K)
 Metaspace       used 124688K, capacity 128518K, committed 129664K, reserved 1165312K
  class space    used 13846K, capacity 14511K, committed 14720K, reserved 1048576K
}
 [Times: user=1.54 sys=0.00, real=0.53 secs] 
 1523960.146: [G1Ergonomics (Concurrent Cycles) do not request concurrent cycle initiation, reason: still doing mixed collections, occupancy: 2210398208 bytes, allocation request: 0 bytes, threshold: 2123366400 bytes (45.00 %), source: STW humongous allocation]
 1523960.160: [G1Ergonomics (Concurrent Cycles) do not request concurrent cycle initiation, reason: still doing mixed collections, occupancy: 2210398208 bytes, allocation request: 2692576 bytes, threshold: 2123366400 bytes (45.00 %), source: concurrent humongous allocation]
 1523960.163: [G1Ergonomics (Concurrent Cycles) do not request concurrent cycle initiation, reason: still doing mixed collections, occupancy: 2214592512 bytes, allocation request: 2386672 bytes, threshold: 2123366400 bytes (45.00 %), source: concurrent humongous allocation]
 1523960.164: [G1Ergonomics (Concurrent Cycles) do not request concurrent cycle initiation, reason: still doing mixed collections, occupancy: 2218786816 bytes, allocation request: 2386744 bytes, threshold: 2123366400 bytes (45.00 %), source: concurrent humongous allocation]
 1523960.164: [G1Ergonomics (Concurrent Cycles) do not request concurrent cycle initiation, reason: still doing mixed collections, occupancy: 2222981120 bytes, allocation request: 5249536 bytes, threshold: 2123366400 bytes (45.00 %), source: concurrent humongous allocation]
 1523960.165: [G1Ergonomics (Concurrent Cycles) do not request concurrent cycle initiation, reason: still doing mixed collections, occupancy: 2231369728 bytes, allocation request: 4773480 bytes, threshold: 2123366400 bytes (45.00 %), source: concurrent humongous allocation]
 1523960.166: [G1Ergonomics (Concurrent Cycles) do not request concurrent cycle initiation, reason: still doing mixed collections, occupancy: 2239758336 bytes, allocation request: 2386768 bytes, threshold: 2123366400 bytes (45.00 %), source: concurrent humongous allocation]
 1523960.167: [G1Ergonomics (Concurrent Cycles) do not request concurrent cycle initiation, reason: still doing mixed collections, occupancy: 2243952640 bytes, allocation request: 2387272 bytes, threshold: 2123366400 bytes (45.00 %), source: concurrent humongous allocation]
 1523960.167: [G1Ergonomics (Concurrent Cycles) do not request concurrent cycle initiation, reason: still doing mixed collections, occupancy: 2243952640 bytes, allocation request: 2387056 bytes, threshold: 2123366400 bytes (45.00 %), source: concurrent humongous allocation]
 1523960.167: [G1Ergonomics (Concurrent Cycles) do not request concurrent cycle initiation, reason: still doing mixed collections, occupancy: 2252341248 bytes, allocation request: 2386992 bytes, threshold: 2123366400 bytes (45.00 %), source: concurrent humongous allocation]
 1523960.171: [G1Ergonomics (Concurrent Cycles) do not request concurrent cycle initiation, reason: still doing mixed collections, occupancy: 2256535552 bytes, allocation request: 4774520 bytes, threshold: 2123366400 bytes (45.00 %), source: concurrent humongous allocation]
 1523960.171: [G1Ergonomics (Concurrent Cycles) do not request concurrent cycle initiation, reason: still doing mixed collections, occupancy: 2256535552 bytes, allocation request: 4774088 bytes, threshold: 2123366400 bytes (45.00 %), source: concurrent humongous allocation]
 1523960.171: [G1Ergonomics (Concurrent Cycles) do not request concurrent cycle initiation, reason: still doing mixed collections, occupancy: 2273312768 bytes, allocation request: 4773960 bytes, threshold: 2123366400 bytes (45.00 %), source: concurrent humongous allocation]
 1523960.172: [G1Ergonomics (Concurrent Cycles) do not request concurrent cycle initiation, reason: still doing mixed collections, occupancy: 2281701376 bytes, allocation request: 2387272 bytes, threshold: 2123366400 bytes (45.00 %), source: concurrent humongous allocation]
 1523960.173: [G1Ergonomics (Concurrent Cycles) do not request concurrent cycle initiation, reason: still doing mixed collections, occupancy: 2285895680 bytes, allocation request: 3580896 bytes, threshold: 2123366400 bytes (45.00 %), source: concurrent humongous allocation]
 1523960.177: [G1Ergonomics (Concurrent Cycles) do not request concurrent cycle initiation, reason: still doing mixed collections, occupancy: 2290089984 bytes, allocation request: 2485712 bytes, threshold: 2123366400 bytes (45.00 %), source: concurrent humongous allocation]
 1523960.181: [G1Ergonomics (Concurrent Cycles) do not request concurrent cycle initiation, reason: still doing mixed collections, occupancy: 2294284288 bytes, allocation request: 5249536 bytes, threshold: 2123366400 bytes (45.00 %), source: concurrent humongous allocation]
 1523960.181: [G1Ergonomics (Concurrent Cycles) do not request concurrent cycle initiation, reason: still doing mixed collections, occupancy: 2302672896 bytes, allocation request: 2387272 bytes, threshold: 2123366400 bytes (45.00 %), source: concurrent humongous allocation]
 1523960.182: [G1Ergonomics (Concurrent Cycles) do not request concurrent cycle initiation, reason: still doing mixed collections, occupancy: 2306867200 bytes, allocation request: 2387272 bytes, threshold: 2123366400 bytes (45.00 %), source: concurrent humongous allocation]
 1523960.182: [G1Ergonomics (Concurrent Cycles) do not request concurrent cycle initiation, reason: still doing mixed collections, occupancy: 2311061504 bytes, allocation request: 2387272 bytes, threshold: 2123366400 bytes (45.00 %), source: concurrent humongous allocation]
 1523960.183: [G1Ergonomics (Concurrent Cycles) do not request concurrent cycle initiation, reason: still doing mixed collections, occupancy: 2315255808 bytes, allocation request: 2386784 bytes, threshold: 2123366400 bytes (45.00 %), source: concurrent humongous allocation]
 1523960.183: [G1Ergonomics (Concurrent Cycles) do not request concurrent cycle initiation, reason: still doing mixed collections, occupancy: 2319450112 bytes, allocation request: 2387376 bytes, threshold: 2123366400 bytes (45.00 %), source: concurrent humongous allocation]
 1523960.184: [G1Ergonomics (Concurrent Cycles) do not request concurrent cycle initiation, reason: still doing mixed collections, occupancy: 2323644416 bytes, allocation request: 2387376 bytes, threshold: 2123366400 bytes (45.00 %), source: concurrent humongous allocation]
 1523960.195: [G1Ergonomics (Concurrent Cycles) do not request concurrent cycle initiation, reason: still doing mixed collections, occupancy: 2327838720 bytes, allocation request: 3580136 bytes, threshold: 2123366400 bytes (45.00 %), source: concurrent humongous allocation]
 1523960.208: [G1Ergonomics (Concurrent Cycles) do not request concurrent cycle initiation, reason: still doing mixed collections, occupancy: 2332033024 bytes, allocation request: 3580136 bytes, threshold: 2123366400 bytes (45.00 %), source: concurrent humongous allocation]
 1523960.217: [G1Ergonomics (Concurrent Cycles) do not request concurrent cycle initiation, reason: still doing mixed collections, occupancy: 2336227328 bytes, allocation request: 3581056 bytes, threshold: 2123366400 bytes (45.00 %), source: concurrent humongous allocation]
 1523960.222: [G1Ergonomics (Concurrent Cycles) do not request concurrent cycle initiation, reason: still doing mixed collections, occupancy: 2340421632 bytes, allocation request: 3580136 bytes, threshold: 2123366400 bytes (45.00 %), source: concurrent humongous allocation]
 1523960.235: [G1Ergonomics (Concurrent Cycles) do not request concurrent cycle initiation, reason: still doing mixed collections, occupancy: 2344615936 bytes, allocation request: 3580136 bytes, threshold: 2123366400 bytes (45.00 %), source: concurrent humongous allocation]
{Heap before GC invocations=33304 (full 0):
 garbage-first heap   total 4608000K, used 4523032K [0x00000006a6c00000, 0x00000006a7002328, 0x00000007c0000000)
  region size 4096K, 562 young (2301952K), 0 survivors (0K)
 Metaspace       used 124688K, capacity 128518K, committed 129664K, reserved 1165312K
  class space    used 13846K, capacity 14511K, committed 14720K, reserved 1048576K
2019-04-29T07:54:07.086+0800: 1524056.305: [GC pause (G1 Evacuation Pause) (mixed)
Desired survivor size 148897792 bytes, new threshold 15 (max 15)
 1524056.305: [G1Ergonomics (CSet Construction) start choosing CSet, _pending_cards: 31795, predicted base time: 11.74 ms, remaining time: 48.26 ms, target pause time: 60.00 ms]
 1524056.305: [G1Ergonomics (CSet Construction) add young regions to CSet, eden: 562 regions, survivors: 0 regions, predicted young region time: 190.97 ms]
 1524056.305: [G1Ergonomics (CSet Construction) finish adding old regions to CSet, reason: old CSet region num reached min, old: 46 regions, min: 46 regions]
 1524056.305: [G1Ergonomics (CSet Construction) finish choosing CSet, eden: 562 regions, survivors: 0 regions, old: 46 regions, predicted pause time: 204.72 ms, target pause time: 60.00 ms]
 1524056.317: [G1Ergonomics (Heap Sizing) attempt heap expansion, reason: region allocation request failed, allocation request: 1312456 bytes]
 1524056.317: [G1Ergonomics (Heap Sizing) expand the heap, requested expansion amount: 1312456 bytes, attempted expansion amount: 4194304 bytes]
 1524056.317: [G1Ergonomics (Heap Sizing) did not expand the heap, reason: heap already fully expanded]
 1524057.101: [G1Ergonomics (Concurrent Cycles) do not request concurrent cycle initiation, reason: still doing mixed collections, occupancy: 3565158400 bytes, allocation request: 0 bytes, threshold: 2123366400 bytes (45.00 %), source: end of GC]
 1524057.101: [G1Ergonomics (Mixed GCs) continue mixed GCs, reason: candidate old regions available, candidate old regions: 322 regions, reclaimable: 1252989936 bytes (26.55 %), threshold: 5.00 %]
 (to-space exhausted), 0.7966828 secs]
   [Parallel Time: 306.2 ms, GC Workers: 8]
      [GC Worker Start (ms): Min: 1524056305.5, Avg: 1524056305.5, Max: 1524056305.5, Diff: 0.1]
      [Ext Root Scanning (ms): Min: 1.0, Avg: 1.3, Max: 2.4, Diff: 1.4, Sum: 10.7]
      [Update RS (ms): Min: 5.3, Avg: 6.2, Max: 6.6, Diff: 1.4, Sum: 49.3]
         [Processed Buffers: Min: 22, Avg: 32.6, Max: 46, Diff: 24, Sum: 261]
      [Scan RS (ms): Min: 2.3, Avg: 2.5, Max: 2.6, Diff: 0.3, Sum: 20.3]
      [Code Root Scanning (ms): Min: 0.0, Avg: 0.0, Max: 0.0, Diff: 0.0, Sum: 0.0]
      [Object Copy (ms): Min: 295.8, Avg: 296.0, Max: 296.0, Diff: 0.2, Sum: 2367.7]
      [Termination (ms): Min: 0.0, Avg: 0.0, Max: 0.1, Diff: 0.1, Sum: 0.3]
      [GC Worker Other (ms): Min: 0.0, Avg: 0.0, Max: 0.1, Diff: 0.0, Sum: 0.2]
      [GC Worker Total (ms): Min: 306.0, Avg: 306.1, Max: 306.1, Diff: 0.1, Sum: 2448.6]
      [GC Worker End (ms): Min: 1524056611.6, Avg: 1524056611.6, Max: 1524056611.6, Diff: 0.0]
   [Code Root Fixup: 0.3 ms]
   [Code Root Purge: 0.0 ms]
   [Clear CT: 0.4 ms]
   [Other: 489.9 ms]
      [Evacuation Failure: 487.7 ms]
      [Choose CSet: 0.1 ms]
      [Ref Proc: 0.2 ms]
      [Ref Enq: 0.0 ms]
      [Redirty Cards: 0.2 ms]
      [Humongous Reclaim: 0.2 ms]
      [Free CSet: 0.6 ms]
   [Eden: 2248.0M(2248.0M)->0.0B(2240.0M) Survivors: 0.0B->8192.0K Heap: 4417.0M(4500.0M)->3391.8M(4500.0M)]
Heap after GC invocations=33305 (full 0):
 garbage-first heap   total 4608000K, used 3473168K [0x00000006a6c00000, 0x00000006a7002328, 0x00000007c0000000)
  region size 4096K, 2 young (8192K), 2 survivors (8192K)
 Metaspace       used 124688K, capacity 128518K, committed 129664K, reserved 1165312K
  class space    used 13846K, capacity 14511K, committed 14720K, reserved 1048576K
}
 [Times: user=4.08 sys=0.10, real=0.80 secs] 
{Heap before GC invocations=33305 (full 0):
 garbage-first heap   total 4608000K, used 4591376K [0x00000006a6c00000, 0x00000006a7002328, 0x00000007c0000000)
  region size 4096K, 275 young (1126400K), 2 survivors (8192K)
 Metaspace       used 124688K, capacity 128518K, committed 129664K, reserved 1165312K
  class space    used 13846K, capacity 14511K, committed 14720K, reserved 1048576K
2019-04-29T07:55:01.580+0800: 1524110.798: [GC pause (G1 Evacuation Pause) (mixed)
Desired survivor size 148897792 bytes, new threshold 15 (max 15)
- age   1:    2317792 bytes,    2317792 total
 1524110.799: [G1Ergonomics (CSet Construction) start choosing CSet, _pending_cards: 21404, predicted base time: 9.37 ms, remaining time: 50.63 ms, target pause time: 60.00 ms]
 1524110.799: [G1Ergonomics (CSet Construction) add young regions to CSet, eden: 273 regions, survivors: 2 regions, predicted young region time: 73.68 ms]
 1524110.799: [G1Ergonomics (CSet Construction) finish adding old regions to CSet, reason: old CSet region num reached min, old: 46 regions, min: 46 regions]
 1524110.799: [G1Ergonomics (CSet Construction) finish choosing CSet, eden: 273 regions, survivors: 2 regions, old: 46 regions, predicted pause time: 85.47 ms, target pause time: 60.00 ms]
 1524110.800: [G1Ergonomics (Heap Sizing) attempt heap expansion, reason: region allocation request failed, allocation request: 316952 bytes]
 1524110.800: [G1Ergonomics (Heap Sizing) expand the heap, requested expansion amount: 316952 bytes, attempted expansion amount: 4194304 bytes]
 1524110.800: [G1Ergonomics (Heap Sizing) did not expand the heap, reason: heap already fully expanded]
 1524111.432: [G1Ergonomics (Concurrent Cycles) do not request concurrent cycle initiation, reason: still doing mixed collections, occupancy: 4404019200 bytes, allocation request: 0 bytes, threshold: 2123366400 bytes (45.00 %), source: end of GC]
 1524111.432: [G1Ergonomics (Mixed GCs) continue mixed GCs, reason: candidate old regions available, candidate old regions: 276 regions, reclaimable: 1060699328 bytes (22.48 %), threshold: 5.00 %]
 (to-space exhausted), 0.6340004 secs]
   [Parallel Time: 346.2 ms, GC Workers: 8]
      [GC Worker Start (ms): Min: 1524110799.0, Avg: 1524110799.1, Max: 1524110799.1, Diff: 0.1]
      [Ext Root Scanning (ms): Min: 0.8, Avg: 1.4, Max: 2.9, Diff: 2.1, Sum: 11.0]
      [Update RS (ms): Min: 4.9, Avg: 5.1, Max: 5.4, Diff: 0.5, Sum: 41.1]
         [Processed Buffers: Min: 13, Avg: 24.5, Max: 35, Diff: 22, Sum: 196]
      [Scan RS (ms): Min: 2.6, Avg: 2.9, Max: 3.0, Diff: 0.4, Sum: 23.1]
      [Code Root Scanning (ms): Min: 0.0, Avg: 0.0, Max: 0.0, Diff: 0.0, Sum: 0.0]
      [Object Copy (ms): Min: 335.2, Avg: 336.7, Max: 337.3, Diff: 2.1, Sum: 2693.7]
      [Termination (ms): Min: 0.0, Avg: 0.0, Max: 0.0, Diff: 0.0, Sum: 0.1]
      [GC Worker Other (ms): Min: 0.0, Avg: 0.0, Max: 0.0, Diff: 0.0, Sum: 0.2]
      [GC Worker Total (ms): Min: 346.1, Avg: 346.1, Max: 346.2, Diff: 0.1, Sum: 2769.2]
      [GC Worker End (ms): Min: 1524111145.2, Avg: 1524111145.2, Max: 1524111145.2, Diff: 0.0]
   [Code Root Fixup: 0.3 ms]
   [Code Root Purge: 0.0 ms]
   [Clear CT: 0.3 ms]
   [Other: 287.1 ms]
      [Evacuation Failure: 285.6 ms]
      [Choose CSet: 0.1 ms]
      [Ref Proc: 0.2 ms]
      [Ref Enq: 0.0 ms]
      [Redirty Cards: 0.3 ms]
      [Humongous Reclaim: 0.0 ms]
      [Free CSet: 0.3 ms]
   [Eden: 1092.0M(2240.0M)->0.0B(2248.0M) Survivors: 8192.0K->0.0B Heap: 4483.8M(4500.0M)->4183.8M(4500.0M)]
Heap after GC invocations=33306 (full 0):
 garbage-first heap   total 4608000K, used 4284176K [0x00000006a6c00000, 0x00000006a7002328, 0x00000007c0000000)
  region size 4096K, 0 young (0K), 0 survivors (0K)
 Metaspace       used 124688K, capacity 128518K, committed 129664K, reserved 1165312K
  class space    used 13846K, capacity 14511K, committed 14720K, reserved 1048576K
}
 [Times: user=2.44 sys=0.14, real=0.63 secs] 
{Heap before GC invocations=33306 (full 0):
 garbage-first heap   total 4608000K, used 4591376K [0x00000006a6c00000, 0x00000006a7002328, 0x00000007c0000000)
  region size 4096K, 75 young (307200K), 0 survivors (0K)
 Metaspace       used 124688K, capacity 128518K, committed 129664K, reserved 1165312K
  class space    used 13846K, capacity 14511K, committed 14720K, reserved 1048576K
2019-04-29T07:55:06.355+0800: 1524115.574: [GC pause (G1 Evacuation Pause) (mixed)
Desired survivor size 148897792 bytes, new threshold 15 (max 15)
 1524115.574: [G1Ergonomics (CSet Construction) start choosing CSet, _pending_cards: 24819, predicted base time: 10.15 ms, remaining time: 49.85 ms, target pause time: 60.00 ms]
 1524115.574: [G1Ergonomics (CSet Construction) add young regions to CSet, eden: 75 regions, survivors: 0 regions, predicted young region time: 15.43 ms]
 1524115.574: [G1Ergonomics (CSet Construction) finish adding old regions to CSet, reason: old CSet region num reached min, old: 46 regions, min: 46 regions]
 1524115.574: [G1Ergonomics (CSet Construction) finish choosing CSet, eden: 75 regions, survivors: 0 regions, old: 46 regions, predicted pause time: 28.28 ms, target pause time: 60.00 ms]
 1524115.575: [G1Ergonomics (Heap Sizing) attempt heap expansion, reason: region allocation request failed, allocation request: 79232 bytes]
 1524115.575: [G1Ergonomics (Heap Sizing) expand the heap, requested expansion amount: 79232 bytes, attempted expansion amount: 4194304 bytes]
 1524115.575: [G1Ergonomics (Heap Sizing) did not expand the heap, reason: heap already fully expanded]
 1524115.991: [G1Ergonomics (Concurrent Cycles) do not request concurrent cycle initiation, reason: still doing mixed collections, occupancy: 4718592000 bytes, allocation request: 0 bytes, threshold: 2123366400 bytes (45.00 %), source: end of GC]
 1524115.991: [G1Ergonomics (Mixed GCs) continue mixed GCs, reason: candidate old regions available, candidate old regions: 230 regions, reclaimable: 868529256 bytes (18.41 %), threshold: 5.00 %]
 (to-space exhausted), 0.4169079 secs]
   [Parallel Time: 315.5 ms, GC Workers: 8]
      [GC Worker Start (ms): Min: 1524115574.4, Avg: 1524115574.4, Max: 1524115574.5, Diff: 0.1]
      [Ext Root Scanning (ms): Min: 0.8, Avg: 1.3, Max: 4.1, Diff: 3.3, Sum: 10.2]
      [Update RS (ms): Min: 6.4, Avg: 6.5, Max: 6.6, Diff: 0.2, Sum: 52.1]
         [Processed Buffers: Min: 16, Avg: 26.2, Max: 44, Diff: 28, Sum: 210]
      [Scan RS (ms): Min: 2.7, Avg: 2.8, Max: 2.8, Diff: 0.2, Sum: 22.2]
      [Code Root Scanning (ms): Min: 0.0, Avg: 0.0, Max: 0.0, Diff: 0.0, Sum: 0.0]
      [Object Copy (ms): Min: 302.0, Avg: 304.7, Max: 305.3, Diff: 3.3, Sum: 2438.0]
      [Termination (ms): Min: 0.0, Avg: 0.0, Max: 0.1, Diff: 0.1, Sum: 0.2]
      [GC Worker Other (ms): Min: 0.0, Avg: 0.0, Max: 0.0, Diff: 0.0, Sum: 0.1]
      [GC Worker Total (ms): Min: 315.3, Avg: 315.4, Max: 315.4, Diff: 0.1, Sum: 2522.9]
      [GC Worker End (ms): Min: 1524115889.8, Avg: 1524115889.8, Max: 1524115889.8, Diff: 0.0]
   [Code Root Fixup: 0.2 ms]
   [Code Root Purge: 0.0 ms]
   [Clear CT: 0.2 ms]
   [Other: 101.0 ms]
      [Evacuation Failure: 99.7 ms]
      [Choose CSet: 0.1 ms]
      [Ref Proc: 0.1 ms]
      [Ref Enq: 0.0 ms]
      [Redirty Cards: 0.3 ms]
      [Humongous Reclaim: 0.0 ms]
      [Free CSet: 0.1 ms]
   [Eden: 300.0M(2248.0M)->0.0B(2248.0M) Survivors: 0.0B->0.0B Heap: 4483.8M(4500.0M)->4483.8M(4500.0M)]
Heap after GC invocations=33307 (full 0):
 garbage-first heap   total 4608000K, used 4591376K [0x00000006a6c00000, 0x00000006a7002328, 0x00000007c0000000)
  region size 4096K, 0 young (0K), 0 survivors (0K)
 Metaspace       used 124688K, capacity 128518K, committed 129664K, reserved 1165312K
  class space    used 13846K, capacity 14511K, committed 14720K, reserved 1048576K
}
 [Times: user=0.87 sys=0.23, real=0.42 secs] 
{Heap before GC invocations=33307 (full 0):
 garbage-first heap   total 4608000K, used 4591376K [0x00000006a6c00000, 0x00000006a7002328, 0x00000007c0000000)
  region size 4096K, 0 young (0K), 0 survivors (0K)
 Metaspace       used 124688K, capacity 128518K, committed 129664K, reserved 1165312K
  class space    used 13846K, capacity 14511K, committed 14720K, reserved 1048576K
2019-04-29T07:55:06.774+0800: 1524115.992: [GC pause (G1 Evacuation Pause) (mixed)
Desired survivor size 148897792 bytes, new threshold 15 (max 15)
 1524115.993: [G1Ergonomics (CSet Construction) start choosing CSet, _pending_cards: 65024, predicted base time: 19.33 ms, remaining time: 40.67 ms, target pause time: 60.00 ms]
 1524115.993: [G1Ergonomics (CSet Construction) add young regions to CSet, eden: 0 regions, survivors: 0 regions, predicted young region time: 0.00 ms]
 1524115.993: [G1Ergonomics (CSet Construction) finish adding old regions to CSet, reason: old CSet region num reached min, old: 46 regions, min: 46 regions]
 1524115.993: [G1Ergonomics (CSet Construction) finish choosing CSet, eden: 0 regions, survivors: 0 regions, old: 46 regions, predicted pause time: 22.31 ms, target pause time: 60.00 ms]
 1524115.993: [G1Ergonomics (Heap Sizing) attempt heap expansion, reason: region allocation request failed, allocation request: 8984 bytes]
 1524115.993: [G1Ergonomics (Heap Sizing) expand the heap, requested expansion amount: 8984 bytes, attempted expansion amount: 4194304 bytes]
 1524115.993: [G1Ergonomics (Heap Sizing) did not expand the heap, reason: heap already fully expanded]
 1524116.031: [G1Ergonomics (Concurrent Cycles) do not request concurrent cycle initiation, reason: still doing mixed collections, occupancy: 4718592000 bytes, allocation request: 0 bytes, threshold: 2123366400 bytes (45.00 %), source: end of GC]
 1524116.031: [G1Ergonomics (Mixed GCs) continue mixed GCs, reason: candidate old regions available, candidate old regions: 184 regions, reclaimable: 676505176 bytes (14.34 %), threshold: 5.00 %]
 (to-space exhausted), 0.0390638 secs]
   [Parallel Time: 36.4 ms, GC Workers: 8]
      [GC Worker Start (ms): Min: 1524115992.8, Avg: 1524115992.8, Max: 1524115992.9, Diff: 0.1]
      [Ext Root Scanning (ms): Min: 1.0, Avg: 1.3, Max: 2.3, Diff: 1.3, Sum: 10.2]
      [Update RS (ms): Min: 11.1, Avg: 12.1, Max: 12.6, Diff: 1.4, Sum: 96.7]
         [Processed Buffers: Min: 30, Avg: 31.9, Max: 34, Diff: 4, Sum: 255]
      [Scan RS (ms): Min: 2.3, Avg: 2.5, Max: 2.6, Diff: 0.3, Sum: 20.0]
      [Code Root Scanning (ms): Min: 0.0, Avg: 0.0, Max: 0.0, Diff: 0.0, Sum: 0.0]
      [Object Copy (ms): Min: 20.3, Avg: 20.3, Max: 20.4, Diff: 0.2, Sum: 162.8]
      [Termination (ms): Min: 0.0, Avg: 0.0, Max: 0.1, Diff: 0.1, Sum: 0.3]
      [GC Worker Other (ms): Min: 0.0, Avg: 0.0, Max: 0.0, Diff: 0.0, Sum: 0.1]
      [GC Worker Total (ms): Min: 36.2, Avg: 36.3, Max: 36.3, Diff: 0.1, Sum: 290.1]
      [GC Worker End (ms): Min: 1524116029.1, Avg: 1524116029.1, Max: 1524116029.1, Diff: 0.0]
   [Code Root Fixup: 0.2 ms]
   [Code Root Purge: 0.0 ms]
   [Clear CT: 0.2 ms]
   [Other: 2.3 ms]
      [Evacuation Failure: 1.4 ms]
      [Choose CSet: 0.1 ms]
      [Ref Proc: 0.2 ms]
      [Ref Enq: 0.0 ms]
      [Redirty Cards: 0.1 ms]
      [Humongous Reclaim: 0.0 ms]
      [Free CSet: 0.1 ms]
   [Eden: 0.0B(2248.0M)->0.0B(2248.0M) Survivors: 0.0B->0.0B Heap: 4483.8M(4500.0M)->4483.8M(4500.0M)]
Heap after GC invocations=33308 (full 0):
 garbage-first heap   total 4608000K, used 4591376K [0x00000006a6c00000, 0x00000006a7002328, 0x00000007c0000000)
  region size 4096K, 0 young (0K), 0 survivors (0K)
 Metaspace       used 124688K, capacity 128518K, committed 129664K, reserved 1165312K
  class space    used 13846K, capacity 14511K, committed 14720K, reserved 1048576K
}
 [Times: user=0.12 sys=0.05, real=0.04 secs] 
{Heap before GC invocations=33308 (full 0):
 garbage-first heap   total 4608000K, used 4591376K [0x00000006a6c00000, 0x00000006a7002328, 0x00000007c0000000)
  region size 4096K, 0 young (0K), 0 survivors (0K)
 Metaspace       used 124688K, capacity 128518K, committed 129664K, reserved 1165312K
  class space    used 13846K, capacity 14511K, committed 14720K, reserved 1048576K
2019-04-29T07:55:06.815+0800: 1524116.033: [GC pause (G1 Evacuation Pause) (mixed)
Desired survivor size 148897792 bytes, new threshold 15 (max 15)
 1524116.033: [G1Ergonomics (CSet Construction) start choosing CSet, _pending_cards: 13063, predicted base time: 7.46 ms, remaining time: 52.54 ms, target pause time: 60.00 ms]
 1524116.033: [G1Ergonomics (CSet Construction) add young regions to CSet, eden: 0 regions, survivors: 0 regions, predicted young region time: 0.00 ms]
 1524116.033: [G1Ergonomics (CSet Construction) finish adding old regions to CSet, reason: old CSet region num reached min, old: 46 regions, min: 46 regions]
 1524116.033: [G1Ergonomics (CSet Construction) finish choosing CSet, eden: 0 regions, survivors: 0 regions, old: 46 regions, predicted pause time: 10.89 ms, target pause time: 60.00 ms]
 1524116.040: [G1Ergonomics (Heap Sizing) attempt heap expansion, reason: region allocation request failed, allocation request: 2240 bytes]
 1524116.040: [G1Ergonomics (Heap Sizing) expand the heap, requested expansion amount: 2240 bytes, attempted expansion amount: 4194304 bytes]
 1524116.040: [G1Ergonomics (Heap Sizing) did not expand the heap, reason: heap already fully expanded]
 1524116.065: [G1Ergonomics (Concurrent Cycles) do not request concurrent cycle initiation, reason: still doing mixed collections, occupancy: 4718592000 bytes, allocation request: 0 bytes, threshold: 2123366400 bytes (45.00 %), source: end of GC]
 1524116.065: [G1Ergonomics (Mixed GCs) continue mixed GCs, reason: candidate old regions available, candidate old regions: 138 regions, reclaimable: 484707608 bytes (10.27 %), threshold: 5.00 %]
 (to-space exhausted), 0.0313531 secs]
   [Parallel Time: 28.4 ms, GC Workers: 8]
      [GC Worker Start (ms): Min: 1524116033.6, Avg: 1524116033.6, Max: 1524116033.7, Diff: 0.1]
      [Ext Root Scanning (ms): Min: 1.0, Avg: 1.3, Max: 2.3, Diff: 1.3, Sum: 10.1]
      [Update RS (ms): Min: 1.0, Avg: 1.9, Max: 2.2, Diff: 1.3, Sum: 15.1]
         [Processed Buffers: Min: 4, Avg: 7.4, Max: 11, Diff: 7, Sum: 59]
      [Scan RS (ms): Min: 2.7, Avg: 2.8, Max: 2.9, Diff: 0.2, Sum: 22.7]
      [Code Root Scanning (ms): Min: 0.0, Avg: 0.0, Max: 0.0, Diff: 0.0, Sum: 0.0]
      [Object Copy (ms): Min: 22.0, Avg: 22.2, Max: 22.3, Diff: 0.2, Sum: 177.6]
      [Termination (ms): Min: 0.0, Avg: 0.0, Max: 0.1, Diff: 0.1, Sum: 0.3]
      [GC Worker Other (ms): Min: 0.0, Avg: 0.0, Max: 0.0, Diff: 0.0, Sum: 0.1]
      [GC Worker Total (ms): Min: 28.2, Avg: 28.2, Max: 28.3, Diff: 0.1, Sum: 225.9]
      [GC Worker End (ms): Min: 1524116061.9, Avg: 1524116061.9, Max: 1524116061.9, Diff: 0.0]
   [Code Root Fixup: 0.2 ms]
   [Code Root Purge: 0.0 ms]
   [Clear CT: 0.2 ms]
   [Other: 2.5 ms]
      [Evacuation Failure: 1.6 ms]
      [Choose CSet: 0.1 ms]
      [Ref Proc: 0.2 ms]
      [Ref Enq: 0.0 ms]
      [Redirty Cards: 0.1 ms]
      [Humongous Reclaim: 0.0 ms]
      [Free CSet: 0.1 ms]
   [Eden: 0.0B(2248.0M)->0.0B(2248.0M) Survivors: 0.0B->0.0B Heap: 4483.8M(4500.0M)->4483.8M(4500.0M)]
Heap after GC invocations=33309 (full 0):
 garbage-first heap   total 4608000K, used 4591376K [0x00000006a6c00000, 0x00000006a7002328, 0x00000007c0000000)
  region size 4096K, 0 young (0K), 0 survivors (0K)
 Metaspace       used 124688K, capacity 128518K, committed 129664K, reserved 1165312K
  class space    used 13846K, capacity 14511K, committed 14720K, reserved 1048576K
}
 [Times: user=0.07 sys=0.04, real=0.03 secs] 
{Heap before GC invocations=33309 (full 0):
 garbage-first heap   total 4608000K, used 4591376K [0x00000006a6c00000, 0x00000006a7002328, 0x00000007c0000000)
  region size 4096K, 0 young (0K), 0 survivors (0K)
 Metaspace       used 124688K, capacity 128518K, committed 129664K, reserved 1165312K
  class space    used 13846K, capacity 14511K, committed 14720K, reserved 1048576K
2019-04-29T07:55:06.847+0800: 1524116.066: [GC pause (G1 Evacuation Pause) (mixed)
Desired survivor size 148897792 bytes, new threshold 15 (max 15)
 1524116.066: [G1Ergonomics (CSet Construction) start choosing CSet, _pending_cards: 13312, predicted base time: 7.52 ms, remaining time: 52.48 ms, target pause time: 60.00 ms]
 1524116.066: [G1Ergonomics (CSet Construction) add young regions to CSet, eden: 0 regions, survivors: 0 regions, predicted young region time: 0.00 ms]
 1524116.066: [G1Ergonomics (CSet Construction) finish adding old regions to CSet, reason: old CSet region num reached min, old: 46 regions, min: 46 regions]
 1524116.066: [G1Ergonomics (CSet Construction) finish choosing CSet, eden: 0 regions, survivors: 0 regions, old: 46 regions, predicted pause time: 11.91 ms, target pause time: 60.00 ms]
 1524116.067: [G1Ergonomics (Heap Sizing) attempt heap expansion, reason: region allocation request failed, allocation request: 2064 bytes]
 1524116.067: [G1Ergonomics (Heap Sizing) expand the heap, requested expansion amount: 2064 bytes, attempted expansion amount: 4194304 bytes]
 1524116.067: [G1Ergonomics (Heap Sizing) did not expand the heap, reason: heap already fully expanded]
 1524116.098: [G1Ergonomics (Concurrent Cycles) do not request concurrent cycle initiation, reason: still doing mixed collections, occupancy: 4718592000 bytes, allocation request: 0 bytes, threshold: 2123366400 bytes (45.00 %), source: end of GC]
 1524116.098: [G1Ergonomics (Mixed GCs) continue mixed GCs, reason: candidate old regions available, candidate old regions: 92 regions, reclaimable: 293312184 bytes (6.22 %), threshold: 5.00 %]
 (to-space exhausted), 0.0315341 secs]
   [Parallel Time: 28.3 ms, GC Workers: 8]
      [GC Worker Start (ms): Min: 1524116066.5, Avg: 1524116066.5, Max: 1524116066.5, Diff: 0.1]
      [Ext Root Scanning (ms): Min: 1.0, Avg: 1.3, Max: 2.4, Diff: 1.5, Sum: 10.5]
      [Update RS (ms): Min: 1.0, Avg: 1.9, Max: 2.2, Diff: 1.3, Sum: 15.5]
         [Processed Buffers: Min: 4, Avg: 6.6, Max: 12, Diff: 8, Sum: 53]
      [Scan RS (ms): Min: 3.0, Avg: 3.1, Max: 3.2, Diff: 0.2, Sum: 25.1]
      [Code Root Scanning (ms): Min: 0.0, Avg: 0.0, Max: 0.0, Diff: 0.0, Sum: 0.0]
      [Object Copy (ms): Min: 21.6, Avg: 21.7, Max: 21.8, Diff: 0.2, Sum: 173.9]
      [Termination (ms): Min: 0.0, Avg: 0.0, Max: 0.1, Diff: 0.1, Sum: 0.3]
      [GC Worker Other (ms): Min: 0.0, Avg: 0.0, Max: 0.0, Diff: 0.0, Sum: 0.1]
      [GC Worker Total (ms): Min: 28.1, Avg: 28.2, Max: 28.2, Diff: 0.0, Sum: 225.3]
      [GC Worker End (ms): Min: 1524116094.6, Avg: 1524116094.7, Max: 1524116094.7, Diff: 0.1]
   [Code Root Fixup: 0.2 ms]
   [Code Root Purge: 0.0 ms]
   [Clear CT: 0.2 ms]
   [Other: 2.9 ms]
      [Evacuation Failure: 2.0 ms]
      [Choose CSet: 0.1 ms]
      [Ref Proc: 0.2 ms]
      [Ref Enq: 0.0 ms]
      [Redirty Cards: 0.1 ms]
      [Humongous Reclaim: 0.0 ms]
      [Free CSet: 0.1 ms]
   [Eden: 0.0B(2248.0M)->0.0B(2248.0M) Survivors: 0.0B->0.0B Heap: 4483.8M(4500.0M)->4483.8M(4500.0M)]
Heap after GC invocations=33310 (full 0):
 garbage-first heap   total 4608000K, used 4591376K [0x00000006a6c00000, 0x00000006a7002328, 0x00000007c0000000)
  region size 4096K, 0 young (0K), 0 survivors (0K)
 Metaspace       used 124688K, capacity 128518K, committed 129664K, reserved 1165312K
  class space    used 13846K, capacity 14511K, committed 14720K, reserved 1048576K
}
 [Times: user=0.10 sys=0.00, real=0.03 secs] 
 1524116.100: [G1Ergonomics (Heap Sizing) attempt heap expansion, reason: allocation request failed, allocation request: 408 bytes]
 1524116.100: [G1Ergonomics (Heap Sizing) expand the heap, requested expansion amount: 4194304 bytes, attempted expansion amount: 4194304 bytes]
 1524116.100: [G1Ergonomics (Heap Sizing) did not expand the heap, reason: heap already fully expanded]
{Heap before GC invocations=33310 (full 0):
 garbage-first heap   total 4608000K, used 4591376K [0x00000006a6c00000, 0x00000006a7002328, 0x00000007c0000000)
  region size 4096K, 0 young (0K), 0 survivors (0K)
 Metaspace       used 124688K, capacity 128518K, committed 129664K, reserved 1165312K
  class space    used 13846K, capacity 14511K, committed 14720K, reserved 1048576K
2019-04-29T07:55:06.881+0800: 1524116.100: [Full GC (Allocation Failure)  4483M->132M(4500M), 0.7267968 secs]
   [Eden: 0.0B(2248.0M)->0.0B(2248.0M) Survivors: 0.0B->0.0B Heap: 4483.8M(4500.0M)->132.8M(4500.0M)], [Metaspace: 124688K->124676K(1165312K)]
Heap after GC invocations=33311 (full 1):
 garbage-first heap   total 4608000K, used 136031K [0x00000006a6c00000, 0x00000006a7002328, 0x00000007c0000000)
  region size 4096K, 0 young (0K), 0 survivors (0K)
 Metaspace       used 124676K, capacity 128488K, committed 129664K, reserved 1165312K
  class space    used 13843K, capacity 14506K, committed 14720K, reserved 1048576K
}
 [Times: user=0.94 sys=0.00, real=0.72 secs] 
{Heap before GC invocations=33311 (full 1):
 garbage-first heap   total 4608000K, used 2437983K [0x00000006a6c00000, 0x00000006a7002328, 0x00000007c0000000)
  region size 4096K, 562 young (2301952K), 0 survivors (0K)
 Metaspace       used 124677K, capacity 128488K, committed 129664K, reserved 1165312K
  class space    used 13843K, capacity 14506K, committed 14720K, reserved 1048576K
2019-04-29T07:56:35.135+0800: 1524204.354: [GC pause (G1 Evacuation Pause) (young)
Desired survivor size 148897792 bytes, new threshold 15 (max 15)
 1524204.354: [G1Ergonomics (CSet Construction) start choosing CSet, _pending_cards: 25083, predicted base time: 10.86 ms, remaining time: 49.14 ms, target pause time: 60.00 ms]
 1524204.354: [G1Ergonomics (CSet Construction) add young regions to CSet, eden: 562 regions, survivors: 0 regions, predicted young region time: 89.66 ms]
 1524204.354: [G1Ergonomics (CSet Construction) finish choosing CSet, eden: 562 regions, survivors: 0 regions, old: 0 regions, predicted pause time: 100.51 ms, target pause time: 60.00 ms]
, 0.0205265 secs]
   [Parallel Time: 17.4 ms, GC Workers: 8]
      [GC Worker Start (ms): Min: 1524204354.3, Avg: 1524204354.4, Max: 1524204354.4, Diff: 0.1]
      [Ext Root Scanning (ms): Min: 1.0, Avg: 1.3, Max: 2.1, Diff: 1.1, Sum: 10.3]
      [Update RS (ms): Min: 4.2, Avg: 4.8, Max: 5.0, Diff: 0.8, Sum: 38.1]
         [Processed Buffers: Min: 16, Avg: 27.1, Max: 41, Diff: 25, Sum: 217]
      [Scan RS (ms): Min: 0.0, Avg: 0.1, Max: 0.1, Diff: 0.1, Sum: 0.7]
      [Code Root Scanning (ms): Min: 0.0, Avg: 0.0, Max: 0.0, Diff: 0.0, Sum: 0.0]
      [Object Copy (ms): Min: 11.0, Avg: 11.1, Max: 11.3, Diff: 0.3, Sum: 88.8]
      [Termination (ms): Min: 0.0, Avg: 0.0, Max: 0.0, Diff: 0.0, Sum: 0.0]
      [GC Worker Other (ms): Min: 0.0, Avg: 0.0, Max: 0.1, Diff: 0.1, Sum: 0.3]
      [GC Worker Total (ms): Min: 17.3, Avg: 17.3, Max: 17.3, Diff: 0.1, Sum: 138.3]
      [GC Worker End (ms): Min: 1524204371.6, Avg: 1524204371.7, Max: 1524204371.7, Diff: 0.0]
   [Code Root Fixup: 0.2 ms]
   [Code Root Purge: 1.0 ms]
   [Clear CT: 0.3 ms]
   [Other: 1.6 ms]
      [Choose CSet: 0.0 ms]
      [Ref Proc: 0.2 ms]
      [Ref Enq: 0.0 ms]
      [Redirty Cards: 0.1 ms]
      [Humongous Reclaim: 0.0 ms]
      [Free CSet: 0.7 ms]
   [Eden: 2248.0M(2248.0M)->0.0B(2224.0M) Survivors: 0.0B->24.0M Heap: 2380.8M(4500.0M)->156.6M(4500.0M)]
Heap after GC invocations=33312 (full 1):
 garbage-first heap   total 4608000K, used 160365K [0x00000006a6c00000, 0x00000006a7002328, 0x00000007c0000000)
  region size 4096K, 6 young (24576K), 6 survivors (24576K)
 Metaspace       used 124677K, capacity 128488K, committed 129664K, reserved 1165312K
  class space    used 13843K, capacity 14506K, committed 14720K, reserved 1048576K
}
 [Times: user=0.14 sys=0.00, real=0.02 secs] 
{Heap before GC invocations=33312 (full 1):
 garbage-first heap   total 4608000K, used 2437741K [0x00000006a6c00000, 0x00000006a7002328, 0x00000007c0000000)
  region size 4096K, 562 young (2301952K), 6 survivors (24576K)
 Metaspace       used 124677K, capacity 128488K, committed 129664K, reserved 1165312K
  class space    used 13843K, capacity 14506K, committed 14720K, reserved 1048576K
2019-04-29T07:58:03.773+0800: 1524292.992: [GC pause (G1 Evacuation Pause) (young)
Desired survivor size 148897792 bytes, new threshold 15 (max 15)
- age   1:   24518896 bytes,   24518896 total
 1524292.992: [G1Ergonomics (CSet Construction) start choosing CSet, _pending_cards: 24221, predicted base time: 10.21 ms, remaining time: 49.79 ms, target pause time: 60.00 ms]
 1524292.992: [G1Ergonomics (CSet Construction) add young regions to CSet, eden: 556 regions, survivors: 6 regions, predicted young region time: 356.63 ms]
 1524292.992: [G1Ergonomics (CSet Construction) finish choosing CSet, eden: 556 regions, survivors: 6 regions, old: 0 regions, predicted pause time: 366.84 ms, target pause time: 60.00 ms]
, 0.0178187 secs]
   [Parallel Time: 15.9 ms, GC Workers: 8]
      [GC Worker Start (ms): Min: 1524292992.4, Avg: 1524292992.5, Max: 1524292992.5, Diff: 0.1]
      [Ext Root Scanning (ms): Min: 1.1, Avg: 1.6, Max: 4.5, Diff: 3.4, Sum: 12.7]
      [Update RS (ms): Min: 1.9, Avg: 4.7, Max: 5.3, Diff: 3.5, Sum: 37.2]
         [Processed Buffers: Min: 12, Avg: 25.1, Max: 37, Diff: 25, Sum: 201]
      [Scan RS (ms): Min: 0.0, Avg: 0.1, Max: 0.1, Diff: 0.1, Sum: 0.7]
      [Code Root Scanning (ms): Min: 0.0, Avg: 0.0, Max: 0.0, Diff: 0.0, Sum: 0.0]
      [Object Copy (ms): Min: 9.2, Avg: 9.3, Max: 9.4, Diff: 0.2, Sum: 74.6]
      [Termination (ms): Min: 0.0, Avg: 0.1, Max: 0.1, Diff: 0.1, Sum: 0.5]
      [GC Worker Other (ms): Min: 0.0, Avg: 0.0, Max: 0.1, Diff: 0.0, Sum: 0.3]
      [GC Worker Total (ms): Min: 15.7, Avg: 15.7, Max: 15.8, Diff: 0.1, Sum: 125.9]
      [GC Worker End (ms): Min: 1524293008.2, Avg: 1524293008.2, Max: 1524293008.2, Diff: 0.1]
   [Code Root Fixup: 0.3 ms]
   [Code Root Purge: 0.0 ms]
   [Clear CT: 0.3 ms]
   [Other: 1.4 ms]
      [Choose CSet: 0.0 ms]
      [Ref Proc: 0.2 ms]
      [Ref Enq: 0.0 ms]
      [Redirty Cards: 0.1 ms]
      [Humongous Reclaim: 0.0 ms]
      [Free CSet: 0.6 ms]
   [Eden: 2224.0M(2224.0M)->0.0B(2208.0M) Survivors: 24.0M->40.0M Heap: 2380.6M(4500.0M)->170.5M(4500.0M)]
Heap after GC invocations=33313 (full 1):
 garbage-first heap   total 4608000K, used 174541K [0x00000006a6c00000, 0x00000006a7002328, 0x00000007c0000000)
  region size 4096K, 10 young (40960K), 10 survivors (40960K)
 Metaspace       used 124677K, capacity 128488K, committed 129664K, reserved 1165312K
  class space    used 13843K, capacity 14506K, committed 14720K, reserved 1048576K
}
 [Times: user=0.10 sys=0.03, real=0.02 secs] 
{Heap before GC invocations=33313 (full 1):
 garbage-first heap   total 4608000K, used 2435533K [0x00000006a6c00000, 0x00000006a7002328, 0x00000007c0000000)
  region size 4096K, 562 young (2301952K), 10 survivors (40960K)
 Metaspace       used 124677K, capacity 128488K, committed 129664K, reserved 1165312K
  class space    used 13843K, capacity 14506K, committed 14720K, reserved 1048576K
2019-04-29T07:59:32.836+0800: 1524382.055: [GC pause (G1 Evacuation Pause) (young)
Desired survivor size 148897792 bytes, new threshold 15 (max 15)
- age   1:   19039432 bytes,   19039432 total
- age   2:    4105800 bytes,   23145232 total
 1524382.055: [G1Ergonomics (CSet Construction) start choosing CSet, _pending_cards: 25460, predicted base time: 9.91 ms, remaining time: 50.09 ms, target pause time: 60.00 ms]
 1524382.055: [G1Ergonomics (CSet Construction) add young regions to CSet, eden: 552 regions, survivors: 10 regions, predicted young region time: 325.63 ms]
 1524382.055: [G1Ergonomics (CSet Construction) finish choosing CSet, eden: 552 regions, survivors: 10 regions, old: 0 regions, predicted pause time: 335.55 ms, target pause time: 60.00 ms]
, 0.0209051 secs]
   [Parallel Time: 19.0 ms, GC Workers: 8]
      [GC Worker Start (ms): Min: 1524382055.4, Avg: 1524382055.5, Max: 1524382055.6, Diff: 0.1]
      [Ext Root Scanning (ms): Min: 1.0, Avg: 1.3, Max: 2.3, Diff: 1.3, Sum: 10.3]
      [Update RS (ms): Min: 4.1, Avg: 4.8, Max: 5.2, Diff: 1.1, Sum: 38.6]
         [Processed Buffers: Min: 15, Avg: 25.2, Max: 39, Diff: 24, Sum: 202]
      [Scan RS (ms): Min: 0.0, Avg: 0.1, Max: 0.1, Diff: 0.1, Sum: 0.7]
      [Code Root Scanning (ms): Min: 0.0, Avg: 0.0, Max: 0.0, Diff: 0.0, Sum: 0.0]
      [Object Copy (ms): Min: 12.3, Avg: 12.5, Max: 12.6, Diff: 0.3, Sum: 100.2]
      [Termination (ms): Min: 0.0, Avg: 0.0, Max: 0.0, Diff: 0.0, Sum: 0.0]
      [GC Worker Other (ms): Min: 0.0, Avg: 0.0, Max: 0.1, Diff: 0.1, Sum: 0.4]
      [GC Worker Total (ms): Min: 18.7, Avg: 18.8, Max: 18.9, Diff: 0.2, Sum: 150.2]
      [GC Worker End (ms): Min: 1524382074.3, Avg: 1524382074.3, Max: 1524382074.3, Diff: 0.1]
   [Code Root Fixup: 0.2 ms]
   [Code Root Purge: 0.0 ms]
   [Clear CT: 0.3 ms]
   [Other: 1.5 ms]
      [Choose CSet: 0.0 ms]
      [Ref Proc: 0.2 ms]
      [Ref Enq: 0.0 ms]
      [Redirty Cards: 0.1 ms]
      [Humongous Reclaim: 0.0 ms]
      [Free CSet: 0.6 ms]
   [Eden: 2208.0M(2208.0M)->0.0B(2212.0M) Survivors: 40.0M->36.0M Heap: 2378.5M(4500.0M)->168.8M(4500.0M)]
Heap after GC invocations=33314 (full 1):
 garbage-first heap   total 4608000K, used 172897K [0x00000006a6c00000, 0x00000006a7002328, 0x00000007c0000000)
  region size 4096K, 9 young (36864K), 9 survivors (36864K)
 Metaspace       used 124677K, capacity 128488K, committed 129664K, reserved 1165312K
  class space    used 13843K, capacity 14506K, committed 14720K, reserved 1048576K
}
 [Times: user=0.13 sys=0.03, real=0.02 secs] 
{Heap before GC invocations=33314 (full 1):
 garbage-first heap   total 4608000K, used 2437985K [0x00000006a6c00000, 0x00000006a7002328, 0x00000007c0000000)
  region size 4096K, 562 young (2301952K), 9 survivors (36864K)
 Metaspace       used 124677K, capacity 128488K, committed 129664K, reserved 1165312K
  class space    used 13843K, capacity 14506K, committed 14720K, reserved 1048576K
2019-04-29T08:00:34.684+0800: 1524443.903: [GC pause (G1 Evacuation Pause) (young)
Desired survivor size 148897792 bytes, new threshold 15 (max 15)
- age   1:   24805400 bytes,   24805400 total
- age   2:     946952 bytes,   25752352 total
- age   3:    4080704 bytes,   29833056 total
 1524443.903: [G1Ergonomics (CSet Construction) start choosing CSet, _pending_cards: 24959, predicted base time: 9.28 ms, remaining time: 50.72 ms, target pause time: 60.00 ms]
 1524443.903: [G1Ergonomics (CSet Construction) add young regions to CSet, eden: 553 regions, survivors: 9 regions, predicted young region time: 337.88 ms]
 1524443.903: [G1Ergonomics (CSet Construction) finish choosing CSet, eden: 553 regions, survivors: 9 regions, old: 0 regions, predicted pause time: 347.15 ms, target pause time: 60.00 ms]
, 0.0208416 secs]
   [Parallel Time: 17.6 ms, GC Workers: 8]
      [GC Worker Start (ms): Min: 1524443903.2, Avg: 1524443903.2, Max: 1524443903.3, Diff: 0.1]
      [Ext Root Scanning (ms): Min: 1.0, Avg: 1.3, Max: 2.3, Diff: 1.3, Sum: 10.6]
      [Update RS (ms): Min: 4.0, Avg: 4.8, Max: 5.2, Diff: 1.2, Sum: 38.8]
         [Processed Buffers: Min: 16, Avg: 25.0, Max: 39, Diff: 23, Sum: 200]
      [Scan RS (ms): Min: 0.0, Avg: 0.1, Max: 0.1, Diff: 0.1, Sum: 0.7]
      [Code Root Scanning (ms): Min: 0.0, Avg: 0.0, Max: 0.0, Diff: 0.0, Sum: 0.0]
      [Object Copy (ms): Min: 11.1, Avg: 11.2, Max: 11.2, Diff: 0.2, Sum: 89.4]
      [Termination (ms): Min: 0.0, Avg: 0.0, Max: 0.0, Diff: 0.0, Sum: 0.0]
      [GC Worker Other (ms): Min: 0.0, Avg: 0.0, Max: 0.1, Diff: 0.0, Sum: 0.3]
      [GC Worker Total (ms): Min: 17.4, Avg: 17.5, Max: 17.5, Diff: 0.1, Sum: 139.7]
      [GC Worker End (ms): Min: 1524443920.7, Avg: 1524443920.7, Max: 1524443920.7, Diff: 0.0]
   [Code Root Fixup: 0.2 ms]
   [Code Root Purge: 0.0 ms]
   [Clear CT: 0.2 ms]
   [Other: 2.8 ms]
      [Choose CSet: 0.0 ms]
      [Ref Proc: 1.5 ms]
      [Ref Enq: 0.0 ms]
      [Redirty Cards: 0.1 ms]
      [Humongous Reclaim: 0.0 ms]
      [Free CSet: 0.6 ms]
   [Eden: 2212.0M(2212.0M)->0.0B(2212.0M) Survivors: 36.0M->36.0M Heap: 2380.8M(4500.0M)->168.8M(4500.0M)]
Heap after GC invocations=33315 (full 1):
 garbage-first heap   total 4608000K, used 172900K [0x00000006a6c00000, 0x00000006a7002328, 0x00000007c0000000)
  region size 4096K, 9 young (36864K), 9 survivors (36864K)
 Metaspace       used 124677K, capacity 128488K, committed 129664K, reserved 1165312K
  class space    used 13843K, capacity 14506K, committed 14720K, reserved 1048576K
}
 [Times: user=0.15 sys=0.00, real=0.02 secs] 
{Heap before GC invocations=33315 (full 1):
 garbage-first heap   total 4608000K, used 2437988K [0x00000006a6c00000, 0x00000006a7002328, 0x00000007c0000000)
  region size 4096K, 562 young (2301952K), 9 survivors (36864K)
 Metaspace       used 124677K, capacity 128488K, committed 129664K, reserved 1165312K
  class space    used 13843K, capacity 14506K, committed 14720K, reserved 1048576K
2019-04-29T08:01:42.756+0800: 1524511.975: [GC pause (G1 Evacuation Pause) (young)
Desired survivor size 148897792 bytes, new threshold 15 (max 15)
- age   1:   20112696 bytes,   20112696 total
- age   2:     924544 bytes,   21037240 total
- age   3:     891128 bytes,   21928368 total
- age   4:    4073640 bytes,   26002008 total
 1524511.975: [G1Ergonomics (CSet Construction) start choosing CSet, _pending_cards: 24476, predicted base time: 9.19 ms, remaining time: 50.81 ms, target pause time: 60.00 ms]
 1524511.975: [G1Ergonomics (CSet Construction) add young regions to CSet, eden: 553 regions, survivors: 9 regions, predicted young region time: 284.41 ms]
 1524511.975: [G1Ergonomics (CSet Construction) finish choosing CSet, eden: 553 regions, survivors: 9 regions, old: 0 regions, predicted pause time: 293.60 ms, target pause time: 60.00 ms]
, 0.0196676 secs]
   [Parallel Time: 17.7 ms, GC Workers: 8]
      [GC Worker Start (ms): Min: 1524511975.2, Avg: 1524511975.2, Max: 1524511975.3, Diff: 0.1]
      [Ext Root Scanning (ms): Min: 1.0, Avg: 1.3, Max: 2.2, Diff: 1.1, Sum: 10.3]
      [Update RS (ms): Min: 3.9, Avg: 4.7, Max: 5.1, Diff: 1.2, Sum: 37.7]
         [Processed Buffers: Min: 14, Avg: 24.2, Max: 36, Diff: 22, Sum: 194]
      [Scan RS (ms): Min: 0.0, Avg: 0.1, Max: 0.1, Diff: 0.1, Sum: 0.6]
      [Code Root Scanning (ms): Min: 0.0, Avg: 0.0, Max: 0.0, Diff: 0.0, Sum: 0.0]
      [Object Copy (ms): Min: 11.3, Avg: 11.4, Max: 11.5, Diff: 0.2, Sum: 91.2]
      [Termination (ms): Min: 0.0, Avg: 0.0, Max: 0.0, Diff: 0.0, Sum: 0.0]
      [GC Worker Other (ms): Min: 0.0, Avg: 0.1, Max: 0.1, Diff: 0.1, Sum: 0.4]
      [GC Worker Total (ms): Min: 17.5, Avg: 17.5, Max: 17.6, Diff: 0.1, Sum: 140.3]
      [GC Worker End (ms): Min: 1524511992.7, Avg: 1524511992.7, Max: 1524511992.8, Diff: 0.1]
   [Code Root Fixup: 0.3 ms]
   [Code Root Purge: 0.0 ms]
   [Clear CT: 0.3 ms]
   [Other: 1.5 ms]
      [Choose CSet: 0.0 ms]
      [Ref Proc: 0.2 ms]
      [Ref Enq: 0.0 ms]
      [Redirty Cards: 0.1 ms]
      [Humongous Reclaim: 0.0 ms]
      [Free CSet: 0.6 ms]
   [Eden: 2212.0M(2212.0M)->0.0B(2212.0M) Survivors: 36.0M->36.0M Heap: 2380.8M(4500.0M)->166.9M(4500.0M)]
Heap after GC invocations=33316 (full 1):
 garbage-first heap   total 4608000K, used 170854K [0x00000006a6c00000, 0x00000006a7002328, 0x00000007c0000000)
  region size 4096K, 9 young (36864K), 9 survivors (36864K)
 Metaspace       used 124677K, capacity 128488K, committed 129664K, reserved 1165312K
  class space    used 13843K, capacity 14506K, committed 14720K, reserved 1048576K
}
 [Times: user=0.12 sys=0.03, real=0.02 secs] 
{Heap before GC invocations=33316 (full 1):
 garbage-first heap   total 4608000K, used 2435942K [0x00000006a6c00000, 0x00000006a7002328, 0x00000007c0000000)
  region size 4096K, 562 young (2301952K), 9 survivors (36864K)
 Metaspace       used 124677K, capacity 128488K, committed 129664K, reserved 1165312K
  class space    used 13843K, capacity 14506K, committed 14720K, reserved 1048576K
2019-04-29T08:03:09.378+0800: 1524598.596: [GC pause (G1 Evacuation Pause) (young)
Desired survivor size 148897792 bytes, new threshold 15 (max 15)
- age   1:   19458176 bytes,   19458176 total
- age   2:     939840 bytes,   20398016 total
- age   3:     922960 bytes,   21320976 total
- age   4:     887016 bytes,   22207992 total
- age   5:    4069944 bytes,   26277936 total
 1524598.596: [G1Ergonomics (CSet Construction) start choosing CSet, _pending_cards: 24708, predicted base time: 8.85 ms, remaining time: 51.15 ms, target pause time: 60.00 ms]
 1524598.596: [G1Ergonomics (CSet Construction) add young regions to CSet, eden: 553 regions, survivors: 9 regions, predicted young region time: 256.90 ms]
 1524598.597: [G1Ergonomics (CSet Construction) finish choosing CSet, eden: 553 regions, survivors: 9 regions, old: 0 regions, predicted pause time: 265.75 ms, target pause time: 60.00 ms]
, 0.0194686 secs]
   [Parallel Time: 17.2 ms, GC Workers: 8]
      [GC Worker Start (ms): Min: 1524598596.7, Avg: 1524598596.8, Max: 1524598596.8, Diff: 0.1]
      [Ext Root Scanning (ms): Min: 1.2, Avg: 1.5, Max: 2.1, Diff: 0.9, Sum: 11.9]
      [Update RS (ms): Min: 4.6, Avg: 5.0, Max: 5.3, Diff: 0.7, Sum: 40.0]
         [Processed Buffers: Min: 14, Avg: 24.9, Max: 41, Diff: 27, Sum: 199]
      [Scan RS (ms): Min: 0.0, Avg: 0.1, Max: 0.2, Diff: 0.1, Sum: 0.7]
      [Code Root Scanning (ms): Min: 0.0, Avg: 0.0, Max: 0.0, Diff: 0.0, Sum: 0.0]
      [Object Copy (ms): Min: 10.2, Avg: 10.5, Max: 10.6, Diff: 0.4, Sum: 83.8]
      [Termination (ms): Min: 0.0, Avg: 0.0, Max: 0.0, Diff: 0.0, Sum: 0.0]
      [GC Worker Other (ms): Min: 0.0, Avg: 0.1, Max: 0.1, Diff: 0.1, Sum: 0.5]
      [GC Worker Total (ms): Min: 17.1, Avg: 17.1, Max: 17.2, Diff: 0.1, Sum: 137.0]
      [GC Worker End (ms): Min: 1524598613.9, Avg: 1524598613.9, Max: 1524598613.9, Diff: 0.1]
   [Code Root Fixup: 0.2 ms]
   [Code Root Purge: 0.0 ms]
   [Clear CT: 0.2 ms]
   [Other: 1.8 ms]
      [Choose CSet: 0.0 ms]
      [Ref Proc: 0.2 ms]
      [Ref Enq: 0.0 ms]
      [Redirty Cards: 0.1 ms]
      [Humongous Reclaim: 0.0 ms]
      [Free CSet: 0.9 ms]
   [Eden: 2212.0M(2212.0M)->0.0B(2212.0M) Survivors: 36.0M->36.0M Heap: 2378.9M(4500.0M)->166.9M(4500.0M)]
Heap after GC invocations=33317 (full 1):
 garbage-first heap   total 4608000K, used 170854K [0x00000006a6c00000, 0x00000006a7002328, 0x00000007c0000000)
  region size 4096K, 9 young (36864K), 9 survivors (36864K)
 Metaspace       used 124677K, capacity 128488K, committed 129664K, reserved 1165312K
  class space    used 13843K, capacity 14506K, committed 14720K, reserved 1048576K
}
 [Times: user=0.11 sys=0.04, real=0.02 secs] 
{Heap before GC invocations=33317 (full 1):
 garbage-first heap   total 4608000K, used 2435942K [0x00000006a6c00000, 0x00000006a7002328, 0x00000007c0000000)
  region size 4096K, 562 young (2301952K), 9 survivors (36864K)
 Metaspace       used 124677K, capacity 128488K, committed 129664K, reserved 1165312K
  class space    used 13843K, capacity 14506K, committed 14720K, reserved 1048576K
2019-04-29T08:04:39.379+0800: 1524688.598: [GC pause (G1 Evacuation Pause) (young)
Desired survivor size 148897792 bytes, new threshold 15 (max 15)
- age   1:   16689864 bytes,   16689864 total
- age   2:    1300192 bytes,   17990056 total
- age   3:     932520 bytes,   18922576 total
- age   4:     922960 bytes,   19845536 total
- age   5:     887016 bytes,   20732552 total
- age   6:    4069720 bytes,   24802272 total
 1524688.598: [G1Ergonomics (CSet Construction) start choosing CSet, _pending_cards: 24989, predicted base time: 8.71 ms, remaining time: 51.29 ms, target pause time: 60.00 ms]
 1524688.598: [G1Ergonomics (CSet Construction) add young regions to CSet, eden: 553 regions, survivors: 9 regions, predicted young region time: 196.84 ms]
 1524688.598: [G1Ergonomics (CSet Construction) finish choosing CSet, eden: 553 regions, survivors: 9 regions, old: 0 regions, predicted pause time: 205.55 ms, target pause time: 60.00 ms]
, 0.0206324 secs]
   [Parallel Time: 18.6 ms, GC Workers: 8]
      [GC Worker Start (ms): Min: 1524688598.4, Avg: 1524688598.5, Max: 1524688598.5, Diff: 0.1]
      [Ext Root Scanning (ms): Min: 1.2, Avg: 1.4, Max: 2.1, Diff: 0.9, Sum: 11.3]
      [Update RS (ms): Min: 4.3, Avg: 5.0, Max: 5.3, Diff: 1.0, Sum: 39.6]
         [Processed Buffers: Min: 18, Avg: 24.9, Max: 35, Diff: 17, Sum: 199]
      [Scan RS (ms): Min: 0.0, Avg: 0.1, Max: 0.1, Diff: 0.1, Sum: 0.6]
      [Code Root Scanning (ms): Min: 0.0, Avg: 0.0, Max: 0.0, Diff: 0.0, Sum: 0.0]
      [Object Copy (ms): Min: 11.9, Avg: 12.0, Max: 12.1, Diff: 0.2, Sum: 96.1]
      [Termination (ms): Min: 0.0, Avg: 0.0, Max: 0.0, Diff: 0.0, Sum: 0.0]
      [GC Worker Other (ms): Min: 0.0, Avg: 0.0, Max: 0.1, Diff: 0.1, Sum: 0.4]
      [GC Worker Total (ms): Min: 18.5, Avg: 18.5, Max: 18.6, Diff: 0.1, Sum: 148.1]
      [GC Worker End (ms): Min: 1524688617.0, Avg: 1524688617.0, Max: 1524688617.0, Diff: 0.1]
   [Code Root Fixup: 0.2 ms]
   [Code Root Purge: 0.0 ms]
   [Clear CT: 0.3 ms]
   [Other: 1.5 ms]
      [Choose CSet: 0.0 ms]
      [Ref Proc: 0.3 ms]
      [Ref Enq: 0.0 ms]
      [Redirty Cards: 0.1 ms]
      [Humongous Reclaim: 0.0 ms]
      [Free CSet: 0.6 ms]
   [Eden: 2212.0M(2212.0M)->0.0B(2212.0M) Survivors: 36.0M->36.0M Heap: 2378.9M(4500.0M)->166.9M(4500.0M)]
Heap after GC invocations=33318 (full 1):
 garbage-first heap   total 4608000K, used 170854K [0x00000006a6c00000, 0x00000006a7002328, 0x00000007c0000000)
  region size 4096K, 9 young (36864K), 9 survivors (36864K)
 Metaspace       used 124677K, capacity 128488K, committed 129664K, reserved 1165312K
  class space    used 13843K, capacity 14506K, committed 14720K, reserved 1048576K
}
 [Times: user=0.13 sys=0.03, real=0.03 secs] 
{Heap before GC invocations=33318 (full 1):
 garbage-first heap   total 4608000K, used 2435942K [0x00000006a6c00000, 0x00000006a7002328, 0x00000007c0000000)
  region size 4096K, 562 young (2301952K), 9 survivors (36864K)
 Metaspace       used 124677K, capacity 128488K, committed 129664K, reserved 1165312K
  class space    used 13843K, capacity 14506K, committed 14720K, reserved 1048576K
2019-04-29T08:05:53.621+0800: 1524762.840: [GC pause (G1 Evacuation Pause) (young)
Desired survivor size 148897792 bytes, new threshold 15 (max 15)
- age   1:   19033208 bytes,   19033208 total
- age   2:     587760 bytes,   19620968 total
- age   3:     908328 bytes,   20529296 total
- age   4:     931224 bytes,   21460520 total
- age   5:     922848 bytes,   22383368 total
- age   6:     887016 bytes,   23270384 total
- age   7:    4069720 bytes,   27340104 total
 1524762.840: [G1Ergonomics (CSet Construction) start choosing CSet, _pending_cards: 26312, predicted base time: 8.78 ms, remaining time: 51.22 ms, target pause time: 60.00 ms]
 1524762.840: [G1Ergonomics (CSet Construction) add young regions to CSet, eden: 553 regions, survivors: 9 regions, predicted young region time: 166.38 ms]
 1524762.840: [G1Ergonomics (CSet Construction) finish choosing CSet, eden: 553 regions, survivors: 9 regions, old: 0 regions, predicted pause time: 175.16 ms, target pause time: 60.00 ms]
, 0.0211551 secs]
   [Parallel Time: 19.1 ms, GC Workers: 8]
      [GC Worker Start (ms): Min: 1524762840.0, Avg: 1524762840.1, Max: 1524762840.1, Diff: 0.1]
      [Ext Root Scanning (ms): Min: 1.0, Avg: 1.3, Max: 2.2, Diff: 1.2, Sum: 10.2]
      [Update RS (ms): Min: 4.2, Avg: 5.0, Max: 5.4, Diff: 1.2, Sum: 40.1]
         [Processed Buffers: Min: 18, Avg: 25.8, Max: 47, Diff: 29, Sum: 206]
      [Scan RS (ms): Min: 0.0, Avg: 0.1, Max: 0.1, Diff: 0.1, Sum: 0.6]
      [Code Root Scanning (ms): Min: 0.0, Avg: 0.0, Max: 0.0, Diff: 0.0, Sum: 0.0]
      [Object Copy (ms): Min: 12.5, Avg: 12.6, Max: 12.7, Diff: 0.2, Sum: 101.0]
      [Termination (ms): Min: 0.0, Avg: 0.0, Max: 0.0, Diff: 0.0, Sum: 0.0]
      [GC Worker Other (ms): Min: 0.0, Avg: 0.0, Max: 0.1, Diff: 0.0, Sum: 0.3]
      [GC Worker Total (ms): Min: 19.0, Avg: 19.0, Max: 19.1, Diff: 0.1, Sum: 152.4]
      [GC Worker End (ms): Min: 1524762859.1, Avg: 1524762859.1, Max: 1524762859.2, Diff: 0.0]
   [Code Root Fixup: 0.3 ms]
   [Code Root Purge: 0.0 ms]
   [Clear CT: 0.3 ms]
   [Other: 1.4 ms]
      [Choose CSet: 0.0 ms]
      [Ref Proc: 0.2 ms]
      [Ref Enq: 0.0 ms]
      [Redirty Cards: 0.1 ms]
      [Humongous Reclaim: 0.0 ms]
      [Free CSet: 0.6 ms]
   [Eden: 2212.0M(2212.0M)->0.0B(2212.0M) Survivors: 36.0M->36.0M Heap: 2378.9M(4500.0M)->168.9M(4500.0M)]
Heap after GC invocations=33319 (full 1):
 garbage-first heap   total 4608000K, used 172902K [0x00000006a6c00000, 0x00000006a7002328, 0x00000007c0000000)
  region size 4096K, 9 young (36864K), 9 survivors (36864K)
 Metaspace       used 124677K, capacity 128488K, committed 129664K, reserved 1165312K
  class space    used 13843K, capacity 14506K, committed 14720K, reserved 1048576K
}
 [Times: user=0.16 sys=0.00, real=0.02 secs] 
{Heap before GC invocations=33319 (full 1):
 garbage-first heap   total 4608000K, used 2437990K [0x00000006a6c00000, 0x00000006a7002328, 0x00000007c0000000)
  region size 4096K, 562 young (2301952K), 9 survivors (36864K)
 Metaspace       used 124677K, capacity 128488K, committed 129664K, reserved 1165312K
  class space    used 13843K, capacity 14506K, committed 14720K, reserved 1048576K
2019-04-29T08:06:57.660+0800: 1524826.879: [GC pause (G1 Evacuation Pause) (young)
Desired survivor size 148897792 bytes, new threshold 15 (max 15)
- age   1:   20107080 bytes,   20107080 total
- age   2:     778224 bytes,   20885304 total
- age   3:     577232 bytes,   21462536 total
- age   4:     496728 bytes,   21959264 total
- age   5:     883848 bytes,   22843112 total
- age   6:     884560 bytes,   23727672 total
- age   7:     886680 bytes,   24614352 total
- age   8:    4069608 bytes,   28683960 total
 1524826.879: [G1Ergonomics (CSet Construction) start choosing CSet, _pending_cards: 25149, predicted base time: 8.31 ms, remaining time: 51.69 ms, target pause time: 60.00 ms]
 1524826.879: [G1Ergonomics (CSet Construction) add young regions to CSet, eden: 553 regions, survivors: 9 regions, predicted young region time: 199.34 ms]
 1524826.879: [G1Ergonomics (CSet Construction) finish choosing CSet, eden: 553 regions, survivors: 9 regions, old: 0 regions, predicted pause time: 207.64 ms, target pause time: 60.00 ms]
, 0.0220170 secs]
   [Parallel Time: 19.9 ms, GC Workers: 8]
      [GC Worker Start (ms): Min: 1524826879.5, Avg: 1524826879.5, Max: 1524826879.5, Diff: 0.1]
      [Ext Root Scanning (ms): Min: 1.1, Avg: 1.3, Max: 2.1, Diff: 1.0, Sum: 10.3]
      [Update RS (ms): Min: 4.2, Avg: 4.9, Max: 5.2, Diff: 1.0, Sum: 39.3]
         [Processed Buffers: Min: 19, Avg: 25.0, Max: 38, Diff: 19, Sum: 200]
      [Scan RS (ms): Min: 0.0, Avg: 0.1, Max: 0.1, Diff: 0.1, Sum: 0.7]
      [Code Root Scanning (ms): Min: 0.0, Avg: 0.0, Max: 0.0, Diff: 0.0, Sum: 0.0]
      [Object Copy (ms): Min: 13.4, Avg: 13.5, Max: 13.5, Diff: 0.2, Sum: 107.8]
      [Termination (ms): Min: 0.0, Avg: 0.0, Max: 0.0, Diff: 0.0, Sum: 0.0]
      [GC Worker Other (ms): Min: 0.0, Avg: 0.0, Max: 0.1, Diff: 0.1, Sum: 0.4]
      [GC Worker Total (ms): Min: 19.8, Avg: 19.8, Max: 19.8, Diff: 0.1, Sum: 158.5]
      [GC Worker End (ms): Min: 1524826899.3, Avg: 1524826899.3, Max: 1524826899.3, Diff: 0.1]
   [Code Root Fixup: 0.3 ms]
   [Code Root Purge: 0.0 ms]
   [Clear CT: 0.3 ms]
   [Other: 1.5 ms]
      [Choose CSet: 0.0 ms]
      [Ref Proc: 0.2 ms]
      [Ref Enq: 0.0 ms]
      [Redirty Cards: 0.1 ms]
      [Humongous Reclaim: 0.0 ms]
      [Free CSet: 0.6 ms]
   [Eden: 2212.0M(2212.0M)->0.0B(2208.0M) Survivors: 36.0M->40.0M Heap: 2380.9M(4500.0M)->170.9M(4500.0M)]
Heap after GC invocations=33320 (full 1):
 garbage-first heap   total 4608000K, used 174950K [0x00000006a6c00000, 0x00000006a7002328, 0x00000007c0000000)
  region size 4096K, 10 young (40960K), 10 survivors (40960K)
 Metaspace       used 124677K, capacity 128488K, committed 129664K, reserved 1165312K
  class space    used 13843K, capacity 14506K, committed 14720K, reserved 1048576K
}
 [Times: user=0.14 sys=0.03, real=0.02 secs] 
{Heap before GC invocations=33320 (full 1):
 garbage-first heap   total 4608000K, used 2435942K [0x00000006a6c00000, 0x00000006a7002328, 0x00000007c0000000)
  region size 4096K, 562 young (2301952K), 10 survivors (40960K)
 Metaspace       used 124677K, capacity 128488K, committed 129664K, reserved 1165312K
  class space    used 13843K, capacity 14506K, committed 14720K, reserved 1048576K
2019-04-29T08:08:29.736+0800: 1524918.955: [GC pause (G1 Evacuation Pause) (young)
Desired survivor size 148897792 bytes, new threshold 15 (max 15)
- age   1:   20339648 bytes,   20339648 total
- age   2:    1253624 bytes,   21593272 total
- age   3:     776408 bytes,   22369680 total
- age   4:     573528 bytes,   22943208 total
- age   5:     496248 bytes,   23439456 total
- age   6:     879368 bytes,   24318824 total
- age   7:     883712 bytes,   25202536 total
- age   8:     884976 bytes,   26087512 total
- age   9:    4069472 bytes,   30156984 total
 1524918.955: [G1Ergonomics (CSet Construction) start choosing CSet, _pending_cards: 25343, predicted base time: 8.21 ms, remaining time: 51.79 ms, target pause time: 60.00 ms]
 1524918.955: [G1Ergonomics (CSet Construction) add young regions to CSet, eden: 552 regions, survivors: 10 regions, predicted young region time: 179.88 ms]
 1524918.955: [G1Ergonomics (CSet Construction) finish choosing CSet, eden: 552 regions, survivors: 10 regions, old: 0 regions, predicted pause time: 188.09 ms, target pause time: 60.00 ms]
, 0.0263109 secs]
   [Parallel Time: 24.3 ms, GC Workers: 8]
      [GC Worker Start (ms): Min: 1524918955.5, Avg: 1524918955.6, Max: 1524918955.6, Diff: 0.1]
      [Ext Root Scanning (ms): Min: 1.1, Avg: 1.4, Max: 2.4, Diff: 1.3, Sum: 10.9]
      [Update RS (ms): Min: 4.2, Avg: 5.1, Max: 5.4, Diff: 1.3, Sum: 40.7]
         [Processed Buffers: Min: 15, Avg: 25.1, Max: 41, Diff: 26, Sum: 201]
      [Scan RS (ms): Min: 0.0, Avg: 0.1, Max: 0.1, Diff: 0.1, Sum: 0.7]
      [Code Root Scanning (ms): Min: 0.0, Avg: 0.0, Max: 0.0, Diff: 0.0, Sum: 0.0]
      [Object Copy (ms): Min: 17.5, Avg: 17.6, Max: 17.7, Diff: 0.2, Sum: 141.2]
      [Termination (ms): Min: 0.0, Avg: 0.0, Max: 0.0, Diff: 0.0, Sum: 0.0]
      [GC Worker Other (ms): Min: 0.0, Avg: 0.0, Max: 0.1, Diff: 0.0, Sum: 0.3]
      [GC Worker Total (ms): Min: 24.2, Avg: 24.2, Max: 24.3, Diff: 0.1, Sum: 193.9]
      [GC Worker End (ms): Min: 1524918979.8, Avg: 1524918979.8, Max: 1524918979.8, Diff: 0.0]
   [Code Root Fixup: 0.2 ms]
   [Code Root Purge: 0.0 ms]
   [Clear CT: 0.3 ms]
   [Other: 1.5 ms]
      [Choose CSet: 0.0 ms]
      [Ref Proc: 0.2 ms]
      [Ref Enq: 0.0 ms]
      [Redirty Cards: 0.1 ms]
      [Humongous Reclaim: 0.0 ms]
      [Free CSet: 0.6 ms]
   [Eden: 2208.0M(2208.0M)->0.0B(2196.0M) Survivors: 40.0M->52.0M Heap: 2378.9M(4500.0M)->182.9M(4500.0M)]
Heap after GC invocations=33321 (full 1):
 garbage-first heap   total 4608000K, used 187241K [0x00000006a6c00000, 0x00000006a7002328, 0x00000007c0000000)
  region size 4096K, 13 young (53248K), 13 survivors (53248K)
 Metaspace       used 124677K, capacity 128488K, committed 129664K, reserved 1165312K
  class space    used 13843K, capacity 14506K, committed 14720K, reserved 1048576K
}
 [Times: user=0.16 sys=0.04, real=0.03 secs] 
{Heap before GC invocations=33321 (full 1):
 garbage-first heap   total 4608000K, used 2435945K [0x00000006a6c00000, 0x00000006a7002328, 0x00000007c0000000)
  region size 4096K, 562 young (2301952K), 13 survivors (53248K)
 Metaspace       used 124677K, capacity 128488K, committed 129664K, reserved 1165312K
  class space    used 13843K, capacity 14506K, committed 14720K, reserved 1048576K
2019-04-29T08:09:36.667+0800: 1524985.886: [GC pause (G1 Evacuation Pause) (young)
Desired survivor size 148897792 bytes, new threshold 15 (max 15)
- age   1:   26508536 bytes,   26508536 total
- age   2:    1779928 bytes,   28288464 total
- age   3:    1247856 bytes,   29536320 total
- age   4:     775640 bytes,   30311960 total
- age   5:     573416 bytes,   30885376 total
- age   6:     496248 bytes,   31381624 total
- age   7:     879256 bytes,   32260880 total
- age   8:     883712 bytes,   33144592 total
- age   9:     884976 bytes,   34029568 total
- age  10:    4069472 bytes,   38099040 total
 1524985.886: [G1Ergonomics (CSet Construction) start choosing CSet, _pending_cards: 25506, predicted base time: 8.16 ms, remaining time: 51.84 ms, target pause time: 60.00 ms]
 1524985.886: [G1Ergonomics (CSet Construction) add young regions to CSet, eden: 549 regions, survivors: 13 regions, predicted young region time: 154.81 ms]
 1524985.886: [G1Ergonomics (CSet Construction) finish choosing CSet, eden: 549 regions, survivors: 13 regions, old: 0 regions, predicted pause time: 162.97 ms, target pause time: 60.00 ms]
, 0.0239922 secs]
   [Parallel Time: 21.9 ms, GC Workers: 8]
      [GC Worker Start (ms): Min: 1524985886.4, Avg: 1524985886.4, Max: 1524985886.4, Diff: 0.1]
      [Ext Root Scanning (ms): Min: 1.0, Avg: 1.6, Max: 4.4, Diff: 3.3, Sum: 12.5]
      [Update RS (ms): Min: 2.5, Avg: 5.0, Max: 5.5, Diff: 3.0, Sum: 40.0]
         [Processed Buffers: Min: 16, Avg: 25.9, Max: 45, Diff: 29, Sum: 207]
      [Scan RS (ms): Min: 0.0, Avg: 0.1, Max: 0.1, Diff: 0.1, Sum: 0.6]
      [Code Root Scanning (ms): Min: 0.0, Avg: 0.0, Max: 0.0, Diff: 0.0, Sum: 0.0]
      [Object Copy (ms): Min: 14.9, Avg: 15.2, Max: 15.2, Diff: 0.3, Sum: 121.3]
      [Termination (ms): Min: 0.0, Avg: 0.0, Max: 0.0, Diff: 0.0, Sum: 0.0]
      [GC Worker Other (ms): Min: 0.0, Avg: 0.0, Max: 0.1, Diff: 0.0, Sum: 0.3]
      [GC Worker Total (ms): Min: 21.8, Avg: 21.8, Max: 21.9, Diff: 0.1, Sum: 174.7]
      [GC Worker End (ms): Min: 1524985908.2, Avg: 1524985908.2, Max: 1524985908.3, Diff: 0.0]
   [Code Root Fixup: 0.3 ms]
   [Code Root Purge: 0.0 ms]
   [Clear CT: 0.3 ms]
   [Other: 1.5 ms]
      [Choose CSet: 0.0 ms]
      [Ref Proc: 0.2 ms]
      [Ref Enq: 0.0 ms]
      [Redirty Cards: 0.1 ms]
      [Humongous Reclaim: 0.0 ms]
      [Free CSet: 0.7 ms]
   [Eden: 2196.0M(2196.0M)->0.0B(2204.0M) Survivors: 52.0M->44.0M Heap: 2378.9M(4500.0M)->174.9M(4500.0M)]
Heap after GC invocations=33322 (full 1):
 garbage-first heap   total 4608000K, used 179049K [0x00000006a6c00000, 0x00000006a7002328, 0x00000007c0000000)
  region size 4096K, 11 young (45056K), 11 survivors (45056K)
 Metaspace       used 124677K, capacity 128488K, committed 129664K, reserved 1165312K
  class space    used 13843K, capacity 14506K, committed 14720K, reserved 1048576K
}
 [Times: user=0.18 sys=0.00, real=0.03 secs] 
{Heap before GC invocations=33322 (full 1):
 garbage-first heap   total 4608000K, used 2435945K [0x00000006a6c00000, 0x00000006a7002328, 0x00000007c0000000)
  region size 4096K, 562 young (2301952K), 11 survivors (45056K)
 Metaspace       used 124677K, capacity 128488K, committed 129664K, reserved 1165312K
  class space    used 13843K, capacity 14506K, committed 14720K, reserved 1048576K
2019-04-29T08:10:31.673+0800: 1525040.892: [GC pause (G1 Evacuation Pause) (young)
Desired survivor size 148897792 bytes, new threshold 15 (max 15)
- age   1:   23180504 bytes,   23180504 total
- age   2:     673144 bytes,   23853648 total
- age   3:     614216 bytes,   24467864 total
- age   4:     801400 bytes,   25269264 total
- age   5:     775528 bytes,   26044792 total
- age   6:     573416 bytes,   26618208 total
- age   7:     496136 bytes,   27114344 total
- age   8:     555664 bytes,   27670008 total
- age   9:     883560 bytes,   28553568 total
- age  10:     884976 bytes,   29438544 total
- age  11:    4069336 bytes,   33507880 total
 1525040.892: [G1Ergonomics (CSet Construction) start choosing CSet, _pending_cards: 25348, predicted base time: 8.09 ms, remaining time: 51.91 ms, target pause time: 60.00 ms]
 1525040.892: [G1Ergonomics (CSet Construction) add young regions to CSet, eden: 551 regions, survivors: 11 regions, predicted young region time: 169.24 ms]
 1525040.892: [G1Ergonomics (CSet Construction) finish choosing CSet, eden: 551 regions, survivors: 11 regions, old: 0 regions, predicted pause time: 177.33 ms, target pause time: 60.00 ms]
, 0.0207108 secs]
   [Parallel Time: 18.8 ms, GC Workers: 8]
      [GC Worker Start (ms): Min: 1525040892.5, Avg: 1525040892.5, Max: 1525040892.6, Diff: 0.1]
      [Ext Root Scanning (ms): Min: 0.9, Avg: 1.2, Max: 2.2, Diff: 1.2, Sum: 9.7]
      [Update RS (ms): Min: 4.0, Avg: 4.9, Max: 5.3, Diff: 1.3, Sum: 39.4]
         [Processed Buffers: Min: 15, Avg: 25.0, Max: 40, Diff: 25, Sum: 200]
      [Scan RS (ms): Min: 0.0, Avg: 0.1, Max: 0.1, Diff: 0.1, Sum: 0.6]
      [Code Root Scanning (ms): Min: 0.0, Avg: 0.0, Max: 0.0, Diff: 0.0, Sum: 0.0]
      [Object Copy (ms): Min: 12.3, Avg: 12.4, Max: 12.5, Diff: 0.2, Sum: 99.6]
      [Termination (ms): Min: 0.0, Avg: 0.0, Max: 0.0, Diff: 0.0, Sum: 0.0]
      [GC Worker Other (ms): Min: 0.0, Avg: 0.0, Max: 0.1, Diff: 0.1, Sum: 0.3]
      [GC Worker Total (ms): Min: 18.7, Avg: 18.7, Max: 18.7, Diff: 0.0, Sum: 149.7]
      [GC Worker End (ms): Min: 1525040911.2, Avg: 1525040911.2, Max: 1525040911.3, Diff: 0.1]
   [Code Root Fixup: 0.2 ms]
   [Code Root Purge: 0.0 ms]
   [Clear CT: 0.3 ms]
   [Other: 1.5 ms]
      [Choose CSet: 0.0 ms]
      [Ref Proc: 0.2 ms]
      [Ref Enq: 0.0 ms]
      [Redirty Cards: 0.1 ms]
      [Humongous Reclaim: 0.0 ms]
      [Free CSet: 0.6 ms]
   [Eden: 2204.0M(2204.0M)->0.0B(2212.0M) Survivors: 44.0M->36.0M Heap: 2378.9M(4500.0M)->166.9M(4500.0M)]
Heap after GC invocations=33323 (full 1):
 garbage-first heap   total 4608000K, used 170859K [0x00000006a6c00000, 0x00000006a7002328, 0x00000007c0000000)
  region size 4096K, 9 young (36864K), 9 survivors (36864K)
 Metaspace       used 124677K, capacity 128488K, committed 129664K, reserved 1165312K
  class space    used 13843K, capacity 14506K, committed 14720K, reserved 1048576K
}
 [Times: user=0.13 sys=0.03, real=0.02 secs] 
{Heap before GC invocations=33323 (full 1):
 garbage-first heap   total 4608000K, used 2435947K [0x00000006a6c00000, 0x00000006a7002328, 0x00000007c0000000)
  region size 4096K, 562 young (2301952K), 9 survivors (36864K)
 Metaspace       used 124684K, capacity 128512K, committed 129664K, reserved 1165312K
  class space    used 13845K, capacity 14510K, committed 14720K, reserved 1048576K
2019-04-29T08:11:20.696+0800: 1525089.915: [GC pause (G1 Evacuation Pause) (young)
Desired survivor size 148897792 bytes, new threshold 15 (max 15)
- age   1:   17547400 bytes,   17547400 total
- age   2:     743144 bytes,   18290544 total
- age   3:     662432 bytes,   18952976 total
- age   4:     611944 bytes,   19564920 total
- age   5:     799912 bytes,   20364832 total
- age   6:     775416 bytes,   21140248 total
- age   7:     573304 bytes,   21713552 total
- age   8:     495912 bytes,   22209464 total
- age   9:     555488 bytes,   22764952 total
- age  10:     883448 bytes,   23648400 total
- age  11:     883184 bytes,   24531584 total
- age  12:    4069224 bytes,   28600808 total
 1525089.915: [G1Ergonomics (CSet Construction) start choosing CSet, _pending_cards: 25267, predicted base time: 7.93 ms, remaining time: 52.07 ms, target pause time: 60.00 ms]
 1525089.915: [G1Ergonomics (CSet Construction) add young regions to CSet, eden: 553 regions, survivors: 9 regions, predicted young region time: 137.95 ms]
 1525089.915: [G1Ergonomics (CSet Construction) finish choosing CSet, eden: 553 regions, survivors: 9 regions, old: 0 regions, predicted pause time: 145.87 ms, target pause time: 60.00 ms]
, 0.0317443 secs]
   [Parallel Time: 29.4 ms, GC Workers: 8]
      [GC Worker Start (ms): Min: 1525089915.4, Avg: 1525089915.5, Max: 1525089915.5, Diff: 0.1]
      [Ext Root Scanning (ms): Min: 1.0, Avg: 1.3, Max: 2.2, Diff: 1.2, Sum: 10.4]
      [Update RS (ms): Min: 4.2, Avg: 5.1, Max: 5.4, Diff: 1.2, Sum: 40.4]
         [Processed Buffers: Min: 16, Avg: 25.2, Max: 39, Diff: 23, Sum: 202]
      [Scan RS (ms): Min: 0.0, Avg: 0.1, Max: 0.1, Diff: 0.1, Sum: 0.7]
      [Code Root Scanning (ms): Min: 0.0, Avg: 0.0, Max: 0.0, Diff: 0.0, Sum: 0.0]
      [Object Copy (ms): Min: 22.6, Avg: 22.7, Max: 22.8, Diff: 0.2, Sum: 182.0]
      [Termination (ms): Min: 0.0, Avg: 0.0, Max: 0.0, Diff: 0.0, Sum: 0.0]
      [GC Worker Other (ms): Min: 0.0, Avg: 0.0, Max: 0.1, Diff: 0.1, Sum: 0.4]
      [GC Worker Total (ms): Min: 29.2, Avg: 29.3, Max: 29.3, Diff: 0.1, Sum: 234.0]
      [GC Worker End (ms): Min: 1525089944.7, Avg: 1525089944.7, Max: 1525089944.8, Diff: 0.1]
   [Code Root Fixup: 0.3 ms]
   [Code Root Purge: 0.0 ms]
   [Clear CT: 0.3 ms]
   [Other: 1.8 ms]
      [Choose CSet: 0.0 ms]
      [Ref Proc: 0.5 ms]
      [Ref Enq: 0.0 ms]
      [Redirty Cards: 0.1 ms]
      [Humongous Reclaim: 0.0 ms]
      [Free CSet: 0.6 ms]
   [Eden: 2212.0M(2212.0M)->0.0B(2192.0M) Survivors: 36.0M->56.0M Heap: 2378.9M(4500.0M)->186.9M(4500.0M)]
Heap after GC invocations=33324 (full 1):
 garbage-first heap   total 4608000K, used 191339K [0x00000006a6c00000, 0x00000006a7002328, 0x00000007c0000000)
  region size 4096K, 14 young (57344K), 14 survivors (57344K)
 Metaspace       used 124684K, capacity 128512K, committed 129664K, reserved 1165312K
  class space    used 13845K, capacity 14510K, committed 14720K, reserved 1048576K
}
 [Times: user=0.20 sys=0.05, real=0.03 secs] 
{Heap before GC invocations=33324 (full 1):
 garbage-first heap   total 4608000K, used 2435947K [0x00000006a6c00000, 0x00000006a7002328, 0x00000007c0000000)
  region size 4096K, 562 young (2301952K), 14 survivors (57344K)
 Metaspace       used 124684K, capacity 128512K, committed 129664K, reserved 1165312K
  class space    used 13845K, capacity 14510K, committed 14720K, reserved 1048576K
2019-04-29T08:12:11.099+0800: 1525140.318: [GC pause (G1 Evacuation Pause) (young)
Desired survivor size 148897792 bytes, new threshold 15 (max 15)
- age   1:   34677120 bytes,   34677120 total
- age   2:    1102672 bytes,   35779792 total
- age   3:     328288 bytes,   36108080 total
- age   4:     660816 bytes,   36768896 total
- age   5:     610128 bytes,   37379024 total
- age   6:     797672 bytes,   38176696 total
- age   7:     775416 bytes,   38952112 total
- age   8:     573280 bytes,   39525392 total
- age   9:     494232 bytes,   40019624 total
- age  10:     555464 bytes,   40575088 total
- age  11:     883448 bytes,   41458536 total
- age  12:     883184 bytes,   42341720 total
- age  13:    4068360 bytes,   46410080 total
 1525140.318: [G1Ergonomics (CSet Construction) start choosing CSet, _pending_cards: 24804, predicted base time: 7.91 ms, remaining time: 52.09 ms, target pause time: 60.00 ms]
 1525140.318: [G1Ergonomics (CSet Construction) add young regions to CSet, eden: 548 regions, survivors: 14 regions, predicted young region time: 137.56 ms]
 1525140.318: [G1Ergonomics (CSet Construction) finish choosing CSet, eden: 548 regions, survivors: 14 regions, old: 0 regions, predicted pause time: 145.47 ms, target pause time: 60.00 ms]
, 0.0216498 secs]
   [Parallel Time: 19.1 ms, GC Workers: 8]
      [GC Worker Start (ms): Min: 1525140318.6, Avg: 1525140318.6, Max: 1525140318.7, Diff: 0.1]
      [Ext Root Scanning (ms): Min: 1.3, Avg: 1.5, Max: 2.3, Diff: 1.0, Sum: 12.2]
      [Update RS (ms): Min: 4.4, Avg: 5.0, Max: 5.4, Diff: 0.9, Sum: 40.1]
         [Processed Buffers: Min: 14, Avg: 24.4, Max: 53, Diff: 39, Sum: 195]
      [Scan RS (ms): Min: 0.0, Avg: 0.1, Max: 0.2, Diff: 0.1, Sum: 0.8]
      [Code Root Scanning (ms): Min: 0.0, Avg: 0.0, Max: 0.0, Diff: 0.0, Sum: 0.0]
      [Object Copy (ms): Min: 12.2, Avg: 12.3, Max: 12.4, Diff: 0.2, Sum: 98.3]
      [Termination (ms): Min: 0.0, Avg: 0.0, Max: 0.0, Diff: 0.0, Sum: 0.0]
      [GC Worker Other (ms): Min: 0.0, Avg: 0.1, Max: 0.1, Diff: 0.1, Sum: 0.4]
      [GC Worker Total (ms): Min: 18.9, Avg: 19.0, Max: 19.0, Diff: 0.1, Sum: 151.9]
      [GC Worker End (ms): Min: 1525140337.6, Avg: 1525140337.6, Max: 1525140337.6, Diff: 0.1]
   [Code Root Fixup: 0.2 ms]
   [Code Root Purge: 0.0 ms]
   [Clear CT: 0.3 ms]
   [Other: 2.1 ms]
      [Choose CSet: 0.0 ms]
      [Ref Proc: 0.2 ms]
      [Ref Enq: 0.0 ms]
      [Redirty Cards: 0.3 ms]
      [Humongous Reclaim: 0.0 ms]
      [Free CSet: 0.9 ms]
   [Eden: 2192.0M(2192.0M)->0.0B(2208.0M) Survivors: 56.0M->40.0M Heap: 2378.9M(4500.0M)->170.9M(4500.0M)]
Heap after GC invocations=33325 (full 1):
 garbage-first heap   total 4608000K, used 174955K [0x00000006a6c00000, 0x00000006a7002328, 0x00000007c0000000)
  region size 4096K, 10 young (40960K), 10 survivors (40960K)
 Metaspace       used 124684K, capacity 128512K, committed 129664K, reserved 1165312K
  class space    used 13845K, capacity 14510K, committed 14720K, reserved 1048576K
}
 [Times: user=0.12 sys=0.02, real=0.03 secs] 
{Heap before GC invocations=33325 (full 1):
 garbage-first heap   total 4608000K, used 2435947K [0x00000006a6c00000, 0x00000006a7002328, 0x00000007c0000000)
  region size 4096K, 562 young (2301952K), 10 survivors (40960K)
 Metaspace       used 124684K, capacity 128512K, committed 129664K, reserved 1165312K
  class space    used 13845K, capacity 14510K, committed 14720K, reserved 1048576K
2019-04-29T08:12:54.011+0800: 1525183.229: [GC pause (G1 Evacuation Pause) (young)
Desired survivor size 148897792 bytes, new threshold 15 (max 15)
- age   1:   16878664 bytes,   16878664 total
- age   2:    1102656 bytes,   17981320 total
- age   3:     403008 bytes,   18384328 total
- age   4:     326384 bytes,   18710712 total
- age   5:     660784 bytes,   19371496 total
- age   6:     609904 bytes,   19981400 total
- age   7:     797448 bytes,   20778848 total
- age   8:     775416 bytes,   21554264 total
- age   9:     573280 bytes,   22127544 total
- age  10:     494232 bytes,   22621776 total
- age  11:     555464 bytes,   23177240 total
- age  12:     883416 bytes,   24060656 total
- age  13:     883184 bytes,   24943840 total
- age  14:    4068360 bytes,   29012200 total
 1525183.229: [G1Ergonomics (CSet Construction) start choosing CSet, _pending_cards: 24859, predicted base time: 8.05 ms, remaining time: 51.95 ms, target pause time: 60.00 ms]
 1525183.229: [G1Ergonomics (CSet Construction) add young regions to CSet, eden: 552 regions, survivors: 10 regions, predicted young region time: 109.44 ms]
 1525183.229: [G1Ergonomics (CSet Construction) finish choosing CSet, eden: 552 regions, survivors: 10 regions, old: 0 regions, predicted pause time: 117.49 ms, target pause time: 60.00 ms]
, 0.0225868 secs]
   [Parallel Time: 20.5 ms, GC Workers: 8]
      [GC Worker Start (ms): Min: 1525183229.6, Avg: 1525183229.7, Max: 1525183229.7, Diff: 0.1]
      [Ext Root Scanning (ms): Min: 1.2, Avg: 1.4, Max: 2.2, Diff: 1.1, Sum: 11.1]
      [Update RS (ms): Min: 4.1, Avg: 4.9, Max: 5.3, Diff: 1.1, Sum: 39.1]
         [Processed Buffers: Min: 17, Avg: 24.2, Max: 37, Diff: 20, Sum: 194]
      [Scan RS (ms): Min: 0.0, Avg: 0.1, Max: 0.1, Diff: 0.1, Sum: 0.6]
      [Code Root Scanning (ms): Min: 0.0, Avg: 0.0, Max: 0.0, Diff: 0.0, Sum: 0.0]
      [Object Copy (ms): Min: 13.8, Avg: 14.0, Max: 14.1, Diff: 0.2, Sum: 111.6]
      [Termination (ms): Min: 0.0, Avg: 0.0, Max: 0.0, Diff: 0.0, Sum: 0.0]
      [GC Worker Other (ms): Min: 0.0, Avg: 0.0, Max: 0.1, Diff: 0.1, Sum: 0.4]
      [GC Worker Total (ms): Min: 20.3, Avg: 20.4, Max: 20.4, Diff: 0.1, Sum: 162.9]
      [GC Worker End (ms): Min: 1525183250.0, Avg: 1525183250.0, Max: 1525183250.1, Diff: 0.1]
   [Code Root Fixup: 0.3 ms]
   [Code Root Purge: 0.0 ms]
   [Clear CT: 0.3 ms]
   [Other: 1.5 ms]
      [Choose CSet: 0.0 ms]
      [Ref Proc: 0.2 ms]
      [Ref Enq: 0.0 ms]
      [Redirty Cards: 0.1 ms]
      [Humongous Reclaim: 0.0 ms]
      [Free CSet: 0.6 ms]
   [Eden: 2208.0M(2208.0M)->0.0B(2204.0M) Survivors: 40.0M->44.0M Heap: 2378.9M(4500.0M)->174.9M(4500.0M)]
Heap after GC invocations=33326 (full 1):
 garbage-first heap   total 4608000K, used 179051K [0x00000006a6c00000, 0x00000006a7002328, 0x00000007c0000000)
  region size 4096K, 11 young (45056K), 11 survivors (45056K)
 Metaspace       used 124684K, capacity 128512K, committed 129664K, reserved 1165312K
  class space    used 13845K, capacity 14510K, committed 14720K, reserved 1048576K
}
 [Times: user=0.14 sys=0.03, real=0.02 secs] 
{Heap before GC invocations=33326 (full 1):
 garbage-first heap   total 4608000K, used 2435947K [0x00000006a6c00000, 0x00000006a7002328, 0x00000007c0000000)
  region size 4096K, 562 young (2301952K), 11 survivors (45056K)
 Metaspace       used 124684K, capacity 128512K, committed 129664K, reserved 1165312K
  class space    used 13845K, capacity 14510K, committed 14720K, reserved 1048576K
2019-04-29T08:13:35.868+0800: 1525225.087: [GC pause (G1 Evacuation Pause) (young)
Desired survivor size 148897792 bytes, new threshold 15 (max 15)
- age   1:   18748592 bytes,   18748592 total
- age   2:    1979520 bytes,   20728112 total
- age   3:     536096 bytes,   21264208 total
- age   4:     398488 bytes,   21662696 total
- age   5:     325336 bytes,   21988032 total
- age   6:     659128 bytes,   22647160 total
- age   7:     609880 bytes,   23257040 total
- age   8:     797112 bytes,   24054152 total
- age   9:     775416 bytes,   24829568 total
- age  10:     573280 bytes,   25402848 total
- age  11:     494232 bytes,   25897080 total
- age  12:     555464 bytes,   26452544 total
- age  13:     883416 bytes,   27335960 total
- age  14:     883184 bytes,   28219144 total
- age  15:    4068360 bytes,   32287504 total
 1525225.087: [G1Ergonomics (CSet Construction) start choosing CSet, _pending_cards: 24708, predicted base time: 7.95 ms, remaining time: 52.05 ms, target pause time: 60.00 ms]
 1525225.087: [G1Ergonomics (CSet Construction) add young regions to CSet, eden: 551 regions, survivors: 11 regions, predicted young region time: 113.24 ms]
 1525225.087: [G1Ergonomics (CSet Construction) finish choosing CSet, eden: 551 regions, survivors: 11 regions, old: 0 regions, predicted pause time: 121.19 ms, target pause time: 60.00 ms]
, 0.0220629 secs]
   [Parallel Time: 20.2 ms, GC Workers: 8]
      [GC Worker Start (ms): Min: 1525225087.3, Avg: 1525225087.4, Max: 1525225087.4, Diff: 0.1]
      [Ext Root Scanning (ms): Min: 1.1, Avg: 1.3, Max: 2.2, Diff: 1.1, Sum: 10.4]
      [Update RS (ms): Min: 4.1, Avg: 4.9, Max: 5.3, Diff: 1.1, Sum: 39.2]
         [Processed Buffers: Min: 20, Avg: 25.0, Max: 33, Diff: 13, Sum: 200]
      [Scan RS (ms): Min: 0.0, Avg: 0.1, Max: 0.1, Diff: 0.1, Sum: 0.6]
      [Code Root Scanning (ms): Min: 0.0, Avg: 0.0, Max: 0.0, Diff: 0.0, Sum: 0.0]
      [Object Copy (ms): Min: 13.6, Avg: 13.8, Max: 13.9, Diff: 0.2, Sum: 110.1]
      [Termination (ms): Min: 0.0, Avg: 0.0, Max: 0.0, Diff: 0.0, Sum: 0.0]
      [GC Worker Other (ms): Min: 0.0, Avg: 0.0, Max: 0.1, Diff: 0.1, Sum: 0.4]
      [GC Worker Total (ms): Min: 20.0, Avg: 20.1, Max: 20.1, Diff: 0.1, Sum: 160.6]
      [GC Worker End (ms): Min: 1525225107.4, Avg: 1525225107.5, Max: 1525225107.5, Diff: 0.0]
   [Code Root Fixup: 0.2 ms]
   [Code Root Purge: 0.0 ms]
   [Clear CT: 0.3 ms]
   [Other: 1.5 ms]
      [Choose CSet: 0.0 ms]
      [Ref Proc: 0.2 ms]
      [Ref Enq: 0.0 ms]
      [Redirty Cards: 0.1 ms]
      [Humongous Reclaim: 0.0 ms]
      [Free CSet: 0.6 ms]
   [Eden: 2204.0M(2204.0M)->0.0B(2212.0M) Survivors: 44.0M->36.0M Heap: 2378.9M(4500.0M)->170.8M(4500.0M)]
Heap after GC invocations=33327 (full 1):
 garbage-first heap   total 4608000K, used 174873K [0x00000006a6c00000, 0x00000006a7002328, 0x00000007c0000000)
  region size 4096K, 9 young (36864K), 9 survivors (36864K)
 Metaspace       used 124684K, capacity 128512K, committed 129664K, reserved 1165312K
  class space    used 13845K, capacity 14510K, committed 14720K, reserved 1048576K
}
 [Times: user=0.14 sys=0.03, real=0.03 secs] 
{Heap before GC invocations=33327 (full 1):
 garbage-first heap   total 4608000K, used 2439961K [0x00000006a6c00000, 0x00000006a7002328, 0x00000007c0000000)
  region size 4096K, 562 young (2301952K), 9 survivors (36864K)
 Metaspace       used 124684K, capacity 128512K, committed 129664K, reserved 1165312K
  class space    used 13845K, capacity 14510K, committed 14720K, reserved 1048576K
2019-04-29T08:14:22.865+0800: 1525272.083: [GC pause (G1 Evacuation Pause) (young)
Desired survivor size 148897792 bytes, new threshold 15 (max 15)
- age   1:   17214600 bytes,   17214600 total
- age   2:    1190160 bytes,   18404760 total
- age   3:     812368 bytes,   19217128 total
- age   4:     534832 bytes,   19751960 total
- age   5:     396408 bytes,   20148368 total
- age   6:     324888 bytes,   20473256 total
- age   7:     659104 bytes,   21132360 total
- age   8:     609768 bytes,   21742128 total
- age   9:     796664 bytes,   22538792 total
- age  10:     775416 bytes,   23314208 total
- age  11:     573280 bytes,   23887488 total
- age  12:     494232 bytes,   24381720 total
- age  13:     555464 bytes,   24937184 total
- age  14:     883416 bytes,   25820600 total
- age  15:     883184 bytes,   26703784 total
 1525272.084: [G1Ergonomics (CSet Construction) start choosing CSet, _pending_cards: 28091, predicted base time: 8.51 ms, remaining time: 51.49 ms, target pause time: 60.00 ms]
 1525272.084: [G1Ergonomics (CSet Construction) add young regions to CSet, eden: 553 regions, survivors: 9 regions, predicted young region time: 89.56 ms]
 1525272.084: [G1Ergonomics (CSet Construction) finish choosing CSet, eden: 553 regions, survivors: 9 regions, old: 0 regions, predicted pause time: 98.07 ms, target pause time: 60.00 ms]
, 0.0236437 secs]
   [Parallel Time: 21.7 ms, GC Workers: 8]
      [GC Worker Start (ms): Min: 1525272083.7, Avg: 1525272083.8, Max: 1525272083.8, Diff: 0.1]
      [Ext Root Scanning (ms): Min: 1.1, Avg: 1.3, Max: 2.1, Diff: 1.0, Sum: 10.4]
      [Update RS (ms): Min: 5.1, Avg: 5.7, Max: 6.0, Diff: 0.9, Sum: 45.5]
         [Processed Buffers: Min: 19, Avg: 26.1, Max: 40, Diff: 21, Sum: 209]
      [Scan RS (ms): Min: 0.0, Avg: 0.1, Max: 0.1, Diff: 0.1, Sum: 0.6]
      [Code Root Scanning (ms): Min: 0.0, Avg: 0.0, Max: 0.0, Diff: 0.0, Sum: 0.0]
      [Object Copy (ms): Min: 14.4, Avg: 14.5, Max: 14.6, Diff: 0.2, Sum: 116.0]
      [Termination (ms): Min: 0.0, Avg: 0.0, Max: 0.0, Diff: 0.0, Sum: 0.0]
      [GC Worker Other (ms): Min: 0.0, Avg: 0.0, Max: 0.1, Diff: 0.1, Sum: 0.4]
      [GC Worker Total (ms): Min: 21.6, Avg: 21.6, Max: 21.7, Diff: 0.1, Sum: 172.9]
      [GC Worker End (ms): Min: 1525272105.4, Avg: 1525272105.4, Max: 1525272105.4, Diff: 0.1]
   [Code Root Fixup: 0.2 ms]
   [Code Root Purge: 0.0 ms]
   [Clear CT: 0.3 ms]
   [Other: 1.4 ms]
      [Choose CSet: 0.0 ms]
      [Ref Proc: 0.2 ms]
      [Ref Enq: 0.0 ms]
      [Redirty Cards: 0.1 ms]
      [Humongous Reclaim: 0.0 ms]
      [Free CSet: 0.6 ms]
   [Eden: 2212.0M(2212.0M)->0.0B(2212.0M) Survivors: 36.0M->36.0M Heap: 2382.8M(4500.0M)->172.3M(4500.0M)]
Heap after GC invocations=33328 (full 1):
 garbage-first heap   total 4608000K, used 176442K [0x00000006a6c00000, 0x00000006a7002328, 0x00000007c0000000)
  region size 4096K, 9 young (36864K), 9 survivors (36864K)
 Metaspace       used 124684K, capacity 128512K, committed 129664K, reserved 1165312K
  class space    used 13845K, capacity 14510K, committed 14720K, reserved 1048576K
}
 [Times: user=0.15 sys=0.03, real=0.02 secs] 
{Heap before GC invocations=33328 (full 1):
 garbage-first heap   total 4608000K, used 2441530K [0x00000006a6c00000, 0x00000006a7002328, 0x00000007c0000000)
  region size 4096K, 562 young (2301952K), 9 survivors (36864K)
 Metaspace       used 124684K, capacity 128512K, committed 129664K, reserved 1165312K
  class space    used 13845K, capacity 14510K, committed 14720K, reserved 1048576K
2019-04-29T08:15:03.110+0800: 1525312.329: [GC pause (G1 Evacuation Pause) (young)
Desired survivor size 148897792 bytes, new threshold 15 (max 15)
- age   1:   21160096 bytes,   21160096 total
- age   2:    1053152 bytes,   22213248 total
- age   3:     247976 bytes,   22461224 total
- age   4:     810912 bytes,   23272136 total
- age   5:     533672 bytes,   23805808 total
- age   6:     395736 bytes,   24201544 total
- age   7:     324776 bytes,   24526320 total
- age   8:     659104 bytes,   25185424 total
- age   9:     609544 bytes,   25794968 total
- age  10:     795992 bytes,   26590960 total
- age  11:     775416 bytes,   27366376 total
- age  12:     573280 bytes,   27939656 total
- age  13:     494232 bytes,   28433888 total
- age  14:     555464 bytes,   28989352 total
- age  15:     883416 bytes,   29872768 total
 1525312.329: [G1Ergonomics (CSet Construction) start choosing CSet, _pending_cards: 23543, predicted base time: 7.55 ms, remaining time: 52.45 ms, target pause time: 60.00 ms]
 1525312.329: [G1Ergonomics (CSet Construction) add young regions to CSet, eden: 553 regions, survivors: 9 regions, predicted young region time: 105.70 ms]
 1525312.329: [G1Ergonomics (CSet Construction) finish choosing CSet, eden: 553 regions, survivors: 9 regions, old: 0 regions, predicted pause time: 113.26 ms, target pause time: 60.00 ms]
, 0.0219721 secs]
   [Parallel Time: 20.0 ms, GC Workers: 8]
      [GC Worker Start (ms): Min: 1525312329.2, Avg: 1525312329.3, Max: 1525312329.3, Diff: 0.1]
      [Ext Root Scanning (ms): Min: 1.1, Avg: 1.6, Max: 4.2, Diff: 3.2, Sum: 12.8]
      [Update RS (ms): Min: 2.4, Avg: 4.8, Max: 5.5, Diff: 3.0, Sum: 38.5]
         [Processed Buffers: Min: 9, Avg: 23.9, Max: 31, Diff: 22, Sum: 191]
      [Scan RS (ms): Min: 0.0, Avg: 0.1, Max: 0.1, Diff: 0.1, Sum: 0.6]
      [Code Root Scanning (ms): Min: 0.0, Avg: 0.0, Max: 0.0, Diff: 0.0, Sum: 0.0]
      [Object Copy (ms): Min: 13.2, Avg: 13.4, Max: 13.4, Diff: 0.3, Sum: 106.9]
      [Termination (ms): Min: 0.0, Avg: 0.0, Max: 0.0, Diff: 0.0, Sum: 0.0]
      [GC Worker Other (ms): Min: 0.0, Avg: 0.0, Max: 0.1, Diff: 0.0, Sum: 0.3]
      [GC Worker Total (ms): Min: 19.9, Avg: 19.9, Max: 20.0, Diff: 0.1, Sum: 159.2]
      [GC Worker End (ms): Min: 1525312349.2, Avg: 1525312349.2, Max: 1525312349.2, Diff: 0.0]
   [Code Root Fixup: 0.3 ms]
   [Code Root Purge: 0.0 ms]
   [Clear CT: 0.3 ms]
   [Other: 1.4 ms]
      [Choose CSet: 0.0 ms]
      [Ref Proc: 0.2 ms]
      [Ref Enq: 0.0 ms]
      [Redirty Cards: 0.1 ms]
      [Humongous Reclaim: 0.0 ms]
      [Free CSet: 0.6 ms]
   [Eden: 2212.0M(2212.0M)->0.0B(2212.0M) Survivors: 36.0M->36.0M Heap: 2384.3M(4500.0M)->173.6M(4500.0M)]
Heap after GC invocations=33329 (full 1):
 garbage-first heap   total 4608000K, used 177765K [0x00000006a6c00000, 0x00000006a7002328, 0x00000007c0000000)
  region size 4096K, 9 young (36864K), 9 survivors (36864K)
 Metaspace       used 124684K, capacity 128512K, committed 129664K, reserved 1165312K
  class space    used 13845K, capacity 14510K, committed 14720K, reserved 1048576K
}
 [Times: user=0.16 sys=0.00, real=0.02 secs] 
{Heap before GC invocations=33329 (full 1):
 garbage-first heap   total 4608000K, used 2442853K [0x00000006a6c00000, 0x00000006a7002328, 0x00000007c0000000)
  region size 4096K, 562 young (2301952K), 9 survivors (36864K)
 Metaspace       used 124684K, capacity 128512K, committed 129664K, reserved 1165312K
  class space    used 13845K, capacity 14510K, committed 14720K, reserved 1048576K
2019-04-29T08:15:44.042+0800: 1525353.261: [GC pause (G1 Evacuation Pause) (young)
Desired survivor size 148897792 bytes, new threshold 15 (max 15)
- age   1:   19918968 bytes,   19918968 total
- age   2:    1519872 bytes,   21438840 total
- age   3:     181680 bytes,   21620520 total
- age   4:     246600 bytes,   21867120 total
- age   5:     356512 bytes,   22223632 total
- age   6:     301632 bytes,   22525264 total
- age   7:     394504 bytes,   22919768 total
- age   8:     324664 bytes,   23244432 total
- age   9:     659104 bytes,   23903536 total
- age  10:     609544 bytes,   24513080 total
- age  11:     795656 bytes,   25308736 total
- age  12:     775416 bytes,   26084152 total
- age  13:     573280 bytes,   26657432 total
- age  14:     494232 bytes,   27151664 total
- age  15:     555240 bytes,   27706904 total
 1525353.261: [G1Ergonomics (CSet Construction) start choosing CSet, _pending_cards: 24014, predicted base time: 7.73 ms, remaining time: 52.27 ms, target pause time: 60.00 ms]
 1525353.261: [G1Ergonomics (CSet Construction) add young regions to CSet, eden: 553 regions, survivors: 9 regions, predicted young region time: 146.18 ms]
 1525353.261: [G1Ergonomics (CSet Construction) finish choosing CSet, eden: 553 regions, survivors: 9 regions, old: 0 regions, predicted pause time: 153.91 ms, target pause time: 60.00 ms]
, 0.0205769 secs]
   [Parallel Time: 18.3 ms, GC Workers: 8]
      [GC Worker Start (ms): Min: 1525353261.4, Avg: 1525353261.5, Max: 1525353261.5, Diff: 0.1]
      [Ext Root Scanning (ms): Min: 1.0, Avg: 1.3, Max: 2.1, Diff: 1.1, Sum: 10.0]
      [Update RS (ms): Min: 3.9, Avg: 4.7, Max: 5.0, Diff: 1.2, Sum: 37.7]
         [Processed Buffers: Min: 17, Avg: 24.4, Max: 34, Diff: 17, Sum: 195]
      [Scan RS (ms): Min: 0.0, Avg: 0.1, Max: 0.1, Diff: 0.1, Sum: 0.6]
      [Code Root Scanning (ms): Min: 0.0, Avg: 0.0, Max: 0.0, Diff: 0.0, Sum: 0.0]
      [Object Copy (ms): Min: 11.9, Avg: 12.1, Max: 12.2, Diff: 0.3, Sum: 96.9]
      [Termination (ms): Min: 0.0, Avg: 0.0, Max: 0.0, Diff: 0.0, Sum: 0.0]
      [GC Worker Other (ms): Min: 0.0, Avg: 0.0, Max: 0.1, Diff: 0.1, Sum: 0.3]
      [GC Worker Total (ms): Min: 18.2, Avg: 18.2, Max: 18.3, Diff: 0.1, Sum: 145.6]
      [GC Worker End (ms): Min: 1525353279.6, Avg: 1525353279.7, Max: 1525353279.7, Diff: 0.0]
   [Code Root Fixup: 0.2 ms]
   [Code Root Purge: 0.0 ms]
   [Clear CT: 0.3 ms]
   [Other: 1.7 ms]
      [Choose CSet: 0.0 ms]
      [Ref Proc: 0.2 ms]
      [Ref Enq: 0.0 ms]
      [Redirty Cards: 0.3 ms]
      [Humongous Reclaim: 0.0 ms]
      [Free CSet: 0.6 ms]
   [Eden: 2212.0M(2212.0M)->0.0B(2212.0M) Survivors: 36.0M->36.0M Heap: 2385.6M(4500.0M)->174.7M(4500.0M)]
Heap after GC invocations=33330 (full 1):
 garbage-first heap   total 4608000K, used 178859K [0x00000006a6c00000, 0x00000006a7002328, 0x00000007c0000000)
  region size 4096K, 9 young (36864K), 9 survivors (36864K)
 Metaspace       used 124684K, capacity 128512K, committed 129664K, reserved 1165312K
  class space    used 13845K, capacity 14510K, committed 14720K, reserved 1048576K
}
 [Times: user=0.12 sys=0.03, real=0.02 secs] 
{Heap before GC invocations=33330 (full 1):
 garbage-first heap   total 4608000K, used 2443947K [0x00000006a6c00000, 0x00000006a7002328, 0x00000007c0000000)
  region size 4096K, 562 young (2301952K), 9 survivors (36864K)
 Metaspace       used 124684K, capacity 128512K, committed 129664K, reserved 1165312K
  class space    used 13845K, capacity 14510K, committed 14720K, reserved 1048576K
2019-04-29T08:16:12.291+0800: 1525381.509: [GC pause (G1 Evacuation Pause) (young)
Desired survivor size 148897792 bytes, new threshold 15 (max 15)
- age   1:   18237872 bytes,   18237872 total
- age   2:    1862912 bytes,   20100784 total
- age   3:     260768 bytes,   20361552 total
- age   4:     180224 bytes,   20541776 total
- age   5:     243616 bytes,   20785392 total
- age   6:     356176 bytes,   21141568 total
- age   7:     301608 bytes,   21443176 total
- age   8:     356464 bytes,   21799640 total
- age   9:     324496 bytes,   22124136 total
- age  10:     658880 bytes,   22783016 total
- age  11:     609432 bytes,   23392448 total
- age  12:     794760 bytes,   24187208 total
- age  13:     775192 bytes,   24962400 total
- age  14:     573280 bytes,   25535680 total
- age  15:     494232 bytes,   26029912 total
 1525381.510: [G1Ergonomics (CSet Construction) start choosing CSet, _pending_cards: 22097, predicted base time: 7.32 ms, remaining time: 52.68 ms, target pause time: 60.00 ms]
 1525381.510: [G1Ergonomics (CSet Construction) add young regions to CSet, eden: 553 regions, survivors: 9 regions, predicted young region time: 161.04 ms]
 1525381.510: [G1Ergonomics (CSet Construction) finish choosing CSet, eden: 553 regions, survivors: 9 regions, old: 0 regions, predicted pause time: 168.36 ms, target pause time: 60.00 ms]
, 0.0214384 secs]
   [Parallel Time: 19.5 ms, GC Workers: 8]
      [GC Worker Start (ms): Min: 1525381509.7, Avg: 1525381509.8, Max: 1525381509.8, Diff: 0.1]
      [Ext Root Scanning (ms): Min: 1.0, Avg: 1.2, Max: 2.2, Diff: 1.2, Sum: 10.0]
      [Update RS (ms): Min: 3.7, Avg: 4.4, Max: 4.7, Diff: 1.1, Sum: 35.4]
         [Processed Buffers: Min: 13, Avg: 22.4, Max: 42, Diff: 29, Sum: 179]
      [Scan RS (ms): Min: 0.0, Avg: 0.1, Max: 0.1, Diff: 0.1, Sum: 0.6]
      [Code Root Scanning (ms): Min: 0.0, Avg: 0.0, Max: 0.0, Diff: 0.0, Sum: 0.0]
      [Object Copy (ms): Min: 13.4, Avg: 13.6, Max: 13.7, Diff: 0.3, Sum: 108.9]
      [Termination (ms): Min: 0.0, Avg: 0.0, Max: 0.0, Diff: 0.0, Sum: 0.0]
      [GC Worker Other (ms): Min: 0.0, Avg: 0.0, Max: 0.1, Diff: 0.0, Sum: 0.3]
      [GC Worker Total (ms): Min: 19.4, Avg: 19.4, Max: 19.4, Diff: 0.1, Sum: 155.2]
      [GC Worker End (ms): Min: 1525381529.1, Avg: 1525381529.2, Max: 1525381529.2, Diff: 0.0]
   [Code Root Fixup: 0.2 ms]
   [Code Root Purge: 0.0 ms]
   [Clear CT: 0.3 ms]
   [Other: 1.4 ms]
      [Choose CSet: 0.0 ms]
      [Ref Proc: 0.2 ms]
      [Ref Enq: 0.0 ms]
      [Redirty Cards: 0.1 ms]
      [Humongous Reclaim: 0.0 ms]
      [Free CSet: 0.6 ms]
   [Eden: 2212.0M(2212.0M)->0.0B(2212.0M) Survivors: 36.0M->36.0M Heap: 2386.7M(4500.0M)->175.4M(4500.0M)]
Heap after GC invocations=33331 (full 1):
 garbage-first heap   total 4608000K, used 179642K [0x00000006a6c00000, 0x00000006a7002328, 0x00000007c0000000)
  region size 4096K, 9 young (36864K), 9 survivors (36864K)
 Metaspace       used 124684K, capacity 128512K, committed 129664K, reserved 1165312K
  class space    used 13845K, capacity 14510K, committed 14720K, reserved 1048576K
}
 [Times: user=0.13 sys=0.03, real=0.02 secs] 
{Heap before GC invocations=33331 (full 1):
 garbage-first heap   total 4608000K, used 2444730K [0x00000006a6c00000, 0x00000006a7002328, 0x00000007c0000000)
  region size 4096K, 562 young (2301952K), 9 survivors (36864K)
 Metaspace       used 124684K, capacity 128512K, committed 129664K, reserved 1165312K
  class space    used 13845K, capacity 14510K, committed 14720K, reserved 1048576K
2019-04-29T08:16:43.575+0800: 1525412.794: [GC pause (G1 Evacuation Pause) (young)
Desired survivor size 148897792 bytes, new threshold 15 (max 15)
- age   1:   20496288 bytes,   20496288 total
- age   2:    2163176 bytes,   22659464 total
- age   3:     335760 bytes,   22995224 total
- age   4:     209872 bytes,   23205096 total
- age   5:     180040 bytes,   23385136 total
- age   6:     243408 bytes,   23628544 total
- age   7:     342232 bytes,   23970776 total
- age   8:     301456 bytes,   24272232 total
- age   9:     352800 bytes,   24625032 total
- age  10:     324496 bytes,   24949528 total
- age  11:     658880 bytes,   25608408 total
- age  12:     609432 bytes,   26217840 total
- age  13:     794760 bytes,   27012600 total
- age  14:     775192 bytes,   27787792 total
- age  15:     573280 bytes,   28361072 total
 1525412.794: [G1Ergonomics (CSet Construction) start choosing CSet, _pending_cards: 22099, predicted base time: 7.24 ms, remaining time: 52.76 ms, target pause time: 60.00 ms]
 1525412.794: [G1Ergonomics (CSet Construction) add young regions to CSet, eden: 553 regions, survivors: 9 regions, predicted young region time: 225.42 ms]
 1525412.794: [G1Ergonomics (CSet Construction) finish choosing CSet, eden: 553 regions, survivors: 9 regions, old: 0 regions, predicted pause time: 232.66 ms, target pause time: 60.00 ms]
, 0.0197510 secs]
   [Parallel Time: 17.7 ms, GC Workers: 8]
      [GC Worker Start (ms): Min: 1525412794.2, Avg: 1525412794.2, Max: 1525412794.2, Diff: 0.1]
      [Ext Root Scanning (ms): Min: 1.1, Avg: 1.3, Max: 2.3, Diff: 1.2, Sum: 10.7]
      [Update RS (ms): Min: 3.7, Avg: 4.6, Max: 4.9, Diff: 1.1, Sum: 36.8]
         [Processed Buffers: Min: 14, Avg: 22.6, Max: 34, Diff: 20, Sum: 181]
      [Scan RS (ms): Min: 0.0, Avg: 0.1, Max: 0.2, Diff: 0.1, Sum: 0.7]
      [Code Root Scanning (ms): Min: 0.0, Avg: 0.0, Max: 0.0, Diff: 0.0, Sum: 0.0]
      [Object Copy (ms): Min: 11.3, Avg: 11.5, Max: 11.6, Diff: 0.3, Sum: 92.2]
      [Termination (ms): Min: 0.0, Avg: 0.0, Max: 0.0, Diff: 0.0, Sum: 0.0]
      [GC Worker Other (ms): Min: 0.0, Avg: 0.0, Max: 0.1, Diff: 0.1, Sum: 0.3]
      [GC Worker Total (ms): Min: 17.6, Avg: 17.6, Max: 17.6, Diff: 0.1, Sum: 140.8]
      [GC Worker End (ms): Min: 1525412811.8, Avg: 1525412811.8, Max: 1525412811.8, Diff: 0.1]
   [Code Root Fixup: 0.2 ms]
   [Code Root Purge: 0.0 ms]
   [Clear CT: 0.3 ms]
   [Other: 1.5 ms]
      [Choose CSet: 0.0 ms]
      [Ref Proc: 0.2 ms]
      [Ref Enq: 0.0 ms]
      [Redirty Cards: 0.1 ms]
      [Humongous Reclaim: 0.0 ms]
      [Free CSet: 0.6 ms]
   [Eden: 2212.0M(2212.0M)->0.0B(2212.0M) Survivors: 36.0M->36.0M Heap: 2387.4M(4500.0M)->176.3M(4500.0M)]
Heap after GC invocations=33332 (full 1):
 garbage-first heap   total 4608000K, used 180568K [0x00000006a6c00000, 0x00000006a7002328, 0x00000007c0000000)
  region size 4096K, 9 young (36864K), 9 survivors (36864K)
 Metaspace       used 124684K, capacity 128512K, committed 129664K, reserved 1165312K
  class space    used 13845K, capacity 14510K, committed 14720K, reserved 1048576K
}
 [Times: user=0.11 sys=0.03, real=0.02 secs] 
{Heap before GC invocations=33332 (full 1):
 garbage-first heap   total 4608000K, used 2445656K [0x00000006a6c00000, 0x00000006a7002328, 0x00000007c0000000)
  region size 4096K, 562 young (2301952K), 9 survivors (36864K)
 Metaspace       used 124684K, capacity 128512K, committed 129664K, reserved 1165312K
  class space    used 13845K, capacity 14510K, committed 14720K, reserved 1048576K
2019-04-29T08:17:25.888+0800: 1525455.107: [GC pause (G1 Evacuation Pause) (young)
Desired survivor size 148897792 bytes, new threshold 15 (max 15)
- age   1:   16597736 bytes,   16597736 total
- age   2:    2217376 bytes,   18815112 total
- age   3:     198624 bytes,   19013736 total
- age   4:     284672 bytes,   19298408 total
- age   5:     207936 bytes,   19506344 total
- age   6:     179320 bytes,   19685664 total
- age   7:     243296 bytes,   19928960 total
- age   8:     342232 bytes,   20271192 total
- age   9:     301456 bytes,   20572648 total
- age  10:     352576 bytes,   20925224 total
- age  11:     324496 bytes,   21249720 total
- age  12:     658880 bytes,   21908600 total
- age  13:     609096 bytes,   22517696 total
- age  14:     794760 bytes,   23312456 total
- age  15:     775192 bytes,   24087648 total
 1525455.107: [G1Ergonomics (CSet Construction) start choosing CSet, _pending_cards: 23143, predicted base time: 7.51 ms, remaining time: 52.49 ms, target pause time: 60.00 ms]
 1525455.107: [G1Ergonomics (CSet Construction) add young regions to CSet, eden: 553 regions, survivors: 9 regions, predicted young region time: 176.27 ms]
 1525455.107: [G1Ergonomics (CSet Construction) finish choosing CSet, eden: 553 regions, survivors: 9 regions, old: 0 regions, predicted pause time: 183.78 ms, target pause time: 60.00 ms]
, 0.0210453 secs]
   [Parallel Time: 18.7 ms, GC Workers: 8]
      [GC Worker Start (ms): Min: 1525455107.1, Avg: 1525455107.2, Max: 1525455107.2, Diff: 0.1]
      [Ext Root Scanning (ms): Min: 1.2, Avg: 1.4, Max: 2.1, Diff: 1.0, Sum: 11.3]
      [Update RS (ms): Min: 4.0, Avg: 4.7, Max: 5.0, Diff: 1.0, Sum: 37.5]
         [Processed Buffers: Min: 14, Avg: 23.4, Max: 30, Diff: 16, Sum: 187]
      [Scan RS (ms): Min: 0.0, Avg: 0.1, Max: 0.1, Diff: 0.1, Sum: 0.7]
      [Code Root Scanning (ms): Min: 0.0, Avg: 0.0, Max: 0.0, Diff: 0.0, Sum: 0.0]
      [Object Copy (ms): Min: 12.2, Avg: 12.3, Max: 12.4, Diff: 0.2, Sum: 98.6]
      [Termination (ms): Min: 0.0, Avg: 0.0, Max: 0.0, Diff: 0.0, Sum: 0.0]
      [GC Worker Other (ms): Min: 0.0, Avg: 0.0, Max: 0.1, Diff: 0.1, Sum: 0.4]
      [GC Worker Total (ms): Min: 18.5, Avg: 18.6, Max: 18.6, Diff: 0.1, Sum: 148.4]
      [GC Worker End (ms): Min: 1525455125.7, Avg: 1525455125.7, Max: 1525455125.8, Diff: 0.0]
   [Code Root Fixup: 0.2 ms]
   [Code Root Purge: 0.0 ms]
   [Clear CT: 0.3 ms]
   [Other: 1.8 ms]
      [Choose CSet: 0.0 ms]
      [Ref Proc: 0.3 ms]
      [Ref Enq: 0.0 ms]
      [Redirty Cards: 0.1 ms]
      [Humongous Reclaim: 0.0 ms]
      [Free CSet: 0.9 ms]
   [Eden: 2212.0M(2212.0M)->0.0B(2212.0M) Survivors: 36.0M->36.0M Heap: 2388.3M(4500.0M)->177.4M(4500.0M)]
Heap after GC invocations=33333 (full 1):
 garbage-first heap   total 4608000K, used 181639K [0x00000006a6c00000, 0x00000006a7002328, 0x00000007c0000000)
  region size 4096K, 9 young (36864K), 9 survivors (36864K)
 Metaspace       used 124684K, capacity 128512K, committed 129664K, reserved 1165312K
  class space    used 13845K, capacity 14510K, committed 14720K, reserved 1048576K
}
 [Times: user=0.13 sys=0.03, real=0.02 secs] 
{Heap before GC invocations=33333 (full 1):
 garbage-first heap   total 4608000K, used 2446727K [0x00000006a6c00000, 0x00000006a7002328, 0x00000007c0000000)
  region size 4096K, 562 young (2301952K), 9 survivors (36864K)
 Metaspace       used 124684K, capacity 128512K, committed 129664K, reserved 1165312K
  class space    used 13845K, capacity 14510K, committed 14720K, reserved 1048576K
2019-04-29T08:18:14.039+0800: 1525503.258: [GC pause (G1 Evacuation Pause) (young)
Desired survivor size 148897792 bytes, new threshold 15 (max 15)
- age   1:   19406096 bytes,   19406096 total
- age   2:    1361112 bytes,   20767208 total
- age   3:     449352 bytes,   21216560 total
- age   4:     163392 bytes,   21379952 total
- age   5:     279568 bytes,   21659520 total
- age   6:     206960 bytes,   21866480 total
- age   7:     178984 bytes,   22045464 total
- age   8:     243296 bytes,   22288760 total
- age   9:     342232 bytes,   22630992 total
- age  10:     301456 bytes,   22932448 total
- age  11:     352464 bytes,   23284912 total
- age  12:     324496 bytes,   23609408 total
- age  13:     658768 bytes,   24268176 total
- age  14:     608984 bytes,   24877160 total
- age  15:     794760 bytes,   25671920 total
 1525503.258: [G1Ergonomics (CSet Construction) start choosing CSet, _pending_cards: 23964, predicted base time: 7.70 ms, remaining time: 52.30 ms, target pause time: 60.00 ms]
 1525503.258: [G1Ergonomics (CSet Construction) add young regions to CSet, eden: 553 regions, survivors: 9 regions, predicted young region time: 176.47 ms]
 1525503.258: [G1Ergonomics (CSet Construction) finish choosing CSet, eden: 553 regions, survivors: 9 regions, old: 0 regions, predicted pause time: 184.17 ms, target pause time: 60.00 ms]
, 0.0212430 secs]
   [Parallel Time: 19.3 ms, GC Workers: 8]
      [GC Worker Start (ms): Min: 1525503258.2, Avg: 1525503258.2, Max: 1525503258.2, Diff: 0.1]
      [Ext Root Scanning (ms): Min: 1.1, Avg: 1.4, Max: 2.1, Diff: 0.9, Sum: 10.9]
      [Update RS (ms): Min: 4.1, Avg: 4.8, Max: 5.1, Diff: 1.0, Sum: 38.0]
         [Processed Buffers: Min: 12, Avg: 23.9, Max: 56, Diff: 44, Sum: 191]
      [Scan RS (ms): Min: 0.0, Avg: 0.1, Max: 0.1, Diff: 0.1, Sum: 0.7]
      [Code Root Scanning (ms): Min: 0.0, Avg: 0.0, Max: 0.0, Diff: 0.0, Sum: 0.1]
      [Object Copy (ms): Min: 12.7, Avg: 12.9, Max: 13.0, Diff: 0.2, Sum: 103.0]
      [Termination (ms): Min: 0.0, Avg: 0.0, Max: 0.0, Diff: 0.0, Sum: 0.0]
      [GC Worker Other (ms): Min: 0.0, Avg: 0.0, Max: 0.1, Diff: 0.0, Sum: 0.4]
      [GC Worker Total (ms): Min: 19.1, Avg: 19.1, Max: 19.2, Diff: 0.1, Sum: 153.1]
      [GC Worker End (ms): Min: 1525503277.3, Avg: 1525503277.3, Max: 1525503277.3, Diff: 0.1]
   [Code Root Fixup: 0.3 ms]
   [Code Root Purge: 0.0 ms]
   [Clear CT: 0.2 ms]
   [Other: 1.5 ms]
      [Choose CSet: 0.0 ms]
      [Ref Proc: 0.2 ms]
      [Ref Enq: 0.0 ms]
      [Redirty Cards: 0.1 ms]
      [Humongous Reclaim: 0.0 ms]
      [Free CSet: 0.6 ms]
   [Eden: 2212.0M(2212.0M)->0.0B(2212.0M) Survivors: 36.0M->36.0M Heap: 2389.4M(4500.0M)->180.6M(4500.0M)]
Heap after GC invocations=33334 (full 1):
 garbage-first heap   total 4608000K, used 184915K [0x00000006a6c00000, 0x00000006a7002328, 0x00000007c0000000)
  region size 4096K, 9 young (36864K), 9 survivors (36864K)
 Metaspace       used 124684K, capacity 128512K, committed 129664K, reserved 1165312K
  class space    used 13845K, capacity 14510K, committed 14720K, reserved 1048576K
}
 [Times: user=0.13 sys=0.03, real=0.03 secs] 
{Heap before GC invocations=33334 (full 1):
 garbage-first heap   total 4608000K, used 2450003K [0x00000006a6c00000, 0x00000006a7002328, 0x00000007c0000000)
  region size 4096K, 562 young (2301952K), 9 survivors (36864K)
 Metaspace       used 124684K, capacity 128512K, committed 129664K, reserved 1165312K
  class space    used 13845K, capacity 14510K, committed 14720K, reserved 1048576K
2019-04-29T08:18:56.902+0800: 1525546.121: [GC pause (G1 Evacuation Pause) (young)
Desired survivor size 148897792 bytes, new threshold 15 (max 15)
- age   1:   21193472 bytes,   21193472 total
- age   2:    1263072 bytes,   22456544 total
- age   3:     168448 bytes,   22624992 total
- age   4:     153736 bytes,   22778728 total
- age   5:     159624 bytes,   22938352 total
- age   6:     278808 bytes,   23217160 total
- age   7:     205048 bytes,   23422208 total
- age   8:     178648 bytes,   23600856 total
- age   9:     243296 bytes,   23844152 total
- age  10:     342232 bytes,   24186384 total
- age  11:     301456 bytes,   24487840 total
- age  12:     352240 bytes,   24840080 total
- age  13:     324496 bytes,   25164576 total
- age  14:     658768 bytes,   25823344 total
- age  15:     608984 bytes,   26432328 total
 1525546.121: [G1Ergonomics (CSet Construction) start choosing CSet, _pending_cards: 22971, predicted base time: 7.44 ms, remaining time: 52.56 ms, target pause time: 60.00 ms]
 1525546.121: [G1Ergonomics (CSet Construction) add young regions to CSet, eden: 553 regions, survivors: 9 regions, predicted young region time: 158.59 ms]
 1525546.121: [G1Ergonomics (CSet Construction) finish choosing CSet, eden: 553 regions, survivors: 9 regions, old: 0 regions, predicted pause time: 166.03 ms, target pause time: 60.00 ms]
, 0.0186241 secs]
   [Parallel Time: 16.3 ms, GC Workers: 8]
      [GC Worker Start (ms): Min: 1525546121.5, Avg: 1525546121.6, Max: 1525546121.6, Diff: 0.1]
      [Ext Root Scanning (ms): Min: 1.0, Avg: 1.3, Max: 2.0, Diff: 1.0, Sum: 10.1]
      [Update RS (ms): Min: 3.9, Avg: 4.6, Max: 5.0, Diff: 1.1, Sum: 36.7]
         [Processed Buffers: Min: 14, Avg: 22.9, Max: 37, Diff: 23, Sum: 183]
      [Scan RS (ms): Min: 0.0, Avg: 0.1, Max: 0.1, Diff: 0.1, Sum: 0.6]
      [Code Root Scanning (ms): Min: 0.0, Avg: 0.0, Max: 0.0, Diff: 0.0, Sum: 0.0]
      [Object Copy (ms): Min: 10.1, Avg: 10.2, Max: 10.3, Diff: 0.2, Sum: 81.7]
      [Termination (ms): Min: 0.0, Avg: 0.0, Max: 0.0, Diff: 0.0, Sum: 0.0]
      [GC Worker Other (ms): Min: 0.0, Avg: 0.0, Max: 0.1, Diff: 0.1, Sum: 0.4]
      [GC Worker Total (ms): Min: 16.2, Avg: 16.2, Max: 16.3, Diff: 0.1, Sum: 129.6]
      [GC Worker End (ms): Min: 1525546137.7, Avg: 1525546137.8, Max: 1525546137.8, Diff: 0.1]
   [Code Root Fixup: 0.3 ms]
   [Code Root Purge: 0.0 ms]
   [Clear CT: 0.5 ms]
   [Other: 1.5 ms]
      [Choose CSet: 0.0 ms]
      [Ref Proc: 0.2 ms]
      [Ref Enq: 0.0 ms]
      [Redirty Cards: 0.1 ms]
      [Humongous Reclaim: 0.0 ms]
      [Free CSet: 0.6 ms]
   [Eden: 2212.0M(2212.0M)->0.0B(2212.0M) Survivors: 36.0M->36.0M Heap: 2392.6M(4500.0M)->179.8M(4500.0M)]
Heap after GC invocations=33335 (full 1):
 garbage-first heap   total 4608000K, used 184082K [0x00000006a6c00000, 0x00000006a7002328, 0x00000007c0000000)
  region size 4096K, 9 young (36864K), 9 survivors (36864K)
 Metaspace       used 124684K, capacity 128512K, committed 129664K, reserved 1165312K
  class space    used 13845K, capacity 14510K, committed 14720K, reserved 1048576K
}
 [Times: user=0.13 sys=0.00, real=0.02 secs] 
{Heap before GC invocations=33335 (full 1):
 garbage-first heap   total 4608000K, used 2449170K [0x00000006a6c00000, 0x00000006a7002328, 0x00000007c0000000)
  region size 4096K, 562 young (2301952K), 9 survivors (36864K)
 Metaspace       used 124684K, capacity 128512K, committed 129664K, reserved 1165312K
  class space    used 13845K, capacity 14510K, committed 14720K, reserved 1048576K
2019-04-29T08:19:46.116+0800: 1525595.335: [GC pause (G1 Evacuation Pause) (young)
Desired survivor size 148897792 bytes, new threshold 15 (max 15)
- age   1:   16110464 bytes,   16110464 total
- age   2:    1632600 bytes,   17743064 total
- age   3:     431592 bytes,   18174656 total
- age   4:     167936 bytes,   18342592 total
- age   5:     151048 bytes,   18493640 total
- age   6:     158816 bytes,   18652456 total
- age   7:     278696 bytes,   18931152 total
- age   8:     204912 bytes,   19136064 total
- age   9:     178648 bytes,   19314712 total
- age  10:     243296 bytes,   19558008 total
- age  11:     342232 bytes,   19900240 total
- age  12:     301344 bytes,   20201584 total
- age  13:     352128 bytes,   20553712 total
- age  14:     324496 bytes,   20878208 total
- age  15:     658656 bytes,   21536864 total
 1525595.335: [G1Ergonomics (CSet Construction) start choosing CSet, _pending_cards: 23399, predicted base time: 7.55 ms, remaining time: 52.45 ms, target pause time: 60.00 ms]
 1525595.335: [G1Ergonomics (CSet Construction) add young regions to CSet, eden: 553 regions, survivors: 9 regions, predicted young region time: 124.08 ms]
 1525595.335: [G1Ergonomics (CSet Construction) finish choosing CSet, eden: 553 regions, survivors: 9 regions, old: 0 regions, predicted pause time: 131.63 ms, target pause time: 60.00 ms]
, 0.0202804 secs]
   [Parallel Time: 18.4 ms, GC Workers: 8]
      [GC Worker Start (ms): Min: 1525595334.9, Avg: 1525595334.9, Max: 1525595334.9, Diff: 0.1]
      [Ext Root Scanning (ms): Min: 1.1, Avg: 1.3, Max: 2.1, Diff: 1.1, Sum: 10.2]
      [Update RS (ms): Min: 3.9, Avg: 4.7, Max: 5.0, Diff: 1.1, Sum: 37.4]
         [Processed Buffers: Min: 12, Avg: 23.2, Max: 31, Diff: 19, Sum: 186]
      [Scan RS (ms): Min: 0.0, Avg: 0.1, Max: 0.1, Diff: 0.1, Sum: 0.6]
      [Code Root Scanning (ms): Min: 0.0, Avg: 0.0, Max: 0.0, Diff: 0.0, Sum: 0.0]
      [Object Copy (ms): Min: 12.1, Avg: 12.2, Max: 12.3, Diff: 0.2, Sum: 97.6]
      [Termination (ms): Min: 0.0, Avg: 0.0, Max: 0.0, Diff: 0.0, Sum: 0.0]
      [GC Worker Other (ms): Min: 0.0, Avg: 0.0, Max: 0.1, Diff: 0.1, Sum: 0.3]
      [GC Worker Total (ms): Min: 18.2, Avg: 18.3, Max: 18.3, Diff: 0.1, Sum: 146.3]
      [GC Worker End (ms): Min: 1525595353.2, Avg: 1525595353.2, Max: 1525595353.2, Diff: 0.1]
   [Code Root Fixup: 0.2 ms]
   [Code Root Purge: 0.0 ms]
   [Clear CT: 0.3 ms]
   [Other: 1.4 ms]
      [Choose CSet: 0.0 ms]
      [Ref Proc: 0.2 ms]
      [Ref Enq: 0.0 ms]
      [Redirty Cards: 0.1 ms]
      [Humongous Reclaim: 0.0 ms]
      [Free CSet: 0.6 ms]
   [Eden: 2212.0M(2212.0M)->0.0B(2212.0M) Survivors: 36.0M->36.0M Heap: 2391.8M(4500.0M)->180.6M(4500.0M)]
Heap after GC invocations=33336 (full 1):
 garbage-first heap   total 4608000K, used 184907K [0x00000006a6c00000, 0x00000006a7002328, 0x00000007c0000000)
  region size 4096K, 9 young (36864K), 9 survivors (36864K)
 Metaspace       used 124684K, capacity 128512K, committed 129664K, reserved 1165312K
  class space    used 13845K, capacity 14510K, committed 14720K, reserved 1048576K
}
 [Times: user=0.15 sys=0.00, real=0.02 secs] 
{Heap before GC invocations=33336 (full 1):
 garbage-first heap   total 4608000K, used 2449995K [0x00000006a6c00000, 0x00000006a7002328, 0x00000007c0000000)
  region size 4096K, 562 young (2301952K), 9 survivors (36864K)
 Metaspace       used 124684K, capacity 128512K, committed 129664K, reserved 1165312K
  class space    used 13845K, capacity 14510K, committed 14720K, reserved 1048576K
2019-04-29T08:20:17.641+0800: 1525626.860: [GC pause (G1 Evacuation Pause) (young)
Desired survivor size 148897792 bytes, new threshold 15 (max 15)
- age   1:   20915328 bytes,   20915328 total
- age   2:    1688520 bytes,   22603848 total
- age   3:     721048 bytes,   23324896 total
- age   4:     383360 bytes,   23708256 total
- age   5:     166384 bytes,   23874640 total
- age   6:     151048 bytes,   24025688 total
- age   7:     158456 bytes,   24184144 total
- age   8:     278584 bytes,   24462728 total
- age   9:     204912 bytes,   24667640 total
- age  10:     175312 bytes,   24842952 total
- age  11:     243272 bytes,   25086224 total
- age  12:     342232 bytes,   25428456 total
- age  13:     301200 bytes,   25729656 total
- age  14:     352128 bytes,   26081784 total
- age  15:     324496 bytes,   26406280 total
 1525626.860: [G1Ergonomics (CSet Construction) start choosing CSet, _pending_cards: 21697, predicted base time: 7.13 ms, remaining time: 52.87 ms, target pause time: 60.00 ms]
 1525626.860: [G1Ergonomics (CSet Construction) add young regions to CSet, eden: 553 regions, survivors: 9 regions, predicted young region time: 241.56 ms]
 1525626.860: [G1Ergonomics (CSet Construction) finish choosing CSet, eden: 553 regions, survivors: 9 regions, old: 0 regions, predicted pause time: 248.69 ms, target pause time: 60.00 ms]
, 0.0199644 secs]
   [Parallel Time: 18.0 ms, GC Workers: 8]
      [GC Worker Start (ms): Min: 1525626859.8, Avg: 1525626859.9, Max: 1525626859.9, Diff: 0.1]
      [Ext Root Scanning (ms): Min: 1.1, Avg: 1.6, Max: 4.5, Diff: 3.4, Sum: 12.8]
      [Update RS (ms): Min: 1.7, Avg: 4.5, Max: 5.1, Diff: 3.4, Sum: 35.8]
         [Processed Buffers: Min: 13, Avg: 23.0, Max: 41, Diff: 28, Sum: 184]
      [Scan RS (ms): Min: 0.0, Avg: 0.1, Max: 0.1, Diff: 0.1, Sum: 0.7]
      [Code Root Scanning (ms): Min: 0.0, Avg: 0.0, Max: 0.0, Diff: 0.0, Sum: 0.0]
      [Object Copy (ms): Min: 11.6, Avg: 11.7, Max: 11.7, Diff: 0.1, Sum: 93.3]
      [Termination (ms): Min: 0.0, Avg: 0.0, Max: 0.0, Diff: 0.0, Sum: 0.0]
      [GC Worker Other (ms): Min: 0.0, Avg: 0.1, Max: 0.1, Diff: 0.1, Sum: 0.4]
      [GC Worker Total (ms): Min: 17.8, Avg: 17.9, Max: 18.0, Diff: 0.1, Sum: 143.1]
      [GC Worker End (ms): Min: 1525626877.7, Avg: 1525626877.8, Max: 1525626877.8, Diff: 0.1]
   [Code Root Fixup: 0.2 ms]
   [Code Root Purge: 0.0 ms]
   [Clear CT: 0.3 ms]
   [Other: 1.5 ms]
      [Choose CSet: 0.0 ms]
      [Ref Proc: 0.2 ms]
      [Ref Enq: 0.0 ms]
      [Redirty Cards: 0.1 ms]
      [Humongous Reclaim: 0.0 ms]
      [Free CSet: 0.6 ms]
   [Eden: 2212.0M(2212.0M)->0.0B(2212.0M) Survivors: 36.0M->36.0M Heap: 2392.6M(4500.0M)->181.2M(4500.0M)]
Heap after GC invocations=33337 (full 1):
 garbage-first heap   total 4608000K, used 185566K [0x00000006a6c00000, 0x00000006a7002328, 0x00000007c0000000)
  region size 4096K, 9 young (36864K), 9 survivors (36864K)
 Metaspace       used 124684K, capacity 128512K, committed 129664K, reserved 1165312K
  class space    used 13845K, capacity 14510K, committed 14720K, reserved 1048576K
}
 [Times: user=0.14 sys=0.00, real=0.02 secs] 
{Heap before GC invocations=33337 (full 1):
 garbage-first heap   total 4608000K, used 2450654K [0x00000006a6c00000, 0x00000006a7002328, 0x00000007c0000000)
  region size 4096K, 562 young (2301952K), 9 survivors (36864K)
 Metaspace       used 124684K, capacity 128512K, committed 129664K, reserved 1165312K
  class space    used 13845K, capacity 14510K, committed 14720K, reserved 1048576K
2019-04-29T08:20:54.943+0800: 1525664.162: [GC pause (G1 Evacuation Pause) (young)
Desired survivor size 148897792 bytes, new threshold 15 (max 15)
- age   1:   17556648 bytes,   17556648 total
- age   2:    2561056 bytes,   20117704 total
- age   3:     742424 bytes,   20860128 total
- age   4:     713072 bytes,   21573200 total
- age   5:     347696 bytes,   21920896 total
- age   6:     166016 bytes,   22086912 total
- age   7:     150936 bytes,   22237848 total
- age   8:     157864 bytes,   22395712 total
- age   9:     278136 bytes,   22673848 total
- age  10:     204688 bytes,   22878536 total
- age  11:     174976 bytes,   23053512 total
- age  12:     243272 bytes,   23296784 total
- age  13:     342232 bytes,   23639016 total
- age  14:     301200 bytes,   23940216 total
- age  15:     352016 bytes,   24292232 total
 1525664.162: [G1Ergonomics (CSet Construction) start choosing CSet, _pending_cards: 21879, predicted base time: 7.28 ms, remaining time: 52.72 ms, target pause time: 60.00 ms]
 1525664.162: [G1Ergonomics (CSet Construction) add young regions to CSet, eden: 553 regions, survivors: 9 regions, predicted young region time: 240.56 ms]
 1525664.162: [G1Ergonomics (CSet Construction) finish choosing CSet, eden: 553 regions, survivors: 9 regions, old: 0 regions, predicted pause time: 247.84 ms, target pause time: 60.00 ms]
, 0.0187928 secs]
   [Parallel Time: 16.7 ms, GC Workers: 8]
      [GC Worker Start (ms): Min: 1525664161.9, Avg: 1525664161.9, Max: 1525664162.0, Diff: 0.1]
      [Ext Root Scanning (ms): Min: 1.0, Avg: 1.3, Max: 2.4, Diff: 1.3, Sum: 10.6]
      [Update RS (ms): Min: 3.5, Avg: 4.4, Max: 4.8, Diff: 1.3, Sum: 35.2]
         [Processed Buffers: Min: 14, Avg: 22.8, Max: 38, Diff: 24, Sum: 182]
      [Scan RS (ms): Min: 0.0, Avg: 0.1, Max: 0.1, Diff: 0.1, Sum: 0.7]
      [Code Root Scanning (ms): Min: 0.0, Avg: 0.0, Max: 0.0, Diff: 0.0, Sum: 0.0]
      [Object Copy (ms): Min: 10.7, Avg: 10.8, Max: 10.8, Diff: 0.1, Sum: 86.1]
      [Termination (ms): Min: 0.0, Avg: 0.0, Max: 0.0, Diff: 0.0, Sum: 0.0]
      [GC Worker Other (ms): Min: 0.0, Avg: 0.1, Max: 0.1, Diff: 0.1, Sum: 0.4]
      [GC Worker Total (ms): Min: 16.6, Avg: 16.6, Max: 16.7, Diff: 0.1, Sum: 133.1]
      [GC Worker End (ms): Min: 1525664178.5, Avg: 1525664178.6, Max: 1525664178.6, Diff: 0.1]
   [Code Root Fixup: 0.3 ms]
   [Code Root Purge: 0.0 ms]
   [Clear CT: 0.3 ms]
   [Other: 1.5 ms]
      [Choose CSet: 0.0 ms]
      [Ref Proc: 0.2 ms]
      [Ref Enq: 0.0 ms]
      [Redirty Cards: 0.1 ms]
      [Humongous Reclaim: 0.0 ms]
      [Free CSet: 0.6 ms]
   [Eden: 2212.0M(2212.0M)->0.0B(2212.0M) Survivors: 36.0M->36.0M Heap: 2393.2M(4500.0M)->181.7M(4500.0M)]
Heap after GC invocations=33338 (full 1):
 garbage-first heap   total 4608000K, used 186063K [0x00000006a6c00000, 0x00000006a7002328, 0x00000007c0000000)
  region size 4096K, 9 young (36864K), 9 survivors (36864K)
 Metaspace       used 124684K, capacity 128512K, committed 129664K, reserved 1165312K
  class space    used 13845K, capacity 14510K, committed 14720K, reserved 1048576K
}
 [Times: user=0.11 sys=0.03, real=0.02 secs] 
{Heap before GC invocations=33338 (full 1):
 garbage-first heap   total 4608000K, used 2451151K [0x00000006a6c00000, 0x00000006a7002328, 0x00000007c0000000)
  region size 4096K, 562 young (2301952K), 9 survivors (36864K)
 Metaspace       used 124684K, capacity 128512K, committed 129664K, reserved 1165312K
  class space    used 13845K, capacity 14510K, committed 14720K, reserved 1048576K
2019-04-29T08:21:50.985+0800: 1525720.204: [GC pause (G1 Evacuation Pause) (young)
Desired survivor size 148897792 bytes, new threshold 15 (max 15)
- age   1:   17464144 bytes,   17464144 total
- age   2:    1783584 bytes,   19247728 total
- age   3:     586704 bytes,   19834432 total
- age   4:     367992 bytes,   20202424 total
- age   5:     710816 bytes,   20913240 total
- age   6:     346896 bytes,   21260136 total
- age   7:     165792 bytes,   21425928 total
- age   8:     147872 bytes,   21573800 total
- age   9:     157752 bytes,   21731552 total
- age  10:     278024 bytes,   22009576 total
- age  11:     202896 bytes,   22212472 total
- age  12:     174840 bytes,   22387312 total
- age  13:     243248 bytes,   22630560 total
- age  14:     342232 bytes,   22972792 total
- age  15:     301088 bytes,   23273880 total
 1525720.204: [G1Ergonomics (CSet Construction) start choosing CSet, _pending_cards: 22472, predicted base time: 7.36 ms, remaining time: 52.64 ms, target pause time: 60.00 ms]
 1525720.204: [G1Ergonomics (CSet Construction) add young regions to CSet, eden: 553 regions, survivors: 9 regions, predicted young region time: 189.58 ms]
 1525720.204: [G1Ergonomics (CSet Construction) finish choosing CSet, eden: 553 regions, survivors: 9 regions, old: 0 regions, predicted pause time: 196.94 ms, target pause time: 60.00 ms]
, 0.0226726 secs]
   [Parallel Time: 20.1 ms, GC Workers: 8]
      [GC Worker Start (ms): Min: 1525720204.4, Avg: 1525720204.5, Max: 1525720204.5, Diff: 0.1]
      [Ext Root Scanning (ms): Min: 1.6, Avg: 1.9, Max: 2.4, Diff: 0.8, Sum: 14.9]
      [Update RS (ms): Min: 4.2, Avg: 4.7, Max: 5.0, Diff: 0.7, Sum: 37.2]
         [Processed Buffers: Min: 16, Avg: 24.1, Max: 37, Diff: 21, Sum: 193]
      [Scan RS (ms): Min: 0.0, Avg: 0.1, Max: 0.1, Diff: 0.1, Sum: 0.7]
      [Code Root Scanning (ms): Min: 0.0, Avg: 0.0, Max: 0.0, Diff: 0.0, Sum: 0.0]
      [Object Copy (ms): Min: 12.9, Avg: 13.1, Max: 13.3, Diff: 0.3, Sum: 104.8]
      [Termination (ms): Min: 0.1, Avg: 0.1, Max: 0.2, Diff: 0.1, Sum: 0.9]
      [GC Worker Other (ms): Min: 0.0, Avg: 0.1, Max: 0.1, Diff: 0.1, Sum: 0.5]
      [GC Worker Total (ms): Min: 19.8, Avg: 19.9, Max: 20.0, Diff: 0.2, Sum: 159.1]
      [GC Worker End (ms): Min: 1525720224.3, Avg: 1525720224.4, Max: 1525720224.4, Diff: 0.1]
   [Code Root Fixup: 0.2 ms]
   [Code Root Purge: 0.0 ms]
   [Clear CT: 0.3 ms]
   [Other: 2.1 ms]
      [Choose CSet: 0.0 ms]
      [Ref Proc: 0.4 ms]
      [Ref Enq: 0.0 ms]
      [Redirty Cards: 0.1 ms]
      [Humongous Reclaim: 0.0 ms]
      [Free CSet: 0.9 ms]
   [Eden: 2212.0M(2212.0M)->0.0B(2212.0M) Survivors: 36.0M->36.0M Heap: 2393.7M(4500.0M)->182.2M(4500.0M)]
Heap after GC invocations=33339 (full 1):
 garbage-first heap   total 4608000K, used 186550K [0x00000006a6c00000, 0x00000006a7002328, 0x00000007c0000000)
  region size 4096K, 9 young (36864K), 9 survivors (36864K)
 Metaspace       used 124684K, capacity 128512K, committed 129664K, reserved 1165312K
  class space    used 13845K, capacity 14510K, committed 14720K, reserved 1048576K
}
 [Times: user=0.13 sys=0.03, real=0.02 secs] 
{Heap before GC invocations=33339 (full 1):
 garbage-first heap   total 4608000K, used 2451638K [0x00000006a6c00000, 0x00000006a7002328, 0x00000007c0000000)
  region size 4096K, 562 young (2301952K), 9 survivors (36864K)
 Metaspace       used 124684K, capacity 128512K, committed 129664K, reserved 1165312K
  class space    used 13845K, capacity 14510K, committed 14720K, reserved 1048576K
2019-04-29T08:22:34.723+0800: 1525763.942: [GC pause (G1 Evacuation Pause) (young)
Desired survivor size 148897792 bytes, new threshold 15 (max 15)
- age   1:   20703648 bytes,   20703648 total
- age   2:    1341912 bytes,   22045560 total
- age   3:     335544 bytes,   22381104 total
- age   4:     584400 bytes,   22965504 total
- age   5:     367496 bytes,   23333000 total
- age   6:     710784 bytes,   24043784 total
- age   7:     345216 bytes,   24389000 total
- age   8:     158088 bytes,   24547088 total
- age   9:     147872 bytes,   24694960 total
- age  10:     157616 bytes,   24852576 total
- age  11:     241664 bytes,   25094240 total
- age  12:     202896 bytes,   25297136 total
- age  13:     174840 bytes,   25471976 total
- age  14:     243136 bytes,   25715112 total
- age  15:     342232 bytes,   26057344 total
 1525763.942: [G1Ergonomics (CSet Construction) start choosing CSet, _pending_cards: 22251, predicted base time: 7.71 ms, remaining time: 52.29 ms, target pause time: 60.00 ms]
 1525763.942: [G1Ergonomics (CSet Construction) add young regions to CSet, eden: 553 regions, survivors: 9 regions, predicted young region time: 160.74 ms]
 1525763.942: [G1Ergonomics (CSet Construction) finish choosing CSet, eden: 553 regions, survivors: 9 regions, old: 0 regions, predicted pause time: 168.46 ms, target pause time: 60.00 ms]
, 0.0202328 secs]
   [Parallel Time: 18.2 ms, GC Workers: 8]
      [GC Worker Start (ms): Min: 1525763942.0, Avg: 1525763942.0, Max: 1525763942.0, Diff: 0.1]
      [Ext Root Scanning (ms): Min: 1.1, Avg: 1.3, Max: 2.0, Diff: 0.9, Sum: 10.4]
      [Update RS (ms): Min: 4.0, Avg: 4.3, Max: 4.7, Diff: 0.7, Sum: 34.8]
         [Processed Buffers: Min: 13, Avg: 23.8, Max: 39, Diff: 26, Sum: 190]
      [Scan RS (ms): Min: 0.0, Avg: 0.1, Max: 0.1, Diff: 0.1, Sum: 0.6]
      [Code Root Scanning (ms): Min: 0.0, Avg: 0.0, Max: 0.0, Diff: 0.0, Sum: 0.0]
      [Object Copy (ms): Min: 12.1, Avg: 12.3, Max: 12.4, Diff: 0.3, Sum: 98.3]
      [Termination (ms): Min: 0.0, Avg: 0.0, Max: 0.0, Diff: 0.0, Sum: 0.0]
      [GC Worker Other (ms): Min: 0.0, Avg: 0.1, Max: 0.1, Diff: 0.1, Sum: 0.5]
      [GC Worker Total (ms): Min: 18.0, Avg: 18.1, Max: 18.2, Diff: 0.1, Sum: 144.7]
      [GC Worker End (ms): Min: 1525763960.0, Avg: 1525763960.1, Max: 1525763960.1, Diff: 0.1]
   [Code Root Fixup: 0.2 ms]
   [Code Root Purge: 0.0 ms]
   [Clear CT: 0.3 ms]
   [Other: 1.5 ms]
      [Choose CSet: 0.0 ms]
      [Ref Proc: 0.2 ms]
      [Ref Enq: 0.0 ms]
      [Redirty Cards: 0.1 ms]
      [Humongous Reclaim: 0.0 ms]
      [Free CSet: 0.6 ms]
   [Eden: 2212.0M(2212.0M)->0.0B(2212.0M) Survivors: 36.0M->36.0M Heap: 2394.2M(4500.0M)->182.7M(4500.0M)]
Heap after GC invocations=33340 (full 1):
 garbage-first heap   total 4608000K, used 187078K [0x00000006a6c00000, 0x00000006a7002328, 0x00000007c0000000)
  region size 4096K, 9 young (36864K), 9 survivors (36864K)
 Metaspace       used 124684K, capacity 128512K, committed 129664K, reserved 1165312K
  class space    used 13845K, capacity 14510K, committed 14720K, reserved 1048576K
}
 [Times: user=0.15 sys=0.00, real=0.02 secs] 
{Heap before GC invocations=33340 (full 1):
 garbage-first heap   total 4608000K, used 2452166K [0x00000006a6c00000, 0x00000006a7002328, 0x00000007c0000000)
  region size 4096K, 562 young (2301952K), 9 survivors (36864K)
 Metaspace       used 124684K, capacity 128512K, committed 129664K, reserved 1165312K
  class space    used 13845K, capacity 14510K, committed 14720K, reserved 1048576K
2019-04-29T08:23:29.501+0800: 1525818.720: [GC pause (G1 Evacuation Pause) (young)
Desired survivor size 148897792 bytes, new threshold 15 (max 15)
- age   1:   19859408 bytes,   19859408 total
- age   2:    1437816 bytes,   21297224 total
- age   3:    1081584 bytes,   22378808 total
- age   4:     333904 bytes,   22712712 total
- age   5:     582464 bytes,   23295176 total
- age   6:     365288 bytes,   23660464 total
- age   7:     710640 bytes,   24371104 total
- age   8:     344960 bytes,   24716064 total
- age   9:     158016 bytes,   24874080 total
- age  10:     147872 bytes,   25021952 total
- age  11:     154872 bytes,   25176824 total
- age  12:     240592 bytes,   25417416 total
- age  13:     202672 bytes,   25620088 total
- age  14:     174616 bytes,   25794704 total
- age  15:     243024 bytes,   26037728 total
 1525818.720: [G1Ergonomics (CSet Construction) start choosing CSet, _pending_cards: 22672, predicted base time: 7.65 ms, remaining time: 52.35 ms, target pause time: 60.00 ms]
 1525818.720: [G1Ergonomics (CSet Construction) add young regions to CSet, eden: 553 regions, survivors: 9 regions, predicted young region time: 151.58 ms]
 1525818.720: [G1Ergonomics (CSet Construction) finish choosing CSet, eden: 553 regions, survivors: 9 regions, old: 0 regions, predicted pause time: 159.23 ms, target pause time: 60.00 ms]
, 0.0193031 secs]
   [Parallel Time: 16.9 ms, GC Workers: 8]
      [GC Worker Start (ms): Min: 1525818720.5, Avg: 1525818720.6, Max: 1525818720.6, Diff: 0.1]
      [Ext Root Scanning (ms): Min: 1.1, Avg: 1.3, Max: 2.0, Diff: 1.0, Sum: 10.4]
      [Update RS (ms): Min: 4.0, Avg: 4.4, Max: 4.7, Diff: 0.7, Sum: 35.5]
         [Processed Buffers: Min: 14, Avg: 23.0, Max: 37, Diff: 23, Sum: 184]
      [Scan RS (ms): Min: 0.0, Avg: 0.1, Max: 0.1, Diff: 0.1, Sum: 0.7]
      [Code Root Scanning (ms): Min: 0.0, Avg: 0.0, Max: 0.0, Diff: 0.0, Sum: 0.0]
      [Object Copy (ms): Min: 10.6, Avg: 10.9, Max: 10.9, Diff: 0.3, Sum: 86.9]
      [Termination (ms): Min: 0.0, Avg: 0.0, Max: 0.0, Diff: 0.0, Sum: 0.1]
      [GC Worker Other (ms): Min: 0.0, Avg: 0.0, Max: 0.1, Diff: 0.1, Sum: 0.4]
      [GC Worker Total (ms): Min: 16.7, Avg: 16.8, Max: 16.8, Diff: 0.1, Sum: 134.0]
      [GC Worker End (ms): Min: 1525818737.3, Avg: 1525818737.3, Max: 1525818737.4, Diff: 0.1]
   [Code Root Fixup: 0.2 ms]
   [Code Root Purge: 0.0 ms]
   [Clear CT: 0.7 ms]
   [Other: 1.5 ms]
      [Choose CSet: 0.0 ms]
      [Ref Proc: 0.2 ms]
      [Ref Enq: 0.0 ms]
      [Redirty Cards: 0.1 ms]
      [Humongous Reclaim: 0.0 ms]
      [Free CSet: 0.6 ms]
   [Eden: 2212.0M(2212.0M)->0.0B(2212.0M) Survivors: 36.0M->36.0M Heap: 2394.7M(4500.0M)->183.2M(4500.0M)]
Heap after GC invocations=33341 (full 1):
 garbage-first heap   total 4608000K, used 187557K [0x00000006a6c00000, 0x00000006a7002328, 0x00000007c0000000)
  region size 4096K, 9 young (36864K), 9 survivors (36864K)
 Metaspace       used 124684K, capacity 128512K, committed 129664K, reserved 1165312K
  class space    used 13845K, capacity 14510K, committed 14720K, reserved 1048576K
}
 [Times: user=0.11 sys=0.02, real=0.02 secs] 
{Heap before GC invocations=33341 (full 1):
 garbage-first heap   total 4608000K, used 2452645K [0x00000006a6c00000, 0x00000006a7002328, 0x00000007c0000000)
  region size 4096K, 562 young (2301952K), 9 survivors (36864K)
 Metaspace       used 124684K, capacity 128512K, committed 129664K, reserved 1165312K
  class space    used 13845K, capacity 14510K, committed 14720K, reserved 1048576K
2019-04-29T08:24:12.687+0800: 1525861.906: [GC pause (G1 Evacuation Pause) (young)
Desired survivor size 148897792 bytes, new threshold 15 (max 15)
- age   1:   17404984 bytes,   17404984 total
- age   2:    1836824 bytes,   19241808 total
- age   3:     391744 bytes,   19633552 total
- age   4:     946432 bytes,   20579984 total
- age   5:     332816 bytes,   20912800 total
- age   6:     582464 bytes,   21495264 total
- age   7:     365176 bytes,   21860440 total
- age   8:     710640 bytes,   22571080 total
- age   9:     344736 bytes,   22915816 total
- age  10:     158016 bytes,   23073832 total
- age  11:     147872 bytes,   23221704 total
- age  12:     154760 bytes,   23376464 total
- age  13:     240368 bytes,   23616832 total
- age  14:     202672 bytes,   23819504 total
- age  15:     174616 bytes,   23994120 total
 1525861.906: [G1Ergonomics (CSet Construction) start choosing CSet, _pending_cards: 21936, predicted base time: 7.48 ms, remaining time: 52.52 ms, target pause time: 60.00 ms]
 1525861.906: [G1Ergonomics (CSet Construction) add young regions to CSet, eden: 553 regions, survivors: 9 regions, predicted young region time: 124.61 ms]
 1525861.906: [G1Ergonomics (CSet Construction) finish choosing CSet, eden: 553 regions, survivors: 9 regions, old: 0 regions, predicted pause time: 132.10 ms, target pause time: 60.00 ms]
, 0.0205776 secs]
   [Parallel Time: 18.4 ms, GC Workers: 8]
      [GC Worker Start (ms): Min: 1525861906.3, Avg: 1525861906.3, Max: 1525861906.4, Diff: 0.1]
      [Ext Root Scanning (ms): Min: 1.1, Avg: 1.4, Max: 2.2, Diff: 1.1, Sum: 11.1]
      [Update RS (ms): Min: 3.7, Avg: 4.4, Max: 4.8, Diff: 1.1, Sum: 35.3]
         [Processed Buffers: Min: 13, Avg: 23.1, Max: 35, Diff: 22, Sum: 185]
      [Scan RS (ms): Min: 0.0, Avg: 0.1, Max: 0.1, Diff: 0.1, Sum: 0.7]
      [Code Root Scanning (ms): Min: 0.0, Avg: 0.0, Max: 0.0, Diff: 0.0, Sum: 0.0]
      [Object Copy (ms): Min: 12.2, Avg: 12.3, Max: 12.4, Diff: 0.2, Sum: 98.6]
      [Termination (ms): Min: 0.0, Avg: 0.0, Max: 0.0, Diff: 0.0, Sum: 0.0]
      [GC Worker Other (ms): Min: 0.0, Avg: 0.1, Max: 0.1, Diff: 0.1, Sum: 0.4]
      [GC Worker Total (ms): Min: 18.3, Avg: 18.3, Max: 18.3, Diff: 0.0, Sum: 146.2]
      [GC Worker End (ms): Min: 1525861924.6, Avg: 1525861924.6, Max: 1525861924.6, Diff: 0.1]
   [Code Root Fixup: 0.2 ms]
   [Code Root Purge: 0.0 ms]
   [Clear CT: 0.4 ms]
   [Other: 1.5 ms]
      [Choose CSet: 0.0 ms]
      [Ref Proc: 0.2 ms]
      [Ref Enq: 0.0 ms]
      [Redirty Cards: 0.1 ms]
      [Humongous Reclaim: 0.0 ms]
      [Free CSet: 0.6 ms]
   [Eden: 2212.0M(2212.0M)->0.0B(2212.0M) Survivors: 36.0M->36.0M Heap: 2395.2M(4500.0M)->183.4M(4500.0M)]
Heap after GC invocations=33342 (full 1):
 garbage-first heap   total 4608000K, used 187835K [0x00000006a6c00000, 0x00000006a7002328, 0x00000007c0000000)
  region size 4096K, 9 young (36864K), 9 survivors (36864K)
 Metaspace       used 124684K, capacity 128512K, committed 129664K, reserved 1165312K
  class space    used 13845K, capacity 14510K, committed 14720K, reserved 1048576K
}
 [Times: user=0.12 sys=0.03, real=0.02 secs] 
{Heap before GC invocations=33342 (full 1):
 garbage-first heap   total 4608000K, used 2452923K [0x00000006a6c00000, 0x00000006a7002328, 0x00000007c0000000)
  region size 4096K, 562 young (2301952K), 9 survivors (36864K)
 Metaspace       used 124684K, capacity 128512K, committed 129664K, reserved 1165312K
  class space    used 13845K, capacity 14510K, committed 14720K, reserved 1048576K
2019-04-29T08:25:02.125+0800: 1525911.343: [GC pause (G1 Evacuation Pause) (young)
Desired survivor size 148897792 bytes, new threshold 15 (max 15)
- age   1:   19036416 bytes,   19036416 total
- age   2:    1259824 bytes,   20296240 total
- age   3:    1051040 bytes,   21347280 total
- age   4:     369464 bytes,   21716744 total
- age   5:     945832 bytes,   22662576 total
- age   6:     332592 bytes,   22995168 total
- age   7:     582464 bytes,   23577632 total
- age   8:     365176 bytes,   23942808 total
- age   9:     710640 bytes,   24653448 total
- age  10:     344624 bytes,   24998072 total
- age  11:     157792 bytes,   25155864 total
- age  12:     147760 bytes,   25303624 total
- age  13:     154760 bytes,   25458384 total
- age  14:     240368 bytes,   25698752 total
- age  15:     202560 bytes,   25901312 total
 1525911.343: [G1Ergonomics (CSet Construction) start choosing CSet, _pending_cards: 21921, predicted base time: 7.46 ms, remaining time: 52.54 ms, target pause time: 60.00 ms]
 1525911.343: [G1Ergonomics (CSet Construction) add young regions to CSet, eden: 553 regions, survivors: 9 regions, predicted young region time: 110.68 ms]
 1525911.343: [G1Ergonomics (CSet Construction) finish choosing CSet, eden: 553 regions, survivors: 9 regions, old: 0 regions, predicted pause time: 118.14 ms, target pause time: 60.00 ms]
, 0.0194054 secs]
   [Parallel Time: 17.4 ms, GC Workers: 8]
      [GC Worker Start (ms): Min: 1525911343.6, Avg: 1525911343.6, Max: 1525911343.7, Diff: 0.1]
      [Ext Root Scanning (ms): Min: 1.1, Avg: 1.6, Max: 4.7, Diff: 3.6, Sum: 13.0]
      [Update RS (ms): Min: 1.5, Avg: 4.4, Max: 5.1, Diff: 3.6, Sum: 35.6]
         [Processed Buffers: Min: 15, Avg: 22.5, Max: 37, Diff: 22, Sum: 180]
      [Scan RS (ms): Min: 0.0, Avg: 0.1, Max: 0.1, Diff: 0.1, Sum: 0.7]
      [Code Root Scanning (ms): Min: 0.0, Avg: 0.0, Max: 0.0, Diff: 0.0, Sum: 0.0]
      [Object Copy (ms): Min: 10.9, Avg: 11.0, Max: 11.1, Diff: 0.2, Sum: 88.4]
      [Termination (ms): Min: 0.0, Avg: 0.0, Max: 0.0, Diff: 0.0, Sum: 0.0]
      [GC Worker Other (ms): Min: 0.0, Avg: 0.0, Max: 0.1, Diff: 0.1, Sum: 0.3]
      [GC Worker Total (ms): Min: 17.2, Avg: 17.3, Max: 17.3, Diff: 0.1, Sum: 138.1]
      [GC Worker End (ms): Min: 1525911360.9, Avg: 1525911360.9, Max: 1525911360.9, Diff: 0.0]
   [Code Root Fixup: 0.2 ms]
   [Code Root Purge: 0.0 ms]
   [Clear CT: 0.3 ms]
   [Other: 1.5 ms]
      [Choose CSet: 0.0 ms]
      [Ref Proc: 0.3 ms]
      [Ref Enq: 0.0 ms]
      [Redirty Cards: 0.1 ms]
      [Humongous Reclaim: 0.0 ms]
      [Free CSet: 0.6 ms]
   [Eden: 2212.0M(2212.0M)->0.0B(2212.0M) Survivors: 36.0M->36.0M Heap: 2395.4M(4500.0M)->183.7M(4500.0M)]
Heap after GC invocations=33343 (full 1):
 garbage-first heap   total 4608000K, used 188133K [0x00000006a6c00000, 0x00000006a7002328, 0x00000007c0000000)
  region size 4096K, 9 young (36864K), 9 survivors (36864K)
 Metaspace       used 124684K, capacity 128512K, committed 129664K, reserved 1165312K
  class space    used 13845K, capacity 14510K, committed 14720K, reserved 1048576K
}
 [Times: user=0.12 sys=0.03, real=0.02 secs] 
{Heap before GC invocations=33343 (full 1):
 garbage-first heap   total 4608000K, used 2453221K [0x00000006a6c00000, 0x00000006a7002328, 0x00000007c0000000)
  region size 4096K, 562 young (2301952K), 9 survivors (36864K)
 Metaspace       used 124684K, capacity 128512K, committed 129664K, reserved 1165312K
  class space    used 13845K, capacity 14510K, committed 14720K, reserved 1048576K
2019-04-29T08:25:33.899+0800: 1525943.118: [GC pause (G1 Evacuation Pause) (young)
Desired survivor size 148897792 bytes, new threshold 15 (max 15)
- age   1:   17468376 bytes,   17468376 total
- age   2:     971472 bytes,   18439848 total
- age   3:     185072 bytes,   18624920 total
- age   4:     285392 bytes,   18910312 total
- age   5:     368432 bytes,   19278744 total
- age   6:     945384 bytes,   20224128 total
- age   7:     332592 bytes,   20556720 total
- age   8:     582464 bytes,   21139184 total
- age   9:     365176 bytes,   21504360 total
- age  10:     710640 bytes,   22215000 total
- age  11:     344400 bytes,   22559400 total
- age  12:     157792 bytes,   22717192 total
- age  13:     147648 bytes,   22864840 total
- age  14:     154536 bytes,   23019376 total
- age  15:     240368 bytes,   23259744 total
 1525943.118: [G1Ergonomics (CSet Construction) start choosing CSet, _pending_cards: 21006, predicted base time: 7.30 ms, remaining time: 52.70 ms, target pause time: 60.00 ms]
 1525943.118: [G1Ergonomics (CSet Construction) add young regions to CSet, eden: 553 regions, survivors: 9 regions, predicted young region time: 86.24 ms]
 1525943.118: [G1Ergonomics (CSet Construction) finish choosing CSet, eden: 553 regions, survivors: 9 regions, old: 0 regions, predicted pause time: 93.54 ms, target pause time: 60.00 ms]
, 0.0192129 secs]
   [Parallel Time: 17.2 ms, GC Workers: 8]
      [GC Worker Start (ms): Min: 1525943118.1, Avg: 1525943118.2, Max: 1525943118.2, Diff: 0.1]
      [Ext Root Scanning (ms): Min: 1.0, Avg: 1.3, Max: 2.2, Diff: 1.1, Sum: 10.3]
      [Update RS (ms): Min: 3.5, Avg: 4.2, Max: 4.5, Diff: 1.0, Sum: 33.8]
         [Processed Buffers: Min: 13, Avg: 22.5, Max: 38, Diff: 25, Sum: 180]
      [Scan RS (ms): Min: 0.0, Avg: 0.1, Max: 0.1, Diff: 0.1, Sum: 0.6]
      [Code Root Scanning (ms): Min: 0.0, Avg: 0.0, Max: 0.0, Diff: 0.0, Sum: 0.0]
      [Object Copy (ms): Min: 11.4, Avg: 11.5, Max: 11.6, Diff: 0.1, Sum: 91.9]
      [Termination (ms): Min: 0.0, Avg: 0.0, Max: 0.0, Diff: 0.0, Sum: 0.0]
      [GC Worker Other (ms): Min: 0.0, Avg: 0.1, Max: 0.1, Diff: 0.1, Sum: 0.4]
      [GC Worker Total (ms): Min: 17.1, Avg: 17.1, Max: 17.2, Diff: 0.1, Sum: 137.0]
      [GC Worker End (ms): Min: 1525943135.2, Avg: 1525943135.3, Max: 1525943135.3, Diff: 0.1]
   [Code Root Fixup: 0.3 ms]
   [Code Root Purge: 0.0 ms]
   [Clear CT: 0.3 ms]
   [Other: 1.4 ms]
      [Choose CSet: 0.0 ms]
      [Ref Proc: 0.2 ms]
      [Ref Enq: 0.0 ms]
      [Redirty Cards: 0.1 ms]
      [Humongous Reclaim: 0.0 ms]
      [Free CSet: 0.6 ms]
   [Eden: 2212.0M(2212.0M)->0.0B(2212.0M) Survivors: 36.0M->36.0M Heap: 2395.7M(4500.0M)->184.1M(4500.0M)]
Heap after GC invocations=33344 (full 1):
 garbage-first heap   total 4608000K, used 188476K [0x00000006a6c00000, 0x00000006a7002328, 0x00000007c0000000)
  region size 4096K, 9 young (36864K), 9 survivors (36864K)
 Metaspace       used 124684K, capacity 128512K, committed 129664K, reserved 1165312K
  class space    used 13845K, capacity 14510K, committed 14720K, reserved 1048576K
}
 [Times: user=0.11 sys=0.02, real=0.02 secs] 
{Heap before GC invocations=33344 (full 1):
 garbage-first heap   total 4608000K, used 2453564K [0x00000006a6c00000, 0x00000006a7002328, 0x00000007c0000000)
  region size 4096K, 562 young (2301952K), 9 survivors (36864K)
 Metaspace       used 124684K, capacity 128512K, committed 129664K, reserved 1165312K
  class space    used 13845K, capacity 14510K, committed 14720K, reserved 1048576K
2019-04-29T08:26:03.669+0800: 1525972.888: [GC pause (G1 Evacuation Pause) (young)
Desired survivor size 148897792 bytes, new threshold 15 (max 15)
- age   1:   17523904 bytes,   17523904 total
- age   2:    2419848 bytes,   19943752 total
- age   3:     141736 bytes,   20085488 total
- age   4:     183552 bytes,   20269040 total
- age   5:     238616 bytes,   20507656 total
- age   6:     367624 bytes,   20875280 total
- age   7:     944376 bytes,   21819656 total
- age   8:     332592 bytes,   22152248 total
- age   9:     580424 bytes,   22732672 total
- age  10:     365064 bytes,   23097736 total
- age  11:     710640 bytes,   23808376 total
- age  12:     344400 bytes,   24152776 total
- age  13:     156024 bytes,   24308800 total
- age  14:     147648 bytes,   24456448 total
- age  15:     154512 bytes,   24610960 total
 1525972.888: [G1Ergonomics (CSet Construction) start choosing CSet, _pending_cards: 21450, predicted base time: 7.28 ms, remaining time: 52.72 ms, target pause time: 60.00 ms]
 1525972.888: [G1Ergonomics (CSet Construction) add young regions to CSet, eden: 553 regions, survivors: 9 regions, predicted young region time: 128.50 ms]
 1525972.888: [G1Ergonomics (CSet Construction) finish choosing CSet, eden: 553 regions, survivors: 9 regions, old: 0 regions, predicted pause time: 135.78 ms, target pause time: 60.00 ms]
, 0.0188283 secs]
   [Parallel Time: 16.9 ms, GC Workers: 8]
      [GC Worker Start (ms): Min: 1525972888.5, Avg: 1525972888.5, Max: 1525972888.5, Diff: 0.1]
      [Ext Root Scanning (ms): Min: 1.0, Avg: 1.2, Max: 2.1, Diff: 1.1, Sum: 10.0]
      [Update RS (ms): Min: 3.6, Avg: 4.3, Max: 4.5, Diff: 1.0, Sum: 34.3]
         [Processed Buffers: Min: 11, Avg: 23.2, Max: 35, Diff: 24, Sum: 186]
      [Scan RS (ms): Min: 0.0, Avg: 0.1, Max: 0.1, Diff: 0.1, Sum: 0.7]
      [Code Root Scanning (ms): Min: 0.0, Avg: 0.0, Max: 0.0, Diff: 0.0, Sum: 0.0]
      [Object Copy (ms): Min: 10.9, Avg: 11.2, Max: 11.2, Diff: 0.3, Sum: 89.2]
      [Termination (ms): Min: 0.0, Avg: 0.0, Max: 0.0, Diff: 0.0, Sum: 0.0]
      [GC Worker Other (ms): Min: 0.0, Avg: 0.1, Max: 0.1, Diff: 0.1, Sum: 0.4]
      [GC Worker Total (ms): Min: 16.8, Avg: 16.8, Max: 16.9, Diff: 0.1, Sum: 134.6]
      [GC Worker End (ms): Min: 1525972905.3, Avg: 1525972905.3, Max: 1525972905.4, Diff: 0.1]
   [Code Root Fixup: 0.2 ms]
   [Code Root Purge: 0.0 ms]
   [Clear CT: 0.2 ms]
   [Other: 1.5 ms]
      [Choose CSet: 0.0 ms]
      [Ref Proc: 0.2 ms]
      [Ref Enq: 0.0 ms]
      [Redirty Cards: 0.1 ms]
      [Humongous Reclaim: 0.0 ms]
      [Free CSet: 0.6 ms]
   [Eden: 2212.0M(2212.0M)->0.0B(2212.0M) Survivors: 36.0M->36.0M Heap: 2396.1M(4500.0M)->184.3M(4500.0M)]
Heap after GC invocations=33345 (full 1):
 garbage-first heap   total 4608000K, used 188721K [0x00000006a6c00000, 0x00000006a7002328, 0x00000007c0000000)
  region size 4096K, 9 young (36864K), 9 survivors (36864K)
 Metaspace       used 124684K, capacity 128512K, committed 129664K, reserved 1165312K
  class space    used 13845K, capacity 14510K, committed 14720K, reserved 1048576K
}
 [Times: user=0.14 sys=0.00, real=0.02 secs] 
{Heap before GC invocations=33345 (full 1):
 garbage-first heap   total 4608000K, used 2453809K [0x00000006a6c00000, 0x00000006a7002328, 0x00000007c0000000)
  region size 4096K, 562 young (2301952K), 9 survivors (36864K)
 Metaspace       used 124684K, capacity 128512K, committed 129664K, reserved 1165312K
  class space    used 13845K, capacity 14510K, committed 14720K, reserved 1048576K
2019-04-29T08:26:33.865+0800: 1526003.083: [GC pause (G1 Evacuation Pause) (young)
Desired survivor size 148897792 bytes, new threshold 15 (max 15)
- age   1:   16441384 bytes,   16441384 total
- age   2:    2741416 bytes,   19182800 total
- age   3:     659616 bytes,   19842416 total
- age   4:     140752 bytes,   19983168 total
- age   5:     174272 bytes,   20157440 total
- age   6:     238504 bytes,   20395944 total
- age   7:     357648 bytes,   20753592 total
- age   8:     914456 bytes,   21668048 total
- age   9:     332592 bytes,   22000640 total
- age  10:     580424 bytes,   22581064 total
- age  11:     365064 bytes,   22946128 total
- age  12:     710640 bytes,   23656768 total
- age  13:     344400 bytes,   24001168 total
- age  14:     156024 bytes,   24157192 total
- age  15:     147648 bytes,   24304840 total
 1526003.084: [G1Ergonomics (CSet Construction) start choosing CSet, _pending_cards: 21328, predicted base time: 7.14 ms, remaining time: 52.86 ms, target pause time: 60.00 ms]
 1526003.084: [G1Ergonomics (CSet Construction) add young regions to CSet, eden: 553 regions, survivors: 9 regions, predicted young region time: 104.54 ms]
 1526003.084: [G1Ergonomics (CSet Construction) finish choosing CSet, eden: 553 regions, survivors: 9 regions, old: 0 regions, predicted pause time: 111.69 ms, target pause time: 60.00 ms]
, 0.0215523 secs]
   [Parallel Time: 19.6 ms, GC Workers: 8]
      [GC Worker Start (ms): Min: 1526003083.7, Avg: 1526003083.7, Max: 1526003083.8, Diff: 0.1]
      [Ext Root Scanning (ms): Min: 1.0, Avg: 1.3, Max: 2.3, Diff: 1.3, Sum: 10.0]
      [Update RS (ms): Min: 3.5, Avg: 4.2, Max: 4.5, Diff: 1.0, Sum: 33.4]
         [Processed Buffers: Min: 13, Avg: 22.0, Max: 31, Diff: 18, Sum: 176]
      [Scan RS (ms): Min: 0.0, Avg: 0.1, Max: 0.1, Diff: 0.1, Sum: 0.6]
      [Code Root Scanning (ms): Min: 0.0, Avg: 0.0, Max: 0.0, Diff: 0.0, Sum: 0.0]
      [Object Copy (ms): Min: 13.5, Avg: 13.7, Max: 13.8, Diff: 0.4, Sum: 109.6]
      [Termination (ms): Min: 0.0, Avg: 0.0, Max: 0.0, Diff: 0.0, Sum: 0.2]
      [GC Worker Other (ms): Min: 0.0, Avg: 0.1, Max: 0.2, Diff: 0.2, Sum: 0.9]
      [GC Worker Total (ms): Min: 19.2, Avg: 19.4, Max: 19.5, Diff: 0.3, Sum: 154.9]
      [GC Worker End (ms): Min: 1526003103.0, Avg: 1526003103.1, Max: 1526003103.2, Diff: 0.2]
   [Code Root Fixup: 0.2 ms]
   [Code Root Purge: 0.0 ms]
   [Clear CT: 0.3 ms]
   [Other: 1.5 ms]
      [Choose CSet: 0.0 ms]
      [Ref Proc: 0.2 ms]
      [Ref Enq: 0.0 ms]
      [Redirty Cards: 0.1 ms]
      [Humongous Reclaim: 0.0 ms]
      [Free CSet: 0.6 ms]
   [Eden: 2212.0M(2212.0M)->0.0B(2212.0M) Survivors: 36.0M->36.0M Heap: 2396.3M(4500.0M)->186.5M(4500.0M)]
Heap after GC invocations=33346 (full 1):
 garbage-first heap   total 4608000K, used 190979K [0x00000006a6c00000, 0x00000006a7002328, 0x00000007c0000000)
  region size 4096K, 9 young (36864K), 9 survivors (36864K)
 Metaspace       used 124684K, capacity 128512K, committed 129664K, reserved 1165312K
  class space    used 13845K, capacity 14510K, committed 14720K, reserved 1048576K
}
 [Times: user=0.13 sys=0.03, real=0.02 secs] 
{Heap before GC invocations=33346 (full 1):
 garbage-first heap   total 4608000K, used 2456067K [0x00000006a6c00000, 0x00000006a7002328, 0x00000007c0000000)
  region size 4096K, 562 young (2301952K), 9 survivors (36864K)
 Metaspace       used 124684K, capacity 128512K, committed 129664K, reserved 1165312K
  class space    used 13845K, capacity 14510K, committed 14720K, reserved 1048576K
2019-04-29T08:27:11.144+0800: 1526040.363: [GC pause (G1 Evacuation Pause) (young)
Desired survivor size 148897792 bytes, new threshold 15 (max 15)
- age   1:   21062200 bytes,   21062200 total
- age   2:    2809648 bytes,   23871848 total
- age   3:     548384 bytes,   24420232 total
- age   4:     521104 bytes,   24941336 total
- age   5:     139736 bytes,   25081072 total
- age   6:     173480 bytes,   25254552 total
- age   7:     233648 bytes,   25488200 total
- age   8:     355904 bytes,   25844104 total
- age   9:     911976 bytes,   26756080 total
- age  10:     332592 bytes,   27088672 total
- age  11:     580424 bytes,   27669096 total
- age  12:     364992 bytes,   28034088 total
- age  13:     710640 bytes,   28744728 total
- age  14:     336576 bytes,   29081304 total
- age  15:     156024 bytes,   29237328 total
 1526040.363: [G1Ergonomics (CSet Construction) start choosing CSet, _pending_cards: 21372, predicted base time: 7.11 ms, remaining time: 52.89 ms, target pause time: 60.00 ms]
 1526040.363: [G1Ergonomics (CSet Construction) add young regions to CSet, eden: 553 regions, survivors: 9 regions, predicted young region time: 163.85 ms]
 1526040.363: [G1Ergonomics (CSet Construction) finish choosing CSet, eden: 553 regions, survivors: 9 regions, old: 0 regions, predicted pause time: 170.96 ms, target pause time: 60.00 ms]
, 0.0239211 secs]
   [Parallel Time: 21.9 ms, GC Workers: 8]
      [GC Worker Start (ms): Min: 1526040362.9, Avg: 1526040362.9, Max: 1526040362.9, Diff: 0.1]
      [Ext Root Scanning (ms): Min: 1.0, Avg: 1.3, Max: 2.2, Diff: 1.2, Sum: 10.3]
      [Update RS (ms): Min: 3.5, Avg: 4.3, Max: 4.7, Diff: 1.2, Sum: 34.8]
         [Processed Buffers: Min: 12, Avg: 22.0, Max: 42, Diff: 30, Sum: 176]
      [Scan RS (ms): Min: 0.0, Avg: 0.1, Max: 0.1, Diff: 0.1, Sum: 0.8]
      [Code Root Scanning (ms): Min: 0.0, Avg: 0.0, Max: 0.0, Diff: 0.0, Sum: 0.0]
      [Object Copy (ms): Min: 15.9, Avg: 16.0, Max: 16.1, Diff: 0.1, Sum: 128.0]
      [Termination (ms): Min: 0.0, Avg: 0.0, Max: 0.0, Diff: 0.0, Sum: 0.1]
      [GC Worker Other (ms): Min: 0.0, Avg: 0.0, Max: 0.1, Diff: 0.1, Sum: 0.3]
      [GC Worker Total (ms): Min: 21.8, Avg: 21.8, Max: 21.8, Diff: 0.1, Sum: 174.3]
      [GC Worker End (ms): Min: 1526040384.7, Avg: 1526040384.7, Max: 1526040384.7, Diff: 0.1]
   [Code Root Fixup: 0.2 ms]
   [Code Root Purge: 0.0 ms]
   [Clear CT: 0.3 ms]
   [Other: 1.5 ms]
      [Choose CSet: 0.0 ms]
      [Ref Proc: 0.2 ms]
      [Ref Enq: 0.0 ms]
      [Redirty Cards: 0.1 ms]
      [Humongous Reclaim: 0.0 ms]
      [Free CSet: 0.6 ms]
   [Eden: 2212.0M(2212.0M)->0.0B(2208.0M) Survivors: 36.0M->40.0M Heap: 2398.5M(4500.0M)->190.7M(4500.0M)]
Heap after GC invocations=33347 (full 1):
 garbage-first heap   total 4608000K, used 195251K [0x00000006a6c00000, 0x00000006a7002328, 0x00000007c0000000)
  region size 4096K, 10 young (40960K), 10 survivors (40960K)
 Metaspace       used 124684K, capacity 128512K, committed 129664K, reserved 1165312K
  class space    used 13845K, capacity 14510K, committed 14720K, reserved 1048576K
}
 [Times: user=0.15 sys=0.03, real=0.02 secs] 
{Heap before GC invocations=33347 (full 1):
 garbage-first heap   total 4608000K, used 2456243K [0x00000006a6c00000, 0x00000006a7002328, 0x00000007c0000000)
  region size 4096K, 562 young (2301952K), 10 survivors (40960K)
 Metaspace       used 124684K, capacity 128512K, committed 129664K, reserved 1165312K
  class space    used 13845K, capacity 14510K, committed 14720K, reserved 1048576K
2019-04-29T08:27:42.449+0800: 1526071.668: [GC pause (G1 Evacuation Pause) (young)
Desired survivor size 148897792 bytes, new threshold 15 (max 15)
- age   1:   24960032 bytes,   24960032 total
- age   2:    1905016 bytes,   26865048 total
- age   3:     980520 bytes,   27845568 total
- age   4:     540976 bytes,   28386544 total
- age   5:     520448 bytes,   28906992 total
- age   6:     138904 bytes,   29045896 total
- age   7:     172552 bytes,   29218448 total
- age   8:     233352 bytes,   29451800 total
- age   9:     355792 bytes,   29807592 total
- age  10:     911496 bytes,   30719088 total
- age  11:     332408 bytes,   31051496 total
- age  12:     580352 bytes,   31631848 total
- age  13:     364744 bytes,   31996592 total
- age  14:     710568 bytes,   32707160 total
- age  15:     336152 bytes,   33043312 total
 1526071.668: [G1Ergonomics (CSet Construction) start choosing CSet, _pending_cards: 21047, predicted base time: 7.02 ms, remaining time: 52.98 ms, target pause time: 60.00 ms]
 1526071.668: [G1Ergonomics (CSet Construction) add young regions to CSet, eden: 552 regions, survivors: 10 regions, predicted young region time: 160.45 ms]
 1526071.668: [G1Ergonomics (CSet Construction) finish choosing CSet, eden: 552 regions, survivors: 10 regions, old: 0 regions, predicted pause time: 167.47 ms, target pause time: 60.00 ms]
, 0.0253873 secs]
   [Parallel Time: 23.3 ms, GC Workers: 8]
      [GC Worker Start (ms): Min: 1526071668.6, Avg: 1526071668.6, Max: 1526071668.6, Diff: 0.1]
      [Ext Root Scanning (ms): Min: 1.0, Avg: 1.3, Max: 2.3, Diff: 1.2, Sum: 10.5]
      [Update RS (ms): Min: 3.4, Avg: 4.3, Max: 4.6, Diff: 1.2, Sum: 34.1]
         [Processed Buffers: Min: 13, Avg: 21.2, Max: 33, Diff: 20, Sum: 170]
      [Scan RS (ms): Min: 0.0, Avg: 0.1, Max: 0.1, Diff: 0.1, Sum: 0.7]
      [Code Root Scanning (ms): Min: 0.0, Avg: 0.0, Max: 0.0, Diff: 0.0, Sum: 0.0]
      [Object Copy (ms): Min: 17.4, Avg: 17.5, Max: 17.6, Diff: 0.2, Sum: 140.1]
      [Termination (ms): Min: 0.0, Avg: 0.0, Max: 0.0, Diff: 0.0, Sum: 0.0]
      [GC Worker Other (ms): Min: 0.0, Avg: 0.0, Max: 0.1, Diff: 0.0, Sum: 0.3]
      [GC Worker Total (ms): Min: 23.2, Avg: 23.2, Max: 23.3, Diff: 0.1, Sum: 185.7]
      [GC Worker End (ms): Min: 1526071691.8, Avg: 1526071691.8, Max: 1526071691.9, Diff: 0.1]
   [Code Root Fixup: 0.3 ms]
   [Code Root Purge: 0.0 ms]
   [Clear CT: 0.3 ms]
   [Other: 1.5 ms]
      [Choose CSet: 0.0 ms]
      [Ref Proc: 0.2 ms]
      [Ref Enq: 0.0 ms]
      [Redirty Cards: 0.1 ms]
      [Humongous Reclaim: 0.0 ms]
      [Free CSet: 0.6 ms]
   [Eden: 2208.0M(2208.0M)->0.0B(2200.0M) Survivors: 40.0M->48.0M Heap: 2398.7M(4500.0M)->197.1M(4500.0M)]
Heap after GC invocations=33348 (full 1):
 garbage-first heap   total 4608000K, used 201788K [0x00000006a6c00000, 0x00000006a7002328, 0x00000007c0000000)
  region size 4096K, 12 young (49152K), 12 survivors (49152K)
 Metaspace       used 124684K, capacity 128512K, committed 129664K, reserved 1165312K
  class space    used 13845K, capacity 14510K, committed 14720K, reserved 1048576K
}
 [Times: user=0.15 sys=0.04, real=0.03 secs] 
{Heap before GC invocations=33348 (full 1):
 garbage-first heap   total 4608000K, used 2454588K [0x00000006a6c00000, 0x00000006a7002328, 0x00000007c0000000)
  region size 4096K, 562 young (2301952K), 12 survivors (49152K)
 Metaspace       used 124684K, capacity 128512K, committed 129664K, reserved 1165312K
  class space    used 13845K, capacity 14510K, committed 14720K, reserved 1048576K
2019-04-29T08:28:33.980+0800: 1526123.198: [GC pause (G1 Evacuation Pause) (young)
Desired survivor size 148897792 bytes, new threshold 15 (max 15)
- age   1:   26472856 bytes,   26472856 total
- age   2:    2441584 bytes,   28914440 total
- age   3:     382184 bytes,   29296624 total
- age   4:     978232 bytes,   30274856 total
- age   5:     537296 bytes,   30812152 total
- age   6:     519096 bytes,   31331248 total
- age   7:     138680 bytes,   31469928 total
- age   8:     172440 bytes,   31642368 total
- age   9:     233128 bytes,   31875496 total
- age  10:     355456 bytes,   32230952 total
- age  11:     911048 bytes,   33142000 total
- age  12:     332408 bytes,   33474408 total
- age  13:     580352 bytes,   34054760 total
- age  14:     364744 bytes,   34419504 total
- age  15:     710568 bytes,   35130072 total
 1526123.198: [G1Ergonomics (CSet Construction) start choosing CSet, _pending_cards: 22655, predicted base time: 7.34 ms, remaining time: 52.66 ms, target pause time: 60.00 ms]
 1526123.198: [G1Ergonomics (CSet Construction) add young regions to CSet, eden: 550 regions, survivors: 12 regions, predicted young region time: 151.43 ms]
 1526123.198: [G1Ergonomics (CSet Construction) finish choosing CSet, eden: 550 regions, survivors: 12 regions, old: 0 regions, predicted pause time: 158.77 ms, target pause time: 60.00 ms]
, 0.0194420 secs]
   [Parallel Time: 17.2 ms, GC Workers: 8]
      [GC Worker Start (ms): Min: 1526123198.7, Avg: 1526123198.7, Max: 1526123198.8, Diff: 0.1]
      [Ext Root Scanning (ms): Min: 1.1, Avg: 1.4, Max: 2.0, Diff: 0.9, Sum: 11.1]
      [Update RS (ms): Min: 4.0, Avg: 4.5, Max: 4.8, Diff: 0.9, Sum: 36.2]
         [Processed Buffers: Min: 17, Avg: 23.6, Max: 45, Diff: 28, Sum: 189]
      [Scan RS (ms): Min: 0.0, Avg: 0.1, Max: 0.1, Diff: 0.1, Sum: 0.6]
      [Code Root Scanning (ms): Min: 0.0, Avg: 0.0, Max: 0.0, Diff: 0.0, Sum: 0.0]
      [Object Copy (ms): Min: 10.9, Avg: 11.0, Max: 11.1, Diff: 0.2, Sum: 88.0]
      [Termination (ms): Min: 0.0, Avg: 0.0, Max: 0.0, Diff: 0.0, Sum: 0.0]
      [GC Worker Other (ms): Min: 0.0, Avg: 0.1, Max: 0.1, Diff: 0.1, Sum: 0.5]
      [GC Worker Total (ms): Min: 17.0, Avg: 17.0, Max: 17.1, Diff: 0.1, Sum: 136.4]
      [GC Worker End (ms): Min: 1526123215.7, Avg: 1526123215.8, Max: 1526123215.8, Diff: 0.1]
   [Code Root Fixup: 0.2 ms]
   [Code Root Purge: 0.0 ms]
   [Clear CT: 0.3 ms]
   [Other: 1.8 ms]
      [Choose CSet: 0.0 ms]
      [Ref Proc: 0.2 ms]
      [Ref Enq: 0.0 ms]
      [Redirty Cards: 0.1 ms]
      [Humongous Reclaim: 0.0 ms]
      [Free CSet: 0.9 ms]
   [Eden: 2200.0M(2200.0M)->0.0B(2212.0M) Survivors: 48.0M->36.0M Heap: 2397.1M(4500.0M)->185.8M(4500.0M)]
Heap after GC invocations=33349 (full 1):
 garbage-first heap   total 4608000K, used 190287K [0x00000006a6c00000, 0x00000006a7002328, 0x00000007c0000000)
  region size 4096K, 9 young (36864K), 9 survivors (36864K)
 Metaspace       used 124684K, capacity 128512K, committed 129664K, reserved 1165312K
  class space    used 13845K, capacity 14510K, committed 14720K, reserved 1048576K
}
 [Times: user=0.11 sys=0.03, real=0.02 secs] 
{Heap before GC invocations=33349 (full 1):
 garbage-first heap   total 4608000K, used 2455375K [0x00000006a6c00000, 0x00000006a7002328, 0x00000007c0000000)
  region size 4096K, 562 young (2301952K), 9 survivors (36864K)
 Metaspace       used 124684K, capacity 128512K, committed 129664K, reserved 1165312K
  class space    used 13845K, capacity 14510K, committed 14720K, reserved 1048576K
2019-04-29T08:29:23.538+0800: 1526172.757: [GC pause (G1 Evacuation Pause) (young)
Desired survivor size 148897792 bytes, new threshold 15 (max 15)
- age   1:   16698336 bytes,   16698336 total
- age   2:     987104 bytes,   17685440 total
- age   3:     523224 bytes,   18208664 total
- age   4:     381624 bytes,   18590288 total
- age   5:     975696 bytes,   19565984 total
- age   6:     534848 bytes,   20100832 total
- age   7:     518872 bytes,   20619704 total
- age   8:     138680 bytes,   20758384 total
- age   9:     172328 bytes,   20930712 total
- age  10:     232904 bytes,   21163616 total
- age  11:     355456 bytes,   21519072 total
- age  12:     910488 bytes,   22429560 total
- age  13:     332408 bytes,   22761968 total
- age  14:     580352 bytes,   23342320 total
- age  15:     364744 bytes,   23707064 total
 1526172.757: [G1Ergonomics (CSet Construction) start choosing CSet, _pending_cards: 23869, predicted base time: 7.58 ms, remaining time: 52.42 ms, target pause time: 60.00 ms]
 1526172.757: [G1Ergonomics (CSet Construction) add young regions to CSet, eden: 553 regions, survivors: 9 regions, predicted young region time: 118.88 ms]
 1526172.757: [G1Ergonomics (CSet Construction) finish choosing CSet, eden: 553 regions, survivors: 9 regions, old: 0 regions, predicted pause time: 126.46 ms, target pause time: 60.00 ms]
, 0.0197441 secs]
   [Parallel Time: 17.6 ms, GC Workers: 8]
      [GC Worker Start (ms): Min: 1526172757.6, Avg: 1526172757.6, Max: 1526172757.7, Diff: 0.1]
      [Ext Root Scanning (ms): Min: 1.1, Avg: 1.4, Max: 2.2, Diff: 1.1, Sum: 11.0]
      [Update RS (ms): Min: 4.0, Avg: 4.7, Max: 5.0, Diff: 1.1, Sum: 37.6]
         [Processed Buffers: Min: 14, Avg: 24.0, Max: 35, Diff: 21, Sum: 192]
      [Scan RS (ms): Min: 0.0, Avg: 0.1, Max: 0.2, Diff: 0.1, Sum: 0.6]
      [Code Root Scanning (ms): Min: 0.0, Avg: 0.0, Max: 0.0, Diff: 0.0, Sum: 0.0]
      [Object Copy (ms): Min: 11.2, Avg: 11.3, Max: 11.4, Diff: 0.2, Sum: 90.5]
      [Termination (ms): Min: 0.0, Avg: 0.0, Max: 0.0, Diff: 0.0, Sum: 0.0]
      [GC Worker Other (ms): Min: 0.0, Avg: 0.1, Max: 0.1, Diff: 0.1, Sum: 0.4]
      [GC Worker Total (ms): Min: 17.5, Avg: 17.5, Max: 17.6, Diff: 0.1, Sum: 140.3]
      [GC Worker End (ms): Min: 1526172775.1, Avg: 1526172775.2, Max: 1526172775.2, Diff: 0.1]
   [Code Root Fixup: 0.2 ms]
   [Code Root Purge: 0.0 ms]
   [Clear CT: 0.3 ms]
   [Other: 1.6 ms]
      [Choose CSet: 0.1 ms]
      [Ref Proc: 0.2 ms]
      [Ref Enq: 0.0 ms]
      [Redirty Cards: 0.1 ms]
      [Humongous Reclaim: 0.0 ms]
      [Free CSet: 0.7 ms]
   [Eden: 2212.0M(2212.0M)->0.0B(2212.0M) Survivors: 36.0M->36.0M Heap: 2397.8M(4500.0M)->188.5M(4500.0M)]
Heap after GC invocations=33350 (full 1):
 garbage-first heap   total 4608000K, used 193072K [0x00000006a6c00000, 0x00000006a7002328, 0x00000007c0000000)
  region size 4096K, 9 young (36864K), 9 survivors (36864K)
 Metaspace       used 124684K, capacity 128512K, committed 129664K, reserved 1165312K
  class space    used 13845K, capacity 14510K, committed 14720K, reserved 1048576K
}
 [Times: user=0.11 sys=0.04, real=0.02 secs] 
{Heap before GC invocations=33350 (full 1):
 garbage-first heap   total 4608000K, used 2458160K [0x00000006a6c00000, 0x00000006a7002328, 0x00000007c0000000)
  region size 4096K, 562 young (2301952K), 9 survivors (36864K)
 Metaspace       used 124684K, capacity 128512K, committed 129664K, reserved 1165312K
  class space    used 13845K, capacity 14510K, committed 14720K, reserved 1048576K
2019-04-29T08:30:03.884+0800: 1526213.102: [GC pause (G1 Evacuation Pause) (young)
Desired survivor size 148897792 bytes, new threshold 15 (max 15)
- age   1:   19344520 bytes,   19344520 total
- age   2:     890152 bytes,   20234672 total
- age   3:     431088 bytes,   20665760 total
- age   4:     516128 bytes,   21181888 total
- age   5:     380072 bytes,   21561960 total
- age   6:     974016 bytes,   22535976 total
- age   7:     533472 bytes,   23069448 total
- age   8:     518872 bytes,   23588320 total
- age   9:     138568 bytes,   23726888 total
- age  10:     172216 bytes,   23899104 total
- age  11:     232792 bytes,   24131896 total
- age  12:     355232 bytes,   24487128 total
- age  13:     910376 bytes,   25397504 total
- age  14:     332408 bytes,   25729912 total
- age  15:     580352 bytes,   26310264 total
 1526213.103: [G1Ergonomics (CSet Construction) start choosing CSet, _pending_cards: 22625, predicted base time: 7.31 ms, remaining time: 52.69 ms, target pause time: 60.00 ms]
 1526213.103: [G1Ergonomics (CSet Construction) add young regions to CSet, eden: 553 regions, survivors: 9 regions, predicted young region time: 256.14 ms]
 1526213.103: [G1Ergonomics (CSet Construction) finish choosing CSet, eden: 553 regions, survivors: 9 regions, old: 0 regions, predicted pause time: 263.46 ms, target pause time: 60.00 ms]
, 0.0240454 secs]
   [Parallel Time: 22.0 ms, GC Workers: 8]
      [GC Worker Start (ms): Min: 1526213102.7, Avg: 1526213102.7, Max: 1526213102.8, Diff: 0.1]
      [Ext Root Scanning (ms): Min: 1.2, Avg: 1.4, Max: 2.1, Diff: 0.9, Sum: 11.1]
      [Update RS (ms): Min: 3.9, Avg: 4.5, Max: 4.7, Diff: 0.8, Sum: 35.7]
         [Processed Buffers: Min: 12, Avg: 24.4, Max: 47, Diff: 35, Sum: 195]
      [Scan RS (ms): Min: 0.0, Avg: 0.1, Max: 0.1, Diff: 0.1, Sum: 0.6]
      [Code Root Scanning (ms): Min: 0.0, Avg: 0.0, Max: 0.0, Diff: 0.0, Sum: 0.0]
      [Object Copy (ms): Min: 15.8, Avg: 15.9, Max: 15.9, Diff: 0.1, Sum: 127.2]
      [Termination (ms): Min: 0.0, Avg: 0.0, Max: 0.0, Diff: 0.0, Sum: 0.2]
      [GC Worker Other (ms): Min: 0.0, Avg: 0.1, Max: 0.1, Diff: 0.1, Sum: 0.4]
      [GC Worker Total (ms): Min: 21.9, Avg: 21.9, Max: 22.0, Diff: 0.1, Sum: 175.4]
      [GC Worker End (ms): Min: 1526213124.6, Avg: 1526213124.6, Max: 1526213124.7, Diff: 0.1]
   [Code Root Fixup: 0.3 ms]
   [Code Root Purge: 0.0 ms]
   [Clear CT: 0.3 ms]
   [Other: 1.4 ms]
      [Choose CSet: 0.0 ms]
      [Ref Proc: 0.2 ms]
      [Ref Enq: 0.0 ms]
      [Redirty Cards: 0.1 ms]
      [Humongous Reclaim: 0.0 ms]
      [Free CSet: 0.6 ms]
   [Eden: 2212.0M(2212.0M)->0.0B(2208.0M) Survivors: 36.0M->40.0M Heap: 2400.5M(4500.0M)->193.3M(4500.0M)]
Heap after GC invocations=33351 (full 1):
 garbage-first heap   total 4608000K, used 197892K [0x00000006a6c00000, 0x00000006a7002328, 0x00000007c0000000)
  region size 4096K, 10 young (40960K), 10 survivors (40960K)
 Metaspace       used 124684K, capacity 128512K, committed 129664K, reserved 1165312K
  class space    used 13845K, capacity 14510K, committed 14720K, reserved 1048576K
}
 [Times: user=0.14 sys=0.04, real=0.02 secs] 
{Heap before GC invocations=33351 (full 1):
 garbage-first heap   total 4608000K, used 2458884K [0x00000006a6c00000, 0x00000006a7002328, 0x00000007c0000000)
  region size 4096K, 562 young (2301952K), 10 survivors (40960K)
 Metaspace       used 124684K, capacity 128512K, committed 129664K, reserved 1165312K
  class space    used 13845K, capacity 14510K, committed 14720K, reserved 1048576K
2019-04-29T08:31:00.734+0800: 1526269.952: [GC pause (G1 Evacuation Pause) (young)
Desired survivor size 148897792 bytes, new threshold 15 (max 15)
- age   1:   25362736 bytes,   25362736 total
- age   2:    2454520 bytes,   27817256 total
- age   3:     272336 bytes,   28089592 total
- age   4:     369616 bytes,   28459208 total
- age   5:     515456 bytes,   28974664 total
- age   6:     158032 bytes,   29132696 total
- age   7:     219304 bytes,   29352000 total
- age   8:     532024 bytes,   29884024 total
- age   9:     518872 bytes,   30402896 total
- age  10:     138456 bytes,   30541352 total
- age  11:     171992 bytes,   30713344 total
- age  12:     230864 bytes,   30944208 total
- age  13:     355120 bytes,   31299328 total
- age  14:     909816 bytes,   32209144 total
- age  15:     332408 bytes,   32541552 total
 1526269.953: [G1Ergonomics (CSet Construction) start choosing CSet, _pending_cards: 24215, predicted base time: 7.62 ms, remaining time: 52.38 ms, target pause time: 60.00 ms]
 1526269.953: [G1Ergonomics (CSet Construction) add young regions to CSet, eden: 552 regions, survivors: 10 regions, predicted young region time: 262.71 ms]
 1526269.953: [G1Ergonomics (CSet Construction) finish choosing CSet, eden: 552 regions, survivors: 10 regions, old: 0 regions, predicted pause time: 270.33 ms, target pause time: 60.00 ms]
, 0.0188345 secs]
   [Parallel Time: 16.8 ms, GC Workers: 8]
      [GC Worker Start (ms): Min: 1526269952.7, Avg: 1526269952.7, Max: 1526269952.8, Diff: 0.1]
      [Ext Root Scanning (ms): Min: 1.1, Avg: 1.3, Max: 2.2, Diff: 1.1, Sum: 10.7]
      [Update RS (ms): Min: 4.0, Avg: 4.8, Max: 5.1, Diff: 1.1, Sum: 38.2]
         [Processed Buffers: Min: 12, Avg: 24.8, Max: 36, Diff: 24, Sum: 198]
      [Scan RS (ms): Min: 0.0, Avg: 0.1, Max: 0.1, Diff: 0.1, Sum: 0.6]
      [Code Root Scanning (ms): Min: 0.0, Avg: 0.0, Max: 0.0, Diff: 0.0, Sum: 0.0]
      [Object Copy (ms): Min: 10.4, Avg: 10.4, Max: 10.5, Diff: 0.2, Sum: 83.5]
      [Termination (ms): Min: 0.0, Avg: 0.0, Max: 0.0, Diff: 0.0, Sum: 0.0]
      [GC Worker Other (ms): Min: 0.0, Avg: 0.1, Max: 0.1, Diff: 0.1, Sum: 0.5]
      [GC Worker Total (ms): Min: 16.6, Avg: 16.7, Max: 16.8, Diff: 0.1, Sum: 133.5]
      [GC Worker End (ms): Min: 1526269969.4, Avg: 1526269969.4, Max: 1526269969.5, Diff: 0.1]
   [Code Root Fixup: 0.2 ms]
   [Code Root Purge: 0.0 ms]
   [Clear CT: 0.3 ms]
   [Other: 1.5 ms]
      [Choose CSet: 0.0 ms]
      [Ref Proc: 0.2 ms]
      [Ref Enq: 0.0 ms]
      [Redirty Cards: 0.1 ms]
      [Humongous Reclaim: 0.0 ms]
      [Free CSet: 0.6 ms]
   [Eden: 2208.0M(2208.0M)->0.0B(2212.0M) Survivors: 40.0M->36.0M Heap: 2401.3M(4500.0M)->187.9M(4500.0M)]
Heap after GC invocations=33352 (full 1):
 garbage-first heap   total 4608000K, used 192430K [0x00000006a6c00000, 0x00000006a7002328, 0x00000007c0000000)
  region size 4096K, 9 young (36864K), 9 survivors (36864K)
 Metaspace       used 124684K, capacity 128512K, committed 129664K, reserved 1165312K
  class space    used 13845K, capacity 14510K, committed 14720K, reserved 1048576K
}
 [Times: user=0.11 sys=0.03, real=0.02 secs] 
{Heap before GC invocations=33352 (full 1):
 garbage-first heap   total 4608000K, used 2457518K [0x00000006a6c00000, 0x00000006a7002328, 0x00000007c0000000)
  region size 4096K, 562 young (2301952K), 9 survivors (36864K)
 Metaspace       used 124684K, capacity 128512K, committed 129664K, reserved 1165312K
  class space    used 13845K, capacity 14510K, committed 14720K, reserved 1048576K
2019-04-29T08:31:53.649+0800: 1526322.868: [GC pause (G1 Evacuation Pause) (young)
Desired survivor size 148897792 bytes, new threshold 15 (max 15)
- age   1:   16390624 bytes,   16390624 total
- age   2:     361928 bytes,   16752552 total
- age   3:    1193912 bytes,   17946464 total
- age   4:     267536 bytes,   18214000 total
- age   5:     367720 bytes,   18581720 total
- age   6:     515312 bytes,   19097032 total
- age   7:     157696 bytes,   19254728 total
- age   8:     218256 bytes,   19472984 total
- age   9:     531576 bytes,   20004560 total
- age  10:     518648 bytes,   20523208 total
- age  11:     138456 bytes,   20661664 total
- age  12:     171992 bytes,   20833656 total
- age  13:     230640 bytes,   21064296 total
- age  14:     353440 bytes,   21417736 total
- age  15:     909592 bytes,   22327328 total
 1526322.868: [G1Ergonomics (CSet Construction) start choosing CSet, _pending_cards: 23462, predicted base time: 7.43 ms, remaining time: 52.57 ms, target pause time: 60.00 ms]
 1526322.868: [G1Ergonomics (CSet Construction) add young regions to CSet, eden: 553 regions, survivors: 9 regions, predicted young region time: 213.53 ms]
 1526322.868: [G1Ergonomics (CSet Construction) finish choosing CSet, eden: 553 regions, survivors: 9 regions, old: 0 regions, predicted pause time: 220.96 ms, target pause time: 60.00 ms]
, 0.0200898 secs]
   [Parallel Time: 18.1 ms, GC Workers: 8]
      [GC Worker Start (ms): Min: 1526322868.4, Avg: 1526322868.5, Max: 1526322868.5, Diff: 0.1]
      [Ext Root Scanning (ms): Min: 1.0, Avg: 1.5, Max: 4.3, Diff: 3.4, Sum: 12.2]
      [Update RS (ms): Min: 1.9, Avg: 4.6, Max: 5.2, Diff: 3.3, Sum: 36.9]
         [Processed Buffers: Min: 12, Avg: 23.0, Max: 38, Diff: 26, Sum: 184]
      [Scan RS (ms): Min: 0.0, Avg: 0.1, Max: 0.1, Diff: 0.1, Sum: 0.6]
      [Code Root Scanning (ms): Min: 0.0, Avg: 0.0, Max: 0.0, Diff: 0.0, Sum: 0.0]
      [Object Copy (ms): Min: 11.6, Avg: 11.7, Max: 11.8, Diff: 0.2, Sum: 93.5]
      [Termination (ms): Min: 0.0, Avg: 0.0, Max: 0.0, Diff: 0.0, Sum: 0.0]
      [GC Worker Other (ms): Min: 0.0, Avg: 0.1, Max: 0.1, Diff: 0.1, Sum: 0.5]
      [GC Worker Total (ms): Min: 17.9, Avg: 18.0, Max: 18.0, Diff: 0.1, Sum: 143.6]
      [GC Worker End (ms): Min: 1526322886.4, Avg: 1526322886.4, Max: 1526322886.5, Diff: 0.1]
   [Code Root Fixup: 0.2 ms]
   [Code Root Purge: 0.0 ms]
   [Clear CT: 0.3 ms]
   [Other: 1.5 ms]
      [Choose CSet: 0.0 ms]
      [Ref Proc: 0.2 ms]
      [Ref Enq: 0.0 ms]
      [Redirty Cards: 0.1 ms]
      [Humongous Reclaim: 0.0 ms]
      [Free CSet: 0.7 ms]
   [Eden: 2212.0M(2212.0M)->0.0B(2212.0M) Survivors: 36.0M->36.0M Heap: 2399.9M(4500.0M)->188.9M(4500.0M)]
Heap after GC invocations=33353 (full 1):
 garbage-first heap   total 4608000K, used 193453K [0x00000006a6c00000, 0x00000006a7002328, 0x00000007c0000000)
  region size 4096K, 9 young (36864K), 9 survivors (36864K)
 Metaspace       used 124684K, capacity 128512K, committed 129664K, reserved 1165312K
  class space    used 13845K, capacity 14510K, committed 14720K, reserved 1048576K
}
 [Times: user=0.12 sys=0.03, real=0.03 secs] 
{Heap before GC invocations=33353 (full 1):
 garbage-first heap   total 4608000K, used 2458541K [0x00000006a6c00000, 0x00000006a7002328, 0x00000007c0000000)
  region size 4096K, 562 young (2301952K), 9 survivors (36864K)
 Metaspace       used 124684K, capacity 128512K, committed 129664K, reserved 1165312K
  class space    used 13845K, capacity 14510K, committed 14720K, reserved 1048576K
2019-04-29T08:32:40.791+0800: 1526370.010: [GC pause (G1 Evacuation Pause) (young)
Desired survivor size 148897792 bytes, new threshold 15 (max 15)
- age   1:   18125304 bytes,   18125304 total
- age   2:    1335632 bytes,   19460936 total
- age   3:     253968 bytes,   19714904 total
- age   4:    1192808 bytes,   20907712 total
- age   5:     267536 bytes,   21175248 total
- age   6:     367720 bytes,   21542968 total
- age   7:     515088 bytes,   22058056 total
- age   8:     157696 bytes,   22215752 total
- age   9:     218144 bytes,   22433896 total
- age  10:     531464 bytes,   22965360 total
- age  11:     518648 bytes,   23484008 total
- age  12:     138456 bytes,   23622464 total
- age  13:     171880 bytes,   23794344 total
- age  14:     230640 bytes,   24024984 total
- age  15:     353440 bytes,   24378424 total
 1526370.010: [G1Ergonomics (CSet Construction) start choosing CSet, _pending_cards: 23542, predicted base time: 7.46 ms, remaining time: 52.54 ms, target pause time: 60.00 ms]
 1526370.010: [G1Ergonomics (CSet Construction) add young regions to CSet, eden: 553 regions, survivors: 9 regions, predicted young region time: 188.26 ms]
 1526370.010: [G1Ergonomics (CSet Construction) finish choosing CSet, eden: 553 regions, survivors: 9 regions, old: 0 regions, predicted pause time: 195.72 ms, target pause time: 60.00 ms]
, 0.0206804 secs]
   [Parallel Time: 18.7 ms, GC Workers: 8]
      [GC Worker Start (ms): Min: 1526370010.2, Avg: 1526370010.2, Max: 1526370010.3, Diff: 0.1]
      [Ext Root Scanning (ms): Min: 1.1, Avg: 1.3, Max: 2.1, Diff: 1.0, Sum: 10.4]
      [Update RS (ms): Min: 4.2, Avg: 4.6, Max: 5.0, Diff: 0.8, Sum: 37.1]
         [Processed Buffers: Min: 16, Avg: 24.0, Max: 38, Diff: 22, Sum: 192]
      [Scan RS (ms): Min: 0.0, Avg: 0.1, Max: 0.1, Diff: 0.1, Sum: 0.6]
      [Code Root Scanning (ms): Min: 0.0, Avg: 0.0, Max: 0.0, Diff: 0.0, Sum: 0.0]
      [Object Copy (ms): Min: 12.2, Avg: 12.5, Max: 12.6, Diff: 0.4, Sum: 100.0]
      [Termination (ms): Min: 0.0, Avg: 0.0, Max: 0.0, Diff: 0.0, Sum: 0.0]
      [GC Worker Other (ms): Min: 0.0, Avg: 0.0, Max: 0.1, Diff: 0.1, Sum: 0.4]
      [GC Worker Total (ms): Min: 18.5, Avg: 18.6, Max: 18.6, Diff: 0.1, Sum: 148.6]
      [GC Worker End (ms): Min: 1526370028.8, Avg: 1526370028.8, Max: 1526370028.8, Diff: 0.1]
   [Code Root Fixup: 0.2 ms]
   [Code Root Purge: 0.0 ms]
   [Clear CT: 0.3 ms]
   [Other: 1.5 ms]
      [Choose CSet: 0.0 ms]
      [Ref Proc: 0.2 ms]
      [Ref Enq: 0.0 ms]
      [Redirty Cards: 0.1 ms]
      [Humongous Reclaim: 0.0 ms]
      [Free CSet: 0.6 ms]
   [Eden: 2212.0M(2212.0M)->0.0B(2212.0M) Survivors: 36.0M->36.0M Heap: 2400.9M(4500.0M)->189.7M(4500.0M)]
Heap after GC invocations=33354 (full 1):
 garbage-first heap   total 4608000K, used 194237K [0x00000006a6c00000, 0x00000006a7002328, 0x00000007c0000000)
  region size 4096K, 9 young (36864K), 9 survivors (36864K)
 Metaspace       used 124684K, capacity 128512K, committed 129664K, reserved 1165312K
  class space    used 13845K, capacity 14510K, committed 14720K, reserved 1048576K
}
 [Times: user=0.12 sys=0.03, real=0.02 secs] 
{Heap before GC invocations=33354 (full 1):
 garbage-first heap   total 4608000K, used 2459325K [0x00000006a6c00000, 0x00000006a7002328, 0x00000007c0000000)
  region size 4096K, 562 young (2301952K), 9 survivors (36864K)
 Metaspace       used 124684K, capacity 128512K, committed 129664K, reserved 1165312K
  class space    used 13845K, capacity 14510K, committed 14720K, reserved 1048576K
2019-04-29T08:33:20.632+0800: 1526409.851: [GC pause (G1 Evacuation Pause) (young)
Desired survivor size 148897792 bytes, new threshold 15 (max 15)
- age   1:   19550736 bytes,   19550736 total
- age   2:    1102464 bytes,   20653200 total
- age   3:     734632 bytes,   21387832 total
- age   4:     249824 bytes,   21637656 total
- age   5:    1192776 bytes,   22830432 total
- age   6:     267424 bytes,   23097856 total
- age   7:     366064 bytes,   23463920 total
- age   8:     515088 bytes,   23979008 total
- age   9:     157584 bytes,   24136592 total
- age  10:     218144 bytes,   24354736 total
- age  11:     531352 bytes,   24886088 total
- age  12:     518648 bytes,   25404736 total
- age  13:     138456 bytes,   25543192 total
- age  14:     171880 bytes,   25715072 total
- age  15:     230640 bytes,   25945712 total
 1526409.851: [G1Ergonomics (CSet Construction) start choosing CSet, _pending_cards: 22086, predicted base time: 7.13 ms, remaining time: 52.87 ms, target pause time: 60.00 ms]
 1526409.851: [G1Ergonomics (CSet Construction) add young regions to CSet, eden: 553 regions, survivors: 9 regions, predicted young region time: 240.66 ms]
 1526409.851: [G1Ergonomics (CSet Construction) finish choosing CSet, eden: 553 regions, survivors: 9 regions, old: 0 regions, predicted pause time: 247.80 ms, target pause time: 60.00 ms]
, 0.0189758 secs]
   [Parallel Time: 17.0 ms, GC Workers: 8]
      [GC Worker Start (ms): Min: 1526409851.5, Avg: 1526409851.6, Max: 1526409851.6, Diff: 0.1]
      [Ext Root Scanning (ms): Min: 1.0, Avg: 1.2, Max: 2.1, Diff: 1.1, Sum: 9.8]
      [Update RS (ms): Min: 3.6, Avg: 4.4, Max: 4.8, Diff: 1.2, Sum: 34.9]
         [Processed Buffers: Min: 16, Avg: 22.5, Max: 34, Diff: 18, Sum: 180]
      [Scan RS (ms): Min: 0.0, Avg: 0.1, Max: 0.1, Diff: 0.1, Sum: 0.6]
      [Code Root Scanning (ms): Min: 0.0, Avg: 0.0, Max: 0.0, Diff: 0.0, Sum: 0.0]
      [Object Copy (ms): Min: 11.1, Avg: 11.2, Max: 11.3, Diff: 0.2, Sum: 89.7]
      [Termination (ms): Min: 0.0, Avg: 0.0, Max: 0.0, Diff: 0.0, Sum: 0.0]
      [GC Worker Other (ms): Min: 0.0, Avg: 0.0, Max: 0.1, Diff: 0.0, Sum: 0.3]
      [GC Worker Total (ms): Min: 16.9, Avg: 16.9, Max: 16.9, Diff: 0.1, Sum: 135.3]
      [GC Worker End (ms): Min: 1526409868.5, Avg: 1526409868.5, Max: 1526409868.5, Diff: 0.0]
   [Code Root Fixup: 0.2 ms]
   [Code Root Purge: 0.0 ms]
   [Clear CT: 0.3 ms]
   [Other: 1.5 ms]
      [Choose CSet: 0.0 ms]
      [Ref Proc: 0.2 ms]
      [Ref Enq: 0.0 ms]
      [Redirty Cards: 0.1 ms]
      [Humongous Reclaim: 0.0 ms]
      [Free CSet: 0.6 ms]
   [Eden: 2212.0M(2212.0M)->0.0B(2212.0M) Survivors: 36.0M->36.0M Heap: 2401.7M(4500.0M)->190.1M(4500.0M)]
Heap after GC invocations=33355 (full 1):
 garbage-first heap   total 4608000K, used 194625K [0x00000006a6c00000, 0x00000006a7002328, 0x00000007c0000000)
  region size 4096K, 9 young (36864K), 9 survivors (36864K)
 Metaspace       used 124684K, capacity 128512K, committed 129664K, reserved 1165312K
  class space    used 13845K, capacity 14510K, committed 14720K, reserved 1048576K
}
 [Times: user=0.14 sys=0.00, real=0.02 secs] 
{Heap before GC invocations=33355 (full 1):
 garbage-first heap   total 4608000K, used 2459713K [0x00000006a6c00000, 0x00000006a7002328, 0x00000007c0000000)
  region size 4096K, 562 young (2301952K), 9 survivors (36864K)
 Metaspace       used 124684K, capacity 128512K, committed 129664K, reserved 1165312K
  class space    used 13845K, capacity 14510K, committed 14720K, reserved 1048576K
2019-04-29T08:34:12.680+0800: 1526461.898: [GC pause (G1 Evacuation Pause) (young)
Desired survivor size 148897792 bytes, new threshold 15 (max 15)
- age   1:   17651616 bytes,   17651616 total
- age   2:    1814152 bytes,   19465768 total
- age   3:     417312 bytes,   19883080 total
- age   4:     730976 bytes,   20614056 total
- age   5:     249456 bytes,   20863512 total
- age   6:    1192776 bytes,   22056288 total
- age   7:     267424 bytes,   22323712 total
- age   8:     365952 bytes,   22689664 total
- age   9:     515088 bytes,   23204752 total
- age  10:     157584 bytes,   23362336 total
- age  11:     218032 bytes,   23580368 total
- age  12:     531352 bytes,   24111720 total
- age  13:     518648 bytes,   24630368 total
- age  14:     138456 bytes,   24768824 total
- age  15:     171880 bytes,   24940704 total
 1526461.898: [G1Ergonomics (CSet Construction) start choosing CSet, _pending_cards: 22150, predicted base time: 7.10 ms, remaining time: 52.90 ms, target pause time: 60.00 ms]
 1526461.898: [G1Ergonomics (CSet Construction) add young regions to CSet, eden: 553 regions, survivors: 9 regions, predicted young region time: 202.82 ms]
 1526461.898: [G1Ergonomics (CSet Construction) finish choosing CSet, eden: 553 regions, survivors: 9 regions, old: 0 regions, predicted pause time: 209.92 ms, target pause time: 60.00 ms]
, 0.0224036 secs]
   [Parallel Time: 20.3 ms, GC Workers: 8]
      [GC Worker Start (ms): Min: 1526461898.6, Avg: 1526461898.7, Max: 1526461898.7, Diff: 0.1]
      [Ext Root Scanning (ms): Min: 1.0, Avg: 1.3, Max: 2.4, Diff: 1.4, Sum: 10.7]
      [Update RS (ms): Min: 3.4, Avg: 4.4, Max: 4.8, Diff: 1.4, Sum: 35.5]
         [Processed Buffers: Min: 17, Avg: 23.9, Max: 36, Diff: 19, Sum: 191]
      [Scan RS (ms): Min: 0.0, Avg: 0.1, Max: 0.1, Diff: 0.1, Sum: 0.7]
      [Code Root Scanning (ms): Min: 0.0, Avg: 0.0, Max: 0.0, Diff: 0.0, Sum: 0.0]
      [Object Copy (ms): Min: 14.0, Avg: 14.2, Max: 14.3, Diff: 0.3, Sum: 113.8]
      [Termination (ms): Min: 0.0, Avg: 0.0, Max: 0.0, Diff: 0.0, Sum: 0.0]
      [GC Worker Other (ms): Min: 0.0, Avg: 0.1, Max: 0.1, Diff: 0.1, Sum: 0.4]
      [GC Worker Total (ms): Min: 20.1, Avg: 20.1, Max: 20.2, Diff: 0.1, Sum: 161.1]
      [GC Worker End (ms): Min: 1526461918.8, Avg: 1526461918.8, Max: 1526461918.9, Diff: 0.1]
   [Code Root Fixup: 0.3 ms]
   [Code Root Purge: 0.0 ms]
   [Clear CT: 0.4 ms]
   [Other: 1.5 ms]
      [Choose CSet: 0.0 ms]
      [Ref Proc: 0.2 ms]
      [Ref Enq: 0.0 ms]
      [Redirty Cards: 0.1 ms]
      [Humongous Reclaim: 0.0 ms]
      [Free CSet: 0.6 ms]
   [Eden: 2212.0M(2212.0M)->0.0B(2212.0M) Survivors: 36.0M->36.0M Heap: 2402.1M(4500.0M)->192.3M(4500.0M)]
Heap after GC invocations=33356 (full 1):
 garbage-first heap   total 4608000K, used 196910K [0x00000006a6c00000, 0x00000006a7002328, 0x00000007c0000000)
  region size 4096K, 9 young (36864K), 9 survivors (36864K)
 Metaspace       used 124684K, capacity 128512K, committed 129664K, reserved 1165312K
  class space    used 13845K, capacity 14510K, committed 14720K, reserved 1048576K
}
 [Times: user=0.13 sys=0.03, real=0.03 secs] 
{Heap before GC invocations=33356 (full 1):
 garbage-first heap   total 4608000K, used 2461998K [0x00000006a6c00000, 0x00000006a7002328, 0x00000007c0000000)
  region size 4096K, 562 young (2301952K), 9 survivors (36864K)
 Metaspace       used 124684K, capacity 128512K, committed 129664K, reserved 1165312K
  class space    used 13845K, capacity 14510K, committed 14720K, reserved 1048576K
2019-04-29T08:34:55.592+0800: 1526504.811: [GC pause (G1 Evacuation Pause) (young)
Desired survivor size 148897792 bytes, new threshold 15 (max 15)
- age   1:   23059472 bytes,   23059472 total
- age   2:     786112 bytes,   23845584 total
- age   3:     402752 bytes,   24248336 total
- age   4:     415464 bytes,   24663800 total
- age   5:     728488 bytes,   25392288 total
- age   6:     247576 bytes,   25639864 total
- age   7:    1192776 bytes,   26832640 total
- age   8:     267280 bytes,   27099920 total
- age   9:     365952 bytes,   27465872 total
- age  10:     515088 bytes,   27980960 total
- age  11:     157360 bytes,   28138320 total
- age  12:     217808 bytes,   28356128 total
- age  13:     531128 bytes,   28887256 total
- age  14:     518536 bytes,   29405792 total
- age  15:     138456 bytes,   29544248 total
 1526504.811: [G1Ergonomics (CSet Construction) start choosing CSet, _pending_cards: 22631, predicted base time: 7.27 ms, remaining time: 52.73 ms, target pause time: 60.00 ms]
 1526504.811: [G1Ergonomics (CSet Construction) add young regions to CSet, eden: 553 regions, survivors: 9 regions, predicted young region time: 176.62 ms]
 1526504.811: [G1Ergonomics (CSet Construction) finish choosing CSet, eden: 553 regions, survivors: 9 regions, old: 0 regions, predicted pause time: 183.89 ms, target pause time: 60.00 ms]
, 0.0202200 secs]
   [Parallel Time: 17.8 ms, GC Workers: 8]
      [GC Worker Start (ms): Min: 1526504811.3, Avg: 1526504811.3, Max: 1526504811.4, Diff: 0.1]
      [Ext Root Scanning (ms): Min: 1.2, Avg: 1.4, Max: 2.2, Diff: 1.1, Sum: 11.3]
      [Update RS (ms): Min: 3.9, Avg: 4.6, Max: 5.0, Diff: 1.1, Sum: 36.8]
         [Processed Buffers: Min: 17, Avg: 22.6, Max: 31, Diff: 14, Sum: 181]
      [Scan RS (ms): Min: 0.0, Avg: 0.1, Max: 0.1, Diff: 0.1, Sum: 0.7]
      [Code Root Scanning (ms): Min: 0.0, Avg: 0.0, Max: 0.0, Diff: 0.0, Sum: 0.0]
      [Object Copy (ms): Min: 11.5, Avg: 11.6, Max: 11.6, Diff: 0.2, Sum: 92.6]
      [Termination (ms): Min: 0.0, Avg: 0.0, Max: 0.0, Diff: 0.0, Sum: 0.0]
      [GC Worker Other (ms): Min: 0.0, Avg: 0.1, Max: 0.1, Diff: 0.0, Sum: 0.5]
      [GC Worker Total (ms): Min: 17.7, Avg: 17.7, Max: 17.8, Diff: 0.1, Sum: 141.9]
      [GC Worker End (ms): Min: 1526504829.0, Avg: 1526504829.1, Max: 1526504829.1, Diff: 0.1]
   [Code Root Fixup: 0.2 ms]
   [Code Root Purge: 0.0 ms]
   [Clear CT: 0.3 ms]
   [Other: 1.9 ms]
      [Choose CSet: 0.0 ms]
      [Ref Proc: 0.2 ms]
      [Ref Enq: 0.0 ms]
      [Redirty Cards: 0.1 ms]
      [Humongous Reclaim: 0.0 ms]
      [Free CSet: 0.9 ms]
   [Eden: 2212.0M(2212.0M)->0.0B(2212.0M) Survivors: 36.0M->36.0M Heap: 2404.3M(4500.0M)->190.5M(4500.0M)]
Heap after GC invocations=33357 (full 1):
 garbage-first heap   total 4608000K, used 195097K [0x00000006a6c00000, 0x00000006a7002328, 0x00000007c0000000)
  region size 4096K, 9 young (36864K), 9 survivors (36864K)
 Metaspace       used 124684K, capacity 128512K, committed 129664K, reserved 1165312K
  class space    used 13845K, capacity 14510K, committed 14720K, reserved 1048576K
}
 [Times: user=0.11 sys=0.03, real=0.02 secs] 
{Heap before GC invocations=33357 (full 1):
 garbage-first heap   total 4608000K, used 2460185K [0x00000006a6c00000, 0x00000006a7002328, 0x00000007c0000000)
  region size 4096K, 562 young (2301952K), 9 survivors (36864K)
 Metaspace       used 124684K, capacity 128512K, committed 129664K, reserved 1165312K
  class space    used 13845K, capacity 14510K, committed 14720K, reserved 1048576K
2019-04-29T08:35:38.149+0800: 1526547.368: [GC pause (G1 Evacuation Pause) (young)
Desired survivor size 148897792 bytes, new threshold 15 (max 15)
- age   1:   17738752 bytes,   17738752 total
- age   2:    1271088 bytes,   19009840 total
- age   3:     273880 bytes,   19283720 total
- age   4:     401680 bytes,   19685400 total
- age   5:     415128 bytes,   20100528 total
- age   6:     432952 bytes,   20533480 total
- age   7:     247352 bytes,   20780832 total
- age   8:    1192664 bytes,   21973496 total
- age   9:     267168 bytes,   22240664 total
- age  10:     365952 bytes,   22606616 total
- age  11:     514976 bytes,   23121592 total
- age  12:     157360 bytes,   23278952 total
- age  13:     210328 bytes,   23489280 total
- age  14:     493264 bytes,   23982544 total
- age  15:     518536 bytes,   24501080 total
 1526547.368: [G1Ergonomics (CSet Construction) start choosing CSet, _pending_cards: 22317, predicted base time: 7.28 ms, remaining time: 52.72 ms, target pause time: 60.00 ms]
 1526547.368: [G1Ergonomics (CSet Construction) add young regions to CSet, eden: 553 regions, survivors: 9 regions, predicted young region time: 141.86 ms]
 1526547.368: [G1Ergonomics (CSet Construction) finish choosing CSet, eden: 553 regions, survivors: 9 regions, old: 0 regions, predicted pause time: 149.15 ms, target pause time: 60.00 ms]
, 0.0187389 secs]
   [Parallel Time: 16.8 ms, GC Workers: 8]
      [GC Worker Start (ms): Min: 1526547368.3, Avg: 1526547368.3, Max: 1526547368.4, Diff: 0.1]
      [Ext Root Scanning (ms): Min: 1.0, Avg: 1.3, Max: 2.0, Diff: 0.9, Sum: 10.3]
      [Update RS (ms): Min: 3.9, Avg: 4.4, Max: 4.8, Diff: 1.0, Sum: 35.5]
         [Processed Buffers: Min: 13, Avg: 23.9, Max: 46, Diff: 33, Sum: 191]
      [Scan RS (ms): Min: 0.0, Avg: 0.1, Max: 0.1, Diff: 0.1, Sum: 0.6]
      [Code Root Scanning (ms): Min: 0.0, Avg: 0.0, Max: 0.0, Diff: 0.0, Sum: 0.0]
      [Object Copy (ms): Min: 10.7, Avg: 10.8, Max: 10.9, Diff: 0.2, Sum: 86.6]
      [Termination (ms): Min: 0.0, Avg: 0.0, Max: 0.0, Diff: 0.0, Sum: 0.0]
      [GC Worker Other (ms): Min: 0.0, Avg: 0.1, Max: 0.1, Diff: 0.1, Sum: 0.5]
      [GC Worker Total (ms): Min: 16.7, Avg: 16.7, Max: 16.7, Diff: 0.1, Sum: 133.6]
      [GC Worker End (ms): Min: 1526547385.0, Avg: 1526547385.0, Max: 1526547385.1, Diff: 0.1]
   [Code Root Fixup: 0.2 ms]
   [Code Root Purge: 0.0 ms]
   [Clear CT: 0.3 ms]
   [Other: 1.4 ms]
      [Choose CSet: 0.0 ms]
      [Ref Proc: 0.2 ms]
      [Ref Enq: 0.0 ms]
      [Redirty Cards: 0.1 ms]
      [Humongous Reclaim: 0.0 ms]
      [Free CSet: 0.6 ms]
   [Eden: 2212.0M(2212.0M)->0.0B(2212.0M) Survivors: 36.0M->36.0M Heap: 2402.5M(4500.0M)->191.1M(4500.0M)]
Heap after GC invocations=33358 (full 1):
 garbage-first heap   total 4608000K, used 195657K [0x00000006a6c00000, 0x00000006a7002328, 0x00000007c0000000)
  region size 4096K, 9 young (36864K), 9 survivors (36864K)
 Metaspace       used 124684K, capacity 128512K, committed 129664K, reserved 1165312K
  class space    used 13845K, capacity 14510K, committed 14720K, reserved 1048576K
}
 [Times: user=0.11 sys=0.03, real=0.02 secs] 
{Heap before GC invocations=33358 (full 1):
 garbage-first heap   total 4608000K, used 2460745K [0x00000006a6c00000, 0x00000006a7002328, 0x00000007c0000000)
  region size 4096K, 562 young (2301952K), 9 survivors (36864K)
 Metaspace       used 124684K, capacity 128512K, committed 129664K, reserved 1165312K
  class space    used 13845K, capacity 14510K, committed 14720K, reserved 1048576K
2019-04-29T08:36:29.494+0800: 1526598.713: [GC pause (G1 Evacuation Pause) (young)
Desired survivor size 148897792 bytes, new threshold 15 (max 15)
- age   1:   15338320 bytes,   15338320 total
- age   2:    2030240 bytes,   17368560 total
- age   3:     279408 bytes,   17647968 total
- age   4:     272304 bytes,   17920272 total
- age   5:     397960 bytes,   18318232 total
- age   6:     414088 bytes,   18732320 total
- age   7:     430880 bytes,   19163200 total
- age   8:     246368 bytes,   19409568 total
- age   9:    1192224 bytes,   20601792 total
- age  10:     266912 bytes,   20868704 total
- age  11:     365472 bytes,   21234176 total
- age  12:     514512 bytes,   21748688 total
- age  13:     155496 bytes,   21904184 total
- age  14:     209576 bytes,   22113760 total
- age  15:     491008 bytes,   22604768 total
 1526598.713: [G1Ergonomics (CSet Construction) start choosing CSet, _pending_cards: 23260, predicted base time: 7.42 ms, remaining time: 52.58 ms, target pause time: 60.00 ms]
 1526598.713: [G1Ergonomics (CSet Construction) add young regions to CSet, eden: 553 regions, survivors: 9 regions, predicted young region time: 112.47 ms]
 1526598.713: [G1Ergonomics (CSet Construction) finish choosing CSet, eden: 553 regions, survivors: 9 regions, old: 0 regions, predicted pause time: 119.88 ms, target pause time: 60.00 ms]
, 0.0204151 secs]
   [Parallel Time: 18.4 ms, GC Workers: 8]
      [GC Worker Start (ms): Min: 1526598713.4, Avg: 1526598713.4, Max: 1526598713.5, Diff: 0.1]
      [Ext Root Scanning (ms): Min: 1.1, Avg: 1.4, Max: 2.3, Diff: 1.2, Sum: 11.3]
      [Update RS (ms): Min: 4.1, Avg: 4.9, Max: 5.2, Diff: 1.1, Sum: 39.0]
         [Processed Buffers: Min: 13, Avg: 24.2, Max: 41, Diff: 28, Sum: 194]
      [Scan RS (ms): Min: 0.0, Avg: 0.1, Max: 0.1, Diff: 0.1, Sum: 0.6]
      [Code Root Scanning (ms): Min: 0.0, Avg: 0.0, Max: 0.0, Diff: 0.0, Sum: 0.0]
      [Object Copy (ms): Min: 11.8, Avg: 11.9, Max: 12.0, Diff: 0.2, Sum: 95.1]
      [Termination (ms): Min: 0.0, Avg: 0.0, Max: 0.0, Diff: 0.0, Sum: 0.0]
      [GC Worker Other (ms): Min: 0.0, Avg: 0.0, Max: 0.1, Diff: 0.1, Sum: 0.4]
      [GC Worker Total (ms): Min: 18.2, Avg: 18.3, Max: 18.3, Diff: 0.1, Sum: 146.3]
      [GC Worker End (ms): Min: 1526598731.7, Avg: 1526598731.7, Max: 1526598731.8, Diff: 0.1]
   [Code Root Fixup: 0.3 ms]
   [Code Root Purge: 0.0 ms]
   [Clear CT: 0.3 ms]
   [Other: 1.4 ms]
      [Choose CSet: 0.0 ms]
      [Ref Proc: 0.2 ms]
      [Ref Enq: 0.0 ms]
      [Redirty Cards: 0.1 ms]
      [Humongous Reclaim: 0.0 ms]
      [Free CSet: 0.6 ms]
   [Eden: 2212.0M(2212.0M)->0.0B(2212.0M) Survivors: 36.0M->36.0M Heap: 2403.1M(4500.0M)->191.8M(4500.0M)]
Heap after GC invocations=33359 (full 1):
 garbage-first heap   total 4608000K, used 196361K [0x00000006a6c00000, 0x00000006a7002328, 0x00000007c0000000)
  region size 4096K, 9 young (36864K), 9 survivors (36864K)
 Metaspace       used 124684K, capacity 128512K, committed 129664K, reserved 1165312K
  class space    used 13845K, capacity 14510K, committed 14720K, reserved 1048576K
}
 [Times: user=0.12 sys=0.03, real=0.02 secs] 
{Heap before GC invocations=33359 (full 1):
 garbage-first heap   total 4608000K, used 2461449K [0x00000006a6c00000, 0x00000006a7002328, 0x00000007c0000000)
  region size 4096K, 562 young (2301952K), 9 survivors (36864K)
 Metaspace       used 124684K, capacity 128512K, committed 129664K, reserved 1165312K
  class space    used 13845K, capacity 14510K, committed 14720K, reserved 1048576K
2019-04-29T08:37:30.333+0800: 1526659.551: [GC pause (G1 Evacuation Pause) (young)
Desired survivor size 148897792 bytes, new threshold 15 (max 15)
- age   1:   18083392 bytes,   18083392 total
- age   2:     982536 bytes,   19065928 total
- age   3:    1002208 bytes,   20068136 total
- age   4:     277192 bytes,   20345328 total
- age   5:     271320 bytes,   20616648 total
- age   6:     397960 bytes,   21014608 total
- age   7:     414088 bytes,   21428696 total
- age   8:     430656 bytes,   21859352 total
- age   9:     245920 bytes,   22105272 total
- age  10:    1192224 bytes,   23297496 total
- age  11:     266912 bytes,   23564408 total
- age  12:     365472 bytes,   23929880 total
- age  13:     514512 bytes,   24444392 total
- age  14:     155384 bytes,   24599776 total
- age  15:     209464 bytes,   24809240 total
 1526659.551: [G1Ergonomics (CSet Construction) start choosing CSet, _pending_cards: 24438, predicted base time: 7.76 ms, remaining time: 52.24 ms, target pause time: 60.00 ms]
 1526659.551: [G1Ergonomics (CSet Construction) add young regions to CSet, eden: 553 regions, survivors: 9 regions, predicted young region time: 155.64 ms]
 1526659.551: [G1Ergonomics (CSet Construction) finish choosing CSet, eden: 553 regions, survivors: 9 regions, old: 0 regions, predicted pause time: 163.40 ms, target pause time: 60.00 ms]
, 0.0228761 secs]
   [Parallel Time: 20.9 ms, GC Workers: 8]
      [GC Worker Start (ms): Min: 1526659551.6, Avg: 1526659551.7, Max: 1526659551.7, Diff: 0.1]
      [Ext Root Scanning (ms): Min: 1.0, Avg: 1.3, Max: 2.1, Diff: 1.1, Sum: 10.2]
      [Update RS (ms): Min: 4.0, Avg: 4.7, Max: 5.1, Diff: 1.0, Sum: 38.0]
         [Processed Buffers: Min: 16, Avg: 24.6, Max: 40, Diff: 24, Sum: 197]
      [Scan RS (ms): Min: 0.0, Avg: 0.1, Max: 0.1, Diff: 0.1, Sum: 0.7]
      [Code Root Scanning (ms): Min: 0.0, Avg: 0.0, Max: 0.0, Diff: 0.0, Sum: 0.0]
      [Object Copy (ms): Min: 14.5, Avg: 14.6, Max: 14.7, Diff: 0.3, Sum: 116.9]
      [Termination (ms): Min: 0.0, Avg: 0.0, Max: 0.0, Diff: 0.0, Sum: 0.2]
      [GC Worker Other (ms): Min: 0.0, Avg: 0.0, Max: 0.1, Diff: 0.1, Sum: 0.3]
      [GC Worker Total (ms): Min: 20.7, Avg: 20.8, Max: 20.8, Diff: 0.1, Sum: 166.2]
      [GC Worker End (ms): Min: 1526659572.4, Avg: 1526659572.5, Max: 1526659572.5, Diff: 0.1]
   [Code Root Fixup: 0.2 ms]
   [Code Root Purge: 0.0 ms]
   [Clear CT: 0.2 ms]
   [Other: 1.5 ms]
      [Choose CSet: 0.0 ms]
      [Ref Proc: 0.2 ms]
      [Ref Enq: 0.0 ms]
      [Redirty Cards: 0.1 ms]
      [Humongous Reclaim: 0.0 ms]
      [Free CSet: 0.6 ms]
   [Eden: 2212.0M(2212.0M)->0.0B(2212.0M) Survivors: 36.0M->36.0M Heap: 2403.8M(4500.0M)->192.2M(4500.0M)]
Heap after GC invocations=33360 (full 1):
 garbage-first heap   total 4608000K, used 196764K [0x00000006a6c00000, 0x00000006a7002328, 0x00000007c0000000)
  region size 4096K, 9 young (36864K), 9 survivors (36864K)
 Metaspace       used 124684K, capacity 128512K, committed 129664K, reserved 1165312K
  class space    used 13845K, capacity 14510K, committed 14720K, reserved 1048576K
}
 [Times: user=0.14 sys=0.02, real=0.02 secs] 
{Heap before GC invocations=33360 (full 1):
 garbage-first heap   total 4608000K, used 2461852K [0x00000006a6c00000, 0x00000006a7002328, 0x00000007c0000000)
  region size 4096K, 562 young (2301952K), 9 survivors (36864K)
 Metaspace       used 124684K, capacity 128512K, committed 129664K, reserved 1165312K
  class space    used 13845K, capacity 14510K, committed 14720K, reserved 1048576K
2019-04-29T08:38:16.736+0800: 1526705.955: [GC pause (G1 Evacuation Pause) (young)
Desired survivor size 148897792 bytes, new threshold 15 (max 15)
- age   1:   21850192 bytes,   21850192 total
- age   2:     906496 bytes,   22756688 total
- age   3:     429000 bytes,   23185688 total
- age   4:    1000408 bytes,   24186096 total
- age   5:     275720 bytes,   24461816 total
- age   6:     271208 bytes,   24733024 total
- age   7:     397960 bytes,   25130984 total
- age   8:     414088 bytes,   25545072 total
- age   9:     430320 bytes,   25975392 total
- age  10:     244152 bytes,   26219544 total
- age  11:    1192112 bytes,   27411656 total
- age  12:     266912 bytes,   27678568 total
- age  13:     365360 bytes,   28043928 total
- age  14:     514512 bytes,   28558440 total
- age  15:     155384 bytes,   28713824 total
 1526705.955: [G1Ergonomics (CSet Construction) start choosing CSet, _pending_cards: 22738, predicted base time: 7.34 ms, remaining time: 52.66 ms, target pause time: 60.00 ms]
 1526705.955: [G1Ergonomics (CSet Construction) add young regions to CSet, eden: 553 regions, survivors: 9 regions, predicted young region time: 142.48 ms]
 1526705.955: [G1Ergonomics (CSet Construction) finish choosing CSet, eden: 553 regions, survivors: 9 regions, old: 0 regions, predicted pause time: 149.81 ms, target pause time: 60.00 ms]
, 0.0192999 secs]
   [Parallel Time: 17.4 ms, GC Workers: 8]
      [GC Worker Start (ms): Min: 1526705955.5, Avg: 1526705955.5, Max: 1526705955.5, Diff: 0.1]
      [Ext Root Scanning (ms): Min: 1.0, Avg: 1.2, Max: 2.1, Diff: 1.1, Sum: 9.8]
      [Update RS (ms): Min: 4.0, Avg: 4.4, Max: 4.7, Diff: 0.7, Sum: 35.3]
         [Processed Buffers: Min: 12, Avg: 23.4, Max: 32, Diff: 20, Sum: 187]
      [Scan RS (ms): Min: 0.0, Avg: 0.1, Max: 0.1, Diff: 0.1, Sum: 0.6]
      [Code Root Scanning (ms): Min: 0.0, Avg: 0.0, Max: 0.0, Diff: 0.0, Sum: 0.0]
      [Object Copy (ms): Min: 11.3, Avg: 11.5, Max: 11.6, Diff: 0.3, Sum: 92.3]
      [Termination (ms): Min: 0.0, Avg: 0.0, Max: 0.0, Diff: 0.0, Sum: 0.0]
      [GC Worker Other (ms): Min: 0.0, Avg: 0.0, Max: 0.1, Diff: 0.1, Sum: 0.3]
      [GC Worker Total (ms): Min: 17.2, Avg: 17.3, Max: 17.4, Diff: 0.1, Sum: 138.4]
      [GC Worker End (ms): Min: 1526705972.8, Avg: 1526705972.8, Max: 1526705972.8, Diff: 0.0]
   [Code Root Fixup: 0.2 ms]
   [Code Root Purge: 0.0 ms]
   [Clear CT: 0.3 ms]
   [Other: 1.4 ms]
      [Choose CSet: 0.0 ms]
      [Ref Proc: 0.2 ms]
      [Ref Enq: 0.0 ms]
      [Redirty Cards: 0.1 ms]
      [Humongous Reclaim: 0.0 ms]
      [Free CSet: 0.6 ms]
   [Eden: 2212.0M(2212.0M)->0.0B(2212.0M) Survivors: 36.0M->36.0M Heap: 2404.2M(4500.0M)->192.4M(4500.0M)]
Heap after GC invocations=33361 (full 1):
 garbage-first heap   total 4608000K, used 197028K [0x00000006a6c00000, 0x00000006a7002328, 0x00000007c0000000)
  region size 4096K, 9 young (36864K), 9 survivors (36864K)
 Metaspace       used 124684K, capacity 128512K, committed 129664K, reserved 1165312K
  class space    used 13845K, capacity 14510K, committed 14720K, reserved 1048576K
}
 [Times: user=0.14 sys=0.00, real=0.02 secs] 
{Heap before GC invocations=33361 (full 1):
 garbage-first heap   total 4608000K, used 2462116K [0x00000006a6c00000, 0x00000006a7002328, 0x00000007c0000000)
  region size 4096K, 562 young (2301952K), 9 survivors (36864K)
 Metaspace       used 124684K, capacity 128512K, committed 129664K, reserved 1165312K
  class space    used 13845K, capacity 14510K, committed 14720K, reserved 1048576K
2019-04-29T08:39:04.493+0800: 1526753.712: [GC pause (G1 Evacuation Pause) (young)
Desired survivor size 148897792 bytes, new threshold 15 (max 15)
- age   1:   16725216 bytes,   16725216 total
- age   2:    1650408 bytes,   18375624 total
- age   3:     505224 bytes,   18880848 total
- age   4:     426016 bytes,   19306864 total
- age   5:    1000296 bytes,   20307160 total
- age   6:     273904 bytes,   20581064 total
- age   7:     271096 bytes,   20852160 total
- age   8:     397848 bytes,   21250008 total
- age   9:     414088 bytes,   21664096 total
- age  10:     430208 bytes,   22094304 total
- age  11:     244104 bytes,   22338408 total
- age  12:    1192112 bytes,   23530520 total
- age  13:     266800 bytes,   23797320 total
- age  14:     365136 bytes,   24162456 total
- age  15:     514400 bytes,   24676856 total
 1526753.712: [G1Ergonomics (CSet Construction) start choosing CSet, _pending_cards: 22998, predicted base time: 7.29 ms, remaining time: 52.71 ms, target pause time: 60.00 ms]
 1526753.712: [G1Ergonomics (CSet Construction) add young regions to CSet, eden: 553 regions, survivors: 9 regions, predicted young region time: 116.38 ms]
 1526753.712: [G1Ergonomics (CSet Construction) finish choosing CSet, eden: 553 regions, survivors: 9 regions, old: 0 regions, predicted pause time: 123.67 ms, target pause time: 60.00 ms]
, 0.0233160 secs]
   [Parallel Time: 21.2 ms, GC Workers: 8]
      [GC Worker Start (ms): Min: 1526753712.1, Avg: 1526753712.1, Max: 1526753712.2, Diff: 0.1]
      [Ext Root Scanning (ms): Min: 1.1, Avg: 1.6, Max: 4.3, Diff: 3.2, Sum: 13.2]
      [Update RS (ms): Min: 2.0, Avg: 4.6, Max: 5.3, Diff: 3.3, Sum: 36.8]
         [Processed Buffers: Min: 15, Avg: 24.0, Max: 35, Diff: 20, Sum: 192]
      [Scan RS (ms): Min: 0.0, Avg: 0.1, Max: 0.1, Diff: 0.1, Sum: 0.7]
      [Code Root Scanning (ms): Min: 0.0, Avg: 0.0, Max: 0.0, Diff: 0.0, Sum: 0.0]
      [Object Copy (ms): Min: 14.7, Avg: 14.8, Max: 14.8, Diff: 0.2, Sum: 118.2]
      [Termination (ms): Min: 0.0, Avg: 0.0, Max: 0.0, Diff: 0.0, Sum: 0.0]
      [GC Worker Other (ms): Min: 0.0, Avg: 0.0, Max: 0.1, Diff: 0.0, Sum: 0.3]
      [GC Worker Total (ms): Min: 21.1, Avg: 21.2, Max: 21.2, Diff: 0.1, Sum: 169.3]
      [GC Worker End (ms): Min: 1526753733.3, Avg: 1526753733.3, Max: 1526753733.3, Diff: 0.1]
   [Code Root Fixup: 0.3 ms]
   [Code Root Purge: 0.0 ms]
   [Clear CT: 0.3 ms]
   [Other: 1.5 ms]
      [Choose CSet: 0.0 ms]
      [Ref Proc: 0.2 ms]
      [Ref Enq: 0.0 ms]
      [Redirty Cards: 0.1 ms]
      [Humongous Reclaim: 0.0 ms]
      [Free CSet: 0.6 ms]
   [Eden: 2212.0M(2212.0M)->0.0B(2212.0M) Survivors: 36.0M->36.0M Heap: 2404.4M(4500.0M)->194.9M(4500.0M)]
Heap after GC invocations=33362 (full 1):
 garbage-first heap   total 4608000K, used 199627K [0x00000006a6c00000, 0x00000006a7002328, 0x00000007c0000000)
  region size 4096K, 9 young (36864K), 9 survivors (36864K)
 Metaspace       used 124684K, capacity 128512K, committed 129664K, reserved 1165312K
  class space    used 13845K, capacity 14510K, committed 14720K, reserved 1048576K
}
 [Times: user=0.17 sys=0.00, real=0.02 secs] 
{Heap before GC invocations=33362 (full 1):
 garbage-first heap   total 4608000K, used 2464715K [0x00000006a6c00000, 0x00000006a7002328, 0x00000007c0000000)
  region size 4096K, 562 young (2301952K), 9 survivors (36864K)
 Metaspace       used 124684K, capacity 128512K, committed 129664K, reserved 1165312K
  class space    used 13845K, capacity 14510K, committed 14720K, reserved 1048576K
2019-04-29T08:39:45.047+0800: 1526794.266: [GC pause (G1 Evacuation Pause) (young)
Desired survivor size 148897792 bytes, new threshold 15 (max 15)
- age   1:   21912872 bytes,   21912872 total
- age   2:    1137640 bytes,   23050512 total
- age   3:     616424 bytes,   23666936 total
- age   4:     503464 bytes,   24170400 total
- age   5:     423056 bytes,   24593456 total
- age   6:     999864 bytes,   25593320 total
- age   7:     273904 bytes,   25867224 total
- age   8:     270872 bytes,   26138096 total
- age   9:     397624 bytes,   26535720 total
- age  10:     414088 bytes,   26949808 total
- age  11:     429984 bytes,   27379792 total
- age  12:     243992 bytes,   27623784 total
- age  13:    1192112 bytes,   28815896 total
- age  14:     266800 bytes,   29082696 total
- age  15:     365136 bytes,   29447832 total
 1526794.266: [G1Ergonomics (CSet Construction) start choosing CSet, _pending_cards: 22623, predicted base time: 7.37 ms, remaining time: 52.63 ms, target pause time: 60.00 ms]
 1526794.266: [G1Ergonomics (CSet Construction) add young regions to CSet, eden: 553 regions, survivors: 9 regions, predicted young region time: 194.89 ms]
 1526794.266: [G1Ergonomics (CSet Construction) finish choosing CSet, eden: 553 regions, survivors: 9 regions, old: 0 regions, predicted pause time: 202.25 ms, target pause time: 60.00 ms]
, 0.0201967 secs]
   [Parallel Time: 18.2 ms, GC Workers: 8]
      [GC Worker Start (ms): Min: 1526794266.0, Avg: 1526794266.1, Max: 1526794266.1, Diff: 0.1]
      [Ext Root Scanning (ms): Min: 1.0, Avg: 1.3, Max: 2.2, Diff: 1.2, Sum: 10.1]
      [Update RS (ms): Min: 4.0, Avg: 4.6, Max: 5.0, Diff: 1.0, Sum: 36.8]
         [Processed Buffers: Min: 15, Avg: 22.9, Max: 39, Diff: 24, Sum: 183]
      [Scan RS (ms): Min: 0.0, Avg: 0.1, Max: 0.1, Diff: 0.1, Sum: 0.6]
      [Code Root Scanning (ms): Min: 0.0, Avg: 0.0, Max: 0.0, Diff: 0.0, Sum: 0.0]
      [Object Copy (ms): Min: 11.9, Avg: 12.1, Max: 12.2, Diff: 0.3, Sum: 97.1]
      [Termination (ms): Min: 0.0, Avg: 0.0, Max: 0.0, Diff: 0.0, Sum: 0.0]
      [GC Worker Other (ms): Min: 0.0, Avg: 0.0, Max: 0.1, Diff: 0.0, Sum: 0.3]
      [GC Worker Total (ms): Min: 18.1, Avg: 18.1, Max: 18.2, Diff: 0.1, Sum: 145.0]
      [GC Worker End (ms): Min: 1526794284.2, Avg: 1526794284.2, Max: 1526794284.2, Diff: 0.0]
   [Code Root Fixup: 0.3 ms]
   [Code Root Purge: 0.0 ms]
   [Clear CT: 0.3 ms]
   [Other: 1.4 ms]
      [Choose CSet: 0.0 ms]
      [Ref Proc: 0.2 ms]
      [Ref Enq: 0.0 ms]
      [Redirty Cards: 0.1 ms]
      [Humongous Reclaim: 0.0 ms]
      [Free CSet: 0.6 ms]
   [Eden: 2212.0M(2212.0M)->0.0B(2212.0M) Survivors: 36.0M->36.0M Heap: 2406.9M(4500.0M)->193.6M(4500.0M)]
Heap after GC invocations=33363 (full 1):
 garbage-first heap   total 4608000K, used 198234K [0x00000006a6c00000, 0x00000006a7002328, 0x00000007c0000000)
  region size 4096K, 9 young (36864K), 9 survivors (36864K)
 Metaspace       used 124684K, capacity 128512K, committed 129664K, reserved 1165312K
  class space    used 13845K, capacity 14510K, committed 14720K, reserved 1048576K
}
 [Times: user=0.12 sys=0.03, real=0.02 secs] 
{Heap before GC invocations=33363 (full 1):
 garbage-first heap   total 4608000K, used 2463322K [0x00000006a6c00000, 0x00000006a7002328, 0x00000007c0000000)
  region size 4096K, 562 young (2301952K), 9 survivors (36864K)
 Metaspace       used 124684K, capacity 128512K, committed 129664K, reserved 1165312K
  class space    used 13845K, capacity 14510K, committed 14720K, reserved 1048576K
2019-04-29T08:40:45.484+0800: 1526854.702: [GC pause (G1 Evacuation Pause) (young)
Desired survivor size 148897792 bytes, new threshold 15 (max 15)
- age   1:   17486968 bytes,   17486968 total
- age   2:    1599752 bytes,   19086720 total
- age   3:     356368 bytes,   19443088 total
- age   4:     615488 bytes,   20058576 total
- age   5:     500488 bytes,   20559064 total
- age   6:     421104 bytes,   20980168 total
- age   7:     999640 bytes,   21979808 total
- age   8:     273792 bytes,   22253600 total
- age   9:     270760 bytes,   22524360 total
- age  10:     394152 bytes,   22918512 total
- age  11:     414088 bytes,   23332600 total
- age  12:     429848 bytes,   23762448 total
- age  13:     243880 bytes,   24006328 total
- age  14:    1192112 bytes,   25198440 total
- age  15:     266800 bytes,   25465240 total
 1526854.702: [G1Ergonomics (CSet Construction) start choosing CSet, _pending_cards: 24557, predicted base time: 7.72 ms, remaining time: 52.28 ms, target pause time: 60.00 ms]
 1526854.702: [G1Ergonomics (CSet Construction) add young regions to CSet, eden: 553 regions, survivors: 9 regions, predicted young region time: 186.56 ms]
 1526854.702: [G1Ergonomics (CSet Construction) finish choosing CSet, eden: 553 regions, survivors: 9 regions, old: 0 regions, predicted pause time: 194.28 ms, target pause time: 60.00 ms]
, 0.0231282 secs]
   [Parallel Time: 20.9 ms, GC Workers: 8]
      [GC Worker Start (ms): Min: 1526854702.7, Avg: 1526854702.7, Max: 1526854702.8, Diff: 0.1]
      [Ext Root Scanning (ms): Min: 1.1, Avg: 1.3, Max: 2.3, Diff: 1.2, Sum: 10.5]
      [Update RS (ms): Min: 3.9, Avg: 4.7, Max: 5.1, Diff: 1.1, Sum: 37.8]
         [Processed Buffers: Min: 12, Avg: 25.1, Max: 41, Diff: 29, Sum: 201]
      [Scan RS (ms): Min: 0.0, Avg: 0.1, Max: 0.1, Diff: 0.1, Sum: 0.7]
      [Code Root Scanning (ms): Min: 0.0, Avg: 0.0, Max: 0.0, Diff: 0.0, Sum: 0.0]
      [Object Copy (ms): Min: 14.6, Avg: 14.6, Max: 14.7, Diff: 0.2, Sum: 117.2]
      [Termination (ms): Min: 0.0, Avg: 0.0, Max: 0.0, Diff: 0.0, Sum: 0.0]
      [GC Worker Other (ms): Min: 0.0, Avg: 0.0, Max: 0.1, Diff: 0.1, Sum: 0.4]
      [GC Worker Total (ms): Min: 20.8, Avg: 20.8, Max: 20.9, Diff: 0.1, Sum: 166.6]
      [GC Worker End (ms): Min: 1526854723.5, Avg: 1526854723.6, Max: 1526854723.6, Diff: 0.1]
   [Code Root Fixup: 0.2 ms]
   [Code Root Purge: 0.0 ms]
   [Clear CT: 0.3 ms]
   [Other: 1.7 ms]
      [Choose CSet: 0.0 ms]
      [Ref Proc: 0.4 ms]
      [Ref Enq: 0.0 ms]
      [Redirty Cards: 0.1 ms]
      [Humongous Reclaim: 0.0 ms]
      [Free CSet: 0.6 ms]
   [Eden: 2212.0M(2212.0M)->0.0B(2212.0M) Survivors: 36.0M->36.0M Heap: 2405.6M(4500.0M)->195.9M(4500.0M)]
Heap after GC invocations=33364 (full 1):
 garbage-first heap   total 4608000K, used 200634K [0x00000006a6c00000, 0x00000006a7002328, 0x00000007c0000000)
  region size 4096K, 9 young (36864K), 9 survivors (36864K)
 Metaspace       used 124684K, capacity 128512K, committed 129664K, reserved 1165312K
  class space    used 13845K, capacity 14510K, committed 14720K, reserved 1048576K
}
 [Times: user=0.15 sys=0.03, real=0.02 secs] 
{Heap before GC invocations=33364 (full 1):
 garbage-first heap   total 4608000K, used 2465722K [0x00000006a6c00000, 0x00000006a7002328, 0x00000007c0000000)
  region size 4096K, 562 young (2301952K), 9 survivors (36864K)
 Metaspace       used 124684K, capacity 128512K, committed 129664K, reserved 1165312K
  class space    used 13845K, capacity 14510K, committed 14720K, reserved 1048576K
2019-04-29T08:41:36.033+0800: 1526905.251: [GC pause (G1 Evacuation Pause) (young)
Desired survivor size 148897792 bytes, new threshold 15 (max 15)
- age   1:   24154456 bytes,   24154456 total
- age   2:     229072 bytes,   24383528 total
- age   3:     339008 bytes,   24722536 total
- age   4:     353272 bytes,   25075808 total
- age   5:     613568 bytes,   25689376 total
- age   6:     499560 bytes,   26188936 total
- age   7:     420512 bytes,   26609448 total
- age   8:     997352 bytes,   27606800 total
- age   9:     272784 bytes,   27879584 total
- age  10:     270760 bytes,   28150344 total
- age  11:     394152 bytes,   28544496 total
- age  12:     414088 bytes,   28958584 total
- age  13:     429512 bytes,   29388096 total
- age  14:     243768 bytes,   29631864 total
- age  15:    1192112 bytes,   30823976 total
 1526905.251: [G1Ergonomics (CSet Construction) start choosing CSet, _pending_cards: 23016, predicted base time: 7.39 ms, remaining time: 52.61 ms, target pause time: 60.00 ms]
 1526905.251: [G1Ergonomics (CSet Construction) add young regions to CSet, eden: 553 regions, survivors: 9 regions, predicted young region time: 222.66 ms]
 1526905.251: [G1Ergonomics (CSet Construction) finish choosing CSet, eden: 553 regions, survivors: 9 regions, old: 0 regions, predicted pause time: 230.05 ms, target pause time: 60.00 ms]
, 0.0215579 secs]
   [Parallel Time: 19.3 ms, GC Workers: 8]
      [GC Worker Start (ms): Min: 1526905251.6, Avg: 1526905251.7, Max: 1526905251.7, Diff: 0.1]
      [Ext Root Scanning (ms): Min: 1.2, Avg: 1.4, Max: 2.1, Diff: 0.9, Sum: 11.5]
      [Update RS (ms): Min: 4.3, Avg: 4.7, Max: 5.0, Diff: 0.8, Sum: 37.6]
         [Processed Buffers: Min: 14, Avg: 23.8, Max: 42, Diff: 28, Sum: 190]
      [Scan RS (ms): Min: 0.0, Avg: 0.1, Max: 0.1, Diff: 0.1, Sum: 0.7]
      [Code Root Scanning (ms): Min: 0.0, Avg: 0.0, Max: 0.0, Diff: 0.0, Sum: 0.0]
      [Object Copy (ms): Min: 12.7, Avg: 12.9, Max: 12.9, Diff: 0.2, Sum: 103.0]
      [Termination (ms): Min: 0.0, Avg: 0.0, Max: 0.0, Diff: 0.0, Sum: 0.0]
      [GC Worker Other (ms): Min: 0.0, Avg: 0.1, Max: 0.1, Diff: 0.1, Sum: 0.5]
      [GC Worker Total (ms): Min: 19.1, Avg: 19.2, Max: 19.2, Diff: 0.1, Sum: 153.3]
      [GC Worker End (ms): Min: 1526905270.8, Avg: 1526905270.9, Max: 1526905270.9, Diff: 0.1]
   [Code Root Fixup: 0.3 ms]
   [Code Root Purge: 0.0 ms]
   [Clear CT: 0.3 ms]
   [Other: 1.7 ms]
      [Choose CSet: 0.0 ms]
      [Ref Proc: 0.2 ms]
      [Ref Enq: 0.0 ms]
      [Redirty Cards: 0.1 ms]
      [Humongous Reclaim: 0.0 ms]
      [Free CSet: 0.9 ms]
   [Eden: 2212.0M(2212.0M)->0.0B(2212.0M) Survivors: 36.0M->36.0M Heap: 2407.9M(4500.0M)->195.2M(4500.0M)]
Heap after GC invocations=33365 (full 1):
 garbage-first heap   total 4608000K, used 199868K [0x00000006a6c00000, 0x00000006a7002328, 0x00000007c0000000)
  region size 4096K, 9 young (36864K), 9 survivors (36864K)
 Metaspace       used 124684K, capacity 128512K, committed 129664K, reserved 1165312K
  class space    used 13845K, capacity 14510K, committed 14720K, reserved 1048576K
}
 [Times: user=0.12 sys=0.03, real=0.02 secs] 
{Heap before GC invocations=33365 (full 1):
 garbage-first heap   total 4608000K, used 2464956K [0x00000006a6c00000, 0x00000006a7002328, 0x00000007c0000000)
  region size 4096K, 562 young (2301952K), 9 survivors (36864K)
 Metaspace       used 124684K, capacity 128512K, committed 129664K, reserved 1165312K
  class space    used 13845K, capacity 14510K, committed 14720K, reserved 1048576K
2019-04-29T08:42:34.079+0800: 1526963.298: [GC pause (G1 Evacuation Pause) (young)
Desired survivor size 148897792 bytes, new threshold 15 (max 15)
- age   1:   18404464 bytes,   18404464 total
- age   2:    1625784 bytes,   20030248 total
- age   3:     223184 bytes,   20253432 total
- age   4:     336232 bytes,   20589664 total
- age   5:     353224 bytes,   20942888 total
- age   6:     613456 bytes,   21556344 total
- age   7:     499448 bytes,   22055792 total
- age   8:     420400 bytes,   22476192 total
- age   9:     997016 bytes,   23473208 total
- age  10:     272784 bytes,   23745992 total
- age  11:     270760 bytes,   24016752 total
- age  12:     394152 bytes,   24410904 total
- age  13:     414088 bytes,   24824992 total
- age  14:     429512 bytes,   25254504 total
- age  15:     243768 bytes,   25498272 total
 1526963.298: [G1Ergonomics (CSet Construction) start choosing CSet, _pending_cards: 25191, predicted base time: 7.90 ms, remaining time: 52.10 ms, target pause time: 60.00 ms]
 1526963.298: [G1Ergonomics (CSet Construction) add young regions to CSet, eden: 553 regions, survivors: 9 regions, predicted young region time: 190.07 ms]
 1526963.298: [G1Ergonomics (CSet Construction) finish choosing CSet, eden: 553 regions, survivors: 9 regions, old: 0 regions, predicted pause time: 197.97 ms, target pause time: 60.00 ms]
, 0.0213345 secs]
   [Parallel Time: 19.4 ms, GC Workers: 8]
      [GC Worker Start (ms): Min: 1526963298.5, Avg: 1526963298.5, Max: 1526963298.6, Diff: 0.1]
      [Ext Root Scanning (ms): Min: 1.0, Avg: 1.3, Max: 2.0, Diff: 1.0, Sum: 10.4]
      [Update RS (ms): Min: 4.6, Avg: 5.0, Max: 5.2, Diff: 0.6, Sum: 40.4]
         [Processed Buffers: Min: 16, Avg: 24.5, Max: 41, Diff: 25, Sum: 196]
      [Scan RS (ms): Min: 0.0, Avg: 0.1, Max: 0.1, Diff: 0.1, Sum: 0.6]
      [Code Root Scanning (ms): Min: 0.0, Avg: 0.0, Max: 0.0, Diff: 0.0, Sum: 0.0]
      [Object Copy (ms): Min: 12.6, Avg: 12.8, Max: 12.8, Diff: 0.3, Sum: 102.1]
      [Termination (ms): Min: 0.0, Avg: 0.0, Max: 0.0, Diff: 0.0, Sum: 0.0]
      [GC Worker Other (ms): Min: 0.0, Avg: 0.1, Max: 0.1, Diff: 0.1, Sum: 0.5]
      [GC Worker Total (ms): Min: 19.2, Avg: 19.3, Max: 19.3, Diff: 0.1, Sum: 154.0]
      [GC Worker End (ms): Min: 1526963317.8, Avg: 1526963317.8, Max: 1526963317.8, Diff: 0.1]
   [Code Root Fixup: 0.2 ms]
   [Code Root Purge: 0.0 ms]
   [Clear CT: 0.3 ms]
   [Other: 1.4 ms]
      [Choose CSet: 0.0 ms]
      [Ref Proc: 0.2 ms]
      [Ref Enq: 0.0 ms]
      [Redirty Cards: 0.1 ms]
      [Humongous Reclaim: 0.0 ms]
      [Free CSet: 0.6 ms]
   [Eden: 2212.0M(2212.0M)->0.0B(2212.0M) Survivors: 36.0M->36.0M Heap: 2407.2M(4500.0M)->196.1M(4500.0M)]
Heap after GC invocations=33366 (full 1):
 garbage-first heap   total 4608000K, used 200805K [0x00000006a6c00000, 0x00000006a7002328, 0x00000007c0000000)
  region size 4096K, 9 young (36864K), 9 survivors (36864K)
 Metaspace       used 124684K, capacity 128512K, committed 129664K, reserved 1165312K
  class space    used 13845K, capacity 14510K, committed 14720K, reserved 1048576K
}
 [Times: user=0.15 sys=0.00, real=0.03 secs] 
{Heap before GC invocations=33366 (full 1):
 garbage-first heap   total 4608000K, used 2465893K [0x00000006a6c00000, 0x00000006a7002328, 0x00000007c0000000)
  region size 4096K, 562 young (2301952K), 9 survivors (36864K)
 Metaspace       used 124684K, capacity 128512K, committed 129664K, reserved 1165312K
  class space    used 13845K, capacity 14510K, committed 14720K, reserved 1048576K
2019-04-29T08:43:31.902+0800: 1527021.121: [GC pause (G1 Evacuation Pause) (young)
Desired survivor size 148897792 bytes, new threshold 15 (max 15)
- age   1:   19891280 bytes,   19891280 total
- age   2:    1332720 bytes,   21224000 total
- age   3:     553160 bytes,   21777160 total
- age   4:     221272 bytes,   21998432 total
- age   5:     335696 bytes,   22334128 total
- age   6:     353224 bytes,   22687352 total
- age   7:     613344 bytes,   23300696 total
- age   8:     499448 bytes,   23800144 total
- age   9:     420400 bytes,   24220544 total
- age  10:     996792 bytes,   25217336 total
- age  11:     272784 bytes,   25490120 total
- age  12:     270760 bytes,   25760880 total
- age  13:     394152 bytes,   26155032 total
- age  14:     414088 bytes,   26569120 total
- age  15:     429512 bytes,   26998632 total
 1527021.121: [G1Ergonomics (CSet Construction) start choosing CSet, _pending_cards: 23584, predicted base time: 7.53 ms, remaining time: 52.47 ms, target pause time: 60.00 ms]
 1527021.121: [G1Ergonomics (CSet Construction) add young regions to CSet, eden: 553 regions, survivors: 9 regions, predicted young region time: 174.35 ms]
 1527021.121: [G1Ergonomics (CSet Construction) finish choosing CSet, eden: 553 regions, survivors: 9 regions, old: 0 regions, predicted pause time: 181.89 ms, target pause time: 60.00 ms]
, 0.0194533 secs]
   [Parallel Time: 17.5 ms, GC Workers: 8]
      [GC Worker Start (ms): Min: 1527021121.3, Avg: 1527021121.3, Max: 1527021121.3, Diff: 0.1]
      [Ext Root Scanning (ms): Min: 1.0, Avg: 1.3, Max: 2.1, Diff: 1.1, Sum: 10.1]
      [Update RS (ms): Min: 4.1, Avg: 4.7, Max: 5.0, Diff: 0.8, Sum: 37.3]
         [Processed Buffers: Min: 18, Avg: 23.8, Max: 42, Diff: 24, Sum: 190]
      [Scan RS (ms): Min: 0.0, Avg: 0.1, Max: 0.1, Diff: 0.1, Sum: 0.6]
      [Code Root Scanning (ms): Min: 0.0, Avg: 0.0, Max: 0.0, Diff: 0.0, Sum: 0.0]
      [Object Copy (ms): Min: 11.0, Avg: 11.3, Max: 11.4, Diff: 0.3, Sum: 90.0]
      [Termination (ms): Min: 0.0, Avg: 0.0, Max: 0.0, Diff: 0.0, Sum: 0.1]
      [GC Worker Other (ms): Min: 0.0, Avg: 0.0, Max: 0.1, Diff: 0.1, Sum: 0.3]
      [GC Worker Total (ms): Min: 17.3, Avg: 17.3, Max: 17.4, Diff: 0.1, Sum: 138.6]
      [GC Worker End (ms): Min: 1527021138.6, Avg: 1527021138.6, Max: 1527021138.6, Diff: 0.1]
   [Code Root Fixup: 0.3 ms]
   [Code Root Purge: 0.0 ms]
   [Clear CT: 0.3 ms]
   [Other: 1.4 ms]
      [Choose CSet: 0.0 ms]
      [Ref Proc: 0.2 ms]
      [Ref Enq: 0.0 ms]
      [Redirty Cards: 0.1 ms]
      [Humongous Reclaim: 0.0 ms]
      [Free CSet: 0.6 ms]
   [Eden: 2212.0M(2212.0M)->0.0B(2212.0M) Survivors: 36.0M->36.0M Heap: 2408.1M(4500.0M)->196.6M(4500.0M)]
Heap after GC invocations=33367 (full 1):
 garbage-first heap   total 4608000K, used 201327K [0x00000006a6c00000, 0x00000006a7002328, 0x00000007c0000000)
  region size 4096K, 9 young (36864K), 9 survivors (36864K)
 Metaspace       used 124684K, capacity 128512K, committed 129664K, reserved 1165312K
  class space    used 13845K, capacity 14510K, committed 14720K, reserved 1048576K
}
 [Times: user=0.11 sys=0.03, real=0.02 secs] 
{Heap before GC invocations=33367 (full 1):
 garbage-first heap   total 4608000K, used 2466415K [0x00000006a6c00000, 0x00000006a7002328, 0x00000007c0000000)
  region size 4096K, 562 young (2301952K), 9 survivors (36864K)
 Metaspace       used 124684K, capacity 128512K, committed 129664K, reserved 1165312K
  class space    used 13845K, capacity 14510K, committed 14720K, reserved 1048576K
2019-04-29T08:44:32.719+0800: 1527081.938: [GC pause (G1 Evacuation Pause) (young)
Desired survivor size 148897792 bytes, new threshold 15 (max 15)
- age   1:   16398216 bytes,   16398216 total
- age   2:     483720 bytes,   16881936 total
- age   3:     401512 bytes,   17283448 total
- age   4:     546584 bytes,   17830032 total
- age   5:     220824 bytes,   18050856 total
- age   6:     335696 bytes,   18386552 total
- age   7:     352888 bytes,   18739440 total
- age   8:     613232 bytes,   19352672 total
- age   9:     498888 bytes,   19851560 total
- age  10:     420064 bytes,   20271624 total
- age  11:     996456 bytes,   21268080 total
- age  12:     272672 bytes,   21540752 total
- age  13:     270760 bytes,   21811512 total
- age  14:     394152 bytes,   22205664 total
- age  15:     414088 bytes,   22619752 total
 1527081.938: [G1Ergonomics (CSet Construction) start choosing CSet, _pending_cards: 23762, predicted base time: 7.51 ms, remaining time: 52.49 ms, target pause time: 60.00 ms]
 1527081.938: [G1Ergonomics (CSet Construction) add young regions to CSet, eden: 553 regions, survivors: 9 regions, predicted young region time: 135.27 ms]
 1527081.938: [G1Ergonomics (CSet Construction) finish choosing CSet, eden: 553 regions, survivors: 9 regions, old: 0 regions, predicted pause time: 142.79 ms, target pause time: 60.00 ms]
, 0.0245221 secs]
   [Parallel Time: 22.4 ms, GC Workers: 8]
      [GC Worker Start (ms): Min: 1527081938.4, Avg: 1527081938.4, Max: 1527081938.4, Diff: 0.1]
      [Ext Root Scanning (ms): Min: 1.1, Avg: 1.3, Max: 2.2, Diff: 1.1, Sum: 10.8]
      [Update RS (ms): Min: 4.1, Avg: 4.7, Max: 5.0, Diff: 0.9, Sum: 37.4]
         [Processed Buffers: Min: 13, Avg: 23.8, Max: 43, Diff: 30, Sum: 190]
      [Scan RS (ms): Min: 0.0, Avg: 0.1, Max: 0.1, Diff: 0.1, Sum: 0.7]
      [Code Root Scanning (ms): Min: 0.0, Avg: 0.0, Max: 0.0, Diff: 0.0, Sum: 0.0]
      [Object Copy (ms): Min: 15.9, Avg: 16.1, Max: 16.2, Diff: 0.2, Sum: 128.9]
      [Termination (ms): Min: 0.0, Avg: 0.0, Max: 0.0, Diff: 0.0, Sum: 0.0]
      [GC Worker Other (ms): Min: 0.0, Avg: 0.0, Max: 0.1, Diff: 0.1, Sum: 0.4]
      [GC Worker Total (ms): Min: 22.2, Avg: 22.3, Max: 22.3, Diff: 0.1, Sum: 178.1]
      [GC Worker End (ms): Min: 1527081960.6, Avg: 1527081960.7, Max: 1527081960.7, Diff: 0.1]
   [Code Root Fixup: 0.3 ms]
   [Code Root Purge: 0.0 ms]
   [Clear CT: 0.3 ms]
   [Other: 1.5 ms]
      [Choose CSet: 0.0 ms]
      [Ref Proc: 0.2 ms]
      [Ref Enq: 0.0 ms]
      [Redirty Cards: 0.1 ms]
      [Humongous Reclaim: 0.0 ms]
      [Free CSet: 0.6 ms]
   [Eden: 2212.0M(2212.0M)->0.0B(2208.0M) Survivors: 36.0M->40.0M Heap: 2408.6M(4500.0M)->203.2M(4500.0M)]
Heap after GC invocations=33368 (full 1):
 garbage-first heap   total 4608000K, used 208045K [0x00000006a6c00000, 0x00000006a7002328, 0x00000007c0000000)
  region size 4096K, 10 young (40960K), 10 survivors (40960K)
 Metaspace       used 124684K, capacity 128512K, committed 129664K, reserved 1165312K
  class space    used 13845K, capacity 14510K, committed 14720K, reserved 1048576K
}
 [Times: user=0.15 sys=0.04, real=0.03 secs] 
{Heap before GC invocations=33368 (full 1):
 garbage-first heap   total 4608000K, used 2469037K [0x00000006a6c00000, 0x00000006a7002328, 0x00000007c0000000)
  region size 4096K, 562 young (2301952K), 10 survivors (40960K)
 Metaspace       used 124684K, capacity 128512K, committed 129664K, reserved 1165312K
  class space    used 13845K, capacity 14510K, committed 14720K, reserved 1048576K
2019-04-29T08:45:20.332+0800: 1527129.550: [GC pause (G1 Evacuation Pause) (young)
Desired survivor size 148897792 bytes, new threshold 15 (max 15)
- age   1:   26594328 bytes,   26594328 total
- age   2:     322088 bytes,   26916416 total
- age   3:     251152 bytes,   27167568 total
- age   4:     398824 bytes,   27566392 total
- age   5:     545952 bytes,   28112344 total
- age   6:     220712 bytes,   28333056 total
- age   7:     335696 bytes,   28668752 total
- age   8:     352888 bytes,   29021640 total
- age   9:     613232 bytes,   29634872 total
- age  10:     498888 bytes,   30133760 total
- age  11:     419840 bytes,   30553600 total
- age  12:     996344 bytes,   31549944 total
- age  13:     272672 bytes,   31822616 total
- age  14:     270760 bytes,   32093376 total
- age  15:     394152 bytes,   32487528 total
 1527129.550: [G1Ergonomics (CSet Construction) start choosing CSet, _pending_cards: 23346, predicted base time: 7.43 ms, remaining time: 52.57 ms, target pause time: 60.00 ms]
 1527129.551: [G1Ergonomics (CSet Construction) add young regions to CSet, eden: 552 regions, survivors: 10 regions, predicted young region time: 115.90 ms]
 1527129.551: [G1Ergonomics (CSet Construction) finish choosing CSet, eden: 552 regions, survivors: 10 regions, old: 0 regions, predicted pause time: 123.34 ms, target pause time: 60.00 ms]
, 0.0185877 secs]
   [Parallel Time: 16.5 ms, GC Workers: 8]
      [GC Worker Start (ms): Min: 1527129550.7, Avg: 1527129550.7, Max: 1527129550.7, Diff: 0.1]
      [Ext Root Scanning (ms): Min: 1.0, Avg: 1.2, Max: 2.1, Diff: 1.1, Sum: 10.0]
      [Update RS (ms): Min: 3.9, Avg: 4.6, Max: 4.9, Diff: 1.1, Sum: 36.7]
         [Processed Buffers: Min: 18, Avg: 24.8, Max: 36, Diff: 18, Sum: 198]
      [Scan RS (ms): Min: 0.0, Avg: 0.1, Max: 0.1, Diff: 0.1, Sum: 0.7]
      [Code Root Scanning (ms): Min: 0.0, Avg: 0.0, Max: 0.0, Diff: 0.0, Sum: 0.0]
      [Object Copy (ms): Min: 10.3, Avg: 10.4, Max: 10.5, Diff: 0.2, Sum: 83.4]
      [Termination (ms): Min: 0.0, Avg: 0.0, Max: 0.0, Diff: 0.0, Sum: 0.0]
      [GC Worker Other (ms): Min: 0.0, Avg: 0.0, Max: 0.1, Diff: 0.0, Sum: 0.3]
      [GC Worker Total (ms): Min: 16.3, Avg: 16.4, Max: 16.4, Diff: 0.1, Sum: 131.2]
      [GC Worker End (ms): Min: 1527129567.1, Avg: 1527129567.1, Max: 1527129567.1, Diff: 0.0]
   [Code Root Fixup: 0.3 ms]
   [Code Root Purge: 0.0 ms]
   [Clear CT: 0.2 ms]
   [Other: 1.6 ms]
      [Choose CSet: 0.0 ms]
      [Ref Proc: 0.2 ms]
      [Ref Enq: 0.0 ms]
      [Redirty Cards: 0.2 ms]
      [Humongous Reclaim: 0.0 ms]
      [Free CSet: 0.7 ms]
   [Eden: 2208.0M(2208.0M)->0.0B(2212.0M) Survivors: 40.0M->36.0M Heap: 2411.2M(4500.0M)->197.8M(4500.0M)]
Heap after GC invocations=33369 (full 1):
 garbage-first heap   total 4608000K, used 202549K [0x00000006a6c00000, 0x00000006a7002328, 0x00000007c0000000)
  region size 4096K, 9 young (36864K), 9 survivors (36864K)
 Metaspace       used 124684K, capacity 128512K, committed 129664K, reserved 1165312K
  class space    used 13845K, capacity 14510K, committed 14720K, reserved 1048576K
}
 [Times: user=0.11 sys=0.03, real=0.02 secs] 
{Heap before GC invocations=33369 (full 1):
 garbage-first heap   total 4608000K, used 2467637K [0x00000006a6c00000, 0x00000006a7002328, 0x00000007c0000000)
  region size 4096K, 562 young (2301952K), 9 survivors (36864K)
 Metaspace       used 124684K, capacity 128512K, committed 129664K, reserved 1165312K
  class space    used 13845K, capacity 14510K, committed 14720K, reserved 1048576K
2019-04-29T08:46:06.389+0800: 1527175.608: [GC pause (G1 Evacuation Pause) (young)
Desired survivor size 148897792 bytes, new threshold 15 (max 15)
- age   1:   16184664 bytes,   16184664 total
- age   2:     968464 bytes,   17153128 total
- age   3:     294376 bytes,   17447504 total
- age   4:     249728 bytes,   17697232 total
- age   5:     345912 bytes,   18043144 total
- age   6:     542072 bytes,   18585216 total
- age   7:     219024 bytes,   18804240 total
- age   8:     335696 bytes,   19139936 total
- age   9:     352776 bytes,   19492712 total
- age  10:     612896 bytes,   20105608 total
- age  11:     498664 bytes,   20604272 total
- age  12:     419504 bytes,   21023776 total
- age  13:     995896 bytes,   22019672 total
- age  14:     272672 bytes,   22292344 total
- age  15:     270760 bytes,   22563104 total
 1527175.608: [G1Ergonomics (CSet Construction) start choosing CSet, _pending_cards: 22525, predicted base time: 7.22 ms, remaining time: 52.78 ms, target pause time: 60.00 ms]
 1527175.608: [G1Ergonomics (CSet Construction) add young regions to CSet, eden: 553 regions, survivors: 9 regions, predicted young region time: 89.69 ms]
 1527175.608: [G1Ergonomics (CSet Construction) finish choosing CSet, eden: 553 regions, survivors: 9 regions, old: 0 regions, predicted pause time: 96.91 ms, target pause time: 60.00 ms]
, 0.0203075 secs]
   [Parallel Time: 18.2 ms, GC Workers: 8]
      [GC Worker Start (ms): Min: 1527175608.2, Avg: 1527175608.2, Max: 1527175608.3, Diff: 0.1]
      [Ext Root Scanning (ms): Min: 1.0, Avg: 1.5, Max: 4.3, Diff: 3.3, Sum: 12.1]
      [Update RS (ms): Min: 1.9, Avg: 4.5, Max: 5.1, Diff: 3.1, Sum: 35.8]
         [Processed Buffers: Min: 15, Avg: 23.8, Max: 34, Diff: 19, Sum: 190]
      [Scan RS (ms): Min: 0.0, Avg: 0.1, Max: 0.1, Diff: 0.1, Sum: 0.7]
      [Code Root Scanning (ms): Min: 0.0, Avg: 0.0, Max: 0.0, Diff: 0.0, Sum: 0.0]
      [Object Copy (ms): Min: 11.9, Avg: 12.0, Max: 12.0, Diff: 0.2, Sum: 95.8]
      [Termination (ms): Min: 0.0, Avg: 0.0, Max: 0.0, Diff: 0.0, Sum: 0.0]
      [GC Worker Other (ms): Min: 0.0, Avg: 0.1, Max: 0.1, Diff: 0.1, Sum: 0.4]
      [GC Worker Total (ms): Min: 18.1, Avg: 18.1, Max: 18.2, Diff: 0.1, Sum: 144.9]
      [GC Worker End (ms): Min: 1527175626.3, Avg: 1527175626.3, Max: 1527175626.4, Diff: 0.1]
   [Code Root Fixup: 0.3 ms]
   [Code Root Purge: 0.0 ms]
   [Clear CT: 0.3 ms]
   [Other: 1.5 ms]
      [Choose CSet: 0.0 ms]
      [Ref Proc: 0.3 ms]
      [Ref Enq: 0.0 ms]
      [Redirty Cards: 0.1 ms]
      [Humongous Reclaim: 0.0 ms]
      [Free CSet: 0.6 ms]
   [Eden: 2212.0M(2212.0M)->0.0B(2212.0M) Survivors: 36.0M->36.0M Heap: 2409.8M(4500.0M)->198.2M(4500.0M)]
Heap after GC invocations=33370 (full 1):
 garbage-first heap   total 4608000K, used 202916K [0x00000006a6c00000, 0x00000006a7002328, 0x00000007c0000000)
  region size 4096K, 9 young (36864K), 9 survivors (36864K)
 Metaspace       used 124684K, capacity 128512K, committed 129664K, reserved 1165312K
  class space    used 13845K, capacity 14510K, committed 14720K, reserved 1048576K
}
 [Times: user=0.12 sys=0.02, real=0.02 secs] 
{Heap before GC invocations=33370 (full 1):
 garbage-first heap   total 4608000K, used 2468004K [0x00000006a6c00000, 0x00000006a7002328, 0x00000007c0000000)
  region size 4096K, 562 young (2301952K), 9 survivors (36864K)
 Metaspace       used 124684K, capacity 128512K, committed 129664K, reserved 1165312K
  class space    used 13845K, capacity 14510K, committed 14720K, reserved 1048576K
2019-04-29T08:46:52.217+0800: 1527221.436: [GC pause (G1 Evacuation Pause) (young)
Desired survivor size 148897792 bytes, new threshold 15 (max 15)
- age   1:   17805768 bytes,   17805768 total
- age   2:    2334584 bytes,   20140352 total
- age   3:     236552 bytes,   20376904 total
- age   4:     292424 bytes,   20669328 total
- age   5:     249336 bytes,   20918664 total
- age   6:     345688 bytes,   21264352 total
- age   7:     541848 bytes,   21806200 total
- age   8:     219000 bytes,   22025200 total
- age   9:     335696 bytes,   22360896 total
- age  10:     352776 bytes,   22713672 total
- age  11:     612896 bytes,   23326568 total
- age  12:     437880 bytes,   23764448 total
- age  13:     419504 bytes,   24183952 total
- age  14:     967976 bytes,   25151928 total
- age  15:     272672 bytes,   25424600 total
 1527221.436: [G1Ergonomics (CSet Construction) start choosing CSet, _pending_cards: 22155, predicted base time: 7.25 ms, remaining time: 52.75 ms, target pause time: 60.00 ms]
 1527221.436: [G1Ergonomics (CSet Construction) add young regions to CSet, eden: 553 regions, survivors: 9 regions, predicted young region time: 117.03 ms]
 1527221.436: [G1Ergonomics (CSet Construction) finish choosing CSet, eden: 553 regions, survivors: 9 regions, old: 0 regions, predicted pause time: 124.28 ms, target pause time: 60.00 ms]
, 0.0188215 secs]
   [Parallel Time: 16.9 ms, GC Workers: 8]
      [GC Worker Start (ms): Min: 1527221436.5, Avg: 1527221436.5, Max: 1527221436.6, Diff: 0.1]
      [Ext Root Scanning (ms): Min: 1.0, Avg: 1.3, Max: 2.2, Diff: 1.2, Sum: 10.1]
      [Update RS (ms): Min: 3.5, Avg: 4.3, Max: 4.7, Diff: 1.2, Sum: 34.7]
         [Processed Buffers: Min: 16, Avg: 22.4, Max: 33, Diff: 17, Sum: 179]
      [Scan RS (ms): Min: 0.0, Avg: 0.1, Max: 0.1, Diff: 0.1, Sum: 0.7]
      [Code Root Scanning (ms): Min: 0.0, Avg: 0.0, Max: 0.0, Diff: 0.0, Sum: 0.0]
      [Object Copy (ms): Min: 10.8, Avg: 11.0, Max: 11.0, Diff: 0.2, Sum: 87.7]
      [Termination (ms): Min: 0.0, Avg: 0.0, Max: 0.0, Diff: 0.0, Sum: 0.0]
      [GC Worker Other (ms): Min: 0.0, Avg: 0.1, Max: 0.1, Diff: 0.1, Sum: 0.4]
      [GC Worker Total (ms): Min: 16.7, Avg: 16.7, Max: 16.8, Diff: 0.1, Sum: 133.6]
      [GC Worker End (ms): Min: 1527221453.2, Avg: 1527221453.2, Max: 1527221453.3, Diff: 0.1]
   [Code Root Fixup: 0.2 ms]
   [Code Root Purge: 0.0 ms]
   [Clear CT: 0.3 ms]
   [Other: 1.5 ms]
      [Choose CSet: 0.0 ms]
      [Ref Proc: 0.2 ms]
      [Ref Enq: 0.0 ms]
      [Redirty Cards: 0.1 ms]
      [Humongous Reclaim: 0.0 ms]
      [Free CSet: 0.6 ms]
   [Eden: 2212.0M(2212.0M)->0.0B(2212.0M) Survivors: 36.0M->36.0M Heap: 2410.2M(4500.0M)->198.5M(4500.0M)]
Heap after GC invocations=33371 (full 1):
 garbage-first heap   total 4608000K, used 203313K [0x00000006a6c00000, 0x00000006a7002328, 0x00000007c0000000)
  region size 4096K, 9 young (36864K), 9 survivors (36864K)
 Metaspace       used 124684K, capacity 128512K, committed 129664K, reserved 1165312K
  class space    used 13845K, capacity 14510K, committed 14720K, reserved 1048576K
}
 [Times: user=0.11 sys=0.02, real=0.02 secs] 
{Heap before GC invocations=33371 (full 1):
 garbage-first heap   total 4608000K, used 2468401K [0x00000006a6c00000, 0x00000006a7002328, 0x00000007c0000000)
  region size 4096K, 562 young (2301952K), 9 survivors (36864K)
 Metaspace       used 124684K, capacity 128512K, committed 129664K, reserved 1165312K
  class space    used 13845K, capacity 14510K, committed 14720K, reserved 1048576K
2019-04-29T08:47:40.605+0800: 1527269.824: [GC pause (G1 Evacuation Pause) (young)
Desired survivor size 148897792 bytes, new threshold 15 (max 15)
- age   1:   16614592 bytes,   16614592 total
- age   2:    1527856 bytes,   18142448 total
- age   3:     918432 bytes,   19060880 total
- age   4:     234016 bytes,   19294896 total
- age   5:     290344 bytes,   19585240 total
- age   6:     248784 bytes,   19834024 total
- age   7:     345520 bytes,   20179544 total
- age   8:     539520 bytes,   20719064 total
- age   9:     218856 bytes,   20937920 total
- age  10:     335696 bytes,   21273616 total
- age  11:     352344 bytes,   21625960 total
- age  12:     612328 bytes,   22238288 total
- age  13:     434160 bytes,   22672448 total
- age  14:     419152 bytes,   23091600 total
- age  15:     966080 bytes,   24057680 total
 1527269.824: [G1Ergonomics (CSet Construction) start choosing CSet, _pending_cards: 21749, predicted base time: 7.10 ms, remaining time: 52.90 ms, target pause time: 60.00 ms]
 1527269.824: [G1Ergonomics (CSet Construction) add young regions to CSet, eden: 553 regions, survivors: 9 regions, predicted young region time: 100.14 ms]
 1527269.824: [G1Ergonomics (CSet Construction) finish choosing CSet, eden: 553 regions, survivors: 9 regions, old: 0 regions, predicted pause time: 107.25 ms, target pause time: 60.00 ms]
, 0.0214839 secs]
   [Parallel Time: 19.5 ms, GC Workers: 8]
      [GC Worker Start (ms): Min: 1527269823.8, Avg: 1527269823.9, Max: 1527269823.9, Diff: 0.1]
      [Ext Root Scanning (ms): Min: 1.0, Avg: 1.3, Max: 2.3, Diff: 1.3, Sum: 10.3]
      [Update RS (ms): Min: 3.4, Avg: 4.4, Max: 4.7, Diff: 1.3, Sum: 35.0]
         [Processed Buffers: Min: 13, Avg: 23.2, Max: 32, Diff: 19, Sum: 186]
      [Scan RS (ms): Min: 0.0, Avg: 0.1, Max: 0.1, Diff: 0.1, Sum: 0.7]
      [Code Root Scanning (ms): Min: 0.0, Avg: 0.0, Max: 0.0, Diff: 0.0, Sum: 0.0]
      [Object Copy (ms): Min: 13.4, Avg: 13.6, Max: 13.6, Diff: 0.2, Sum: 108.4]
      [Termination (ms): Min: 0.0, Avg: 0.0, Max: 0.0, Diff: 0.0, Sum: 0.0]
      [GC Worker Other (ms): Min: 0.0, Avg: 0.0, Max: 0.1, Diff: 0.1, Sum: 0.3]
      [GC Worker Total (ms): Min: 19.3, Avg: 19.4, Max: 19.4, Diff: 0.1, Sum: 154.9]
      [GC Worker End (ms): Min: 1527269843.2, Avg: 1527269843.2, Max: 1527269843.3, Diff: 0.1]
   [Code Root Fixup: 0.3 ms]
   [Code Root Purge: 0.0 ms]
   [Clear CT: 0.3 ms]
   [Other: 1.4 ms]
      [Choose CSet: 0.0 ms]
      [Ref Proc: 0.2 ms]
      [Ref Enq: 0.0 ms]
      [Redirty Cards: 0.1 ms]
      [Humongous Reclaim: 0.0 ms]
      [Free CSet: 0.6 ms]
   [Eden: 2212.0M(2212.0M)->0.0B(2212.0M) Survivors: 36.0M->36.0M Heap: 2410.5M(4500.0M)->199.6M(4500.0M)]
Heap after GC invocations=33372 (full 1):
 garbage-first heap   total 4608000K, used 204406K [0x00000006a6c00000, 0x00000006a7002328, 0x00000007c0000000)
  region size 4096K, 9 young (36864K), 9 survivors (36864K)
 Metaspace       used 124684K, capacity 128512K, committed 129664K, reserved 1165312K
  class space    used 13845K, capacity 14510K, committed 14720K, reserved 1048576K
}
 [Times: user=0.13 sys=0.03, real=0.02 secs] 
{Heap before GC invocations=33372 (full 1):
 garbage-first heap   total 4608000K, used 2469494K [0x00000006a6c00000, 0x00000006a7002328, 0x00000007c0000000)
  region size 4096K, 562 young (2301952K), 9 survivors (36864K)
 Metaspace       used 124684K, capacity 128512K, committed 129664K, reserved 1165312K
  class space    used 13845K, capacity 14510K, committed 14720K, reserved 1048576K
2019-04-29T08:48:38.925+0800: 1527328.143: [GC pause (G1 Evacuation Pause) (young)
Desired survivor size 148897792 bytes, new threshold 15 (max 15)
- age   1:   21012072 bytes,   21012072 total
- age   2:     799544 bytes,   21811616 total
- age   3:     339960 bytes,   22151576 total
- age   4:     910400 bytes,   23061976 total
- age   5:     233984 bytes,   23295960 total
- age   6:     290344 bytes,   23586304 total
- age   7:     248784 bytes,   23835088 total
- age   8:     343920 bytes,   24179008 total
- age   9:     539072 bytes,   24718080 total
- age  10:     218856 bytes,   24936936 total
- age  11:     335696 bytes,   25272632 total
- age  12:     352344 bytes,   25624976 total
- age  13:     612328 bytes,   26237304 total
- age  14:     434160 bytes,   26671464 total
- age  15:     419152 bytes,   27090616 total
 1527328.144: [G1Ergonomics (CSet Construction) start choosing CSet, _pending_cards: 24448, predicted base time: 7.64 ms, remaining time: 52.36 ms, target pause time: 60.00 ms]
 1527328.144: [G1Ergonomics (CSet Construction) add young regions to CSet, eden: 553 regions, survivors: 9 regions, predicted young region time: 93.61 ms]
 1527328.144: [G1Ergonomics (CSet Construction) finish choosing CSet, eden: 553 regions, survivors: 9 regions, old: 0 regions, predicted pause time: 101.25 ms, target pause time: 60.00 ms]
, 0.0192428 secs]
   [Parallel Time: 17.2 ms, GC Workers: 8]
      [GC Worker Start (ms): Min: 1527328143.8, Avg: 1527328143.8, Max: 1527328143.9, Diff: 0.1]
      [Ext Root Scanning (ms): Min: 1.0, Avg: 1.2, Max: 2.0, Diff: 1.0, Sum: 10.0]
      [Update RS (ms): Min: 4.1, Avg: 4.9, Max: 5.2, Diff: 1.0, Sum: 38.9]
         [Processed Buffers: Min: 16, Avg: 23.8, Max: 39, Diff: 23, Sum: 190]
      [Scan RS (ms): Min: 0.0, Avg: 0.1, Max: 0.1, Diff: 0.1, Sum: 0.7]
      [Code Root Scanning (ms): Min: 0.0, Avg: 0.0, Max: 0.0, Diff: 0.0, Sum: 0.0]
      [Object Copy (ms): Min: 10.8, Avg: 10.9, Max: 11.0, Diff: 0.1, Sum: 87.1]
      [Termination (ms): Min: 0.0, Avg: 0.0, Max: 0.0, Diff: 0.0, Sum: 0.0]
      [GC Worker Other (ms): Min: 0.0, Avg: 0.0, Max: 0.1, Diff: 0.1, Sum: 0.4]
      [GC Worker Total (ms): Min: 17.1, Avg: 17.1, Max: 17.2, Diff: 0.1, Sum: 137.1]
      [GC Worker End (ms): Min: 1527328160.9, Avg: 1527328161.0, Max: 1527328161.0, Diff: 0.1]
   [Code Root Fixup: 0.2 ms]
   [Code Root Purge: 0.0 ms]
   [Clear CT: 0.3 ms]
   [Other: 1.5 ms]
      [Choose CSet: 0.0 ms]
      [Ref Proc: 0.2 ms]
      [Ref Enq: 0.0 ms]
      [Redirty Cards: 0.1 ms]
      [Humongous Reclaim: 0.0 ms]
      [Free CSet: 0.6 ms]
   [Eden: 2212.0M(2212.0M)->0.0B(2212.0M) Survivors: 36.0M->36.0M Heap: 2411.6M(4500.0M)->200.5M(4500.0M)]
Heap after GC invocations=33373 (full 1):
 garbage-first heap   total 4608000K, used 205350K [0x00000006a6c00000, 0x00000006a7002328, 0x00000007c0000000)
  region size 4096K, 9 young (36864K), 9 survivors (36864K)
 Metaspace       used 124684K, capacity 128512K, committed 129664K, reserved 1165312K
  class space    used 13845K, capacity 14510K, committed 14720K, reserved 1048576K
}
 [Times: user=0.12 sys=0.02, real=0.02 secs] 
{Heap before GC invocations=33373 (full 1):
 garbage-first heap   total 4608000K, used 2470438K [0x00000006a6c00000, 0x00000006a7002328, 0x00000007c0000000)
  region size 4096K, 562 young (2301952K), 9 survivors (36864K)
 Metaspace       used 124684K, capacity 128512K, committed 129664K, reserved 1165312K
  class space    used 13845K, capacity 14510K, committed 14720K, reserved 1048576K
2019-04-29T08:49:30.879+0800: 1527380.097: [GC pause (G1 Evacuation Pause) (young)
Desired survivor size 148897792 bytes, new threshold 15 (max 15)
- age   1:   17906168 bytes,   17906168 total
- age   2:     545464 bytes,   18451632 total
- age   3:     148848 bytes,   18600480 total
- age   4:     335936 bytes,   18936416 total
- age   5:     909144 bytes,   19845560 total
- age   6:     233984 bytes,   20079544 total
- age   7:     290344 bytes,   20369888 total
- age   8:     248784 bytes,   20618672 total
- age   9:     342240 bytes,   20960912 total
- age  10:     538600 bytes,   21499512 total
- age  11:     218856 bytes,   21718368 total
- age  12:     335584 bytes,   22053952 total
- age  13:     352344 bytes,   22406296 total
- age  14:     612104 bytes,   23018400 total
- age  15:     434160 bytes,   23452560 total
 1527380.098: [G1Ergonomics (CSet Construction) start choosing CSet, _pending_cards: 23231, predicted base time: 7.35 ms, remaining time: 52.65 ms, target pause time: 60.00 ms]
 1527380.098: [G1Ergonomics (CSet Construction) add young regions to CSet, eden: 553 regions, survivors: 9 regions, predicted young region time: 78.51 ms]
 1527380.098: [G1Ergonomics (CSet Construction) finish choosing CSet, eden: 553 regions, survivors: 9 regions, old: 0 regions, predicted pause time: 85.86 ms, target pause time: 60.00 ms]
, 0.0251847 secs]
   [Parallel Time: 22.8 ms, GC Workers: 8]
      [GC Worker Start (ms): Min: 1527380097.8, Avg: 1527380097.9, Max: 1527380098.0, Diff: 0.1]
      [Ext Root Scanning (ms): Min: 1.2, Avg: 1.5, Max: 2.2, Diff: 0.9, Sum: 11.8]
      [Update RS (ms): Min: 4.1, Avg: 4.7, Max: 5.1, Diff: 0.9, Sum: 37.7]
         [Processed Buffers: Min: 19, Avg: 23.2, Max: 33, Diff: 14, Sum: 186]
      [Scan RS (ms): Min: 0.0, Avg: 0.1, Max: 0.1, Diff: 0.1, Sum: 0.7]
      [Code Root Scanning (ms): Min: 0.0, Avg: 0.0, Max: 0.0, Diff: 0.0, Sum: 0.0]
      [Object Copy (ms): Min: 16.1, Avg: 16.2, Max: 16.3, Diff: 0.2, Sum: 130.0]
      [Termination (ms): Min: 0.0, Avg: 0.0, Max: 0.0, Diff: 0.0, Sum: 0.0]
      [GC Worker Other (ms): Min: 0.0, Avg: 0.1, Max: 0.1, Diff: 0.1, Sum: 0.5]
      [GC Worker Total (ms): Min: 22.5, Avg: 22.6, Max: 22.7, Diff: 0.2, Sum: 180.7]
      [GC Worker End (ms): Min: 1527380120.5, Avg: 1527380120.5, Max: 1527380120.5, Diff: 0.1]
   [Code Root Fixup: 0.3 ms]
   [Code Root Purge: 0.0 ms]
   [Clear CT: 0.3 ms]
   [Other: 1.8 ms]
      [Choose CSet: 0.0 ms]
      [Ref Proc: 0.3 ms]
      [Ref Enq: 0.0 ms]
      [Redirty Cards: 0.1 ms]
      [Humongous Reclaim: 0.0 ms]
      [Free CSet: 0.9 ms]
   [Eden: 2212.0M(2212.0M)->0.0B(2208.0M) Survivors: 36.0M->40.0M Heap: 2412.5M(4500.0M)->205.1M(4500.0M)]
Heap after GC invocations=33374 (full 1):
 garbage-first heap   total 4608000K, used 210003K [0x00000006a6c00000, 0x00000006a7002328, 0x00000007c0000000)
  region size 4096K, 10 young (40960K), 10 survivors (40960K)
 Metaspace       used 124684K, capacity 128512K, committed 129664K, reserved 1165312K
  class space    used 13845K, capacity 14510K, committed 14720K, reserved 1048576K
}
 [Times: user=0.15 sys=0.04, real=0.03 secs] 
{Heap before GC invocations=33374 (full 1):
 garbage-first heap   total 4608000K, used 2470995K [0x00000006a6c00000, 0x00000006a7002328, 0x00000007c0000000)
  region size 4096K, 562 young (2301952K), 10 survivors (40960K)
 Metaspace       used 124684K, capacity 128512K, committed 129664K, reserved 1165312K
  class space    used 13845K, capacity 14510K, committed 14720K, reserved 1048576K
2019-04-29T08:50:30.708+0800: 1527439.926: [GC pause (G1 Evacuation Pause) (young)
Desired survivor size 148897792 bytes, new threshold 15 (max 15)
- age   1:   26374128 bytes,   26374128 total
- age   2:    1124832 bytes,   27498960 total
- age   3:     358344 bytes,   27857304 total
- age   4:     147792 bytes,   28005096 total
- age   5:     333728 bytes,   28338824 total
- age   6:     908360 bytes,   29247184 total
- age   7:     233984 bytes,   29481168 total
- age   8:     290232 bytes,   29771400 total
- age   9:     248784 bytes,   30020184 total
- age  10:     340448 bytes,   30360632 total
- age  11:     538264 bytes,   30898896 total
- age  12:     218744 bytes,   31117640 total
- age  13:     335584 bytes,   31453224 total
- age  14:     352344 bytes,   31805568 total
- age  15:     612104 bytes,   32417672 total
 1527439.927: [G1Ergonomics (CSet Construction) start choosing CSet, _pending_cards: 23723, predicted base time: 7.62 ms, remaining time: 52.38 ms, target pause time: 60.00 ms]
 1527439.927: [G1Ergonomics (CSet Construction) add young regions to CSet, eden: 552 regions, survivors: 10 regions, predicted young region time: 69.61 ms]
 1527439.927: [G1Ergonomics (CSet Construction) finish choosing CSet, eden: 552 regions, survivors: 10 regions, old: 0 regions, predicted pause time: 77.23 ms, target pause time: 60.00 ms]
, 0.0204565 secs]
   [Parallel Time: 18.4 ms, GC Workers: 8]
      [GC Worker Start (ms): Min: 1527439926.8, Avg: 1527439926.8, Max: 1527439926.8, Diff: 0.1]
      [Ext Root Scanning (ms): Min: 1.1, Avg: 1.4, Max: 2.1, Diff: 1.0, Sum: 10.9]
      [Update RS (ms): Min: 4.1, Avg: 4.8, Max: 5.1, Diff: 1.0, Sum: 38.1]
         [Processed Buffers: Min: 15, Avg: 23.5, Max: 37, Diff: 22, Sum: 188]
      [Scan RS (ms): Min: 0.0, Avg: 0.1, Max: 0.1, Diff: 0.1, Sum: 0.6]
      [Code Root Scanning (ms): Min: 0.0, Avg: 0.0, Max: 0.0, Diff: 0.0, Sum: 0.0]
      [Object Copy (ms): Min: 11.9, Avg: 12.1, Max: 12.1, Diff: 0.3, Sum: 96.4]
      [Termination (ms): Min: 0.0, Avg: 0.0, Max: 0.0, Diff: 0.0, Sum: 0.0]
      [GC Worker Other (ms): Min: 0.0, Avg: 0.0, Max: 0.1, Diff: 0.1, Sum: 0.3]
      [GC Worker Total (ms): Min: 18.3, Avg: 18.3, Max: 18.3, Diff: 0.1, Sum: 146.4]
      [GC Worker End (ms): Min: 1527439945.1, Avg: 1527439945.1, Max: 1527439945.1, Diff: 0.0]
   [Code Root Fixup: 0.2 ms]
   [Code Root Purge: 0.0 ms]
   [Clear CT: 0.3 ms]
   [Other: 1.5 ms]
      [Choose CSet: 0.0 ms]
      [Ref Proc: 0.2 ms]
      [Ref Enq: 0.0 ms]
      [Redirty Cards: 0.2 ms]
      [Humongous Reclaim: 0.0 ms]
      [Free CSet: 0.6 ms]
   [Eden: 2208.0M(2208.0M)->0.0B(2212.0M) Survivors: 40.0M->36.0M Heap: 2413.1M(4500.0M)->201.9M(4500.0M)]
Heap after GC invocations=33375 (full 1):
 garbage-first heap   total 4608000K, used 206765K [0x00000006a6c00000, 0x00000006a7002328, 0x00000007c0000000)
  region size 4096K, 9 young (36864K), 9 survivors (36864K)
 Metaspace       used 124684K, capacity 128512K, committed 129664K, reserved 1165312K
  class space    used 13845K, capacity 14510K, committed 14720K, reserved 1048576K
}
 [Times: user=0.12 sys=0.04, real=0.02 secs] 
{Heap before GC invocations=33375 (full 1):
 garbage-first heap   total 4608000K, used 2471853K [0x00000006a6c00000, 0x00000006a7002328, 0x00000007c0000000)
  region size 4096K, 562 young (2301952K), 9 survivors (36864K)
 Metaspace       used 124684K, capacity 128512K, committed 129664K, reserved 1165312K
  class space    used 13845K, capacity 14510K, committed 14720K, reserved 1048576K
2019-04-29T08:51:19.890+0800: 1527489.108: [GC pause (G1 Evacuation Pause) (young)
Desired survivor size 148897792 bytes, new threshold 15 (max 15)
- age   1:   18599344 bytes,   18599344 total
- age   2:     646304 bytes,   19245648 total
- age   3:     745928 bytes,   19991576 total
- age   4:     228016 bytes,   20219592 total
- age   5:     146712 bytes,   20366304 total
- age   6:     333056 bytes,   20699360 total
- age   7:     907128 bytes,   21606488 total
- age   8:     233872 bytes,   21840360 total
- age   9:     290232 bytes,   22130592 total
- age  10:     248784 bytes,   22379376 total
- age  11:     340336 bytes,   22719712 total
- age  12:     537480 bytes,   23257192 total
- age  13:     218632 bytes,   23475824 total
- age  14:     335584 bytes,   23811408 total
- age  15:     352344 bytes,   24163752 total
 1527489.109: [G1Ergonomics (CSet Construction) start choosing CSet, _pending_cards: 23621, predicted base time: 7.58 ms, remaining time: 52.42 ms, target pause time: 60.00 ms]
 1527489.109: [G1Ergonomics (CSet Construction) add young regions to CSet, eden: 553 regions, survivors: 9 regions, predicted young region time: 85.34 ms]
 1527489.109: [G1Ergonomics (CSet Construction) finish choosing CSet, eden: 553 regions, survivors: 9 regions, old: 0 regions, predicted pause time: 92.92 ms, target pause time: 60.00 ms]
, 0.0205255 secs]
   [Parallel Time: 18.5 ms, GC Workers: 8]
      [GC Worker Start (ms): Min: 1527489108.8, Avg: 1527489108.8, Max: 1527489108.8, Diff: 0.1]
      [Ext Root Scanning (ms): Min: 1.1, Avg: 1.3, Max: 2.0, Diff: 1.0, Sum: 10.3]
      [Update RS (ms): Min: 4.0, Avg: 4.7, Max: 5.0, Diff: 1.0, Sum: 37.2]
         [Processed Buffers: Min: 18, Avg: 24.0, Max: 35, Diff: 17, Sum: 192]
      [Scan RS (ms): Min: 0.0, Avg: 0.1, Max: 0.1, Diff: 0.1, Sum: 0.6]
      [Code Root Scanning (ms): Min: 0.0, Avg: 0.0, Max: 0.0, Diff: 0.0, Sum: 0.0]
      [Object Copy (ms): Min: 12.0, Avg: 12.2, Max: 12.3, Diff: 0.3, Sum: 97.3]
      [Termination (ms): Min: 0.0, Avg: 0.0, Max: 0.0, Diff: 0.0, Sum: 0.0]
      [GC Worker Other (ms): Min: 0.0, Avg: 0.1, Max: 0.2, Diff: 0.2, Sum: 0.6]
      [GC Worker Total (ms): Min: 18.2, Avg: 18.3, Max: 18.4, Diff: 0.3, Sum: 146.2]
      [GC Worker End (ms): Min: 1527489127.0, Avg: 1527489127.1, Max: 1527489127.2, Diff: 0.2]
   [Code Root Fixup: 0.3 ms]
   [Code Root Purge: 0.0 ms]
   [Clear CT: 0.3 ms]
   [Other: 1.5 ms]
      [Choose CSet: 0.0 ms]
      [Ref Proc: 0.2 ms]
      [Ref Enq: 0.0 ms]
      [Redirty Cards: 0.1 ms]
      [Humongous Reclaim: 0.0 ms]
      [Free CSet: 0.6 ms]
   [Eden: 2212.0M(2212.0M)->0.0B(2212.0M) Survivors: 36.0M->36.0M Heap: 2413.9M(4500.0M)->202.7M(4500.0M)]
Heap after GC invocations=33376 (full 1):
 garbage-first heap   total 4608000K, used 207589K [0x00000006a6c00000, 0x00000006a7002328, 0x00000007c0000000)
  region size 4096K, 9 young (36864K), 9 survivors (36864K)
 Metaspace       used 124684K, capacity 128512K, committed 129664K, reserved 1165312K
  class space    used 13845K, capacity 14510K, committed 14720K, reserved 1048576K
}
 [Times: user=0.12 sys=0.03, real=0.02 secs] 
{Heap before GC invocations=33376 (full 1):
 garbage-first heap   total 4608000K, used 2472677K [0x00000006a6c00000, 0x00000006a7002328, 0x00000007c0000000)
  region size 4096K, 562 young (2301952K), 9 survivors (36864K)
 Metaspace       used 124684K, capacity 128512K, committed 129664K, reserved 1165312K
  class space    used 13845K, capacity 14510K, committed 14720K, reserved 1048576K
2019-04-29T08:52:16.432+0800: 1527545.650: [GC pause (G1 Evacuation Pause) (young)
Desired survivor size 148897792 bytes, new threshold 15 (max 15)
- age   1:   19752976 bytes,   19752976 total
- age   2:    1376520 bytes,   21129496 total
- age   3:     526440 bytes,   21655936 total
- age   4:     744176 bytes,   22400112 total
- age   5:     209728 bytes,   22609840 total
- age   6:     146688 bytes,   22756528 total
- age   7:     167504 bytes,   22924032 total
- age   8:     906904 bytes,   23830936 total
- age   9:     233872 bytes,   24064808 total
- age  10:     290232 bytes,   24355040 total
- age  11:     248784 bytes,   24603824 total
- age  12:     340336 bytes,   24944160 total
- age  13:     537480 bytes,   25481640 total
- age  14:     216928 bytes,   25698568 total
- age  15:     335584 bytes,   26034152 total
 1527545.650: [G1Ergonomics (CSet Construction) start choosing CSet, _pending_cards: 23300, predicted base time: 7.50 ms, remaining time: 52.50 ms, target pause time: 60.00 ms]
 1527545.650: [G1Ergonomics (CSet Construction) add young regions to CSet, eden: 553 regions, survivors: 9 regions, predicted young region time: 117.81 ms]
 1527545.650: [G1Ergonomics (CSet Construction) finish choosing CSet, eden: 553 regions, survivors: 9 regions, old: 0 regions, predicted pause time: 125.31 ms, target pause time: 60.00 ms]
, 0.0203230 secs]
   [Parallel Time: 18.2 ms, GC Workers: 8]
      [GC Worker Start (ms): Min: 1527545650.6, Avg: 1527545650.7, Max: 1527545650.7, Diff: 0.1]
      [Ext Root Scanning (ms): Min: 1.0, Avg: 1.2, Max: 2.1, Diff: 1.1, Sum: 10.0]
      [Update RS (ms): Min: 3.9, Avg: 4.5, Max: 4.9, Diff: 1.1, Sum: 36.2]
         [Processed Buffers: Min: 16, Avg: 23.9, Max: 32, Diff: 16, Sum: 191]
      [Scan RS (ms): Min: 0.0, Avg: 0.1, Max: 0.1, Diff: 0.1, Sum: 0.6]
      [Code Root Scanning (ms): Min: 0.0, Avg: 0.0, Max: 0.0, Diff: 0.0, Sum: 0.0]
      [Object Copy (ms): Min: 12.1, Avg: 12.2, Max: 12.3, Diff: 0.2, Sum: 97.6]
      [Termination (ms): Min: 0.0, Avg: 0.0, Max: 0.0, Diff: 0.0, Sum: 0.3]
      [GC Worker Other (ms): Min: 0.0, Avg: 0.0, Max: 0.1, Diff: 0.1, Sum: 0.3]
      [GC Worker Total (ms): Min: 18.1, Avg: 18.1, Max: 18.2, Diff: 0.1, Sum: 145.0]
      [GC Worker End (ms): Min: 1527545668.7, Avg: 1527545668.8, Max: 1527545668.8, Diff: 0.1]
   [Code Root Fixup: 0.3 ms]
   [Code Root Purge: 0.0 ms]
   [Clear CT: 0.3 ms]
   [Other: 1.5 ms]
      [Choose CSet: 0.0 ms]
      [Ref Proc: 0.3 ms]
      [Ref Enq: 0.0 ms]
      [Redirty Cards: 0.1 ms]
      [Humongous Reclaim: 0.0 ms]
      [Free CSet: 0.6 ms]
   [Eden: 2212.0M(2212.0M)->0.0B(2212.0M) Survivors: 36.0M->36.0M Heap: 2414.7M(4500.0M)->203.2M(4500.0M)]
Heap after GC invocations=33377 (full 1):
 garbage-first heap   total 4608000K, used 208110K [0x00000006a6c00000, 0x00000006a7002328, 0x00000007c0000000)
  region size 4096K, 9 young (36864K), 9 survivors (36864K)
 Metaspace       used 124684K, capacity 128512K, committed 129664K, reserved 1165312K
  class space    used 13845K, capacity 14510K, committed 14720K, reserved 1048576K
}
 [Times: user=0.12 sys=0.02, real=0.02 secs] 
{Heap before GC invocations=33377 (full 1):
 garbage-first heap   total 4608000K, used 2473198K [0x00000006a6c00000, 0x00000006a7002328, 0x00000007c0000000)
  region size 4096K, 562 young (2301952K), 9 survivors (36864K)
 Metaspace       used 124684K, capacity 128512K, committed 129664K, reserved 1165312K
  class space    used 13845K, capacity 14510K, committed 14720K, reserved 1048576K
2019-04-29T08:53:16.521+0800: 1527605.740: [GC pause (G1 Evacuation Pause) (young)
Desired survivor size 148897792 bytes, new threshold 15 (max 15)
- age   1:   20315240 bytes,   20315240 total
- age   2:     508056 bytes,   20823296 total
- age   3:     672560 bytes,   21495856 total
- age   4:     524000 bytes,   22019856 total
- age   5:     743240 bytes,   22763096 total
- age   6:     209616 bytes,   22972712 total
- age   7:     146688 bytes,   23119400 total
- age   8:     167168 bytes,   23286568 total
- age   9:     906232 bytes,   24192800 total
- age  10:     233760 bytes,   24426560 total
- age  11:     290120 bytes,   24716680 total
- age  12:     248784 bytes,   24965464 total
- age  13:     340224 bytes,   25305688 total
- age  14:     537368 bytes,   25843056 total
- age  15:     216928 bytes,   26059984 total
 1527605.740: [G1Ergonomics (CSet Construction) start choosing CSet, _pending_cards: 23686, predicted base time: 7.51 ms, remaining time: 52.49 ms, target pause time: 60.00 ms]
 1527605.740: [G1Ergonomics (CSet Construction) add young regions to CSet, eden: 553 regions, survivors: 9 regions, predicted young region time: 160.38 ms]
 1527605.740: [G1Ergonomics (CSet Construction) finish choosing CSet, eden: 553 regions, survivors: 9 regions, old: 0 regions, predicted pause time: 167.89 ms, target pause time: 60.00 ms]
, 0.0193240 secs]
   [Parallel Time: 17.5 ms, GC Workers: 8]
      [GC Worker Start (ms): Min: 1527605740.1, Avg: 1527605740.2, Max: 1527605740.2, Diff: 0.1]
      [Ext Root Scanning (ms): Min: 1.0, Avg: 1.5, Max: 4.4, Diff: 3.4, Sum: 12.3]
      [Update RS (ms): Min: 1.7, Avg: 4.5, Max: 5.2, Diff: 3.5, Sum: 36.2]
         [Processed Buffers: Min: 16, Avg: 23.4, Max: 36, Diff: 20, Sum: 187]
      [Scan RS (ms): Min: 0.0, Avg: 0.1, Max: 0.1, Diff: 0.1, Sum: 0.6]
      [Code Root Scanning (ms): Min: 0.0, Avg: 0.0, Max: 0.0, Diff: 0.0, Sum: 0.0]
      [Object Copy (ms): Min: 11.0, Avg: 11.2, Max: 11.2, Diff: 0.3, Sum: 89.2]
      [Termination (ms): Min: 0.0, Avg: 0.0, Max: 0.0, Diff: 0.0, Sum: 0.0]
      [GC Worker Other (ms): Min: 0.0, Avg: 0.0, Max: 0.1, Diff: 0.1, Sum: 0.4]
      [GC Worker Total (ms): Min: 17.3, Avg: 17.3, Max: 17.4, Diff: 0.1, Sum: 138.7]
      [GC Worker End (ms): Min: 1527605757.5, Avg: 1527605757.5, Max: 1527605757.5, Diff: 0.1]
   [Code Root Fixup: 0.2 ms]
   [Code Root Purge: 0.0 ms]
   [Clear CT: 0.3 ms]
   [Other: 1.4 ms]
      [Choose CSet: 0.0 ms]
      [Ref Proc: 0.2 ms]
      [Ref Enq: 0.0 ms]
      [Redirty Cards: 0.1 ms]
      [Humongous Reclaim: 0.0 ms]
      [Free CSet: 0.6 ms]
   [Eden: 2212.0M(2212.0M)->0.0B(2212.0M) Survivors: 36.0M->36.0M Heap: 2415.2M(4500.0M)->203.6M(4500.0M)]
Heap after GC invocations=33378 (full 1):
 garbage-first heap   total 4608000K, used 208501K [0x00000006a6c00000, 0x00000006a7002328, 0x00000007c0000000)
  region size 4096K, 9 young (36864K), 9 survivors (36864K)
 Metaspace       used 124684K, capacity 128512K, committed 129664K, reserved 1165312K
  class space    used 13845K, capacity 14510K, committed 14720K, reserved 1048576K
}
 [Times: user=0.11 sys=0.03, real=0.02 secs] 
{Heap before GC invocations=33378 (full 1):
 garbage-first heap   total 4608000K, used 2473589K [0x00000006a6c00000, 0x00000006a7002328, 0x00000007c0000000)
  region size 4096K, 562 young (2301952K), 9 survivors (36864K)
 Metaspace       used 124684K, capacity 128512K, committed 129664K, reserved 1165312K
  class space    used 13845K, capacity 14510K, committed 14720K, reserved 1048576K
2019-04-29T08:54:17.792+0800: 1527667.010: [GC pause (G1 Evacuation Pause) (young)
Desired survivor size 148897792 bytes, new threshold 15 (max 15)
- age   1:   17380872 bytes,   17380872 total
- age   2:    1020528 bytes,   18401400 total
- age   3:     430848 bytes,   18832248 total
- age   4:     669672 bytes,   19501920 total
- age   5:     523168 bytes,   20025088 total
- age   6:     743240 bytes,   20768328 total
- age   7:     209616 bytes,   20977944 total
- age   8:     146576 bytes,   21124520 total
- age   9:     167056 bytes,   21291576 total
- age  10:     905672 bytes,   22197248 total
- age  11:     233648 bytes,   22430896 total
- age  12:     290120 bytes,   22721016 total
- age  13:     248784 bytes,   22969800 total
- age  14:     340224 bytes,   23310024 total
- age  15:     537368 bytes,   23847392 total
 1527667.010: [G1Ergonomics (CSet Construction) start choosing CSet, _pending_cards: 23124, predicted base time: 7.36 ms, remaining time: 52.64 ms, target pause time: 60.00 ms]
 1527667.010: [G1Ergonomics (CSet Construction) add young regions to CSet, eden: 553 regions, survivors: 9 regions, predicted young region time: 129.79 ms]
 1527667.010: [G1Ergonomics (CSet Construction) finish choosing CSet, eden: 553 regions, survivors: 9 regions, old: 0 regions, predicted pause time: 137.14 ms, target pause time: 60.00 ms]
, 0.0182957 secs]
   [Parallel Time: 16.3 ms, GC Workers: 8]
      [GC Worker Start (ms): Min: 1527667010.6, Avg: 1527667010.6, Max: 1527667010.7, Diff: 0.1]
      [Ext Root Scanning (ms): Min: 1.0, Avg: 1.3, Max: 2.0, Diff: 1.0, Sum: 10.1]
      [Update RS (ms): Min: 3.8, Avg: 4.5, Max: 4.8, Diff: 1.0, Sum: 36.3]
         [Processed Buffers: Min: 13, Avg: 24.0, Max: 32, Diff: 19, Sum: 192]
      [Scan RS (ms): Min: 0.0, Avg: 0.1, Max: 0.1, Diff: 0.1, Sum: 0.6]
      [Code Root Scanning (ms): Min: 0.0, Avg: 0.0, Max: 0.0, Diff: 0.0, Sum: 0.0]
      [Object Copy (ms): Min: 10.2, Avg: 10.2, Max: 10.3, Diff: 0.1, Sum: 81.9]
      [Termination (ms): Min: 0.0, Avg: 0.0, Max: 0.0, Diff: 0.0, Sum: 0.1]
      [GC Worker Other (ms): Min: 0.0, Avg: 0.1, Max: 0.1, Diff: 0.1, Sum: 0.4]
      [GC Worker Total (ms): Min: 16.1, Avg: 16.2, Max: 16.2, Diff: 0.1, Sum: 129.5]
      [GC Worker End (ms): Min: 1527667026.8, Avg: 1527667026.8, Max: 1527667026.8, Diff: 0.1]
   [Code Root Fixup: 0.2 ms]
   [Code Root Purge: 0.0 ms]
   [Clear CT: 0.3 ms]
   [Other: 1.5 ms]
      [Choose CSet: 0.0 ms]
      [Ref Proc: 0.2 ms]
      [Ref Enq: 0.0 ms]
      [Redirty Cards: 0.1 ms]
      [Humongous Reclaim: 0.0 ms]
      [Free CSet: 0.6 ms]
   [Eden: 2212.0M(2212.0M)->0.0B(2212.0M) Survivors: 36.0M->36.0M Heap: 2415.6M(4500.0M)->204.2M(4500.0M)]
Heap after GC invocations=33379 (full 1):
 garbage-first heap   total 4608000K, used 209120K [0x00000006a6c00000, 0x00000006a7002328, 0x00000007c0000000)
  region size 4096K, 9 young (36864K), 9 survivors (36864K)
 Metaspace       used 124684K, capacity 128512K, committed 129664K, reserved 1165312K
  class space    used 13845K, capacity 14510K, committed 14720K, reserved 1048576K
}
 [Times: user=0.11 sys=0.02, real=0.02 secs] 
{Heap before GC invocations=33379 (full 1):
 garbage-first heap   total 4608000K, used 2474208K [0x00000006a6c00000, 0x00000006a7002328, 0x00000007c0000000)
  region size 4096K, 562 young (2301952K), 9 survivors (36864K)
 Metaspace       used 124684K, capacity 128512K, committed 129664K, reserved 1165312K
  class space    used 13845K, capacity 14510K, committed 14720K, reserved 1048576K
2019-04-29T08:55:02.731+0800: 1527711.950: [GC pause (G1 Evacuation Pause) (young)
Desired survivor size 148897792 bytes, new threshold 15 (max 15)
- age   1:   16074688 bytes,   16074688 total
- age   2:     285568 bytes,   16360256 total
- age   3:     328456 bytes,   16688712 total
- age   4:     428216 bytes,   17116928 total
- age   5:     668664 bytes,   17785592 total
- age   6:     521544 bytes,   18307136 total
- age   7:     743128 bytes,   19050264 total
- age   8:     209616 bytes,   19259880 total
- age   9:     146576 bytes,   19406456 total
- age  10:     166808 bytes,   19573264 total
- age  11:     903664 bytes,   20476928 total
- age  12:     233648 bytes,   20710576 total
- age  13:     290008 bytes,   21000584 total
- age  14:     248784 bytes,   21249368 total
- age  15:     340224 bytes,   21589592 total
 1527711.950: [G1Ergonomics (CSet Construction) start choosing CSet, _pending_cards: 22133, predicted base time: 7.12 ms, remaining time: 52.88 ms, target pause time: 60.00 ms]
 1527711.950: [G1Ergonomics (CSet Construction) add young regions to CSet, eden: 553 regions, survivors: 9 regions, predicted young region time: 100.62 ms]
 1527711.950: [G1Ergonomics (CSet Construction) finish choosing CSet, eden: 553 regions, survivors: 9 regions, old: 0 regions, predicted pause time: 107.75 ms, target pause time: 60.00 ms]
, 0.0204640 secs]
   [Parallel Time: 18.4 ms, GC Workers: 8]
      [GC Worker Start (ms): Min: 1527711949.8, Avg: 1527711949.9, Max: 1527711949.9, Diff: 0.1]
      [Ext Root Scanning (ms): Min: 1.0, Avg: 1.3, Max: 2.3, Diff: 1.2, Sum: 10.6]
      [Update RS (ms): Min: 3.7, Avg: 4.5, Max: 4.9, Diff: 1.2, Sum: 36.0]
         [Processed Buffers: Min: 17, Avg: 23.8, Max: 34, Diff: 17, Sum: 190]
      [Scan RS (ms): Min: 0.0, Avg: 0.1, Max: 0.1, Diff: 0.1, Sum: 0.6]
      [Code Root Scanning (ms): Min: 0.0, Avg: 0.0, Max: 0.0, Diff: 0.0, Sum: 0.0]
      [Object Copy (ms): Min: 12.2, Avg: 12.3, Max: 12.4, Diff: 0.2, Sum: 98.7]
      [Termination (ms): Min: 0.0, Avg: 0.0, Max: 0.0, Diff: 0.0, Sum: 0.2]
      [GC Worker Other (ms): Min: 0.0, Avg: 0.0, Max: 0.1, Diff: 0.0, Sum: 0.3]
      [GC Worker Total (ms): Min: 18.2, Avg: 18.3, Max: 18.4, Diff: 0.1, Sum: 146.5]
      [GC Worker End (ms): Min: 1527711968.2, Avg: 1527711968.2, Max: 1527711968.2, Diff: 0.0]
   [Code Root Fixup: 0.3 ms]
   [Code Root Purge: 0.0 ms]
   [Clear CT: 0.3 ms]
   [Other: 1.5 ms]
      [Choose CSet: 0.0 ms]
      [Ref Proc: 0.2 ms]
      [Ref Enq: 0.0 ms]
      [Redirty Cards: 0.1 ms]
      [Humongous Reclaim: 0.0 ms]
      [Free CSet: 0.6 ms]
   [Eden: 2212.0M(2212.0M)->0.0B(2212.0M) Survivors: 36.0M->36.0M Heap: 2416.2M(4500.0M)->204.8M(4500.0M)]
Heap after GC invocations=33380 (full 1):
 garbage-first heap   total 4608000K, used 209716K [0x00000006a6c00000, 0x00000006a7002328, 0x00000007c0000000)
  region size 4096K, 9 young (36864K), 9 survivors (36864K)
 Metaspace       used 124684K, capacity 128512K, committed 129664K, reserved 1165312K
  class space    used 13845K, capacity 14510K, committed 14720K, reserved 1048576K
}
 [Times: user=0.15 sys=0.00, real=0.02 secs] 
{Heap before GC invocations=33380 (full 1):
 garbage-first heap   total 4608000K, used 2474804K [0x00000006a6c00000, 0x00000006a7002328, 0x00000007c0000000)
  region size 4096K, 562 young (2301952K), 9 survivors (36864K)
 Metaspace       used 124684K, capacity 128512K, committed 129664K, reserved 1165312K
  class space    used 13845K, capacity 14510K, committed 14720K, reserved 1048576K
2019-04-29T08:55:51.317+0800: 1527760.536: [GC pause (G1 Evacuation Pause) (young)
Desired survivor size 148897792 bytes, new threshold 15 (max 15)
- age   1:   18809480 bytes,   18809480 total
- age   2:    1182136 bytes,   19991616 total
- age   3:     277720 bytes,   20269336 total
- age   4:     314712 bytes,   20584048 total
- age   5:     425888 bytes,   21009936 total
- age   6:     667656 bytes,   21677592 total
- age   7:     521544 bytes,   22199136 total
- age   8:     743128 bytes,   22942264 total
- age   9:     207736 bytes,   23150000 total
- age  10:     146016 bytes,   23296016 total
- age  11:     166584 bytes,   23462600 total
- age  12:     897776 bytes,   24360376 total
- age  13:     233648 bytes,   24594024 total
- age  14:     289896 bytes,   24883920 total
- age  15:     248784 bytes,   25132704 total
 1527760.536: [G1Ergonomics (CSet Construction) start choosing CSet, _pending_cards: 22626, predicted base time: 7.26 ms, remaining time: 52.74 ms, target pause time: 60.00 ms]
 1527760.536: [G1Ergonomics (CSet Construction) add young regions to CSet, eden: 553 regions, survivors: 9 regions, predicted young region time: 171.86 ms]
 1527760.536: [G1Ergonomics (CSet Construction) finish choosing CSet, eden: 553 regions, survivors: 9 regions, old: 0 regions, predicted pause time: 179.12 ms, target pause time: 60.00 ms]
, 0.0232216 secs]
   [Parallel Time: 21.0 ms, GC Workers: 8]
      [GC Worker Start (ms): Min: 1527760536.7, Avg: 1527760536.8, Max: 1527760536.8, Diff: 0.1]
      [Ext Root Scanning (ms): Min: 1.2, Avg: 1.4, Max: 2.2, Diff: 1.0, Sum: 11.4]
      [Update RS (ms): Min: 3.9, Avg: 4.6, Max: 5.0, Diff: 1.1, Sum: 37.0]
         [Processed Buffers: Min: 15, Avg: 23.2, Max: 37, Diff: 22, Sum: 186]
      [Scan RS (ms): Min: 0.0, Avg: 0.1, Max: 0.2, Diff: 0.1, Sum: 0.8]
      [Code Root Scanning (ms): Min: 0.0, Avg: 0.0, Max: 0.0, Diff: 0.0, Sum: 0.0]
      [Object Copy (ms): Min: 14.6, Avg: 14.7, Max: 14.7, Diff: 0.2, Sum: 117.3]
      [Termination (ms): Min: 0.0, Avg: 0.0, Max: 0.0, Diff: 0.0, Sum: 0.1]
      [GC Worker Other (ms): Min: 0.0, Avg: 0.0, Max: 0.1, Diff: 0.0, Sum: 0.2]
      [GC Worker Total (ms): Min: 20.8, Avg: 20.9, Max: 20.9, Diff: 0.1, Sum: 166.9]
      [GC Worker End (ms): Min: 1527760557.6, Avg: 1527760557.6, Max: 1527760557.6, Diff: 0.0]
   [Code Root Fixup: 0.3 ms]
   [Code Root Purge: 0.0 ms]
   [Clear CT: 0.3 ms]
   [Other: 1.7 ms]
      [Choose CSet: 0.0 ms]
      [Ref Proc: 0.2 ms]
      [Ref Enq: 0.0 ms]
      [Redirty Cards: 0.1 ms]
      [Humongous Reclaim: 0.0 ms]
      [Free CSet: 0.6 ms]
   [Eden: 2212.0M(2212.0M)->0.0B(2212.0M) Survivors: 36.0M->36.0M Heap: 2416.8M(4500.0M)->205.1M(4500.0M)]
Heap after GC invocations=33381 (full 1):
 garbage-first heap   total 4608000K, used 210052K [0x00000006a6c00000, 0x00000006a7002328, 0x00000007c0000000)
  region size 4096K, 9 young (36864K), 9 survivors (36864K)
 Metaspace       used 124684K, capacity 128512K, committed 129664K, reserved 1165312K
  class space    used 13845K, capacity 14510K, committed 14720K, reserved 1048576K
}
 [Times: user=0.14 sys=0.03, real=0.03 secs] 
{Heap before GC invocations=33381 (full 1):
 garbage-first heap   total 4608000K, used 2475140K [0x00000006a6c00000, 0x00000006a7002328, 0x00000007c0000000)
  region size 4096K, 562 young (2301952K), 9 survivors (36864K)
 Metaspace       used 124684K, capacity 128512K, committed 129664K, reserved 1165312K
  class space    used 13845K, capacity 14510K, committed 14720K, reserved 1048576K
2019-04-29T08:57:00.457+0800: 1527829.676: [GC pause (G1 Evacuation Pause) (young)
Desired survivor size 148897792 bytes, new threshold 15 (max 15)
- age   1:   23491792 bytes,   23491792 total
- age   2:    1432392 bytes,   24924184 total
- age   3:     203352 bytes,   25127536 total
- age   4:     275392 bytes,   25402928 total
- age   5:     313816 bytes,   25716744 total
- age   6:     425664 bytes,   26142408 total
- age   7:     666760 bytes,   26809168 total
- age   8:     518072 bytes,   27327240 total
- age   9:     743104 bytes,   28070344 total
- age  10:     207736 bytes,   28278080 total
- age  11:     145792 bytes,   28423872 total
- age  12:     159216 bytes,   28583088 total
- age  13:     860280 bytes,   29443368 total
- age  14:     233648 bytes,   29677016 total
- age  15:     289896 bytes,   29966912 total
 1527829.676: [G1Ergonomics (CSet Construction) start choosing CSet, _pending_cards: 22958, predicted base time: 7.48 ms, remaining time: 52.52 ms, target pause time: 60.00 ms]
 1527829.676: [G1Ergonomics (CSet Construction) add young regions to CSet, eden: 553 regions, survivors: 9 regions, predicted young region time: 212.57 ms]
 1527829.676: [G1Ergonomics (CSet Construction) finish choosing CSet, eden: 553 regions, survivors: 9 regions, old: 0 regions, predicted pause time: 220.05 ms, target pause time: 60.00 ms]
, 0.0198492 secs]
   [Parallel Time: 17.5 ms, GC Workers: 8]
      [GC Worker Start (ms): Min: 1527829676.5, Avg: 1527829676.6, Max: 1527829676.6, Diff: 0.1]
      [Ext Root Scanning (ms): Min: 1.2, Avg: 1.5, Max: 2.1, Diff: 1.0, Sum: 11.6]
      [Update RS (ms): Min: 4.1, Avg: 4.7, Max: 5.0, Diff: 0.9, Sum: 37.4]
         [Processed Buffers: Min: 12, Avg: 23.5, Max: 53, Diff: 41, Sum: 188]
      [Scan RS (ms): Min: 0.0, Avg: 0.1, Max: 0.1, Diff: 0.1, Sum: 0.7]
      [Code Root Scanning (ms): Min: 0.0, Avg: 0.0, Max: 0.0, Diff: 0.0, Sum: 0.0]
      [Object Copy (ms): Min: 11.0, Avg: 11.1, Max: 11.2, Diff: 0.2, Sum: 88.8]
      [Termination (ms): Min: 0.0, Avg: 0.0, Max: 0.0, Diff: 0.0, Sum: 0.0]
      [GC Worker Other (ms): Min: 0.0, Avg: 0.1, Max: 0.1, Diff: 0.1, Sum: 0.5]
      [GC Worker Total (ms): Min: 17.3, Avg: 17.4, Max: 17.4, Diff: 0.1, Sum: 139.1]
      [GC Worker End (ms): Min: 1527829693.9, Avg: 1527829694.0, Max: 1527829694.0, Diff: 0.1]
   [Code Root Fixup: 0.2 ms]
   [Code Root Purge: 0.0 ms]
   [Clear CT: 0.2 ms]
   [Other: 1.9 ms]
      [Choose CSet: 0.0 ms]
      [Ref Proc: 0.2 ms]
      [Ref Enq: 0.0 ms]
      [Redirty Cards: 0.2 ms]
      [Humongous Reclaim: 0.0 ms]
      [Free CSet: 0.9 ms]
   [Eden: 2212.0M(2212.0M)->0.0B(2216.0M) Survivors: 36.0M->32.0M Heap: 2417.1M(4500.0M)->203.5M(4500.0M)]
Heap after GC invocations=33382 (full 1):
 garbage-first heap   total 4608000K, used 208392K [0x00000006a6c00000, 0x00000006a7002328, 0x00000007c0000000)
  region size 4096K, 8 young (32768K), 8 survivors (32768K)
 Metaspace       used 124684K, capacity 128512K, committed 129664K, reserved 1165312K
  class space    used 13845K, capacity 14510K, committed 14720K, reserved 1048576K
}
 [Times: user=0.12 sys=0.03, real=0.02 secs] 
{Heap before GC invocations=33382 (full 1):
 garbage-first heap   total 4608000K, used 2477576K [0x00000006a6c00000, 0x00000006a7002328, 0x00000007c0000000)
  region size 4096K, 562 young (2301952K), 8 survivors (32768K)
 Metaspace       used 124684K, capacity 128512K, committed 129664K, reserved 1165312K
  class space    used 13845K, capacity 14510K, committed 14720K, reserved 1048576K
2019-04-29T08:57:59.770+0800: 1527888.989: [GC pause (G1 Evacuation Pause) (young)
Desired survivor size 148897792 bytes, new threshold 15 (max 15)
- age   1:   16523480 bytes,   16523480 total
- age   2:     813416 bytes,   17336896 total
- age   3:     835328 bytes,   18172224 total
- age   4:     196136 bytes,   18368360 total
- age   5:     274920 bytes,   18643280 total
- age   6:     313704 bytes,   18956984 total
- age   7:     425440 bytes,   19382424 total
- age   8:     666320 bytes,   20048744 total
- age   9:     518072 bytes,   20566816 total
- age  10:     742920 bytes,   21309736 total
- age  11:     205784 bytes,   21515520 total
- age  12:     145456 bytes,   21660976 total
- age  13:     158920 bytes,   21819896 total
- age  14:     856480 bytes,   22676376 total
- age  15:     233536 bytes,   22909912 total
 1527888.989: [G1Ergonomics (CSet Construction) start choosing CSet, _pending_cards: 23181, predicted base time: 7.57 ms, remaining time: 52.43 ms, target pause time: 60.00 ms]
 1527888.989: [G1Ergonomics (CSet Construction) add young regions to CSet, eden: 554 regions, survivors: 8 regions, predicted young region time: 167.49 ms]
 1527888.989: [G1Ergonomics (CSet Construction) finish choosing CSet, eden: 554 regions, survivors: 8 regions, old: 0 regions, predicted pause time: 175.06 ms, target pause time: 60.00 ms]
, 0.0245363 secs]
   [Parallel Time: 22.5 ms, GC Workers: 8]
      [GC Worker Start (ms): Min: 1527888989.4, Avg: 1527888989.4, Max: 1527888989.5, Diff: 0.1]
      [Ext Root Scanning (ms): Min: 1.1, Avg: 1.4, Max: 2.2, Diff: 1.1, Sum: 10.8]
      [Update RS (ms): Min: 3.9, Avg: 4.6, Max: 5.0, Diff: 1.0, Sum: 37.1]
         [Processed Buffers: Min: 14, Avg: 23.4, Max: 41, Diff: 27, Sum: 187]
      [Scan RS (ms): Min: 0.0, Avg: 0.1, Max: 0.1, Diff: 0.1, Sum: 0.7]
      [Code Root Scanning (ms): Min: 0.0, Avg: 0.0, Max: 0.0, Diff: 0.0, Sum: 0.0]
      [Object Copy (ms): Min: 16.1, Avg: 16.2, Max: 16.3, Diff: 0.2, Sum: 129.7]
      [Termination (ms): Min: 0.0, Avg: 0.0, Max: 0.0, Diff: 0.0, Sum: 0.0]
      [GC Worker Other (ms): Min: 0.0, Avg: 0.0, Max: 0.1, Diff: 0.1, Sum: 0.3]
      [GC Worker Total (ms): Min: 22.3, Avg: 22.3, Max: 22.4, Diff: 0.1, Sum: 178.7]
      [GC Worker End (ms): Min: 1527889011.8, Avg: 1527889011.8, Max: 1527889011.8, Diff: 0.0]
   [Code Root Fixup: 0.2 ms]
   [Code Root Purge: 0.0 ms]
   [Clear CT: 0.2 ms]
   [Other: 1.6 ms]
      [Choose CSet: 0.0 ms]
      [Ref Proc: 0.3 ms]
      [Ref Enq: 0.0 ms]
      [Redirty Cards: 0.1 ms]
      [Humongous Reclaim: 0.0 ms]
      [Free CSet: 0.6 ms]
   [Eden: 2216.0M(2216.0M)->0.0B(2208.0M) Survivors: 32.0M->40.0M Heap: 2419.5M(4500.0M)->211.9M(4500.0M)]
Heap after GC invocations=33383 (full 1):
 garbage-first heap   total 4608000K, used 216958K [0x00000006a6c00000, 0x00000006a7002328, 0x00000007c0000000)
  region size 4096K, 10 young (40960K), 10 survivors (40960K)
 Metaspace       used 124684K, capacity 128512K, committed 129664K, reserved 1165312K
  class space    used 13845K, capacity 14510K, committed 14720K, reserved 1048576K
}
 [Times: user=0.15 sys=0.03, real=0.02 secs] 
{Heap before GC invocations=33383 (full 1):
 garbage-first heap   total 4608000K, used 2477950K [0x00000006a6c00000, 0x00000006a7002328, 0x00000007c0000000)
  region size 4096K, 562 young (2301952K), 10 survivors (40960K)
 Metaspace       used 124684K, capacity 128512K, committed 129664K, reserved 1165312K
  class space    used 13845K, capacity 14510K, committed 14720K, reserved 1048576K
2019-04-29T08:58:38.004+0800: 1527927.223: [GC pause (G1 Evacuation Pause) (young)
Desired survivor size 148897792 bytes, new threshold 15 (max 15)
- age   1:   26496304 bytes,   26496304 total
- age   2:     614056 bytes,   27110360 total
- age   3:     574416 bytes,   27684776 total
- age   4:     833832 bytes,   28518608 total
- age   5:     196136 bytes,   28714744 total
- age   6:     274920 bytes,   28989664 total
- age   7:     313704 bytes,   29303368 total
- age   8:     425440 bytes,   29728808 total
- age   9:     666208 bytes,   30395016 total
- age  10:     518072 bytes,   30913088 total
- age  11:     742920 bytes,   31656008 total
- age  12:     205784 bytes,   31861792 total
- age  13:     145456 bytes,   32007248 total
- age  14:     158920 bytes,   32166168 total
- age  15:     856368 bytes,   33022536 total
 1527927.223: [G1Ergonomics (CSet Construction) start choosing CSet, _pending_cards: 22281, predicted base time: 7.35 ms, remaining time: 52.65 ms, target pause time: 60.00 ms]
 1527927.223: [G1Ergonomics (CSet Construction) add young regions to CSet, eden: 552 regions, survivors: 10 regions, predicted young region time: 142.47 ms]
 1527927.223: [G1Ergonomics (CSet Construction) finish choosing CSet, eden: 552 regions, survivors: 10 regions, old: 0 regions, predicted pause time: 149.81 ms, target pause time: 60.00 ms]
, 0.0240432 secs]
   [Parallel Time: 22.0 ms, GC Workers: 8]
      [GC Worker Start (ms): Min: 1527927222.9, Avg: 1527927223.0, Max: 1527927223.0, Diff: 0.1]
      [Ext Root Scanning (ms): Min: 1.1, Avg: 1.4, Max: 2.2, Diff: 1.1, Sum: 10.8]
      [Update RS (ms): Min: 3.6, Avg: 4.4, Max: 4.8, Diff: 1.1, Sum: 35.6]
         [Processed Buffers: Min: 15, Avg: 23.4, Max: 35, Diff: 20, Sum: 187]
      [Scan RS (ms): Min: 0.0, Avg: 0.1, Max: 0.2, Diff: 0.1, Sum: 0.6]
      [Code Root Scanning (ms): Min: 0.0, Avg: 0.0, Max: 0.0, Diff: 0.0, Sum: 0.0]
      [Object Copy (ms): Min: 15.9, Avg: 16.0, Max: 16.0, Diff: 0.2, Sum: 127.8]
      [Termination (ms): Min: 0.0, Avg: 0.0, Max: 0.0, Diff: 0.0, Sum: 0.0]
      [GC Worker Other (ms): Min: 0.0, Avg: 0.0, Max: 0.1, Diff: 0.0, Sum: 0.3]
      [GC Worker Total (ms): Min: 21.8, Avg: 21.9, Max: 21.9, Diff: 0.1, Sum: 175.2]
      [GC Worker End (ms): Min: 1527927244.8, Avg: 1527927244.9, Max: 1527927244.9, Diff: 0.0]
   [Code Root Fixup: 0.2 ms]
   [Code Root Purge: 0.0 ms]
   [Clear CT: 0.3 ms]
   [Other: 1.5 ms]
      [Choose CSet: 0.0 ms]
      [Ref Proc: 0.2 ms]
      [Ref Enq: 0.0 ms]
      [Redirty Cards: 0.1 ms]
      [Humongous Reclaim: 0.0 ms]
      [Free CSet: 0.6 ms]
   [Eden: 2208.0M(2208.0M)->0.0B(2208.0M) Survivors: 40.0M->40.0M Heap: 2419.9M(4500.0M)->212.8M(4500.0M)]
Heap after GC invocations=33384 (full 1):
 garbage-first heap   total 4608000K, used 217881K [0x00000006a6c00000, 0x00000006a7002328, 0x00000007c0000000)
  region size 4096K, 10 young (40960K), 10 survivors (40960K)
 Metaspace       used 124684K, capacity 128512K, committed 129664K, reserved 1165312K
  class space    used 13845K, capacity 14510K, committed 14720K, reserved 1048576K
}
 [Times: user=0.16 sys=0.02, real=0.02 secs] 
{Heap before GC invocations=33384 (full 1):
 garbage-first heap   total 4608000K, used 2478873K [0x00000006a6c00000, 0x00000006a7002328, 0x00000007c0000000)
  region size 4096K, 562 young (2301952K), 10 survivors (40960K)
 Metaspace       used 124684K, capacity 128512K, committed 129664K, reserved 1165312K
  class space    used 13845K, capacity 14510K, committed 14720K, reserved 1048576K
2019-04-29T08:59:21.292+0800: 1527970.511: [GC pause (G1 Evacuation Pause) (young)
Desired survivor size 148897792 bytes, new threshold 15 (max 15)
- age   1:   24330112 bytes,   24330112 total
- age   2:    2072912 bytes,   26403024 total
- age   3:     604168 bytes,   27007192 total
- age   4:     559744 bytes,   27566936 total
- age   5:     832552 bytes,   28399488 total
- age   6:     196024 bytes,   28595512 total
- age   7:     274920 bytes,   28870432 total
- age   8:     313704 bytes,   29184136 total
- age   9:     425440 bytes,   29609576 total
- age  10:     666208 bytes,   30275784 total
- age  11:     517960 bytes,   30793744 total
- age  12:     742920 bytes,   31536664 total
- age  13:     205784 bytes,   31742448 total
- age  14:     145456 bytes,   31887904 total
- age  15:     158920 bytes,   32046824 total
 1527970.511: [G1Ergonomics (CSet Construction) start choosing CSet, _pending_cards: 24469, predicted base time: 7.74 ms, remaining time: 52.26 ms, target pause time: 60.00 ms]
 1527970.511: [G1Ergonomics (CSet Construction) add young regions to CSet, eden: 552 regions, survivors: 10 regions, predicted young region time: 151.40 ms]
 1527970.511: [G1Ergonomics (CSet Construction) finish choosing CSet, eden: 552 regions, survivors: 10 regions, old: 0 regions, predicted pause time: 159.14 ms, target pause time: 60.00 ms]
, 0.0199347 secs]
   [Parallel Time: 18.0 ms, GC Workers: 8]
      [GC Worker Start (ms): Min: 1527970511.0, Avg: 1527970511.0, Max: 1527970511.1, Diff: 0.1]
      [Ext Root Scanning (ms): Min: 1.0, Avg: 1.5, Max: 4.5, Diff: 3.5, Sum: 12.3]
      [Update RS (ms): Min: 2.1, Avg: 4.7, Max: 5.4, Diff: 3.3, Sum: 37.7]
         [Processed Buffers: Min: 14, Avg: 24.0, Max: 38, Diff: 24, Sum: 192]
      [Scan RS (ms): Min: 0.0, Avg: 0.1, Max: 0.1, Diff: 0.1, Sum: 0.7]
      [Code Root Scanning (ms): Min: 0.0, Avg: 0.0, Max: 0.0, Diff: 0.0, Sum: 0.0]
      [Object Copy (ms): Min: 11.2, Avg: 11.4, Max: 11.5, Diff: 0.3, Sum: 91.6]
      [Termination (ms): Min: 0.0, Avg: 0.0, Max: 0.0, Diff: 0.0, Sum: 0.0]
      [GC Worker Other (ms): Min: 0.0, Avg: 0.1, Max: 0.1, Diff: 0.1, Sum: 0.4]
      [GC Worker Total (ms): Min: 17.8, Avg: 17.8, Max: 17.9, Diff: 0.1, Sum: 142.8]
      [GC Worker End (ms): Min: 1527970528.9, Avg: 1527970528.9, Max: 1527970528.9, Diff: 0.1]
   [Code Root Fixup: 0.2 ms]
   [Code Root Purge: 0.0 ms]
   [Clear CT: 0.3 ms]
   [Other: 1.5 ms]
      [Choose CSet: 0.0 ms]
      [Ref Proc: 0.2 ms]
      [Ref Enq: 0.0 ms]
      [Redirty Cards: 0.1 ms]
      [Humongous Reclaim: 0.0 ms]
      [Free CSet: 0.6 ms]
   [Eden: 2208.0M(2208.0M)->0.0B(2212.0M) Survivors: 40.0M->36.0M Heap: 2420.8M(4500.0M)->207.5M(4500.0M)]
Heap after GC invocations=33385 (full 1):
 garbage-first heap   total 4608000K, used 212474K [0x00000006a6c00000, 0x00000006a7002328, 0x00000007c0000000)
  region size 4096K, 9 young (36864K), 9 survivors (36864K)
 Metaspace       used 124684K, capacity 128512K, committed 129664K, reserved 1165312K
  class space    used 13845K, capacity 14510K, committed 14720K, reserved 1048576K
}
 [Times: user=0.12 sys=0.03, real=0.02 secs] 
{Heap before GC invocations=33385 (full 1):
 garbage-first heap   total 4608000K, used 2477562K [0x00000006a6c00000, 0x00000006a7002328, 0x00000007c0000000)
  region size 4096K, 562 young (2301952K), 9 survivors (36864K)
 Metaspace       used 124684K, capacity 128512K, committed 129664K, reserved 1165312K
  class space    used 13845K, capacity 14510K, committed 14720K, reserved 1048576K
2019-04-29T09:00:03.514+0800: 1528012.733: [GC pause (G1 Evacuation Pause) (young)
Desired survivor size 148897792 bytes, new threshold 15 (max 15)
- age   1:   15866808 bytes,   15866808 total
- age   2:    2023024 bytes,   17889832 total
- age   3:     809728 bytes,   18699560 total
- age   4:     601368 bytes,   19300928 total
- age   5:     558736 bytes,   19859664 total
- age   6:     832216 bytes,   20691880 total
- age   7:     195800 bytes,   20887680 total
- age   8:     274920 bytes,   21162600 total
- age   9:     313480 bytes,   21476080 total
- age  10:     425104 bytes,   21901184 total
- age  11:     666096 bytes,   22567280 total
- age  12:     517960 bytes,   23085240 total
- age  13:     742696 bytes,   23827936 total
- age  14:     205784 bytes,   24033720 total
- age  15:     145456 bytes,   24179176 total
 1528012.733: [G1Ergonomics (CSet Construction) start choosing CSet, _pending_cards: 22814, predicted base time: 7.40 ms, remaining time: 52.60 ms, target pause time: 60.00 ms]
 1528012.733: [G1Ergonomics (CSet Construction) add young regions to CSet, eden: 553 regions, survivors: 9 regions, predicted young region time: 129.44 ms]
 1528012.733: [G1Ergonomics (CSet Construction) finish choosing CSet, eden: 553 regions, survivors: 9 regions, old: 0 regions, predicted pause time: 136.84 ms, target pause time: 60.00 ms]
, 0.0253514 secs]
   [Parallel Time: 23.2 ms, GC Workers: 8]
      [GC Worker Start (ms): Min: 1528012733.0, Avg: 1528012733.0, Max: 1528012733.0, Diff: 0.1]
      [Ext Root Scanning (ms): Min: 1.1, Avg: 1.4, Max: 2.4, Diff: 1.3, Sum: 10.8]
      [Update RS (ms): Min: 3.6, Avg: 4.6, Max: 5.1, Diff: 1.5, Sum: 37.0]
         [Processed Buffers: Min: 14, Avg: 23.6, Max: 36, Diff: 22, Sum: 189]
      [Scan RS (ms): Min: 0.0, Avg: 0.1, Max: 0.1, Diff: 0.1, Sum: 0.7]
      [Code Root Scanning (ms): Min: 0.0, Avg: 0.0, Max: 0.0, Diff: 0.0, Sum: 0.0]
      [Object Copy (ms): Min: 16.8, Avg: 17.0, Max: 17.1, Diff: 0.3, Sum: 135.8]
      [Termination (ms): Min: 0.0, Avg: 0.0, Max: 0.0, Diff: 0.0, Sum: 0.0]
      [GC Worker Other (ms): Min: 0.0, Avg: 0.0, Max: 0.1, Diff: 0.1, Sum: 0.4]
      [GC Worker Total (ms): Min: 23.0, Avg: 23.1, Max: 23.2, Diff: 0.1, Sum: 184.7]
      [GC Worker End (ms): Min: 1528012756.0, Avg: 1528012756.1, Max: 1528012756.1, Diff: 0.1]
   [Code Root Fixup: 0.4 ms]
   [Code Root Purge: 0.0 ms]
   [Clear CT: 0.3 ms]
   [Other: 1.5 ms]
      [Choose CSet: 0.0 ms]
      [Ref Proc: 0.2 ms]
      [Ref Enq: 0.0 ms]
      [Redirty Cards: 0.1 ms]
      [Humongous Reclaim: 0.0 ms]
      [Free CSet: 0.6 ms]
   [Eden: 2212.0M(2212.0M)->0.0B(2204.0M) Survivors: 36.0M->44.0M Heap: 2419.5M(4500.0M)->215.7M(4500.0M)]
Heap after GC invocations=33386 (full 1):
 garbage-first heap   total 4608000K, used 220923K [0x00000006a6c00000, 0x00000006a7002328, 0x00000007c0000000)
  region size 4096K, 11 young (45056K), 11 survivors (45056K)
 Metaspace       used 124684K, capacity 128512K, committed 129664K, reserved 1165312K
  class space    used 13845K, capacity 14510K, committed 14720K, reserved 1048576K
}
 [Times: user=0.19 sys=0.00, real=0.02 secs] 
{Heap before GC invocations=33386 (full 1):
 garbage-first heap   total 4608000K, used 2477819K [0x00000006a6c00000, 0x00000006a7002328, 0x00000007c0000000)
  region size 4096K, 562 young (2301952K), 11 survivors (45056K)
 Metaspace       used 124684K, capacity 128512K, committed 129664K, reserved 1165312K
  class space    used 13845K, capacity 14510K, committed 14720K, reserved 1048576K
2019-04-29T09:00:41.622+0800: 1528050.841: [GC pause (G1 Evacuation Pause) (young)
Desired survivor size 148897792 bytes, new threshold 15 (max 15)
- age   1:   26020072 bytes,   26020072 total
- age   2:    1474640 bytes,   27494712 total
- age   3:    1025232 bytes,   28519944 total
- age   4:     757440 bytes,   29277384 total
- age   5:     601112 bytes,   29878496 total
- age   6:     557704 bytes,   30436200 total
- age   7:     221192 bytes,   30657392 total
- age   8:     195536 bytes,   30852928 total
- age   9:     274920 bytes,   31127848 total
- age  10:     313144 bytes,   31440992 total
- age  11:     425104 bytes,   31866096 total
- age  12:     666096 bytes,   32532192 total
- age  13:     517960 bytes,   33050152 total
- age  14:     742696 bytes,   33792848 total
- age  15:     205784 bytes,   33998632 total
 1528050.841: [G1Ergonomics (CSet Construction) start choosing CSet, _pending_cards: 22520, predicted base time: 7.37 ms, remaining time: 52.63 ms, target pause time: 60.00 ms]
 1528050.841: [G1Ergonomics (CSet Construction) add young regions to CSet, eden: 551 regions, survivors: 11 regions, predicted young region time: 113.45 ms]
 1528050.841: [G1Ergonomics (CSet Construction) finish choosing CSet, eden: 551 regions, survivors: 11 regions, old: 0 regions, predicted pause time: 120.83 ms, target pause time: 60.00 ms]
, 0.0191140 secs]
   [Parallel Time: 17.1 ms, GC Workers: 8]
      [GC Worker Start (ms): Min: 1528050841.4, Avg: 1528050841.5, Max: 1528050841.5, Diff: 0.1]
      [Ext Root Scanning (ms): Min: 1.0, Avg: 1.2, Max: 2.1, Diff: 1.1, Sum: 10.0]
      [Update RS (ms): Min: 3.6, Avg: 4.4, Max: 4.7, Diff: 1.1, Sum: 34.9]
         [Processed Buffers: Min: 16, Avg: 23.5, Max: 33, Diff: 17, Sum: 188]
      [Scan RS (ms): Min: 0.0, Avg: 0.1, Max: 0.1, Diff: 0.1, Sum: 0.8]
      [Code Root Scanning (ms): Min: 0.0, Avg: 0.0, Max: 0.0, Diff: 0.0, Sum: 0.0]
      [Object Copy (ms): Min: 11.2, Avg: 11.2, Max: 11.3, Diff: 0.2, Sum: 90.0]
      [Termination (ms): Min: 0.0, Avg: 0.0, Max: 0.0, Diff: 0.0, Sum: 0.0]
      [GC Worker Other (ms): Min: 0.0, Avg: 0.1, Max: 0.1, Diff: 0.1, Sum: 0.4]
      [GC Worker Total (ms): Min: 16.9, Avg: 17.0, Max: 17.1, Diff: 0.1, Sum: 136.0]
      [GC Worker End (ms): Min: 1528050858.4, Avg: 1528050858.5, Max: 1528050858.5, Diff: 0.1]
   [Code Root Fixup: 0.2 ms]
   [Code Root Purge: 0.0 ms]
   [Clear CT: 0.3 ms]
   [Other: 1.6 ms]
      [Choose CSet: 0.0 ms]
      [Ref Proc: 0.2 ms]
      [Ref Enq: 0.0 ms]
      [Redirty Cards: 0.1 ms]
      [Humongous Reclaim: 0.0 ms]
      [Free CSet: 0.6 ms]
   [Eden: 2204.0M(2204.0M)->0.0B(2212.0M) Survivors: 44.0M->36.0M Heap: 2419.7M(4500.0M)->208.0M(4500.0M)]
Heap after GC invocations=33387 (full 1):
 garbage-first heap   total 4608000K, used 213006K [0x00000006a6c00000, 0x00000006a7002328, 0x00000007c0000000)
  region size 4096K, 9 young (36864K), 9 survivors (36864K)
 Metaspace       used 124684K, capacity 128512K, committed 129664K, reserved 1165312K
  class space    used 13845K, capacity 14510K, committed 14720K, reserved 1048576K
}
 [Times: user=0.12 sys=0.03, real=0.02 secs] 
{Heap before GC invocations=33387 (full 1):
 garbage-first heap   total 4608000K, used 2478094K [0x00000006a6c00000, 0x00000006a7002328, 0x00000007c0000000)
  region size 4096K, 562 young (2301952K), 9 survivors (36864K)
 Metaspace       used 124684K, capacity 128512K, committed 129664K, reserved 1165312K
  class space    used 13845K, capacity 14510K, committed 14720K, reserved 1048576K
2019-04-29T09:01:45.591+0800: 1528114.810: [GC pause (G1 Evacuation Pause) (young)
Desired survivor size 148897792 bytes, new threshold 15 (max 15)
- age   1:   15624896 bytes,   15624896 total
- age   2:    1851856 bytes,   17476752 total
- age   3:     284832 bytes,   17761584 total
- age   4:     984200 bytes,   18745784 total
- age   5:     755664 bytes,   19501448 total
- age   6:     599200 bytes,   20100648 total
- age   7:     512864 bytes,   20613512 total
- age   8:     215760 bytes,   20829272 total
- age   9:     194776 bytes,   21024048 total
- age  10:     267568 bytes,   21291616 total
- age  11:     312944 bytes,   21604560 total
- age  12:     387872 bytes,   21992432 total
- age  13:     666096 bytes,   22658528 total
- age  14:     517960 bytes,   23176488 total
- age  15:     742696 bytes,   23919184 total
 1528114.810: [G1Ergonomics (CSet Construction) start choosing CSet, _pending_cards: 23754, predicted base time: 7.53 ms, remaining time: 52.47 ms, target pause time: 60.00 ms]
 1528114.810: [G1Ergonomics (CSet Construction) add young regions to CSet, eden: 553 regions, survivors: 9 regions, predicted young region time: 88.71 ms]
 1528114.810: [G1Ergonomics (CSet Construction) finish choosing CSet, eden: 553 regions, survivors: 9 regions, old: 0 regions, predicted pause time: 96.24 ms, target pause time: 60.00 ms]
, 0.0202372 secs]
   [Parallel Time: 18.1 ms, GC Workers: 8]
      [GC Worker Start (ms): Min: 1528114810.3, Avg: 1528114810.3, Max: 1528114810.3, Diff: 0.1]
      [Ext Root Scanning (ms): Min: 1.2, Avg: 1.4, Max: 2.2, Diff: 1.0, Sum: 11.2]
      [Update RS (ms): Min: 4.0, Avg: 4.7, Max: 5.0, Diff: 1.0, Sum: 37.6]
         [Processed Buffers: Min: 15, Avg: 24.2, Max: 43, Diff: 28, Sum: 194]
      [Scan RS (ms): Min: 0.0, Avg: 0.1, Max: 0.1, Diff: 0.1, Sum: 0.6]
      [Code Root Scanning (ms): Min: 0.0, Avg: 0.0, Max: 0.0, Diff: 0.0, Sum: 0.0]
      [Object Copy (ms): Min: 11.7, Avg: 11.8, Max: 11.8, Diff: 0.1, Sum: 94.3]
      [Termination (ms): Min: 0.0, Avg: 0.0, Max: 0.0, Diff: 0.0, Sum: 0.0]
      [GC Worker Other (ms): Min: 0.0, Avg: 0.1, Max: 0.1, Diff: 0.1, Sum: 0.5]
      [GC Worker Total (ms): Min: 18.0, Avg: 18.0, Max: 18.1, Diff: 0.1, Sum: 144.2]
      [GC Worker End (ms): Min: 1528114828.3, Avg: 1528114828.3, Max: 1528114828.4, Diff: 0.1]
   [Code Root Fixup: 0.2 ms]
   [Code Root Purge: 0.0 ms]
   [Clear CT: 0.3 ms]
   [Other: 1.6 ms]
      [Choose CSet: 0.0 ms]
      [Ref Proc: 0.3 ms]
      [Ref Enq: 0.0 ms]
      [Redirty Cards: 0.2 ms]
      [Humongous Reclaim: 0.0 ms]
      [Free CSet: 0.6 ms]
   [Eden: 2212.0M(2212.0M)->0.0B(2212.0M) Survivors: 36.0M->36.0M Heap: 2420.0M(4500.0M)->208.8M(4500.0M)]
Heap after GC invocations=33388 (full 1):
 garbage-first heap   total 4608000K, used 213802K [0x00000006a6c00000, 0x00000006a7002328, 0x00000007c0000000)
  region size 4096K, 9 young (36864K), 9 survivors (36864K)
 Metaspace       used 124684K, capacity 128512K, committed 129664K, reserved 1165312K
  class space    used 13845K, capacity 14510K, committed 14720K, reserved 1048576K
}
 [Times: user=0.12 sys=0.03, real=0.02 secs] 
{Heap before GC invocations=33388 (full 1):
 garbage-first heap   total 4608000K, used 2478890K [0x00000006a6c00000, 0x00000006a7002328, 0x00000007c0000000)
  region size 4096K, 562 young (2301952K), 9 survivors (36864K)
 Metaspace       used 124684K, capacity 128512K, committed 129664K, reserved 1165312K
  class space    used 13845K, capacity 14510K, committed 14720K, reserved 1048576K
2019-04-29T09:02:31.191+0800: 1528160.410: [GC pause (G1 Evacuation Pause) (young)
Desired survivor size 148897792 bytes, new threshold 15 (max 15)
- age   1:   17644440 bytes,   17644440 total
- age   2:     356416 bytes,   18000856 total
- age   3:     645272 bytes,   18646128 total
- age   4:     281856 bytes,   18927984 total
- age   5:     979432 bytes,   19907416 total
- age   6:     754896 bytes,   20662312 total
- age   7:     598720 bytes,   21261032 total
- age   8:     508744 bytes,   21769776 total
- age   9:     215536 bytes,   21985312 total
- age  10:     194376 bytes,   22179688 total
- age  11:     267136 bytes,   22446824 total
- age  12:     310680 bytes,   22757504 total
- age  13:     386944 bytes,   23144448 total
- age  14:     666096 bytes,   23810544 total
- age  15:     517960 bytes,   24328504 total
 1528160.410: [G1Ergonomics (CSet Construction) start choosing CSet, _pending_cards: 23682, predicted base time: 7.54 ms, remaining time: 52.46 ms, target pause time: 60.00 ms]
 1528160.410: [G1Ergonomics (CSet Construction) add young regions to CSet, eden: 553 regions, survivors: 9 regions, predicted young region time: 69.35 ms]
 1528160.410: [G1Ergonomics (CSet Construction) finish choosing CSet, eden: 553 regions, survivors: 9 regions, old: 0 regions, predicted pause time: 76.89 ms, target pause time: 60.00 ms]
, 0.0245298 secs]
   [Parallel Time: 22.2 ms, GC Workers: 8]
      [GC Worker Start (ms): Min: 1528160410.2, Avg: 1528160410.3, Max: 1528160410.3, Diff: 0.1]
      [Ext Root Scanning (ms): Min: 1.1, Avg: 1.4, Max: 2.2, Diff: 1.2, Sum: 10.9]
      [Update RS (ms): Min: 4.2, Avg: 4.8, Max: 5.1, Diff: 0.9, Sum: 38.3]
         [Processed Buffers: Min: 14, Avg: 24.0, Max: 33, Diff: 19, Sum: 192]
      [Scan RS (ms): Min: 0.0, Avg: 0.1, Max: 0.1, Diff: 0.1, Sum: 0.7]
      [Code Root Scanning (ms): Min: 0.0, Avg: 0.0, Max: 0.0, Diff: 0.0, Sum: 0.0]
      [Object Copy (ms): Min: 15.5, Avg: 15.7, Max: 15.8, Diff: 0.3, Sum: 125.6]
      [Termination (ms): Min: 0.0, Avg: 0.0, Max: 0.0, Diff: 0.0, Sum: 0.1]
      [GC Worker Other (ms): Min: 0.0, Avg: 0.1, Max: 0.1, Diff: 0.1, Sum: 0.5]
      [GC Worker Total (ms): Min: 21.9, Avg: 22.0, Max: 22.1, Diff: 0.2, Sum: 176.1]
      [GC Worker End (ms): Min: 1528160432.2, Avg: 1528160432.3, Max: 1528160432.3, Diff: 0.1]
   [Code Root Fixup: 0.3 ms]
   [Code Root Purge: 0.0 ms]
   [Clear CT: 0.3 ms]
   [Other: 1.8 ms]
      [Choose CSet: 0.0 ms]
      [Ref Proc: 0.2 ms]
      [Ref Enq: 0.0 ms]
      [Redirty Cards: 0.1 ms]
      [Humongous Reclaim: 0.0 ms]
      [Free CSet: 0.9 ms]
   [Eden: 2212.0M(2212.0M)->0.0B(2212.0M) Survivors: 36.0M->36.0M Heap: 2420.8M(4500.0M)->209.7M(4500.0M)]
Heap after GC invocations=33389 (full 1):
 garbage-first heap   total 4608000K, used 214685K [0x00000006a6c00000, 0x00000006a7002328, 0x00000007c0000000)
  region size 4096K, 9 young (36864K), 9 survivors (36864K)
 Metaspace       used 124684K, capacity 128512K, committed 129664K, reserved 1165312K
  class space    used 13845K, capacity 14510K, committed 14720K, reserved 1048576K
}
 [Times: user=0.15 sys=0.03, real=0.02 secs] 
{Heap before GC invocations=33389 (full 1):
 garbage-first heap   total 4608000K, used 2479773K [0x00000006a6c00000, 0x00000006a7002328, 0x00000007c0000000)
  region size 4096K, 562 young (2301952K), 9 survivors (36864K)
 Metaspace       used 124684K, capacity 128512K, committed 129664K, reserved 1165312K
  class space    used 13845K, capacity 14510K, committed 14720K, reserved 1048576K
2019-04-29T09:03:30.742+0800: 1528219.960: [GC pause (G1 Evacuation Pause) (young)
Desired survivor size 148897792 bytes, new threshold 15 (max 15)
- age   1:   23591144 bytes,   23591144 total
- age   2:    1238632 bytes,   24829776 total
- age   3:     351672 bytes,   25181448 total
- age   4:     643464 bytes,   25824912 total
- age   5:     281632 bytes,   26106544 total
- age   6:     979432 bytes,   27085976 total
- age   7:     754896 bytes,   27840872 total
- age   8:     598720 bytes,   28439592 total
- age   9:     508632 bytes,   28948224 total
- age  10:     215424 bytes,   29163648 total
- age  11:     194376 bytes,   29358024 total
- age  12:     267136 bytes,   29625160 total
- age  13:     310680 bytes,   29935840 total
- age  14:     386944 bytes,   30322784 total
- age  15:     666096 bytes,   30988880 total
 1528219.960: [G1Ergonomics (CSet Construction) start choosing CSet, _pending_cards: 24440, predicted base time: 7.74 ms, remaining time: 52.26 ms, target pause time: 60.00 ms]
 1528219.960: [G1Ergonomics (CSet Construction) add young regions to CSet, eden: 553 regions, survivors: 9 regions, predicted young region time: 129.05 ms]
 1528219.960: [G1Ergonomics (CSet Construction) finish choosing CSet, eden: 553 regions, survivors: 9 regions, old: 0 regions, predicted pause time: 136.80 ms, target pause time: 60.00 ms]
, 0.0195936 secs]
   [Parallel Time: 17.7 ms, GC Workers: 8]
      [GC Worker Start (ms): Min: 1528219960.6, Avg: 1528219960.7, Max: 1528219960.7, Diff: 0.1]
      [Ext Root Scanning (ms): Min: 1.1, Avg: 1.3, Max: 2.0, Diff: 0.9, Sum: 10.8]
      [Update RS (ms): Min: 4.2, Avg: 4.8, Max: 5.1, Diff: 0.9, Sum: 38.1]
         [Processed Buffers: Min: 15, Avg: 24.5, Max: 38, Diff: 23, Sum: 196]
      [Scan RS (ms): Min: 0.0, Avg: 0.1, Max: 0.1, Diff: 0.1, Sum: 0.6]
      [Code Root Scanning (ms): Min: 0.0, Avg: 0.0, Max: 0.0, Diff: 0.0, Sum: 0.0]
      [Object Copy (ms): Min: 11.2, Avg: 11.3, Max: 11.4, Diff: 0.2, Sum: 90.5]
      [Termination (ms): Min: 0.0, Avg: 0.0, Max: 0.0, Diff: 0.0, Sum: 0.0]
      [GC Worker Other (ms): Min: 0.0, Avg: 0.0, Max: 0.1, Diff: 0.1, Sum: 0.3]
      [GC Worker Total (ms): Min: 17.5, Avg: 17.6, Max: 17.6, Diff: 0.1, Sum: 140.5]
      [GC Worker End (ms): Min: 1528219978.2, Avg: 1528219978.2, Max: 1528219978.2, Diff: 0.1]
   [Code Root Fixup: 0.2 ms]
   [Code Root Purge: 0.0 ms]
   [Clear CT: 0.3 ms]
   [Other: 1.4 ms]
      [Choose CSet: 0.0 ms]
      [Ref Proc: 0.2 ms]
      [Ref Enq: 0.0 ms]
      [Redirty Cards: 0.1 ms]
      [Humongous Reclaim: 0.0 ms]
      [Free CSet: 0.6 ms]
   [Eden: 2212.0M(2212.0M)->0.0B(2212.0M) Survivors: 36.0M->36.0M Heap: 2421.7M(4500.0M)->210.5M(4500.0M)]
Heap after GC invocations=33390 (full 1):
 garbage-first heap   total 4608000K, used 215527K [0x00000006a6c00000, 0x00000006a7002328, 0x00000007c0000000)
  region size 4096K, 9 young (36864K), 9 survivors (36864K)
 Metaspace       used 124684K, capacity 128512K, committed 129664K, reserved 1165312K
  class space    used 13845K, capacity 14510K, committed 14720K, reserved 1048576K
}
 [Times: user=0.12 sys=0.02, real=0.02 secs] 
{Heap before GC invocations=33390 (full 1):
 garbage-first heap   total 4608000K, used 2480615K [0x00000006a6c00000, 0x00000006a7002328, 0x00000007c0000000)
  region size 4096K, 562 young (2301952K), 9 survivors (36864K)
 Metaspace       used 124684K, capacity 128512K, committed 129664K, reserved 1165312K
  class space    used 13845K, capacity 14510K, committed 14720K, reserved 1048576K
2019-04-29T09:04:21.578+0800: 1528270.796: [GC pause (G1 Evacuation Pause) (young)
Desired survivor size 148897792 bytes, new threshold 15 (max 15)
- age   1:   17537328 bytes,   17537328 total
- age   2:     408280 bytes,   17945608 total
- age   3:     435208 bytes,   18380816 total
- age   4:     299784 bytes,   18680600 total
- age   5:     640056 bytes,   19320656 total
- age   6:     281408 bytes,   19602064 total
- age   7:     979096 bytes,   20581160 total
- age   8:     754864 bytes,   21336024 total
- age   9:     598608 bytes,   21934632 total
- age  10:     508632 bytes,   22443264 total
- age  11:     214528 bytes,   22657792 total
- age  12:     194376 bytes,   22852168 total
- age  13:     267136 bytes,   23119304 total
- age  14:     310680 bytes,   23429984 total
- age  15:     386944 bytes,   23816928 total
 1528270.797: [G1Ergonomics (CSet Construction) start choosing CSet, _pending_cards: 23996, predicted base time: 7.58 ms, remaining time: 52.42 ms, target pause time: 60.00 ms]
 1528270.797: [G1Ergonomics (CSet Construction) add young regions to CSet, eden: 553 regions, survivors: 9 regions, predicted young region time: 109.43 ms]
 1528270.797: [G1Ergonomics (CSet Construction) finish choosing CSet, eden: 553 regions, survivors: 9 regions, old: 0 regions, predicted pause time: 117.01 ms, target pause time: 60.00 ms]
, 0.0239061 secs]
   [Parallel Time: 21.7 ms, GC Workers: 8]
      [GC Worker Start (ms): Min: 1528270796.9, Avg: 1528270796.9, Max: 1528270796.9, Diff: 0.1]
      [Ext Root Scanning (ms): Min: 1.1, Avg: 1.3, Max: 2.1, Diff: 1.0, Sum: 10.5]
      [Update RS (ms): Min: 4.2, Avg: 4.7, Max: 5.0, Diff: 0.8, Sum: 37.4]
         [Processed Buffers: Min: 14, Avg: 23.9, Max: 40, Diff: 26, Sum: 191]
      [Scan RS (ms): Min: 0.0, Avg: 0.1, Max: 0.1, Diff: 0.1, Sum: 0.7]
      [Code Root Scanning (ms): Min: 0.0, Avg: 0.0, Max: 0.0, Diff: 0.0, Sum: 0.0]
      [Object Copy (ms): Min: 15.3, Avg: 15.4, Max: 15.5, Diff: 0.2, Sum: 123.5]
      [Termination (ms): Min: 0.0, Avg: 0.0, Max: 0.0, Diff: 0.0, Sum: 0.0]
      [GC Worker Other (ms): Min: 0.0, Avg: 0.1, Max: 0.1, Diff: 0.1, Sum: 0.4]
      [GC Worker Total (ms): Min: 21.5, Avg: 21.6, Max: 21.6, Diff: 0.1, Sum: 172.6]
      [GC Worker End (ms): Min: 1528270818.4, Avg: 1528270818.5, Max: 1528270818.5, Diff: 0.1]
   [Code Root Fixup: 0.3 ms]
   [Code Root Purge: 0.0 ms]
   [Clear CT: 0.3 ms]
   [Other: 1.6 ms]
      [Choose CSet: 0.0 ms]
      [Ref Proc: 0.3 ms]
      [Ref Enq: 0.0 ms]
      [Redirty Cards: 0.1 ms]
      [Humongous Reclaim: 0.0 ms]
      [Free CSet: 0.6 ms]
   [Eden: 2212.0M(2212.0M)->0.0B(2204.0M) Survivors: 36.0M->44.0M Heap: 2422.5M(4500.0M)->219.3M(4500.0M)]
Heap after GC invocations=33391 (full 1):
 garbage-first heap   total 4608000K, used 224524K [0x00000006a6c00000, 0x00000006a7002328, 0x00000007c0000000)
  region size 4096K, 11 young (45056K), 11 survivors (45056K)
 Metaspace       used 124684K, capacity 128512K, committed 129664K, reserved 1165312K
  class space    used 13845K, capacity 14510K, committed 14720K, reserved 1048576K
}
 [Times: user=0.14 sys=0.04, real=0.03 secs] 
{Heap before GC invocations=33391 (full 1):
 garbage-first heap   total 4608000K, used 2481420K [0x00000006a6c00000, 0x00000006a7002328, 0x00000007c0000000)
  region size 4096K, 562 young (2301952K), 11 survivors (45056K)
 Metaspace       used 124684K, capacity 128512K, committed 129664K, reserved 1165312K
  class space    used 13845K, capacity 14510K, committed 14720K, reserved 1048576K
2019-04-29T09:05:02.721+0800: 1528311.939: [GC pause (G1 Evacuation Pause) (young)
Desired survivor size 148897792 bytes, new threshold 15 (max 15)
- age   1:   26049752 bytes,   26049752 total
- age   2:    1046560 bytes,   27096312 total
- age   3:     339600 bytes,   27435912 total
- age   4:     431600 bytes,   27867512 total
- age   5:     298744 bytes,   28166256 total
- age   6:     639584 bytes,   28805840 total
- age   7:     281408 bytes,   29087248 total
- age   8:     979096 bytes,   30066344 total
- age   9:     754864 bytes,   30821208 total
- age  10:     592704 bytes,   31413912 total
- age  11:     508632 bytes,   31922544 total
- age  12:     214304 bytes,   32136848 total
- age  13:     194352 bytes,   32331200 total
- age  14:     267136 bytes,   32598336 total
- age  15:     310680 bytes,   32909016 total
 1528311.939: [G1Ergonomics (CSet Construction) start choosing CSet, _pending_cards: 22460, predicted base time: 7.31 ms, remaining time: 52.69 ms, target pause time: 60.00 ms]
 1528311.940: [G1Ergonomics (CSet Construction) add young regions to CSet, eden: 551 regions, survivors: 11 regions, predicted young region time: 208.64 ms]
 1528311.940: [G1Ergonomics (CSet Construction) finish choosing CSet, eden: 551 regions, survivors: 11 regions, old: 0 regions, predicted pause time: 215.95 ms, target pause time: 60.00 ms]
, 0.0184876 secs]
   [Parallel Time: 16.6 ms, GC Workers: 8]
      [GC Worker Start (ms): Min: 1528311939.7, Avg: 1528311939.7, Max: 1528311939.7, Diff: 0.1]
      [Ext Root Scanning (ms): Min: 1.0, Avg: 1.2, Max: 2.0, Diff: 1.0, Sum: 9.8]
      [Update RS (ms): Min: 3.8, Avg: 4.5, Max: 4.8, Diff: 1.1, Sum: 36.0]
         [Processed Buffers: Min: 12, Avg: 23.1, Max: 37, Diff: 25, Sum: 185]
      [Scan RS (ms): Min: 0.0, Avg: 0.1, Max: 0.1, Diff: 0.1, Sum: 0.6]
      [Code Root Scanning (ms): Min: 0.0, Avg: 0.0, Max: 0.0, Diff: 0.0, Sum: 0.0]
      [Object Copy (ms): Min: 10.4, Avg: 10.6, Max: 10.6, Diff: 0.2, Sum: 84.5]
      [Termination (ms): Min: 0.0, Avg: 0.0, Max: 0.0, Diff: 0.0, Sum: 0.0]
      [GC Worker Other (ms): Min: 0.0, Avg: 0.0, Max: 0.1, Diff: 0.0, Sum: 0.3]
      [GC Worker Total (ms): Min: 16.4, Avg: 16.4, Max: 16.5, Diff: 0.1, Sum: 131.3]
      [GC Worker End (ms): Min: 1528311956.1, Avg: 1528311956.1, Max: 1528311956.1, Diff: 0.0]
   [Code Root Fixup: 0.3 ms]
   [Code Root Purge: 0.0 ms]
   [Clear CT: 0.3 ms]
   [Other: 1.4 ms]
      [Choose CSet: 0.0 ms]
      [Ref Proc: 0.2 ms]
      [Ref Enq: 0.0 ms]
      [Redirty Cards: 0.1 ms]
      [Humongous Reclaim: 0.0 ms]
      [Free CSet: 0.6 ms]
   [Eden: 2204.0M(2204.0M)->0.0B(2212.0M) Survivors: 44.0M->36.0M Heap: 2423.3M(4500.0M)->211.7M(4500.0M)]
Heap after GC invocations=33392 (full 1):
 garbage-first heap   total 4608000K, used 216831K [0x00000006a6c00000, 0x00000006a7002328, 0x00000007c0000000)
  region size 4096K, 9 young (36864K), 9 survivors (36864K)
 Metaspace       used 124684K, capacity 128512K, committed 129664K, reserved 1165312K
  class space    used 13845K, capacity 14510K, committed 14720K, reserved 1048576K
}
 [Times: user=0.12 sys=0.02, real=0.01 secs] 
{Heap before GC invocations=33392 (full 1):
 garbage-first heap   total 4608000K, used 2481919K [0x00000006a6c00000, 0x00000006a7002328, 0x00000007c0000000)
  region size 4096K, 562 young (2301952K), 9 survivors (36864K)
 Metaspace       used 124684K, capacity 128512K, committed 129664K, reserved 1165312K
  class space    used 13845K, capacity 14510K, committed 14720K, reserved 1048576K
2019-04-29T09:05:46.609+0800: 1528355.827: [GC pause (G1 Evacuation Pause) (young)
Desired survivor size 148897792 bytes, new threshold 15 (max 15)
- age   1:   14796768 bytes,   14796768 total
- age   2:    1579432 bytes,   16376200 total
- age   3:     480712 bytes,   16856912 total
- age   4:     337920 bytes,   17194832 total
- age   5:     431008 bytes,   17625840 total
- age   6:     298072 bytes,   17923912 total
- age   7:     639248 bytes,   18563160 total
- age   8:     281184 bytes,   18844344 total
- age   9:     978872 bytes,   19823216 total
- age  10:     754864 bytes,   20578080 total
- age  11:     592704 bytes,   21170784 total
- age  12:     508632 bytes,   21679416 total
- age  13:     214080 bytes,   21893496 total
- age  14:     194352 bytes,   22087848 total
- age  15:     267136 bytes,   22354984 total
 1528355.828: [G1Ergonomics (CSet Construction) start choosing CSet, _pending_cards: 23564, predicted base time: 7.48 ms, remaining time: 52.52 ms, target pause time: 60.00 ms]
 1528355.828: [G1Ergonomics (CSet Construction) add young regions to CSet, eden: 553 regions, survivors: 9 regions, predicted young region time: 159.34 ms]
 1528355.828: [G1Ergonomics (CSet Construction) finish choosing CSet, eden: 553 regions, survivors: 9 regions, old: 0 regions, predicted pause time: 166.82 ms, target pause time: 60.00 ms]
, 0.0215810 secs]
   [Parallel Time: 19.5 ms, GC Workers: 8]
      [GC Worker Start (ms): Min: 1528355827.9, Avg: 1528355827.9, Max: 1528355827.9, Diff: 0.1]
      [Ext Root Scanning (ms): Min: 1.0, Avg: 1.6, Max: 4.6, Diff: 3.5, Sum: 12.7]
      [Update RS (ms): Min: 1.7, Avg: 4.6, Max: 5.2, Diff: 3.5, Sum: 36.4]
         [Processed Buffers: Min: 10, Avg: 23.9, Max: 40, Diff: 30, Sum: 191]
      [Scan RS (ms): Min: 0.0, Avg: 0.1, Max: 0.1, Diff: 0.1, Sum: 0.7]
      [Code Root Scanning (ms): Min: 0.0, Avg: 0.0, Max: 0.0, Diff: 0.0, Sum: 0.0]
      [Object Copy (ms): Min: 13.0, Avg: 13.1, Max: 13.2, Diff: 0.2, Sum: 104.8]
      [Termination (ms): Min: 0.0, Avg: 0.0, Max: 0.0, Diff: 0.0, Sum: 0.0]
      [GC Worker Other (ms): Min: 0.0, Avg: 0.0, Max: 0.1, Diff: 0.0, Sum: 0.3]
      [GC Worker Total (ms): Min: 19.3, Avg: 19.4, Max: 19.4, Diff: 0.1, Sum: 155.0]
      [GC Worker End (ms): Min: 1528355847.2, Avg: 1528355847.3, Max: 1528355847.3, Diff: 0.0]
   [Code Root Fixup: 0.3 ms]
   [Code Root Purge: 0.0 ms]
   [Clear CT: 0.3 ms]
   [Other: 1.6 ms]
      [Choose CSet: 0.0 ms]
      [Ref Proc: 0.2 ms]
      [Ref Enq: 0.0 ms]
      [Redirty Cards: 0.1 ms]
      [Humongous Reclaim: 0.0 ms]
      [Free CSet: 0.6 ms]
   [Eden: 2212.0M(2212.0M)->0.0B(2212.0M) Survivors: 36.0M->36.0M Heap: 2423.7M(4500.0M)->212.2M(4500.0M)]
Heap after GC invocations=33393 (full 1):
 garbage-first heap   total 4608000K, used 217250K [0x00000006a6c00000, 0x00000006a7002328, 0x00000007c0000000)
  region size 4096K, 9 young (36864K), 9 survivors (36864K)
 Metaspace       used 124684K, capacity 128512K, committed 129664K, reserved 1165312K
  class space    used 13845K, capacity 14510K, committed 14720K, reserved 1048576K
}
 [Times: user=0.15 sys=0.00, real=0.03 secs] 
{Heap before GC invocations=33393 (full 1):
 garbage-first heap   total 4608000K, used 2482338K [0x00000006a6c00000, 0x00000006a7002328, 0x00000007c0000000)
  region size 4096K, 562 young (2301952K), 9 survivors (36864K)
 Metaspace       used 124684K, capacity 128512K, committed 129664K, reserved 1165312K
  class space    used 13845K, capacity 14510K, committed 14720K, reserved 1048576K
2019-04-29T09:06:32.019+0800: 1528401.238: [GC pause (G1 Evacuation Pause) (young)
Desired survivor size 148897792 bytes, new threshold 15 (max 15)
- age   1:   20222560 bytes,   20222560 total
- age   2:    1094864 bytes,   21317424 total
- age   3:     314320 bytes,   21631744 total
- age   4:     466080 bytes,   22097824 total
- age   5:     336040 bytes,   22433864 total
- age   6:     430784 bytes,   22864648 total
- age   7:     278488 bytes,   23143136 total
- age   8:     611304 bytes,   23754440 total
- age   9:     263808 bytes,   24018248 total
- age  10:     950816 bytes,   24969064 total
- age  11:     754832 bytes,   25723896 total
- age  12:     592680 bytes,   26316576 total
- age  13:     508632 bytes,   26825208 total
- age  14:     214080 bytes,   27039288 total
- age  15:     194352 bytes,   27233640 total
 1528401.238: [G1Ergonomics (CSet Construction) start choosing CSet, _pending_cards: 22462, predicted base time: 7.33 ms, remaining time: 52.67 ms, target pause time: 60.00 ms]
 1528401.238: [G1Ergonomics (CSet Construction) add young regions to CSet, eden: 553 regions, survivors: 9 regions, predicted young region time: 182.72 ms]
 1528401.238: [G1Ergonomics (CSet Construction) finish choosing CSet, eden: 553 regions, survivors: 9 regions, old: 0 regions, predicted pause time: 190.05 ms, target pause time: 60.00 ms]
, 0.0224719 secs]
   [Parallel Time: 20.5 ms, GC Workers: 8]
      [GC Worker Start (ms): Min: 1528401238.5, Avg: 1528401238.5, Max: 1528401238.5, Diff: 0.1]
      [Ext Root Scanning (ms): Min: 1.1, Avg: 1.3, Max: 2.0, Diff: 1.0, Sum: 10.1]
      [Update RS (ms): Min: 3.7, Avg: 4.4, Max: 4.8, Diff: 1.0, Sum: 35.4]
         [Processed Buffers: Min: 14, Avg: 23.1, Max: 34, Diff: 20, Sum: 185]
      [Scan RS (ms): Min: 0.0, Avg: 0.1, Max: 0.1, Diff: 0.1, Sum: 0.6]
      [Code Root Scanning (ms): Min: 0.0, Avg: 0.0, Max: 0.0, Diff: 0.0, Sum: 0.0]
      [Object Copy (ms): Min: 14.5, Avg: 14.6, Max: 14.6, Diff: 0.1, Sum: 116.6]
      [Termination (ms): Min: 0.0, Avg: 0.0, Max: 0.0, Diff: 0.0, Sum: 0.0]
      [GC Worker Other (ms): Min: 0.0, Avg: 0.0, Max: 0.1, Diff: 0.1, Sum: 0.3]
      [GC Worker Total (ms): Min: 20.3, Avg: 20.4, Max: 20.4, Diff: 0.1, Sum: 163.1]
      [GC Worker End (ms): Min: 1528401258.9, Avg: 1528401258.9, Max: 1528401258.9, Diff: 0.0]
   [Code Root Fixup: 0.3 ms]
   [Code Root Purge: 0.0 ms]
   [Clear CT: 0.2 ms]
   [Other: 1.5 ms]
      [Choose CSet: 0.0 ms]
      [Ref Proc: 0.2 ms]
      [Ref Enq: 0.0 ms]
      [Redirty Cards: 0.1 ms]
      [Humongous Reclaim: 0.0 ms]
      [Free CSet: 0.6 ms]
   [Eden: 2212.0M(2212.0M)->0.0B(2208.0M) Survivors: 36.0M->40.0M Heap: 2424.2M(4500.0M)->216.5M(4500.0M)]
Heap after GC invocations=33394 (full 1):
 garbage-first heap   total 4608000K, used 221676K [0x00000006a6c00000, 0x00000006a7002328, 0x00000007c0000000)
  region size 4096K, 10 young (40960K), 10 survivors (40960K)
 Metaspace       used 124684K, capacity 128512K, committed 129664K, reserved 1165312K
  class space    used 13845K, capacity 14510K, committed 14720K, reserved 1048576K
}
 [Times: user=0.13 sys=0.02, real=0.03 secs] 
{Heap before GC invocations=33394 (full 1):
 garbage-first heap   total 4608000K, used 2482668K [0x00000006a6c00000, 0x00000006a7002328, 0x00000007c0000000)
  region size 4096K, 562 young (2301952K), 10 survivors (40960K)
 Metaspace       used 124684K, capacity 128512K, committed 129664K, reserved 1165312K
  class space    used 13845K, capacity 14510K, committed 14720K, reserved 1048576K
2019-04-29T09:07:29.117+0800: 1528458.335: [GC pause (G1 Evacuation Pause) (young)
Desired survivor size 148897792 bytes, new threshold 15 (max 15)
- age   1:   23369496 bytes,   23369496 total
- age   2:    1622416 bytes,   24991912 total
- age   3:     270456 bytes,   25262368 total
- age   4:     312912 bytes,   25575280 total
- age   5:     463376 bytes,   26038656 total
- age   6:     335160 bytes,   26373816 total
- age   7:     430312 bytes,   26804128 total
- age   8:     275000 bytes,   27079128 total
- age   9:     609656 bytes,   27688784 total
- age  10:     260608 bytes,   27949392 total
- age  11:     950352 bytes,   28899744 total
- age  12:     754832 bytes,   29654576 total
- age  13:     592680 bytes,   30247256 total
- age  14:     508632 bytes,   30755888 total
- age  15:     214080 bytes,   30969968 total
 1528458.336: [G1Ergonomics (CSet Construction) start choosing CSet, _pending_cards: 23287, predicted base time: 7.42 ms, remaining time: 52.58 ms, target pause time: 60.00 ms]
 1528458.336: [G1Ergonomics (CSet Construction) add young regions to CSet, eden: 552 regions, survivors: 10 regions, predicted young region time: 156.79 ms]
 1528458.336: [G1Ergonomics (CSet Construction) finish choosing CSet, eden: 552 regions, survivors: 10 regions, old: 0 regions, predicted pause time: 164.21 ms, target pause time: 60.00 ms]
, 0.0194989 secs]
   [Parallel Time: 17.6 ms, GC Workers: 8]
      [GC Worker Start (ms): Min: 1528458335.7, Avg: 1528458335.8, Max: 1528458335.8, Diff: 0.1]
      [Ext Root Scanning (ms): Min: 1.0, Avg: 1.2, Max: 2.2, Diff: 1.2, Sum: 9.9]
      [Update RS (ms): Min: 3.8, Avg: 4.6, Max: 5.0, Diff: 1.2, Sum: 36.8]
         [Processed Buffers: Min: 16, Avg: 23.0, Max: 36, Diff: 20, Sum: 184]
      [Scan RS (ms): Min: 0.0, Avg: 0.1, Max: 0.1, Diff: 0.1, Sum: 0.6]
      [Code Root Scanning (ms): Min: 0.0, Avg: 0.0, Max: 0.0, Diff: 0.0, Sum: 0.0]
      [Object Copy (ms): Min: 11.4, Avg: 11.5, Max: 11.5, Diff: 0.2, Sum: 91.6]
      [Termination (ms): Min: 0.0, Avg: 0.0, Max: 0.0, Diff: 0.0, Sum: 0.0]
      [GC Worker Other (ms): Min: 0.0, Avg: 0.1, Max: 0.1, Diff: 0.1, Sum: 0.5]
      [GC Worker Total (ms): Min: 17.4, Avg: 17.4, Max: 17.5, Diff: 0.1, Sum: 139.5]
      [GC Worker End (ms): Min: 1528458353.2, Avg: 1528458353.2, Max: 1528458353.2, Diff: 0.1]
   [Code Root Fixup: 0.2 ms]
   [Code Root Purge: 0.0 ms]
   [Clear CT: 0.3 ms]
   [Other: 1.4 ms]
      [Choose CSet: 0.0 ms]
      [Ref Proc: 0.2 ms]
      [Ref Enq: 0.0 ms]
      [Redirty Cards: 0.1 ms]
      [Humongous Reclaim: 0.0 ms]
      [Free CSet: 0.6 ms]
   [Eden: 2208.0M(2208.0M)->0.0B(2212.0M) Survivors: 40.0M->36.0M Heap: 2424.5M(4500.0M)->212.8M(4500.0M)]
Heap after GC invocations=33395 (full 1):
 garbage-first heap   total 4608000K, used 217857K [0x00000006a6c00000, 0x00000006a7002328, 0x00000007c0000000)
  region size 4096K, 9 young (36864K), 9 survivors (36864K)
 Metaspace       used 124684K, capacity 128512K, committed 129664K, reserved 1165312K
  class space    used 13845K, capacity 14510K, committed 14720K, reserved 1048576K
}
 [Times: user=0.11 sys=0.03, real=0.02 secs] 
{Heap before GC invocations=33395 (full 1):
 garbage-first heap   total 4608000K, used 2482945K [0x00000006a6c00000, 0x00000006a7002328, 0x00000007c0000000)
  region size 4096K, 562 young (2301952K), 9 survivors (36864K)
 Metaspace       used 124684K, capacity 128512K, committed 129664K, reserved 1165312K
  class space    used 13845K, capacity 14510K, committed 14720K, reserved 1048576K
2019-04-29T09:08:11.458+0800: 1528500.676: [GC pause (G1 Evacuation Pause) (young)
Desired survivor size 148897792 bytes, new threshold 15 (max 15)
- age   1:   17279816 bytes,   17279816 total
- age   2:     593440 bytes,   17873256 total
- age   3:     620616 bytes,   18493872 total
- age   4:     269376 bytes,   18763248 total
- age   5:     311248 bytes,   19074496 total
- age   6:     461560 bytes,   19536056 total
- age   7:     335048 bytes,   19871104 total
- age   8:     430312 bytes,   20301416 total
- age   9:     274440 bytes,   20575856 total
- age  10:     609320 bytes,   21185176 total
- age  11:     260608 bytes,   21445784 total
- age  12:     950240 bytes,   22396024 total
- age  13:     754832 bytes,   23150856 total
- age  14:     592680 bytes,   23743536 total
- age  15:     508632 bytes,   24252168 total
 1528500.676: [G1Ergonomics (CSet Construction) start choosing CSet, _pending_cards: 22232, predicted base time: 7.16 ms, remaining time: 52.84 ms, target pause time: 60.00 ms]
 1528500.676: [G1Ergonomics (CSet Construction) add young regions to CSet, eden: 553 regions, survivors: 9 regions, predicted young region time: 119.41 ms]
 1528500.676: [G1Ergonomics (CSet Construction) finish choosing CSet, eden: 553 regions, survivors: 9 regions, old: 0 regions, predicted pause time: 126.57 ms, target pause time: 60.00 ms]
, 0.0228560 secs]
   [Parallel Time: 20.6 ms, GC Workers: 8]
      [GC Worker Start (ms): Min: 1528500676.6, Avg: 1528500676.7, Max: 1528500676.7, Diff: 0.1]
      [Ext Root Scanning (ms): Min: 1.1, Avg: 1.3, Max: 2.2, Diff: 1.1, Sum: 10.8]
      [Update RS (ms): Min: 3.7, Avg: 4.5, Max: 4.9, Diff: 1.2, Sum: 36.3]
         [Processed Buffers: Min: 13, Avg: 22.9, Max: 32, Diff: 19, Sum: 183]
      [Scan RS (ms): Min: 0.0, Avg: 0.1, Max: 0.2, Diff: 0.1, Sum: 0.8]
      [Code Root Scanning (ms): Min: 0.0, Avg: 0.0, Max: 0.0, Diff: 0.0, Sum: 0.0]
      [Object Copy (ms): Min: 14.4, Avg: 14.4, Max: 14.5, Diff: 0.1, Sum: 115.5]
      [Termination (ms): Min: 0.0, Avg: 0.0, Max: 0.0, Diff: 0.0, Sum: 0.0]
      [GC Worker Other (ms): Min: 0.0, Avg: 0.1, Max: 0.1, Diff: 0.1, Sum: 0.4]
      [GC Worker Total (ms): Min: 20.4, Avg: 20.5, Max: 20.6, Diff: 0.1, Sum: 163.9]
      [GC Worker End (ms): Min: 1528500697.1, Avg: 1528500697.1, Max: 1528500697.2, Diff: 0.1]
   [Code Root Fixup: 0.3 ms]
   [Code Root Purge: 0.0 ms]
   [Clear CT: 0.3 ms]
   [Other: 1.6 ms]
      [Choose CSet: 0.0 ms]
      [Ref Proc: 0.3 ms]
      [Ref Enq: 0.0 ms]
      [Redirty Cards: 0.1 ms]
      [Humongous Reclaim: 0.0 ms]
      [Free CSet: 0.6 ms]
   [Eden: 2212.0M(2212.0M)->0.0B(2212.0M) Survivors: 36.0M->36.0M Heap: 2424.8M(4500.0M)->215.3M(4500.0M)]
Heap after GC invocations=33396 (full 1):
 garbage-first heap   total 4608000K, used 220505K [0x00000006a6c00000, 0x00000006a7002328, 0x00000007c0000000)
  region size 4096K, 9 young (36864K), 9 survivors (36864K)
 Metaspace       used 124684K, capacity 128512K, committed 129664K, reserved 1165312K
  class space    used 13845K, capacity 14510K, committed 14720K, reserved 1048576K
}
 [Times: user=0.16 sys=0.00, real=0.03 secs] 
{Heap before GC invocations=33396 (full 1):
 garbage-first heap   total 4608000K, used 2485593K [0x00000006a6c00000, 0x00000006a7002328, 0x00000007c0000000)
  region size 4096K, 562 young (2301952K), 9 survivors (36864K)
 Metaspace       used 124684K, capacity 128512K, committed 129664K, reserved 1165312K
  class space    used 13845K, capacity 14510K, committed 14720K, reserved 1048576K
2019-04-29T09:09:02.316+0800: 1528551.535: [GC pause (G1 Evacuation Pause) (young)
Desired survivor size 148897792 bytes, new threshold 15 (max 15)
- age   1:   20902888 bytes,   20902888 total
- age   2:    1738688 bytes,   22641576 total
- age   3:     382128 bytes,   23023704 total
- age   4:     617688 bytes,   23641392 total
- age   5:     268464 bytes,   23909856 total
- age   6:     311136 bytes,   24220992 total
- age   7:     461448 bytes,   24682440 total
- age   8:     335048 bytes,   25017488 total
- age   9:     430312 bytes,   25447800 total
- age  10:     273768 bytes,   25721568 total
- age  11:     609096 bytes,   26330664 total
- age  12:     260608 bytes,   26591272 total
- age  13:     950240 bytes,   27541512 total
- age  14:     754832 bytes,   28296344 total
- age  15:     592680 bytes,   28889024 total
 1528551.535: [G1Ergonomics (CSet Construction) start choosing CSet, _pending_cards: 23864, predicted base time: 7.64 ms, remaining time: 52.36 ms, target pause time: 60.00 ms]
 1528551.535: [G1Ergonomics (CSet Construction) add young regions to CSet, eden: 553 regions, survivors: 9 regions, predicted young region time: 104.96 ms]
 1528551.535: [G1Ergonomics (CSet Construction) finish choosing CSet, eden: 553 regions, survivors: 9 regions, old: 0 regions, predicted pause time: 112.60 ms, target pause time: 60.00 ms]
, 0.0224238 secs]
   [Parallel Time: 20.4 ms, GC Workers: 8]
      [GC Worker Start (ms): Min: 1528551534.9, Avg: 1528551535.0, Max: 1528551535.0, Diff: 0.1]
      [Ext Root Scanning (ms): Min: 1.1, Avg: 1.4, Max: 2.1, Diff: 1.0, Sum: 10.8]
      [Update RS (ms): Min: 4.4, Avg: 4.9, Max: 5.2, Diff: 0.8, Sum: 39.0]
         [Processed Buffers: Min: 18, Avg: 23.5, Max: 41, Diff: 23, Sum: 188]
      [Scan RS (ms): Min: 0.0, Avg: 0.1, Max: 0.1, Diff: 0.1, Sum: 0.6]
      [Code Root Scanning (ms): Min: 0.0, Avg: 0.0, Max: 0.0, Diff: 0.0, Sum: 0.0]
      [Object Copy (ms): Min: 13.6, Avg: 13.9, Max: 14.0, Diff: 0.4, Sum: 110.9]
      [Termination (ms): Min: 0.0, Avg: 0.0, Max: 0.0, Diff: 0.0, Sum: 0.0]
      [GC Worker Other (ms): Min: 0.0, Avg: 0.1, Max: 0.1, Diff: 0.1, Sum: 0.5]
      [GC Worker Total (ms): Min: 20.2, Avg: 20.2, Max: 20.3, Diff: 0.1, Sum: 161.9]
      [GC Worker End (ms): Min: 1528551555.2, Avg: 1528551555.2, Max: 1528551555.2, Diff: 0.1]
   [Code Root Fixup: 0.3 ms]
   [Code Root Purge: 0.0 ms]
   [Clear CT: 0.3 ms]
   [Other: 1.5 ms]
      [Choose CSet: 0.0 ms]
      [Ref Proc: 0.2 ms]
      [Ref Enq: 0.0 ms]
      [Redirty Cards: 0.1 ms]
      [Humongous Reclaim: 0.0 ms]
      [Free CSet: 0.7 ms]
   [Eden: 2212.0M(2212.0M)->0.0B(2212.0M) Survivors: 36.0M->36.0M Heap: 2427.3M(4500.0M)->216.1M(4500.0M)]
Heap after GC invocations=33397 (full 1):
 garbage-first heap   total 4608000K, used 221332K [0x00000006a6c00000, 0x00000006a7002328, 0x00000007c0000000)
  region size 4096K, 9 young (36864K), 9 survivors (36864K)
 Metaspace       used 124684K, capacity 128512K, committed 129664K, reserved 1165312K
  class space    used 13845K, capacity 14510K, committed 14720K, reserved 1048576K
}
 [Times: user=0.14 sys=0.03, real=0.02 secs] 
{Heap before GC invocations=33397 (full 1):
 garbage-first heap   total 4608000K, used 2486420K [0x00000006a6c00000, 0x00000006a7002328, 0x00000007c0000000)
  region size 4096K, 562 young (2301952K), 9 survivors (36864K)
 Metaspace       used 124684K, capacity 128512K, committed 129664K, reserved 1165312K
  class space    used 13845K, capacity 14510K, committed 14720K, reserved 1048576K
2019-04-29T09:09:53.603+0800: 1528602.822: [GC pause (G1 Evacuation Pause) (young)
Desired survivor size 148897792 bytes, new threshold 15 (max 15)
- age   1:   20931768 bytes,   20931768 total
- age   2:    1037312 bytes,   21969080 total
- age   3:     540680 bytes,   22509760 total
- age   4:     380688 bytes,   22890448 total
- age   5:     544904 bytes,   23435352 total
- age   6:     268016 bytes,   23703368 total
- age   7:     309456 bytes,   24012824 total
- age   8:     461336 bytes,   24474160 total
- age   9:     334936 bytes,   24809096 total
- age  10:     430312 bytes,   25239408 total
- age  11:     273432 bytes,   25512840 total
- age  12:     609096 bytes,   26121936 total
- age  13:     260496 bytes,   26382432 total
- age  14:     950128 bytes,   27332560 total
- age  15:     754832 bytes,   28087392 total
 1528602.822: [G1Ergonomics (CSet Construction) start choosing CSet, _pending_cards: 23672, predicted base time: 7.62 ms, remaining time: 52.38 ms, target pause time: 60.00 ms]
 1528602.822: [G1Ergonomics (CSet Construction) add young regions to CSet, eden: 553 regions, survivors: 9 regions, predicted young region time: 143.11 ms]
 1528602.822: [G1Ergonomics (CSet Construction) finish choosing CSet, eden: 553 regions, survivors: 9 regions, old: 0 regions, predicted pause time: 150.72 ms, target pause time: 60.00 ms]
, 0.0227944 secs]
   [Parallel Time: 20.6 ms, GC Workers: 8]
      [GC Worker Start (ms): Min: 1528602822.4, Avg: 1528602822.5, Max: 1528602822.5, Diff: 0.1]
      [Ext Root Scanning (ms): Min: 1.1, Avg: 1.4, Max: 2.1, Diff: 1.0, Sum: 11.0]
      [Update RS (ms): Min: 4.3, Avg: 4.7, Max: 5.1, Diff: 0.8, Sum: 37.8]
         [Processed Buffers: Min: 15, Avg: 23.5, Max: 44, Diff: 29, Sum: 188]
      [Scan RS (ms): Min: 0.0, Avg: 0.1, Max: 0.1, Diff: 0.1, Sum: 0.6]
      [Code Root Scanning (ms): Min: 0.0, Avg: 0.0, Max: 0.0, Diff: 0.0, Sum: 0.0]
      [Object Copy (ms): Min: 14.0, Avg: 14.2, Max: 14.3, Diff: 0.3, Sum: 113.7]
      [Termination (ms): Min: 0.0, Avg: 0.0, Max: 0.0, Diff: 0.0, Sum: 0.0]
      [GC Worker Other (ms): Min: 0.0, Avg: 0.0, Max: 0.1, Diff: 0.1, Sum: 0.4]
      [GC Worker Total (ms): Min: 20.4, Avg: 20.4, Max: 20.5, Diff: 0.2, Sum: 163.5]
      [GC Worker End (ms): Min: 1528602842.9, Avg: 1528602842.9, Max: 1528602842.9, Diff: 0.1]
   [Code Root Fixup: 0.2 ms]
   [Code Root Purge: 0.0 ms]
   [Clear CT: 0.3 ms]
   [Other: 1.7 ms]
      [Choose CSet: 0.0 ms]
      [Ref Proc: 0.2 ms]
      [Ref Enq: 0.0 ms]
      [Redirty Cards: 0.1 ms]
      [Humongous Reclaim: 0.0 ms]
      [Free CSet: 0.9 ms]
   [Eden: 2212.0M(2212.0M)->0.0B(2212.0M) Survivors: 36.0M->36.0M Heap: 2428.1M(4500.0M)->217.2M(4500.0M)]
Heap after GC invocations=33398 (full 1):
 garbage-first heap   total 4608000K, used 222449K [0x00000006a6c00000, 0x00000006a7002328, 0x00000007c0000000)
  region size 4096K, 9 young (36864K), 9 survivors (36864K)
 Metaspace       used 124684K, capacity 128512K, committed 129664K, reserved 1165312K
  class space    used 13845K, capacity 14510K, committed 14720K, reserved 1048576K
}
 [Times: user=0.13 sys=0.03, real=0.02 secs] 
{Heap before GC invocations=33398 (full 1):
 garbage-first heap   total 4608000K, used 2487537K [0x00000006a6c00000, 0x00000006a7002328, 0x00000007c0000000)
  region size 4096K, 562 young (2301952K), 9 survivors (36864K)
 Metaspace       used 124684K, capacity 128512K, committed 129664K, reserved 1165312K
  class space    used 13845K, capacity 14510K, committed 14720K, reserved 1048576K
2019-04-29T09:10:31.722+0800: 1528640.941: [GC pause (G1 Evacuation Pause) (young)
Desired survivor size 148897792 bytes, new threshold 15 (max 15)
- age   1:   21588288 bytes,   21588288 total
- age   2:    1056216 bytes,   22644504 total
- age   3:     443104 bytes,   23087608 total
- age   4:     539208 bytes,   23626816 total
- age   5:     379576 bytes,   24006392 total
- age   6:     544344 bytes,   24550736 total
- age   7:     267568 bytes,   24818304 total
- age   8:     309456 bytes,   25127760 total
- age   9:     461336 bytes,   25589096 total
- age  10:     334824 bytes,   25923920 total
- age  11:     430312 bytes,   26354232 total
- age  12:     273208 bytes,   26627440 total
- age  13:     609096 bytes,   27236536 total
- age  14:     260496 bytes,   27497032 total
- age  15:     950128 bytes,   28447160 total
 1528640.941: [G1Ergonomics (CSet Construction) start choosing CSet, _pending_cards: 23318, predicted base time: 7.49 ms, remaining time: 52.51 ms, target pause time: 60.00 ms]
 1528640.941: [G1Ergonomics (CSet Construction) add young regions to CSet, eden: 553 regions, survivors: 9 regions, predicted young region time: 131.26 ms]
 1528640.941: [G1Ergonomics (CSet Construction) finish choosing CSet, eden: 553 regions, survivors: 9 regions, old: 0 regions, predicted pause time: 138.75 ms, target pause time: 60.00 ms]
, 0.0237243 secs]
   [Parallel Time: 21.7 ms, GC Workers: 8]
      [GC Worker Start (ms): Min: 1528640941.2, Avg: 1528640941.2, Max: 1528640941.3, Diff: 0.1]
      [Ext Root Scanning (ms): Min: 1.1, Avg: 1.3, Max: 2.1, Diff: 1.1, Sum: 10.5]
      [Update RS (ms): Min: 4.4, Avg: 4.9, Max: 5.2, Diff: 0.8, Sum: 39.3]
         [Processed Buffers: Min: 15, Avg: 23.8, Max: 46, Diff: 31, Sum: 190]
      [Scan RS (ms): Min: 0.0, Avg: 0.1, Max: 0.1, Diff: 0.1, Sum: 0.6]
      [Code Root Scanning (ms): Min: 0.0, Avg: 0.0, Max: 0.0, Diff: 0.0, Sum: 0.0]
      [Object Copy (ms): Min: 15.0, Avg: 15.2, Max: 15.3, Diff: 0.3, Sum: 121.9]
      [Termination (ms): Min: 0.0, Avg: 0.0, Max: 0.0, Diff: 0.0, Sum: 0.0]
      [GC Worker Other (ms): Min: 0.0, Avg: 0.0, Max: 0.1, Diff: 0.1, Sum: 0.4]
      [GC Worker Total (ms): Min: 21.5, Avg: 21.6, Max: 21.7, Diff: 0.1, Sum: 172.8]
      [GC Worker End (ms): Min: 1528640962.8, Avg: 1528640962.8, Max: 1528640962.9, Diff: 0.1]
   [Code Root Fixup: 0.3 ms]
   [Code Root Purge: 0.0 ms]
   [Clear CT: 0.3 ms]
   [Other: 1.4 ms]
      [Choose CSet: 0.0 ms]
      [Ref Proc: 0.2 ms]
      [Ref Enq: 0.0 ms]
      [Redirty Cards: 0.1 ms]
      [Humongous Reclaim: 0.0 ms]
      [Free CSet: 0.6 ms]
   [Eden: 2212.0M(2212.0M)->0.0B(2208.0M) Survivors: 36.0M->40.0M Heap: 2429.2M(4500.0M)->220.4M(4500.0M)]
Heap after GC invocations=33399 (full 1):
 garbage-first heap   total 4608000K, used 225700K [0x00000006a6c00000, 0x00000006a7002328, 0x00000007c0000000)
  region size 4096K, 10 young (40960K), 10 survivors (40960K)
 Metaspace       used 124684K, capacity 128512K, committed 129664K, reserved 1165312K
  class space    used 13845K, capacity 14510K, committed 14720K, reserved 1048576K
}
 [Times: user=0.14 sys=0.04, real=0.02 secs] 
{Heap before GC invocations=33399 (full 1):
 garbage-first heap   total 4608000K, used 2486692K [0x00000006a6c00000, 0x00000006a7002328, 0x00000007c0000000)
  region size 4096K, 562 young (2301952K), 10 survivors (40960K)
 Metaspace       used 124684K, capacity 128512K, committed 129664K, reserved 1165312K
  class space    used 13845K, capacity 14510K, committed 14720K, reserved 1048576K
2019-04-29T09:11:19.705+0800: 1528688.924: [GC pause (G1 Evacuation Pause) (young)
Desired survivor size 148897792 bytes, new threshold 15 (max 15)
- age   1:   23233504 bytes,   23233504 total
- age   2:    1556120 bytes,   24789624 total
- age   3:     442584 bytes,   25232208 total
- age   4:     430784 bytes,   25662992 total
- age   5:     538312 bytes,   26201304 total
- age   6:     378904 bytes,   26580208 total
- age   7:     542968 bytes,   27123176 total
- age   8:     267008 bytes,   27390184 total
- age   9:     309344 bytes,   27699528 total
- age  10:     459416 bytes,   28158944 total
- age  11:     334712 bytes,   28493656 total
- age  12:     430200 bytes,   28923856 total
- age  13:     270768 bytes,   29194624 total
- age  14:     608984 bytes,   29803608 total
- age  15:     260272 bytes,   30063880 total
 1528688.924: [G1Ergonomics (CSet Construction) start choosing CSet, _pending_cards: 24583, predicted base time: 7.81 ms, remaining time: 52.19 ms, target pause time: 60.00 ms]
 1528688.924: [G1Ergonomics (CSet Construction) add young regions to CSet, eden: 552 regions, survivors: 10 regions, predicted young region time: 125.75 ms]
 1528688.924: [G1Ergonomics (CSet Construction) finish choosing CSet, eden: 552 regions, survivors: 10 regions, old: 0 regions, predicted pause time: 133.56 ms, target pause time: 60.00 ms]
, 0.0211656 secs]
   [Parallel Time: 19.0 ms, GC Workers: 8]
      [GC Worker Start (ms): Min: 1528688924.1, Avg: 1528688924.1, Max: 1528688924.2, Diff: 0.1]
      [Ext Root Scanning (ms): Min: 1.1, Avg: 1.7, Max: 4.6, Diff: 3.4, Sum: 13.6]
      [Update RS (ms): Min: 2.1, Avg: 4.9, Max: 5.5, Diff: 3.4, Sum: 38.9]
         [Processed Buffers: Min: 14, Avg: 24.1, Max: 36, Diff: 22, Sum: 193]
      [Scan RS (ms): Min: 0.0, Avg: 0.1, Max: 0.1, Diff: 0.1, Sum: 0.7]
      [Code Root Scanning (ms): Min: 0.0, Avg: 0.0, Max: 0.0, Diff: 0.0, Sum: 0.0]
      [Object Copy (ms): Min: 12.0, Avg: 12.2, Max: 12.3, Diff: 0.3, Sum: 97.3]
      [Termination (ms): Min: 0.0, Avg: 0.0, Max: 0.0, Diff: 0.0, Sum: 0.0]
      [GC Worker Other (ms): Min: 0.0, Avg: 0.0, Max: 0.1, Diff: 0.0, Sum: 0.3]
      [GC Worker Total (ms): Min: 18.8, Avg: 18.9, Max: 18.9, Diff: 0.2, Sum: 150.9]
      [GC Worker End (ms): Min: 1528688943.0, Avg: 1528688943.0, Max: 1528688943.0, Diff: 0.0]
   [Code Root Fixup: 0.3 ms]
   [Code Root Purge: 0.0 ms]
   [Clear CT: 0.3 ms]
   [Other: 1.5 ms]
      [Choose CSet: 0.0 ms]
      [Ref Proc: 0.2 ms]
      [Ref Enq: 0.0 ms]
      [Redirty Cards: 0.1 ms]
      [Humongous Reclaim: 0.0 ms]
      [Free CSet: 0.7 ms]
   [Eden: 2208.0M(2208.0M)->0.0B(2212.0M) Survivors: 40.0M->36.0M Heap: 2428.4M(4500.0M)->217.3M(4500.0M)]
Heap after GC invocations=33400 (full 1):
 garbage-first heap   total 4608000K, used 222472K [0x00000006a6c00000, 0x00000006a7002328, 0x00000007c0000000)
  region size 4096K, 9 young (36864K), 9 survivors (36864K)
 Metaspace       used 124684K, capacity 128512K, committed 129664K, reserved 1165312K
  class space    used 13845K, capacity 14510K, committed 14720K, reserved 1048576K
}
 [Times: user=0.12 sys=0.03, real=0.02 secs] 
{Heap before GC invocations=33400 (full 1):
 garbage-first heap   total 4608000K, used 2487560K [0x00000006a6c00000, 0x00000006a7002328, 0x00000007c0000000)
  region size 4096K, 562 young (2301952K), 9 survivors (36864K)
 Metaspace       used 124684K, capacity 128512K, committed 129664K, reserved 1165312K
  class space    used 13845K, capacity 14510K, committed 14720K, reserved 1048576K
2019-04-29T09:12:11.433+0800: 1528740.652: [GC pause (G1 Evacuation Pause) (young)
Desired survivor size 148897792 bytes, new threshold 15 (max 15)
- age   1:   19531864 bytes,   19531864 total
- age   2:    1045200 bytes,   20577064 total
- age   3:     367480 bytes,   20944544 total
- age   4:     441112 bytes,   21385656 total
- age   5:     429920 bytes,   21815576 total
- age   6:     537864 bytes,   22353440 total
- age   7:     378904 bytes,   22732344 total
- age   8:     499184 bytes,   23231528 total
- age   9:     267008 bytes,   23498536 total
- age  10:     309232 bytes,   23807768 total
- age  11:     459416 bytes,   24267184 total
- age  12:     334712 bytes,   24601896 total
- age  13:     430088 bytes,   25031984 total
- age  14:     270768 bytes,   25302752 total
- age  15:     564608 bytes,   25867360 total
 1528740.652: [G1Ergonomics (CSet Construction) start choosing CSet, _pending_cards: 22918, predicted base time: 7.62 ms, remaining time: 52.38 ms, target pause time: 60.00 ms]
 1528740.652: [G1Ergonomics (CSet Construction) add young regions to CSet, eden: 553 regions, survivors: 9 regions, predicted young region time: 133.95 ms]
 1528740.652: [G1Ergonomics (CSet Construction) finish choosing CSet, eden: 553 regions, survivors: 9 regions, old: 0 regions, predicted pause time: 141.57 ms, target pause time: 60.00 ms]
, 0.0208922 secs]
   [Parallel Time: 18.9 ms, GC Workers: 8]
      [GC Worker Start (ms): Min: 1528740652.3, Avg: 1528740652.4, Max: 1528740652.5, Diff: 0.1]
      [Ext Root Scanning (ms): Min: 1.1, Avg: 1.3, Max: 2.3, Diff: 1.2, Sum: 10.8]
      [Update RS (ms): Min: 3.9, Avg: 4.6, Max: 5.0, Diff: 1.1, Sum: 36.9]
         [Processed Buffers: Min: 14, Avg: 24.5, Max: 33, Diff: 19, Sum: 196]
      [Scan RS (ms): Min: 0.0, Avg: 0.1, Max: 0.1, Diff: 0.1, Sum: 0.7]
      [Code Root Scanning (ms): Min: 0.0, Avg: 0.0, Max: 0.0, Diff: 0.0, Sum: 0.0]
      [Object Copy (ms): Min: 12.5, Avg: 12.7, Max: 12.8, Diff: 0.2, Sum: 101.5]
      [Termination (ms): Min: 0.0, Avg: 0.0, Max: 0.0, Diff: 0.0, Sum: 0.0]
      [GC Worker Other (ms): Min: 0.0, Avg: 0.0, Max: 0.1, Diff: 0.1, Sum: 0.3]
      [GC Worker Total (ms): Min: 18.7, Avg: 18.8, Max: 18.8, Diff: 0.1, Sum: 150.2]
      [GC Worker End (ms): Min: 1528740671.1, Avg: 1528740671.2, Max: 1528740671.2, Diff: 0.0]
   [Code Root Fixup: 0.3 ms]
   [Code Root Purge: 0.0 ms]
   [Clear CT: 0.2 ms]
   [Other: 1.5 ms]
      [Choose CSet: 0.0 ms]
      [Ref Proc: 0.2 ms]
      [Ref Enq: 0.0 ms]
      [Redirty Cards: 0.2 ms]
      [Humongous Reclaim: 0.0 ms]
      [Free CSet: 0.6 ms]
   [Eden: 2212.0M(2212.0M)->0.0B(2212.0M) Survivors: 36.0M->36.0M Heap: 2429.3M(4500.0M)->218.0M(4500.0M)]
Heap after GC invocations=33401 (full 1):
 garbage-first heap   total 4608000K, used 223193K [0x00000006a6c00000, 0x00000006a7002328, 0x00000007c0000000)
  region size 4096K, 9 young (36864K), 9 survivors (36864K)
 Metaspace       used 124684K, capacity 128512K, committed 129664K, reserved 1165312K
  class space    used 13845K, capacity 14510K, committed 14720K, reserved 1048576K
}
 [Times: user=0.12 sys=0.03, real=0.02 secs] 
{Heap before GC invocations=33401 (full 1):
 garbage-first heap   total 4608000K, used 2488281K [0x00000006a6c00000, 0x00000006a7002328, 0x00000007c0000000)
  region size 4096K, 562 young (2301952K), 9 survivors (36864K)
 Metaspace       used 124684K, capacity 128512K, committed 129664K, reserved 1165312K
  class space    used 13845K, capacity 14510K, committed 14720K, reserved 1048576K
2019-04-29T09:13:01.520+0800: 1528790.738: [GC pause (G1 Evacuation Pause) (young)
Desired survivor size 148897792 bytes, new threshold 15 (max 15)
- age   1:   19227328 bytes,   19227328 total
- age   2:    1348320 bytes,   20575648 total
- age   3:     319672 bytes,   20895320 total
- age   4:     358640 bytes,   21253960 total
- age   5:     390400 bytes,   21644360 total
- age   6:     429184 bytes,   22073544 total
- age   7:     537496 bytes,   22611040 total
- age   8:     376968 bytes,   22988008 total
- age   9:     492504 bytes,   23480512 total
- age  10:     266936 bytes,   23747448 total
- age  11:     309232 bytes,   24056680 total
- age  12:     459096 bytes,   24515776 total
- age  13:     334472 bytes,   24850248 total
